[2022-03-12T04:26:32.400+0800][0.016s] Using G1
[2022-03-12T04:26:32.533+0800][0.149s] Version: 17.0.2+8-LTS-86 (release)
[2022-03-12T04:26:32.534+0800][0.149s] CPUs: 8 total, 8 available
[2022-03-12T04:26:32.534+0800][0.149s] Memory: 16075M
[2022-03-12T04:26:32.534+0800][0.149s] Large Page Support: Disabled
[2022-03-12T04:26:32.534+0800][0.150s] NUMA Support: Disabled
[2022-03-12T04:26:32.534+0800][0.150s] Compressed Oops: Enabled (32-bit)
[2022-03-12T04:26:32.534+0800][0.150s] Heap Region Size: 1M
[2022-03-12T04:26:32.534+0800][0.150s] Heap Min Capacity: 512M
[2022-03-12T04:26:32.534+0800][0.150s] Heap Initial Capacity: 512M
[2022-03-12T04:26:32.534+0800][0.150s] Heap Max Capacity: 512M
[2022-03-12T04:26:32.534+0800][0.150s] Pre-touch: Enabled
[2022-03-12T04:26:32.535+0800][0.151s] Parallel Workers: 8
[2022-03-12T04:26:32.535+0800][0.151s] Concurrent Workers: 2
[2022-03-12T04:26:32.535+0800][0.151s] Concurrent Refinement Workers: 8
[2022-03-12T04:26:32.535+0800][0.151s] Periodic GC: Disabled
[2022-03-12T04:26:32.535+0800][0.151s] CDS archive(s) mapped at: [0x0000000800000000-0x0000000800bc0000-0x0000000800bc0000), size 12320768, SharedBaseAddress: 0x0000000800000000, ArchiveRelocationMode: 0.
[2022-03-12T04:26:32.535+0800][0.151s] Compressed class space mapped at: 0x0000000800c00000-0x0000000840c00000, reserved size: 1073741824
[2022-03-12T04:26:32.535+0800][0.151s] Narrow klass base: 0x0000000800000000, Narrow klass shift: 0, Narrow klass range: 0x100000000
[2022-03-12T04:26:33.412+0800][1.030s] GC(0) Pause Young (Normal) (G1 Evacuation Pause)
[2022-03-12T04:26:33.412+0800][1.031s] GC(0) Using 8 workers of 8 for evacuation
[2022-03-12T04:26:33.412+0800][1.034s] GC(0)   Pre Evacuate Collection Set: 0.1ms
[2022-03-12T04:26:33.412+0800][1.034s] GC(0)   Merge Heap Roots: 0.0ms
[2022-03-12T04:26:33.412+0800][1.034s] GC(0)   Evacuate Collection Set: 2.7ms
[2022-03-12T04:26:33.412+0800][1.034s] GC(0)   Post Evacuate Collection Set: 0.3ms
[2022-03-12T04:26:33.412+0800][1.034s] GC(0)   Other: 0.4ms
[2022-03-12T04:26:33.412+0800][1.034s] GC(0) Eden regions: 29->0(39)
[2022-03-12T04:26:33.412+0800][1.034s] GC(0) Survivor regions: 0->4(4)
[2022-03-12T04:26:33.412+0800][1.034s] GC(0) Old regions: 0->1
[2022-03-12T04:26:33.412+0800][1.034s] GC(0) Archive regions: 0->0
[2022-03-12T04:26:33.412+0800][1.034s] GC(0) Humongous regions: 0->0
[2022-03-12T04:26:33.412+0800][1.034s] GC(0) Metaspace: 9643K(9920K)->9643K(9920K) NonClass: 8524K(8704K)->8524K(8704K) Class: 1118K(1216K)->1118K(1216K)
[2022-03-12T04:26:33.412+0800][1.034s] GC(0) Pause Young (Normal) (G1 Evacuation Pause) 29M->4M(512M) 3.593ms
[2022-03-12T04:26:33.412+0800][1.034s] GC(0) User=0.00s Sys=0.00s Real=0.00s
[2022-03-12T04:26:33.934+0800][1.556s] GC(1) Pause Young (Normal) (G1 Evacuation Pause)
[2022-03-12T04:26:33.934+0800][1.556s] GC(1) Using 8 workers of 8 for evacuation
[2022-03-12T04:26:33.948+0800][1.563s] GC(1)   Pre Evacuate Collection Set: 0.1ms
[2022-03-12T04:26:33.948+0800][1.563s] GC(1)   Merge Heap Roots: 0.0ms
[2022-03-12T04:26:33.948+0800][1.563s] GC(1)   Evacuate Collection Set: 6.1ms
[2022-03-12T04:26:33.948+0800][1.563s] GC(1)   Post Evacuate Collection Set: 0.5ms
[2022-03-12T04:26:33.948+0800][1.563s] GC(1)   Other: 0.1ms
[2022-03-12T04:26:33.948+0800][1.563s] GC(1) Eden regions: 37->0(60)
[2022-03-12T04:26:33.948+0800][1.563s] GC(1) Survivor regions: 4->6(6)
[2022-03-12T04:26:33.948+0800][1.563s] GC(1) Old regions: 1->9
[2022-03-12T04:26:33.948+0800][1.563s] GC(1) Archive regions: 0->0
[2022-03-12T04:26:33.948+0800][1.563s] GC(1) Humongous regions: 4->4
[2022-03-12T04:26:33.948+0800][1.563s] GC(1) Metaspace: 15601K(15808K)->15601K(15808K) NonClass: 13778K(13888K)->13778K(13888K) Class: 1822K(1920K)->1822K(1920K)
[2022-03-12T04:26:33.948+0800][1.564s] GC(1) Pause Young (Normal) (G1 Evacuation Pause) 45M->18M(512M) 7.092ms
[2022-03-12T04:26:33.948+0800][1.564s] GC(1) User=0.02s Sys=0.02s Real=0.01s
[2022-03-12T04:26:34.424+0800][2.048s] GC(2) Pause Young (Concurrent Start) (Metadata GC Threshold)
[2022-03-12T04:26:34.424+0800][2.048s] GC(2) Using 8 workers of 8 for evacuation
[2022-03-12T04:26:34.424+0800][2.053s] GC(2)   Pre Evacuate Collection Set: 0.1ms
[2022-03-12T04:26:34.424+0800][2.053s] GC(2)   Merge Heap Roots: 0.0ms
[2022-03-12T04:26:34.424+0800][2.053s] GC(2)   Evacuate Collection Set: 3.8ms
[2022-03-12T04:26:34.424+0800][2.053s] GC(2)   Post Evacuate Collection Set: 0.3ms
[2022-03-12T04:26:34.424+0800][2.053s] GC(2)   Other: 0.2ms
[2022-03-12T04:26:34.424+0800][2.053s] GC(2) Eden regions: 53->0(81)
[2022-03-12T04:26:34.424+0800][2.053s] GC(2) Survivor regions: 6->6(9)
[2022-03-12T04:26:34.424+0800][2.053s] GC(2) Old regions: 9->16
[2022-03-12T04:26:34.424+0800][2.053s] GC(2) Archive regions: 0->0
[2022-03-12T04:26:34.424+0800][2.053s] GC(2) Humongous regions: 4->4
[2022-03-12T04:26:34.424+0800][2.053s] GC(2) Metaspace: 21264K(21504K)->21264K(21504K) NonClass: 18858K(18944K)->18858K(18944K) Class: 2405K(2560K)->2405K(2560K)
[2022-03-12T04:26:34.424+0800][2.053s] GC(2) Pause Young (Concurrent Start) (Metadata GC Threshold) 70M->25M(512M) 4.631ms
[2022-03-12T04:26:34.424+0800][2.053s] GC(2) User=0.00s Sys=0.00s Real=0.00s
[2022-03-12T04:26:34.424+0800][2.053s] GC(3) Concurrent Mark Cycle
[2022-03-12T04:26:34.424+0800][2.053s] GC(3) Concurrent Clear Claimed Marks
[2022-03-12T04:26:34.424+0800][2.053s] GC(3) Concurrent Clear Claimed Marks 0.019ms
[2022-03-12T04:26:34.424+0800][2.053s] GC(3) Concurrent Scan Root Regions
[2022-03-12T04:26:34.440+0800][2.055s] GC(3) Concurrent Scan Root Regions 2.475ms
[2022-03-12T04:26:34.440+0800][2.055s] GC(3) Concurrent Mark
[2022-03-12T04:26:34.440+0800][2.055s] GC(3) Concurrent Mark From Roots
[2022-03-12T04:26:34.440+0800][2.055s] GC(3) Using 2 workers of 2 for marking
[2022-03-12T04:26:34.440+0800][2.064s] GC(3) Concurrent Mark From Roots 8.950ms
[2022-03-12T04:26:34.440+0800][2.064s] GC(3) Concurrent Preclean
[2022-03-12T04:26:34.440+0800][2.064s] GC(3) Concurrent Preclean 0.056ms
[2022-03-12T04:26:34.440+0800][2.064s] GC(3) Pause Remark
[2022-03-12T04:26:34.440+0800][2.065s] GC(3) Pause Remark 27M->27M(512M) 0.892ms
[2022-03-12T04:26:34.440+0800][2.065s] GC(3) User=0.00s Sys=0.00s Real=0.00s
[2022-03-12T04:26:34.440+0800][2.065s] GC(3) Concurrent Mark 10.085ms
[2022-03-12T04:26:34.440+0800][2.065s] GC(3) Concurrent Rebuild Remembered Sets
[2022-03-12T04:26:34.456+0800][2.071s] GC(3) Concurrent Rebuild Remembered Sets 5.856ms
[2022-03-12T04:26:34.456+0800][2.071s] GC(3) Pause Cleanup
[2022-03-12T04:26:34.456+0800][2.072s] GC(3) Pause Cleanup 28M->28M(512M) 0.100ms
[2022-03-12T04:26:34.456+0800][2.072s] GC(3) User=0.00s Sys=0.00s Real=0.00s
[2022-03-12T04:26:34.456+0800][2.072s] GC(3) Concurrent Cleanup for Next Mark
[2022-03-12T04:26:34.456+0800][2.072s] GC(3) Concurrent Cleanup for Next Mark 0.217ms
[2022-03-12T04:26:34.456+0800][2.072s] GC(3) Concurrent Mark Cycle 19.163ms
[2022-03-12T04:26:35.399+0800][3.018s] GC(4) Pause Young (Prepare Mixed) (G1 Evacuation Pause)
[2022-03-12T04:26:35.399+0800][3.019s] GC(4) Using 8 workers of 8 for evacuation
[2022-03-12T04:26:35.399+0800][3.023s] GC(4)   Pre Evacuate Collection Set: 0.1ms
[2022-03-12T04:26:35.399+0800][3.023s] GC(4)   Merge Heap Roots: 0.0ms
[2022-03-12T04:26:35.399+0800][3.023s] GC(4)   Evacuate Collection Set: 3.9ms
[2022-03-12T04:26:35.399+0800][3.023s] GC(4)   Post Evacuate Collection Set: 0.4ms
[2022-03-12T04:26:35.399+0800][3.023s] GC(4)   Other: 0.2ms
[2022-03-12T04:26:35.399+0800][3.023s] GC(4) Eden regions: 81->0(15)
[2022-03-12T04:26:35.399+0800][3.023s] GC(4) Survivor regions: 6->10(11)
[2022-03-12T04:26:35.399+0800][3.023s] GC(4) Old regions: 16->16
[2022-03-12T04:26:35.399+0800][3.023s] GC(4) Archive regions: 0->0
[2022-03-12T04:26:35.399+0800][3.023s] GC(4) Humongous regions: 4->4
[2022-03-12T04:26:35.399+0800][3.023s] GC(4) Metaspace: 32872K(33088K)->32872K(33088K) NonClass: 29082K(29184K)->29082K(29184K) Class: 3789K(3904K)->3789K(3904K)
[2022-03-12T04:26:35.399+0800][3.023s] GC(4) Pause Young (Prepare Mixed) (G1 Evacuation Pause) 106M->29M(512M) 4.796ms
[2022-03-12T04:26:35.399+0800][3.023s] GC(4) User=0.00s Sys=0.00s Real=0.00s
[2022-03-12T04:26:35.547+0800][3.169s] GC(5) Pause Young (Mixed) (G1 Evacuation Pause)
[2022-03-12T04:26:35.547+0800][3.169s] GC(5) Using 8 workers of 8 for evacuation
[2022-03-12T04:26:35.557+0800][3.172s] GC(5)   Pre Evacuate Collection Set: 0.1ms
[2022-03-12T04:26:35.557+0800][3.172s] GC(5)   Merge Heap Roots: 0.0ms
[2022-03-12T04:26:35.557+0800][3.172s] GC(5)   Evacuate Collection Set: 3.0ms
[2022-03-12T04:26:35.557+0800][3.172s] GC(5)   Post Evacuate Collection Set: 0.3ms
[2022-03-12T04:26:35.557+0800][3.172s] GC(5)   Other: 0.1ms
[2022-03-12T04:26:35.557+0800][3.172s] GC(5) Eden regions: 15->0(304)
[2022-03-12T04:26:35.557+0800][3.173s] GC(5) Survivor regions: 10->3(4)
[2022-03-12T04:26:35.557+0800][3.173s] GC(5) Old regions: 16->25
[2022-03-12T04:26:35.557+0800][3.173s] GC(5) Archive regions: 0->0
[2022-03-12T04:26:35.557+0800][3.173s] GC(5) Humongous regions: 5->4
[2022-03-12T04:26:35.557+0800][3.173s] GC(5) Metaspace: 35017K(35264K)->35017K(35264K) NonClass: 30898K(31040K)->30898K(31040K) Class: 4118K(4224K)->4118K(4224K)
[2022-03-12T04:26:35.557+0800][3.173s] GC(5) Pause Young (Mixed) (G1 Evacuation Pause) 45M->31M(512M) 3.594ms
[2022-03-12T04:26:35.557+0800][3.173s] GC(5) User=0.11s Sys=0.00s Real=0.01s
[2022-03-12T04:26:35.624+0800][3.244s] GC(6) Pause Young (Concurrent Start) (Metadata GC Threshold)
[2022-03-12T04:26:35.624+0800][3.244s] GC(6) Using 8 workers of 8 for evacuation
[2022-03-12T04:26:35.624+0800][3.245s] GC(6)   Pre Evacuate Collection Set: 0.1ms
[2022-03-12T04:26:35.624+0800][3.245s] GC(6)   Merge Heap Roots: 0.0ms
[2022-03-12T04:26:35.624+0800][3.245s] GC(6)   Evacuate Collection Set: 1.0ms
[2022-03-12T04:26:35.624+0800][3.245s] GC(6)   Post Evacuate Collection Set: 0.2ms
[2022-03-12T04:26:35.624+0800][3.245s] GC(6)   Other: 0.1ms
[2022-03-12T04:26:35.624+0800][3.245s] GC(6) Eden regions: 10->0(304)
[2022-03-12T04:26:35.624+0800][3.245s] GC(6) Survivor regions: 3->3(39)
[2022-03-12T04:26:35.624+0800][3.245s] GC(6) Old regions: 25->25
[2022-03-12T04:26:35.624+0800][3.245s] GC(6) Archive regions: 0->0
[2022-03-12T04:26:35.624+0800][3.245s] GC(6) Humongous regions: 4->4
[2022-03-12T04:26:35.624+0800][3.245s] GC(6) Metaspace: 36205K(36480K)->36205K(36480K) NonClass: 31938K(32064K)->31938K(32064K) Class: 4266K(4416K)->4266K(4416K)
[2022-03-12T04:26:35.624+0800][3.245s] GC(6) Pause Young (Concurrent Start) (Metadata GC Threshold) 40M->31M(512M) 1.575ms
[2022-03-12T04:26:35.624+0800][3.245s] GC(6) User=0.00s Sys=0.00s Real=0.00s
[2022-03-12T04:26:35.624+0800][3.245s] GC(7) Concurrent Mark Cycle
[2022-03-12T04:26:35.624+0800][3.245s] GC(7) Concurrent Clear Claimed Marks
[2022-03-12T04:26:35.624+0800][3.245s] GC(7) Concurrent Clear Claimed Marks 0.017ms
[2022-03-12T04:26:35.624+0800][3.245s] GC(7) Concurrent Scan Root Regions
[2022-03-12T04:26:35.624+0800][3.246s] GC(7) Concurrent Scan Root Regions 0.605ms
[2022-03-12T04:26:35.624+0800][3.246s] GC(7) Concurrent Mark
[2022-03-12T04:26:35.624+0800][3.246s] GC(7) Concurrent Mark From Roots
[2022-03-12T04:26:35.624+0800][3.246s] GC(7) Using 2 workers of 2 for marking
[2022-03-12T04:26:35.643+0800][3.264s] GC(7) Concurrent Mark From Roots 18.140ms
[2022-03-12T04:26:35.643+0800][3.264s] GC(7) Concurrent Preclean
[2022-03-12T04:26:35.643+0800][3.264s] GC(7) Concurrent Preclean 0.153ms
[2022-03-12T04:26:35.643+0800][3.264s] GC(7) Pause Remark
[2022-03-12T04:26:35.651+0800][3.266s] GC(7) Pause Remark 33M->33M(512M) 1.676ms
[2022-03-12T04:26:35.651+0800][3.266s] GC(7) User=0.11s Sys=0.00s Real=0.01s
[2022-03-12T04:26:35.651+0800][3.266s] GC(7) Concurrent Mark 20.195ms
[2022-03-12T04:26:35.651+0800][3.266s] GC(7) Concurrent Rebuild Remembered Sets
[2022-03-12T04:26:35.659+0800][3.274s] GC(7) Concurrent Rebuild Remembered Sets 8.212ms
[2022-03-12T04:26:35.659+0800][3.275s] GC(7) Pause Cleanup
[2022-03-12T04:26:35.659+0800][3.275s] GC(7) Pause Cleanup 33M->33M(512M) 0.099ms
[2022-03-12T04:26:35.659+0800][3.275s] GC(7) User=0.00s Sys=0.00s Real=0.00s
[2022-03-12T04:26:35.659+0800][3.275s] GC(7) Concurrent Cleanup for Next Mark
[2022-03-12T04:26:35.659+0800][3.275s] GC(7) Concurrent Cleanup for Next Mark 0.215ms
[2022-03-12T04:26:35.659+0800][3.275s] GC(7) Concurrent Mark Cycle 29.663ms
[2022-03-12T04:26:41.759+0800][9.374s] GC(8) Pause Young (Normal) (G1 Evacuation Pause)
[2022-03-12T04:26:41.759+0800][9.374s] GC(8) Using 8 workers of 8 for evacuation
[2022-03-12T04:26:41.810+0800][9.425s] GC(8)   Pre Evacuate Collection Set: 0.1ms
[2022-03-12T04:26:41.810+0800][9.425s] GC(8)   Merge Heap Roots: 0.5ms
[2022-03-12T04:26:41.810+0800][9.425s] GC(8)   Evacuate Collection Set: 49.3ms
[2022-03-12T04:26:41.810+0800][9.425s] GC(8)   Post Evacuate Collection Set: 0.8ms
[2022-03-12T04:26:41.810+0800][9.425s] GC(8)   Other: 0.2ms
[2022-03-12T04:26:41.810+0800][9.425s] GC(8) Eden regions: 251->0(106)
[2022-03-12T04:26:41.810+0800][9.425s] GC(8) Survivor regions: 3->32(32)
[2022-03-12T04:26:41.810+0800][9.425s] GC(8) Old regions: 25->88
[2022-03-12T04:26:41.810+0800][9.425s] GC(8) Archive regions: 0->0
[2022-03-12T04:26:41.810+0800][9.425s] GC(8) Humongous regions: 63->26
[2022-03-12T04:26:41.810+0800][9.425s] GC(8) Metaspace: 48192K(48512K)->48192K(48512K) NonClass: 42386K(42560K)->42386K(42560K) Class: 5806K(5952K)->5806K(5952K)
[2022-03-12T04:26:41.810+0800][9.426s] GC(8) Pause Young (Normal) (G1 Evacuation Pause) 341M->145M(512M) 51.074ms
[2022-03-12T04:26:41.810+0800][9.426s] GC(8) User=0.17s Sys=0.00s Real=0.05s
[2022-03-12T04:26:51.577+0800][19.193s] GC(9) Pause Young (Normal) (G1 Evacuation Pause)
[2022-03-12T04:26:51.578+0800][19.193s] GC(9) Using 8 workers of 8 for evacuation
[2022-03-12T04:26:51.683+0800][19.302s] GC(9)   Pre Evacuate Collection Set: 0.2ms
[2022-03-12T04:26:51.683+0800][19.302s] GC(9)   Merge Heap Roots: 0.3ms
[2022-03-12T04:26:51.683+0800][19.302s] GC(9)   Evacuate Collection Set: 107.5ms
[2022-03-12T04:26:51.683+0800][19.302s] GC(9)   Post Evacuate Collection Set: 0.9ms
[2022-03-12T04:26:51.687+0800][19.302s] GC(9)   Other: 0.4ms
[2022-03-12T04:26:51.687+0800][19.302s] GC(9) Eden regions: 106->0(102)
[2022-03-12T04:26:51.687+0800][19.302s] GC(9) Survivor regions: 32->18(18)
[2022-03-12T04:26:51.687+0800][19.302s] GC(9) Old regions: 88->155
[2022-03-12T04:26:51.687+0800][19.302s] GC(9) Archive regions: 0->0
[2022-03-12T04:26:51.687+0800][19.302s] GC(9) Humongous regions: 52->37
[2022-03-12T04:26:51.687+0800][19.302s] GC(9) Metaspace: 49358K(49728K)->49358K(49728K) NonClass: 43447K(43648K)->43447K(43648K) Class: 5910K(6080K)->5910K(6080K)
[2022-03-12T04:26:51.687+0800][19.303s] GC(9) Pause Young (Normal) (G1 Evacuation Pause) 277M->210M(512M) 109.863ms
[2022-03-12T04:26:51.687+0800][19.303s] GC(9) User=0.77s Sys=0.00s Real=0.11s
[2022-03-12T04:27:16.462+0800][44.079s] GC(10) Pause Young (Normal) (G1 Evacuation Pause)
[2022-03-12T04:27:16.462+0800][44.079s] GC(10) Using 8 workers of 8 for evacuation
[2022-03-12T04:27:16.545+0800][44.160s] GC(10)   Pre Evacuate Collection Set: 0.2ms
[2022-03-12T04:27:16.545+0800][44.160s] GC(10)   Merge Heap Roots: 1.0ms
[2022-03-12T04:27:16.545+0800][44.160s] GC(10)   Evacuate Collection Set: 79.1ms
[2022-03-12T04:27:16.545+0800][44.160s] GC(10)   Post Evacuate Collection Set: 0.6ms
[2022-03-12T04:27:16.545+0800][44.160s] GC(10)   Other: 0.3ms
[2022-03-12T04:27:16.545+0800][44.160s] GC(10) Eden regions: 77->0(92)
[2022-03-12T04:27:16.545+0800][44.160s] GC(10) Survivor regions: 18->12(12)
[2022-03-12T04:27:16.545+0800][44.160s] GC(10) Old regions: 155->200
[2022-03-12T04:27:16.545+0800][44.160s] GC(10) Archive regions: 0->0
[2022-03-12T04:27:16.545+0800][44.160s] GC(10) Humongous regions: 63->48
[2022-03-12T04:27:16.545+0800][44.160s] GC(10) Metaspace: 49431K(49792K)->49431K(49792K) NonClass: 43517K(43712K)->43517K(43712K) Class: 5913K(6080K)->5913K(6080K)
[2022-03-12T04:27:16.545+0800][44.161s] GC(10) Pause Young (Normal) (G1 Evacuation Pause) 313M->260M(512M) 81.478ms
[2022-03-12T04:27:16.545+0800][44.161s] GC(10) User=0.47s Sys=0.03s Real=0.08s
[2022-03-12T04:27:16.586+0800][44.202s] GC(11) Pause Young (Concurrent Start) (G1 Humongous Allocation)
[2022-03-12T04:27:16.586+0800][44.202s] GC(11) Using 8 workers of 8 for evacuation
[2022-03-12T04:27:16.618+0800][44.240s] GC(11)   Pre Evacuate Collection Set: 0.2ms
[2022-03-12T04:27:16.618+0800][44.241s] GC(11)   Merge Heap Roots: 0.3ms
[2022-03-12T04:27:16.618+0800][44.241s] GC(11)   Evacuate Collection Set: 37.3ms
[2022-03-12T04:27:16.618+0800][44.241s] GC(11)   Post Evacuate Collection Set: 0.5ms
[2022-03-12T04:27:16.618+0800][44.241s] GC(11)   Other: 0.5ms
[2022-03-12T04:27:16.618+0800][44.241s] GC(11) Eden regions: 22->0(82)
[2022-03-12T04:27:16.618+0800][44.241s] GC(11) Survivor regions: 12->13(13)
[2022-03-12T04:27:16.618+0800][44.241s] GC(11) Old regions: 200->215
[2022-03-12T04:27:16.618+0800][44.241s] GC(11) Archive regions: 0->0
[2022-03-12T04:27:16.618+0800][44.241s] GC(11) Humongous regions: 48->48
[2022-03-12T04:27:16.618+0800][44.241s] GC(11) Metaspace: 49431K(49792K)->49431K(49792K) NonClass: 43517K(43712K)->43517K(43712K) Class: 5913K(6080K)->5913K(6080K)
[2022-03-12T04:27:16.618+0800][44.241s] GC(11) Pause Young (Concurrent Start) (G1 Humongous Allocation) 281M->275M(512M) 39.218ms
[2022-03-12T04:27:16.618+0800][44.241s] GC(11) User=0.25s Sys=0.00s Real=0.03s
[2022-03-12T04:27:16.618+0800][44.241s] GC(12) Concurrent Mark Cycle
[2022-03-12T04:27:16.618+0800][44.241s] GC(12) Concurrent Clear Claimed Marks
[2022-03-12T04:27:16.618+0800][44.241s] GC(12) Concurrent Clear Claimed Marks 0.075ms
[2022-03-12T04:27:16.618+0800][44.241s] GC(12) Concurrent Scan Root Regions
[2022-03-12T04:27:16.643+0800][44.260s] GC(12) Concurrent Scan Root Regions 18.655ms
[2022-03-12T04:27:16.643+0800][44.260s] GC(12) Concurrent Mark
[2022-03-12T04:27:16.643+0800][44.260s] GC(12) Concurrent Mark From Roots
[2022-03-12T04:27:16.643+0800][44.260s] GC(12) Using 2 workers of 2 for marking
[2022-03-12T04:27:16.940+0800][44.557s] GC(13) Pause Young (Normal) (G1 Evacuation Pause)
[2022-03-12T04:27:16.940+0800][44.557s] GC(13) Using 8 workers of 8 for evacuation
[2022-03-12T04:27:17.020+0800][44.635s] GC(13)   Pre Evacuate Collection Set: 0.1ms
[2022-03-12T04:27:17.020+0800][44.635s] GC(13)   Merge Heap Roots: 0.7ms
[2022-03-12T04:27:17.020+0800][44.635s] GC(13)   Evacuate Collection Set: 76.4ms
[2022-03-12T04:27:17.020+0800][44.635s] GC(13)   Post Evacuate Collection Set: 0.4ms
[2022-03-12T04:27:17.020+0800][44.635s] GC(13)   Other: 0.3ms
[2022-03-12T04:27:17.020+0800][44.635s] GC(13) Eden regions: 77->0(58)
[2022-03-12T04:27:17.020+0800][44.635s] GC(13) Survivor regions: 13->12(12)
[2022-03-12T04:27:17.020+0800][44.635s] GC(13) Old regions: 215->261
[2022-03-12T04:27:17.020+0800][44.635s] GC(13) Archive regions: 0->0
[2022-03-12T04:27:17.020+0800][44.635s] GC(13) Humongous regions: 54->54
[2022-03-12T04:27:17.020+0800][44.635s] GC(13) Metaspace: 49431K(49792K)->49431K(49792K) NonClass: 43517K(43712K)->43517K(43712K) Class: 5913K(6080K)->5913K(6080K)
[2022-03-12T04:27:17.020+0800][44.635s] GC(13) Pause Young (Normal) (G1 Evacuation Pause) 358M->327M(512M) 78.267ms
[2022-03-12T04:27:17.020+0800][44.636s] GC(13) User=0.53s Sys=0.02s Real=0.08s
[2022-03-12T04:27:17.235+0800][44.852s] GC(12) Concurrent Mark From Roots 592.190ms
[2022-03-12T04:27:17.235+0800][44.852s] GC(12) Concurrent Preclean
[2022-03-12T04:27:17.235+0800][44.853s] GC(12) Concurrent Preclean 0.417ms
[2022-03-12T04:27:17.235+0800][44.853s] GC(12) Pause Remark
[2022-03-12T04:27:17.241+0800][44.857s] GC(12) Pause Remark 370M->348M(512M) 3.846ms
[2022-03-12T04:27:17.241+0800][44.857s] GC(12) User=0.11s Sys=0.02s Real=0.01s
[2022-03-12T04:27:17.241+0800][44.857s] GC(12) Concurrent Mark 596.958ms
[2022-03-12T04:27:17.241+0800][44.857s] GC(12) Concurrent Rebuild Remembered Sets
[2022-03-12T04:27:17.486+0800][45.106s] GC(12) Concurrent Rebuild Remembered Sets 248.747ms
[2022-03-12T04:27:17.486+0800][45.106s] GC(12) Pause Cleanup
[2022-03-12T04:27:17.491+0800][45.106s] GC(12) Pause Cleanup 348M->348M(512M) 0.218ms
[2022-03-12T04:27:17.491+0800][45.106s] GC(12) User=0.09s Sys=0.02s Real=0.00s
[2022-03-12T04:27:17.491+0800][45.106s] GC(12) Concurrent Cleanup for Next Mark
[2022-03-12T04:27:17.491+0800][45.107s] GC(12) Concurrent Cleanup for Next Mark 0.299ms
[2022-03-12T04:27:17.491+0800][45.107s] GC(12) Concurrent Mark Cycle 865.610ms
[2022-03-12T04:28:20.853+0800][108.476s] GC(14) Pause Young (Prepare Mixed) (G1 Evacuation Pause)
[2022-03-12T04:28:20.861+0800][108.476s] GC(14) Using 8 workers of 8 for evacuation
[2022-03-12T04:28:20.914+0800][108.530s] GC(14)   Pre Evacuate Collection Set: 0.2ms
[2022-03-12T04:28:20.914+0800][108.530s] GC(14)   Merge Heap Roots: 0.6ms
[2022-03-12T04:28:20.914+0800][108.530s] GC(14)   Evacuate Collection Set: 52.1ms
[2022-03-12T04:28:20.914+0800][108.530s] GC(14)   Post Evacuate Collection Set: 0.6ms
[2022-03-12T04:28:20.914+0800][108.530s] GC(14)   Other: 0.4ms
[2022-03-12T04:28:20.914+0800][108.530s] GC(14) Eden regions: 58->0(16)
[2022-03-12T04:28:20.914+0800][108.530s] GC(14) Survivor regions: 12->9(9)
[2022-03-12T04:28:20.914+0800][108.530s] GC(14) Old regions: 261->291
[2022-03-12T04:28:20.914+0800][108.530s] GC(14) Archive regions: 0->0
[2022-03-12T04:28:20.914+0800][108.530s] GC(14) Humongous regions: 32->32
[2022-03-12T04:28:20.914+0800][108.530s] GC(14) Metaspace: 49772K(50112K)->49772K(50112K) NonClass: 43808K(43968K)->43808K(43968K) Class: 5964K(6144K)->5964K(6144K)
[2022-03-12T04:28:20.914+0800][108.530s] GC(14) Pause Young (Prepare Mixed) (G1 Evacuation Pause) 363M->331M(512M) 54.163ms
[2022-03-12T04:28:20.914+0800][108.530s] GC(14) User=0.48s Sys=0.00s Real=0.06s
[2022-03-12T04:32:20.395+0800][348.018s] GC(15) Pause Young (Mixed) (G1 Evacuation Pause)
[2022-03-12T04:32:20.395+0800][348.018s] GC(15) Using 8 workers of 8 for evacuation
[2022-03-12T04:32:20.429+0800][348.044s] GC(15)   Pre Evacuate Collection Set: 0.2ms
[2022-03-12T04:32:20.429+0800][348.044s] GC(15)   Merge Heap Roots: 0.3ms
[2022-03-12T04:32:20.429+0800][348.044s] GC(15)   Evacuate Collection Set: 24.2ms
[2022-03-12T04:32:20.429+0800][348.044s] GC(15)   Post Evacuate Collection Set: 0.7ms
[2022-03-12T04:32:20.429+0800][348.044s] GC(15)   Other: 0.4ms
[2022-03-12T04:32:20.429+0800][348.044s] GC(15) Eden regions: 16->0(51)
[2022-03-12T04:32:20.429+0800][348.044s] GC(15) Survivor regions: 9->4(4)
[2022-03-12T04:32:20.429+0800][348.044s] GC(15) Old regions: 291->302
[2022-03-12T04:32:20.429+0800][348.044s] GC(15) Archive regions: 0->0
[2022-03-12T04:32:20.429+0800][348.044s] GC(15) Humongous regions: 55->40
[2022-03-12T04:32:20.429+0800][348.044s] GC(15) Metaspace: 49971K(50304K)->49971K(50304K) NonClass: 43980K(44160K)->43980K(44160K) Class: 5990K(6144K)->5990K(6144K)
[2022-03-12T04:32:20.429+0800][348.045s] GC(15) Pause Young (Mixed) (G1 Evacuation Pause) 370M->346M(512M) 26.403ms
[2022-03-12T04:32:20.429+0800][348.045s] GC(15) User=0.20s Sys=0.02s Real=0.03s
[2022-03-12T04:32:20.509+0800][348.125s] GC(16) Pause Young (Concurrent Start) (G1 Humongous Allocation)
[2022-03-12T04:32:20.509+0800][348.125s] GC(16) Using 8 workers of 8 for evacuation
[2022-03-12T04:32:20.528+0800][348.145s] GC(16)   Pre Evacuate Collection Set: 0.2ms
[2022-03-12T04:32:20.528+0800][348.145s] GC(16)   Merge Heap Roots: 0.1ms
[2022-03-12T04:32:20.528+0800][348.145s] GC(16)   Evacuate Collection Set: 18.7ms
[2022-03-12T04:32:20.528+0800][348.145s] GC(16)   Post Evacuate Collection Set: 0.5ms
[2022-03-12T04:32:20.528+0800][348.145s] GC(16)   Other: 0.4ms
[2022-03-12T04:32:20.528+0800][348.145s] GC(16) Eden regions: 18->0(45)
[2022-03-12T04:32:20.528+0800][348.145s] GC(16) Survivor regions: 4->7(7)
[2022-03-12T04:32:20.528+0800][348.145s] GC(16) Old regions: 302->310
[2022-03-12T04:32:20.528+0800][348.145s] GC(16) Archive regions: 0->0
[2022-03-12T04:32:20.528+0800][348.145s] GC(16) Humongous regions: 40->40
[2022-03-12T04:32:20.528+0800][348.145s] GC(16) Metaspace: 49971K(50304K)->49971K(50304K) NonClass: 43980K(44160K)->43980K(44160K) Class: 5990K(6144K)->5990K(6144K)
[2022-03-12T04:32:20.528+0800][348.145s] GC(16) Pause Young (Concurrent Start) (G1 Humongous Allocation) 364M->357M(512M) 20.363ms
[2022-03-12T04:32:20.528+0800][348.145s] GC(16) User=0.09s Sys=0.02s Real=0.02s
[2022-03-12T04:32:20.528+0800][348.145s] GC(17) Concurrent Mark Cycle
[2022-03-12T04:32:20.528+0800][348.146s] GC(17) Concurrent Clear Claimed Marks
[2022-03-12T04:32:20.528+0800][348.146s] GC(17) Concurrent Clear Claimed Marks 0.075ms
[2022-03-12T04:32:20.528+0800][348.146s] GC(17) Concurrent Scan Root Regions
[2022-03-12T04:32:20.541+0800][348.157s] GC(17) Concurrent Scan Root Regions 10.948ms
[2022-03-12T04:32:20.541+0800][348.157s] GC(17) Concurrent Mark
[2022-03-12T04:32:20.542+0800][348.157s] GC(17) Concurrent Mark From Roots
[2022-03-12T04:32:20.542+0800][348.157s] GC(17) Using 2 workers of 2 for marking
[2022-03-12T04:32:20.735+0800][348.351s] GC(18) Pause Young (Normal) (G1 Evacuation Pause)
[2022-03-12T04:32:20.735+0800][348.351s] GC(18) Using 8 workers of 8 for evacuation
[2022-03-12T04:32:20.776+0800][348.399s] GC(18)   Pre Evacuate Collection Set: 0.1ms
[2022-03-12T04:32:20.776+0800][348.399s] GC(18)   Merge Heap Roots: 0.4ms
[2022-03-12T04:32:20.776+0800][348.399s] GC(18)   Evacuate Collection Set: 46.4ms
[2022-03-12T04:32:20.776+0800][348.399s] GC(18)   Post Evacuate Collection Set: 0.5ms
[2022-03-12T04:32:20.776+0800][348.399s] GC(18)   Other: 0.3ms
[2022-03-12T04:32:20.776+0800][348.399s] GC(18) Eden regions: 45->0(33)
[2022-03-12T04:32:20.776+0800][348.399s] GC(18) Survivor regions: 7->7(7)
[2022-03-12T04:32:20.784+0800][348.399s] GC(18) Old regions: 310->335
[2022-03-12T04:32:20.784+0800][348.399s] GC(18) Archive regions: 0->0
[2022-03-12T04:32:20.784+0800][348.399s] GC(18) Humongous regions: 43->43
[2022-03-12T04:32:20.784+0800][348.399s] GC(18) Metaspace: 49971K(50304K)->49971K(50304K) NonClass: 43980K(44160K)->43980K(44160K) Class: 5990K(6144K)->5990K(6144K)
[2022-03-12T04:32:20.784+0800][348.399s] GC(18) Pause Young (Normal) (G1 Evacuation Pause) 405M->384M(512M) 48.202ms
[2022-03-12T04:32:20.784+0800][348.399s] GC(18) User=0.38s Sys=0.00s Real=0.05s
[2022-03-12T04:32:20.943+0800][348.565s] GC(19) Pause Young (Normal) (G1 Evacuation Pause)
[2022-03-12T04:32:20.943+0800][348.565s] GC(19) Using 8 workers of 8 for evacuation
[2022-03-12T04:32:20.993+0800][348.608s] GC(19)   Pre Evacuate Collection Set: 0.2ms
[2022-03-12T04:32:20.993+0800][348.608s] GC(19)   Merge Heap Roots: 0.7ms
[2022-03-12T04:32:20.993+0800][348.608s] GC(19)   Evacuate Collection Set: 41.3ms
[2022-03-12T04:32:20.993+0800][348.608s] GC(19)   Post Evacuate Collection Set: 0.4ms
[2022-03-12T04:32:20.993+0800][348.608s] GC(19)   Other: 0.3ms
[2022-03-12T04:32:20.993+0800][348.608s] GC(19) Eden regions: 33->0(22)
[2022-03-12T04:32:20.993+0800][348.608s] GC(19) Survivor regions: 7->5(5)
[2022-03-12T04:32:20.993+0800][348.609s] GC(19) Old regions: 335->357
[2022-03-12T04:32:20.993+0800][348.609s] GC(19) Archive regions: 0->0
[2022-03-12T04:32:20.993+0800][348.609s] GC(19) Humongous regions: 46->46
[2022-03-12T04:32:20.993+0800][348.609s] GC(19) Metaspace: 49971K(50304K)->49971K(50304K) NonClass: 43980K(44160K)->43980K(44160K) Class: 5990K(6144K)->5990K(6144K)
[2022-03-12T04:32:20.993+0800][348.609s] GC(19) Pause Young (Normal) (G1 Evacuation Pause) 420M->408M(512M) 43.381ms
[2022-03-12T04:32:20.993+0800][348.609s] GC(19) User=0.33s Sys=0.00s Real=0.05s
[2022-03-12T04:32:21.057+0800][348.673s] GC(20) Pause Young (Normal) (G1 Evacuation Pause)
[2022-03-12T04:32:21.057+0800][348.673s] GC(20) Using 8 workers of 8 for evacuation
[2022-03-12T04:32:21.081+0800][348.702s] GC(20)   Pre Evacuate Collection Set: 0.1ms
[2022-03-12T04:32:21.081+0800][348.702s] GC(20)   Merge Heap Roots: 0.4ms
[2022-03-12T04:32:21.081+0800][348.702s] GC(20)   Evacuate Collection Set: 28.3ms
[2022-03-12T04:32:21.081+0800][348.702s] GC(20)   Post Evacuate Collection Set: 0.5ms
[2022-03-12T04:32:21.081+0800][348.702s] GC(20)   Other: 0.3ms
[2022-03-12T04:32:21.081+0800][348.702s] GC(20) Eden regions: 22->0(21)
[2022-03-12T04:32:21.081+0800][348.702s] GC(20) Survivor regions: 5->4(4)
[2022-03-12T04:32:21.081+0800][348.703s] GC(20) Old regions: 357->373
[2022-03-12T04:32:21.081+0800][348.703s] GC(20) Archive regions: 0->0
[2022-03-12T04:32:21.081+0800][348.703s] GC(20) Humongous regions: 46->46
[2022-03-12T04:32:21.081+0800][348.703s] GC(20) Metaspace: 49971K(50304K)->49971K(50304K) NonClass: 43981K(44160K)->43981K(44160K) Class: 5990K(6144K)->5990K(6144K)
[2022-03-12T04:32:21.081+0800][348.703s] GC(20) Pause Young (Normal) (G1 Evacuation Pause) 430M->423M(512M) 30.159ms
[2022-03-12T04:32:21.081+0800][348.703s] GC(20) User=0.12s Sys=0.00s Real=0.02s
[2022-03-12T04:32:21.151+0800][348.773s] GC(21) Pause Young (Normal) (G1 Evacuation Pause)
[2022-03-12T04:32:21.151+0800][348.773s] GC(21) Using 8 workers of 8 for evacuation
[2022-03-12T04:32:21.187+0800][348.802s] GC(21)   Pre Evacuate Collection Set: 0.1ms
[2022-03-12T04:32:21.187+0800][348.802s] GC(21)   Merge Heap Roots: 0.4ms
[2022-03-12T04:32:21.187+0800][348.802s] GC(21)   Evacuate Collection Set: 28.0ms
[2022-03-12T04:32:21.187+0800][348.802s] GC(21)   Post Evacuate Collection Set: 0.4ms
[2022-03-12T04:32:21.187+0800][348.802s] GC(21)   Other: 0.3ms
[2022-03-12T04:32:21.187+0800][348.803s] GC(21) Eden regions: 21->0(21)
[2022-03-12T04:32:21.187+0800][348.803s] GC(21) Survivor regions: 4->4(4)
[2022-03-12T04:32:21.187+0800][348.803s] GC(21) Old regions: 373->387
[2022-03-12T04:32:21.187+0800][348.803s] GC(21) Archive regions: 0->0
[2022-03-12T04:32:21.187+0800][348.803s] GC(21) Humongous regions: 46->46
[2022-03-12T04:32:21.187+0800][348.803s] GC(21) Metaspace: 49971K(50304K)->49971K(50304K) NonClass: 43981K(44160K)->43981K(44160K) Class: 5990K(6144K)->5990K(6144K)
[2022-03-12T04:32:21.187+0800][348.803s] GC(21) Pause Young (Normal) (G1 Evacuation Pause) 444M->436M(512M) 29.597ms
[2022-03-12T04:32:21.187+0800][348.803s] GC(21) User=0.20s Sys=0.02s Real=0.04s
[2022-03-12T04:32:21.405+0800][349.021s] GC(17) Concurrent Mark From Roots 864.045ms
[2022-03-12T04:32:21.405+0800][349.021s] GC(17) Concurrent Preclean
[2022-03-12T04:32:21.406+0800][349.022s] GC(17) Concurrent Preclean 0.944ms
[2022-03-12T04:32:21.407+0800][349.022s] GC(17) Pause Remark
[2022-03-12T04:32:21.415+0800][349.032s] GC(17) Pause Remark 446M->435M(512M) 9.960ms
[2022-03-12T04:32:21.415+0800][349.032s] GC(17) User=0.08s Sys=0.02s Real=0.01s
[2022-03-12T04:32:21.415+0800][349.032s] GC(17) Concurrent Mark 875.559ms
[2022-03-12T04:32:21.415+0800][349.032s] GC(17) Concurrent Rebuild Remembered Sets
[2022-03-12T04:32:21.735+0800][349.356s] GC(17) Concurrent Rebuild Remembered Sets 323.381ms
[2022-03-12T04:32:21.735+0800][349.356s] GC(17) Pause Cleanup
[2022-03-12T04:32:21.735+0800][349.356s] GC(17) Pause Cleanup 438M->438M(512M) 0.319ms
[2022-03-12T04:32:21.735+0800][349.356s] GC(17) User=0.00s Sys=0.00s Real=0.00s
[2022-03-12T04:32:21.735+0800][349.356s] GC(17) Concurrent Cleanup for Next Mark
[2022-03-12T04:32:21.742+0800][349.358s] GC(17) Concurrent Cleanup for Next Mark 1.471ms
[2022-03-12T04:32:21.742+0800][349.358s] GC(17) Concurrent Mark Cycle 1212.526ms
[2022-03-12T04:32:31.285+0800][358.902s] GC(22) Pause Young (Prepare Mixed) (G1 Evacuation Pause)
[2022-03-12T04:32:31.285+0800][358.902s] GC(22) Using 8 workers of 8 for evacuation
[2022-03-12T04:32:31.301+0800][358.919s] GC(22)   Pre Evacuate Collection Set: 0.2ms
[2022-03-12T04:32:31.301+0800][358.919s] GC(22)   Merge Heap Roots: 0.3ms
[2022-03-12T04:32:31.301+0800][358.919s] GC(22)   Evacuate Collection Set: 14.8ms
[2022-03-12T04:32:31.301+0800][358.919s] GC(22)   Post Evacuate Collection Set: 0.8ms
[2022-03-12T04:32:31.301+0800][358.919s] GC(22)   Other: 0.3ms
[2022-03-12T04:32:31.301+0800][358.919s] GC(22) Eden regions: 21->0(21)
[2022-03-12T04:32:31.301+0800][358.919s] GC(22) Survivor regions: 4->4(4)
[2022-03-12T04:32:31.301+0800][358.919s] GC(22) Old regions: 387->393
[2022-03-12T04:32:31.301+0800][358.919s] GC(22) Archive regions: 0->0
[2022-03-12T04:32:31.301+0800][358.919s] GC(22) Humongous regions: 58->43
[2022-03-12T04:32:31.301+0800][358.919s] GC(22) Metaspace: 49909K(50368K)->49909K(50368K) NonClass: 43935K(44224K)->43935K(44224K) Class: 5974K(6144K)->5974K(6144K)
[2022-03-12T04:32:31.301+0800][358.919s] GC(22) Pause Young (Prepare Mixed) (G1 Evacuation Pause) 469M->440M(512M) 16.961ms
[2022-03-12T04:32:31.301+0800][358.919s] GC(22) User=0.12s Sys=0.00s Real=0.02s
[2022-03-12T04:32:31.346+0800][358.962s] GC(23) Pause Young (Mixed) (G1 Evacuation Pause)
[2022-03-12T04:32:31.346+0800][358.962s] GC(23) Using 8 workers of 8 for evacuation
[2022-03-12T04:32:31.375+0800][358.991s] GC(23)   Pre Evacuate Collection Set: 0.2ms
[2022-03-12T04:32:31.375+0800][358.991s] GC(23)   Merge Heap Roots: 0.1ms
[2022-03-12T04:32:31.375+0800][358.991s] GC(23)   Evacuate Collection Set: 27.8ms
[2022-03-12T04:32:31.375+0800][358.991s] GC(23)   Post Evacuate Collection Set: 0.4ms
[2022-03-12T04:32:31.375+0800][358.991s] GC(23)   Other: 0.3ms
[2022-03-12T04:32:31.376+0800][358.991s] GC(23) Eden regions: 21->0(21)
[2022-03-12T04:32:31.376+0800][358.991s] GC(23) Survivor regions: 4->4(4)
[2022-03-12T04:32:31.376+0800][358.991s] GC(23) Old regions: 393->402
[2022-03-12T04:32:31.376+0800][358.991s] GC(23) Archive regions: 0->0
[2022-03-12T04:32:31.376+0800][358.991s] GC(23) Humongous regions: 44->44
[2022-03-12T04:32:31.376+0800][358.991s] GC(23) Metaspace: 49909K(50368K)->49909K(50368K) NonClass: 43935K(44224K)->43935K(44224K) Class: 5974K(6144K)->5974K(6144K)
[2022-03-12T04:32:31.376+0800][358.991s] GC(23) Pause Young (Mixed) (G1 Evacuation Pause) 462M->450M(512M) 29.137ms
[2022-03-12T04:32:31.376+0800][358.991s] GC(23) User=0.25s Sys=0.00s Real=0.03s
[2022-03-12T04:32:31.408+0800][359.027s] GC(24) Pause Young (Concurrent Start) (G1 Humongous Allocation)
[2022-03-12T04:32:31.408+0800][359.027s] GC(24) Using 8 workers of 8 for evacuation
[2022-03-12T04:32:31.447+0800][359.067s] GC(24)   Pre Evacuate Collection Set: 0.1ms
[2022-03-12T04:32:31.447+0800][359.067s] GC(24)   Merge Heap Roots: 0.2ms
[2022-03-12T04:32:31.447+0800][359.067s] GC(24)   Evacuate Collection Set: 38.8ms
[2022-03-12T04:32:31.447+0800][359.067s] GC(24)   Post Evacuate Collection Set: 0.5ms
[2022-03-12T04:32:31.447+0800][359.067s] GC(24)   Other: 0.3ms
[2022-03-12T04:32:31.447+0800][359.067s] GC(24) Eden regions: 17->0(21)
[2022-03-12T04:32:31.447+0800][359.067s] GC(24) Survivor regions: 4->4(4)
[2022-03-12T04:32:31.447+0800][359.067s] GC(24) Old regions: 402->413
[2022-03-12T04:32:31.447+0800][359.067s] GC(24) Archive regions: 0->0
[2022-03-12T04:32:31.447+0800][359.067s] GC(24) Humongous regions: 44->44
[2022-03-12T04:32:31.447+0800][359.067s] GC(24) Metaspace: 49909K(50368K)->49909K(50368K) NonClass: 43935K(44224K)->43935K(44224K) Class: 5974K(6144K)->5974K(6144K)
[2022-03-12T04:32:31.447+0800][359.067s] GC(24) Pause Young (Concurrent Start) (G1 Humongous Allocation) 467M->460M(512M) 40.375ms
[2022-03-12T04:32:31.447+0800][359.067s] GC(24) User=0.36s Sys=0.00s Real=0.04s
[2022-03-12T04:32:31.447+0800][359.068s] GC(25) Concurrent Mark Cycle
[2022-03-12T04:32:31.447+0800][359.068s] GC(25) Concurrent Clear Claimed Marks
[2022-03-12T04:32:31.447+0800][359.068s] GC(25) Concurrent Clear Claimed Marks 0.054ms
[2022-03-12T04:32:31.447+0800][359.068s] GC(25) Concurrent Scan Root Regions
[2022-03-12T04:32:31.455+0800][359.077s] GC(25) Concurrent Scan Root Regions 9.658ms
[2022-03-12T04:32:31.455+0800][359.077s] GC(25) Concurrent Mark
[2022-03-12T04:32:31.455+0800][359.077s] GC(25) Concurrent Mark From Roots
[2022-03-12T04:32:31.455+0800][359.077s] GC(25) Using 2 workers of 2 for marking
[2022-03-12T04:32:31.516+0800][359.133s] GC(26) Pause Young (Normal) (G1 Evacuation Pause)
[2022-03-12T04:32:31.516+0800][359.133s] GC(26) Using 8 workers of 8 for evacuation
[2022-03-12T04:32:31.545+0800][359.160s] GC(26)   Pre Evacuate Collection Set: 0.2ms
[2022-03-12T04:32:31.545+0800][359.160s] GC(26)   Merge Heap Roots: 0.3ms
[2022-03-12T04:32:31.545+0800][359.160s] GC(26)   Evacuate Collection Set: 26.6ms
[2022-03-12T04:32:31.545+0800][359.160s] GC(26)   Post Evacuate Collection Set: 0.5ms
[2022-03-12T04:32:31.545+0800][359.161s] GC(26)   Other: 0.3ms
[2022-03-12T04:32:31.545+0800][359.161s] GC(26) Eden regions: 21->0(21)
[2022-03-12T04:32:31.545+0800][359.161s] GC(26) Survivor regions: 4->4(4)
[2022-03-12T04:32:31.545+0800][359.161s] GC(26) Old regions: 413->427
[2022-03-12T04:32:31.545+0800][359.161s] GC(26) Archive regions: 0->0
[2022-03-12T04:32:31.545+0800][359.161s] GC(26) Humongous regions: 46->46
[2022-03-12T04:32:31.545+0800][359.161s] GC(26) Metaspace: 49909K(50368K)->49909K(50368K) NonClass: 43935K(44224K)->43935K(44224K) Class: 5974K(6144K)->5974K(6144K)
[2022-03-12T04:32:31.545+0800][359.161s] GC(26) Pause Young (Normal) (G1 Evacuation Pause) 483M->476M(512M) 28.259ms
[2022-03-12T04:32:31.545+0800][359.161s] GC(26) User=0.25s Sys=0.00s Real=0.03s
[2022-03-12T04:32:31.602+0800][359.221s] GC(27) Pause Young (Normal) (G1 Preventive Collection)
[2022-03-12T04:32:31.602+0800][359.221s] GC(27) Using 8 workers of 8 for evacuation
[2022-03-12T04:32:31.630+0800][359.248s] GC(27)   Pre Evacuate Collection Set: 0.2ms
[2022-03-12T04:32:31.630+0800][359.249s] GC(27)   Merge Heap Roots: 0.3ms
[2022-03-12T04:32:31.630+0800][359.249s] GC(27)   Evacuate Collection Set: 26.1ms
[2022-03-12T04:32:31.630+0800][359.249s] GC(27)   Post Evacuate Collection Set: 0.6ms
[2022-03-12T04:32:31.630+0800][359.249s] GC(27)   Other: 0.3ms
[2022-03-12T04:32:31.630+0800][359.249s] GC(27) Eden regions: 18->0(21)
[2022-03-12T04:32:31.630+0800][359.249s] GC(27) Survivor regions: 4->4(4)
[2022-03-12T04:32:31.630+0800][359.249s] GC(27) Old regions: 427->438
[2022-03-12T04:32:31.630+0800][359.249s] GC(27) Archive regions: 0->0
[2022-03-12T04:32:31.630+0800][359.249s] GC(27) Humongous regions: 46->46
[2022-03-12T04:32:31.630+0800][359.249s] GC(27) Metaspace: 49909K(50368K)->49909K(50368K) NonClass: 43935K(44224K)->43935K(44224K) Class: 5974K(6144K)->5974K(6144K)
[2022-03-12T04:32:31.630+0800][359.249s] GC(27) Pause Young (Normal) (G1 Preventive Collection) 494M->488M(512M) 27.812ms
[2022-03-12T04:32:31.630+0800][359.249s] GC(27) User=0.23s Sys=0.00s Real=0.03s
[2022-03-12T04:32:31.696+0800][359.316s] GC(28) Pause Young (Normal) (G1 Preventive Collection)
[2022-03-12T04:32:31.696+0800][359.316s] GC(28) Using 8 workers of 8 for evacuation
[2022-03-12T04:32:31.722+0800][359.337s] GC(28)   Pre Evacuate Collection Set: 0.1ms
[2022-03-12T04:32:31.722+0800][359.337s] GC(28)   Merge Heap Roots: 0.3ms
[2022-03-12T04:32:31.722+0800][359.337s] GC(28)   Evacuate Collection Set: 20.1ms
[2022-03-12T04:32:31.722+0800][359.337s] GC(28)   Post Evacuate Collection Set: 0.4ms
[2022-03-12T04:32:31.722+0800][359.337s] GC(28)   Other: 0.3ms
[2022-03-12T04:32:31.722+0800][359.337s] GC(28) Eden regions: 10->0(21)
[2022-03-12T04:32:31.722+0800][359.337s] GC(28) Survivor regions: 4->4(4)
[2022-03-12T04:32:31.722+0800][359.337s] GC(28) Old regions: 438->445
[2022-03-12T04:32:31.722+0800][359.338s] GC(28) Archive regions: 0->0
[2022-03-12T04:32:31.722+0800][359.338s] GC(28) Humongous regions: 49->49
[2022-03-12T04:32:31.722+0800][359.338s] GC(28) Metaspace: 49909K(50368K)->49909K(50368K) NonClass: 43935K(44224K)->43935K(44224K) Class: 5974K(6144K)->5974K(6144K)
[2022-03-12T04:32:31.722+0800][359.338s] GC(28) Pause Young (Normal) (G1 Preventive Collection) 501M->497M(512M) 21.783ms
[2022-03-12T04:32:31.722+0800][359.338s] GC(28) User=0.11s Sys=0.06s Real=0.03s
[2022-03-12T04:32:31.730+0800][359.351s] GC(29) Pause Young (Normal) (G1 Preventive Collection)
[2022-03-12T04:32:31.730+0800][359.351s] GC(29) Using 8 workers of 8 for evacuation
[2022-03-12T04:32:31.747+0800][359.368s] GC(29)   Pre Evacuate Collection Set: 0.1ms
[2022-03-12T04:32:31.747+0800][359.368s] GC(29)   Merge Heap Roots: 0.2ms
[2022-03-12T04:32:31.747+0800][359.368s] GC(29)   Evacuate Collection Set: 15.5ms
[2022-03-12T04:32:31.747+0800][359.368s] GC(29)   Post Evacuate Collection Set: 0.5ms
[2022-03-12T04:32:31.747+0800][359.368s] GC(29)   Other: 0.3ms
[2022-03-12T04:32:31.747+0800][359.368s] GC(29) Eden regions: 5->0(21)
[2022-03-12T04:32:31.747+0800][359.368s] GC(29) Survivor regions: 4->4(4)
[2022-03-12T04:32:31.747+0800][359.368s] GC(29) Old regions: 445->450
[2022-03-12T04:32:31.747+0800][359.368s] GC(29) Archive regions: 0->0
[2022-03-12T04:32:31.747+0800][359.368s] GC(29) Humongous regions: 49->49
[2022-03-12T04:32:31.747+0800][359.368s] GC(29) Metaspace: 49909K(50368K)->49909K(50368K) NonClass: 43935K(44224K)->43935K(44224K) Class: 5974K(6144K)->5974K(6144K)
[2022-03-12T04:32:31.747+0800][359.368s] GC(29) Pause Young (Normal) (G1 Preventive Collection) 502M->501M(512M) 16.877ms
[2022-03-12T04:32:31.747+0800][359.368s] GC(29) User=0.12s Sys=0.00s Real=0.02s
[2022-03-12T04:32:31.755+0800][359.375s] GC(30) Pause Young (Normal) (G1 Preventive Collection)
[2022-03-12T04:32:31.755+0800][359.375s] GC(30) Using 8 workers of 8 for evacuation
[2022-03-12T04:32:31.771+0800][359.387s] GC(30)   Pre Evacuate Collection Set: 0.1ms
[2022-03-12T04:32:31.771+0800][359.387s] GC(30)   Merge Heap Roots: 0.2ms
[2022-03-12T04:32:31.771+0800][359.387s] GC(30)   Evacuate Collection Set: 11.4ms
[2022-03-12T04:32:31.771+0800][359.387s] GC(30)   Post Evacuate Collection Set: 0.4ms
[2022-03-12T04:32:31.771+0800][359.387s] GC(30)   Other: 0.3ms
[2022-03-12T04:32:31.771+0800][359.387s] GC(30) Eden regions: 3->0(23)
[2022-03-12T04:32:31.771+0800][359.388s] GC(30) Survivor regions: 4->2(4)
[2022-03-12T04:32:31.771+0800][359.388s] GC(30) Old regions: 450->453
[2022-03-12T04:32:31.771+0800][359.388s] GC(30) Archive regions: 0->0
[2022-03-12T04:32:31.771+0800][359.388s] GC(30) Humongous regions: 49->49
[2022-03-12T04:32:31.771+0800][359.388s] GC(30) Metaspace: 49909K(50368K)->49909K(50368K) NonClass: 43935K(44224K)->43935K(44224K) Class: 5974K(6144K)->5974K(6144K)
[2022-03-12T04:32:31.771+0800][359.388s] GC(30) Pause Young (Normal) (G1 Preventive Collection) 504M->503M(512M) 12.954ms
[2022-03-12T04:32:31.771+0800][359.388s] GC(30) User=0.12s Sys=0.00s Real=0.02s
[2022-03-12T04:32:31.779+0800][359.400s] GC(31) Pause Young (Normal) (G1 Preventive Collection)
[2022-03-12T04:32:31.779+0800][359.400s] GC(31) Using 8 workers of 8 for evacuation
[2022-03-12T04:32:31.787+0800][359.409s] GC(31)   Pre Evacuate Collection Set: 0.1ms
[2022-03-12T04:32:31.787+0800][359.409s] GC(31)   Merge Heap Roots: 0.2ms
[2022-03-12T04:32:31.787+0800][359.409s] GC(31)   Evacuate Collection Set: 8.1ms
[2022-03-12T04:32:31.787+0800][359.409s] GC(31)   Post Evacuate Collection Set: 0.4ms
[2022-03-12T04:32:31.787+0800][359.409s] GC(31)   Other: 0.3ms
[2022-03-12T04:32:31.787+0800][359.409s] GC(31) Eden regions: 3->0(21)
[2022-03-12T04:32:31.787+0800][359.409s] GC(31) Survivor regions: 2->4(4)
[2022-03-12T04:32:31.787+0800][359.409s] GC(31) Old regions: 453->453
[2022-03-12T04:32:31.787+0800][359.409s] GC(31) Archive regions: 0->0
[2022-03-12T04:32:31.787+0800][359.409s] GC(31) Humongous regions: 49->49
[2022-03-12T04:32:31.787+0800][359.409s] GC(31) Metaspace: 49909K(50368K)->49909K(50368K) NonClass: 43935K(44224K)->43935K(44224K) Class: 5974K(6144K)->5974K(6144K)
[2022-03-12T04:32:31.787+0800][359.409s] GC(31) Pause Young (Normal) (G1 Preventive Collection) 506M->505M(512M) 9.600ms
[2022-03-12T04:32:31.787+0800][359.409s] GC(31) User=0.12s Sys=0.00s Real=0.01s
[2022-03-12T04:32:31.795+0800][359.412s] GC(32) Pause Young (Normal) (G1 Preventive Collection)
[2022-03-12T04:32:31.795+0800][359.412s] GC(32) Using 8 workers of 8 for evacuation
[2022-03-12T04:32:31.803+0800][359.421s] GC(32)   Pre Evacuate Collection Set: 0.1ms
[2022-03-12T04:32:31.803+0800][359.421s] GC(32)   Merge Heap Roots: 0.2ms
[2022-03-12T04:32:31.803+0800][359.421s] GC(32)   Evacuate Collection Set: 8.0ms
[2022-03-12T04:32:31.803+0800][359.421s] GC(32)   Post Evacuate Collection Set: 0.4ms
[2022-03-12T04:32:31.803+0800][359.421s] GC(32)   Other: 0.3ms
[2022-03-12T04:32:31.803+0800][359.421s] GC(32) Eden regions: 1->0(22)
[2022-03-12T04:32:31.803+0800][359.421s] GC(32) Survivor regions: 4->3(4)
[2022-03-12T04:32:31.803+0800][359.421s] GC(32) Old regions: 453->455
[2022-03-12T04:32:31.803+0800][359.421s] GC(32) Archive regions: 0->0
[2022-03-12T04:32:31.803+0800][359.421s] GC(32) Humongous regions: 49->49
[2022-03-12T04:32:31.803+0800][359.421s] GC(32) Metaspace: 49909K(50368K)->49909K(50368K) NonClass: 43935K(44224K)->43935K(44224K) Class: 5974K(6144K)->5974K(6144K)
[2022-03-12T04:32:31.803+0800][359.422s] GC(32) Pause Young (Normal) (G1 Preventive Collection) 506M->506M(512M) 9.554ms
[2022-03-12T04:32:31.803+0800][359.422s] GC(32) User=0.12s Sys=0.00s Real=0.01s
[2022-03-12T04:32:31.803+0800][359.424s] GC(33) Pause Young (Normal) (G1 Preventive Collection)
[2022-03-12T04:32:31.803+0800][359.424s] GC(33) Using 8 workers of 8 for evacuation
[2022-03-12T04:32:31.812+0800][359.431s] GC(33)   Pre Evacuate Collection Set: 0.1ms
[2022-03-12T04:32:31.812+0800][359.431s] GC(33)   Merge Heap Roots: 0.1ms
[2022-03-12T04:32:31.812+0800][359.431s] GC(33)   Evacuate Collection Set: 6.1ms
[2022-03-12T04:32:31.812+0800][359.431s] GC(33)   Post Evacuate Collection Set: 0.4ms
[2022-03-12T04:32:31.812+0800][359.431s] GC(33)   Other: 0.3ms
[2022-03-12T04:32:31.812+0800][359.431s] GC(33) Eden regions: 1->0(23)
[2022-03-12T04:32:31.812+0800][359.431s] GC(33) Survivor regions: 3->2(4)
[2022-03-12T04:32:31.812+0800][359.431s] GC(33) Old regions: 455->457
[2022-03-12T04:32:31.812+0800][359.431s] GC(33) Archive regions: 0->0
[2022-03-12T04:32:31.812+0800][359.431s] GC(33) Humongous regions: 49->49
[2022-03-12T04:32:31.812+0800][359.432s] GC(33) Metaspace: 49909K(50368K)->49909K(50368K) NonClass: 43935K(44224K)->43935K(44224K) Class: 5974K(6144K)->5974K(6144K)
[2022-03-12T04:32:31.812+0800][359.432s] GC(33) Pause Young (Normal) (G1 Preventive Collection) 507M->506M(512M) 7.507ms
[2022-03-12T04:32:31.812+0800][359.432s] GC(33) User=0.00s Sys=0.00s Real=0.01s
[2022-03-12T04:32:31.820+0800][359.436s] GC(34) Pause Young (Normal) (G1 Preventive Collection)
[2022-03-12T04:32:31.820+0800][359.436s] GC(34) Using 8 workers of 8 for evacuation
[2022-03-12T04:32:31.820+0800][359.441s] GC(34)   Pre Evacuate Collection Set: 0.1ms
[2022-03-12T04:32:31.820+0800][359.441s] GC(34)   Merge Heap Roots: 0.1ms
[2022-03-12T04:32:31.820+0800][359.441s] GC(34)   Evacuate Collection Set: 4.6ms
[2022-03-12T04:32:31.820+0800][359.442s] GC(34)   Post Evacuate Collection Set: 0.4ms
[2022-03-12T04:32:31.820+0800][359.442s] GC(34)   Other: 0.3ms
[2022-03-12T04:32:31.820+0800][359.442s] GC(34) Eden regions: 1->0(23)
[2022-03-12T04:32:31.820+0800][359.442s] GC(34) Survivor regions: 2->2(3)
[2022-03-12T04:32:31.820+0800][359.442s] GC(34) Old regions: 457->457
[2022-03-12T04:32:31.820+0800][359.442s] GC(34) Archive regions: 0->0
[2022-03-12T04:32:31.820+0800][359.442s] GC(34) Humongous regions: 49->49
[2022-03-12T04:32:31.820+0800][359.442s] GC(34) Metaspace: 49909K(50368K)->49909K(50368K) NonClass: 43935K(44224K)->43935K(44224K) Class: 5974K(6144K)->5974K(6144K)
[2022-03-12T04:32:31.820+0800][359.442s] GC(34) Pause Young (Normal) (G1 Preventive Collection) 507M->507M(512M) 5.972ms
[2022-03-12T04:32:31.820+0800][359.442s] GC(34) User=0.00s Sys=0.00s Real=0.00s
[2022-03-12T04:32:31.828+0800][359.444s] GC(35) Pause Young (Normal) (G1 Preventive Collection)
[2022-03-12T04:32:31.828+0800][359.444s] GC(35) Using 8 workers of 8 for evacuation
[2022-03-12T04:32:31.836+0800][359.451s] GC(35)   Pre Evacuate Collection Set: 0.1ms
[2022-03-12T04:32:31.836+0800][359.451s] GC(35)   Merge Heap Roots: 0.1ms
[2022-03-12T04:32:31.836+0800][359.452s] GC(35)   Evacuate Collection Set: 6.1ms
[2022-03-12T04:32:31.836+0800][359.452s] GC(35)   Post Evacuate Collection Set: 0.4ms
[2022-03-12T04:32:31.836+0800][359.452s] GC(35)   Other: 0.3ms
[2022-03-12T04:32:31.836+0800][359.452s] GC(35) Eden regions: 1->0(22)
[2022-03-12T04:32:31.836+0800][359.452s] GC(35) Survivor regions: 2->3(3)
[2022-03-12T04:32:31.836+0800][359.452s] GC(35) Old regions: 457->457
[2022-03-12T04:32:31.836+0800][359.452s] GC(35) Archive regions: 0->0
[2022-03-12T04:32:31.836+0800][359.452s] GC(35) Humongous regions: 49->49
[2022-03-12T04:32:31.836+0800][359.452s] GC(35) Metaspace: 49909K(50368K)->49909K(50368K) NonClass: 43935K(44224K)->43935K(44224K) Class: 5974K(6144K)->5974K(6144K)
[2022-03-12T04:32:31.836+0800][359.452s] GC(35) Pause Young (Normal) (G1 Preventive Collection) 508M->507M(512M) 7.593ms
[2022-03-12T04:32:31.836+0800][359.452s] GC(35) User=0.02s Sys=0.00s Real=0.01s
[2022-03-12T04:32:31.836+0800][359.454s] GC(36) Pause Young (Normal) (G1 Preventive Collection)
[2022-03-12T04:32:31.836+0800][359.454s] GC(36) Using 8 workers of 8 for evacuation
[2022-03-12T04:32:31.844+0800][359.466s] GC(36) To-space exhausted
[2022-03-12T04:32:31.844+0800][359.466s] GC(36)   Pre Evacuate Collection Set: 0.1ms
[2022-03-12T04:32:31.844+0800][359.466s] GC(36)   Merge Heap Roots: 0.1ms
[2022-03-12T04:32:31.844+0800][359.466s] GC(36)   Evacuate Collection Set: 7.6ms
[2022-03-12T04:32:31.844+0800][359.466s] GC(36)   Post Evacuate Collection Set: 3.7ms
[2022-03-12T04:32:31.844+0800][359.466s] GC(36)   Other: 0.3ms
[2022-03-12T04:32:31.844+0800][359.466s] GC(36) Eden regions: 1->0(23)
[2022-03-12T04:32:31.844+0800][359.466s] GC(36) Survivor regions: 3->2(2)
[2022-03-12T04:32:31.844+0800][359.466s] GC(36) Old regions: 457->461
[2022-03-12T04:32:31.844+0800][359.466s] GC(36) Archive regions: 0->0
[2022-03-12T04:32:31.844+0800][359.466s] GC(36) Humongous regions: 49->49
[2022-03-12T04:32:31.844+0800][359.466s] GC(36) Metaspace: 49909K(50368K)->49909K(50368K) NonClass: 43935K(44224K)->43935K(44224K) Class: 5974K(6144K)->5974K(6144K)
[2022-03-12T04:32:31.844+0800][359.466s] GC(36) Pause Young (Normal) (G1 Preventive Collection) 508M->511M(512M) 12.105ms
[2022-03-12T04:32:31.844+0800][359.467s] GC(36) User=0.00s Sys=0.00s Real=0.01s
[2022-03-12T04:32:31.844+0800][359.467s] Attempting full compaction
[2022-03-12T04:32:31.844+0800][359.467s] GC(37) Using 8 workers of 8 for full compaction
[2022-03-12T04:32:31.852+0800][359.468s] GC(37) Pause Full (G1 Compaction Pause)
[2022-03-12T04:32:31.852+0800][359.469s] GC(37) Phase 1: Mark live objects
[2022-03-12T04:32:32.223+0800][359.838s] GC(37) Phase 1: Mark live objects 369.476ms
[2022-03-12T04:32:32.223+0800][359.838s] GC(37) Phase 2: Prepare for compaction
[2022-03-12T04:32:32.233+0800][359.849s] GC(37) Phase 2: Prepare for compaction 10.332ms
[2022-03-12T04:32:32.233+0800][359.849s] GC(37) Phase 3: Adjust pointers
[2022-03-12T04:32:32.330+0800][359.947s] GC(37) Phase 3: Adjust pointers 98.801ms
[2022-03-12T04:32:32.332+0800][359.948s] GC(37) Phase 4: Compact heap
[2022-03-12T04:32:32.342+0800][359.958s] GC(37) Phase 4: Compact heap 10.595ms
[2022-03-12T04:32:32.347+0800][359.963s] GC(37) Eden regions: 0->0(25)
[2022-03-12T04:32:32.347+0800][359.963s] GC(37) Survivor regions: 2->0(2)
[2022-03-12T04:32:32.347+0800][359.963s] GC(37) Old regions: 461->433
[2022-03-12T04:32:32.347+0800][359.963s] GC(37) Archive regions: 0->0
[2022-03-12T04:32:32.347+0800][359.963s] GC(37) Humongous regions: 49->35
[2022-03-12T04:32:32.347+0800][359.963s] GC(37) Metaspace: 49909K(50368K)->49909K(50368K) NonClass: 43935K(44224K)->43935K(44224K) Class: 5974K(6144K)->5974K(6144K)
[2022-03-12T04:32:32.347+0800][359.963s] GC(37) Pause Full (G1 Compaction Pause) 511M->464M(512M) 494.839ms
[2022-03-12T04:32:32.347+0800][359.963s] GC(37) User=3.73s Sys=0.02s Real=0.50s
[2022-03-12T04:32:32.348+0800][359.963s] GC(25) Concurrent Mark From Roots 885.575ms
[2022-03-12T04:32:32.348+0800][359.963s] GC(25) Concurrent Mark Abort
[2022-03-12T04:32:32.348+0800][359.963s] GC(25) Concurrent Mark Cycle 895.590ms
[2022-03-12T04:32:32.427+0800][360.047s] GC(38) Pause Young (Normal) (G1 Evacuation Pause)
[2022-03-12T04:32:32.427+0800][360.047s] GC(38) Using 8 workers of 8 for evacuation
[2022-03-12T04:32:32.459+0800][360.075s] GC(38)   Pre Evacuate Collection Set: 0.2ms
[2022-03-12T04:32:32.459+0800][360.075s] GC(38)   Merge Heap Roots: 0.4ms
[2022-03-12T04:32:32.459+0800][360.075s] GC(38)   Evacuate Collection Set: 26.8ms
[2022-03-12T04:32:32.459+0800][360.075s] GC(38)   Post Evacuate Collection Set: 0.3ms
[2022-03-12T04:32:32.459+0800][360.075s] GC(38)   Other: 0.3ms
[2022-03-12T04:32:32.459+0800][360.075s] GC(38) Eden regions: 25->0(21)
[2022-03-12T04:32:32.459+0800][360.075s] GC(38) Survivor regions: 0->4(4)
[2022-03-12T04:32:32.459+0800][360.075s] GC(38) Old regions: 433->444
[2022-03-12T04:32:32.459+0800][360.075s] GC(38) Archive regions: 0->0
[2022-03-12T04:32:32.459+0800][360.075s] GC(38) Humongous regions: 35->35
[2022-03-12T04:32:32.459+0800][360.075s] GC(38) Metaspace: 49909K(50368K)->49909K(50368K) NonClass: 43935K(44224K)->43935K(44224K) Class: 5974K(6144K)->5974K(6144K)
[2022-03-12T04:32:32.459+0800][360.075s] GC(38) Pause Young (Normal) (G1 Evacuation Pause) 489M->478M(512M) 28.054ms
[2022-03-12T04:32:32.459+0800][360.075s] GC(38) User=0.12s Sys=0.00s Real=0.03s
[2022-03-12T04:32:32.744+0800][360.363s] GC(39) Pause Young (Concurrent Start) (G1 Preventive Collection)
[2022-03-12T04:32:32.744+0800][360.363s] GC(39) Using 8 workers of 8 for evacuation
[2022-03-12T04:32:32.760+0800][360.383s] GC(39)   Pre Evacuate Collection Set: 0.2ms
[2022-03-12T04:32:32.768+0800][360.383s] GC(39)   Merge Heap Roots: 0.2ms
[2022-03-12T04:32:32.768+0800][360.383s] GC(39)   Evacuate Collection Set: 18.4ms
[2022-03-12T04:32:32.768+0800][360.383s] GC(39)   Post Evacuate Collection Set: 0.5ms
[2022-03-12T04:32:32.768+0800][360.383s] GC(39)   Other: 0.4ms
[2022-03-12T04:32:32.768+0800][360.383s] GC(39) Eden regions: 16->0(22)
[2022-03-12T04:32:32.768+0800][360.383s] GC(39) Survivor regions: 4->3(4)
[2022-03-12T04:32:32.768+0800][360.383s] GC(39) Old regions: 444->449
[2022-03-12T04:32:32.768+0800][360.383s] GC(39) Archive regions: 0->0
[2022-03-12T04:32:32.768+0800][360.383s] GC(39) Humongous regions: 35->35
[2022-03-12T04:32:32.768+0800][360.383s] GC(39) Metaspace: 49914K(50368K)->49914K(50368K) NonClass: 43940K(44224K)->43940K(44224K) Class: 5974K(6144K)->5974K(6144K)
[2022-03-12T04:32:32.768+0800][360.383s] GC(39) Pause Young (Concurrent Start) (G1 Preventive Collection) 494M->482M(512M) 19.991ms
[2022-03-12T04:32:32.768+0800][360.383s] GC(39) User=0.09s Sys=0.00s Real=0.02s
[2022-03-12T04:32:32.768+0800][360.383s] GC(40) Concurrent Mark Cycle
[2022-03-12T04:32:32.768+0800][360.383s] GC(40) Concurrent Clear Claimed Marks
[2022-03-12T04:32:32.768+0800][360.384s] GC(40) Concurrent Clear Claimed Marks 0.051ms
[2022-03-12T04:32:32.768+0800][360.384s] GC(40) Concurrent Scan Root Regions
[2022-03-12T04:32:32.768+0800][360.389s] GC(40) Concurrent Scan Root Regions 4.986ms
[2022-03-12T04:32:32.768+0800][360.389s] GC(40) Concurrent Mark
[2022-03-12T04:32:32.768+0800][360.389s] GC(40) Concurrent Mark From Roots
[2022-03-12T04:32:32.768+0800][360.389s] GC(40) Using 2 workers of 2 for marking
[2022-03-12T04:32:33.738+0800][361.356s] GC(40) Concurrent Mark From Roots 967.690ms
[2022-03-12T04:32:33.738+0800][361.356s] GC(40) Concurrent Preclean
[2022-03-12T04:32:33.738+0800][361.357s] GC(40) Concurrent Preclean 0.512ms
[2022-03-12T04:32:33.738+0800][361.357s] GC(40) Pause Remark
[2022-03-12T04:32:33.738+0800][361.362s] GC(40) Pause Remark 484M->476M(512M) 4.216ms
[2022-03-12T04:32:33.738+0800][361.362s] GC(40) User=0.00s Sys=0.00s Real=0.00s
[2022-03-12T04:32:33.738+0800][361.362s] GC(40) Concurrent Mark 973.166ms
[2022-03-12T04:32:33.738+0800][361.362s] GC(40) Concurrent Rebuild Remembered Sets
[2022-03-12T04:32:34.345+0800][361.973s] GC(40) Concurrent Rebuild Remembered Sets 611.206ms
[2022-03-12T04:32:34.345+0800][361.973s] GC(40) Pause Cleanup
[2022-03-12T04:32:34.345+0800][361.974s] GC(40) Pause Cleanup 476M->476M(512M) 0.412ms
[2022-03-12T04:32:34.345+0800][361.974s] GC(40) User=0.00s Sys=0.00s Real=0.00s
[2022-03-12T04:32:34.345+0800][361.974s] GC(40) Concurrent Cleanup for Next Mark
[2022-03-12T04:32:34.345+0800][361.975s] GC(40) Concurrent Cleanup for Next Mark 0.640ms
[2022-03-12T04:32:34.345+0800][361.975s] GC(40) Concurrent Mark Cycle 1591.371ms
[2022-03-12T04:33:24.124+0800][411.739s] GC(41) Pause Young (Concurrent Start) (G1 Humongous Allocation)
[2022-03-12T04:33:24.124+0800][411.739s] GC(41) Using 8 workers of 8 for evacuation
[2022-03-12T04:33:24.133+0800][411.748s] GC(41)   Pre Evacuate Collection Set: 0.2ms
[2022-03-12T04:33:24.133+0800][411.749s] GC(41)   Merge Heap Roots: 0.2ms
[2022-03-12T04:33:24.133+0800][411.749s] GC(41)   Evacuate Collection Set: 8.1ms
[2022-03-12T04:33:24.133+0800][411.749s] GC(41)   Post Evacuate Collection Set: 0.6ms
[2022-03-12T04:33:24.133+0800][411.749s] GC(41)   Other: 0.3ms
[2022-03-12T04:33:24.133+0800][411.749s] GC(41) Eden regions: 3->0(24)
[2022-03-12T04:33:24.133+0800][411.749s] GC(41) Survivor regions: 3->1(4)
[2022-03-12T04:33:24.133+0800][411.749s] GC(41) Old regions: 449->452
[2022-03-12T04:33:24.133+0800][411.749s] GC(41) Archive regions: 0->0
[2022-03-12T04:33:24.133+0800][411.749s] GC(41) Humongous regions: 27->27
[2022-03-12T04:33:24.133+0800][411.749s] GC(41) Metaspace: 49939K(50368K)->49939K(50368K) NonClass: 43965K(44224K)->43965K(44224K) Class: 5974K(6144K)->5974K(6144K)
[2022-03-12T04:33:24.133+0800][411.749s] GC(41) Pause Young (Concurrent Start) (G1 Humongous Allocation) 477M->475M(512M) 9.723ms
[2022-03-12T04:33:24.133+0800][411.749s] GC(41) User=0.03s Sys=0.00s Real=0.01s
[2022-03-12T04:33:24.133+0800][411.749s] GC(42) Concurrent Mark Cycle
[2022-03-12T04:33:24.133+0800][411.749s] GC(42) Concurrent Clear Claimed Marks
[2022-03-12T04:33:24.133+0800][411.749s] GC(42) Concurrent Clear Claimed Marks 0.054ms
[2022-03-12T04:33:24.133+0800][411.749s] GC(42) Concurrent Scan Root Regions
[2022-03-12T04:33:24.133+0800][411.752s] GC(42) Concurrent Scan Root Regions 3.093ms
[2022-03-12T04:33:24.133+0800][411.752s] GC(43) Pause Young (Normal) (G1 Humongous Allocation)
[2022-03-12T04:33:24.133+0800][411.752s] GC(42) Concurrent Mark
[2022-03-12T04:33:24.133+0800][411.752s] GC(43) Using 8 workers of 8 for evacuation
[2022-03-12T04:33:24.133+0800][411.752s] GC(42) Concurrent Mark From Roots
[2022-03-12T04:33:24.133+0800][411.753s] GC(42) Using 2 workers of 2 for marking
[2022-03-12T04:33:24.138+0800][411.753s] GC(43)   Pre Evacuate Collection Set: 3.2ms
[2022-03-12T04:33:24.138+0800][411.753s] GC(43)   Merge Heap Roots: 0.0ms
[2022-03-12T04:33:24.138+0800][411.753s] GC(43)   Evacuate Collection Set: 0.2ms
[2022-03-12T04:33:24.138+0800][411.753s] GC(43)   Post Evacuate Collection Set: 0.3ms
[2022-03-12T04:33:24.138+0800][411.754s] GC(43)   Other: 0.3ms
[2022-03-12T04:33:24.138+0800][411.754s] GC(43) Eden regions: 0->0(24)
[2022-03-12T04:33:24.138+0800][411.754s] GC(43) Survivor regions: 1->1(4)
[2022-03-12T04:33:24.138+0800][411.754s] GC(43) Old regions: 452->452
[2022-03-12T04:33:24.138+0800][411.754s] GC(43) Archive regions: 0->0
[2022-03-12T04:33:24.138+0800][411.754s] GC(43) Humongous regions: 27->27
[2022-03-12T04:33:24.138+0800][411.754s] GC(43) Metaspace: 49939K(50368K)->49939K(50368K) NonClass: 43965K(44224K)->43965K(44224K) Class: 5974K(6144K)->5974K(6144K)
[2022-03-12T04:33:24.138+0800][411.754s] GC(43) Pause Young (Normal) (G1 Humongous Allocation) 475M->474M(512M) 1.415ms
[2022-03-12T04:33:24.139+0800][411.754s] GC(43) User=0.00s Sys=0.00s Real=0.01s
[2022-03-12T04:33:24.139+0800][411.754s] Attempting full compaction
[2022-03-12T04:33:24.139+0800][411.754s] GC(44) Using 8 workers of 8 for full compaction
[2022-03-12T04:33:24.139+0800][411.754s] GC(44) Pause Full (G1 Compaction Pause)
[2022-03-12T04:33:24.139+0800][411.755s] GC(44) Phase 1: Mark live objects
[2022-03-12T04:33:24.491+0800][412.107s] GC(44) Phase 1: Mark live objects 351.931ms
[2022-03-12T04:33:24.491+0800][412.107s] GC(44) Phase 2: Prepare for compaction
[2022-03-12T04:33:24.493+0800][412.108s] GC(44) Phase 2: Prepare for compaction 1.340ms
[2022-03-12T04:33:24.493+0800][412.108s] GC(44) Phase 3: Adjust pointers
[2022-03-12T04:33:24.587+0800][412.202s] GC(44) Phase 3: Adjust pointers 94.170ms
[2022-03-12T04:33:24.587+0800][412.202s] GC(44) Phase 4: Compact heap
[2022-03-12T04:33:24.589+0800][412.205s] GC(44) Phase 4: Compact heap 2.277ms
[2022-03-12T04:33:24.590+0800][412.208s] GC(44) Eden regions: 0->0(25)
[2022-03-12T04:33:24.590+0800][412.208s] GC(44) Survivor regions: 1->0(4)
[2022-03-12T04:33:24.590+0800][412.208s] GC(44) Old regions: 452->448
[2022-03-12T04:33:24.590+0800][412.208s] GC(44) Archive regions: 0->0
[2022-03-12T04:33:24.590+0800][412.208s] GC(44) Humongous regions: 27->27
[2022-03-12T04:33:24.590+0800][412.208s] GC(44) Metaspace: 49939K(50368K)->49939K(50368K) NonClass: 43965K(44224K)->43965K(44224K) Class: 5974K(6144K)->5974K(6144K)
[2022-03-12T04:33:24.590+0800][412.208s] GC(44) Pause Full (G1 Compaction Pause) 474M->472M(512M) 454.181ms
[2022-03-12T04:33:24.590+0800][412.209s] GC(44) User=2.84s Sys=0.02s Real=0.45s
[2022-03-12T04:33:24.590+0800][412.209s] Attempting maximum full compaction clearing soft references
[2022-03-12T04:33:24.590+0800][412.209s] GC(45) Using 8 workers of 8 for full compaction
[2022-03-12T04:33:24.590+0800][412.209s] GC(45) Pause Full (G1 Compaction Pause)
[2022-03-12T04:33:24.590+0800][412.209s] GC(45) Phase 1: Mark live objects
[2022-03-12T04:33:24.955+0800][412.570s] GC(45) Phase 1: Mark live objects 361.334ms
[2022-03-12T04:33:24.955+0800][412.570s] GC(45) Phase 2: Prepare for compaction
[2022-03-12T04:33:25.021+0800][412.636s] GC(45) Phase 2: Prepare for compaction 65.941ms
[2022-03-12T04:33:25.021+0800][412.637s] GC(45) Phase 3: Adjust pointers
[2022-03-12T04:33:25.120+0800][412.736s] GC(45) Phase 3: Adjust pointers 99.344ms
[2022-03-12T04:33:25.120+0800][412.736s] GC(45) Phase 4: Compact heap
[2022-03-12T04:33:25.197+0800][412.814s] GC(45) Phase 4: Compact heap 77.568ms
[2022-03-12T04:33:25.203+0800][412.821s] GC(45) Eden regions: 0->0(25)
[2022-03-12T04:33:25.203+0800][412.821s] GC(45) Survivor regions: 0->0(4)
[2022-03-12T04:33:25.203+0800][412.821s] GC(45) Old regions: 448->448
[2022-03-12T04:33:25.203+0800][412.821s] GC(45) Archive regions: 0->0
[2022-03-12T04:33:25.203+0800][412.821s] GC(45) Humongous regions: 27->27
[2022-03-12T04:33:25.203+0800][412.821s] GC(45) Metaspace: 49939K(50368K)->49939K(50368K) NonClass: 43965K(44224K)->43965K(44224K) Class: 5974K(6144K)->5974K(6144K)
[2022-03-12T04:33:25.203+0800][412.821s] GC(45) Pause Full (G1 Compaction Pause) 472M->471M(512M) 611.915ms
[2022-03-12T04:33:25.203+0800][412.822s] GC(45) User=3.89s Sys=0.19s Real=0.61s
[2022-03-12T04:33:25.203+0800][412.822s] GC(42) Concurrent Mark From Roots 1069.351ms
[2022-03-12T04:33:25.203+0800][412.822s] GC(42) Concurrent Mark Abort
[2022-03-12T04:33:25.203+0800][412.822s] GC(42) Concurrent Mark Cycle 1072.971ms
[2022-03-12T04:33:32.008+0800][419.627s] GC(46) Pause Young (Concurrent Start) (G1 Humongous Allocation)
[2022-03-12T04:33:32.008+0800][419.628s] GC(46) Using 8 workers of 8 for evacuation
[2022-03-12T04:33:32.013+0800][419.629s] GC(46)   Pre Evacuate Collection Set: 0.2ms
[2022-03-12T04:33:32.013+0800][419.629s] GC(46)   Merge Heap Roots: 0.1ms
[2022-03-12T04:33:32.013+0800][419.629s] GC(46)   Evacuate Collection Set: 0.6ms
[2022-03-12T04:33:32.013+0800][419.629s] GC(46)   Post Evacuate Collection Set: 0.7ms
[2022-03-12T04:33:32.013+0800][419.629s] GC(46)   Other: 0.3ms
[2022-03-12T04:33:32.013+0800][419.630s] GC(46) Eden regions: 3->0(24)
[2022-03-12T04:33:32.013+0800][419.630s] GC(46) Survivor regions: 0->1(4)
[2022-03-12T04:33:32.013+0800][419.630s] GC(46) Old regions: 448->448
[2022-03-12T04:33:32.013+0800][419.630s] GC(46) Archive regions: 0->0
[2022-03-12T04:33:32.013+0800][419.630s] GC(46) Humongous regions: 27->27
[2022-03-12T04:33:32.013+0800][419.630s] GC(46) Metaspace: 49956K(50368K)->49956K(50368K) NonClass: 43981K(44224K)->43981K(44224K) Class: 5974K(6144K)->5974K(6144K)
[2022-03-12T04:33:32.013+0800][419.630s] GC(46) Pause Young (Concurrent Start) (G1 Humongous Allocation) 474M->472M(512M) 2.376ms
[2022-03-12T04:33:32.013+0800][419.630s] GC(46) User=0.00s Sys=0.00s Real=0.01s
[2022-03-12T04:33:32.013+0800][419.630s] GC(47) Concurrent Mark Cycle
[2022-03-12T04:33:32.013+0800][419.630s] GC(47) Concurrent Clear Claimed Marks
[2022-03-12T04:33:32.013+0800][419.630s] GC(47) Concurrent Clear Claimed Marks 0.050ms
[2022-03-12T04:33:32.015+0800][419.630s] GC(47) Concurrent Scan Root Regions
[2022-03-12T04:33:32.015+0800][419.631s] GC(47) Concurrent Scan Root Regions 0.597ms
[2022-03-12T04:33:32.015+0800][419.631s] GC(48) Pause Young (Normal) (G1 Humongous Allocation)
[2022-03-12T04:33:32.015+0800][419.631s] GC(47) Concurrent Mark
[2022-03-12T04:33:32.015+0800][419.631s] GC(48) Using 8 workers of 8 for evacuation
[2022-03-12T04:33:32.015+0800][419.631s] GC(47) Concurrent Mark From Roots
[2022-03-12T04:33:32.015+0800][419.631s] GC(47) Using 2 workers of 2 for marking
[2022-03-12T04:33:32.017+0800][419.632s] GC(48)   Pre Evacuate Collection Set: 0.9ms
[2022-03-12T04:33:32.017+0800][419.632s] GC(48)   Merge Heap Roots: 0.1ms
[2022-03-12T04:33:32.017+0800][419.632s] GC(48)   Evacuate Collection Set: 0.4ms
[2022-03-12T04:33:32.017+0800][419.632s] GC(48)   Post Evacuate Collection Set: 0.5ms
[2022-03-12T04:33:32.017+0800][419.633s] GC(48)   Other: 0.4ms
[2022-03-12T04:33:32.017+0800][419.633s] GC(48) Eden regions: 0->0(24)
[2022-03-12T04:33:32.017+0800][419.633s] GC(48) Survivor regions: 1->1(4)
[2022-03-12T04:33:32.017+0800][419.633s] GC(48) Old regions: 448->448
[2022-03-12T04:33:32.017+0800][419.633s] GC(48) Archive regions: 0->0
[2022-03-12T04:33:32.017+0800][419.633s] GC(48) Humongous regions: 27->27
[2022-03-12T04:33:32.017+0800][419.633s] GC(48) Metaspace: 49956K(50368K)->49956K(50368K) NonClass: 43981K(44224K)->43981K(44224K) Class: 5974K(6144K)->5974K(6144K)
[2022-03-12T04:33:32.017+0800][419.633s] GC(48) Pause Young (Normal) (G1 Humongous Allocation) 472M->472M(512M) 2.055ms
[2022-03-12T04:33:32.017+0800][419.633s] GC(48) User=0.00s Sys=0.00s Real=0.00s
[2022-03-12T04:33:32.017+0800][419.633s] Attempting full compaction
[2022-03-12T04:33:32.017+0800][419.633s] GC(49) Using 8 workers of 8 for full compaction
[2022-03-12T04:33:32.017+0800][419.633s] GC(49) Pause Full (G1 Compaction Pause)
[2022-03-12T04:33:32.017+0800][419.634s] GC(49) Phase 1: Mark live objects
[2022-03-12T04:33:32.371+0800][419.988s] GC(49) Phase 1: Mark live objects 354.650ms
[2022-03-12T04:33:32.371+0800][419.988s] GC(49) Phase 2: Prepare for compaction
[2022-03-12T04:33:32.374+0800][419.991s] GC(49) Phase 2: Prepare for compaction 2.334ms
[2022-03-12T04:33:32.374+0800][419.991s] GC(49) Phase 3: Adjust pointers
[2022-03-12T04:33:32.476+0800][420.092s] GC(49) Phase 3: Adjust pointers 101.118ms
[2022-03-12T04:33:32.476+0800][420.092s] GC(49) Phase 4: Compact heap
[2022-03-12T04:33:32.478+0800][420.093s] GC(49) Phase 4: Compact heap 1.206ms
[2022-03-12T04:33:32.479+0800][420.097s] GC(49) Eden regions: 0->0(25)
[2022-03-12T04:33:32.479+0800][420.097s] GC(49) Survivor regions: 1->0(4)
[2022-03-12T04:33:32.479+0800][420.097s] GC(49) Old regions: 448->448
[2022-03-12T04:33:32.479+0800][420.097s] GC(49) Archive regions: 0->0
[2022-03-12T04:33:32.479+0800][420.097s] GC(49) Humongous regions: 27->27
[2022-03-12T04:33:32.479+0800][420.097s] GC(49) Metaspace: 49956K(50368K)->49956K(50368K) NonClass: 43981K(44224K)->43981K(44224K) Class: 5974K(6144K)->5974K(6144K)
[2022-03-12T04:33:32.479+0800][420.097s] GC(49) Pause Full (G1 Compaction Pause) 472M->472M(512M) 463.829ms
[2022-03-12T04:33:32.479+0800][420.098s] GC(49) User=3.19s Sys=0.02s Real=0.46s
[2022-03-12T04:33:32.479+0800][420.098s] Attempting maximum full compaction clearing soft references
[2022-03-12T04:33:32.479+0800][420.098s] GC(50) Using 8 workers of 8 for full compaction
[2022-03-12T04:33:32.479+0800][420.098s] GC(50) Pause Full (G1 Compaction Pause)
[2022-03-12T04:33:32.479+0800][420.098s] GC(50) Phase 1: Mark live objects
[2022-03-12T04:33:32.864+0800][420.482s] GC(50) Phase 1: Mark live objects 383.763ms
[2022-03-12T04:33:32.864+0800][420.482s] GC(50) Phase 2: Prepare for compaction
[2022-03-12T04:33:32.947+0800][420.566s] GC(50) Phase 2: Prepare for compaction 84.244ms
[2022-03-12T04:33:32.947+0800][420.566s] GC(50) Phase 3: Adjust pointers
[2022-03-12T04:33:33.059+0800][420.674s] GC(50) Phase 3: Adjust pointers 108.251ms
[2022-03-12T04:33:33.059+0800][420.674s] GC(50) Phase 4: Compact heap
[2022-03-12T04:33:33.134+0800][420.750s] GC(50) Phase 4: Compact heap 75.454ms
[2022-03-12T04:33:33.137+0800][420.756s] GC(50) Eden regions: 0->0(25)
[2022-03-12T04:33:33.137+0800][420.756s] GC(50) Survivor regions: 0->0(4)
[2022-03-12T04:33:33.137+0800][420.756s] GC(50) Old regions: 448->447
[2022-03-12T04:33:33.137+0800][420.756s] GC(50) Archive regions: 0->0
[2022-03-12T04:33:33.137+0800][420.756s] GC(50) Humongous regions: 27->27
[2022-03-12T04:33:33.137+0800][420.756s] GC(50) Metaspace: 49956K(50368K)->49956K(50368K) NonClass: 43981K(44224K)->43981K(44224K) Class: 5974K(6144K)->5974K(6144K)
[2022-03-12T04:33:33.137+0800][420.756s] GC(50) Pause Full (G1 Compaction Pause) 472M->471M(512M) 658.370ms
[2022-03-12T04:33:33.137+0800][420.757s] GC(50) User=4.64s Sys=0.02s Real=0.66s
[2022-03-12T04:33:33.137+0800][420.757s] GC(47) Concurrent Mark From Roots 1125.809ms
[2022-03-12T04:33:33.137+0800][420.757s] GC(47) Concurrent Mark Abort
[2022-03-12T04:33:33.137+0800][420.757s] GC(47) Concurrent Mark Cycle 1127.028ms
[2022-03-12T04:33:33.169+0800][420.788s] GC(51) Pause Young (Concurrent Start) (G1 Humongous Allocation)
[2022-03-12T04:33:33.169+0800][420.788s] GC(51) Using 8 workers of 8 for evacuation
[2022-03-12T04:33:33.169+0800][420.790s] GC(51)   Pre Evacuate Collection Set: 0.2ms
[2022-03-12T04:33:33.169+0800][420.791s] GC(51)   Merge Heap Roots: 0.1ms
[2022-03-12T04:33:33.169+0800][420.791s] GC(51)   Evacuate Collection Set: 0.9ms
[2022-03-12T04:33:33.169+0800][420.791s] GC(51)   Post Evacuate Collection Set: 0.6ms
[2022-03-12T04:33:33.169+0800][420.791s] GC(51)   Other: 0.4ms
[2022-03-12T04:33:33.169+0800][420.791s] GC(51) Eden regions: 1->0(24)
[2022-03-12T04:33:33.169+0800][420.791s] GC(51) Survivor regions: 0->1(4)
[2022-03-12T04:33:33.169+0800][420.791s] GC(51) Old regions: 447->447
[2022-03-12T04:33:33.169+0800][420.791s] GC(51) Archive regions: 0->0
[2022-03-12T04:33:33.169+0800][420.791s] GC(51) Humongous regions: 42->42
[2022-03-12T04:33:33.169+0800][420.791s] GC(51) Metaspace: 49956K(50368K)->49956K(50368K) NonClass: 43981K(44224K)->43981K(44224K) Class: 5974K(6144K)->5974K(6144K)
[2022-03-12T04:33:33.169+0800][420.791s] GC(51) Pause Young (Concurrent Start) (G1 Humongous Allocation) 486M->486M(512M) 2.715ms
[2022-03-12T04:33:33.169+0800][420.791s] GC(51) User=0.00s Sys=0.00s Real=0.00s
[2022-03-12T04:33:33.169+0800][420.791s] GC(52) Concurrent Mark Cycle
[2022-03-12T04:33:33.169+0800][420.791s] GC(52) Concurrent Clear Claimed Marks
[2022-03-12T04:33:33.169+0800][420.791s] GC(52) Concurrent Clear Claimed Marks 0.074ms
[2022-03-12T04:33:33.169+0800][420.791s] GC(52) Concurrent Scan Root Regions
[2022-03-12T04:33:33.169+0800][420.792s] GC(52) Concurrent Scan Root Regions 0.296ms
[2022-03-12T04:33:33.169+0800][420.792s] GC(52) Concurrent Mark
[2022-03-12T04:33:33.169+0800][420.792s] GC(52) Concurrent Mark From Roots
[2022-03-12T04:33:33.169+0800][420.792s] GC(52) Using 2 workers of 2 for marking
[2022-03-12T04:33:33.197+0800][420.817s] GC(53) Pause Young (Normal) (G1 Preventive Collection)
[2022-03-12T04:33:33.197+0800][420.817s] GC(53) Using 8 workers of 8 for evacuation
[2022-03-12T04:33:33.213+0800][420.833s] GC(53) To-space exhausted
[2022-03-12T04:33:33.213+0800][420.833s] GC(53)   Pre Evacuate Collection Set: 0.2ms
[2022-03-12T04:33:33.213+0800][420.834s] GC(53)   Merge Heap Roots: 0.1ms
[2022-03-12T04:33:33.213+0800][420.834s] GC(53)   Evacuate Collection Set: 10.2ms
[2022-03-12T04:33:33.213+0800][420.834s] GC(53)   Post Evacuate Collection Set: 5.6ms
[2022-03-12T04:33:33.213+0800][420.834s] GC(53)   Other: 0.4ms
[2022-03-12T04:33:33.213+0800][420.834s] GC(53) Eden regions: 10->0(21)
[2022-03-12T04:33:33.213+0800][420.834s] GC(53) Survivor regions: 1->4(4)
[2022-03-12T04:33:33.213+0800][420.834s] GC(53) Old regions: 447->457
[2022-03-12T04:33:33.213+0800][420.834s] GC(53) Archive regions: 0->0
[2022-03-12T04:33:33.213+0800][420.834s] GC(53) Humongous regions: 50->35
[2022-03-12T04:33:33.213+0800][420.834s] GC(53) Metaspace: 49956K(50368K)->49956K(50368K) NonClass: 43981K(44224K)->43981K(44224K) Class: 5974K(6144K)->5974K(6144K)
[2022-03-12T04:33:33.213+0800][420.834s] GC(53) Pause Young (Normal) (G1 Preventive Collection) 504M->493M(512M) 16.769ms
[2022-03-12T04:33:33.213+0800][420.834s] GC(53) User=0.09s Sys=0.00s Real=0.02s
[2022-03-12T04:33:33.231+0800][420.854s] GC(54) Pause Young (Normal) (G1 Preventive Collection)
[2022-03-12T04:33:33.231+0800][420.854s] GC(54) Using 8 workers of 8 for evacuation
[2022-03-12T04:33:33.260+0800][420.876s] GC(54) To-space exhausted
[2022-03-12T04:33:33.260+0800][420.876s] GC(54)   Pre Evacuate Collection Set: 0.2ms
[2022-03-12T04:33:33.261+0800][420.876s] GC(54)   Merge Heap Roots: 0.1ms
[2022-03-12T04:33:33.261+0800][420.876s] GC(54)   Evacuate Collection Set: 15.2ms
[2022-03-12T04:33:33.261+0800][420.876s] GC(54)   Post Evacuate Collection Set: 6.2ms
[2022-03-12T04:33:33.261+0800][420.876s] GC(54)   Other: 0.4ms
[2022-03-12T04:33:33.261+0800][420.876s] GC(54) Eden regions: 11->0(22)
[2022-03-12T04:33:33.261+0800][420.876s] GC(54) Survivor regions: 4->3(4)
[2022-03-12T04:33:33.261+0800][420.876s] GC(54) Old regions: 457->474
[2022-03-12T04:33:33.261+0800][420.876s] GC(54) Archive regions: 0->0
[2022-03-12T04:33:33.261+0800][420.876s] GC(54) Humongous regions: 35->35
[2022-03-12T04:33:33.261+0800][420.876s] GC(54) Metaspace: 49956K(50368K)->49956K(50368K) NonClass: 43981K(44224K)->43981K(44224K) Class: 5974K(6144K)->5974K(6144K)
[2022-03-12T04:33:33.261+0800][420.876s] GC(54) Pause Young (Normal) (G1 Preventive Collection) 504M->509M(512M) 22.285ms
[2022-03-12T04:33:33.261+0800][420.876s] GC(54) User=0.19s Sys=0.00s Real=0.03s
[2022-03-12T04:33:33.261+0800][420.876s] Attempting full compaction
[2022-03-12T04:33:33.261+0800][420.876s] GC(55) Using 8 workers of 8 for full compaction
[2022-03-12T04:33:33.261+0800][420.876s] GC(55) Pause Full (G1 Compaction Pause)
[2022-03-12T04:33:33.261+0800][420.877s] GC(55) Phase 1: Mark live objects
[2022-03-12T04:33:33.589+0800][421.206s] GC(55) Phase 1: Mark live objects 328.950ms
[2022-03-12T04:33:33.589+0800][421.206s] GC(55) Phase 2: Prepare for compaction
[2022-03-12T04:33:33.595+0800][421.210s] GC(55) Phase 2: Prepare for compaction 4.484ms
[2022-03-12T04:33:33.595+0800][421.211s] GC(55) Phase 3: Adjust pointers
[2022-03-12T04:33:33.678+0800][421.294s] GC(55) Phase 3: Adjust pointers 83.629ms
[2022-03-12T04:33:33.678+0800][421.294s] GC(55) Phase 4: Compact heap
[2022-03-12T04:33:33.678+0800][421.298s] GC(55) Phase 4: Compact heap 4.146ms
[2022-03-12T04:33:33.686+0800][421.304s] GC(55) Eden regions: 0->0(25)
[2022-03-12T04:33:33.686+0800][421.304s] GC(55) Survivor regions: 3->0(4)
[2022-03-12T04:33:33.686+0800][421.304s] GC(55) Old regions: 474->461
[2022-03-12T04:33:33.686+0800][421.304s] GC(55) Archive regions: 0->0
[2022-03-12T04:33:33.686+0800][421.304s] GC(55) Humongous regions: 35->35
[2022-03-12T04:33:33.686+0800][421.304s] GC(55) Metaspace: 49956K(50368K)->49956K(50368K) NonClass: 43981K(44224K)->43981K(44224K) Class: 5974K(6144K)->5974K(6144K)
[2022-03-12T04:33:33.686+0800][421.305s] GC(55) Pause Full (G1 Compaction Pause) 509M->491M(512M) 428.105ms
[2022-03-12T04:33:33.686+0800][421.305s] GC(55) User=2.48s Sys=0.00s Real=0.43s
[2022-03-12T04:33:33.686+0800][421.305s] GC(52) Concurrent Mark From Roots 513.475ms
[2022-03-12T04:33:33.686+0800][421.305s] GC(52) Concurrent Mark Abort
[2022-03-12T04:33:33.686+0800][421.305s] GC(52) Concurrent Mark Cycle 514.165ms
[2022-03-12T04:33:33.694+0800][421.315s] GC(56) Pause Young (Concurrent Start) (G1 Humongous Allocation)
[2022-03-12T04:33:33.694+0800][421.315s] GC(56) Using 8 workers of 8 for evacuation
[2022-03-12T04:33:33.704+0800][421.319s] GC(56)   Pre Evacuate Collection Set: 0.2ms
[2022-03-12T04:33:33.704+0800][421.319s] GC(56)   Merge Heap Roots: 0.1ms
[2022-03-12T04:33:33.704+0800][421.319s] GC(56)   Evacuate Collection Set: 3.3ms
[2022-03-12T04:33:33.704+0800][421.319s] GC(56)   Post Evacuate Collection Set: 0.4ms
[2022-03-12T04:33:33.704+0800][421.320s] GC(56)   Other: 0.4ms
[2022-03-12T04:33:33.704+0800][421.320s] GC(56) Eden regions: 3->0(23)
[2022-03-12T04:33:33.704+0800][421.320s] GC(56) Survivor regions: 0->2(4)
[2022-03-12T04:33:33.704+0800][421.320s] GC(56) Old regions: 461->461
[2022-03-12T04:33:33.704+0800][421.320s] GC(56) Archive regions: 0->0
[2022-03-12T04:33:33.704+0800][421.320s] GC(56) Humongous regions: 35->35
[2022-03-12T04:33:33.704+0800][421.320s] GC(56) Metaspace: 49956K(50368K)->49956K(50368K) NonClass: 43981K(44224K)->43981K(44224K) Class: 5974K(6144K)->5974K(6144K)
[2022-03-12T04:33:33.704+0800][421.320s] GC(56) Pause Young (Concurrent Start) (G1 Humongous Allocation) 494M->493M(512M) 4.762ms
[2022-03-12T04:33:33.704+0800][421.320s] GC(56) User=0.00s Sys=0.00s Real=0.01s
[2022-03-12T04:33:33.704+0800][421.320s] GC(57) Concurrent Mark Cycle
[2022-03-12T04:33:33.704+0800][421.320s] GC(57) Concurrent Clear Claimed Marks
[2022-03-12T04:33:33.704+0800][421.320s] GC(57) Concurrent Clear Claimed Marks 0.066ms
[2022-03-12T04:33:33.704+0800][421.320s] GC(57) Concurrent Scan Root Regions
[2022-03-12T04:33:33.705+0800][421.322s] GC(57) Concurrent Scan Root Regions 2.034ms
[2022-03-12T04:33:33.705+0800][421.322s] GC(57) Concurrent Mark
[2022-03-12T04:33:33.705+0800][421.322s] GC(57) Concurrent Mark From Roots
[2022-03-12T04:33:33.705+0800][421.322s] GC(57) Using 2 workers of 2 for marking
[2022-03-12T04:33:33.734+0800][421.356s] GC(58) Pause Young (Normal) (G1 Preventive Collection)
[2022-03-12T04:33:33.734+0800][421.356s] GC(58) Using 8 workers of 8 for evacuation
[2022-03-12T04:33:33.752+0800][421.373s] GC(58) To-space exhausted
[2022-03-12T04:33:33.752+0800][421.374s] GC(58)   Pre Evacuate Collection Set: 0.1ms
[2022-03-12T04:33:33.752+0800][421.374s] GC(58)   Merge Heap Roots: 0.2ms
[2022-03-12T04:33:33.752+0800][421.374s] GC(58)   Evacuate Collection Set: 12.0ms
[2022-03-12T04:33:33.752+0800][421.374s] GC(58)   Post Evacuate Collection Set: 4.8ms
[2022-03-12T04:33:33.752+0800][421.374s] GC(58)   Other: 0.4ms
[2022-03-12T04:33:33.752+0800][421.374s] GC(58) Eden regions: 8->0(21)
[2022-03-12T04:33:33.752+0800][421.374s] GC(58) Survivor regions: 2->4(4)
[2022-03-12T04:33:33.752+0800][421.374s] GC(58) Old regions: 461->472
[2022-03-12T04:33:33.752+0800][421.374s] GC(58) Archive regions: 0->0
[2022-03-12T04:33:33.752+0800][421.374s] GC(58) Humongous regions: 36->36
[2022-03-12T04:33:33.752+0800][421.374s] GC(58) Metaspace: 49956K(50368K)->49956K(50368K) NonClass: 43981K(44224K)->43981K(44224K) Class: 5974K(6144K)->5974K(6144K)
[2022-03-12T04:33:33.752+0800][421.374s] GC(58) Pause Young (Normal) (G1 Preventive Collection) 502M->507M(512M) 17.656ms
[2022-03-12T04:33:33.752+0800][421.374s] GC(58) User=0.12s Sys=0.00s Real=0.02s
[2022-03-12T04:33:33.752+0800][421.374s] Attempting full compaction
[2022-03-12T04:33:33.752+0800][421.374s] GC(59) Using 8 workers of 8 for full compaction
[2022-03-12T04:33:33.752+0800][421.374s] GC(59) Pause Full (G1 Compaction Pause)
[2022-03-12T04:33:33.752+0800][421.375s] GC(59) Phase 1: Mark live objects
[2022-03-12T04:33:34.127+0800][421.743s] GC(59) Phase 1: Mark live objects 368.476ms
[2022-03-12T04:33:34.127+0800][421.743s] GC(59) Phase 2: Prepare for compaction
[2022-03-12T04:33:34.127+0800][421.746s] GC(59) Phase 2: Prepare for compaction 2.695ms
[2022-03-12T04:33:34.127+0800][421.746s] GC(59) Phase 3: Adjust pointers
[2022-03-12T04:33:34.234+0800][421.850s] GC(59) Phase 3: Adjust pointers 104.193ms
[2022-03-12T04:33:34.234+0800][421.851s] GC(59) Phase 4: Compact heap
[2022-03-12T04:33:34.236+0800][421.852s] GC(59) Phase 4: Compact heap 1.158ms
[2022-03-12T04:33:34.242+0800][421.858s] GC(59) Eden regions: 0->0(25)
[2022-03-12T04:33:34.242+0800][421.858s] GC(59) Survivor regions: 4->0(4)
[2022-03-12T04:33:34.242+0800][421.858s] GC(59) Old regions: 472->468
[2022-03-12T04:33:34.242+0800][421.858s] GC(59) Archive regions: 0->0
[2022-03-12T04:33:34.242+0800][421.858s] GC(59) Humongous regions: 36->36
[2022-03-12T04:33:34.242+0800][421.858s] GC(59) Metaspace: 49956K(50368K)->49956K(50368K) NonClass: 43981K(44224K)->43981K(44224K) Class: 5974K(6144K)->5974K(6144K)
[2022-03-12T04:33:34.242+0800][421.858s] GC(59) Pause Full (G1 Compaction Pause) 507M->498M(512M) 483.602ms
[2022-03-12T04:33:34.242+0800][421.859s] GC(59) User=2.98s Sys=0.02s Real=0.49s
[2022-03-12T04:33:34.242+0800][421.859s] GC(57) Concurrent Mark From Roots 536.465ms
[2022-03-12T04:33:34.242+0800][421.859s] GC(57) Concurrent Mark Abort
[2022-03-12T04:33:34.242+0800][421.859s] GC(57) Concurrent Mark Cycle 538.959ms
[2022-03-12T04:33:34.250+0800][421.867s] GC(60) Pause Young (Normal) (G1 Preventive Collection)
[2022-03-12T04:33:34.250+0800][421.867s] GC(60) Using 8 workers of 8 for evacuation
[2022-03-12T04:33:34.257+0800][421.875s] GC(60) To-space exhausted
[2022-03-12T04:33:34.257+0800][421.875s] GC(60)   Pre Evacuate Collection Set: 0.1ms
[2022-03-12T04:33:34.257+0800][421.875s] GC(60)   Merge Heap Roots: 0.1ms
[2022-03-12T04:33:34.257+0800][421.875s] GC(60)   Evacuate Collection Set: 5.8ms
[2022-03-12T04:33:34.257+0800][421.875s] GC(60)   Post Evacuate Collection Set: 2.0ms
[2022-03-12T04:33:34.257+0800][421.875s] GC(60)   Other: 0.4ms
[2022-03-12T04:33:34.257+0800][421.876s] GC(60) Eden regions: 5->0(22)
[2022-03-12T04:33:34.257+0800][421.876s] GC(60) Survivor regions: 0->3(3)
[2022-03-12T04:33:34.257+0800][421.876s] GC(60) Old regions: 468->473
[2022-03-12T04:33:34.257+0800][421.876s] GC(60) Archive regions: 0->0
[2022-03-12T04:33:34.257+0800][421.876s] GC(60) Humongous regions: 36->36
[2022-03-12T04:33:34.257+0800][421.876s] GC(60) Metaspace: 49956K(50368K)->49956K(50368K) NonClass: 43981K(44224K)->43981K(44224K) Class: 5974K(6144K)->5974K(6144K)
[2022-03-12T04:33:34.257+0800][421.876s] GC(60) Pause Young (Normal) (G1 Preventive Collection) 503M->506M(512M) 8.762ms
[2022-03-12T04:33:34.257+0800][421.876s] GC(60) User=0.08s Sys=0.00s Real=0.01s
[2022-03-12T04:33:34.257+0800][421.876s] Attempting full compaction
[2022-03-12T04:33:34.257+0800][421.876s] GC(61) Using 8 workers of 8 for full compaction
[2022-03-12T04:33:34.257+0800][421.876s] GC(61) Pause Full (G1 Compaction Pause)
[2022-03-12T04:33:34.257+0800][421.876s] GC(61) Phase 1: Mark live objects
[2022-03-12T04:33:34.607+0800][422.225s] GC(61) Phase 1: Mark live objects 348.599ms
[2022-03-12T04:33:34.607+0800][422.225s] GC(61) Phase 2: Prepare for compaction
[2022-03-12T04:33:34.611+0800][422.227s] GC(61) Phase 2: Prepare for compaction 2.324ms
[2022-03-12T04:33:34.611+0800][422.227s] GC(61) Phase 3: Adjust pointers
[2022-03-12T04:33:34.703+0800][422.320s] GC(61) Phase 3: Adjust pointers 92.899ms
[2022-03-12T04:33:34.703+0800][422.320s] GC(61) Phase 4: Compact heap
[2022-03-12T04:33:34.706+0800][422.322s] GC(61) Phase 4: Compact heap 1.303ms
[2022-03-12T04:33:34.706+0800][422.329s] GC(61) Eden regions: 0->0(25)
[2022-03-12T04:33:34.706+0800][422.329s] GC(61) Survivor regions: 3->0(3)
[2022-03-12T04:33:34.706+0800][422.329s] GC(61) Old regions: 473->470
[2022-03-12T04:33:34.706+0800][422.329s] GC(61) Archive regions: 0->0
[2022-03-12T04:33:34.706+0800][422.329s] GC(61) Humongous regions: 36->36
[2022-03-12T04:33:34.706+0800][422.329s] GC(61) Metaspace: 49956K(50368K)->49956K(50368K) NonClass: 43981K(44224K)->43981K(44224K) Class: 5974K(6144K)->5974K(6144K)
[2022-03-12T04:33:34.706+0800][422.329s] GC(61) Pause Full (G1 Compaction Pause) 506M->501M(512M) 452.880ms
[2022-03-12T04:33:34.714+0800][422.330s] GC(61) User=2.64s Sys=0.03s Real=0.46s
[2022-03-12T04:33:34.714+0800][422.336s] GC(62) Pause Young (Concurrent Start) (G1 Preventive Collection)
[2022-03-12T04:33:34.714+0800][422.336s] GC(62) Using 8 workers of 8 for evacuation
[2022-03-12T04:33:34.722+0800][422.341s] GC(62)   Pre Evacuate Collection Set: 0.1ms
[2022-03-12T04:33:34.722+0800][422.341s] GC(62)   Merge Heap Roots: 0.1ms
[2022-03-12T04:33:34.722+0800][422.341s] GC(62)   Evacuate Collection Set: 4.0ms
[2022-03-12T04:33:34.722+0800][422.341s] GC(62)   Post Evacuate Collection Set: 0.4ms
[2022-03-12T04:33:34.722+0800][422.341s] GC(62)   Other: 0.3ms
[2022-03-12T04:33:34.722+0800][422.341s] GC(62) Eden regions: 3->0(22)
[2022-03-12T04:33:34.722+0800][422.341s] GC(62) Survivor regions: 0->3(3)
[2022-03-12T04:33:34.722+0800][422.341s] GC(62) Old regions: 470->470
[2022-03-12T04:33:34.722+0800][422.341s] GC(62) Archive regions: 0->0
[2022-03-12T04:33:34.722+0800][422.341s] GC(62) Humongous regions: 36->36
[2022-03-12T04:33:34.722+0800][422.341s] GC(62) Metaspace: 49956K(50368K)->49956K(50368K) NonClass: 43981K(44224K)->43981K(44224K) Class: 5974K(6144K)->5974K(6144K)
[2022-03-12T04:33:34.722+0800][422.341s] GC(62) Pause Young (Concurrent Start) (G1 Preventive Collection) 504M->503M(512M) 5.268ms
[2022-03-12T04:33:34.722+0800][422.341s] GC(62) User=0.12s Sys=0.00s Real=0.01s
[2022-03-12T04:33:34.722+0800][422.341s] GC(63) Concurrent Mark Cycle
[2022-03-12T04:33:34.722+0800][422.341s] GC(63) Concurrent Clear Claimed Marks
[2022-03-12T04:33:34.722+0800][422.342s] GC(63) Concurrent Clear Claimed Marks 0.039ms
[2022-03-12T04:33:34.722+0800][422.342s] GC(63) Concurrent Scan Root Regions
[2022-03-12T04:33:34.722+0800][422.343s] GC(63) Concurrent Scan Root Regions 1.455ms
[2022-03-12T04:33:34.722+0800][422.343s] GC(63) Concurrent Mark
[2022-03-12T04:33:34.722+0800][422.343s] GC(63) Concurrent Mark From Roots
[2022-03-12T04:33:34.722+0800][422.343s] GC(63) Using 2 workers of 2 for marking
[2022-03-12T04:33:34.722+0800][422.345s] GC(64) Pause Young (Normal) (G1 Preventive Collection)
[2022-03-12T04:33:34.722+0800][422.345s] GC(64) Using 8 workers of 8 for evacuation
[2022-03-12T04:33:34.735+0800][422.352s] GC(64) To-space exhausted
[2022-03-12T04:33:34.735+0800][422.353s] GC(64)   Pre Evacuate Collection Set: 0.1ms
[2022-03-12T04:33:34.735+0800][422.353s] GC(64)   Merge Heap Roots: 0.1ms
[2022-03-12T04:33:34.735+0800][422.353s] GC(64)   Evacuate Collection Set: 4.4ms
[2022-03-12T04:33:34.735+0800][422.353s] GC(64)   Post Evacuate Collection Set: 2.4ms
[2022-03-12T04:33:34.735+0800][422.353s] GC(64)   Other: 0.3ms
[2022-03-12T04:33:34.735+0800][422.353s] GC(64) Eden regions: 1->0(23)
[2022-03-12T04:33:34.735+0800][422.353s] GC(64) Survivor regions: 3->2(2)
[2022-03-12T04:33:34.735+0800][422.353s] GC(64) Old regions: 470->474
[2022-03-12T04:33:34.735+0800][422.353s] GC(64) Archive regions: 0->0
[2022-03-12T04:33:34.735+0800][422.353s] GC(64) Humongous regions: 36->36
[2022-03-12T04:33:34.735+0800][422.353s] GC(64) Metaspace: 49956K(50368K)->49956K(50368K) NonClass: 43981K(44224K)->43981K(44224K) Class: 5974K(6144K)->5974K(6144K)
[2022-03-12T04:33:34.735+0800][422.353s] GC(64) Pause Young (Normal) (G1 Preventive Collection) 504M->506M(512M) 7.579ms
[2022-03-12T04:33:34.735+0800][422.353s] GC(64) User=0.00s Sys=0.00s Real=0.01s
[2022-03-12T04:33:34.735+0800][422.353s] Attempting full compaction
[2022-03-12T04:33:34.735+0800][422.353s] GC(65) Using 8 workers of 8 for full compaction
[2022-03-12T04:33:34.735+0800][422.353s] GC(65) Pause Full (G1 Compaction Pause)
[2022-03-12T04:33:34.735+0800][422.354s] GC(65) Phase 1: Mark live objects
[2022-03-12T04:33:35.115+0800][422.730s] GC(65) Phase 1: Mark live objects 376.383ms
[2022-03-12T04:33:35.115+0800][422.730s] GC(65) Phase 2: Prepare for compaction
[2022-03-12T04:33:35.116+0800][422.732s] GC(65) Phase 2: Prepare for compaction 1.339ms
[2022-03-12T04:33:35.116+0800][422.732s] GC(65) Phase 3: Adjust pointers
[2022-03-12T04:33:35.212+0800][422.830s] GC(65) Phase 3: Adjust pointers 97.897ms
[2022-03-12T04:33:35.212+0800][422.830s] GC(65) Phase 4: Compact heap
[2022-03-12T04:33:35.215+0800][422.830s] GC(65) Phase 4: Compact heap 0.649ms
[2022-03-12T04:33:35.216+0800][422.838s] GC(65) Eden regions: 0->0(25)
[2022-03-12T04:33:35.216+0800][422.838s] GC(65) Survivor regions: 2->0(2)
[2022-03-12T04:33:35.216+0800][422.838s] GC(65) Old regions: 474->473
[2022-03-12T04:33:35.216+0800][422.838s] GC(65) Archive regions: 0->0
[2022-03-12T04:33:35.216+0800][422.838s] GC(65) Humongous regions: 36->36
[2022-03-12T04:33:35.216+0800][422.838s] GC(65) Metaspace: 49956K(50368K)->49956K(50368K) NonClass: 43981K(44224K)->43981K(44224K) Class: 5974K(6144K)->5974K(6144K)
[2022-03-12T04:33:35.216+0800][422.838s] GC(65) Pause Full (G1 Compaction Pause) 506M->503M(512M) 484.949ms
[2022-03-12T04:33:35.216+0800][422.839s] GC(65) User=2.97s Sys=0.02s Real=0.48s
[2022-03-12T04:33:35.216+0800][422.839s] GC(63) Concurrent Mark From Roots 496.006ms
[2022-03-12T04:33:35.216+0800][422.839s] GC(63) Concurrent Mark Abort
[2022-03-12T04:33:35.216+0800][422.839s] GC(63) Concurrent Mark Cycle 497.727ms
[2022-03-12T04:33:35.224+0800][422.842s] GC(66) Pause Young (Normal) (G1 Preventive Collection)
[2022-03-12T04:33:35.224+0800][422.842s] GC(66) Using 8 workers of 8 for evacuation
[2022-03-12T04:33:35.224+0800][422.844s] GC(66)   Pre Evacuate Collection Set: 0.1ms
[2022-03-12T04:33:35.224+0800][422.845s] GC(66)   Merge Heap Roots: 0.1ms
[2022-03-12T04:33:35.224+0800][422.845s] GC(66)   Evacuate Collection Set: 1.6ms
[2022-03-12T04:33:35.224+0800][422.845s] GC(66)   Post Evacuate Collection Set: 0.4ms
[2022-03-12T04:33:35.224+0800][422.845s] GC(66)   Other: 0.2ms
[2022-03-12T04:33:35.224+0800][422.845s] GC(66) Eden regions: 1->0(24)
[2022-03-12T04:33:35.224+0800][422.845s] GC(66) Survivor regions: 0->1(2)
[2022-03-12T04:33:35.224+0800][422.845s] GC(66) Old regions: 473->473
[2022-03-12T04:33:35.224+0800][422.845s] GC(66) Archive regions: 0->0
[2022-03-12T04:33:35.224+0800][422.845s] GC(66) Humongous regions: 36->36
[2022-03-12T04:33:35.224+0800][422.845s] GC(66) Metaspace: 49956K(50368K)->49956K(50368K) NonClass: 43981K(44224K)->43981K(44224K) Class: 5974K(6144K)->5974K(6144K)
[2022-03-12T04:33:35.224+0800][422.845s] GC(66) Pause Young (Normal) (G1 Preventive Collection) 504M->504M(512M) 2.784ms
[2022-03-12T04:33:35.224+0800][422.845s] GC(66) User=0.00s Sys=0.00s Real=0.00s
[2022-03-12T04:33:35.224+0800][422.847s] GC(67) Pause Young (Concurrent Start) (G1 Preventive Collection)
[2022-03-12T04:33:35.224+0800][422.847s] GC(67) Using 8 workers of 8 for evacuation
[2022-03-12T04:33:35.236+0800][422.851s] GC(67) To-space exhausted
[2022-03-12T04:33:35.236+0800][422.851s] GC(67)   Pre Evacuate Collection Set: 0.2ms
[2022-03-12T04:33:35.236+0800][422.851s] GC(67)   Merge Heap Roots: 0.0ms
[2022-03-12T04:33:35.236+0800][422.851s] GC(67)   Evacuate Collection Set: 1.9ms
[2022-03-12T04:33:35.236+0800][422.851s] GC(67)   Post Evacuate Collection Set: 1.5ms
[2022-03-12T04:33:35.236+0800][422.851s] GC(67)   Other: 0.3ms
[2022-03-12T04:33:35.236+0800][422.851s] GC(67) Eden regions: 1->0(24)
[2022-03-12T04:33:35.236+0800][422.851s] GC(67) Survivor regions: 1->1(1)
[2022-03-12T04:33:35.236+0800][422.851s] GC(67) Old regions: 473->475
[2022-03-12T04:33:35.236+0800][422.851s] GC(67) Archive regions: 0->0
[2022-03-12T04:33:35.236+0800][422.851s] GC(67) Humongous regions: 36->36
[2022-03-12T04:33:35.236+0800][422.851s] GC(67) Metaspace: 49956K(50368K)->49956K(50368K) NonClass: 43981K(44224K)->43981K(44224K) Class: 5974K(6144K)->5974K(6144K)
[2022-03-12T04:33:35.236+0800][422.852s] GC(67) Pause Young (Concurrent Start) (G1 Preventive Collection) 505M->506M(512M) 4.186ms
[2022-03-12T04:33:35.236+0800][422.852s] GC(67) User=0.00s Sys=0.00s Real=0.01s
[2022-03-12T04:33:35.236+0800][422.852s] Attempting full compaction
[2022-03-12T04:33:35.236+0800][422.852s] GC(68) Concurrent Mark Cycle
[2022-03-12T04:33:35.236+0800][422.852s] GC(69) Using 8 workers of 8 for full compaction
[2022-03-12T04:33:35.236+0800][422.852s] GC(68) Concurrent Clear Claimed Marks
[2022-03-12T04:33:35.236+0800][422.852s] GC(68) Concurrent Clear Claimed Marks 0.105ms
[2022-03-12T04:33:35.236+0800][422.852s] GC(68) Concurrent Scan Root Regions
[2022-03-12T04:33:35.236+0800][422.852s] GC(69) Pause Full (G1 Compaction Pause)
[2022-03-12T04:33:35.236+0800][422.853s] GC(68) Concurrent Scan Root Regions 1.321ms
[2022-03-12T04:33:35.236+0800][422.853s] GC(68) Concurrent Mark
[2022-03-12T04:33:35.236+0800][422.853s] GC(68) Concurrent Mark From Roots
[2022-03-12T04:33:35.236+0800][422.853s] GC(68) Using 2 workers of 2 for marking
[2022-03-12T04:33:35.236+0800][422.854s] GC(69) Phase 1: Mark live objects
[2022-03-12T04:33:35.637+0800][423.253s] GC(69) Phase 1: Mark live objects 399.357ms
[2022-03-12T04:33:35.637+0800][423.253s] GC(69) Phase 2: Prepare for compaction
[2022-03-12T04:33:35.638+0800][423.255s] GC(69) Phase 2: Prepare for compaction 1.741ms
[2022-03-12T04:33:35.638+0800][423.255s] GC(69) Phase 3: Adjust pointers
[2022-03-12T04:33:35.747+0800][423.367s] GC(69) Phase 3: Adjust pointers 112.324ms
[2022-03-12T04:33:35.747+0800][423.367s] GC(69) Phase 4: Compact heap
[2022-03-12T04:33:35.747+0800][423.368s] GC(69) Phase 4: Compact heap 0.751ms
[2022-03-12T04:33:35.762+0800][423.378s] GC(69) Eden regions: 0->0(25)
[2022-03-12T04:33:35.762+0800][423.378s] GC(69) Survivor regions: 1->0(1)
[2022-03-12T04:33:35.762+0800][423.378s] GC(69) Old regions: 475->474
[2022-03-12T04:33:35.762+0800][423.378s] GC(69) Archive regions: 0->0
[2022-03-12T04:33:35.762+0800][423.378s] GC(69) Humongous regions: 36->36
[2022-03-12T04:33:35.762+0800][423.378s] GC(69) Metaspace: 49956K(50368K)->49956K(50368K) NonClass: 43981K(44224K)->43981K(44224K) Class: 5974K(6144K)->5974K(6144K)
[2022-03-12T04:33:35.762+0800][423.378s] GC(69) Pause Full (G1 Compaction Pause) 506M->505M(512M) 525.920ms
[2022-03-12T04:33:35.762+0800][423.379s] GC(69) User=3.97s Sys=0.00s Real=0.53s
[2022-03-12T04:33:35.762+0800][423.379s] GC(68) Concurrent Mark From Roots 525.444ms
[2022-03-12T04:33:35.762+0800][423.379s] GC(68) Concurrent Mark Abort
[2022-03-12T04:33:35.762+0800][423.379s] GC(68) Concurrent Mark Cycle 527.263ms
[2022-03-12T04:33:35.762+0800][423.381s] GC(70) Pause Young (Normal) (G1 Preventive Collection)
[2022-03-12T04:33:35.762+0800][423.381s] GC(70) Using 8 workers of 8 for evacuation
[2022-03-12T04:33:35.768+0800][423.383s] GC(70)   Pre Evacuate Collection Set: 0.1ms
[2022-03-12T04:33:35.768+0800][423.384s] GC(70)   Merge Heap Roots: 0.1ms
[2022-03-12T04:33:35.768+0800][423.384s] GC(70)   Evacuate Collection Set: 1.6ms
[2022-03-12T04:33:35.768+0800][423.384s] GC(70)   Post Evacuate Collection Set: 0.3ms
[2022-03-12T04:33:35.768+0800][423.384s] GC(70)   Other: 0.3ms
[2022-03-12T04:33:35.768+0800][423.384s] GC(70) Eden regions: 1->0(24)
[2022-03-12T04:33:35.768+0800][423.384s] GC(70) Survivor regions: 0->1(1)
[2022-03-12T04:33:35.769+0800][423.384s] GC(70) Old regions: 474->474
[2022-03-12T04:33:35.769+0800][423.384s] GC(70) Archive regions: 0->0
[2022-03-12T04:33:35.769+0800][423.384s] GC(70) Humongous regions: 36->36
[2022-03-12T04:33:35.769+0800][423.384s] GC(70) Metaspace: 49957K(50368K)->49957K(50368K) NonClass: 43982K(44224K)->43982K(44224K) Class: 5974K(6144K)->5974K(6144K)
[2022-03-12T04:33:35.769+0800][423.384s] GC(70) Pause Young (Normal) (G1 Preventive Collection) 506M->505M(512M) 2.946ms
[2022-03-12T04:33:35.769+0800][423.384s] GC(70) User=0.00s Sys=0.00s Real=0.01s
[2022-03-12T04:33:35.769+0800][423.386s] GC(71) Pause Young (Concurrent Start) (G1 Evacuation Pause)
[2022-03-12T04:33:35.769+0800][423.386s] GC(71) Using 8 workers of 8 for evacuation
[2022-03-12T04:33:35.777+0800][423.396s] GC(71) To-space exhausted
[2022-03-12T04:33:35.777+0800][423.396s] GC(71)   Pre Evacuate Collection Set: 0.2ms
[2022-03-12T04:33:35.777+0800][423.396s] GC(71)   Merge Heap Roots: 0.1ms
[2022-03-12T04:33:35.777+0800][423.396s] GC(71)   Evacuate Collection Set: 4.0ms
[2022-03-12T04:33:35.777+0800][423.396s] GC(71)   Post Evacuate Collection Set: 4.7ms
[2022-03-12T04:33:35.777+0800][423.396s] GC(71)   Other: 0.5ms
[2022-03-12T04:33:35.777+0800][423.396s] GC(71) Eden regions: 1->0(25)
[2022-03-12T04:33:35.777+0800][423.396s] GC(71) Survivor regions: 1->0(0)
[2022-03-12T04:33:35.777+0800][423.396s] GC(71) Old regions: 474->476
[2022-03-12T04:33:35.777+0800][423.396s] GC(71) Archive regions: 0->0
[2022-03-12T04:33:35.777+0800][423.396s] GC(71) Humongous regions: 36->36
[2022-03-12T04:33:35.777+0800][423.396s] GC(71) Metaspace: 49957K(50368K)->49957K(50368K) NonClass: 43982K(44224K)->43982K(44224K) Class: 5974K(6144K)->5974K(6144K)
[2022-03-12T04:33:35.777+0800][423.396s] GC(71) Pause Young (Concurrent Start) (G1 Evacuation Pause) 506M->506M(512M) 9.898ms
[2022-03-12T04:33:35.777+0800][423.396s] GC(71) User=0.03s Sys=0.02s Real=0.01s
[2022-03-12T04:33:35.777+0800][423.396s] Attempting full compaction
[2022-03-12T04:33:35.777+0800][423.396s] GC(72) Concurrent Mark Cycle
[2022-03-12T04:33:35.777+0800][423.397s] GC(73) Using 8 workers of 8 for full compaction
[2022-03-12T04:33:35.777+0800][423.397s] GC(72) Concurrent Clear Claimed Marks
[2022-03-12T04:33:35.777+0800][423.397s] GC(72) Concurrent Clear Claimed Marks 0.129ms
[2022-03-12T04:33:35.777+0800][423.397s] GC(72) Concurrent Scan Root Regions
[2022-03-12T04:33:35.777+0800][423.397s] GC(72) Concurrent Scan Root Regions 0.040ms
[2022-03-12T04:33:35.777+0800][423.397s] GC(72) Concurrent Mark
[2022-03-12T04:33:35.777+0800][423.397s] GC(72) Concurrent Mark From Roots
[2022-03-12T04:33:35.777+0800][423.397s] GC(72) Using 2 workers of 2 for marking
[2022-03-12T04:33:35.777+0800][423.397s] GC(73) Pause Full (G1 Compaction Pause)
[2022-03-12T04:33:35.777+0800][423.398s] GC(73) Phase 1: Mark live objects
[2022-03-12T04:33:36.198+0800][423.815s] GC(73) Phase 1: Mark live objects 417.175ms
[2022-03-12T04:33:36.198+0800][423.815s] GC(73) Phase 2: Prepare for compaction
[2022-03-12T04:33:36.202+0800][423.817s] GC(73) Phase 2: Prepare for compaction 2.658ms
[2022-03-12T04:33:36.202+0800][423.818s] GC(73) Phase 3: Adjust pointers
[2022-03-12T04:33:36.305+0800][423.920s] GC(73) Phase 3: Adjust pointers 102.686ms
[2022-03-12T04:33:36.305+0800][423.920s] GC(73) Phase 4: Compact heap
[2022-03-12T04:33:36.306+0800][423.921s] GC(73) Phase 4: Compact heap 0.875ms
[2022-03-12T04:33:36.308+0800][423.928s] GC(73) Eden regions: 0->0(25)
[2022-03-12T04:33:36.308+0800][423.928s] GC(73) Survivor regions: 0->0(0)
[2022-03-12T04:33:36.308+0800][423.929s] GC(73) Old regions: 476->474
[2022-03-12T04:33:36.308+0800][423.929s] GC(73) Archive regions: 0->0
[2022-03-12T04:33:36.308+0800][423.929s] GC(73) Humongous regions: 36->36
[2022-03-12T04:33:36.308+0800][423.929s] GC(73) Metaspace: 49957K(50368K)->49957K(50368K) NonClass: 43982K(44224K)->43982K(44224K) Class: 5974K(6144K)->5974K(6144K)
[2022-03-12T04:33:36.308+0800][423.929s] GC(73) Pause Full (G1 Compaction Pause) 506M->506M(512M) 531.671ms
[2022-03-12T04:33:36.308+0800][423.930s] GC(73) User=4.05s Sys=0.05s Real=0.53s
[2022-03-12T04:33:36.308+0800][423.930s] GC(72) Concurrent Mark From Roots 532.836ms
[2022-03-12T04:33:36.308+0800][423.930s] GC(72) Concurrent Mark Abort
[2022-03-12T04:33:36.308+0800][423.930s] GC(72) Concurrent Mark Cycle 533.364ms
[2022-03-12T04:33:36.308+0800][423.931s] GC(74) Pause Young (Normal) (G1 Preventive Collection)
[2022-03-12T04:33:36.308+0800][423.931s] GC(74) Using 8 workers of 8 for evacuation
[2022-03-12T04:33:36.318+0800][423.933s] GC(74)   Pre Evacuate Collection Set: 0.1ms
[2022-03-12T04:33:36.318+0800][423.934s] GC(74)   Merge Heap Roots: 0.1ms
[2022-03-12T04:33:36.318+0800][423.934s] GC(74)   Evacuate Collection Set: 1.4ms
[2022-03-12T04:33:36.318+0800][423.934s] GC(74)   Post Evacuate Collection Set: 0.4ms
[2022-03-12T04:33:36.318+0800][423.934s] GC(74)   Other: 0.3ms
[2022-03-12T04:33:36.318+0800][423.934s] GC(74) Eden regions: 1->0(24)
[2022-03-12T04:33:36.318+0800][423.934s] GC(74) Survivor regions: 0->1(1)
[2022-03-12T04:33:36.318+0800][423.934s] GC(74) Old regions: 474->474
[2022-03-12T04:33:36.318+0800][423.934s] GC(74) Archive regions: 0->0
[2022-03-12T04:33:36.318+0800][423.934s] GC(74) Humongous regions: 36->36
[2022-03-12T04:33:36.318+0800][423.934s] GC(74) Metaspace: 49958K(50368K)->49958K(50368K) NonClass: 43984K(44224K)->43984K(44224K) Class: 5974K(6144K)->5974K(6144K)
[2022-03-12T04:33:36.318+0800][423.934s] GC(74) Pause Young (Normal) (G1 Preventive Collection) 507M->506M(512M) 2.719ms
[2022-03-12T04:33:36.318+0800][423.934s] GC(74) User=0.02s Sys=0.00s Real=0.01s
[2022-03-12T04:33:36.318+0800][423.938s] GC(75) Pause Young (Concurrent Start) (G1 Evacuation Pause)
[2022-03-12T04:33:36.318+0800][423.938s] GC(75) Using 8 workers of 8 for evacuation
[2022-03-12T04:33:36.328+0800][423.948s] GC(75) To-space exhausted
[2022-03-12T04:33:36.328+0800][423.948s] GC(75)   Pre Evacuate Collection Set: 0.1ms
[2022-03-12T04:33:36.328+0800][423.949s] GC(75)   Merge Heap Roots: 0.1ms
[2022-03-12T04:33:36.328+0800][423.949s] GC(75)   Evacuate Collection Set: 4.0ms
[2022-03-12T04:33:36.328+0800][423.949s] GC(75)   Post Evacuate Collection Set: 6.4ms
[2022-03-12T04:33:36.328+0800][423.949s] GC(75)   Other: 0.3ms
[2022-03-12T04:33:36.328+0800][423.949s] GC(75) Eden regions: 1->0(25)
[2022-03-12T04:33:36.328+0800][423.949s] GC(75) Survivor regions: 1->0(0)
[2022-03-12T04:33:36.328+0800][423.949s] GC(75) Old regions: 474->476
[2022-03-12T04:33:36.328+0800][423.949s] GC(75) Archive regions: 0->0
[2022-03-12T04:33:36.328+0800][423.949s] GC(75) Humongous regions: 36->36
[2022-03-12T04:33:36.328+0800][423.949s] GC(75) Metaspace: 49959K(50368K)->49959K(50368K) NonClass: 43984K(44224K)->43984K(44224K) Class: 5974K(6144K)->5974K(6144K)
[2022-03-12T04:33:36.328+0800][423.949s] GC(75) Pause Young (Concurrent Start) (G1 Evacuation Pause) 507M->507M(512M) 11.314ms
[2022-03-12T04:33:36.328+0800][423.949s] GC(75) User=0.00s Sys=0.00s Real=0.01s
[2022-03-12T04:33:36.328+0800][423.949s] Attempting full compaction
[2022-03-12T04:33:36.328+0800][423.949s] GC(76) Concurrent Mark Cycle
[2022-03-12T04:33:36.328+0800][423.949s] GC(77) Using 8 workers of 8 for full compaction
[2022-03-12T04:33:36.328+0800][423.949s] GC(76) Concurrent Clear Claimed Marks
[2022-03-12T04:33:36.328+0800][423.949s] GC(76) Concurrent Clear Claimed Marks 0.100ms
[2022-03-12T04:33:36.328+0800][423.949s] GC(76) Concurrent Scan Root Regions
[2022-03-12T04:33:36.328+0800][423.949s] GC(76) Concurrent Scan Root Regions 0.042ms
[2022-03-12T04:33:36.328+0800][423.949s] GC(76) Concurrent Mark
[2022-03-12T04:33:36.328+0800][423.949s] GC(76) Concurrent Mark From Roots
[2022-03-12T04:33:36.328+0800][423.949s] GC(76) Using 2 workers of 2 for marking
[2022-03-12T04:33:36.328+0800][423.949s] GC(77) Pause Full (G1 Compaction Pause)
[2022-03-12T04:33:36.334+0800][423.950s] GC(77) Phase 1: Mark live objects
[2022-03-12T04:33:36.694+0800][424.310s] GC(77) Phase 1: Mark live objects 359.771ms
[2022-03-12T04:33:36.694+0800][424.310s] GC(77) Phase 2: Prepare for compaction
[2022-03-12T04:33:36.697+0800][424.312s] GC(77) Phase 2: Prepare for compaction 2.506ms
[2022-03-12T04:33:36.697+0800][424.312s] GC(77) Phase 3: Adjust pointers
[2022-03-12T04:33:36.788+0800][424.404s] GC(77) Phase 3: Adjust pointers 91.868ms
[2022-03-12T04:33:36.788+0800][424.404s] GC(77) Phase 4: Compact heap
[2022-03-12T04:33:36.790+0800][424.406s] GC(77) Phase 4: Compact heap 2.104ms
[2022-03-12T04:33:36.798+0800][424.416s] GC(77) Eden regions: 0->0(25)
[2022-03-12T04:33:36.798+0800][424.416s] GC(77) Survivor regions: 0->0(0)
[2022-03-12T04:33:36.798+0800][424.416s] GC(77) Old regions: 476->475
[2022-03-12T04:33:36.798+0800][424.416s] GC(77) Archive regions: 0->0
[2022-03-12T04:33:36.798+0800][424.416s] GC(77) Humongous regions: 36->36
[2022-03-12T04:33:36.798+0800][424.417s] GC(77) Metaspace: 49959K(50368K)->49959K(50368K) NonClass: 43984K(44224K)->43984K(44224K) Class: 5974K(6144K)->5974K(6144K)
[2022-03-12T04:33:36.798+0800][424.417s] GC(77) Pause Full (G1 Compaction Pause) 507M->507M(512M) 467.166ms
[2022-03-12T04:33:36.798+0800][424.418s] GC(77) User=2.84s Sys=0.02s Real=0.47s
[2022-03-12T04:33:36.798+0800][424.418s] GC(76) Concurrent Mark From Roots 468.384ms
[2022-03-12T04:33:36.798+0800][424.418s] GC(76) Concurrent Mark Abort
[2022-03-12T04:33:36.798+0800][424.418s] GC(76) Concurrent Mark Cycle 468.886ms
[2022-03-12T04:33:36.798+0800][424.418s] GC(78) Pause Young (Concurrent Start) (G1 Humongous Allocation)
[2022-03-12T04:33:36.798+0800][424.418s] GC(78) Using 8 workers of 8 for evacuation
[2022-03-12T04:33:36.805+0800][424.420s] GC(78) To-space exhausted
[2022-03-12T04:33:36.805+0800][424.420s] GC(78)   Pre Evacuate Collection Set: 0.1ms
[2022-03-12T04:33:36.805+0800][424.420s] GC(78)   Merge Heap Roots: 0.1ms
[2022-03-12T04:33:36.805+0800][424.420s] GC(78)   Evacuate Collection Set: 0.9ms
[2022-03-12T04:33:36.805+0800][424.420s] GC(78)   Post Evacuate Collection Set: 0.7ms
[2022-03-12T04:33:36.805+0800][424.420s] GC(78)   Other: 0.4ms
[2022-03-12T04:33:36.805+0800][424.421s] GC(78) Eden regions: 1->0(25)
[2022-03-12T04:33:36.805+0800][424.421s] GC(78) Survivor regions: 0->0(0)
[2022-03-12T04:33:36.805+0800][424.421s] GC(78) Old regions: 475->476
[2022-03-12T04:33:36.805+0800][424.421s] GC(78) Archive regions: 0->0
[2022-03-12T04:33:36.805+0800][424.421s] GC(78) Humongous regions: 36->36
[2022-03-12T04:33:36.805+0800][424.421s] GC(78) Metaspace: 49959K(50368K)->49959K(50368K) NonClass: 43984K(44224K)->43984K(44224K) Class: 5974K(6144K)->5974K(6144K)
[2022-03-12T04:33:36.805+0800][424.421s] GC(78) Pause Young (Concurrent Start) (G1 Humongous Allocation) 507M->507M(512M) 2.682ms
[2022-03-12T04:33:36.805+0800][424.421s] GC(78) User=0.11s Sys=0.00s Real=0.01s
[2022-03-12T04:33:36.805+0800][424.421s] Attempting full compaction clearing soft references
[2022-03-12T04:33:36.805+0800][424.421s] GC(79) Concurrent Mark Cycle
[2022-03-12T04:33:36.805+0800][424.421s] GC(80) Using 8 workers of 8 for full compaction
[2022-03-12T04:33:36.805+0800][424.421s] GC(79) Concurrent Clear Claimed Marks
[2022-03-12T04:33:36.805+0800][424.421s] GC(79) Concurrent Clear Claimed Marks 0.139ms
[2022-03-12T04:33:36.805+0800][424.421s] GC(79) Concurrent Scan Root Regions
[2022-03-12T04:33:36.805+0800][424.421s] GC(79) Concurrent Scan Root Regions 0.042ms
[2022-03-12T04:33:36.805+0800][424.421s] GC(79) Concurrent Mark
[2022-03-12T04:33:36.805+0800][424.421s] GC(79) Concurrent Mark From Roots
[2022-03-12T04:33:36.805+0800][424.421s] GC(79) Using 2 workers of 2 for marking
[2022-03-12T04:33:36.805+0800][424.422s] GC(80) Pause Full (G1 Compaction Pause)
[2022-03-12T04:33:36.805+0800][424.422s] GC(80) Phase 1: Mark live objects
[2022-03-12T04:33:37.169+0800][424.787s] GC(80) Phase 1: Mark live objects 365.373ms
[2022-03-12T04:33:37.169+0800][424.787s] GC(80) Phase 2: Prepare for compaction
[2022-03-12T04:33:37.178+0800][424.794s] GC(80) Phase 2: Prepare for compaction 6.368ms
[2022-03-12T04:33:37.178+0800][424.794s] GC(80) Phase 3: Adjust pointers
[2022-03-12T04:33:37.286+0800][424.901s] GC(80) Phase 3: Adjust pointers 107.435ms
[2022-03-12T04:33:37.286+0800][424.901s] GC(80) Phase 4: Compact heap
[2022-03-12T04:33:37.288+0800][424.903s] GC(80) Phase 4: Compact heap 1.714ms
[2022-03-12T04:33:37.289+0800][424.907s] GC(80) Eden regions: 0->0(25)
[2022-03-12T04:33:37.289+0800][424.907s] GC(80) Survivor regions: 0->0(0)
[2022-03-12T04:33:37.289+0800][424.907s] GC(80) Old regions: 476->472
[2022-03-12T04:33:37.289+0800][424.907s] GC(80) Archive regions: 0->0
[2022-03-12T04:33:37.289+0800][424.907s] GC(80) Humongous regions: 36->36
[2022-03-12T04:33:37.289+0800][424.907s] GC(80) Metaspace: 49959K(50368K)->49959K(50368K) NonClass: 43984K(44224K)->43984K(44224K) Class: 5974K(6144K)->5974K(6144K)
[2022-03-12T04:33:37.289+0800][424.907s] GC(80) Pause Full (G1 Compaction Pause) 507M->507M(512M) 485.344ms
[2022-03-12T04:33:37.289+0800][424.907s] GC(80) User=3.14s Sys=0.00s Real=0.48s
[2022-03-12T04:33:37.289+0800][424.907s] GC(79) Concurrent Mark From Roots 485.900ms
[2022-03-12T04:33:37.289+0800][424.907s] GC(79) Concurrent Mark Abort
[2022-03-12T04:33:37.289+0800][424.907s] GC(79) Concurrent Mark Cycle 486.465ms
[2022-03-12T04:33:37.305+0800][424.923s] GC(81) Pause Young (Normal) (G1 Preventive Collection)
[2022-03-12T04:33:37.305+0800][424.923s] GC(81) Using 8 workers of 8 for evacuation
[2022-03-12T04:33:37.313+0800][424.929s] GC(81)   Pre Evacuate Collection Set: 0.1ms
[2022-03-12T04:33:37.313+0800][424.929s] GC(81)   Merge Heap Roots: 0.2ms
[2022-03-12T04:33:37.313+0800][424.929s] GC(81)   Evacuate Collection Set: 5.0ms
[2022-03-12T04:33:37.313+0800][424.929s] GC(81)   Post Evacuate Collection Set: 0.5ms
[2022-03-12T04:33:37.313+0800][424.929s] GC(81)   Other: 0.3ms
[2022-03-12T04:33:37.313+0800][424.929s] GC(81) Eden regions: 1->0(24)
[2022-03-12T04:33:37.313+0800][424.930s] GC(81) Survivor regions: 0->1(1)
[2022-03-12T04:33:37.313+0800][424.930s] GC(81) Old regions: 472->472
[2022-03-12T04:33:37.313+0800][424.930s] GC(81) Archive regions: 0->0
[2022-03-12T04:33:37.313+0800][424.930s] GC(81) Humongous regions: 38->38
[2022-03-12T04:33:37.313+0800][424.930s] GC(81) Metaspace: 49960K(50368K)->49960K(50368K) NonClass: 43985K(44224K)->43985K(44224K) Class: 5974K(6144K)->5974K(6144K)
[2022-03-12T04:33:37.313+0800][424.930s] GC(81) Pause Young (Normal) (G1 Preventive Collection) 510M->509M(512M) 6.447ms
[2022-03-12T04:33:37.313+0800][424.930s] GC(81) User=0.00s Sys=0.00s Real=0.01s
[2022-03-12T04:33:37.313+0800][424.932s] GC(82) Pause Young (Concurrent Start) (G1 Evacuation Pause)
[2022-03-12T04:33:37.313+0800][424.932s] GC(82) Using 8 workers of 8 for evacuation
[2022-03-12T04:33:37.320+0800][424.939s] GC(82) To-space exhausted
[2022-03-12T04:33:37.320+0800][424.939s] GC(82)   Pre Evacuate Collection Set: 0.2ms
[2022-03-12T04:33:37.320+0800][424.939s] GC(82)   Merge Heap Roots: 0.1ms
[2022-03-12T04:33:37.320+0800][424.939s] GC(82)   Evacuate Collection Set: 2.6ms
[2022-03-12T04:33:37.320+0800][424.939s] GC(82)   Post Evacuate Collection Set: 4.0ms
[2022-03-12T04:33:37.320+0800][424.939s] GC(82)   Other: 0.5ms
[2022-03-12T04:33:37.320+0800][424.939s] GC(82) Eden regions: 1->0(25)
[2022-03-12T04:33:37.320+0800][424.939s] GC(82) Survivor regions: 1->0(0)
[2022-03-12T04:33:37.320+0800][424.940s] GC(82) Old regions: 472->474
[2022-03-12T04:33:37.320+0800][424.940s] GC(82) Archive regions: 0->0
[2022-03-12T04:33:37.320+0800][424.940s] GC(82) Humongous regions: 38->38
[2022-03-12T04:33:37.320+0800][424.940s] GC(82) Metaspace: 49960K(50368K)->49960K(50368K) NonClass: 43985K(44224K)->43985K(44224K) Class: 5974K(6144K)->5974K(6144K)
[2022-03-12T04:33:37.320+0800][424.940s] GC(82) Pause Young (Concurrent Start) (G1 Evacuation Pause) 510M->510M(512M) 7.762ms
[2022-03-12T04:33:37.320+0800][424.940s] GC(82) User=0.08s Sys=0.00s Real=0.01s
[2022-03-12T04:33:37.320+0800][424.940s] Attempting full compaction
[2022-03-12T04:33:37.320+0800][424.940s] GC(83) Concurrent Mark Cycle
[2022-03-12T04:33:37.320+0800][424.940s] GC(84) Using 8 workers of 8 for full compaction
[2022-03-12T04:33:37.320+0800][424.940s] GC(83) Concurrent Clear Claimed Marks
[2022-03-12T04:33:37.320+0800][424.940s] GC(83) Concurrent Clear Claimed Marks 0.113ms
[2022-03-12T04:33:37.320+0800][424.940s] GC(83) Concurrent Scan Root Regions
[2022-03-12T04:33:37.320+0800][424.940s] GC(83) Concurrent Scan Root Regions 0.027ms
[2022-03-12T04:33:37.320+0800][424.940s] GC(83) Concurrent Mark
[2022-03-12T04:33:37.320+0800][424.940s] GC(83) Concurrent Mark From Roots
[2022-03-12T04:33:37.320+0800][424.940s] GC(83) Using 2 workers of 2 for marking
[2022-03-12T04:33:37.320+0800][424.940s] GC(84) Pause Full (G1 Compaction Pause)
[2022-03-12T04:33:37.320+0800][424.941s] GC(84) Phase 1: Mark live objects
[2022-03-12T04:33:37.733+0800][425.349s] GC(84) Phase 1: Mark live objects 407.911ms
[2022-03-12T04:33:37.733+0800][425.349s] GC(84) Phase 2: Prepare for compaction
[2022-03-12T04:33:37.734+0800][425.350s] GC(84) Phase 2: Prepare for compaction 1.012ms
[2022-03-12T04:33:37.734+0800][425.350s] GC(84) Phase 3: Adjust pointers
[2022-03-12T04:33:37.843+0800][425.459s] GC(84) Phase 3: Adjust pointers 109.440ms
[2022-03-12T04:33:37.843+0800][425.460s] GC(84) Phase 4: Compact heap
[2022-03-12T04:33:37.843+0800][425.460s] GC(84) Phase 4: Compact heap 0.912ms
[2022-03-12T04:33:37.851+0800][425.467s] GC(84) Eden regions: 0->0(25)
[2022-03-12T04:33:37.851+0800][425.467s] GC(84) Survivor regions: 0->0(0)
[2022-03-12T04:33:37.851+0800][425.467s] GC(84) Old regions: 474->474
[2022-03-12T04:33:37.851+0800][425.467s] GC(84) Archive regions: 0->0
[2022-03-12T04:33:37.851+0800][425.467s] GC(84) Humongous regions: 38->37
[2022-03-12T04:33:37.851+0800][425.467s] GC(84) Metaspace: 49960K(50368K)->49960K(50368K) NonClass: 43985K(44224K)->43985K(44224K) Class: 5974K(6144K)->5974K(6144K)
[2022-03-12T04:33:37.851+0800][425.467s] GC(84) Pause Full (G1 Compaction Pause) 510M->509M(512M) 526.843ms
[2022-03-12T04:33:37.851+0800][425.468s] GC(84) User=3.98s Sys=0.00s Real=0.53s
[2022-03-12T04:33:37.851+0800][425.468s] GC(83) Concurrent Mark From Roots 527.799ms
[2022-03-12T04:33:37.851+0800][425.468s] GC(83) Concurrent Mark Abort
[2022-03-12T04:33:37.851+0800][425.468s] GC(83) Concurrent Mark Cycle 528.232ms
[2022-03-12T04:33:37.851+0800][425.470s] GC(85) Pause Young (Normal) (G1 Evacuation Pause)
[2022-03-12T04:33:37.851+0800][425.470s] GC(85) Using 8 workers of 8 for evacuation
[2022-03-12T04:33:37.859+0800][425.476s] GC(85) To-space exhausted
[2022-03-12T04:33:37.859+0800][425.476s] GC(85)   Pre Evacuate Collection Set: 0.1ms
[2022-03-12T04:33:37.859+0800][425.476s] GC(85)   Merge Heap Roots: 0.1ms
[2022-03-12T04:33:37.859+0800][425.476s] GC(85)   Evacuate Collection Set: 2.2ms
[2022-03-12T04:33:37.859+0800][425.476s] GC(85)   Post Evacuate Collection Set: 3.2ms
[2022-03-12T04:33:37.859+0800][425.476s] GC(85)   Other: 0.2ms
[2022-03-12T04:33:37.859+0800][425.476s] GC(85) Eden regions: 1->0(25)
[2022-03-12T04:33:37.859+0800][425.476s] GC(85) Survivor regions: 0->0(0)
[2022-03-12T04:33:37.859+0800][425.476s] GC(85) Old regions: 474->475
[2022-03-12T04:33:37.859+0800][425.476s] GC(85) Archive regions: 0->0
[2022-03-12T04:33:37.859+0800][425.476s] GC(85) Humongous regions: 37->37
[2022-03-12T04:33:37.859+0800][425.476s] GC(85) Metaspace: 49960K(50368K)->49960K(50368K) NonClass: 43985K(44224K)->43985K(44224K) Class: 5974K(6144K)->5974K(6144K)
[2022-03-12T04:33:37.859+0800][425.476s] GC(85) Pause Young (Normal) (G1 Evacuation Pause) 510M->510M(512M) 6.106ms
[2022-03-12T04:33:37.859+0800][425.476s] GC(85) User=0.00s Sys=0.00s Real=0.01s
[2022-03-12T04:33:37.859+0800][425.476s] Attempting full compaction
[2022-03-12T04:33:37.859+0800][425.476s] GC(86) Using 8 workers of 8 for full compaction
[2022-03-12T04:33:37.859+0800][425.477s] GC(86) Pause Full (G1 Compaction Pause)
[2022-03-12T04:33:37.859+0800][425.477s] GC(86) Phase 1: Mark live objects
[2022-03-12T04:33:38.245+0800][425.863s] GC(86) Phase 1: Mark live objects 386.496ms
[2022-03-12T04:33:38.245+0800][425.863s] GC(86) Phase 2: Prepare for compaction
[2022-03-12T04:33:38.251+0800][425.867s] GC(86) Phase 2: Prepare for compaction 3.293ms
[2022-03-12T04:33:38.251+0800][425.867s] GC(86) Phase 3: Adjust pointers
[2022-03-12T04:33:38.353+0800][425.968s] GC(86) Phase 3: Adjust pointers 101.457ms
[2022-03-12T04:33:38.353+0800][425.968s] GC(86) Phase 4: Compact heap
[2022-03-12T04:33:38.355+0800][425.970s] GC(86) Phase 4: Compact heap 1.907ms
[2022-03-12T04:33:38.358+0800][425.979s] GC(86) Eden regions: 0->0(25)
[2022-03-12T04:33:38.358+0800][425.979s] GC(86) Survivor regions: 0->0(0)
[2022-03-12T04:33:38.358+0800][425.979s] GC(86) Old regions: 475->474
[2022-03-12T04:33:38.358+0800][425.979s] GC(86) Archive regions: 0->0
[2022-03-12T04:33:38.358+0800][425.979s] GC(86) Humongous regions: 37->37
[2022-03-12T04:33:38.358+0800][425.979s] GC(86) Metaspace: 49960K(50368K)->49960K(50368K) NonClass: 43985K(44224K)->43985K(44224K) Class: 5974K(6144K)->5974K(6144K)
[2022-03-12T04:33:38.358+0800][425.979s] GC(86) Pause Full (G1 Compaction Pause) 510M->509M(512M) 502.403ms
[2022-03-12T04:33:38.358+0800][425.980s] GC(86) User=3.50s Sys=0.03s Real=0.50s
[2022-03-12T04:33:38.366+0800][425.984s] GC(87) Pause Young (Concurrent Start) (G1 Evacuation Pause)
[2022-03-12T04:33:38.366+0800][425.984s] GC(87) Using 8 workers of 8 for evacuation
[2022-03-12T04:33:38.369+0800][425.991s] GC(87) To-space exhausted
[2022-03-12T04:33:38.369+0800][425.991s] GC(87)   Pre Evacuate Collection Set: 0.2ms
[2022-03-12T04:33:38.369+0800][425.991s] GC(87)   Merge Heap Roots: 0.1ms
[2022-03-12T04:33:38.369+0800][425.991s] GC(87)   Evacuate Collection Set: 2.9ms
[2022-03-12T04:33:38.369+0800][425.991s] GC(87)   Post Evacuate Collection Set: 4.1ms
[2022-03-12T04:33:38.369+0800][425.992s] GC(87)   Other: 0.4ms
[2022-03-12T04:33:38.369+0800][425.992s] GC(87) Eden regions: 1->0(25)
[2022-03-12T04:33:38.369+0800][425.992s] GC(87) Survivor regions: 0->0(0)
[2022-03-12T04:33:38.369+0800][425.992s] GC(87) Old regions: 474->475
[2022-03-12T04:33:38.369+0800][425.992s] GC(87) Archive regions: 0->0
[2022-03-12T04:33:38.369+0800][425.992s] GC(87) Humongous regions: 37->37
[2022-03-12T04:33:38.369+0800][425.992s] GC(87) Metaspace: 49960K(50368K)->49960K(50368K) NonClass: 43985K(44224K)->43985K(44224K) Class: 5974K(6144K)->5974K(6144K)
[2022-03-12T04:33:38.369+0800][425.992s] GC(87) Pause Young (Concurrent Start) (G1 Evacuation Pause) 510M->510M(512M) 8.058ms
[2022-03-12T04:33:38.369+0800][425.992s] GC(87) User=0.00s Sys=0.00s Real=0.00s
[2022-03-12T04:33:38.369+0800][425.992s] Attempting full compaction
[2022-03-12T04:33:38.369+0800][425.992s] GC(88) Concurrent Mark Cycle
[2022-03-12T04:33:38.369+0800][425.992s] GC(89) Using 8 workers of 8 for full compaction
[2022-03-12T04:33:38.369+0800][425.992s] GC(88) Concurrent Clear Claimed Marks
[2022-03-12T04:33:38.377+0800][425.992s] GC(88) Concurrent Clear Claimed Marks 0.101ms
[2022-03-12T04:33:38.377+0800][425.992s] GC(88) Concurrent Scan Root Regions
[2022-03-12T04:33:38.377+0800][425.992s] GC(88) Concurrent Scan Root Regions 0.014ms
[2022-03-12T04:33:38.377+0800][425.992s] GC(88) Concurrent Mark
[2022-03-12T04:33:38.377+0800][425.992s] GC(88) Concurrent Mark From Roots
[2022-03-12T04:33:38.377+0800][425.992s] GC(88) Using 2 workers of 2 for marking
[2022-03-12T04:33:38.377+0800][425.992s] GC(89) Pause Full (G1 Compaction Pause)
[2022-03-12T04:33:38.377+0800][425.993s] GC(89) Phase 1: Mark live objects
[2022-03-12T04:33:38.778+0800][426.395s] GC(89) Phase 1: Mark live objects 402.356ms
[2022-03-12T04:33:38.778+0800][426.395s] GC(89) Phase 2: Prepare for compaction
[2022-03-12T04:33:38.778+0800][426.397s] GC(89) Phase 2: Prepare for compaction 1.793ms
[2022-03-12T04:33:38.778+0800][426.397s] GC(89) Phase 3: Adjust pointers
[2022-03-12T04:33:38.887+0800][426.503s] GC(89) Phase 3: Adjust pointers 105.894ms
[2022-03-12T04:33:38.887+0800][426.503s] GC(89) Phase 4: Compact heap
[2022-03-12T04:33:38.888+0800][426.504s] GC(89) Phase 4: Compact heap 1.013ms
[2022-03-12T04:33:38.893+0800][426.514s] GC(89) Eden regions: 0->0(25)
[2022-03-12T04:33:38.893+0800][426.514s] GC(89) Survivor regions: 0->0(0)
[2022-03-12T04:33:38.893+0800][426.514s] GC(89) Old regions: 475->474
[2022-03-12T04:33:38.893+0800][426.514s] GC(89) Archive regions: 0->0
[2022-03-12T04:33:38.893+0800][426.514s] GC(89) Humongous regions: 37->37
[2022-03-12T04:33:38.893+0800][426.514s] GC(89) Metaspace: 49960K(50368K)->49960K(50368K) NonClass: 43985K(44224K)->43985K(44224K) Class: 5974K(6144K)->5974K(6144K)
[2022-03-12T04:33:38.893+0800][426.514s] GC(89) Pause Full (G1 Compaction Pause) 510M->510M(512M) 521.851ms
[2022-03-12T04:33:38.893+0800][426.515s] GC(89) User=3.62s Sys=0.02s Real=0.52s
[2022-03-12T04:33:38.900+0800][426.515s] GC(88) Concurrent Mark From Roots 522.962ms
[2022-03-12T04:33:38.900+0800][426.515s] GC(88) Concurrent Mark Abort
[2022-03-12T04:33:38.900+0800][426.515s] GC(88) Concurrent Mark Cycle 523.341ms
[2022-03-12T04:33:38.900+0800][426.518s] GC(90) Pause Young (Normal) (G1 Evacuation Pause)
[2022-03-12T04:33:38.900+0800][426.518s] GC(90) Using 8 workers of 8 for evacuation
[2022-03-12T04:33:38.908+0800][426.524s] GC(90) To-space exhausted
[2022-03-12T04:33:38.908+0800][426.524s] GC(90)   Pre Evacuate Collection Set: 0.1ms
[2022-03-12T04:33:38.908+0800][426.524s] GC(90)   Merge Heap Roots: 0.1ms
[2022-03-12T04:33:38.908+0800][426.524s] GC(90)   Evacuate Collection Set: 2.2ms
[2022-03-12T04:33:38.908+0800][426.524s] GC(90)   Post Evacuate Collection Set: 3.1ms
[2022-03-12T04:33:38.908+0800][426.524s] GC(90)   Other: 0.3ms
[2022-03-12T04:33:38.908+0800][426.524s] GC(90) Eden regions: 1->0(25)
[2022-03-12T04:33:38.908+0800][426.524s] GC(90) Survivor regions: 0->0(0)
[2022-03-12T04:33:38.908+0800][426.524s] GC(90) Old regions: 474->475
[2022-03-12T04:33:38.908+0800][426.524s] GC(90) Archive regions: 0->0
[2022-03-12T04:33:38.908+0800][426.524s] GC(90) Humongous regions: 37->37
[2022-03-12T04:33:38.908+0800][426.525s] GC(90) Metaspace: 49960K(50368K)->49960K(50368K) NonClass: 43985K(44224K)->43985K(44224K) Class: 5974K(6144K)->5974K(6144K)
[2022-03-12T04:33:38.908+0800][426.525s] GC(90) Pause Young (Normal) (G1 Evacuation Pause) 511M->511M(512M) 6.385ms
[2022-03-12T04:33:38.908+0800][426.525s] GC(90) User=0.00s Sys=0.00s Real=0.01s
[2022-03-12T04:33:38.908+0800][426.525s] Attempting full compaction
[2022-03-12T04:33:38.908+0800][426.525s] GC(91) Using 8 workers of 8 for full compaction
[2022-03-12T04:33:38.908+0800][426.525s] GC(91) Pause Full (G1 Compaction Pause)
[2022-03-12T04:33:38.908+0800][426.525s] GC(91) Phase 1: Mark live objects
[2022-03-12T04:33:39.314+0800][426.929s] GC(91) Phase 1: Mark live objects 403.869ms
[2022-03-12T04:33:39.314+0800][426.929s] GC(91) Phase 2: Prepare for compaction
[2022-03-12T04:33:39.315+0800][426.930s] GC(91) Phase 2: Prepare for compaction 1.168ms
[2022-03-12T04:33:39.315+0800][426.930s] GC(91) Phase 3: Adjust pointers
[2022-03-12T04:33:39.421+0800][427.036s] GC(91) Phase 3: Adjust pointers 105.351ms
[2022-03-12T04:33:39.421+0800][427.036s] GC(91) Phase 4: Compact heap
[2022-03-12T04:33:39.421+0800][427.037s] GC(91) Phase 4: Compact heap 0.706ms
[2022-03-12T04:33:39.426+0800][427.041s] GC(91) Eden regions: 0->0(25)
[2022-03-12T04:33:39.426+0800][427.041s] GC(91) Survivor regions: 0->0(0)
[2022-03-12T04:33:39.426+0800][427.041s] GC(91) Old regions: 475->475
[2022-03-12T04:33:39.426+0800][427.041s] GC(91) Archive regions: 0->0
[2022-03-12T04:33:39.426+0800][427.041s] GC(91) Humongous regions: 37->37
[2022-03-12T04:33:39.426+0800][427.041s] GC(91) Metaspace: 49960K(50368K)->49960K(50368K) NonClass: 43985K(44224K)->43985K(44224K) Class: 5974K(6144K)->5974K(6144K)
[2022-03-12T04:33:39.426+0800][427.041s] GC(91) Pause Full (G1 Compaction Pause) 511M->510M(512M) 516.149ms
[2022-03-12T04:33:39.426+0800][427.042s] GC(91) User=3.84s Sys=0.00s Real=0.52s
[2022-03-12T04:33:39.426+0800][427.042s] Attempting maximum full compaction clearing soft references
[2022-03-12T04:33:39.426+0800][427.042s] GC(92) Using 8 workers of 8 for full compaction
[2022-03-12T04:33:39.427+0800][427.042s] GC(92) Pause Full (G1 Compaction Pause)
[2022-03-12T04:33:39.427+0800][427.042s] GC(92) Phase 1: Mark live objects
[2022-03-12T04:33:39.816+0800][427.431s] GC(92) Phase 1: Mark live objects 389.420ms
[2022-03-12T04:33:39.816+0800][427.431s] GC(92) Phase 2: Prepare for compaction
[2022-03-12T04:33:39.901+0800][427.517s] GC(92) Phase 2: Prepare for compaction 85.084ms
[2022-03-12T04:33:39.901+0800][427.517s] GC(92) Phase 3: Adjust pointers
[2022-03-12T04:33:40.012+0800][427.628s] GC(92) Phase 3: Adjust pointers 111.271ms
[2022-03-12T04:33:40.012+0800][427.628s] GC(92) Phase 4: Compact heap
[2022-03-12T04:33:40.077+0800][427.693s] GC(92) Phase 4: Compact heap 64.785ms
[2022-03-12T04:33:40.082+0800][427.697s] GC(92) Eden regions: 0->0(25)
[2022-03-12T04:33:40.082+0800][427.697s] GC(92) Survivor regions: 0->0(0)
[2022-03-12T04:33:40.082+0800][427.697s] GC(92) Old regions: 475->475
[2022-03-12T04:33:40.082+0800][427.697s] GC(92) Archive regions: 0->0
[2022-03-12T04:33:40.082+0800][427.697s] GC(92) Humongous regions: 37->37
[2022-03-12T04:33:40.082+0800][427.697s] GC(92) Metaspace: 49960K(50368K)->49960K(50368K) NonClass: 43985K(44224K)->43985K(44224K) Class: 5974K(6144K)->5974K(6144K)
[2022-03-12T04:33:40.082+0800][427.697s] GC(92) Pause Full (G1 Compaction Pause) 510M->510M(512M) 655.518ms
[2022-03-12T04:33:40.083+0800][427.698s] GC(92) User=4.12s Sys=0.03s Real=0.66s
[2022-03-12T04:33:40.083+0800][427.698s] GC(93) Pause Young (Concurrent Start) (G1 Evacuation Pause)
[2022-03-12T04:33:40.083+0800][427.698s] GC(93) Using 8 workers of 8 for evacuation
[2022-03-12T04:33:40.083+0800][427.699s] GC(93)   Pre Evacuate Collection Set: 0.1ms
[2022-03-12T04:33:40.083+0800][427.699s] GC(93)   Merge Heap Roots: 0.0ms
[2022-03-12T04:33:40.083+0800][427.699s] GC(93)   Evacuate Collection Set: 0.4ms
[2022-03-12T04:33:40.083+0800][427.699s] GC(93)   Post Evacuate Collection Set: 0.2ms
[2022-03-12T04:33:40.083+0800][427.699s] GC(93)   Other: 0.1ms
[2022-03-12T04:33:40.083+0800][427.699s] GC(93) Eden regions: 0->0(25)
[2022-03-12T04:33:40.083+0800][427.699s] GC(93) Survivor regions: 0->0(0)
[2022-03-12T04:33:40.084+0800][427.699s] GC(93) Old regions: 475->475
[2022-03-12T04:33:40.084+0800][427.699s] GC(93) Archive regions: 0->0
[2022-03-12T04:33:40.084+0800][427.699s] GC(93) Humongous regions: 37->37
[2022-03-12T04:33:40.084+0800][427.699s] GC(93) Metaspace: 49960K(50368K)->49960K(50368K) NonClass: 43985K(44224K)->43985K(44224K) Class: 5974K(6144K)->5974K(6144K)
[2022-03-12T04:33:40.084+0800][427.699s] GC(93) Pause Young (Concurrent Start) (G1 Evacuation Pause) 510M->510M(512M) 0.985ms
[2022-03-12T04:33:40.084+0800][427.699s] GC(93) User=0.00s Sys=0.00s Real=0.00s
[2022-03-12T04:33:40.084+0800][427.699s] Attempting full compaction
[2022-03-12T04:33:40.084+0800][427.699s] GC(94) Concurrent Mark Cycle
[2022-03-12T04:33:40.084+0800][427.699s] GC(95) Using 8 workers of 8 for full compaction
[2022-03-12T04:33:40.084+0800][427.699s] GC(94) Concurrent Clear Claimed Marks
[2022-03-12T04:33:40.084+0800][427.699s] GC(94) Concurrent Clear Claimed Marks 0.032ms
[2022-03-12T04:33:40.084+0800][427.699s] GC(94) Concurrent Scan Root Regions
[2022-03-12T04:33:40.084+0800][427.699s] GC(94) Concurrent Scan Root Regions 0.014ms
[2022-03-12T04:33:40.084+0800][427.699s] GC(94) Concurrent Mark
[2022-03-12T04:33:40.084+0800][427.699s] GC(94) Concurrent Mark From Roots
[2022-03-12T04:33:40.084+0800][427.699s] GC(94) Using 2 workers of 2 for marking
[2022-03-12T04:33:40.084+0800][427.699s] GC(95) Pause Full (G1 Compaction Pause)
[2022-03-12T04:33:40.084+0800][427.699s] GC(95) Phase 1: Mark live objects
[2022-03-12T04:33:40.447+0800][428.063s] GC(95) Phase 1: Mark live objects 363.044ms
[2022-03-12T04:33:40.447+0800][428.063s] GC(95) Phase 2: Prepare for compaction
[2022-03-12T04:33:40.447+0800][428.063s] GC(95) Phase 2: Prepare for compaction 0.382ms
[2022-03-12T04:33:40.448+0800][428.063s] GC(95) Phase 3: Adjust pointers
[2022-03-12T04:33:40.536+0800][428.151s] GC(95) Phase 3: Adjust pointers 88.169ms
[2022-03-12T04:33:40.536+0800][428.151s] GC(95) Phase 4: Compact heap
[2022-03-12T04:33:40.536+0800][428.151s] GC(95) Phase 4: Compact heap 0.052ms
[2022-03-12T04:33:40.540+0800][428.155s] GC(95) Eden regions: 0->0(25)
[2022-03-12T04:33:40.540+0800][428.155s] GC(95) Survivor regions: 0->0(0)
[2022-03-12T04:33:40.540+0800][428.155s] GC(95) Old regions: 475->475
[2022-03-12T04:33:40.540+0800][428.155s] GC(95) Archive regions: 0->0
[2022-03-12T04:33:40.540+0800][428.156s] GC(95) Humongous regions: 37->37
[2022-03-12T04:33:40.540+0800][428.156s] GC(95) Metaspace: 49960K(50368K)->49960K(50368K) NonClass: 43985K(44224K)->43985K(44224K) Class: 5974K(6144K)->5974K(6144K)
[2022-03-12T04:33:40.540+0800][428.156s] GC(95) Pause Full (G1 Compaction Pause) 510M->510M(512M) 456.278ms
[2022-03-12T04:33:40.541+0800][428.156s] GC(95) User=2.89s Sys=0.02s Real=0.46s
[2022-03-12T04:33:40.541+0800][428.156s] Attempting maximum full compaction clearing soft references
[2022-03-12T04:33:40.541+0800][428.156s] GC(96) Using 8 workers of 8 for full compaction
[2022-03-12T04:33:40.541+0800][428.156s] GC(96) Pause Full (G1 Compaction Pause)
[2022-03-12T04:33:40.541+0800][428.156s] GC(96) Phase 1: Mark live objects
[2022-03-12T04:33:40.910+0800][428.525s] GC(96) Phase 1: Mark live objects 369.355ms
[2022-03-12T04:33:40.910+0800][428.526s] GC(96) Phase 2: Prepare for compaction
[2022-03-12T04:33:40.998+0800][428.614s] GC(96) Phase 2: Prepare for compaction 88.278ms
[2022-03-12T04:33:40.998+0800][428.614s] GC(96) Phase 3: Adjust pointers
[2022-03-12T04:33:41.112+0800][428.728s] GC(96) Phase 3: Adjust pointers 113.958ms
[2022-03-12T04:33:41.112+0800][428.728s] GC(96) Phase 4: Compact heap
[2022-03-12T04:33:41.181+0800][428.797s] GC(96) Phase 4: Compact heap 68.626ms
[2022-03-12T04:33:41.186+0800][428.801s] GC(96) Eden regions: 0->0(25)
[2022-03-12T04:33:41.186+0800][428.801s] GC(96) Survivor regions: 0->0(0)
[2022-03-12T04:33:41.186+0800][428.801s] GC(96) Old regions: 475->474
[2022-03-12T04:33:41.186+0800][428.802s] GC(96) Archive regions: 0->0
[2022-03-12T04:33:41.186+0800][428.802s] GC(96) Humongous regions: 37->37
[2022-03-12T04:33:41.186+0800][428.802s] GC(96) Metaspace: 49960K(50368K)->49960K(50368K) NonClass: 43985K(44224K)->43985K(44224K) Class: 5974K(6144K)->5974K(6144K)
[2022-03-12T04:33:41.186+0800][428.802s] GC(96) Pause Full (G1 Compaction Pause) 510M->510M(512M) 645.578ms
[2022-03-12T04:33:41.187+0800][428.802s] GC(96) User=4.11s Sys=0.00s Real=0.65s
[2022-03-12T04:33:41.187+0800][428.802s] GC(94) Concurrent Mark From Roots 1102.889ms
[2022-03-12T04:33:41.187+0800][428.802s] GC(94) Concurrent Mark Abort
[2022-03-12T04:33:41.187+0800][428.802s] GC(94) Concurrent Mark Cycle 1103.087ms
[2022-03-12T04:33:41.188+0800][428.804s] GC(97) Pause Young (Normal) (G1 Evacuation Pause)
[2022-03-12T04:33:41.188+0800][428.804s] GC(97) Using 8 workers of 8 for evacuation
[2022-03-12T04:33:41.193+0800][428.808s] GC(97) To-space exhausted
[2022-03-12T04:33:41.193+0800][428.808s] GC(97)   Pre Evacuate Collection Set: 0.1ms
[2022-03-12T04:33:41.193+0800][428.808s] GC(97)   Merge Heap Roots: 0.1ms
[2022-03-12T04:33:41.193+0800][428.808s] GC(97)   Evacuate Collection Set: 1.7ms
[2022-03-12T04:33:41.193+0800][428.808s] GC(97)   Post Evacuate Collection Set: 2.2ms
[2022-03-12T04:33:41.193+0800][428.808s] GC(97)   Other: 0.3ms
[2022-03-12T04:33:41.193+0800][428.808s] GC(97) Eden regions: 1->0(25)
[2022-03-12T04:33:41.193+0800][428.808s] GC(97) Survivor regions: 0->0(0)
[2022-03-12T04:33:41.193+0800][428.808s] GC(97) Old regions: 474->475
[2022-03-12T04:33:41.193+0800][428.808s] GC(97) Archive regions: 0->0
[2022-03-12T04:33:41.193+0800][428.808s] GC(97) Humongous regions: 37->37
[2022-03-12T04:33:41.193+0800][428.808s] GC(97) Metaspace: 49960K(50368K)->49960K(50368K) NonClass: 43985K(44224K)->43985K(44224K) Class: 5974K(6144K)->5974K(6144K)
[2022-03-12T04:33:41.193+0800][428.808s] GC(97) Pause Young (Normal) (G1 Evacuation Pause) 511M->511M(512M) 4.485ms
[2022-03-12T04:33:41.193+0800][428.808s] GC(97) User=0.06s Sys=0.02s Real=0.01s
[2022-03-12T04:33:41.193+0800][428.808s] Attempting full compaction
[2022-03-12T04:33:41.193+0800][428.808s] GC(98) Using 8 workers of 8 for full compaction
[2022-03-12T04:33:41.193+0800][428.809s] GC(98) Pause Full (G1 Compaction Pause)
[2022-03-12T04:33:41.193+0800][428.809s] GC(98) Phase 1: Mark live objects
[2022-03-12T04:33:41.570+0800][429.185s] GC(98) Phase 1: Mark live objects 376.819ms
[2022-03-12T04:33:41.570+0800][429.185s] GC(98) Phase 2: Prepare for compaction
[2022-03-12T04:33:41.571+0800][429.186s] GC(98) Phase 2: Prepare for compaction 0.670ms
[2022-03-12T04:33:41.571+0800][429.186s] GC(98) Phase 3: Adjust pointers
[2022-03-12T04:33:41.662+0800][429.277s] GC(98) Phase 3: Adjust pointers 91.238ms
[2022-03-12T04:33:41.662+0800][429.277s] GC(98) Phase 4: Compact heap
[2022-03-12T04:33:41.662+0800][429.278s] GC(98) Phase 4: Compact heap 0.372ms
[2022-03-12T04:33:41.666+0800][429.282s] GC(98) Eden regions: 0->0(25)
[2022-03-12T04:33:41.666+0800][429.282s] GC(98) Survivor regions: 0->0(0)
[2022-03-12T04:33:41.666+0800][429.282s] GC(98) Old regions: 475->475
[2022-03-12T04:33:41.666+0800][429.282s] GC(98) Archive regions: 0->0
[2022-03-12T04:33:41.666+0800][429.282s] GC(98) Humongous regions: 37->37
[2022-03-12T04:33:41.666+0800][429.282s] GC(98) Metaspace: 49960K(50368K)->49960K(50368K) NonClass: 43985K(44224K)->43985K(44224K) Class: 5974K(6144K)->5974K(6144K)
[2022-03-12T04:33:41.666+0800][429.282s] GC(98) Pause Full (G1 Compaction Pause) 511M->511M(512M) 473.600ms
[2022-03-12T04:33:41.667+0800][429.282s] GC(98) User=2.97s Sys=0.00s Real=0.47s
[2022-03-12T04:33:41.667+0800][429.282s] Attempting maximum full compaction clearing soft references
[2022-03-12T04:33:41.667+0800][429.283s] GC(99) Using 8 workers of 8 for full compaction
[2022-03-12T04:33:41.667+0800][429.283s] GC(99) Pause Full (G1 Compaction Pause)
[2022-03-12T04:33:41.668+0800][429.283s] GC(99) Phase 1: Mark live objects
[2022-03-12T04:33:42.044+0800][429.659s] GC(99) Phase 1: Mark live objects 376.350ms
[2022-03-12T04:33:42.044+0800][429.659s] GC(99) Phase 2: Prepare for compaction
[2022-03-12T04:33:42.131+0800][429.746s] GC(99) Phase 2: Prepare for compaction 87.277ms
[2022-03-12T04:33:42.131+0800][429.746s] GC(99) Phase 3: Adjust pointers
[2022-03-12T04:33:42.251+0800][429.866s] GC(99) Phase 3: Adjust pointers 119.861ms
[2022-03-12T04:33:42.251+0800][429.866s] GC(99) Phase 4: Compact heap
[2022-03-12T04:33:42.322+0800][429.937s] GC(99) Phase 4: Compact heap 70.965ms
[2022-03-12T04:33:42.325+0800][429.941s] GC(99) Eden regions: 0->0(25)
[2022-03-12T04:33:42.325+0800][429.941s] GC(99) Survivor regions: 0->0(0)
[2022-03-12T04:33:42.325+0800][429.941s] GC(99) Old regions: 475->475
[2022-03-12T04:33:42.325+0800][429.941s] GC(99) Archive regions: 0->0
[2022-03-12T04:33:42.325+0800][429.941s] GC(99) Humongous regions: 37->37
[2022-03-12T04:33:42.325+0800][429.941s] GC(99) Metaspace: 49960K(50368K)->49960K(50368K) NonClass: 43985K(44224K)->43985K(44224K) Class: 5974K(6144K)->5974K(6144K)
[2022-03-12T04:33:42.325+0800][429.941s] GC(99) Pause Full (G1 Compaction Pause) 511M->511M(512M) 658.800ms
[2022-03-12T04:33:42.326+0800][429.942s] GC(99) User=4.20s Sys=0.00s Real=0.66s
[2022-03-12T04:33:42.327+0800][429.942s] GC(100) Pause Young (Concurrent Start) (G1 Evacuation Pause)
[2022-03-12T04:33:42.327+0800][429.942s] GC(100) Using 8 workers of 8 for evacuation
[2022-03-12T04:33:42.328+0800][429.943s] GC(100)   Pre Evacuate Collection Set: 0.1ms
[2022-03-12T04:33:42.328+0800][429.943s] GC(100)   Merge Heap Roots: 0.0ms
[2022-03-12T04:33:42.328+0800][429.943s] GC(100)   Evacuate Collection Set: 0.5ms
[2022-03-12T04:33:42.328+0800][429.943s] GC(100)   Post Evacuate Collection Set: 0.2ms
[2022-03-12T04:33:42.328+0800][429.943s] GC(100)   Other: 0.2ms
[2022-03-12T04:33:42.328+0800][429.943s] GC(100) Eden regions: 0->0(25)
[2022-03-12T04:33:42.328+0800][429.943s] GC(100) Survivor regions: 0->0(0)
[2022-03-12T04:33:42.328+0800][429.943s] GC(100) Old regions: 475->475
[2022-03-12T04:33:42.328+0800][429.943s] GC(100) Archive regions: 0->0
[2022-03-12T04:33:42.328+0800][429.943s] GC(100) Humongous regions: 37->37
[2022-03-12T04:33:42.328+0800][429.943s] GC(100) Metaspace: 49960K(50368K)->49960K(50368K) NonClass: 43985K(44224K)->43985K(44224K) Class: 5974K(6144K)->5974K(6144K)
[2022-03-12T04:33:42.328+0800][429.943s] GC(100) Pause Young (Concurrent Start) (G1 Evacuation Pause) 511M->511M(512M) 1.130ms
[2022-03-12T04:33:42.328+0800][429.943s] GC(100) User=0.00s Sys=0.00s Real=0.00s
[2022-03-12T04:33:42.328+0800][429.944s] Attempting full compaction
[2022-03-12T04:33:42.328+0800][429.944s] GC(101) Concurrent Mark Cycle
[2022-03-12T04:33:42.328+0800][429.944s] GC(102) Using 8 workers of 8 for full compaction
[2022-03-12T04:33:42.328+0800][429.944s] GC(101) Concurrent Clear Claimed Marks
[2022-03-12T04:33:42.328+0800][429.944s] GC(101) Concurrent Clear Claimed Marks 0.049ms
[2022-03-12T04:33:42.328+0800][429.944s] GC(101) Concurrent Scan Root Regions
[2022-03-12T04:33:42.328+0800][429.944s] GC(101) Concurrent Scan Root Regions 0.014ms
[2022-03-12T04:33:42.328+0800][429.944s] GC(101) Concurrent Mark
[2022-03-12T04:33:42.328+0800][429.944s] GC(101) Concurrent Mark From Roots
[2022-03-12T04:33:42.328+0800][429.944s] GC(101) Using 2 workers of 2 for marking
[2022-03-12T04:33:42.328+0800][429.944s] GC(102) Pause Full (G1 Compaction Pause)
[2022-03-12T04:33:42.329+0800][429.944s] GC(102) Phase 1: Mark live objects
[2022-03-12T04:33:42.712+0800][430.328s] GC(102) Phase 1: Mark live objects 383.838ms
[2022-03-12T04:33:42.712+0800][430.328s] GC(102) Phase 2: Prepare for compaction
[2022-03-12T04:33:42.713+0800][430.329s] GC(102) Phase 2: Prepare for compaction 0.685ms
[2022-03-12T04:33:42.713+0800][430.329s] GC(102) Phase 3: Adjust pointers
[2022-03-12T04:33:42.804+0800][430.419s] GC(102) Phase 3: Adjust pointers 90.666ms
[2022-03-12T04:33:42.804+0800][430.419s] GC(102) Phase 4: Compact heap
[2022-03-12T04:33:42.804+0800][430.420s] GC(102) Phase 4: Compact heap 0.238ms
[2022-03-12T04:33:42.809+0800][430.424s] GC(102) Eden regions: 0->0(25)
[2022-03-12T04:33:42.809+0800][430.424s] GC(102) Survivor regions: 0->0(0)
[2022-03-12T04:33:42.809+0800][430.424s] GC(102) Old regions: 475->475
[2022-03-12T04:33:42.809+0800][430.424s] GC(102) Archive regions: 0->0
[2022-03-12T04:33:42.809+0800][430.424s] GC(102) Humongous regions: 37->37
[2022-03-12T04:33:42.809+0800][430.424s] GC(102) Metaspace: 49960K(50368K)->49960K(50368K) NonClass: 43985K(44224K)->43985K(44224K) Class: 5974K(6144K)->5974K(6144K)
[2022-03-12T04:33:42.809+0800][430.424s] GC(102) Pause Full (G1 Compaction Pause) 511M->511M(512M) 480.495ms
[2022-03-12T04:33:42.809+0800][430.425s] GC(102) User=3.20s Sys=0.03s Real=0.48s
[2022-03-12T04:33:42.809+0800][430.425s] Attempting maximum full compaction clearing soft references
[2022-03-12T04:33:42.809+0800][430.425s] GC(103) Using 8 workers of 8 for full compaction
[2022-03-12T04:33:42.809+0800][430.425s] GC(103) Pause Full (G1 Compaction Pause)
[2022-03-12T04:33:42.809+0800][430.425s] GC(103) Phase 1: Mark live objects
[2022-03-12T04:33:43.177+0800][430.792s] GC(103) Phase 1: Mark live objects 367.272ms
[2022-03-12T04:33:43.177+0800][430.792s] GC(103) Phase 2: Prepare for compaction
[2022-03-12T04:33:43.270+0800][430.887s] GC(103) Phase 2: Prepare for compaction 94.575ms
[2022-03-12T04:33:43.270+0800][430.887s] GC(103) Phase 3: Adjust pointers
[2022-03-12T04:33:43.376+0800][430.992s] GC(103) Phase 3: Adjust pointers 104.532ms
[2022-03-12T04:33:43.376+0800][430.992s] GC(103) Phase 4: Compact heap
[2022-03-12T04:33:43.439+0800][431.056s] GC(103) Phase 4: Compact heap 64.338ms
[2022-03-12T04:33:43.442+0800][431.061s] GC(103) Eden regions: 0->0(25)
[2022-03-12T04:33:43.442+0800][431.061s] GC(103) Survivor regions: 0->0(0)
[2022-03-12T04:33:43.442+0800][431.061s] GC(103) Old regions: 475->475
[2022-03-12T04:33:43.442+0800][431.061s] GC(103) Archive regions: 0->0
[2022-03-12T04:33:43.442+0800][431.061s] GC(103) Humongous regions: 37->37
[2022-03-12T04:33:43.442+0800][431.061s] GC(103) Metaspace: 49960K(50368K)->49960K(50368K) NonClass: 43985K(44224K)->43985K(44224K) Class: 5974K(6144K)->5974K(6144K)
[2022-03-12T04:33:43.442+0800][431.061s] GC(103) Pause Full (G1 Compaction Pause) 511M->511M(512M) 635.638ms
[2022-03-12T04:33:43.442+0800][431.061s] GC(103) User=4.33s Sys=0.03s Real=0.63s
[2022-03-12T04:33:43.442+0800][431.061s] GC(101) Concurrent Mark From Roots 1117.399ms
[2022-03-12T04:33:43.442+0800][431.061s] GC(101) Concurrent Mark Abort
[2022-03-12T04:33:43.442+0800][431.061s] GC(101) Concurrent Mark Cycle 1117.579ms
[2022-03-12T04:33:43.464+0800][431.079s] GC(104) Pause Young (Normal) (G1 Evacuation Pause)
[2022-03-12T04:33:43.464+0800][431.079s] GC(104) Using 8 workers of 8 for evacuation
[2022-03-12T04:33:43.464+0800][431.080s] GC(104)   Pre Evacuate Collection Set: 0.0ms
[2022-03-12T04:33:43.464+0800][431.080s] GC(104)   Merge Heap Roots: 0.0ms
[2022-03-12T04:33:43.464+0800][431.080s] GC(104)   Evacuate Collection Set: 0.1ms
[2022-03-12T04:33:43.464+0800][431.080s] GC(104)   Post Evacuate Collection Set: 0.1ms
[2022-03-12T04:33:43.464+0800][431.080s] GC(104)   Other: 0.1ms
[2022-03-12T04:33:43.464+0800][431.080s] GC(104) Eden regions: 0->0(25)
[2022-03-12T04:33:43.464+0800][431.080s] GC(104) Survivor regions: 0->0(0)
[2022-03-12T04:33:43.464+0800][431.080s] GC(104) Old regions: 475->475
[2022-03-12T04:33:43.464+0800][431.080s] GC(104) Archive regions: 0->0
[2022-03-12T04:33:43.464+0800][431.080s] GC(104) Humongous regions: 37->37
[2022-03-12T04:33:43.464+0800][431.080s] GC(104) Metaspace: 49960K(50368K)->49960K(50368K) NonClass: 43985K(44224K)->43985K(44224K) Class: 5974K(6144K)->5974K(6144K)
[2022-03-12T04:33:43.464+0800][431.080s] GC(104) Pause Young (Normal) (G1 Evacuation Pause) 511M->511M(512M) 0.640ms
[2022-03-12T04:33:43.464+0800][431.080s] GC(104) User=0.00s Sys=0.00s Real=0.00s
[2022-03-12T04:33:43.464+0800][431.080s] Attempting full compaction
[2022-03-12T04:33:43.464+0800][431.080s] GC(105) Using 8 workers of 8 for full compaction
[2022-03-12T04:33:43.464+0800][431.080s] GC(105) Pause Full (G1 Compaction Pause)
[2022-03-12T04:33:43.465+0800][431.080s] GC(105) Phase 1: Mark live objects
[2022-03-12T04:33:43.827+0800][431.443s] GC(105) Phase 1: Mark live objects 362.466ms
[2022-03-12T04:33:43.827+0800][431.443s] GC(105) Phase 2: Prepare for compaction
[2022-03-12T04:33:43.828+0800][431.443s] GC(105) Phase 2: Prepare for compaction 0.724ms
[2022-03-12T04:33:43.828+0800][431.443s] GC(105) Phase 3: Adjust pointers
[2022-03-12T04:33:43.924+0800][431.539s] GC(105) Phase 3: Adjust pointers 95.419ms
[2022-03-12T04:33:43.924+0800][431.539s] GC(105) Phase 4: Compact heap
[2022-03-12T04:33:43.924+0800][431.539s] GC(105) Phase 4: Compact heap 0.231ms
[2022-03-12T04:33:43.928+0800][431.543s] GC(105) Eden regions: 0->0(25)
[2022-03-12T04:33:43.928+0800][431.544s] GC(105) Survivor regions: 0->0(0)
[2022-03-12T04:33:43.928+0800][431.544s] GC(105) Old regions: 475->475
[2022-03-12T04:33:43.928+0800][431.544s] GC(105) Archive regions: 0->0
[2022-03-12T04:33:43.928+0800][431.544s] GC(105) Humongous regions: 37->37
[2022-03-12T04:33:43.928+0800][431.544s] GC(105) Metaspace: 49960K(50368K)->49960K(50368K) NonClass: 43985K(44224K)->43985K(44224K) Class: 5974K(6144K)->5974K(6144K)
[2022-03-12T04:33:43.928+0800][431.544s] GC(105) Pause Full (G1 Compaction Pause) 511M->511M(512M) 463.486ms
[2022-03-12T04:33:43.928+0800][431.544s] GC(105) User=2.78s Sys=0.00s Real=0.46s
[2022-03-12T04:33:43.928+0800][431.544s] Attempting maximum full compaction clearing soft references
[2022-03-12T04:33:43.929+0800][431.544s] GC(106) Using 8 workers of 8 for full compaction
[2022-03-12T04:33:43.929+0800][431.544s] GC(106) Pause Full (G1 Compaction Pause)
[2022-03-12T04:33:43.929+0800][431.544s] GC(106) Phase 1: Mark live objects
[2022-03-12T04:33:44.296+0800][431.912s] GC(106) Phase 1: Mark live objects 367.620ms
[2022-03-12T04:33:44.296+0800][431.912s] GC(106) Phase 2: Prepare for compaction
[2022-03-12T04:33:44.384+0800][432.000s] GC(106) Phase 2: Prepare for compaction 87.839ms
[2022-03-12T04:33:44.384+0800][432.000s] GC(106) Phase 3: Adjust pointers
[2022-03-12T04:33:44.493+0800][432.109s] GC(106) Phase 3: Adjust pointers 108.750ms
[2022-03-12T04:33:44.493+0800][432.109s] GC(106) Phase 4: Compact heap
[2022-03-12T04:33:44.549+0800][432.165s] GC(106) Phase 4: Compact heap 56.218ms
[2022-03-12T04:33:44.553+0800][432.169s] GC(106) Eden regions: 0->0(25)
[2022-03-12T04:33:44.553+0800][432.169s] GC(106) Survivor regions: 0->0(0)
[2022-03-12T04:33:44.553+0800][432.169s] GC(106) Old regions: 475->475
[2022-03-12T04:33:44.553+0800][432.169s] GC(106) Archive regions: 0->0
[2022-03-12T04:33:44.553+0800][432.169s] GC(106) Humongous regions: 37->37
[2022-03-12T04:33:44.553+0800][432.169s] GC(106) Metaspace: 49960K(50368K)->49960K(50368K) NonClass: 43985K(44224K)->43985K(44224K) Class: 5974K(6144K)->5974K(6144K)
[2022-03-12T04:33:44.553+0800][432.169s] GC(106) Pause Full (G1 Compaction Pause) 511M->511M(512M) 625.024ms
[2022-03-12T04:33:44.553+0800][432.169s] GC(106) User=3.77s Sys=0.05s Real=0.62s
[2022-03-12T04:33:44.555+0800][432.170s] GC(107) Pause Young (Concurrent Start) (G1 Evacuation Pause)
[2022-03-12T04:33:44.555+0800][432.170s] GC(107) Using 8 workers of 8 for evacuation
[2022-03-12T04:33:44.556+0800][432.171s] GC(107)   Pre Evacuate Collection Set: 0.1ms
[2022-03-12T04:33:44.556+0800][432.171s] GC(107)   Merge Heap Roots: 0.0ms
[2022-03-12T04:33:44.556+0800][432.171s] GC(107)   Evacuate Collection Set: 0.4ms
[2022-03-12T04:33:44.556+0800][432.171s] GC(107)   Post Evacuate Collection Set: 0.2ms
[2022-03-12T04:33:44.556+0800][432.171s] GC(107)   Other: 0.2ms
[2022-03-12T04:33:44.556+0800][432.171s] GC(107) Eden regions: 0->0(25)
[2022-03-12T04:33:44.556+0800][432.171s] GC(107) Survivor regions: 0->0(0)
[2022-03-12T04:33:44.556+0800][432.171s] GC(107) Old regions: 475->475
[2022-03-12T04:33:44.556+0800][432.171s] GC(107) Archive regions: 0->0
[2022-03-12T04:33:44.556+0800][432.171s] GC(107) Humongous regions: 37->37
[2022-03-12T04:33:44.556+0800][432.171s] GC(107) Metaspace: 49960K(50368K)->49960K(50368K) NonClass: 43985K(44224K)->43985K(44224K) Class: 5974K(6144K)->5974K(6144K)
[2022-03-12T04:33:44.556+0800][432.171s] GC(107) Pause Young (Concurrent Start) (G1 Evacuation Pause) 511M->511M(512M) 1.004ms
[2022-03-12T04:33:44.556+0800][432.171s] GC(107) User=0.00s Sys=0.00s Real=0.00s
[2022-03-12T04:33:44.556+0800][432.172s] Attempting full compaction
[2022-03-12T04:33:44.556+0800][432.172s] GC(108) Concurrent Mark Cycle
[2022-03-12T04:33:44.556+0800][432.172s] GC(109) Using 8 workers of 8 for full compaction
[2022-03-12T04:33:44.556+0800][432.172s] GC(108) Concurrent Clear Claimed Marks
[2022-03-12T04:33:44.556+0800][432.172s] GC(108) Concurrent Clear Claimed Marks 0.043ms
[2022-03-12T04:33:44.556+0800][432.172s] GC(108) Concurrent Scan Root Regions
[2022-03-12T04:33:44.556+0800][432.172s] GC(108) Concurrent Scan Root Regions 0.013ms
[2022-03-12T04:33:44.556+0800][432.172s] GC(108) Concurrent Mark
[2022-03-12T04:33:44.556+0800][432.172s] GC(108) Concurrent Mark From Roots
[2022-03-12T04:33:44.556+0800][432.172s] GC(108) Using 2 workers of 2 for marking
[2022-03-12T04:33:44.556+0800][432.172s] GC(109) Pause Full (G1 Compaction Pause)
[2022-03-12T04:33:44.556+0800][432.172s] GC(109) Phase 1: Mark live objects
[2022-03-12T04:33:44.934+0800][432.549s] GC(109) Phase 1: Mark live objects 377.221ms
[2022-03-12T04:33:44.934+0800][432.549s] GC(109) Phase 2: Prepare for compaction
[2022-03-12T04:33:44.934+0800][432.550s] GC(109) Phase 2: Prepare for compaction 0.598ms
[2022-03-12T04:33:44.934+0800][432.550s] GC(109) Phase 3: Adjust pointers
[2022-03-12T04:33:45.033+0800][432.649s] GC(109) Phase 3: Adjust pointers 99.113ms
[2022-03-12T04:33:45.033+0800][432.649s] GC(109) Phase 4: Compact heap
[2022-03-12T04:33:45.034+0800][432.649s] GC(109) Phase 4: Compact heap 0.258ms
[2022-03-12T04:33:45.036+0800][432.653s] GC(109) Eden regions: 0->0(25)
[2022-03-12T04:33:45.036+0800][432.653s] GC(109) Survivor regions: 0->0(0)
[2022-03-12T04:33:45.036+0800][432.653s] GC(109) Old regions: 475->475
[2022-03-12T04:33:45.036+0800][432.653s] GC(109) Archive regions: 0->0
[2022-03-12T04:33:45.036+0800][432.653s] GC(109) Humongous regions: 37->37
[2022-03-12T04:33:45.036+0800][432.653s] GC(109) Metaspace: 49960K(50368K)->49960K(50368K) NonClass: 43985K(44224K)->43985K(44224K) Class: 5974K(6144K)->5974K(6144K)
[2022-03-12T04:33:45.036+0800][432.653s] GC(109) Pause Full (G1 Compaction Pause) 511M->511M(512M) 481.612ms
[2022-03-12T04:33:45.036+0800][432.654s] GC(109) User=2.97s Sys=0.00s Real=0.48s
[2022-03-12T04:33:45.036+0800][432.654s] Attempting maximum full compaction clearing soft references
[2022-03-12T04:33:45.036+0800][432.654s] GC(110) Using 8 workers of 8 for full compaction
[2022-03-12T04:33:45.036+0800][432.654s] GC(110) Pause Full (G1 Compaction Pause)
[2022-03-12T04:33:45.036+0800][432.654s] GC(110) Phase 1: Mark live objects
[2022-03-12T04:33:45.419+0800][433.035s] GC(110) Phase 1: Mark live objects 380.617ms
[2022-03-12T04:33:45.419+0800][433.035s] GC(110) Phase 2: Prepare for compaction
[2022-03-12T04:33:45.519+0800][433.134s] GC(110) Phase 2: Prepare for compaction 99.763ms
[2022-03-12T04:33:45.519+0800][433.135s] GC(110) Phase 3: Adjust pointers
[2022-03-12T04:33:45.635+0800][433.252s] GC(110) Phase 3: Adjust pointers 117.912ms
[2022-03-12T04:33:45.635+0800][433.253s] GC(110) Phase 4: Compact heap
[2022-03-12T04:33:45.708+0800][433.326s] GC(110) Phase 4: Compact heap 73.240ms
[2022-03-12T04:33:45.712+0800][433.330s] GC(110) Eden regions: 0->0(25)
[2022-03-12T04:33:45.712+0800][433.330s] GC(110) Survivor regions: 0->0(0)
[2022-03-12T04:33:45.712+0800][433.330s] GC(110) Old regions: 475->475
[2022-03-12T04:33:45.712+0800][433.330s] GC(110) Archive regions: 0->0
[2022-03-12T04:33:45.712+0800][433.330s] GC(110) Humongous regions: 37->37
[2022-03-12T04:33:45.712+0800][433.330s] GC(110) Metaspace: 49960K(50368K)->49960K(50368K) NonClass: 43985K(44224K)->43985K(44224K) Class: 5974K(6144K)->5974K(6144K)
[2022-03-12T04:33:45.712+0800][433.330s] GC(110) Pause Full (G1 Compaction Pause) 511M->511M(512M) 675.976ms
[2022-03-12T04:33:45.712+0800][433.330s] GC(110) User=3.92s Sys=0.03s Real=0.68s
[2022-03-12T04:33:45.712+0800][433.330s] GC(108) Concurrent Mark From Roots 1158.546ms
[2022-03-12T04:33:45.712+0800][433.330s] GC(108) Concurrent Mark Abort
[2022-03-12T04:33:45.715+0800][433.330s] GC(108) Concurrent Mark Cycle 1158.765ms
[2022-03-12T04:33:45.715+0800][433.330s] GC(111) Pause Young (Normal) (G1 Evacuation Pause)
[2022-03-12T04:33:45.715+0800][433.330s] GC(111) Using 8 workers of 8 for evacuation
[2022-03-12T04:33:45.716+0800][433.331s] GC(111)   Pre Evacuate Collection Set: 0.0ms
[2022-03-12T04:33:45.716+0800][433.331s] GC(111)   Merge Heap Roots: 0.0ms
[2022-03-12T04:33:45.716+0800][433.331s] GC(111)   Evacuate Collection Set: 0.2ms
[2022-03-12T04:33:45.716+0800][433.331s] GC(111)   Post Evacuate Collection Set: 0.2ms
[2022-03-12T04:33:45.716+0800][433.331s] GC(111)   Other: 0.1ms
[2022-03-12T04:33:45.716+0800][433.331s] GC(111) Eden regions: 0->0(25)
[2022-03-12T04:33:45.716+0800][433.331s] GC(111) Survivor regions: 0->0(0)
[2022-03-12T04:33:45.716+0800][433.331s] GC(111) Old regions: 475->475
[2022-03-12T04:33:45.716+0800][433.331s] GC(111) Archive regions: 0->0
[2022-03-12T04:33:45.716+0800][433.331s] GC(111) Humongous regions: 37->37
[2022-03-12T04:33:45.716+0800][433.331s] GC(111) Metaspace: 49960K(50368K)->49960K(50368K) NonClass: 43985K(44224K)->43985K(44224K) Class: 5974K(6144K)->5974K(6144K)
[2022-03-12T04:33:45.716+0800][433.331s] GC(111) Pause Young (Normal) (G1 Evacuation Pause) 511M->511M(512M) 0.721ms
[2022-03-12T04:33:45.716+0800][433.331s] GC(111) User=0.00s Sys=0.00s Real=0.00s
[2022-03-12T04:33:45.716+0800][433.331s] Attempting full compaction
[2022-03-12T04:33:45.716+0800][433.331s] GC(112) Using 8 workers of 8 for full compaction
[2022-03-12T04:33:45.716+0800][433.331s] GC(112) Pause Full (G1 Compaction Pause)
[2022-03-12T04:33:45.716+0800][433.331s] GC(112) Phase 1: Mark live objects
[2022-03-12T04:33:46.089+0800][433.705s] GC(112) Phase 1: Mark live objects 373.189ms
[2022-03-12T04:33:46.089+0800][433.705s] GC(112) Phase 2: Prepare for compaction
[2022-03-12T04:33:46.091+0800][433.706s] GC(112) Phase 2: Prepare for compaction 1.519ms
[2022-03-12T04:33:46.091+0800][433.706s] GC(112) Phase 3: Adjust pointers
[2022-03-12T04:33:46.190+0800][433.805s] GC(112) Phase 3: Adjust pointers 99.208ms
[2022-03-12T04:33:46.190+0800][433.806s] GC(112) Phase 4: Compact heap
[2022-03-12T04:33:46.191+0800][433.806s] GC(112) Phase 4: Compact heap 0.589ms
[2022-03-12T04:33:46.191+0800][433.810s] GC(112) Eden regions: 0->0(25)
[2022-03-12T04:33:46.191+0800][433.810s] GC(112) Survivor regions: 0->0(0)
[2022-03-12T04:33:46.191+0800][433.810s] GC(112) Old regions: 475->449
[2022-03-12T04:33:46.191+0800][433.810s] GC(112) Archive regions: 0->0
[2022-03-12T04:33:46.191+0800][433.810s] GC(112) Humongous regions: 37->27
[2022-03-12T04:33:46.191+0800][433.810s] GC(112) Metaspace: 49960K(50368K)->49960K(50368K) NonClass: 43985K(44224K)->43985K(44224K) Class: 5974K(6144K)->5974K(6144K)
[2022-03-12T04:33:46.191+0800][433.810s] GC(112) Pause Full (G1 Compaction Pause) 511M->472M(512M) 478.603ms
[2022-03-12T04:33:46.191+0800][433.810s] GC(112) User=3.62s Sys=0.03s Real=0.47s
[2022-03-12T04:33:50.876+0800][438.498s] GC(113) Pause Young (Concurrent Start) (G1 Humongous Allocation)
[2022-03-12T04:33:50.876+0800][438.498s] GC(113) Using 8 workers of 8 for evacuation
[2022-03-12T04:33:50.885+0800][438.501s] GC(113)   Pre Evacuate Collection Set: 0.3ms
[2022-03-12T04:33:50.885+0800][438.501s] GC(113)   Merge Heap Roots: 0.0ms
[2022-03-12T04:33:50.885+0800][438.501s] GC(113)   Evacuate Collection Set: 1.1ms
[2022-03-12T04:33:50.885+0800][438.501s] GC(113)   Post Evacuate Collection Set: 0.5ms
[2022-03-12T04:33:50.885+0800][438.501s] GC(113)   Other: 0.3ms
[2022-03-12T04:33:50.885+0800][438.501s] GC(113) Eden regions: 2->0(24)
[2022-03-12T04:33:50.885+0800][438.501s] GC(113) Survivor regions: 0->1(4)
[2022-03-12T04:33:50.885+0800][438.501s] GC(113) Old regions: 449->449
[2022-03-12T04:33:50.885+0800][438.501s] GC(113) Archive regions: 0->0
[2022-03-12T04:33:50.885+0800][438.501s] GC(113) Humongous regions: 27->27
[2022-03-12T04:33:50.885+0800][438.501s] GC(113) Metaspace: 49974K(50368K)->49974K(50368K) NonClass: 43999K(44224K)->43999K(44224K) Class: 5975K(6144K)->5975K(6144K)
[2022-03-12T04:33:50.885+0800][438.501s] GC(113) Pause Young (Concurrent Start) (G1 Humongous Allocation) 473M->472M(512M) 2.759ms
[2022-03-12T04:33:50.885+0800][438.501s] GC(113) User=0.00s Sys=0.02s Real=0.01s
[2022-03-12T04:33:50.885+0800][438.501s] GC(114) Concurrent Mark Cycle
[2022-03-12T04:33:50.885+0800][438.501s] GC(114) Concurrent Clear Claimed Marks
[2022-03-12T04:33:50.885+0800][438.501s] GC(114) Concurrent Clear Claimed Marks 0.075ms
[2022-03-12T04:33:50.885+0800][438.501s] GC(114) Concurrent Scan Root Regions
[2022-03-12T04:33:50.885+0800][438.502s] GC(114) Concurrent Scan Root Regions 1.100ms
[2022-03-12T04:33:50.885+0800][438.503s] GC(114) Concurrent Mark
[2022-03-12T04:33:50.885+0800][438.503s] GC(114) Concurrent Mark From Roots
[2022-03-12T04:33:50.885+0800][438.503s] GC(114) Using 2 workers of 2 for marking
[2022-03-12T04:33:50.937+0800][438.555s] GC(115) Pause Young (Normal) (G1 Preventive Collection)
[2022-03-12T04:33:50.937+0800][438.555s] GC(115) Using 8 workers of 8 for evacuation
[2022-03-12T04:33:50.957+0800][438.574s] GC(115) To-space exhausted
[2022-03-12T04:33:50.957+0800][438.574s] GC(115)   Pre Evacuate Collection Set: 0.2ms
[2022-03-12T04:33:50.957+0800][438.574s] GC(115)   Merge Heap Roots: 0.1ms
[2022-03-12T04:33:50.957+0800][438.574s] GC(115)   Evacuate Collection Set: 12.2ms
[2022-03-12T04:33:50.957+0800][438.574s] GC(115)   Post Evacuate Collection Set: 5.7ms
[2022-03-12T04:33:50.957+0800][438.574s] GC(115)   Other: 0.4ms
[2022-03-12T04:33:50.957+0800][438.574s] GC(115) Eden regions: 10->0(23)
[2022-03-12T04:33:50.957+0800][438.574s] GC(115) Survivor regions: 1->2(2)
[2022-03-12T04:33:50.957+0800][438.574s] GC(115) Old regions: 449->459
[2022-03-12T04:33:50.957+0800][438.574s] GC(115) Archive regions: 0->0
[2022-03-12T04:33:50.957+0800][438.574s] GC(115) Humongous regions: 50->35
[2022-03-12T04:33:50.957+0800][438.574s] GC(115) Metaspace: 49974K(50368K)->49974K(50368K) NonClass: 43999K(44224K)->43999K(44224K) Class: 5975K(6144K)->5975K(6144K)
[2022-03-12T04:33:50.957+0800][438.574s] GC(115) Pause Young (Normal) (G1 Preventive Collection) 505M->492M(512M) 19.170ms
[2022-03-12T04:33:50.957+0800][438.574s] GC(115) User=0.16s Sys=0.00s Real=0.02s
[2022-03-12T04:33:50.981+0800][438.601s] GC(116) Pause Young (Normal) (G1 Preventive Collection)
[2022-03-12T04:33:50.981+0800][438.602s] GC(116) Using 8 workers of 8 for evacuation
[2022-03-12T04:33:51.016+0800][438.632s] GC(116) To-space exhausted
[2022-03-12T04:33:51.016+0800][438.632s] GC(116)   Pre Evacuate Collection Set: 0.2ms
[2022-03-12T04:33:51.016+0800][438.632s] GC(116)   Merge Heap Roots: 0.1ms
[2022-03-12T04:33:51.016+0800][438.632s] GC(116)   Evacuate Collection Set: 20.7ms
[2022-03-12T04:33:51.016+0800][438.632s] GC(116)   Post Evacuate Collection Set: 9.3ms
[2022-03-12T04:33:51.016+0800][438.632s] GC(116)   Other: 0.4ms
[2022-03-12T04:33:51.016+0800][438.632s] GC(116) Eden regions: 13->0(22)
[2022-03-12T04:33:51.016+0800][438.632s] GC(116) Survivor regions: 2->3(3)
[2022-03-12T04:33:51.016+0800][438.632s] GC(116) Old regions: 459->474
[2022-03-12T04:33:51.016+0800][438.632s] GC(116) Archive regions: 0->0
[2022-03-12T04:33:51.016+0800][438.632s] GC(116) Humongous regions: 35->35
[2022-03-12T04:33:51.016+0800][438.632s] GC(116) Metaspace: 49974K(50368K)->49974K(50368K) NonClass: 43999K(44224K)->43999K(44224K) Class: 5975K(6144K)->5975K(6144K)
[2022-03-12T04:33:51.016+0800][438.633s] GC(116) Pause Young (Normal) (G1 Preventive Collection) 505M->508M(512M) 31.066ms
[2022-03-12T04:33:51.016+0800][438.633s] GC(116) User=0.25s Sys=0.00s Real=0.04s
[2022-03-12T04:33:51.016+0800][438.633s] Attempting full compaction
[2022-03-12T04:33:51.016+0800][438.633s] GC(117) Using 8 workers of 8 for full compaction
[2022-03-12T04:33:51.016+0800][438.633s] GC(117) Pause Full (G1 Compaction Pause)
[2022-03-12T04:33:51.016+0800][438.634s] GC(117) Phase 1: Mark live objects
[2022-03-12T04:33:51.417+0800][439.033s] GC(117) Phase 1: Mark live objects 399.049ms
[2022-03-12T04:33:51.417+0800][439.033s] GC(117) Phase 2: Prepare for compaction
[2022-03-12T04:33:51.421+0800][439.036s] GC(117) Phase 2: Prepare for compaction 3.871ms
[2022-03-12T04:33:51.421+0800][439.037s] GC(117) Phase 3: Adjust pointers
[2022-03-12T04:33:51.523+0800][439.138s] GC(117) Phase 3: Adjust pointers 101.797ms
[2022-03-12T04:33:51.523+0800][439.138s] GC(117) Phase 4: Compact heap
[2022-03-12T04:33:51.524+0800][439.141s] GC(117) Phase 4: Compact heap 3.036ms
[2022-03-12T04:33:51.531+0800][439.147s] GC(117) Eden regions: 0->0(25)
[2022-03-12T04:33:51.531+0800][439.147s] GC(117) Survivor regions: 3->0(3)
[2022-03-12T04:33:51.531+0800][439.147s] GC(117) Old regions: 474->463
[2022-03-12T04:33:51.531+0800][439.147s] GC(117) Archive regions: 0->0
[2022-03-12T04:33:51.531+0800][439.147s] GC(117) Humongous regions: 35->35
[2022-03-12T04:33:51.531+0800][439.147s] GC(117) Metaspace: 49974K(50368K)->49974K(50368K) NonClass: 43999K(44224K)->43999K(44224K) Class: 5975K(6144K)->5975K(6144K)
[2022-03-12T04:33:51.531+0800][439.147s] GC(117) Pause Full (G1 Compaction Pause) 508M->493M(512M) 514.434ms
[2022-03-12T04:33:51.531+0800][439.148s] GC(117) User=3.89s Sys=0.02s Real=0.51s
[2022-03-12T04:33:51.531+0800][439.148s] GC(114) Concurrent Mark From Roots 645.751ms
[2022-03-12T04:33:51.531+0800][439.148s] GC(114) Concurrent Mark Abort
[2022-03-12T04:33:51.531+0800][439.148s] GC(114) Concurrent Mark Cycle 647.203ms
[2022-03-12T04:33:51.531+0800][439.149s] GC(118) Pause Young (Concurrent Start) (G1 Humongous Allocation)
[2022-03-12T04:33:51.531+0800][439.149s] GC(118) Using 8 workers of 8 for evacuation
[2022-03-12T04:33:51.535+0800][439.150s] GC(118)   Pre Evacuate Collection Set: 0.1ms
[2022-03-12T04:33:51.535+0800][439.150s] GC(118)   Merge Heap Roots: 0.0ms
[2022-03-12T04:33:51.535+0800][439.150s] GC(118)   Evacuate Collection Set: 0.5ms
[2022-03-12T04:33:51.535+0800][439.150s] GC(118)   Post Evacuate Collection Set: 0.2ms
[2022-03-12T04:33:51.535+0800][439.150s] GC(118)   Other: 0.2ms
[2022-03-12T04:33:51.535+0800][439.150s] GC(118) Eden regions: 1->0(24)
[2022-03-12T04:33:51.535+0800][439.150s] GC(118) Survivor regions: 0->1(4)
[2022-03-12T04:33:51.535+0800][439.150s] GC(118) Old regions: 463->463
[2022-03-12T04:33:51.535+0800][439.150s] GC(118) Archive regions: 0->0
[2022-03-12T04:33:51.535+0800][439.150s] GC(118) Humongous regions: 35->35
[2022-03-12T04:33:51.535+0800][439.150s] GC(118) Metaspace: 49974K(50368K)->49974K(50368K) NonClass: 43999K(44224K)->43999K(44224K) Class: 5975K(6144K)->5975K(6144K)
[2022-03-12T04:33:51.535+0800][439.150s] GC(118) Pause Young (Concurrent Start) (G1 Humongous Allocation) 493M->493M(512M) 1.092ms
[2022-03-12T04:33:51.535+0800][439.150s] GC(118) User=0.12s Sys=0.00s Real=0.00s
[2022-03-12T04:33:51.535+0800][439.150s] GC(119) Concurrent Mark Cycle
[2022-03-12T04:33:51.535+0800][439.150s] GC(119) Concurrent Clear Claimed Marks
[2022-03-12T04:33:51.535+0800][439.151s] GC(119) Concurrent Clear Claimed Marks 0.050ms
[2022-03-12T04:33:51.535+0800][439.151s] GC(119) Concurrent Scan Root Regions
[2022-03-12T04:33:51.536+0800][439.151s] GC(119) Concurrent Scan Root Regions 0.329ms
[2022-03-12T04:33:51.536+0800][439.151s] GC(119) Concurrent Mark
[2022-03-12T04:33:51.536+0800][439.151s] GC(119) Concurrent Mark From Roots
[2022-03-12T04:33:51.536+0800][439.151s] GC(119) Using 2 workers of 2 for marking
[2022-03-12T04:33:51.576+0800][439.192s] GC(120) Pause Young (Normal) (G1 Preventive Collection)
[2022-03-12T04:33:51.576+0800][439.192s] GC(120) Using 8 workers of 8 for evacuation
[2022-03-12T04:33:51.592+0800][439.209s] GC(120) To-space exhausted
[2022-03-12T04:33:51.592+0800][439.209s] GC(120)   Pre Evacuate Collection Set: 0.2ms
[2022-03-12T04:33:51.592+0800][439.209s] GC(120)   Merge Heap Roots: 0.2ms
[2022-03-12T04:33:51.592+0800][439.209s] GC(120)   Evacuate Collection Set: 11.7ms
[2022-03-12T04:33:51.592+0800][439.209s] GC(120)   Post Evacuate Collection Set: 5.1ms
[2022-03-12T04:33:51.592+0800][439.210s] GC(120)   Other: 0.5ms
[2022-03-12T04:33:51.592+0800][439.210s] GC(120) Eden regions: 9->0(22)
[2022-03-12T04:33:51.592+0800][439.210s] GC(120) Survivor regions: 1->3(3)
[2022-03-12T04:33:51.592+0800][439.210s] GC(120) Old regions: 463->473
[2022-03-12T04:33:51.592+0800][439.210s] GC(120) Archive regions: 0->0
[2022-03-12T04:33:51.592+0800][439.210s] GC(120) Humongous regions: 36->36
[2022-03-12T04:33:51.592+0800][439.210s] GC(120) Metaspace: 49974K(50368K)->49974K(50368K) NonClass: 43999K(44224K)->43999K(44224K) Class: 5975K(6144K)->5975K(6144K)
[2022-03-12T04:33:51.592+0800][439.210s] GC(120) Pause Young (Normal) (G1 Preventive Collection) 503M->506M(512M) 18.081ms
[2022-03-12T04:33:51.592+0800][439.210s] GC(120) User=0.09s Sys=0.00s Real=0.02s
[2022-03-12T04:33:51.592+0800][439.210s] Attempting full compaction
[2022-03-12T04:33:51.592+0800][439.210s] GC(121) Using 8 workers of 8 for full compaction
[2022-03-12T04:33:51.592+0800][439.210s] GC(121) Pause Full (G1 Compaction Pause)
[2022-03-12T04:33:51.592+0800][439.211s] GC(121) Phase 1: Mark live objects
[2022-03-12T04:33:51.949+0800][439.565s] GC(121) Phase 1: Mark live objects 353.608ms
[2022-03-12T04:33:51.949+0800][439.565s] GC(121) Phase 2: Prepare for compaction
[2022-03-12T04:33:51.952+0800][439.568s] GC(121) Phase 2: Prepare for compaction 2.929ms
[2022-03-12T04:33:51.952+0800][439.568s] GC(121) Phase 3: Adjust pointers
[2022-03-12T04:33:52.043+0800][439.662s] GC(121) Phase 3: Adjust pointers 94.390ms
[2022-03-12T04:33:52.043+0800][439.662s] GC(121) Phase 4: Compact heap
[2022-03-12T04:33:52.043+0800][439.665s] GC(121) Phase 4: Compact heap 2.982ms
[2022-03-12T04:33:52.051+0800][439.672s] GC(121) Eden regions: 0->0(25)
[2022-03-12T04:33:52.051+0800][439.672s] GC(121) Survivor regions: 3->0(3)
[2022-03-12T04:33:52.051+0800][439.672s] GC(121) Old regions: 473->467
[2022-03-12T04:33:52.051+0800][439.672s] GC(121) Archive regions: 0->0
[2022-03-12T04:33:52.051+0800][439.672s] GC(121) Humongous regions: 36->36
[2022-03-12T04:33:52.051+0800][439.672s] GC(121) Metaspace: 49974K(50368K)->49974K(50368K) NonClass: 43999K(44224K)->43999K(44224K) Class: 5975K(6144K)->5975K(6144K)
[2022-03-12T04:33:52.051+0800][439.672s] GC(121) Pause Full (G1 Compaction Pause) 506M->499M(512M) 461.685ms
[2022-03-12T04:33:52.051+0800][439.673s] GC(121) User=2.94s Sys=0.00s Real=0.46s
[2022-03-12T04:33:52.051+0800][439.673s] GC(119) Concurrent Mark From Roots 522.004ms
[2022-03-12T04:33:52.051+0800][439.673s] GC(119) Concurrent Mark Abort
[2022-03-12T04:33:52.051+0800][439.673s] GC(119) Concurrent Mark Cycle 522.667ms
[2022-03-12T04:33:52.075+0800][439.695s] GC(122) Pause Young (Normal) (G1 Preventive Collection)
[2022-03-12T04:33:52.075+0800][439.695s] GC(122) Using 8 workers of 8 for evacuation
[2022-03-12T04:33:52.083+0800][439.705s] GC(122) To-space exhausted
[2022-03-12T04:33:52.083+0800][439.705s] GC(122)   Pre Evacuate Collection Set: 0.1ms
[2022-03-12T04:33:52.083+0800][439.705s] GC(122)   Merge Heap Roots: 0.1ms
[2022-03-12T04:33:52.083+0800][439.705s] GC(122)   Evacuate Collection Set: 6.8ms
[2022-03-12T04:33:52.083+0800][439.705s] GC(122)   Post Evacuate Collection Set: 2.6ms
[2022-03-12T04:33:52.083+0800][439.705s] GC(122)   Other: 0.4ms
[2022-03-12T04:33:52.083+0800][439.705s] GC(122) Eden regions: 6->0(22)
[2022-03-12T04:33:52.083+0800][439.705s] GC(122) Survivor regions: 0->3(3)
[2022-03-12T04:33:52.083+0800][439.705s] GC(122) Old regions: 467->473
[2022-03-12T04:33:52.083+0800][439.705s] GC(122) Archive regions: 0->0
[2022-03-12T04:33:52.083+0800][439.705s] GC(122) Humongous regions: 36->36
[2022-03-12T04:33:52.083+0800][439.705s] GC(122) Metaspace: 49974K(50368K)->49974K(50368K) NonClass: 43999K(44224K)->43999K(44224K) Class: 5975K(6144K)->5975K(6144K)
[2022-03-12T04:33:52.083+0800][439.706s] GC(122) Pause Young (Normal) (G1 Preventive Collection) 505M->508M(512M) 10.358ms
[2022-03-12T04:33:52.083+0800][439.706s] GC(122) User=0.12s Sys=0.00s Real=0.01s
[2022-03-12T04:33:52.083+0800][439.706s] Attempting full compaction
[2022-03-12T04:33:52.083+0800][439.706s] GC(123) Using 8 workers of 8 for full compaction
[2022-03-12T04:33:52.083+0800][439.706s] GC(123) Pause Full (G1 Compaction Pause)
[2022-03-12T04:33:52.083+0800][439.706s] GC(123) Phase 1: Mark live objects
[2022-03-12T04:33:52.460+0800][440.075s] GC(123) Phase 1: Mark live objects 369.229ms
[2022-03-12T04:33:52.460+0800][440.075s] GC(123) Phase 2: Prepare for compaction
[2022-03-12T04:33:52.462+0800][440.077s] GC(123) Phase 2: Prepare for compaction 1.571ms
[2022-03-12T04:33:52.462+0800][440.077s] GC(123) Phase 3: Adjust pointers
[2022-03-12T04:33:52.548+0800][440.163s] GC(123) Phase 3: Adjust pointers 86.076ms
[2022-03-12T04:33:52.548+0800][440.163s] GC(123) Phase 4: Compact heap
[2022-03-12T04:33:52.548+0800][440.164s] GC(123) Phase 4: Compact heap 0.439ms
[2022-03-12T04:33:52.554+0800][440.169s] GC(123) Eden regions: 0->0(25)
[2022-03-12T04:33:52.554+0800][440.169s] GC(123) Survivor regions: 3->0(3)
[2022-03-12T04:33:52.554+0800][440.169s] GC(123) Old regions: 473->471
[2022-03-12T04:33:52.554+0800][440.169s] GC(123) Archive regions: 0->0
[2022-03-12T04:33:52.554+0800][440.169s] GC(123) Humongous regions: 36->36
[2022-03-12T04:33:52.554+0800][440.169s] GC(123) Metaspace: 49974K(50368K)->49974K(50368K) NonClass: 43999K(44224K)->43999K(44224K) Class: 5975K(6144K)->5975K(6144K)
[2022-03-12T04:33:52.554+0800][440.169s] GC(123) Pause Full (G1 Compaction Pause) 508M->502M(512M) 463.166ms
[2022-03-12T04:33:52.554+0800][440.169s] GC(123) User=2.83s Sys=0.00s Real=0.47s
[2022-03-12T04:33:52.562+0800][440.179s] GC(124) Pause Young (Concurrent Start) (G1 Preventive Collection)
[2022-03-12T04:33:52.562+0800][440.179s] GC(124) Using 8 workers of 8 for evacuation
[2022-03-12T04:33:52.567+0800][440.182s] GC(124)   Pre Evacuate Collection Set: 0.1ms
[2022-03-12T04:33:52.567+0800][440.182s] GC(124)   Merge Heap Roots: 0.0ms
[2022-03-12T04:33:52.567+0800][440.182s] GC(124)   Evacuate Collection Set: 2.8ms
[2022-03-12T04:33:52.567+0800][440.182s] GC(124)   Post Evacuate Collection Set: 0.3ms
[2022-03-12T04:33:52.567+0800][440.182s] GC(124)   Other: 0.3ms
[2022-03-12T04:33:52.567+0800][440.182s] GC(124) Eden regions: 3->0(23)
[2022-03-12T04:33:52.567+0800][440.182s] GC(124) Survivor regions: 0->2(2)
[2022-03-12T04:33:52.567+0800][440.182s] GC(124) Old regions: 471->471
[2022-03-12T04:33:52.567+0800][440.182s] GC(124) Archive regions: 0->0
[2022-03-12T04:33:52.567+0800][440.182s] GC(124) Humongous regions: 36->36
[2022-03-12T04:33:52.567+0800][440.182s] GC(124) Metaspace: 49974K(50368K)->49974K(50368K) NonClass: 43999K(44224K)->43999K(44224K) Class: 5975K(6144K)->5975K(6144K)
[2022-03-12T04:33:52.567+0800][440.182s] GC(124) Pause Young (Concurrent Start) (G1 Preventive Collection) 505M->504M(512M) 3.683ms
[2022-03-12T04:33:52.567+0800][440.182s] GC(124) User=0.08s Sys=0.00s Real=0.00s
[2022-03-12T04:33:52.567+0800][440.183s] GC(125) Concurrent Mark Cycle
[2022-03-12T04:33:52.567+0800][440.183s] GC(125) Concurrent Clear Claimed Marks
[2022-03-12T04:33:52.567+0800][440.183s] GC(125) Concurrent Clear Claimed Marks 0.024ms
[2022-03-12T04:33:52.567+0800][440.183s] GC(125) Concurrent Scan Root Regions
[2022-03-12T04:33:52.568+0800][440.183s] GC(125) Concurrent Scan Root Regions 0.758ms
[2022-03-12T04:33:52.568+0800][440.183s] GC(125) Concurrent Mark
[2022-03-12T04:33:52.568+0800][440.183s] GC(125) Concurrent Mark From Roots
[2022-03-12T04:33:52.568+0800][440.183s] GC(125) Using 2 workers of 2 for marking
[2022-03-12T04:33:52.569+0800][440.184s] GC(126) Pause Young (Normal) (G1 Preventive Collection)
[2022-03-12T04:33:52.569+0800][440.184s] GC(126) Using 8 workers of 8 for evacuation
[2022-03-12T04:33:52.574+0800][440.189s] GC(126) To-space exhausted
[2022-03-12T04:33:52.574+0800][440.189s] GC(126)   Pre Evacuate Collection Set: 0.1ms
[2022-03-12T04:33:52.574+0800][440.190s] GC(126)   Merge Heap Roots: 0.0ms
[2022-03-12T04:33:52.574+0800][440.190s] GC(126)   Evacuate Collection Set: 3.7ms
[2022-03-12T04:33:52.574+0800][440.190s] GC(126)   Post Evacuate Collection Set: 1.0ms
[2022-03-12T04:33:52.574+0800][440.190s] GC(126)   Other: 0.2ms
[2022-03-12T04:33:52.574+0800][440.190s] GC(126) Eden regions: 1->0(23)
[2022-03-12T04:33:52.574+0800][440.190s] GC(126) Survivor regions: 2->2(2)
[2022-03-12T04:33:52.574+0800][440.190s] GC(126) Old regions: 471->474
[2022-03-12T04:33:52.574+0800][440.190s] GC(126) Archive regions: 0->0
[2022-03-12T04:33:52.574+0800][440.190s] GC(126) Humongous regions: 36->36
[2022-03-12T04:33:52.574+0800][440.190s] GC(126) Metaspace: 49974K(50368K)->49974K(50368K) NonClass: 43999K(44224K)->43999K(44224K) Class: 5975K(6144K)->5975K(6144K)
[2022-03-12T04:33:52.574+0800][440.190s] GC(126) Pause Young (Normal) (G1 Preventive Collection) 505M->507M(512M) 5.212ms
[2022-03-12T04:33:52.574+0800][440.190s] GC(126) User=0.00s Sys=0.00s Real=0.00s
[2022-03-12T04:33:52.574+0800][440.190s] Attempting full compaction
[2022-03-12T04:33:52.574+0800][440.190s] GC(127) Using 8 workers of 8 for full compaction
[2022-03-12T04:33:52.574+0800][440.190s] GC(127) Pause Full (G1 Compaction Pause)
[2022-03-12T04:33:52.575+0800][440.190s] GC(127) Phase 1: Mark live objects
[2022-03-12T04:33:52.951+0800][440.566s] GC(127) Phase 1: Mark live objects 376.377ms
[2022-03-12T04:33:52.951+0800][440.567s] GC(127) Phase 2: Prepare for compaction
[2022-03-12T04:33:52.952+0800][440.567s] GC(127) Phase 2: Prepare for compaction 0.700ms
[2022-03-12T04:33:52.952+0800][440.567s] GC(127) Phase 3: Adjust pointers
[2022-03-12T04:33:53.053+0800][440.670s] GC(127) Phase 3: Adjust pointers 102.455ms
[2022-03-12T04:33:53.053+0800][440.670s] GC(127) Phase 4: Compact heap
[2022-03-12T04:33:53.055+0800][440.670s] GC(127) Phase 4: Compact heap 0.497ms
[2022-03-12T04:33:53.056+0800][440.674s] GC(127) Eden regions: 0->0(25)
[2022-03-12T04:33:53.056+0800][440.674s] GC(127) Survivor regions: 2->0(2)
[2022-03-12T04:33:53.056+0800][440.674s] GC(127) Old regions: 474->474
[2022-03-12T04:33:53.056+0800][440.674s] GC(127) Archive regions: 0->0
[2022-03-12T04:33:53.056+0800][440.674s] GC(127) Humongous regions: 36->36
[2022-03-12T04:33:53.056+0800][440.674s] GC(127) Metaspace: 49974K(50368K)->49974K(50368K) NonClass: 43999K(44224K)->43999K(44224K) Class: 5975K(6144K)->5975K(6144K)
[2022-03-12T04:33:53.056+0800][440.674s] GC(127) Pause Full (G1 Compaction Pause) 507M->505M(512M) 484.282ms
[2022-03-12T04:33:53.056+0800][440.674s] GC(127) User=3.45s Sys=0.00s Real=0.48s
[2022-03-12T04:33:53.056+0800][440.675s] GC(125) Concurrent Mark From Roots 491.150ms
[2022-03-12T04:33:53.056+0800][440.675s] GC(125) Concurrent Mark Abort
[2022-03-12T04:33:53.056+0800][440.675s] GC(125) Concurrent Mark Cycle 492.118ms
[2022-03-12T04:33:53.056+0800][440.678s] GC(128) Pause Young (Normal) (G1 Preventive Collection)
[2022-03-12T04:33:53.056+0800][440.678s] GC(128) Using 8 workers of 8 for evacuation
[2022-03-12T04:33:53.064+0800][440.679s] GC(128)   Pre Evacuate Collection Set: 0.1ms
[2022-03-12T04:33:53.064+0800][440.679s] GC(128)   Merge Heap Roots: 0.0ms
[2022-03-12T04:33:53.064+0800][440.679s] GC(128)   Evacuate Collection Set: 0.6ms
[2022-03-12T04:33:53.064+0800][440.679s] GC(128)   Post Evacuate Collection Set: 0.2ms
[2022-03-12T04:33:53.064+0800][440.679s] GC(128)   Other: 0.2ms
[2022-03-12T04:33:53.064+0800][440.680s] GC(128) Eden regions: 1->0(24)
[2022-03-12T04:33:53.064+0800][440.680s] GC(128) Survivor regions: 0->1(1)
[2022-03-12T04:33:53.064+0800][440.680s] GC(128) Old regions: 474->474
[2022-03-12T04:33:53.064+0800][440.680s] GC(128) Archive regions: 0->0
[2022-03-12T04:33:53.064+0800][440.680s] GC(128) Humongous regions: 36->36
[2022-03-12T04:33:53.064+0800][440.680s] GC(128) Metaspace: 49974K(50368K)->49974K(50368K) NonClass: 43999K(44224K)->43999K(44224K) Class: 5975K(6144K)->5975K(6144K)
[2022-03-12T04:33:53.064+0800][440.680s] GC(128) Pause Young (Normal) (G1 Preventive Collection) 506M->505M(512M) 1.293ms
[2022-03-12T04:33:53.064+0800][440.680s] GC(128) User=0.00s Sys=0.00s Real=0.01s
[2022-03-12T04:33:53.065+0800][440.681s] GC(129) Pause Young (Concurrent Start) (G1 Evacuation Pause)
[2022-03-12T04:33:53.065+0800][440.681s] GC(129) Using 8 workers of 8 for evacuation
[2022-03-12T04:33:53.069+0800][440.688s] GC(129) To-space exhausted
[2022-03-12T04:33:53.069+0800][440.688s] GC(129)   Pre Evacuate Collection Set: 0.1ms
[2022-03-12T04:33:53.069+0800][440.688s] GC(129)   Merge Heap Roots: 0.0ms
[2022-03-12T04:33:53.069+0800][440.688s] GC(129)   Evacuate Collection Set: 1.9ms
[2022-03-12T04:33:53.069+0800][440.688s] GC(129)   Post Evacuate Collection Set: 4.9ms
[2022-03-12T04:33:53.069+0800][440.688s] GC(129)   Other: 0.3ms
[2022-03-12T04:33:53.069+0800][440.688s] GC(129) Eden regions: 1->0(25)
[2022-03-12T04:33:53.069+0800][440.688s] GC(129) Survivor regions: 1->0(0)
[2022-03-12T04:33:53.069+0800][440.688s] GC(129) Old regions: 474->476
[2022-03-12T04:33:53.069+0800][440.688s] GC(129) Archive regions: 0->0
[2022-03-12T04:33:53.069+0800][440.689s] GC(129) Humongous regions: 36->36
[2022-03-12T04:33:53.069+0800][440.689s] GC(129) Metaspace: 49974K(50368K)->49974K(50368K) NonClass: 43999K(44224K)->43999K(44224K) Class: 5975K(6144K)->5975K(6144K)
[2022-03-12T04:33:53.069+0800][440.689s] GC(129) Pause Young (Concurrent Start) (G1 Evacuation Pause) 506M->506M(512M) 7.633ms
[2022-03-12T04:33:53.069+0800][440.689s] GC(129) User=0.11s Sys=0.00s Real=0.00s
[2022-03-12T04:33:53.069+0800][440.689s] Attempting full compaction
[2022-03-12T04:33:53.069+0800][440.689s] GC(130) Concurrent Mark Cycle
[2022-03-12T04:33:53.069+0800][440.689s] GC(131) Using 8 workers of 8 for full compaction
[2022-03-12T04:33:53.069+0800][440.689s] GC(130) Concurrent Clear Claimed Marks
[2022-03-12T04:33:53.069+0800][440.689s] GC(130) Concurrent Clear Claimed Marks 0.106ms
[2022-03-12T04:33:53.069+0800][440.689s] GC(130) Concurrent Scan Root Regions
[2022-03-12T04:33:53.069+0800][440.689s] GC(130) Concurrent Scan Root Regions 0.026ms
[2022-03-12T04:33:53.069+0800][440.689s] GC(130) Concurrent Mark
[2022-03-12T04:33:53.069+0800][440.689s] GC(130) Concurrent Mark From Roots
[2022-03-12T04:33:53.069+0800][440.689s] GC(130) Using 2 workers of 2 for marking
[2022-03-12T04:33:53.069+0800][440.689s] GC(131) Pause Full (G1 Compaction Pause)
[2022-03-12T04:33:53.069+0800][440.690s] GC(131) Phase 1: Mark live objects
[2022-03-12T04:33:53.427+0800][441.043s] GC(131) Phase 1: Mark live objects 353.004ms
[2022-03-12T04:33:53.427+0800][441.043s] GC(131) Phase 2: Prepare for compaction
[2022-03-12T04:33:53.429+0800][441.044s] GC(131) Phase 2: Prepare for compaction 1.305ms
[2022-03-12T04:33:53.429+0800][441.044s] GC(131) Phase 3: Adjust pointers
[2022-03-12T04:33:53.518+0800][441.133s] GC(131) Phase 3: Adjust pointers 88.696ms
[2022-03-12T04:33:53.518+0800][441.133s] GC(131) Phase 4: Compact heap
[2022-03-12T04:33:53.519+0800][441.134s] GC(131) Phase 4: Compact heap 1.083ms
[2022-03-12T04:33:53.524+0800][441.143s] GC(131) Eden regions: 0->0(25)
[2022-03-12T04:33:53.524+0800][441.143s] GC(131) Survivor regions: 0->0(0)
[2022-03-12T04:33:53.524+0800][441.143s] GC(131) Old regions: 476->475
[2022-03-12T04:33:53.524+0800][441.143s] GC(131) Archive regions: 0->0
[2022-03-12T04:33:53.524+0800][441.143s] GC(131) Humongous regions: 36->36
[2022-03-12T04:33:53.524+0800][441.143s] GC(131) Metaspace: 49974K(50368K)->49974K(50368K) NonClass: 43999K(44224K)->43999K(44224K) Class: 5975K(6144K)->5975K(6144K)
[2022-03-12T04:33:53.524+0800][441.143s] GC(131) Pause Full (G1 Compaction Pause) 506M->506M(512M) 453.748ms
[2022-03-12T04:33:53.524+0800][441.144s] GC(131) User=2.81s Sys=0.03s Real=0.45s
[2022-03-12T04:33:53.524+0800][441.144s] GC(130) Concurrent Mark From Roots 454.978ms
[2022-03-12T04:33:53.524+0800][441.144s] GC(130) Concurrent Mark Abort
[2022-03-12T04:33:53.524+0800][441.144s] GC(130) Concurrent Mark Cycle 455.392ms
[2022-03-12T04:33:53.524+0800][441.147s] GC(132) Pause Young (Normal) (G1 Evacuation Pause)
[2022-03-12T04:33:53.524+0800][441.147s] GC(132) Using 8 workers of 8 for evacuation
[2022-03-12T04:33:53.534+0800][441.152s] GC(132) To-space exhausted
[2022-03-12T04:33:53.534+0800][441.152s] GC(132)   Pre Evacuate Collection Set: 0.1ms
[2022-03-12T04:33:53.534+0800][441.152s] GC(132)   Merge Heap Roots: 0.1ms
[2022-03-12T04:33:53.534+0800][441.152s] GC(132)   Evacuate Collection Set: 1.4ms
[2022-03-12T04:33:53.534+0800][441.152s] GC(132)   Post Evacuate Collection Set: 3.4ms
[2022-03-12T04:33:53.534+0800][441.152s] GC(132)   Other: 0.3ms
[2022-03-12T04:33:53.534+0800][441.152s] GC(132) Eden regions: 1->0(25)
[2022-03-12T04:33:53.534+0800][441.152s] GC(132) Survivor regions: 0->0(0)
[2022-03-12T04:33:53.534+0800][441.152s] GC(132) Old regions: 475->476
[2022-03-12T04:33:53.534+0800][441.152s] GC(132) Archive regions: 0->0
[2022-03-12T04:33:53.534+0800][441.152s] GC(132) Humongous regions: 36->36
[2022-03-12T04:33:53.534+0800][441.152s] GC(132) Metaspace: 49974K(50368K)->49974K(50368K) NonClass: 43999K(44224K)->43999K(44224K) Class: 5975K(6144K)->5975K(6144K)
[2022-03-12T04:33:53.534+0800][441.153s] GC(132) Pause Young (Normal) (G1 Evacuation Pause) 507M->507M(512M) 5.835ms
[2022-03-12T04:33:53.534+0800][441.153s] GC(132) User=0.00s Sys=0.00s Real=0.01s
[2022-03-12T04:33:53.534+0800][441.153s] Attempting full compaction
[2022-03-12T04:33:53.534+0800][441.153s] GC(133) Using 8 workers of 8 for full compaction
[2022-03-12T04:33:53.534+0800][441.153s] GC(133) Pause Full (G1 Compaction Pause)
[2022-03-12T04:33:53.534+0800][441.153s] GC(133) Phase 1: Mark live objects
[2022-03-12T04:33:53.921+0800][441.539s] GC(133) Phase 1: Mark live objects 385.204ms
[2022-03-12T04:33:53.921+0800][441.539s] GC(133) Phase 2: Prepare for compaction
[2022-03-12T04:33:53.921+0800][441.542s] GC(133) Phase 2: Prepare for compaction 2.998ms
[2022-03-12T04:33:53.921+0800][441.542s] GC(133) Phase 3: Adjust pointers
[2022-03-12T04:33:54.031+0800][441.647s] GC(133) Phase 3: Adjust pointers 105.397ms
[2022-03-12T04:33:54.031+0800][441.647s] GC(133) Phase 4: Compact heap
[2022-03-12T04:33:54.031+0800][441.649s] GC(133) Phase 4: Compact heap 1.331ms
[2022-03-12T04:33:54.039+0800][441.655s] GC(133) Eden regions: 0->0(25)
[2022-03-12T04:33:54.039+0800][441.656s] GC(133) Survivor regions: 0->0(0)
[2022-03-12T04:33:54.039+0800][441.656s] GC(133) Old regions: 476->473
[2022-03-12T04:33:54.039+0800][441.656s] GC(133) Archive regions: 0->0
[2022-03-12T04:33:54.039+0800][441.656s] GC(133) Humongous regions: 36->36
[2022-03-12T04:33:54.039+0800][441.656s] GC(133) Metaspace: 49974K(50368K)->49974K(50368K) NonClass: 43999K(44224K)->43999K(44224K) Class: 5975K(6144K)->5975K(6144K)
[2022-03-12T04:33:54.039+0800][441.656s] GC(133) Pause Full (G1 Compaction Pause) 507M->506M(512M) 502.564ms
[2022-03-12T04:33:54.039+0800][441.656s] GC(133) User=3.23s Sys=0.00s Real=0.51s
[2022-03-12T04:33:54.039+0800][441.658s] GC(134) Pause Young (Concurrent Start) (G1 Humongous Allocation)
[2022-03-12T04:33:54.039+0800][441.659s] GC(134) Using 8 workers of 8 for evacuation
[2022-03-12T04:33:54.039+0800][441.661s] GC(134)   Pre Evacuate Collection Set: 0.1ms
[2022-03-12T04:33:54.039+0800][441.661s] GC(134)   Merge Heap Roots: 0.1ms
[2022-03-12T04:33:54.039+0800][441.661s] GC(134)   Evacuate Collection Set: 1.9ms
[2022-03-12T04:33:54.039+0800][441.662s] GC(134)   Post Evacuate Collection Set: 0.4ms
[2022-03-12T04:33:54.039+0800][441.662s] GC(134)   Other: 0.4ms
[2022-03-12T04:33:54.039+0800][441.662s] GC(134) Eden regions: 1->0(24)
[2022-03-12T04:33:54.039+0800][441.662s] GC(134) Survivor regions: 0->1(2)
[2022-03-12T04:33:54.039+0800][441.662s] GC(134) Old regions: 473->473
[2022-03-12T04:33:54.039+0800][441.662s] GC(134) Archive regions: 0->0
[2022-03-12T04:33:54.039+0800][441.662s] GC(134) Humongous regions: 36->36
[2022-03-12T04:33:54.039+0800][441.662s] GC(134) Metaspace: 49974K(50368K)->49974K(50368K) NonClass: 43999K(44224K)->43999K(44224K) Class: 5975K(6144K)->5975K(6144K)
[2022-03-12T04:33:54.039+0800][441.662s] GC(134) Pause Young (Concurrent Start) (G1 Humongous Allocation) 507M->507M(512M) 3.475ms
[2022-03-12T04:33:54.047+0800][441.662s] GC(134) User=0.00s Sys=0.00s Real=0.01s
[2022-03-12T04:33:54.047+0800][441.662s] GC(135) Concurrent Mark Cycle
[2022-03-12T04:33:54.047+0800][441.662s] GC(135) Concurrent Clear Claimed Marks
[2022-03-12T04:33:54.047+0800][441.662s] GC(135) Concurrent Clear Claimed Marks 0.055ms
[2022-03-12T04:33:54.047+0800][441.662s] GC(135) Concurrent Scan Root Regions
[2022-03-12T04:33:54.047+0800][441.663s] GC(135) Concurrent Scan Root Regions 0.766ms
[2022-03-12T04:33:54.047+0800][441.663s] GC(135) Concurrent Mark
[2022-03-12T04:33:54.047+0800][441.663s] GC(136) Pause Young (Normal) (G1 Preventive Collection)
[2022-03-12T04:33:54.047+0800][441.663s] GC(135) Concurrent Mark From Roots
[2022-03-12T04:33:54.047+0800][441.663s] GC(136) Using 8 workers of 8 for evacuation
[2022-03-12T04:33:54.047+0800][441.663s] GC(135) Using 2 workers of 2 for marking
[2022-03-12T04:33:54.049+0800][441.665s] GC(136)   Pre Evacuate Collection Set: 0.9ms
[2022-03-12T04:33:54.049+0800][441.665s] GC(136)   Merge Heap Roots: 0.1ms
[2022-03-12T04:33:54.049+0800][441.665s] GC(136)   Evacuate Collection Set: 1.2ms
[2022-03-12T04:33:54.049+0800][441.665s] GC(136)   Post Evacuate Collection Set: 0.4ms
[2022-03-12T04:33:54.049+0800][441.665s] GC(136)   Other: 0.3ms
[2022-03-12T04:33:54.049+0800][441.665s] GC(136) Eden regions: 0->0(24)
[2022-03-12T04:33:54.049+0800][441.665s] GC(136) Survivor regions: 1->1(2)
[2022-03-12T04:33:54.049+0800][441.665s] GC(136) Old regions: 473->473
[2022-03-12T04:33:54.049+0800][441.665s] GC(136) Archive regions: 0->0
[2022-03-12T04:33:54.049+0800][441.666s] GC(136) Humongous regions: 36->36
[2022-03-12T04:33:54.049+0800][441.666s] GC(136) Metaspace: 49974K(50368K)->49974K(50368K) NonClass: 43999K(44224K)->43999K(44224K) Class: 5975K(6144K)->5975K(6144K)
[2022-03-12T04:33:54.049+0800][441.666s] GC(136) Pause Young (Normal) (G1 Preventive Collection) 507M->507M(512M) 2.570ms
[2022-03-12T04:33:54.049+0800][441.666s] GC(136) User=0.00s Sys=0.00s Real=0.00s
[2022-03-12T04:33:54.057+0800][441.673s] GC(137) Pause Young (Normal) (G1 Evacuation Pause)
[2022-03-12T04:33:54.057+0800][441.673s] GC(137) Using 8 workers of 8 for evacuation
[2022-03-12T04:33:54.058+0800][441.679s] GC(137) To-space exhausted
[2022-03-12T04:33:54.058+0800][441.679s] GC(137)   Pre Evacuate Collection Set: 0.1ms
[2022-03-12T04:33:54.058+0800][441.679s] GC(137)   Merge Heap Roots: 0.1ms
[2022-03-12T04:33:54.058+0800][441.679s] GC(137)   Evacuate Collection Set: 3.9ms
[2022-03-12T04:33:54.058+0800][441.679s] GC(137)   Post Evacuate Collection Set: 2.1ms
[2022-03-12T04:33:54.058+0800][441.679s] GC(137)   Other: 0.3ms
[2022-03-12T04:33:54.058+0800][441.679s] GC(137) Eden regions: 0->0(25)
[2022-03-12T04:33:54.058+0800][441.679s] GC(137) Survivor regions: 1->0(0)
[2022-03-12T04:33:54.058+0800][441.679s] GC(137) Old regions: 473->474
[2022-03-12T04:33:54.058+0800][441.679s] GC(137) Archive regions: 0->0
[2022-03-12T04:33:54.058+0800][441.679s] GC(137) Humongous regions: 38->38
[2022-03-12T04:33:54.058+0800][441.679s] GC(137) Metaspace: 49974K(50368K)->49974K(50368K) NonClass: 43999K(44224K)->43999K(44224K) Class: 5975K(6144K)->5975K(6144K)
[2022-03-12T04:33:54.058+0800][441.679s] GC(137) Pause Young (Normal) (G1 Evacuation Pause) 509M->509M(512M) 6.816ms
[2022-03-12T04:33:54.058+0800][441.680s] GC(137) User=0.00s Sys=0.00s Real=0.00s
[2022-03-12T04:33:54.058+0800][441.680s] Attempting full compaction
[2022-03-12T04:33:54.058+0800][441.680s] GC(138) Using 8 workers of 8 for full compaction
[2022-03-12T04:33:54.058+0800][441.680s] GC(138) Pause Full (G1 Compaction Pause)
[2022-03-12T04:33:54.058+0800][441.680s] GC(138) Phase 1: Mark live objects
[2022-03-12T04:33:54.432+0800][442.048s] GC(138) Phase 1: Mark live objects 367.299ms
[2022-03-12T04:33:54.432+0800][442.048s] GC(138) Phase 2: Prepare for compaction
[2022-03-12T04:33:54.435+0800][442.051s] GC(138) Phase 2: Prepare for compaction 2.885ms
[2022-03-12T04:33:54.435+0800][442.051s] GC(138) Phase 3: Adjust pointers
[2022-03-12T04:33:54.529+0800][442.146s] GC(138) Phase 3: Adjust pointers 95.516ms
[2022-03-12T04:33:54.529+0800][442.146s] GC(138) Phase 4: Compact heap
[2022-03-12T04:33:54.532+0800][442.148s] GC(138) Phase 4: Compact heap 1.988ms
[2022-03-12T04:33:54.534+0800][442.152s] GC(138) Eden regions: 0->0(25)
[2022-03-12T04:33:54.534+0800][442.153s] GC(138) Survivor regions: 0->0(0)
[2022-03-12T04:33:54.534+0800][442.153s] GC(138) Old regions: 474->472
[2022-03-12T04:33:54.534+0800][442.153s] GC(138) Archive regions: 0->0
[2022-03-12T04:33:54.534+0800][442.153s] GC(138) Humongous regions: 38->38
[2022-03-12T04:33:54.534+0800][442.153s] GC(138) Metaspace: 49974K(50368K)->49974K(50368K) NonClass: 43999K(44224K)->43999K(44224K) Class: 5975K(6144K)->5975K(6144K)
[2022-03-12T04:33:54.534+0800][442.153s] GC(138) Pause Full (G1 Compaction Pause) 509M->509M(512M) 472.709ms
[2022-03-12T04:33:54.534+0800][442.153s] GC(138) User=2.97s Sys=0.05s Real=0.48s
[2022-03-12T04:33:54.534+0800][442.153s] GC(135) Concurrent Mark From Roots 489.938ms
[2022-03-12T04:33:54.538+0800][442.153s] GC(135) Concurrent Mark Abort
[2022-03-12T04:33:54.538+0800][442.153s] GC(135) Concurrent Mark Cycle 491.034ms
[2022-03-12T04:33:54.543+0800][442.158s] GC(139) Pause Young (Normal) (G1 Preventive Collection)
[2022-03-12T04:33:54.543+0800][442.158s] GC(139) Using 8 workers of 8 for evacuation
[2022-03-12T04:33:54.546+0800][442.161s] GC(139)   Pre Evacuate Collection Set: 0.0ms
[2022-03-12T04:33:54.546+0800][442.161s] GC(139)   Merge Heap Roots: 0.0ms
[2022-03-12T04:33:54.546+0800][442.161s] GC(139)   Evacuate Collection Set: 2.7ms
[2022-03-12T04:33:54.546+0800][442.161s] GC(139)   Post Evacuate Collection Set: 0.3ms
[2022-03-12T04:33:54.546+0800][442.161s] GC(139)   Other: 0.2ms
[2022-03-12T04:33:54.546+0800][442.161s] GC(139) Eden regions: 1->0(24)
[2022-03-12T04:33:54.546+0800][442.161s] GC(139) Survivor regions: 0->1(1)
[2022-03-12T04:33:54.546+0800][442.161s] GC(139) Old regions: 472->472
[2022-03-12T04:33:54.546+0800][442.161s] GC(139) Archive regions: 0->0
[2022-03-12T04:33:54.546+0800][442.161s] GC(139) Humongous regions: 38->38
[2022-03-12T04:33:54.546+0800][442.161s] GC(139) Metaspace: 49974K(50368K)->49974K(50368K) NonClass: 43999K(44224K)->43999K(44224K) Class: 5975K(6144K)->5975K(6144K)
[2022-03-12T04:33:54.546+0800][442.161s] GC(139) Pause Young (Normal) (G1 Preventive Collection) 510M->510M(512M) 3.402ms
[2022-03-12T04:33:54.546+0800][442.161s] GC(139) User=0.00s Sys=0.00s Real=0.00s
[2022-03-12T04:33:54.547+0800][442.163s] GC(140) Pause Young (Concurrent Start) (G1 Evacuation Pause)
[2022-03-12T04:33:54.547+0800][442.163s] GC(140) Using 8 workers of 8 for evacuation
[2022-03-12T04:33:54.552+0800][442.168s] GC(140) To-space exhausted
[2022-03-12T04:33:54.552+0800][442.168s] GC(140)   Pre Evacuate Collection Set: 0.0ms
[2022-03-12T04:33:54.552+0800][442.168s] GC(140)   Merge Heap Roots: 0.0ms
[2022-03-12T04:33:54.552+0800][442.168s] GC(140)   Evacuate Collection Set: 2.2ms
[2022-03-12T04:33:54.552+0800][442.168s] GC(140)   Post Evacuate Collection Set: 2.6ms
[2022-03-12T04:33:54.552+0800][442.168s] GC(140)   Other: 0.3ms
[2022-03-12T04:33:54.552+0800][442.168s] GC(140) Eden regions: 1->0(25)
[2022-03-12T04:33:54.552+0800][442.168s] GC(140) Survivor regions: 1->0(0)
[2022-03-12T04:33:54.552+0800][442.168s] GC(140) Old regions: 472->474
[2022-03-12T04:33:54.552+0800][442.168s] GC(140) Archive regions: 0->0
[2022-03-12T04:33:54.552+0800][442.168s] GC(140) Humongous regions: 38->38
[2022-03-12T04:33:54.552+0800][442.168s] GC(140) Metaspace: 49974K(50368K)->49974K(50368K) NonClass: 43999K(44224K)->43999K(44224K) Class: 5975K(6144K)->5975K(6144K)
[2022-03-12T04:33:54.552+0800][442.168s] GC(140) Pause Young (Concurrent Start) (G1 Evacuation Pause) 511M->511M(512M) 5.215ms
[2022-03-12T04:33:54.552+0800][442.168s] GC(140) User=0.03s Sys=0.00s Real=0.01s
[2022-03-12T04:33:54.552+0800][442.168s] Attempting full compaction
[2022-03-12T04:33:54.552+0800][442.168s] GC(141) Concurrent Mark Cycle
[2022-03-12T04:33:54.552+0800][442.168s] GC(142) Using 8 workers of 8 for full compaction
[2022-03-12T04:33:54.552+0800][442.168s] GC(141) Concurrent Clear Claimed Marks
[2022-03-12T04:33:54.553+0800][442.168s] GC(141) Concurrent Clear Claimed Marks 0.056ms
[2022-03-12T04:33:54.553+0800][442.168s] GC(141) Concurrent Scan Root Regions
[2022-03-12T04:33:54.553+0800][442.168s] GC(141) Concurrent Scan Root Regions 0.011ms
[2022-03-12T04:33:54.553+0800][442.168s] GC(141) Concurrent Mark
[2022-03-12T04:33:54.553+0800][442.168s] GC(141) Concurrent Mark From Roots
[2022-03-12T04:33:54.553+0800][442.168s] GC(141) Using 2 workers of 2 for marking
[2022-03-12T04:33:54.553+0800][442.168s] GC(142) Pause Full (G1 Compaction Pause)
[2022-03-12T04:33:54.553+0800][442.168s] GC(142) Phase 1: Mark live objects
[2022-03-12T04:33:54.925+0800][442.541s] GC(142) Phase 1: Mark live objects 372.192ms
[2022-03-12T04:33:54.925+0800][442.541s] GC(142) Phase 2: Prepare for compaction
[2022-03-12T04:33:54.926+0800][442.542s] GC(142) Phase 2: Prepare for compaction 1.083ms
[2022-03-12T04:33:54.926+0800][442.542s] GC(142) Phase 3: Adjust pointers
[2022-03-12T04:33:55.014+0800][442.630s] GC(142) Phase 3: Adjust pointers 88.068ms
[2022-03-12T04:33:55.015+0800][442.630s] GC(142) Phase 4: Compact heap
[2022-03-12T04:33:55.015+0800][442.630s] GC(142) Phase 4: Compact heap 0.393ms
[2022-03-12T04:33:55.019+0800][442.634s] GC(142) Eden regions: 0->0(25)
[2022-03-12T04:33:55.019+0800][442.634s] GC(142) Survivor regions: 0->0(0)
[2022-03-12T04:33:55.019+0800][442.634s] GC(142) Old regions: 474->474
[2022-03-12T04:33:55.019+0800][442.634s] GC(142) Archive regions: 0->0
[2022-03-12T04:33:55.019+0800][442.634s] GC(142) Humongous regions: 38->37
[2022-03-12T04:33:55.019+0800][442.634s] GC(142) Metaspace: 49974K(50368K)->49974K(50368K) NonClass: 43999K(44224K)->43999K(44224K) Class: 5975K(6144K)->5975K(6144K)
[2022-03-12T04:33:55.019+0800][442.634s] GC(142) Pause Full (G1 Compaction Pause) 511M->509M(512M) 466.371ms
[2022-03-12T04:33:55.020+0800][442.635s] GC(142) User=2.83s Sys=0.05s Real=0.47s
[2022-03-12T04:33:55.020+0800][442.635s] GC(141) Concurrent Mark From Roots 466.900ms
[2022-03-12T04:33:55.020+0800][442.635s] GC(141) Concurrent Mark Abort
[2022-03-12T04:33:55.020+0800][442.635s] GC(141) Concurrent Mark Cycle 467.110ms
[2022-03-12T04:33:55.021+0800][442.636s] GC(143) Pause Young (Normal) (G1 Evacuation Pause)
[2022-03-12T04:33:55.021+0800][442.636s] GC(143) Using 8 workers of 8 for evacuation
[2022-03-12T04:33:55.024+0800][442.640s] GC(143) To-space exhausted
[2022-03-12T04:33:55.024+0800][442.640s] GC(143)   Pre Evacuate Collection Set: 0.1ms
[2022-03-12T04:33:55.024+0800][442.640s] GC(143)   Merge Heap Roots: 0.1ms
[2022-03-12T04:33:55.024+0800][442.640s] GC(143)   Evacuate Collection Set: 1.0ms
[2022-03-12T04:33:55.024+0800][442.640s] GC(143)   Post Evacuate Collection Set: 1.8ms
[2022-03-12T04:33:55.024+0800][442.640s] GC(143)   Other: 0.3ms
[2022-03-12T04:33:55.024+0800][442.640s] GC(143) Eden regions: 1->0(25)
[2022-03-12T04:33:55.024+0800][442.640s] GC(143) Survivor regions: 0->0(0)
[2022-03-12T04:33:55.025+0800][442.640s] GC(143) Old regions: 474->475
[2022-03-12T04:33:55.025+0800][442.640s] GC(143) Archive regions: 0->0
[2022-03-12T04:33:55.025+0800][442.640s] GC(143) Humongous regions: 37->37
[2022-03-12T04:33:55.025+0800][442.640s] GC(143) Metaspace: 49974K(50368K)->49974K(50368K) NonClass: 43999K(44224K)->43999K(44224K) Class: 5975K(6144K)->5975K(6144K)
[2022-03-12T04:33:55.025+0800][442.640s] GC(143) Pause Young (Normal) (G1 Evacuation Pause) 510M->510M(512M) 3.603ms
[2022-03-12T04:33:55.025+0800][442.640s] GC(143) User=0.00s Sys=0.00s Real=0.00s
[2022-03-12T04:33:55.025+0800][442.640s] Attempting full compaction
[2022-03-12T04:33:55.025+0800][442.640s] GC(144) Using 8 workers of 8 for full compaction
[2022-03-12T04:33:55.025+0800][442.640s] GC(144) Pause Full (G1 Compaction Pause)
[2022-03-12T04:33:55.025+0800][442.640s] GC(144) Phase 1: Mark live objects
[2022-03-12T04:33:55.399+0800][443.014s] GC(144) Phase 1: Mark live objects 373.756ms
[2022-03-12T04:33:55.399+0800][443.014s] GC(144) Phase 2: Prepare for compaction
[2022-03-12T04:33:55.400+0800][443.016s] GC(144) Phase 2: Prepare for compaction 1.732ms
[2022-03-12T04:33:55.400+0800][443.016s] GC(144) Phase 3: Adjust pointers
[2022-03-12T04:33:55.496+0800][443.111s] GC(144) Phase 3: Adjust pointers 95.440ms
[2022-03-12T04:33:55.496+0800][443.111s] GC(144) Phase 4: Compact heap
[2022-03-12T04:33:55.497+0800][443.113s] GC(144) Phase 4: Compact heap 1.409ms
[2022-03-12T04:33:55.502+0800][443.117s] GC(144) Eden regions: 0->0(25)
[2022-03-12T04:33:55.502+0800][443.117s] GC(144) Survivor regions: 0->0(0)
[2022-03-12T04:33:55.502+0800][443.117s] GC(144) Old regions: 475->474
[2022-03-12T04:33:55.502+0800][443.117s] GC(144) Archive regions: 0->0
[2022-03-12T04:33:55.502+0800][443.117s] GC(144) Humongous regions: 37->37
[2022-03-12T04:33:55.502+0800][443.117s] GC(144) Metaspace: 49974K(50368K)->49974K(50368K) NonClass: 43999K(44224K)->43999K(44224K) Class: 5975K(6144K)->5975K(6144K)
[2022-03-12T04:33:55.502+0800][443.117s] GC(144) Pause Full (G1 Compaction Pause) 510M->510M(512M) 477.210ms
[2022-03-12T04:33:55.502+0800][443.118s] GC(144) User=3.30s Sys=0.02s Real=0.48s
[2022-03-12T04:33:55.504+0800][443.119s] GC(145) Pause Young (Concurrent Start) (G1 Evacuation Pause)
[2022-03-12T04:33:55.504+0800][443.119s] GC(145) Using 8 workers of 8 for evacuation
[2022-03-12T04:33:55.508+0800][443.123s] GC(145) To-space exhausted
[2022-03-12T04:33:55.508+0800][443.123s] GC(145)   Pre Evacuate Collection Set: 0.1ms
[2022-03-12T04:33:55.508+0800][443.123s] GC(145)   Merge Heap Roots: 0.0ms
[2022-03-12T04:33:55.508+0800][443.123s] GC(145)   Evacuate Collection Set: 1.3ms
[2022-03-12T04:33:55.508+0800][443.123s] GC(145)   Post Evacuate Collection Set: 2.2ms
[2022-03-12T04:33:55.508+0800][443.123s] GC(145)   Other: 0.2ms
[2022-03-12T04:33:55.508+0800][443.123s] GC(145) Eden regions: 1->0(25)
[2022-03-12T04:33:55.508+0800][443.123s] GC(145) Survivor regions: 0->0(0)
[2022-03-12T04:33:55.508+0800][443.123s] GC(145) Old regions: 474->475
[2022-03-12T04:33:55.508+0800][443.123s] GC(145) Archive regions: 0->0
[2022-03-12T04:33:55.508+0800][443.123s] GC(145) Humongous regions: 37->37
[2022-03-12T04:33:55.508+0800][443.123s] GC(145) Metaspace: 49974K(50368K)->49974K(50368K) NonClass: 43999K(44224K)->43999K(44224K) Class: 5975K(6144K)->5975K(6144K)
[2022-03-12T04:33:55.508+0800][443.123s] GC(145) Pause Young (Concurrent Start) (G1 Evacuation Pause) 511M->511M(512M) 4.002ms
[2022-03-12T04:33:55.508+0800][443.123s] GC(145) User=0.00s Sys=0.00s Real=0.00s
[2022-03-12T04:33:55.508+0800][443.123s] Attempting full compaction
[2022-03-12T04:33:55.508+0800][443.123s] GC(146) Using 8 workers of 8 for full compaction
[2022-03-12T04:33:55.508+0800][443.124s] GC(147) Concurrent Mark Cycle
[2022-03-12T04:33:55.508+0800][443.124s] GC(146) Pause Full (G1 Compaction Pause)
[2022-03-12T04:33:55.508+0800][443.124s] GC(147) Concurrent Clear Claimed Marks
[2022-03-12T04:33:55.508+0800][443.124s] GC(147) Concurrent Clear Claimed Marks 0.131ms
[2022-03-12T04:33:55.508+0800][443.124s] GC(147) Concurrent Scan Root Regions
[2022-03-12T04:33:55.508+0800][443.124s] GC(147) Concurrent Scan Root Regions 0.045ms
[2022-03-12T04:33:55.508+0800][443.124s] GC(147) Concurrent Mark
[2022-03-12T04:33:55.509+0800][443.124s] GC(147) Concurrent Mark From Roots
[2022-03-12T04:33:55.509+0800][443.124s] GC(147) Using 2 workers of 2 for marking
[2022-03-12T04:33:55.509+0800][443.124s] GC(146) Phase 1: Mark live objects
[2022-03-12T04:33:55.858+0800][443.473s] GC(146) Phase 1: Mark live objects 348.897ms
[2022-03-12T04:33:55.858+0800][443.473s] GC(146) Phase 2: Prepare for compaction
[2022-03-12T04:33:55.859+0800][443.474s] GC(146) Phase 2: Prepare for compaction 1.388ms
[2022-03-12T04:33:55.859+0800][443.474s] GC(146) Phase 3: Adjust pointers
[2022-03-12T04:33:55.950+0800][443.565s] GC(146) Phase 3: Adjust pointers 90.925ms
[2022-03-12T04:33:55.950+0800][443.565s] GC(146) Phase 4: Compact heap
[2022-03-12T04:33:55.950+0800][443.566s] GC(146) Phase 4: Compact heap 0.447ms
[2022-03-12T04:33:55.955+0800][443.571s] GC(146) Eden regions: 0->0(25)
[2022-03-12T04:33:55.955+0800][443.571s] GC(146) Survivor regions: 0->0(0)
[2022-03-12T04:33:55.955+0800][443.571s] GC(146) Old regions: 475->474
[2022-03-12T04:33:55.955+0800][443.571s] GC(146) Archive regions: 0->0
[2022-03-12T04:33:55.955+0800][443.571s] GC(146) Humongous regions: 37->37
[2022-03-12T04:33:55.955+0800][443.571s] GC(146) Metaspace: 49974K(50368K)->49974K(50368K) NonClass: 43999K(44224K)->43999K(44224K) Class: 5975K(6144K)->5975K(6144K)
[2022-03-12T04:33:55.955+0800][443.571s] GC(146) Pause Full (G1 Compaction Pause) 511M->510M(512M) 447.349ms
[2022-03-12T04:33:55.956+0800][443.571s] GC(146) User=2.73s Sys=0.09s Real=0.45s
[2022-03-12T04:33:55.956+0800][443.571s] GC(147) Concurrent Mark From Roots 447.375ms
[2022-03-12T04:33:55.956+0800][443.571s] GC(147) Concurrent Mark Abort
[2022-03-12T04:33:55.956+0800][443.571s] GC(147) Concurrent Mark Cycle 447.884ms
[2022-03-12T04:33:55.958+0800][443.573s] GC(148) Pause Young (Normal) (G1 Evacuation Pause)
[2022-03-12T04:33:55.958+0800][443.573s] GC(148) Using 8 workers of 8 for evacuation
[2022-03-12T04:33:55.961+0800][443.577s] GC(148) To-space exhausted
[2022-03-12T04:33:55.961+0800][443.577s] GC(148)   Pre Evacuate Collection Set: 0.1ms
[2022-03-12T04:33:55.961+0800][443.577s] GC(148)   Merge Heap Roots: 0.0ms
[2022-03-12T04:33:55.961+0800][443.577s] GC(148)   Evacuate Collection Set: 1.3ms
[2022-03-12T04:33:55.961+0800][443.577s] GC(148)   Post Evacuate Collection Set: 1.8ms
[2022-03-12T04:33:55.961+0800][443.577s] GC(148)   Other: 0.3ms
[2022-03-12T04:33:55.961+0800][443.577s] GC(148) Eden regions: 1->0(25)
[2022-03-12T04:33:55.961+0800][443.577s] GC(148) Survivor regions: 0->0(0)
[2022-03-12T04:33:55.961+0800][443.577s] GC(148) Old regions: 474->475
[2022-03-12T04:33:55.961+0800][443.577s] GC(148) Archive regions: 0->0
[2022-03-12T04:33:55.961+0800][443.577s] GC(148) Humongous regions: 37->37
[2022-03-12T04:33:55.961+0800][443.577s] GC(148) Metaspace: 49974K(50368K)->49974K(50368K) NonClass: 43999K(44224K)->43999K(44224K) Class: 5975K(6144K)->5975K(6144K)
[2022-03-12T04:33:55.961+0800][443.577s] GC(148) Pause Young (Normal) (G1 Evacuation Pause) 511M->511M(512M) 3.621ms
[2022-03-12T04:33:55.961+0800][443.577s] GC(148) User=0.00s Sys=0.00s Real=0.00s
[2022-03-12T04:33:55.961+0800][443.577s] Attempting full compaction
[2022-03-12T04:33:55.961+0800][443.577s] GC(149) Using 8 workers of 8 for full compaction
[2022-03-12T04:33:55.961+0800][443.577s] GC(149) Pause Full (G1 Compaction Pause)
[2022-03-12T04:33:55.961+0800][443.577s] GC(149) Phase 1: Mark live objects
[2022-03-12T04:33:56.347+0800][443.962s] GC(149) Phase 1: Mark live objects 384.701ms
[2022-03-12T04:33:56.347+0800][443.962s] GC(149) Phase 2: Prepare for compaction
[2022-03-12T04:33:56.348+0800][443.963s] GC(149) Phase 2: Prepare for compaction 1.243ms
[2022-03-12T04:33:56.348+0800][443.963s] GC(149) Phase 3: Adjust pointers
[2022-03-12T04:33:56.460+0800][444.075s] GC(149) Phase 3: Adjust pointers 111.633ms
[2022-03-12T04:33:56.460+0800][444.075s] GC(149) Phase 4: Compact heap
[2022-03-12T04:33:56.460+0800][444.076s] GC(149) Phase 4: Compact heap 0.740ms
[2022-03-12T04:33:56.465+0800][444.080s] GC(149) Eden regions: 0->0(25)
[2022-03-12T04:33:56.465+0800][444.080s] GC(149) Survivor regions: 0->0(0)
[2022-03-12T04:33:56.465+0800][444.080s] GC(149) Old regions: 475->475
[2022-03-12T04:33:56.465+0800][444.080s] GC(149) Archive regions: 0->0
[2022-03-12T04:33:56.465+0800][444.080s] GC(149) Humongous regions: 37->37
[2022-03-12T04:33:56.465+0800][444.080s] GC(149) Metaspace: 49974K(50368K)->49974K(50368K) NonClass: 43999K(44224K)->43999K(44224K) Class: 5975K(6144K)->5975K(6144K)
[2022-03-12T04:33:56.465+0800][444.080s] GC(149) Pause Full (G1 Compaction Pause) 511M->511M(512M) 503.312ms
[2022-03-12T04:33:56.465+0800][444.081s] GC(149) User=3.75s Sys=0.00s Real=0.50s
[2022-03-12T04:33:56.465+0800][444.081s] Attempting maximum full compaction clearing soft references
[2022-03-12T04:33:56.465+0800][444.081s] GC(150) Using 8 workers of 8 for full compaction
[2022-03-12T04:33:56.465+0800][444.081s] GC(150) Pause Full (G1 Compaction Pause)
[2022-03-12T04:33:56.466+0800][444.081s] GC(150) Phase 1: Mark live objects
[2022-03-12T04:33:56.830+0800][444.446s] GC(150) Phase 1: Mark live objects 364.514ms
[2022-03-12T04:33:56.830+0800][444.446s] GC(150) Phase 2: Prepare for compaction
[2022-03-12T04:33:56.932+0800][444.548s] GC(150) Phase 2: Prepare for compaction 101.890ms
[2022-03-12T04:33:56.932+0800][444.548s] GC(150) Phase 3: Adjust pointers
[2022-03-12T04:33:57.052+0800][444.667s] GC(150) Phase 3: Adjust pointers 119.876ms
[2022-03-12T04:33:57.052+0800][444.668s] GC(150) Phase 4: Compact heap
[2022-03-12T04:33:57.126+0800][444.742s] GC(150) Phase 4: Compact heap 74.162ms
[2022-03-12T04:33:57.130+0800][444.746s] GC(150) Eden regions: 0->0(25)
[2022-03-12T04:33:57.131+0800][444.746s] GC(150) Survivor regions: 0->0(0)
[2022-03-12T04:33:57.131+0800][444.746s] GC(150) Old regions: 475->475
[2022-03-12T04:33:57.131+0800][444.746s] GC(150) Archive regions: 0->0
[2022-03-12T04:33:57.131+0800][444.746s] GC(150) Humongous regions: 37->37
[2022-03-12T04:33:57.131+0800][444.746s] GC(150) Metaspace: 49974K(50368K)->49974K(50368K) NonClass: 43999K(44224K)->43999K(44224K) Class: 5975K(6144K)->5975K(6144K)
[2022-03-12T04:33:57.131+0800][444.746s] GC(150) Pause Full (G1 Compaction Pause) 511M->511M(512M) 664.886ms
[2022-03-12T04:33:57.131+0800][444.746s] GC(150) User=4.36s Sys=0.03s Real=0.67s
[2022-03-12T04:33:57.131+0800][444.746s] GC(151) Pause Young (Concurrent Start) (G1 Evacuation Pause)
[2022-03-12T04:33:57.131+0800][444.746s] GC(151) Using 8 workers of 8 for evacuation
[2022-03-12T04:33:57.132+0800][444.747s] GC(151)   Pre Evacuate Collection Set: 0.1ms
[2022-03-12T04:33:57.132+0800][444.747s] GC(151)   Merge Heap Roots: 0.0ms
[2022-03-12T04:33:57.132+0800][444.747s] GC(151)   Evacuate Collection Set: 0.4ms
[2022-03-12T04:33:57.132+0800][444.747s] GC(151)   Post Evacuate Collection Set: 0.2ms
[2022-03-12T04:33:57.132+0800][444.747s] GC(151)   Other: 0.1ms
[2022-03-12T04:33:57.132+0800][444.747s] GC(151) Eden regions: 0->0(25)
[2022-03-12T04:33:57.132+0800][444.747s] GC(151) Survivor regions: 0->0(0)
[2022-03-12T04:33:57.132+0800][444.747s] GC(151) Old regions: 475->475
[2022-03-12T04:33:57.132+0800][444.747s] GC(151) Archive regions: 0->0
[2022-03-12T04:33:57.132+0800][444.747s] GC(151) Humongous regions: 37->37
[2022-03-12T04:33:57.132+0800][444.747s] GC(151) Metaspace: 49974K(50368K)->49974K(50368K) NonClass: 43999K(44224K)->43999K(44224K) Class: 5975K(6144K)->5975K(6144K)
[2022-03-12T04:33:57.132+0800][444.747s] GC(151) Pause Young (Concurrent Start) (G1 Evacuation Pause) 511M->511M(512M) 0.985ms
[2022-03-12T04:33:57.132+0800][444.747s] GC(151) User=0.00s Sys=0.00s Real=0.00s
[2022-03-12T04:33:57.132+0800][444.747s] Attempting full compaction
[2022-03-12T04:33:57.132+0800][444.747s] GC(152) Concurrent Mark Cycle
[2022-03-12T04:33:57.132+0800][444.747s] GC(153) Using 8 workers of 8 for full compaction
[2022-03-12T04:33:57.132+0800][444.747s] GC(152) Concurrent Clear Claimed Marks
[2022-03-12T04:33:57.132+0800][444.748s] GC(152) Concurrent Clear Claimed Marks 0.058ms
[2022-03-12T04:33:57.132+0800][444.748s] GC(152) Concurrent Scan Root Regions
[2022-03-12T04:33:57.132+0800][444.748s] GC(152) Concurrent Scan Root Regions 0.013ms
[2022-03-12T04:33:57.132+0800][444.748s] GC(152) Concurrent Mark
[2022-03-12T04:33:57.132+0800][444.748s] GC(152) Concurrent Mark From Roots
[2022-03-12T04:33:57.132+0800][444.748s] GC(152) Using 2 workers of 2 for marking
[2022-03-12T04:33:57.132+0800][444.748s] GC(153) Pause Full (G1 Compaction Pause)
[2022-03-12T04:33:57.133+0800][444.748s] GC(153) Phase 1: Mark live objects
[2022-03-12T04:33:57.525+0800][445.140s] GC(153) Phase 1: Mark live objects 392.240ms
[2022-03-12T04:33:57.525+0800][445.140s] GC(153) Phase 2: Prepare for compaction
[2022-03-12T04:33:57.525+0800][445.141s] GC(153) Phase 2: Prepare for compaction 0.448ms
[2022-03-12T04:33:57.525+0800][445.141s] GC(153) Phase 3: Adjust pointers
[2022-03-12T04:33:57.626+0800][445.242s] GC(153) Phase 3: Adjust pointers 100.967ms
[2022-03-12T04:33:57.626+0800][445.242s] GC(153) Phase 4: Compact heap
[2022-03-12T04:33:57.626+0800][445.242s] GC(153) Phase 4: Compact heap 0.125ms
[2022-03-12T04:33:57.630+0800][445.246s] GC(153) Eden regions: 0->0(25)
[2022-03-12T04:33:57.630+0800][445.246s] GC(153) Survivor regions: 0->0(0)
[2022-03-12T04:33:57.630+0800][445.246s] GC(153) Old regions: 475->475
[2022-03-12T04:33:57.630+0800][445.246s] GC(153) Archive regions: 0->0
[2022-03-12T04:33:57.630+0800][445.246s] GC(153) Humongous regions: 37->37
[2022-03-12T04:33:57.630+0800][445.246s] GC(153) Metaspace: 49974K(50368K)->49974K(50368K) NonClass: 43999K(44224K)->43999K(44224K) Class: 5975K(6144K)->5975K(6144K)
[2022-03-12T04:33:57.630+0800][445.246s] GC(153) Pause Full (G1 Compaction Pause) 511M->511M(512M) 498.155ms
[2022-03-12T04:33:57.631+0800][445.246s] GC(153) User=3.64s Sys=0.00s Real=0.50s
[2022-03-12T04:33:57.631+0800][445.246s] Attempting maximum full compaction clearing soft references
[2022-03-12T04:33:57.631+0800][445.246s] GC(154) Using 8 workers of 8 for full compaction
[2022-03-12T04:33:57.631+0800][445.246s] GC(154) Pause Full (G1 Compaction Pause)
[2022-03-12T04:33:57.631+0800][445.246s] GC(154) Phase 1: Mark live objects
[2022-03-12T04:33:58.036+0800][445.651s] GC(154) Phase 1: Mark live objects 405.047ms
[2022-03-12T04:33:58.036+0800][445.652s] GC(154) Phase 2: Prepare for compaction
[2022-03-12T04:33:58.135+0800][445.750s] GC(154) Phase 2: Prepare for compaction 98.511ms
[2022-03-12T04:33:58.135+0800][445.750s] GC(154) Phase 3: Adjust pointers
[2022-03-12T04:33:58.248+0800][445.863s] GC(154) Phase 3: Adjust pointers 112.623ms
[2022-03-12T04:33:58.248+0800][445.863s] GC(154) Phase 4: Compact heap
[2022-03-12T04:33:58.317+0800][445.933s] GC(154) Phase 4: Compact heap 69.787ms
[2022-03-12T04:33:58.321+0800][445.937s] GC(154) Eden regions: 0->0(25)
[2022-03-12T04:33:58.321+0800][445.937s] GC(154) Survivor regions: 0->0(0)
[2022-03-12T04:33:58.321+0800][445.937s] GC(154) Old regions: 475->475
[2022-03-12T04:33:58.321+0800][445.937s] GC(154) Archive regions: 0->0
[2022-03-12T04:33:58.321+0800][445.937s] GC(154) Humongous regions: 37->37
[2022-03-12T04:33:58.321+0800][445.937s] GC(154) Metaspace: 49974K(50368K)->49974K(50368K) NonClass: 43999K(44224K)->43999K(44224K) Class: 5975K(6144K)->5975K(6144K)
[2022-03-12T04:33:58.321+0800][445.937s] GC(154) Pause Full (G1 Compaction Pause) 511M->511M(512M) 690.910ms
[2022-03-12T04:33:58.321+0800][445.938s] GC(154) User=4.81s Sys=0.02s Real=0.69s
[2022-03-12T04:33:58.321+0800][445.938s] GC(152) Concurrent Mark From Roots 1190.103ms
[2022-03-12T04:33:58.322+0800][445.938s] GC(155) Pause Young (Normal) (G1 Evacuation Pause)
[2022-03-12T04:33:58.322+0800][445.938s] GC(155) Using 8 workers of 8 for evacuation
[2022-03-12T04:33:58.323+0800][445.938s] GC(155)   Pre Evacuate Collection Set: 0.1ms
[2022-03-12T04:33:58.323+0800][445.938s] GC(155)   Merge Heap Roots: 0.0ms
[2022-03-12T04:33:58.323+0800][445.938s] GC(155)   Evacuate Collection Set: 0.1ms
[2022-03-12T04:33:58.323+0800][445.938s] GC(155)   Post Evacuate Collection Set: 0.2ms
[2022-03-12T04:33:58.323+0800][445.938s] GC(155)   Other: 0.1ms
[2022-03-12T04:33:58.323+0800][445.938s] GC(155) Eden regions: 0->0(25)
[2022-03-12T04:33:58.323+0800][445.938s] GC(155) Survivor regions: 0->0(0)
[2022-03-12T04:33:58.323+0800][445.938s] GC(155) Old regions: 475->475
[2022-03-12T04:33:58.323+0800][445.938s] GC(155) Archive regions: 0->0
[2022-03-12T04:33:58.323+0800][445.938s] GC(155) Humongous regions: 37->37
[2022-03-12T04:33:58.323+0800][445.938s] GC(155) Metaspace: 49974K(50368K)->49974K(50368K) NonClass: 43999K(44224K)->43999K(44224K) Class: 5975K(6144K)->5975K(6144K)
[2022-03-12T04:33:58.323+0800][445.938s] GC(155) Pause Young (Normal) (G1 Evacuation Pause) 511M->511M(512M) 0.632ms
[2022-03-12T04:33:58.323+0800][445.938s] GC(155) User=0.00s Sys=0.00s Real=0.00s
[2022-03-12T04:33:58.323+0800][445.938s] Attempting full compaction
[2022-03-12T04:33:58.323+0800][445.938s] GC(156) Using 8 workers of 8 for full compaction
[2022-03-12T04:33:58.323+0800][445.939s] GC(156) Pause Full (G1 Compaction Pause)
[2022-03-12T04:33:58.323+0800][445.939s] GC(156) Phase 1: Mark live objects
[2022-03-12T04:33:58.717+0800][446.333s] GC(156) Phase 1: Mark live objects 393.967ms
[2022-03-12T04:33:58.717+0800][446.333s] GC(156) Phase 2: Prepare for compaction
[2022-03-12T04:33:58.718+0800][446.333s] GC(156) Phase 2: Prepare for compaction 0.428ms
[2022-03-12T04:33:58.718+0800][446.333s] GC(156) Phase 3: Adjust pointers
[2022-03-12T04:33:58.815+0800][446.430s] GC(156) Phase 3: Adjust pointers 97.045ms
[2022-03-12T04:33:58.815+0800][446.430s] GC(156) Phase 4: Compact heap
[2022-03-12T04:33:58.815+0800][446.430s] GC(156) Phase 4: Compact heap 0.108ms
[2022-03-12T04:33:58.819+0800][446.434s] GC(156) Eden regions: 0->0(25)
[2022-03-12T04:33:58.819+0800][446.434s] GC(156) Survivor regions: 0->0(0)
[2022-03-12T04:33:58.819+0800][446.434s] GC(156) Old regions: 475->475
[2022-03-12T04:33:58.819+0800][446.434s] GC(156) Archive regions: 0->0
[2022-03-12T04:33:58.819+0800][446.434s] GC(156) Humongous regions: 37->37
[2022-03-12T04:33:58.819+0800][446.434s] GC(156) Metaspace: 49974K(50368K)->49974K(50368K) NonClass: 43999K(44224K)->43999K(44224K) Class: 5975K(6144K)->5975K(6144K)
[2022-03-12T04:33:58.819+0800][446.434s] GC(156) Pause Full (G1 Compaction Pause) 511M->511M(512M) 495.795ms
[2022-03-12T04:33:58.819+0800][446.435s] GC(156) User=3.59s Sys=0.00s Real=0.50s
[2022-03-12T04:33:58.819+0800][446.435s] Attempting maximum full compaction clearing soft references
[2022-03-12T04:33:58.819+0800][446.435s] GC(157) Using 8 workers of 8 for full compaction
[2022-03-12T04:33:58.819+0800][446.435s] GC(157) Pause Full (G1 Compaction Pause)
[2022-03-12T04:33:58.819+0800][446.435s] GC(157) Phase 1: Mark live objects
[2022-03-12T04:33:59.187+0800][446.802s] GC(157) Phase 1: Mark live objects 367.240ms
[2022-03-12T04:33:59.187+0800][446.802s] GC(157) Phase 2: Prepare for compaction
[2022-03-12T04:33:59.283+0800][446.898s] GC(157) Phase 2: Prepare for compaction 95.838ms
[2022-03-12T04:33:59.283+0800][446.898s] GC(157) Phase 3: Adjust pointers
[2022-03-12T04:33:59.395+0800][447.011s] GC(157) Phase 3: Adjust pointers 112.907ms
[2022-03-12T04:33:59.396+0800][447.011s] GC(157) Phase 4: Compact heap
[2022-03-12T04:33:59.475+0800][447.090s] GC(157) Phase 4: Compact heap 79.291ms
[2022-03-12T04:33:59.479+0800][447.094s] GC(157) Eden regions: 0->0(25)
[2022-03-12T04:33:59.479+0800][447.095s] GC(157) Survivor regions: 0->0(0)
[2022-03-12T04:33:59.479+0800][447.095s] GC(157) Old regions: 475->475
[2022-03-12T04:33:59.479+0800][447.095s] GC(157) Archive regions: 0->0
[2022-03-12T04:33:59.479+0800][447.095s] GC(157) Humongous regions: 37->37
[2022-03-12T04:33:59.479+0800][447.095s] GC(157) Metaspace: 49974K(50368K)->49974K(50368K) NonClass: 43999K(44224K)->43999K(44224K) Class: 5975K(6144K)->5975K(6144K)
[2022-03-12T04:33:59.479+0800][447.095s] GC(157) Pause Full (G1 Compaction Pause) 511M->511M(512M) 659.681ms
[2022-03-12T04:33:59.479+0800][447.095s] GC(157) User=3.91s Sys=0.02s Real=0.66s
[2022-03-12T04:33:59.479+0800][447.095s] GC(152) Concurrent Mark Abort
[2022-03-12T04:33:59.479+0800][447.095s] GC(152) Concurrent Mark Cycle 2347.678ms
[2022-03-12T04:33:59.480+0800][447.095s] GC(158) Pause Young (Normal) (G1 Evacuation Pause)
[2022-03-12T04:33:59.480+0800][447.095s] GC(158) Using 8 workers of 8 for evacuation
[2022-03-12T04:33:59.480+0800][447.096s] GC(158)   Pre Evacuate Collection Set: 0.1ms
[2022-03-12T04:33:59.480+0800][447.096s] GC(158)   Merge Heap Roots: 0.0ms
[2022-03-12T04:33:59.480+0800][447.096s] GC(158)   Evacuate Collection Set: 0.1ms
[2022-03-12T04:33:59.480+0800][447.096s] GC(158)   Post Evacuate Collection Set: 0.1ms
[2022-03-12T04:33:59.480+0800][447.096s] GC(158)   Other: 0.1ms
[2022-03-12T04:33:59.480+0800][447.096s] GC(158) Eden regions: 0->0(25)
[2022-03-12T04:33:59.480+0800][447.096s] GC(158) Survivor regions: 0->0(0)
[2022-03-12T04:33:59.480+0800][447.096s] GC(158) Old regions: 475->475
[2022-03-12T04:33:59.480+0800][447.096s] GC(158) Archive regions: 0->0
[2022-03-12T04:33:59.480+0800][447.096s] GC(158) Humongous regions: 37->37
[2022-03-12T04:33:59.480+0800][447.096s] GC(158) Metaspace: 49974K(50368K)->49974K(50368K) NonClass: 43999K(44224K)->43999K(44224K) Class: 5975K(6144K)->5975K(6144K)
[2022-03-12T04:33:59.480+0800][447.096s] GC(158) Pause Young (Normal) (G1 Evacuation Pause) 511M->511M(512M) 0.598ms
[2022-03-12T04:33:59.480+0800][447.096s] GC(158) User=0.00s Sys=0.00s Real=0.00s
[2022-03-12T04:33:59.480+0800][447.096s] Attempting full compaction
[2022-03-12T04:33:59.480+0800][447.096s] GC(159) Using 8 workers of 8 for full compaction
[2022-03-12T04:33:59.480+0800][447.096s] GC(159) Pause Full (G1 Compaction Pause)
[2022-03-12T04:33:59.480+0800][447.096s] GC(159) Phase 1: Mark live objects
[2022-03-12T04:33:59.847+0800][447.462s] GC(159) Phase 1: Mark live objects 366.028ms
[2022-03-12T04:33:59.847+0800][447.462s] GC(159) Phase 2: Prepare for compaction
[2022-03-12T04:33:59.847+0800][447.463s] GC(159) Phase 2: Prepare for compaction 0.738ms
[2022-03-12T04:33:59.847+0800][447.463s] GC(159) Phase 3: Adjust pointers
[2022-03-12T04:33:59.940+0800][447.556s] GC(159) Phase 3: Adjust pointers 92.636ms
[2022-03-12T04:33:59.940+0800][447.556s] GC(159) Phase 4: Compact heap
[2022-03-12T04:33:59.941+0800][447.556s] GC(159) Phase 4: Compact heap 0.816ms
[2022-03-12T04:33:59.945+0800][447.561s] GC(159) Eden regions: 0->0(25)
[2022-03-12T04:33:59.945+0800][447.561s] GC(159) Survivor regions: 0->0(0)
[2022-03-12T04:33:59.945+0800][447.561s] GC(159) Old regions: 475->450
[2022-03-12T04:33:59.945+0800][447.561s] GC(159) Archive regions: 0->0
[2022-03-12T04:33:59.945+0800][447.561s] GC(159) Humongous regions: 37->27
[2022-03-12T04:33:59.945+0800][447.561s] GC(159) Metaspace: 49974K(50368K)->49974K(50368K) NonClass: 43999K(44224K)->43999K(44224K) Class: 5975K(6144K)->5975K(6144K)
[2022-03-12T04:33:59.946+0800][447.561s] GC(159) Pause Full (G1 Compaction Pause) 511M->472M(512M) 465.199ms
[2022-03-12T04:33:59.947+0800][447.562s] GC(159) User=3.33s Sys=0.00s Real=0.47s
[2022-03-12T04:34:07.228+0800][454.843s] GC(160) Pause Young (Concurrent Start) (G1 Humongous Allocation)
[2022-03-12T04:34:07.228+0800][454.843s] GC(160) Using 8 workers of 8 for evacuation
[2022-03-12T04:34:07.229+0800][454.844s] GC(160)   Pre Evacuate Collection Set: 0.1ms
[2022-03-12T04:34:07.229+0800][454.844s] GC(160)   Merge Heap Roots: 0.0ms
[2022-03-12T04:34:07.229+0800][454.844s] GC(160)   Evacuate Collection Set: 0.5ms
[2022-03-12T04:34:07.229+0800][454.844s] GC(160)   Post Evacuate Collection Set: 0.4ms
[2022-03-12T04:34:07.229+0800][454.844s] GC(160)   Other: 0.2ms
[2022-03-12T04:34:07.229+0800][454.844s] GC(160) Eden regions: 2->0(24)
[2022-03-12T04:34:07.229+0800][454.844s] GC(160) Survivor regions: 0->1(4)
[2022-03-12T04:34:07.229+0800][454.844s] GC(160) Old regions: 450->450
[2022-03-12T04:34:07.229+0800][454.844s] GC(160) Archive regions: 0->0
[2022-03-12T04:34:07.229+0800][454.844s] GC(160) Humongous regions: 27->27
[2022-03-12T04:34:07.229+0800][454.844s] GC(160) Metaspace: 49980K(50368K)->49980K(50368K) NonClass: 44005K(44224K)->44005K(44224K) Class: 5975K(6144K)->5975K(6144K)
[2022-03-12T04:34:07.229+0800][454.844s] GC(160) Pause Young (Concurrent Start) (G1 Humongous Allocation) 473M->472M(512M) 1.418ms
[2022-03-12T04:34:07.229+0800][454.844s] GC(160) User=0.00s Sys=0.00s Real=0.00s
[2022-03-12T04:34:07.229+0800][454.845s] GC(161) Concurrent Mark Cycle
[2022-03-12T04:34:07.229+0800][454.845s] GC(161) Concurrent Clear Claimed Marks
[2022-03-12T04:34:07.229+0800][454.845s] GC(161) Concurrent Clear Claimed Marks 0.023ms
[2022-03-12T04:34:07.229+0800][454.845s] GC(161) Concurrent Scan Root Regions
[2022-03-12T04:34:07.230+0800][454.846s] GC(161) Concurrent Scan Root Regions 1.491ms
[2022-03-12T04:34:07.230+0800][454.846s] GC(161) Concurrent Mark
[2022-03-12T04:34:07.230+0800][454.846s] GC(161) Concurrent Mark From Roots
[2022-03-12T04:34:07.230+0800][454.846s] GC(161) Using 2 workers of 2 for marking
[2022-03-12T04:34:07.250+0800][454.873s] GC(162) Pause Young (Normal) (G1 Preventive Collection)
[2022-03-12T04:34:07.250+0800][454.873s] GC(162) Using 8 workers of 8 for evacuation
[2022-03-12T04:34:07.270+0800][454.888s] GC(162) To-space exhausted
[2022-03-12T04:34:07.270+0800][454.888s] GC(162)   Pre Evacuate Collection Set: 0.2ms
[2022-03-12T04:34:07.270+0800][454.888s] GC(162)   Merge Heap Roots: 0.1ms
[2022-03-12T04:34:07.270+0800][454.888s] GC(162)   Evacuate Collection Set: 9.3ms
[2022-03-12T04:34:07.270+0800][454.888s] GC(162)   Post Evacuate Collection Set: 5.4ms
[2022-03-12T04:34:07.270+0800][454.888s] GC(162)   Other: 0.4ms
[2022-03-12T04:34:07.270+0800][454.888s] GC(162) Eden regions: 9->0(23)
[2022-03-12T04:34:07.270+0800][454.888s] GC(162) Survivor regions: 1->2(2)
[2022-03-12T04:34:07.270+0800][454.888s] GC(162) Old regions: 450->459
[2022-03-12T04:34:07.270+0800][454.888s] GC(162) Archive regions: 0->0
[2022-03-12T04:34:07.270+0800][454.888s] GC(162) Humongous regions: 50->35
[2022-03-12T04:34:07.270+0800][454.888s] GC(162) Metaspace: 49980K(50368K)->49980K(50368K) NonClass: 44005K(44224K)->44005K(44224K) Class: 5975K(6144K)->5975K(6144K)
[2022-03-12T04:34:07.270+0800][454.888s] GC(162) Pause Young (Normal) (G1 Preventive Collection) 504M->491M(512M) 15.711ms
[2022-03-12T04:34:07.270+0800][454.889s] GC(162) User=0.16s Sys=0.00s Real=0.02s
[2022-03-12T04:34:07.290+0800][454.908s] GC(163) Pause Young (Normal) (G1 Preventive Collection)
[2022-03-12T04:34:07.290+0800][454.908s] GC(163) Using 8 workers of 8 for evacuation
[2022-03-12T04:34:07.315+0800][454.930s] GC(163) To-space exhausted
[2022-03-12T04:34:07.315+0800][454.930s] GC(163)   Pre Evacuate Collection Set: 0.1ms
[2022-03-12T04:34:07.315+0800][454.930s] GC(163)   Merge Heap Roots: 0.1ms
[2022-03-12T04:34:07.315+0800][454.930s] GC(163)   Evacuate Collection Set: 14.5ms
[2022-03-12T04:34:07.315+0800][454.930s] GC(163)   Post Evacuate Collection Set: 6.6ms
[2022-03-12T04:34:07.315+0800][454.930s] GC(163)   Other: 0.3ms
[2022-03-12T04:34:07.315+0800][454.930s] GC(163) Eden regions: 12->0(21)
[2022-03-12T04:34:07.315+0800][454.930s] GC(163) Survivor regions: 2->4(4)
[2022-03-12T04:34:07.315+0800][454.930s] GC(163) Old regions: 459->473
[2022-03-12T04:34:07.315+0800][454.930s] GC(163) Archive regions: 0->0
[2022-03-12T04:34:07.315+0800][454.930s] GC(163) Humongous regions: 35->35
[2022-03-12T04:34:07.315+0800][454.930s] GC(163) Metaspace: 49980K(50368K)->49980K(50368K) NonClass: 44005K(44224K)->44005K(44224K) Class: 5975K(6144K)->5975K(6144K)
[2022-03-12T04:34:07.315+0800][454.930s] GC(163) Pause Young (Normal) (G1 Preventive Collection) 503M->507M(512M) 22.123ms
[2022-03-12T04:34:07.315+0800][454.930s] GC(163) User=0.09s Sys=0.00s Real=0.03s
[2022-03-12T04:34:07.315+0800][454.930s] Attempting full compaction
[2022-03-12T04:34:07.315+0800][454.930s] GC(164) Using 8 workers of 8 for full compaction
[2022-03-12T04:34:07.315+0800][454.931s] GC(164) Pause Full (G1 Compaction Pause)
[2022-03-12T04:34:07.315+0800][454.931s] GC(164) Phase 1: Mark live objects
[2022-03-12T04:34:07.702+0800][455.317s] GC(164) Phase 1: Mark live objects 385.918ms
[2022-03-12T04:34:07.702+0800][455.317s] GC(164) Phase 2: Prepare for compaction
[2022-03-12T04:34:07.703+0800][455.321s] GC(164) Phase 2: Prepare for compaction 3.836ms
[2022-03-12T04:34:07.703+0800][455.321s] GC(164) Phase 3: Adjust pointers
[2022-03-12T04:34:07.811+0800][455.429s] GC(164) Phase 3: Adjust pointers 107.305ms
[2022-03-12T04:34:07.811+0800][455.429s] GC(164) Phase 4: Compact heap
[2022-03-12T04:34:07.811+0800][455.432s] GC(164) Phase 4: Compact heap 3.049ms
[2022-03-12T04:34:07.819+0800][455.438s] GC(164) Eden regions: 0->0(25)
[2022-03-12T04:34:07.819+0800][455.438s] GC(164) Survivor regions: 4->0(4)
[2022-03-12T04:34:07.819+0800][455.439s] GC(164) Old regions: 473->461
[2022-03-12T04:34:07.819+0800][455.439s] GC(164) Archive regions: 0->0
[2022-03-12T04:34:07.819+0800][455.439s] GC(164) Humongous regions: 35->35
[2022-03-12T04:34:07.819+0800][455.439s] GC(164) Metaspace: 49980K(50368K)->49980K(50368K) NonClass: 44005K(44224K)->44005K(44224K) Class: 5975K(6144K)->5975K(6144K)
[2022-03-12T04:34:07.819+0800][455.439s] GC(164) Pause Full (G1 Compaction Pause) 507M->491M(512M) 507.951ms
[2022-03-12T04:34:07.819+0800][455.439s] GC(164) User=3.83s Sys=0.02s Real=0.50s
[2022-03-12T04:34:07.819+0800][455.439s] GC(161) Concurrent Mark From Roots 593.108ms
[2022-03-12T04:34:07.819+0800][455.439s] GC(161) Concurrent Mark Abort
[2022-03-12T04:34:07.819+0800][455.439s] GC(161) Concurrent Mark Cycle 594.927ms
[2022-03-12T04:34:07.827+0800][455.445s] GC(165) Pause Young (Concurrent Start) (G1 Humongous Allocation)
[2022-03-12T04:34:07.827+0800][455.445s] GC(165) Using 8 workers of 8 for evacuation
[2022-03-12T04:34:07.834+0800][455.449s] GC(165)   Pre Evacuate Collection Set: 0.1ms
[2022-03-12T04:34:07.834+0800][455.449s] GC(165)   Merge Heap Roots: 0.1ms
[2022-03-12T04:34:07.834+0800][455.449s] GC(165)   Evacuate Collection Set: 3.4ms
[2022-03-12T04:34:07.834+0800][455.449s] GC(165)   Post Evacuate Collection Set: 0.5ms
[2022-03-12T04:34:07.834+0800][455.449s] GC(165)   Other: 0.4ms
[2022-03-12T04:34:07.834+0800][455.449s] GC(165) Eden regions: 3->0(23)
[2022-03-12T04:34:07.834+0800][455.449s] GC(165) Survivor regions: 0->2(4)
[2022-03-12T04:34:07.834+0800][455.449s] GC(165) Old regions: 461->461
[2022-03-12T04:34:07.834+0800][455.450s] GC(165) Archive regions: 0->0
[2022-03-12T04:34:07.834+0800][455.450s] GC(165) Humongous regions: 35->35
[2022-03-12T04:34:07.834+0800][455.450s] GC(165) Metaspace: 49980K(50368K)->49980K(50368K) NonClass: 44005K(44224K)->44005K(44224K) Class: 5975K(6144K)->5975K(6144K)
[2022-03-12T04:34:07.834+0800][455.450s] GC(165) Pause Young (Concurrent Start) (G1 Humongous Allocation) 494M->493M(512M) 4.978ms
[2022-03-12T04:34:07.834+0800][455.450s] GC(165) User=0.09s Sys=0.02s Real=0.01s
[2022-03-12T04:34:07.834+0800][455.450s] GC(166) Concurrent Mark Cycle
[2022-03-12T04:34:07.834+0800][455.450s] GC(166) Concurrent Clear Claimed Marks
[2022-03-12T04:34:07.834+0800][455.450s] GC(166) Concurrent Clear Claimed Marks 0.072ms
[2022-03-12T04:34:07.834+0800][455.450s] GC(166) Concurrent Scan Root Regions
[2022-03-12T04:34:07.834+0800][455.451s] GC(166) Concurrent Scan Root Regions 1.394ms
[2022-03-12T04:34:07.834+0800][455.452s] GC(166) Concurrent Mark
[2022-03-12T04:34:07.834+0800][455.452s] GC(166) Concurrent Mark From Roots
[2022-03-12T04:34:07.834+0800][455.452s] GC(166) Using 2 workers of 2 for marking
[2022-03-12T04:34:07.868+0800][455.484s] GC(167) Pause Young (Normal) (G1 Preventive Collection)
[2022-03-12T04:34:07.868+0800][455.484s] GC(167) Using 8 workers of 8 for evacuation
[2022-03-12T04:34:07.885+0800][455.501s] GC(167) To-space exhausted
[2022-03-12T04:34:07.885+0800][455.501s] GC(167)   Pre Evacuate Collection Set: 0.1ms
[2022-03-12T04:34:07.885+0800][455.501s] GC(167)   Merge Heap Roots: 0.1ms
[2022-03-12T04:34:07.885+0800][455.501s] GC(167)   Evacuate Collection Set: 11.9ms
[2022-03-12T04:34:07.885+0800][455.501s] GC(167)   Post Evacuate Collection Set: 5.1ms
[2022-03-12T04:34:07.885+0800][455.501s] GC(167)   Other: 0.4ms
[2022-03-12T04:34:07.885+0800][455.501s] GC(167) Eden regions: 8->0(21)
[2022-03-12T04:34:07.885+0800][455.501s] GC(167) Survivor regions: 2->4(4)
[2022-03-12T04:34:07.885+0800][455.501s] GC(167) Old regions: 461->472
[2022-03-12T04:34:07.885+0800][455.501s] GC(167) Archive regions: 0->0
[2022-03-12T04:34:07.885+0800][455.501s] GC(167) Humongous regions: 36->36
[2022-03-12T04:34:07.885+0800][455.501s] GC(167) Metaspace: 49980K(50368K)->49980K(50368K) NonClass: 44005K(44224K)->44005K(44224K) Class: 5975K(6144K)->5975K(6144K)
[2022-03-12T04:34:07.885+0800][455.501s] GC(167) Pause Young (Normal) (G1 Preventive Collection) 502M->507M(512M) 17.775ms
[2022-03-12T04:34:07.885+0800][455.501s] GC(167) User=0.03s Sys=0.00s Real=0.02s
[2022-03-12T04:34:07.885+0800][455.501s] Attempting full compaction
[2022-03-12T04:34:07.885+0800][455.501s] GC(168) Using 8 workers of 8 for full compaction
[2022-03-12T04:34:07.885+0800][455.502s] GC(168) Pause Full (G1 Compaction Pause)
[2022-03-12T04:34:07.885+0800][455.502s] GC(168) Phase 1: Mark live objects
[2022-03-12T04:34:08.264+0800][455.879s] GC(168) Phase 1: Mark live objects 376.972ms
[2022-03-12T04:34:08.264+0800][455.879s] GC(168) Phase 2: Prepare for compaction
[2022-03-12T04:34:08.266+0800][455.881s] GC(168) Phase 2: Prepare for compaction 2.057ms
[2022-03-12T04:34:08.266+0800][455.881s] GC(168) Phase 3: Adjust pointers
[2022-03-12T04:34:08.352+0800][455.967s] GC(168) Phase 3: Adjust pointers 85.640ms
[2022-03-12T04:34:08.352+0800][455.967s] GC(168) Phase 4: Compact heap
[2022-03-12T04:34:08.353+0800][455.969s] GC(168) Phase 4: Compact heap 1.562ms
[2022-03-12T04:34:08.358+0800][455.973s] GC(168) Eden regions: 0->0(25)
[2022-03-12T04:34:08.358+0800][455.973s] GC(168) Survivor regions: 4->0(4)
[2022-03-12T04:34:08.358+0800][455.973s] GC(168) Old regions: 472->467
[2022-03-12T04:34:08.358+0800][455.973s] GC(168) Archive regions: 0->0
[2022-03-12T04:34:08.358+0800][455.973s] GC(168) Humongous regions: 36->36
[2022-03-12T04:34:08.358+0800][455.973s] GC(168) Metaspace: 49980K(50368K)->49980K(50368K) NonClass: 44005K(44224K)->44005K(44224K) Class: 5975K(6144K)->5975K(6144K)
[2022-03-12T04:34:08.358+0800][455.973s] GC(168) Pause Full (G1 Compaction Pause) 507M->498M(512M) 471.722ms
[2022-03-12T04:34:08.359+0800][455.974s] GC(168) User=2.78s Sys=0.00s Real=0.47s
[2022-03-12T04:34:08.359+0800][455.974s] GC(166) Concurrent Mark From Roots 522.374ms
[2022-03-12T04:34:08.359+0800][455.974s] GC(166) Concurrent Mark Abort
[2022-03-12T04:34:08.359+0800][455.974s] GC(166) Concurrent Mark Cycle 524.162ms
[2022-03-12T04:34:08.372+0800][455.987s] GC(169) Pause Young (Normal) (G1 Preventive Collection)
[2022-03-12T04:34:08.372+0800][455.987s] GC(169) Using 8 workers of 8 for evacuation
[2022-03-12T04:34:08.380+0800][455.995s] GC(169) To-space exhausted
[2022-03-12T04:34:08.380+0800][455.995s] GC(169)   Pre Evacuate Collection Set: 0.1ms
[2022-03-12T04:34:08.380+0800][455.995s] GC(169)   Merge Heap Roots: 0.1ms
[2022-03-12T04:34:08.380+0800][455.995s] GC(169)   Evacuate Collection Set: 5.6ms
[2022-03-12T04:34:08.380+0800][455.995s] GC(169)   Post Evacuate Collection Set: 1.8ms
[2022-03-12T04:34:08.380+0800][455.995s] GC(169)   Other: 0.3ms
[2022-03-12T04:34:08.380+0800][455.995s] GC(169) Eden regions: 6->0(22)
[2022-03-12T04:34:08.380+0800][455.995s] GC(169) Survivor regions: 0->3(3)
[2022-03-12T04:34:08.380+0800][455.995s] GC(169) Old regions: 467->473
[2022-03-12T04:34:08.380+0800][455.995s] GC(169) Archive regions: 0->0
[2022-03-12T04:34:08.380+0800][455.995s] GC(169) Humongous regions: 36->36
[2022-03-12T04:34:08.380+0800][455.995s] GC(169) Metaspace: 49980K(50368K)->49980K(50368K) NonClass: 44005K(44224K)->44005K(44224K) Class: 5975K(6144K)->5975K(6144K)
[2022-03-12T04:34:08.380+0800][455.995s] GC(169) Pause Young (Normal) (G1 Preventive Collection) 504M->507M(512M) 7.969ms
[2022-03-12T04:34:08.380+0800][455.995s] GC(169) User=0.11s Sys=0.00s Real=0.01s
[2022-03-12T04:34:08.380+0800][455.995s] Attempting full compaction
[2022-03-12T04:34:08.380+0800][455.995s] GC(170) Using 8 workers of 8 for full compaction
[2022-03-12T04:34:08.380+0800][455.996s] GC(170) Pause Full (G1 Compaction Pause)
[2022-03-12T04:34:08.380+0800][455.996s] GC(170) Phase 1: Mark live objects
[2022-03-12T04:34:08.757+0800][456.373s] GC(170) Phase 1: Mark live objects 377.188ms
[2022-03-12T04:34:08.757+0800][456.373s] GC(170) Phase 2: Prepare for compaction
[2022-03-12T04:34:08.757+0800][456.375s] GC(170) Phase 2: Prepare for compaction 1.892ms
[2022-03-12T04:34:08.757+0800][456.375s] GC(170) Phase 3: Adjust pointers
[2022-03-12T04:34:08.844+0800][456.460s] GC(170) Phase 3: Adjust pointers 84.590ms
[2022-03-12T04:34:08.844+0800][456.460s] GC(170) Phase 4: Compact heap
[2022-03-12T04:34:08.844+0800][456.460s] GC(170) Phase 4: Compact heap 0.328ms
[2022-03-12T04:34:08.850+0800][456.465s] GC(170) Eden regions: 0->0(25)
[2022-03-12T04:34:08.850+0800][456.465s] GC(170) Survivor regions: 3->0(3)
[2022-03-12T04:34:08.850+0800][456.465s] GC(170) Old regions: 473->470
[2022-03-12T04:34:08.850+0800][456.465s] GC(170) Archive regions: 0->0
[2022-03-12T04:34:08.850+0800][456.465s] GC(170) Humongous regions: 36->36
[2022-03-12T04:34:08.850+0800][456.465s] GC(170) Metaspace: 49980K(50368K)->49980K(50368K) NonClass: 44005K(44224K)->44005K(44224K) Class: 5975K(6144K)->5975K(6144K)
[2022-03-12T04:34:08.850+0800][456.465s] GC(170) Pause Full (G1 Compaction Pause) 507M->502M(512M) 469.931ms
[2022-03-12T04:34:08.850+0800][456.466s] GC(170) User=3.11s Sys=0.00s Real=0.47s
[2022-03-12T04:34:08.854+0800][456.471s] GC(171) Pause Young (Concurrent Start) (G1 Preventive Collection)
[2022-03-12T04:34:08.854+0800][456.471s] GC(171) Using 8 workers of 8 for evacuation
[2022-03-12T04:34:08.859+0800][456.475s] GC(171)   Pre Evacuate Collection Set: 0.1ms
[2022-03-12T04:34:08.859+0800][456.475s] GC(171)   Merge Heap Roots: 0.1ms
[2022-03-12T04:34:08.859+0800][456.475s] GC(171)   Evacuate Collection Set: 3.1ms
[2022-03-12T04:34:08.860+0800][456.475s] GC(171)   Post Evacuate Collection Set: 0.4ms
[2022-03-12T04:34:08.860+0800][456.475s] GC(171)   Other: 0.3ms
[2022-03-12T04:34:08.860+0800][456.475s] GC(171) Eden regions: 3->0(23)
[2022-03-12T04:34:08.860+0800][456.475s] GC(171) Survivor regions: 0->2(3)
[2022-03-12T04:34:08.860+0800][456.475s] GC(171) Old regions: 470->470
[2022-03-12T04:34:08.860+0800][456.475s] GC(171) Archive regions: 0->0
[2022-03-12T04:34:08.860+0800][456.475s] GC(171) Humongous regions: 36->36
[2022-03-12T04:34:08.860+0800][456.475s] GC(171) Metaspace: 49980K(50368K)->49980K(50368K) NonClass: 44005K(44224K)->44005K(44224K) Class: 5975K(6144K)->5975K(6144K)
[2022-03-12T04:34:08.860+0800][456.476s] GC(171) Pause Young (Concurrent Start) (G1 Preventive Collection) 505M->504M(512M) 4.476ms
[2022-03-12T04:34:08.860+0800][456.476s] GC(171) User=0.00s Sys=0.00s Real=0.01s
[2022-03-12T04:34:08.860+0800][456.476s] GC(172) Concurrent Mark Cycle
[2022-03-12T04:34:08.860+0800][456.476s] GC(172) Concurrent Clear Claimed Marks
[2022-03-12T04:34:08.860+0800][456.476s] GC(172) Concurrent Clear Claimed Marks 0.065ms
[2022-03-12T04:34:08.860+0800][456.476s] GC(172) Concurrent Scan Root Regions
[2022-03-12T04:34:08.860+0800][456.478s] GC(172) Concurrent Scan Root Regions 1.546ms
[2022-03-12T04:34:08.860+0800][456.478s] GC(172) Concurrent Mark
[2022-03-12T04:34:08.860+0800][456.478s] GC(172) Concurrent Mark From Roots
[2022-03-12T04:34:08.860+0800][456.478s] GC(172) Using 2 workers of 2 for marking
[2022-03-12T04:34:08.860+0800][456.479s] GC(173) Pause Young (Normal) (G1 Preventive Collection)
[2022-03-12T04:34:08.860+0800][456.479s] GC(173) Using 8 workers of 8 for evacuation
[2022-03-12T04:34:08.867+0800][456.482s] GC(173)   Pre Evacuate Collection Set: 0.1ms
[2022-03-12T04:34:08.867+0800][456.482s] GC(173)   Merge Heap Roots: 0.1ms
[2022-03-12T04:34:08.867+0800][456.482s] GC(173)   Evacuate Collection Set: 3.2ms
[2022-03-12T04:34:08.867+0800][456.483s] GC(173)   Post Evacuate Collection Set: 0.3ms
[2022-03-12T04:34:08.867+0800][456.483s] GC(173)   Other: 0.3ms
[2022-03-12T04:34:08.867+0800][456.483s] GC(173) Eden regions: 1->0(22)
[2022-03-12T04:34:08.867+0800][456.483s] GC(173) Survivor regions: 2->3(3)
[2022-03-12T04:34:08.867+0800][456.483s] GC(173) Old regions: 470->470
[2022-03-12T04:34:08.867+0800][456.483s] GC(173) Archive regions: 0->0
[2022-03-12T04:34:08.867+0800][456.483s] GC(173) Humongous regions: 36->36
[2022-03-12T04:34:08.867+0800][456.483s] GC(173) Metaspace: 49980K(50368K)->49980K(50368K) NonClass: 44005K(44224K)->44005K(44224K) Class: 5975K(6144K)->5975K(6144K)
[2022-03-12T04:34:08.867+0800][456.483s] GC(173) Pause Young (Normal) (G1 Preventive Collection) 505M->504M(512M) 4.177ms
[2022-03-12T04:34:08.867+0800][456.483s] GC(173) User=0.09s Sys=0.00s Real=0.01s
[2022-03-12T04:34:08.871+0800][456.486s] GC(174) Pause Young (Normal) (G1 Preventive Collection)
[2022-03-12T04:34:08.871+0800][456.487s] GC(174) Using 8 workers of 8 for evacuation
[2022-03-12T04:34:08.879+0800][456.494s] GC(174) To-space exhausted
[2022-03-12T04:34:08.879+0800][456.494s] GC(174)   Pre Evacuate Collection Set: 0.1ms
[2022-03-12T04:34:08.879+0800][456.494s] GC(174)   Merge Heap Roots: 0.1ms
[2022-03-12T04:34:08.879+0800][456.494s] GC(174)   Evacuate Collection Set: 5.6ms
[2022-03-12T04:34:08.879+0800][456.494s] GC(174)   Post Evacuate Collection Set: 1.5ms
[2022-03-12T04:34:08.879+0800][456.494s] GC(174)   Other: 0.3ms
[2022-03-12T04:34:08.879+0800][456.494s] GC(174) Eden regions: 1->0(24)
[2022-03-12T04:34:08.879+0800][456.494s] GC(174) Survivor regions: 3->1(2)
[2022-03-12T04:34:08.879+0800][456.494s] GC(174) Old regions: 470->475
[2022-03-12T04:34:08.879+0800][456.494s] GC(174) Archive regions: 0->0
[2022-03-12T04:34:08.879+0800][456.494s] GC(174) Humongous regions: 36->36
[2022-03-12T04:34:08.879+0800][456.494s] GC(174) Metaspace: 49980K(50368K)->49980K(50368K) NonClass: 44005K(44224K)->44005K(44224K) Class: 5975K(6144K)->5975K(6144K)
[2022-03-12T04:34:08.879+0800][456.494s] GC(174) Pause Young (Normal) (G1 Preventive Collection) 505M->507M(512M) 7.949ms
[2022-03-12T04:34:08.879+0800][456.494s] GC(174) User=0.02s Sys=0.00s Real=0.01s
[2022-03-12T04:34:08.879+0800][456.494s] Attempting full compaction
[2022-03-12T04:34:08.879+0800][456.495s] GC(175) Using 8 workers of 8 for full compaction
[2022-03-12T04:34:08.879+0800][456.495s] GC(175) Pause Full (G1 Compaction Pause)
[2022-03-12T04:34:08.879+0800][456.495s] GC(175) Phase 1: Mark live objects
[2022-03-12T04:34:09.303+0800][456.919s] GC(175) Phase 1: Mark live objects 423.566ms
[2022-03-12T04:34:09.303+0800][456.919s] GC(175) Phase 2: Prepare for compaction
[2022-03-12T04:34:09.304+0800][456.920s] GC(175) Phase 2: Prepare for compaction 1.131ms
[2022-03-12T04:34:09.304+0800][456.920s] GC(175) Phase 3: Adjust pointers
[2022-03-12T04:34:09.394+0800][457.010s] GC(175) Phase 3: Adjust pointers 89.560ms
[2022-03-12T04:34:09.394+0800][457.010s] GC(175) Phase 4: Compact heap
[2022-03-12T04:34:09.395+0800][457.010s] GC(175) Phase 4: Compact heap 0.453ms
[2022-03-12T04:34:09.399+0800][457.015s] GC(175) Eden regions: 0->0(25)
[2022-03-12T04:34:09.399+0800][457.015s] GC(175) Survivor regions: 1->0(2)
[2022-03-12T04:34:09.399+0800][457.015s] GC(175) Old regions: 475->472
[2022-03-12T04:34:09.399+0800][457.015s] GC(175) Archive regions: 0->0
[2022-03-12T04:34:09.399+0800][457.015s] GC(175) Humongous regions: 36->36
[2022-03-12T04:34:09.399+0800][457.015s] GC(175) Metaspace: 49980K(50368K)->49980K(50368K) NonClass: 44005K(44224K)->44005K(44224K) Class: 5975K(6144K)->5975K(6144K)
[2022-03-12T04:34:09.399+0800][457.015s] GC(175) Pause Full (G1 Compaction Pause) 507M->505M(512M) 520.155ms
[2022-03-12T04:34:09.400+0800][457.015s] GC(175) User=3.06s Sys=0.00s Real=0.52s
[2022-03-12T04:34:09.402+0800][457.018s] GC(172) Concurrent Mark From Roots 539.907ms
[2022-03-12T04:34:09.402+0800][457.018s] GC(172) Concurrent Mark Abort
[2022-03-12T04:34:09.402+0800][457.018s] GC(172) Concurrent Mark Cycle 541.907ms
[2022-03-12T04:34:09.407+0800][457.023s] GC(176) Pause Young (Normal) (G1 Preventive Collection)
[2022-03-12T04:34:09.408+0800][457.023s] GC(176) Using 8 workers of 8 for evacuation
[2022-03-12T04:34:09.411+0800][457.026s] GC(176)   Pre Evacuate Collection Set: 0.1ms
[2022-03-12T04:34:09.411+0800][457.026s] GC(176)   Merge Heap Roots: 0.1ms
[2022-03-12T04:34:09.411+0800][457.027s] GC(176)   Evacuate Collection Set: 2.7ms
[2022-03-12T04:34:09.411+0800][457.027s] GC(176)   Post Evacuate Collection Set: 0.4ms
[2022-03-12T04:34:09.411+0800][457.027s] GC(176)   Other: 0.4ms
[2022-03-12T04:34:09.411+0800][457.027s] GC(176) Eden regions: 2->0(23)
[2022-03-12T04:34:09.411+0800][457.027s] GC(176) Survivor regions: 0->2(2)
[2022-03-12T04:34:09.411+0800][457.027s] GC(176) Old regions: 472->472
[2022-03-12T04:34:09.411+0800][457.027s] GC(176) Archive regions: 0->0
[2022-03-12T04:34:09.411+0800][457.027s] GC(176) Humongous regions: 36->36
[2022-03-12T04:34:09.411+0800][457.027s] GC(176) Metaspace: 49980K(50368K)->49980K(50368K) NonClass: 44005K(44224K)->44005K(44224K) Class: 5975K(6144K)->5975K(6144K)
[2022-03-12T04:34:09.411+0800][457.027s] GC(176) Pause Young (Normal) (G1 Preventive Collection) 507M->506M(512M) 4.295ms
[2022-03-12T04:34:09.411+0800][457.027s] GC(176) User=0.05s Sys=0.00s Real=0.00s
[2022-03-12T04:34:09.415+0800][457.031s] GC(177) Pause Young (Concurrent Start) (G1 Preventive Collection)
[2022-03-12T04:34:09.415+0800][457.031s] GC(177) Using 8 workers of 8 for evacuation
[2022-03-12T04:34:09.424+0800][457.039s] GC(177) To-space exhausted
[2022-03-12T04:34:09.424+0800][457.039s] GC(177)   Pre Evacuate Collection Set: 0.1ms
[2022-03-12T04:34:09.424+0800][457.039s] GC(177)   Merge Heap Roots: 0.1ms
[2022-03-12T04:34:09.424+0800][457.039s] GC(177)   Evacuate Collection Set: 3.3ms
[2022-03-12T04:34:09.424+0800][457.039s] GC(177)   Post Evacuate Collection Set: 4.5ms
[2022-03-12T04:34:09.424+0800][457.039s] GC(177)   Other: 0.5ms
[2022-03-12T04:34:09.424+0800][457.039s] GC(177) Eden regions: 1->0(24)
[2022-03-12T04:34:09.424+0800][457.039s] GC(177) Survivor regions: 2->1(1)
[2022-03-12T04:34:09.424+0800][457.040s] GC(177) Old regions: 472->475
[2022-03-12T04:34:09.424+0800][457.040s] GC(177) Archive regions: 0->0
[2022-03-12T04:34:09.424+0800][457.040s] GC(177) Humongous regions: 36->36
[2022-03-12T04:34:09.424+0800][457.040s] GC(177) Metaspace: 49980K(50368K)->49980K(50368K) NonClass: 44005K(44224K)->44005K(44224K) Class: 5975K(6144K)->5975K(6144K)
[2022-03-12T04:34:09.424+0800][457.040s] GC(177) Pause Young (Concurrent Start) (G1 Preventive Collection) 507M->508M(512M) 8.942ms
[2022-03-12T04:34:09.424+0800][457.040s] GC(177) User=0.00s Sys=0.00s Real=0.01s
[2022-03-12T04:34:09.424+0800][457.040s] Attempting full compaction
[2022-03-12T04:34:09.424+0800][457.040s] GC(178) Concurrent Mark Cycle
[2022-03-12T04:34:09.424+0800][457.040s] GC(179) Using 8 workers of 8 for full compaction
[2022-03-12T04:34:09.425+0800][457.040s] GC(178) Concurrent Clear Claimed Marks
[2022-03-12T04:34:09.425+0800][457.040s] GC(178) Concurrent Clear Claimed Marks 0.189ms
[2022-03-12T04:34:09.425+0800][457.040s] GC(178) Concurrent Scan Root Regions
[2022-03-12T04:34:09.425+0800][457.040s] GC(179) Pause Full (G1 Compaction Pause)
[2022-03-12T04:34:09.426+0800][457.042s] GC(178) Concurrent Scan Root Regions 1.642ms
[2022-03-12T04:34:09.426+0800][457.042s] GC(178) Concurrent Mark
[2022-03-12T04:34:09.426+0800][457.042s] GC(178) Concurrent Mark From Roots
[2022-03-12T04:34:09.426+0800][457.042s] GC(178) Using 2 workers of 2 for marking
[2022-03-12T04:34:09.426+0800][457.042s] GC(179) Phase 1: Mark live objects
[2022-03-12T04:34:09.795+0800][457.410s] GC(179) Phase 1: Mark live objects 368.337ms
[2022-03-12T04:34:09.795+0800][457.411s] GC(179) Phase 2: Prepare for compaction
[2022-03-12T04:34:09.796+0800][457.413s] GC(179) Phase 2: Prepare for compaction 2.391ms
[2022-03-12T04:34:09.798+0800][457.413s] GC(179) Phase 3: Adjust pointers
[2022-03-12T04:34:09.891+0800][457.507s] GC(179) Phase 3: Adjust pointers 93.849ms
[2022-03-12T04:34:09.891+0800][457.507s] GC(179) Phase 4: Compact heap
[2022-03-12T04:34:09.892+0800][457.507s] GC(179) Phase 4: Compact heap 0.433ms
[2022-03-12T04:34:09.896+0800][457.512s] GC(179) Eden regions: 0->0(25)
[2022-03-12T04:34:09.896+0800][457.512s] GC(179) Survivor regions: 1->0(1)
[2022-03-12T04:34:09.896+0800][457.513s] GC(179) Old regions: 475->474
[2022-03-12T04:34:09.896+0800][457.513s] GC(179) Archive regions: 0->0
[2022-03-12T04:34:09.896+0800][457.513s] GC(179) Humongous regions: 36->36
[2022-03-12T04:34:09.896+0800][457.513s] GC(179) Metaspace: 49980K(50368K)->49980K(50368K) NonClass: 44005K(44224K)->44005K(44224K) Class: 5975K(6144K)->5975K(6144K)
[2022-03-12T04:34:09.896+0800][457.513s] GC(179) Pause Full (G1 Compaction Pause) 508M->506M(512M) 472.266ms
[2022-03-12T04:34:09.898+0800][457.513s] GC(179) User=2.61s Sys=0.02s Real=0.47s
[2022-03-12T04:34:09.898+0800][457.513s] GC(178) Concurrent Mark From Roots 471.289ms
[2022-03-12T04:34:09.898+0800][457.513s] GC(178) Concurrent Mark Abort
[2022-03-12T04:34:09.898+0800][457.513s] GC(178) Concurrent Mark Cycle 473.396ms
[2022-03-12T04:34:09.900+0800][457.516s] GC(180) Pause Young (Concurrent Start) (G1 Humongous Allocation)
[2022-03-12T04:34:09.900+0800][457.516s] GC(180) Using 8 workers of 8 for evacuation
[2022-03-12T04:34:09.902+0800][457.518s] GC(180)   Pre Evacuate Collection Set: 0.1ms
[2022-03-12T04:34:09.902+0800][457.518s] GC(180)   Merge Heap Roots: 0.1ms
[2022-03-12T04:34:09.902+0800][457.518s] GC(180)   Evacuate Collection Set: 1.3ms
[2022-03-12T04:34:09.902+0800][457.518s] GC(180)   Post Evacuate Collection Set: 0.3ms
[2022-03-12T04:34:09.902+0800][457.518s] GC(180)   Other: 0.3ms
[2022-03-12T04:34:09.902+0800][457.518s] GC(180) Eden regions: 1->0(24)
[2022-03-12T04:34:09.902+0800][457.518s] GC(180) Survivor regions: 0->1(1)
[2022-03-12T04:34:09.902+0800][457.518s] GC(180) Old regions: 474->474
[2022-03-12T04:34:09.902+0800][457.518s] GC(180) Archive regions: 0->0
[2022-03-12T04:34:09.902+0800][457.518s] GC(180) Humongous regions: 36->36
[2022-03-12T04:34:09.902+0800][457.518s] GC(180) Metaspace: 49980K(50368K)->49980K(50368K) NonClass: 44005K(44224K)->44005K(44224K) Class: 5975K(6144K)->5975K(6144K)
[2022-03-12T04:34:09.902+0800][457.518s] GC(180) Pause Young (Concurrent Start) (G1 Humongous Allocation) 507M->507M(512M) 2.282ms
[2022-03-12T04:34:09.902+0800][457.518s] GC(180) User=0.00s Sys=0.00s Real=0.00s
[2022-03-12T04:34:09.903+0800][457.518s] GC(181) Concurrent Mark Cycle
[2022-03-12T04:34:09.903+0800][457.518s] GC(181) Concurrent Clear Claimed Marks
[2022-03-12T04:34:09.903+0800][457.518s] GC(181) Concurrent Clear Claimed Marks 0.019ms
[2022-03-12T04:34:09.903+0800][457.518s] GC(181) Concurrent Scan Root Regions
[2022-03-12T04:34:09.903+0800][457.519s] GC(181) Concurrent Scan Root Regions 0.442ms
[2022-03-12T04:34:09.903+0800][457.519s] GC(182) Pause Young (Normal) (G1 Humongous Allocation)
[2022-03-12T04:34:09.903+0800][457.519s] GC(181) Concurrent Mark
[2022-03-12T04:34:09.903+0800][457.519s] GC(182) Using 8 workers of 8 for evacuation
[2022-03-12T04:34:09.903+0800][457.519s] GC(181) Concurrent Mark From Roots
[2022-03-12T04:34:09.903+0800][457.519s] GC(181) Using 2 workers of 2 for marking
[2022-03-12T04:34:09.905+0800][457.520s] GC(182)   Pre Evacuate Collection Set: 0.5ms
[2022-03-12T04:34:09.905+0800][457.520s] GC(182)   Merge Heap Roots: 0.1ms
[2022-03-12T04:34:09.905+0800][457.520s] GC(182)   Evacuate Collection Set: 0.8ms
[2022-03-12T04:34:09.905+0800][457.520s] GC(182)   Post Evacuate Collection Set: 0.1ms
[2022-03-12T04:34:09.905+0800][457.520s] GC(182)   Other: 0.3ms
[2022-03-12T04:34:09.905+0800][457.520s] GC(182) Eden regions: 0->0(24)
[2022-03-12T04:34:09.905+0800][457.520s] GC(182) Survivor regions: 1->1(1)
[2022-03-12T04:34:09.905+0800][457.520s] GC(182) Old regions: 474->474
[2022-03-12T04:34:09.905+0800][457.520s] GC(182) Archive regions: 0->0
[2022-03-12T04:34:09.905+0800][457.520s] GC(182) Humongous regions: 36->36
[2022-03-12T04:34:09.905+0800][457.520s] GC(182) Metaspace: 49980K(50368K)->49980K(50368K) NonClass: 44005K(44224K)->44005K(44224K) Class: 5975K(6144K)->5975K(6144K)
[2022-03-12T04:34:09.905+0800][457.520s] GC(182) Pause Young (Normal) (G1 Humongous Allocation) 507M->507M(512M) 1.522ms
[2022-03-12T04:34:09.905+0800][457.520s] GC(182) User=0.00s Sys=0.00s Real=0.00s
[2022-03-12T04:34:09.905+0800][457.520s] Attempting full compaction
[2022-03-12T04:34:09.905+0800][457.520s] GC(183) Using 8 workers of 8 for full compaction
[2022-03-12T04:34:09.905+0800][457.520s] GC(183) Pause Full (G1 Compaction Pause)
[2022-03-12T04:34:09.905+0800][457.521s] GC(183) Phase 1: Mark live objects
[2022-03-12T04:34:10.280+0800][457.896s] GC(183) Phase 1: Mark live objects 375.461ms
[2022-03-12T04:34:10.280+0800][457.896s] GC(183) Phase 2: Prepare for compaction
[2022-03-12T04:34:10.282+0800][457.898s] GC(183) Phase 2: Prepare for compaction 1.516ms
[2022-03-12T04:34:10.282+0800][457.898s] GC(183) Phase 3: Adjust pointers
[2022-03-12T04:34:10.396+0800][458.011s] GC(183) Phase 3: Adjust pointers 113.394ms
[2022-03-12T04:34:10.396+0800][458.011s] GC(183) Phase 4: Compact heap
[2022-03-12T04:34:10.397+0800][458.012s] GC(183) Phase 4: Compact heap 0.909ms
[2022-03-12T04:34:10.402+0800][458.018s] GC(183) Eden regions: 0->0(25)
[2022-03-12T04:34:10.402+0800][458.018s] GC(183) Survivor regions: 1->0(1)
[2022-03-12T04:34:10.402+0800][458.018s] GC(183) Old regions: 474->474
[2022-03-12T04:34:10.402+0800][458.018s] GC(183) Archive regions: 0->0
[2022-03-12T04:34:10.402+0800][458.018s] GC(183) Humongous regions: 36->36
[2022-03-12T04:34:10.402+0800][458.018s] GC(183) Metaspace: 49980K(50368K)->49980K(50368K) NonClass: 44005K(44224K)->44005K(44224K) Class: 5975K(6144K)->5975K(6144K)
[2022-03-12T04:34:10.403+0800][458.018s] GC(183) Pause Full (G1 Compaction Pause) 507M->507M(512M) 497.600ms
[2022-03-12T04:34:10.403+0800][458.018s] GC(183) User=2.77s Sys=0.00s Real=0.50s
[2022-03-12T04:34:10.403+0800][458.018s] Attempting maximum full compaction clearing soft references
[2022-03-12T04:34:10.403+0800][458.018s] GC(184) Using 8 workers of 8 for full compaction
[2022-03-12T04:34:10.403+0800][458.019s] GC(184) Pause Full (G1 Compaction Pause)
[2022-03-12T04:34:10.403+0800][458.019s] GC(184) Phase 1: Mark live objects
[2022-03-12T04:34:10.748+0800][458.364s] GC(184) Phase 1: Mark live objects 344.870ms
[2022-03-12T04:34:10.749+0800][458.364s] GC(184) Phase 2: Prepare for compaction
[2022-03-12T04:34:10.822+0800][458.437s] GC(184) Phase 2: Prepare for compaction 73.012ms
[2022-03-12T04:34:10.822+0800][458.437s] GC(184) Phase 3: Adjust pointers
[2022-03-12T04:34:10.932+0800][458.548s] GC(184) Phase 3: Adjust pointers 110.755ms
[2022-03-12T04:34:10.932+0800][458.548s] GC(184) Phase 4: Compact heap
[2022-03-12T04:34:10.992+0800][458.608s] GC(184) Phase 4: Compact heap 59.849ms
[2022-03-12T04:34:10.999+0800][458.614s] GC(184) Eden regions: 0->0(25)
[2022-03-12T04:34:10.999+0800][458.614s] GC(184) Survivor regions: 0->0(1)
[2022-03-12T04:34:10.999+0800][458.614s] GC(184) Old regions: 474->474
[2022-03-12T04:34:10.999+0800][458.614s] GC(184) Archive regions: 0->0
[2022-03-12T04:34:10.999+0800][458.614s] GC(184) Humongous regions: 36->36
[2022-03-12T04:34:10.999+0800][458.614s] GC(184) Metaspace: 49980K(50368K)->49980K(50368K) NonClass: 44005K(44224K)->44005K(44224K) Class: 5975K(6144K)->5975K(6144K)
[2022-03-12T04:34:10.999+0800][458.614s] GC(184) Pause Full (G1 Compaction Pause) 507M->507M(512M) 595.533ms
[2022-03-12T04:34:10.999+0800][458.615s] GC(184) User=3.33s Sys=0.03s Real=0.60s
[2022-03-12T04:34:10.999+0800][458.615s] GC(181) Concurrent Mark From Roots 1095.872ms
[2022-03-12T04:34:10.999+0800][458.615s] GC(185) Pause Young (Normal) (G1 Evacuation Pause)
[2022-03-12T04:34:10.999+0800][458.615s] GC(185) Using 8 workers of 8 for evacuation
[2022-03-12T04:34:11.000+0800][458.615s] GC(185)   Pre Evacuate Collection Set: 0.1ms
[2022-03-12T04:34:11.000+0800][458.615s] GC(185)   Merge Heap Roots: 0.0ms
[2022-03-12T04:34:11.000+0800][458.615s] GC(185)   Evacuate Collection Set: 0.2ms
[2022-03-12T04:34:11.000+0800][458.615s] GC(185)   Post Evacuate Collection Set: 0.2ms
[2022-03-12T04:34:11.000+0800][458.615s] GC(185)   Other: 0.1ms
[2022-03-12T04:34:11.000+0800][458.615s] GC(185) Eden regions: 0->0(25)
[2022-03-12T04:34:11.000+0800][458.615s] GC(185) Survivor regions: 0->0(0)
[2022-03-12T04:34:11.000+0800][458.615s] GC(185) Old regions: 474->474
[2022-03-12T04:34:11.000+0800][458.615s] GC(185) Archive regions: 0->0
[2022-03-12T04:34:11.000+0800][458.615s] GC(185) Humongous regions: 38->38
[2022-03-12T04:34:11.000+0800][458.615s] GC(185) Metaspace: 49980K(50368K)->49980K(50368K) NonClass: 44005K(44224K)->44005K(44224K) Class: 5975K(6144K)->5975K(6144K)
[2022-03-12T04:34:11.000+0800][458.615s] GC(185) Pause Young (Normal) (G1 Evacuation Pause) 509M->509M(512M) 0.659ms
[2022-03-12T04:34:11.000+0800][458.615s] GC(185) User=0.00s Sys=0.00s Real=0.00s
[2022-03-12T04:34:11.000+0800][458.615s] Attempting full compaction
[2022-03-12T04:34:11.000+0800][458.616s] GC(186) Using 8 workers of 8 for full compaction
[2022-03-12T04:34:11.000+0800][458.616s] GC(186) Pause Full (G1 Compaction Pause)
[2022-03-12T04:34:11.000+0800][458.616s] GC(186) Phase 1: Mark live objects
[2022-03-12T04:34:11.359+0800][458.975s] GC(186) Phase 1: Mark live objects 359.122ms
[2022-03-12T04:34:11.359+0800][458.975s] GC(186) Phase 2: Prepare for compaction
[2022-03-12T04:34:11.363+0800][458.978s] GC(186) Phase 2: Prepare for compaction 3.120ms
[2022-03-12T04:34:11.363+0800][458.978s] GC(186) Phase 3: Adjust pointers
[2022-03-12T04:34:11.465+0800][459.081s] GC(186) Phase 3: Adjust pointers 102.849ms
[2022-03-12T04:34:11.465+0800][459.081s] GC(186) Phase 4: Compact heap
[2022-03-12T04:34:11.466+0800][459.082s] GC(186) Phase 4: Compact heap 0.709ms
[2022-03-12T04:34:11.474+0800][459.089s] GC(186) Eden regions: 0->0(25)
[2022-03-12T04:34:11.474+0800][459.089s] GC(186) Survivor regions: 0->0(0)
[2022-03-12T04:34:11.474+0800][459.089s] GC(186) Old regions: 474->472
[2022-03-12T04:34:11.474+0800][459.090s] GC(186) Archive regions: 0->0
[2022-03-12T04:34:11.474+0800][459.090s] GC(186) Humongous regions: 38->38
[2022-03-12T04:34:11.474+0800][459.090s] GC(186) Metaspace: 49980K(50368K)->49980K(50368K) NonClass: 44005K(44224K)->44005K(44224K) Class: 5975K(6144K)->5975K(6144K)
[2022-03-12T04:34:11.474+0800][459.090s] GC(186) Pause Full (G1 Compaction Pause) 509M->509M(512M) 473.995ms
[2022-03-12T04:34:11.475+0800][459.091s] GC(186) User=3.12s Sys=0.00s Real=0.47s
[2022-03-12T04:34:11.475+0800][459.091s] GC(181) Concurrent Mark Abort
[2022-03-12T04:34:11.475+0800][459.091s] GC(181) Concurrent Mark Cycle 1572.674ms
[2022-03-12T04:34:11.485+0800][459.100s] GC(187) Pause Young (Normal) (G1 Preventive Collection)
[2022-03-12T04:34:11.485+0800][459.100s] GC(187) Using 8 workers of 8 for evacuation
[2022-03-12T04:34:11.490+0800][459.105s] GC(187)   Pre Evacuate Collection Set: 0.1ms
[2022-03-12T04:34:11.490+0800][459.105s] GC(187)   Merge Heap Roots: 0.1ms
[2022-03-12T04:34:11.490+0800][459.106s] GC(187)   Evacuate Collection Set: 4.6ms
[2022-03-12T04:34:11.490+0800][459.106s] GC(187)   Post Evacuate Collection Set: 0.6ms
[2022-03-12T04:34:11.490+0800][459.106s] GC(187)   Other: 0.1ms
[2022-03-12T04:34:11.490+0800][459.106s] GC(187) Eden regions: 1->0(24)
[2022-03-12T04:34:11.490+0800][459.106s] GC(187) Survivor regions: 0->1(1)
[2022-03-12T04:34:11.490+0800][459.106s] GC(187) Old regions: 472->472
[2022-03-12T04:34:11.490+0800][459.106s] GC(187) Archive regions: 0->0
[2022-03-12T04:34:11.490+0800][459.106s] GC(187) Humongous regions: 38->38
[2022-03-12T04:34:11.490+0800][459.106s] GC(187) Metaspace: 49980K(50368K)->49980K(50368K) NonClass: 44005K(44224K)->44005K(44224K) Class: 5975K(6144K)->5975K(6144K)
[2022-03-12T04:34:11.490+0800][459.106s] GC(187) Pause Young (Normal) (G1 Preventive Collection) 510M->509M(512M) 5.728ms
[2022-03-12T04:34:11.490+0800][459.106s] GC(187) User=0.05s Sys=0.05s Real=0.01s
[2022-03-12T04:34:11.492+0800][459.108s] GC(188) Pause Young (Concurrent Start) (G1 Evacuation Pause)
[2022-03-12T04:34:11.492+0800][459.108s] GC(188) Using 8 workers of 8 for evacuation
[2022-03-12T04:34:11.501+0800][459.116s] GC(188) To-space exhausted
[2022-03-12T04:34:11.501+0800][459.116s] GC(188)   Pre Evacuate Collection Set: 0.1ms
[2022-03-12T04:34:11.501+0800][459.116s] GC(188)   Merge Heap Roots: 0.1ms
[2022-03-12T04:34:11.501+0800][459.116s] GC(188)   Evacuate Collection Set: 3.0ms
[2022-03-12T04:34:11.501+0800][459.116s] GC(188)   Post Evacuate Collection Set: 5.2ms
[2022-03-12T04:34:11.501+0800][459.116s] GC(188)   Other: 0.4ms
[2022-03-12T04:34:11.501+0800][459.116s] GC(188) Eden regions: 1->0(25)
[2022-03-12T04:34:11.501+0800][459.117s] GC(188) Survivor regions: 1->0(0)
[2022-03-12T04:34:11.501+0800][459.117s] GC(188) Old regions: 472->474
[2022-03-12T04:34:11.501+0800][459.117s] GC(188) Archive regions: 0->0
[2022-03-12T04:34:11.501+0800][459.117s] GC(188) Humongous regions: 38->38
[2022-03-12T04:34:11.501+0800][459.117s] GC(188) Metaspace: 49980K(50368K)->49980K(50368K) NonClass: 44005K(44224K)->44005K(44224K) Class: 5975K(6144K)->5975K(6144K)
[2022-03-12T04:34:11.501+0800][459.117s] GC(188) Pause Young (Concurrent Start) (G1 Evacuation Pause) 510M->510M(512M) 8.936ms
[2022-03-12T04:34:11.501+0800][459.117s] GC(188) User=0.00s Sys=0.00s Real=0.01s
[2022-03-12T04:34:11.501+0800][459.117s] Attempting full compaction
[2022-03-12T04:34:11.501+0800][459.117s] GC(189) Concurrent Mark Cycle
[2022-03-12T04:34:11.501+0800][459.117s] GC(190) Using 8 workers of 8 for full compaction
[2022-03-12T04:34:11.502+0800][459.117s] GC(189) Concurrent Clear Claimed Marks
[2022-03-12T04:34:11.502+0800][459.117s] GC(189) Concurrent Clear Claimed Marks 0.111ms
[2022-03-12T04:34:11.502+0800][459.117s] GC(189) Concurrent Scan Root Regions
[2022-03-12T04:34:11.502+0800][459.117s] GC(189) Concurrent Scan Root Regions 0.040ms
[2022-03-12T04:34:11.502+0800][459.117s] GC(190) Pause Full (G1 Compaction Pause)
[2022-03-12T04:34:11.502+0800][459.117s] GC(189) Concurrent Mark
[2022-03-12T04:34:11.502+0800][459.117s] GC(189) Concurrent Mark From Roots
[2022-03-12T04:34:11.502+0800][459.117s] GC(189) Using 2 workers of 2 for marking
[2022-03-12T04:34:11.502+0800][459.117s] GC(190) Phase 1: Mark live objects
[2022-03-12T04:34:11.877+0800][459.493s] GC(190) Phase 1: Mark live objects 375.238ms
[2022-03-12T04:34:11.877+0800][459.493s] GC(190) Phase 2: Prepare for compaction
[2022-03-12T04:34:11.878+0800][459.494s] GC(190) Phase 2: Prepare for compaction 1.126ms
[2022-03-12T04:34:11.878+0800][459.494s] GC(190) Phase 3: Adjust pointers
[2022-03-12T04:34:11.975+0800][459.590s] GC(190) Phase 3: Adjust pointers 96.147ms
[2022-03-12T04:34:11.975+0800][459.590s] GC(190) Phase 4: Compact heap
[2022-03-12T04:34:11.975+0800][459.591s] GC(190) Phase 4: Compact heap 0.436ms
[2022-03-12T04:34:11.983+0800][459.599s] GC(190) Eden regions: 0->0(25)
[2022-03-12T04:34:11.983+0800][459.599s] GC(190) Survivor regions: 0->0(0)
[2022-03-12T04:34:11.983+0800][459.599s] GC(190) Old regions: 474->474
[2022-03-12T04:34:11.983+0800][459.599s] GC(190) Archive regions: 0->0
[2022-03-12T04:34:11.983+0800][459.599s] GC(190) Humongous regions: 38->37
[2022-03-12T04:34:11.983+0800][459.599s] GC(190) Metaspace: 49980K(50368K)->49980K(50368K) NonClass: 44005K(44224K)->44005K(44224K) Class: 5975K(6144K)->5975K(6144K)
[2022-03-12T04:34:11.983+0800][459.599s] GC(190) Pause Full (G1 Compaction Pause) 510M->509M(512M) 482.168ms
[2022-03-12T04:34:11.983+0800][459.600s] GC(190) User=3.31s Sys=0.00s Real=0.48s
[2022-03-12T04:34:11.983+0800][459.600s] GC(189) Concurrent Mark From Roots 482.963ms
[2022-03-12T04:34:11.983+0800][459.600s] GC(189) Concurrent Mark Abort
[2022-03-12T04:34:11.983+0800][459.600s] GC(189) Concurrent Mark Cycle 483.532ms
[2022-03-12T04:34:11.983+0800][459.603s] GC(191) Pause Young (Normal) (G1 Evacuation Pause)
[2022-03-12T04:34:11.988+0800][459.603s] GC(191) Using 8 workers of 8 for evacuation
[2022-03-12T04:34:11.990+0800][459.609s] GC(191) To-space exhausted
[2022-03-12T04:34:11.990+0800][459.609s] GC(191)   Pre Evacuate Collection Set: 0.1ms
[2022-03-12T04:34:11.990+0800][459.609s] GC(191)   Merge Heap Roots: 0.1ms
[2022-03-12T04:34:11.990+0800][459.609s] GC(191)   Evacuate Collection Set: 1.3ms
[2022-03-12T04:34:11.990+0800][459.609s] GC(191)   Post Evacuate Collection Set: 3.7ms
[2022-03-12T04:34:11.990+0800][459.609s] GC(191)   Other: 0.4ms
[2022-03-12T04:34:11.990+0800][459.609s] GC(191) Eden regions: 1->0(25)
[2022-03-12T04:34:11.990+0800][459.609s] GC(191) Survivor regions: 0->0(0)
[2022-03-12T04:34:11.990+0800][459.609s] GC(191) Old regions: 474->475
[2022-03-12T04:34:11.990+0800][459.609s] GC(191) Archive regions: 0->0
[2022-03-12T04:34:11.990+0800][459.609s] GC(191) Humongous regions: 37->37
[2022-03-12T04:34:11.990+0800][459.609s] GC(191) Metaspace: 49980K(50368K)->49980K(50368K) NonClass: 44005K(44224K)->44005K(44224K) Class: 5975K(6144K)->5975K(6144K)
[2022-03-12T04:34:11.990+0800][459.609s] GC(191) Pause Young (Normal) (G1 Evacuation Pause) 510M->510M(512M) 6.116ms
[2022-03-12T04:34:11.990+0800][459.609s] GC(191) User=0.00s Sys=0.02s Real=0.01s
[2022-03-12T04:34:11.990+0800][459.609s] Attempting full compaction
[2022-03-12T04:34:11.990+0800][459.609s] GC(192) Using 8 workers of 8 for full compaction
[2022-03-12T04:34:11.990+0800][459.610s] GC(192) Pause Full (G1 Compaction Pause)
[2022-03-12T04:34:11.990+0800][459.610s] GC(192) Phase 1: Mark live objects
[2022-03-12T04:34:12.322+0800][459.937s] GC(192) Phase 1: Mark live objects 327.396ms
[2022-03-12T04:34:12.322+0800][459.937s] GC(192) Phase 2: Prepare for compaction
[2022-03-12T04:34:12.324+0800][459.939s] GC(192) Phase 2: Prepare for compaction 1.960ms
[2022-03-12T04:34:12.324+0800][459.939s] GC(192) Phase 3: Adjust pointers
[2022-03-12T04:34:12.410+0800][460.025s] GC(192) Phase 3: Adjust pointers 85.732ms
[2022-03-12T04:34:12.410+0800][460.025s] GC(192) Phase 4: Compact heap
[2022-03-12T04:34:12.411+0800][460.026s] GC(192) Phase 4: Compact heap 1.069ms
[2022-03-12T04:34:12.413+0800][460.031s] GC(192) Eden regions: 0->0(25)
[2022-03-12T04:34:12.413+0800][460.031s] GC(192) Survivor regions: 0->0(0)
[2022-03-12T04:34:12.413+0800][460.031s] GC(192) Old regions: 475->474
[2022-03-12T04:34:12.413+0800][460.031s] GC(192) Archive regions: 0->0
[2022-03-12T04:34:12.413+0800][460.031s] GC(192) Humongous regions: 37->37
[2022-03-12T04:34:12.413+0800][460.031s] GC(192) Metaspace: 49980K(50368K)->49980K(50368K) NonClass: 44005K(44224K)->44005K(44224K) Class: 5975K(6144K)->5975K(6144K)
[2022-03-12T04:34:12.413+0800][460.031s] GC(192) Pause Full (G1 Compaction Pause) 510M->510M(512M) 421.599ms
[2022-03-12T04:34:12.413+0800][460.032s] GC(192) User=2.44s Sys=0.00s Real=0.42s
[2022-03-12T04:34:12.413+0800][460.035s] GC(193) Pause Young (Concurrent Start) (G1 Evacuation Pause)
[2022-03-12T04:34:12.413+0800][460.035s] GC(193) Using 8 workers of 8 for evacuation
[2022-03-12T04:34:12.423+0800][460.041s] GC(193) To-space exhausted
[2022-03-12T04:34:12.423+0800][460.041s] GC(193)   Pre Evacuate Collection Set: 0.1ms
[2022-03-12T04:34:12.423+0800][460.041s] GC(193)   Merge Heap Roots: 0.1ms
[2022-03-12T04:34:12.423+0800][460.041s] GC(193)   Evacuate Collection Set: 2.1ms
[2022-03-12T04:34:12.423+0800][460.041s] GC(193)   Post Evacuate Collection Set: 3.8ms
[2022-03-12T04:34:12.423+0800][460.041s] GC(193)   Other: 0.4ms
[2022-03-12T04:34:12.423+0800][460.041s] GC(193) Eden regions: 1->0(25)
[2022-03-12T04:34:12.423+0800][460.041s] GC(193) Survivor regions: 0->0(0)
[2022-03-12T04:34:12.423+0800][460.041s] GC(193) Old regions: 474->475
[2022-03-12T04:34:12.423+0800][460.041s] GC(193) Archive regions: 0->0
[2022-03-12T04:34:12.423+0800][460.041s] GC(193) Humongous regions: 37->37
[2022-03-12T04:34:12.423+0800][460.041s] GC(193) Metaspace: 49980K(50368K)->49980K(50368K) NonClass: 44005K(44224K)->44005K(44224K) Class: 5975K(6144K)->5975K(6144K)
[2022-03-12T04:34:12.423+0800][460.041s] GC(193) Pause Young (Concurrent Start) (G1 Evacuation Pause) 511M->511M(512M) 6.801ms
[2022-03-12T04:34:12.423+0800][460.041s] GC(193) User=0.00s Sys=0.00s Real=0.01s
[2022-03-12T04:34:12.423+0800][460.041s] Attempting full compaction
[2022-03-12T04:34:12.423+0800][460.041s] GC(194) Concurrent Mark Cycle
[2022-03-12T04:34:12.423+0800][460.042s] GC(195) Using 8 workers of 8 for full compaction
[2022-03-12T04:34:12.423+0800][460.042s] GC(194) Concurrent Clear Claimed Marks
[2022-03-12T04:34:12.423+0800][460.042s] GC(194) Concurrent Clear Claimed Marks 0.169ms
[2022-03-12T04:34:12.423+0800][460.042s] GC(194) Concurrent Scan Root Regions
[2022-03-12T04:34:12.423+0800][460.042s] GC(194) Concurrent Scan Root Regions 0.043ms
[2022-03-12T04:34:12.423+0800][460.042s] GC(194) Concurrent Mark
[2022-03-12T04:34:12.423+0800][460.042s] GC(194) Concurrent Mark From Roots
[2022-03-12T04:34:12.423+0800][460.042s] GC(194) Using 2 workers of 2 for marking
[2022-03-12T04:34:12.423+0800][460.042s] GC(195) Pause Full (G1 Compaction Pause)
[2022-03-12T04:34:12.423+0800][460.043s] GC(195) Phase 1: Mark live objects
[2022-03-12T04:34:12.788+0800][460.404s] GC(195) Phase 1: Mark live objects 361.503ms
[2022-03-12T04:34:12.789+0800][460.404s] GC(195) Phase 2: Prepare for compaction
[2022-03-12T04:34:12.790+0800][460.405s] GC(195) Phase 2: Prepare for compaction 1.363ms
[2022-03-12T04:34:12.790+0800][460.405s] GC(195) Phase 3: Adjust pointers
[2022-03-12T04:34:12.884+0800][460.500s] GC(195) Phase 3: Adjust pointers 94.329ms
[2022-03-12T04:34:12.884+0800][460.500s] GC(195) Phase 4: Compact heap
[2022-03-12T04:34:12.885+0800][460.500s] GC(195) Phase 4: Compact heap 0.443ms
[2022-03-12T04:34:12.889+0800][460.505s] GC(195) Eden regions: 0->0(25)
[2022-03-12T04:34:12.889+0800][460.505s] GC(195) Survivor regions: 0->0(0)
[2022-03-12T04:34:12.889+0800][460.505s] GC(195) Old regions: 475->474
[2022-03-12T04:34:12.890+0800][460.505s] GC(195) Archive regions: 0->0
[2022-03-12T04:34:12.890+0800][460.505s] GC(195) Humongous regions: 37->37
[2022-03-12T04:34:12.890+0800][460.505s] GC(195) Metaspace: 49980K(50368K)->49980K(50368K) NonClass: 44005K(44224K)->44005K(44224K) Class: 5975K(6144K)->5975K(6144K)
[2022-03-12T04:34:12.890+0800][460.505s] GC(195) Pause Full (G1 Compaction Pause) 511M->510M(512M) 463.071ms
[2022-03-12T04:34:12.890+0800][460.505s] GC(195) User=2.67s Sys=0.00s Real=0.47s
[2022-03-12T04:34:12.890+0800][460.506s] GC(194) Concurrent Mark From Roots 463.585ms
[2022-03-12T04:34:12.890+0800][460.506s] GC(194) Concurrent Mark Abort
[2022-03-12T04:34:12.890+0800][460.506s] GC(194) Concurrent Mark Cycle 464.090ms
[2022-03-12T04:34:12.891+0800][460.507s] GC(196) Pause Young (Normal) (G1 Evacuation Pause)
[2022-03-12T04:34:12.891+0800][460.507s] GC(196) Using 8 workers of 8 for evacuation
[2022-03-12T04:34:12.894+0800][460.510s] GC(196) To-space exhausted
[2022-03-12T04:34:12.894+0800][460.510s] GC(196)   Pre Evacuate Collection Set: 0.0ms
[2022-03-12T04:34:12.894+0800][460.510s] GC(196)   Merge Heap Roots: 0.0ms
[2022-03-12T04:34:12.894+0800][460.510s] GC(196)   Evacuate Collection Set: 0.8ms
[2022-03-12T04:34:12.894+0800][460.510s] GC(196)   Post Evacuate Collection Set: 2.1ms
[2022-03-12T04:34:12.894+0800][460.510s] GC(196)   Other: 0.2ms
[2022-03-12T04:34:12.895+0800][460.510s] GC(196) Eden regions: 1->0(25)
[2022-03-12T04:34:12.895+0800][460.510s] GC(196) Survivor regions: 0->0(0)
[2022-03-12T04:34:12.895+0800][460.510s] GC(196) Old regions: 474->475
[2022-03-12T04:34:12.895+0800][460.510s] GC(196) Archive regions: 0->0
[2022-03-12T04:34:12.895+0800][460.510s] GC(196) Humongous regions: 37->37
[2022-03-12T04:34:12.895+0800][460.510s] GC(196) Metaspace: 49980K(50368K)->49980K(50368K) NonClass: 44005K(44224K)->44005K(44224K) Class: 5975K(6144K)->5975K(6144K)
[2022-03-12T04:34:12.895+0800][460.510s] GC(196) Pause Young (Normal) (G1 Evacuation Pause) 511M->511M(512M) 3.324ms
[2022-03-12T04:34:12.895+0800][460.510s] GC(196) User=0.02s Sys=0.00s Real=0.00s
[2022-03-12T04:34:12.895+0800][460.510s] Attempting full compaction
[2022-03-12T04:34:12.895+0800][460.510s] GC(197) Using 8 workers of 8 for full compaction
[2022-03-12T04:34:12.895+0800][460.510s] GC(197) Pause Full (G1 Compaction Pause)
[2022-03-12T04:34:12.895+0800][460.511s] GC(197) Phase 1: Mark live objects
[2022-03-12T04:34:13.265+0800][460.881s] GC(197) Phase 1: Mark live objects 370.096ms
[2022-03-12T04:34:13.265+0800][460.881s] GC(197) Phase 2: Prepare for compaction
[2022-03-12T04:34:13.267+0800][460.882s] GC(197) Phase 2: Prepare for compaction 1.612ms
[2022-03-12T04:34:13.267+0800][460.882s] GC(197) Phase 3: Adjust pointers
[2022-03-12T04:34:13.351+0800][460.967s] GC(197) Phase 3: Adjust pointers 84.411ms
[2022-03-12T04:34:13.351+0800][460.967s] GC(197) Phase 4: Compact heap
[2022-03-12T04:34:13.352+0800][460.968s] GC(197) Phase 4: Compact heap 0.797ms
[2022-03-12T04:34:13.355+0800][460.972s] GC(197) Eden regions: 0->0(25)
[2022-03-12T04:34:13.355+0800][460.972s] GC(197) Survivor regions: 0->0(0)
[2022-03-12T04:34:13.355+0800][460.972s] GC(197) Old regions: 475->475
[2022-03-12T04:34:13.355+0800][460.972s] GC(197) Archive regions: 0->0
[2022-03-12T04:34:13.355+0800][460.972s] GC(197) Humongous regions: 37->37
[2022-03-12T04:34:13.355+0800][460.972s] GC(197) Metaspace: 49980K(50368K)->49980K(50368K) NonClass: 44005K(44224K)->44005K(44224K) Class: 5975K(6144K)->5975K(6144K)
[2022-03-12T04:34:13.355+0800][460.972s] GC(197) Pause Full (G1 Compaction Pause) 511M->511M(512M) 461.246ms
[2022-03-12T04:34:13.355+0800][460.972s] GC(197) User=3.11s Sys=0.00s Real=0.46s
[2022-03-12T04:34:13.355+0800][460.972s] Attempting maximum full compaction clearing soft references
[2022-03-12T04:34:13.355+0800][460.972s] GC(198) Using 8 workers of 8 for full compaction
[2022-03-12T04:34:13.355+0800][460.972s] GC(198) Pause Full (G1 Compaction Pause)
[2022-03-12T04:34:13.355+0800][460.972s] GC(198) Phase 1: Mark live objects
[2022-03-12T04:34:13.704+0800][461.319s] GC(198) Phase 1: Mark live objects 347.058ms
[2022-03-12T04:34:13.704+0800][461.319s] GC(198) Phase 2: Prepare for compaction
[2022-03-12T04:34:13.796+0800][461.413s] GC(198) Phase 2: Prepare for compaction 93.392ms
[2022-03-12T04:34:13.796+0800][461.413s] GC(198) Phase 3: Adjust pointers
[2022-03-12T04:34:13.906+0800][461.522s] GC(198) Phase 3: Adjust pointers 108.850ms
[2022-03-12T04:34:13.906+0800][461.522s] GC(198) Phase 4: Compact heap
[2022-03-12T04:34:13.985+0800][461.600s] GC(198) Phase 4: Compact heap 78.294ms
[2022-03-12T04:34:13.986+0800][461.604s] GC(198) Eden regions: 0->0(25)
[2022-03-12T04:34:13.986+0800][461.604s] GC(198) Survivor regions: 0->0(0)
[2022-03-12T04:34:13.986+0800][461.604s] GC(198) Old regions: 475->475
[2022-03-12T04:34:13.986+0800][461.604s] GC(198) Archive regions: 0->0
[2022-03-12T04:34:13.986+0800][461.604s] GC(198) Humongous regions: 37->37
[2022-03-12T04:34:13.986+0800][461.604s] GC(198) Metaspace: 49980K(50368K)->49980K(50368K) NonClass: 44005K(44224K)->44005K(44224K) Class: 5975K(6144K)->5975K(6144K)
[2022-03-12T04:34:13.986+0800][461.604s] GC(198) Pause Full (G1 Compaction Pause) 511M->511M(512M) 631.915ms
[2022-03-12T04:34:13.986+0800][461.604s] GC(198) User=3.59s Sys=0.02s Real=0.63s
[2022-03-12T04:34:13.989+0800][461.605s] GC(199) Pause Young (Concurrent Start) (G1 Evacuation Pause)
[2022-03-12T04:34:13.989+0800][461.605s] GC(199) Using 8 workers of 8 for evacuation
[2022-03-12T04:34:13.990+0800][461.605s] GC(199)   Pre Evacuate Collection Set: 0.1ms
[2022-03-12T04:34:13.990+0800][461.605s] GC(199)   Merge Heap Roots: 0.0ms
[2022-03-12T04:34:13.990+0800][461.605s] GC(199)   Evacuate Collection Set: 0.4ms
[2022-03-12T04:34:13.990+0800][461.605s] GC(199)   Post Evacuate Collection Set: 0.2ms
[2022-03-12T04:34:13.990+0800][461.606s] GC(199)   Other: 0.1ms
[2022-03-12T04:34:13.990+0800][461.606s] GC(199) Eden regions: 0->0(25)
[2022-03-12T04:34:13.990+0800][461.606s] GC(199) Survivor regions: 0->0(0)
[2022-03-12T04:34:13.990+0800][461.606s] GC(199) Old regions: 475->475
[2022-03-12T04:34:13.990+0800][461.606s] GC(199) Archive regions: 0->0
[2022-03-12T04:34:13.990+0800][461.606s] GC(199) Humongous regions: 37->37
[2022-03-12T04:34:13.991+0800][461.606s] GC(199) Metaspace: 49980K(50368K)->49980K(50368K) NonClass: 44005K(44224K)->44005K(44224K) Class: 5975K(6144K)->5975K(6144K)
[2022-03-12T04:34:13.991+0800][461.606s] GC(199) Pause Young (Concurrent Start) (G1 Evacuation Pause) 511M->511M(512M) 1.585ms
[2022-03-12T04:34:13.991+0800][461.606s] GC(199) User=0.00s Sys=0.00s Real=0.00s
[2022-03-12T04:34:13.991+0800][461.606s] Attempting full compaction
[2022-03-12T04:34:13.991+0800][461.606s] GC(200) Concurrent Mark Cycle
[2022-03-12T04:34:13.991+0800][461.606s] GC(201) Using 8 workers of 8 for full compaction
[2022-03-12T04:34:13.991+0800][461.606s] GC(200) Concurrent Clear Claimed Marks
[2022-03-12T04:34:13.991+0800][461.607s] GC(200) Concurrent Clear Claimed Marks 0.077ms
[2022-03-12T04:34:13.991+0800][461.607s] GC(200) Concurrent Scan Root Regions
[2022-03-12T04:34:13.991+0800][461.607s] GC(200) Concurrent Scan Root Regions 0.012ms
[2022-03-12T04:34:13.991+0800][461.607s] GC(200) Concurrent Mark
[2022-03-12T04:34:13.991+0800][461.607s] GC(200) Concurrent Mark From Roots
[2022-03-12T04:34:13.991+0800][461.607s] GC(200) Using 2 workers of 2 for marking
[2022-03-12T04:34:13.991+0800][461.607s] GC(201) Pause Full (G1 Compaction Pause)
[2022-03-12T04:34:13.991+0800][461.607s] GC(201) Phase 1: Mark live objects
[2022-03-12T04:34:14.323+0800][461.939s] GC(201) Phase 1: Mark live objects 331.772ms
[2022-03-12T04:34:14.323+0800][461.939s] GC(201) Phase 2: Prepare for compaction
[2022-03-12T04:34:14.324+0800][461.939s] GC(201) Phase 2: Prepare for compaction 0.473ms
[2022-03-12T04:34:14.324+0800][461.939s] GC(201) Phase 3: Adjust pointers
[2022-03-12T04:34:14.412+0800][462.027s] GC(201) Phase 3: Adjust pointers 88.091ms
[2022-03-12T04:34:14.412+0800][462.027s] GC(201) Phase 4: Compact heap
[2022-03-12T04:34:14.412+0800][462.027s] GC(201) Phase 4: Compact heap 0.126ms
[2022-03-12T04:34:14.414+0800][462.031s] GC(201) Eden regions: 0->0(25)
[2022-03-12T04:34:14.414+0800][462.031s] GC(201) Survivor regions: 0->0(0)
[2022-03-12T04:34:14.414+0800][462.032s] GC(201) Old regions: 475->475
[2022-03-12T04:34:14.414+0800][462.032s] GC(201) Archive regions: 0->0
[2022-03-12T04:34:14.414+0800][462.032s] GC(201) Humongous regions: 37->37
[2022-03-12T04:34:14.414+0800][462.032s] GC(201) Metaspace: 49980K(50368K)->49980K(50368K) NonClass: 44005K(44224K)->44005K(44224K) Class: 5975K(6144K)->5975K(6144K)
[2022-03-12T04:34:14.414+0800][462.032s] GC(201) Pause Full (G1 Compaction Pause) 511M->511M(512M) 424.884ms
[2022-03-12T04:34:14.414+0800][462.032s] GC(201) User=2.70s Sys=0.00s Real=0.42s
[2022-03-12T04:34:14.414+0800][462.032s] Attempting maximum full compaction clearing soft references
[2022-03-12T04:34:14.414+0800][462.032s] GC(202) Using 8 workers of 8 for full compaction
[2022-03-12T04:34:14.414+0800][462.032s] GC(202) Pause Full (G1 Compaction Pause)
[2022-03-12T04:34:14.414+0800][462.032s] GC(202) Phase 1: Mark live objects
[2022-03-12T04:34:14.790+0800][462.406s] GC(202) Phase 1: Mark live objects 373.644ms
[2022-03-12T04:34:14.790+0800][462.406s] GC(202) Phase 2: Prepare for compaction
[2022-03-12T04:34:14.878+0800][462.493s] GC(202) Phase 2: Prepare for compaction 87.521ms
[2022-03-12T04:34:14.878+0800][462.493s] GC(202) Phase 3: Adjust pointers
[2022-03-12T04:34:14.990+0800][462.606s] GC(202) Phase 3: Adjust pointers 112.896ms
[2022-03-12T04:34:14.990+0800][462.606s] GC(202) Phase 4: Compact heap
[2022-03-12T04:34:15.046+0800][462.662s] GC(202) Phase 4: Compact heap 55.101ms
[2022-03-12T04:34:15.050+0800][462.666s] GC(202) Eden regions: 0->0(25)
[2022-03-12T04:34:15.050+0800][462.666s] GC(202) Survivor regions: 0->0(0)
[2022-03-12T04:34:15.050+0800][462.666s] GC(202) Old regions: 475->475
[2022-03-12T04:34:15.050+0800][462.666s] GC(202) Archive regions: 0->0
[2022-03-12T04:34:15.050+0800][462.666s] GC(202) Humongous regions: 37->37
[2022-03-12T04:34:15.050+0800][462.666s] GC(202) Metaspace: 49980K(50368K)->49980K(50368K) NonClass: 44005K(44224K)->44005K(44224K) Class: 5975K(6144K)->5975K(6144K)
[2022-03-12T04:34:15.050+0800][462.666s] GC(202) Pause Full (G1 Compaction Pause) 511M->511M(512M) 633.663ms
[2022-03-12T04:34:15.050+0800][462.666s] GC(202) User=4.34s Sys=0.02s Real=0.64s
[2022-03-12T04:34:15.050+0800][462.666s] GC(200) Concurrent Mark From Roots 1059.579ms
[2022-03-12T04:34:15.051+0800][462.666s] GC(200) Concurrent Mark Abort
[2022-03-12T04:34:15.051+0800][462.666s] GC(200) Concurrent Mark Cycle 1059.806ms
[2022-03-12T04:34:15.051+0800][462.666s] GC(203) Pause Young (Normal) (G1 Evacuation Pause)
[2022-03-12T04:34:15.051+0800][462.666s] GC(203) Using 8 workers of 8 for evacuation
[2022-03-12T04:34:15.051+0800][462.667s] GC(203)   Pre Evacuate Collection Set: 0.1ms
[2022-03-12T04:34:15.051+0800][462.667s] GC(203)   Merge Heap Roots: 0.0ms
[2022-03-12T04:34:15.051+0800][462.667s] GC(203)   Evacuate Collection Set: 0.1ms
[2022-03-12T04:34:15.051+0800][462.667s] GC(203)   Post Evacuate Collection Set: 0.2ms
[2022-03-12T04:34:15.051+0800][462.667s] GC(203)   Other: 0.1ms
[2022-03-12T04:34:15.051+0800][462.667s] GC(203) Eden regions: 0->0(25)
[2022-03-12T04:34:15.051+0800][462.667s] GC(203) Survivor regions: 0->0(0)
[2022-03-12T04:34:15.051+0800][462.667s] GC(203) Old regions: 475->475
[2022-03-12T04:34:15.051+0800][462.667s] GC(203) Archive regions: 0->0
[2022-03-12T04:34:15.051+0800][462.667s] GC(203) Humongous regions: 37->37
[2022-03-12T04:34:15.051+0800][462.667s] GC(203) Metaspace: 49980K(50368K)->49980K(50368K) NonClass: 44005K(44224K)->44005K(44224K) Class: 5975K(6144K)->5975K(6144K)
[2022-03-12T04:34:15.051+0800][462.667s] GC(203) Pause Young (Normal) (G1 Evacuation Pause) 511M->511M(512M) 0.778ms
[2022-03-12T04:34:15.051+0800][462.667s] GC(203) User=0.00s Sys=0.00s Real=0.00s
[2022-03-12T04:34:15.051+0800][462.667s] Attempting full compaction
[2022-03-12T04:34:15.051+0800][462.667s] GC(204) Using 8 workers of 8 for full compaction
[2022-03-12T04:34:15.052+0800][462.667s] GC(204) Pause Full (G1 Compaction Pause)
[2022-03-12T04:34:15.052+0800][462.667s] GC(204) Phase 1: Mark live objects
[2022-03-12T04:34:15.444+0800][463.060s] GC(204) Phase 1: Mark live objects 392.372ms
[2022-03-12T04:34:15.444+0800][463.060s] GC(204) Phase 2: Prepare for compaction
[2022-03-12T04:34:15.445+0800][463.060s] GC(204) Phase 2: Prepare for compaction 0.565ms
[2022-03-12T04:34:15.445+0800][463.061s] GC(204) Phase 3: Adjust pointers
[2022-03-12T04:34:15.551+0800][463.167s] GC(204) Phase 3: Adjust pointers 105.992ms
[2022-03-12T04:34:15.551+0800][463.167s] GC(204) Phase 4: Compact heap
[2022-03-12T04:34:15.552+0800][463.167s] GC(204) Phase 4: Compact heap 0.208ms
[2022-03-12T04:34:15.552+0800][463.171s] GC(204) Eden regions: 0->0(25)
[2022-03-12T04:34:15.552+0800][463.171s] GC(204) Survivor regions: 0->0(0)
[2022-03-12T04:34:15.552+0800][463.171s] GC(204) Old regions: 475->475
[2022-03-12T04:34:15.552+0800][463.171s] GC(204) Archive regions: 0->0
[2022-03-12T04:34:15.556+0800][463.171s] GC(204) Humongous regions: 37->37
[2022-03-12T04:34:15.556+0800][463.171s] GC(204) Metaspace: 49980K(50368K)->49980K(50368K) NonClass: 44005K(44224K)->44005K(44224K) Class: 5975K(6144K)->5975K(6144K)
[2022-03-12T04:34:15.556+0800][463.171s] GC(204) Pause Full (G1 Compaction Pause) 511M->511M(512M) 503.820ms
[2022-03-12T04:34:15.556+0800][463.172s] GC(204) User=3.62s Sys=0.00s Real=0.50s
[2022-03-12T04:34:15.556+0800][463.172s] Attempting maximum full compaction clearing soft references
[2022-03-12T04:34:15.556+0800][463.172s] GC(205) Using 8 workers of 8 for full compaction
[2022-03-12T04:34:15.556+0800][463.172s] GC(205) Pause Full (G1 Compaction Pause)
[2022-03-12T04:34:15.556+0800][463.172s] GC(205) Phase 1: Mark live objects
[2022-03-12T04:34:15.922+0800][463.537s] GC(205) Phase 1: Mark live objects 365.517ms
[2022-03-12T04:34:15.922+0800][463.537s] GC(205) Phase 2: Prepare for compaction
[2022-03-12T04:34:16.017+0800][463.632s] GC(205) Phase 2: Prepare for compaction 94.626ms
[2022-03-12T04:34:16.017+0800][463.632s] GC(205) Phase 3: Adjust pointers
[2022-03-12T04:34:16.132+0800][463.748s] GC(205) Phase 3: Adjust pointers 115.755ms
[2022-03-12T04:34:16.133+0800][463.748s] GC(205) Phase 4: Compact heap
[2022-03-12T04:34:16.197+0800][463.813s] GC(205) Phase 4: Compact heap 64.567ms
[2022-03-12T04:34:16.203+0800][463.818s] GC(205) Eden regions: 0->0(25)
[2022-03-12T04:34:16.203+0800][463.818s] GC(205) Survivor regions: 0->0(0)
[2022-03-12T04:34:16.203+0800][463.818s] GC(205) Old regions: 475->475
[2022-03-12T04:34:16.203+0800][463.818s] GC(205) Archive regions: 0->0
[2022-03-12T04:34:16.203+0800][463.818s] GC(205) Humongous regions: 37->37
[2022-03-12T04:34:16.203+0800][463.818s] GC(205) Metaspace: 49980K(50368K)->49980K(50368K) NonClass: 44005K(44224K)->44005K(44224K) Class: 5975K(6144K)->5975K(6144K)
[2022-03-12T04:34:16.203+0800][463.818s] GC(205) Pause Full (G1 Compaction Pause) 511M->511M(512M) 646.634ms
[2022-03-12T04:34:16.203+0800][463.819s] GC(205) User=4.25s Sys=0.02s Real=0.65s
[2022-03-12T04:34:16.203+0800][463.819s] GC(206) Pause Young (Concurrent Start) (G1 Evacuation Pause)
[2022-03-12T04:34:16.203+0800][463.819s] GC(206) Using 8 workers of 8 for evacuation
[2022-03-12T04:34:16.204+0800][463.820s] GC(206)   Pre Evacuate Collection Set: 0.1ms
[2022-03-12T04:34:16.205+0800][463.820s] GC(206)   Merge Heap Roots: 0.0ms
[2022-03-12T04:34:16.205+0800][463.820s] GC(206)   Evacuate Collection Set: 0.6ms
[2022-03-12T04:34:16.205+0800][463.820s] GC(206)   Post Evacuate Collection Set: 0.2ms
[2022-03-12T04:34:16.205+0800][463.820s] GC(206)   Other: 0.3ms
[2022-03-12T04:34:16.205+0800][463.820s] GC(206) Eden regions: 0->0(25)
[2022-03-12T04:34:16.205+0800][463.820s] GC(206) Survivor regions: 0->0(0)
[2022-03-12T04:34:16.205+0800][463.820s] GC(206) Old regions: 475->475
[2022-03-12T04:34:16.205+0800][463.820s] GC(206) Archive regions: 0->0
[2022-03-12T04:34:16.205+0800][463.820s] GC(206) Humongous regions: 37->37
[2022-03-12T04:34:16.205+0800][463.820s] GC(206) Metaspace: 49980K(50368K)->49980K(50368K) NonClass: 44005K(44224K)->44005K(44224K) Class: 5975K(6144K)->5975K(6144K)
[2022-03-12T04:34:16.205+0800][463.820s] GC(206) Pause Young (Concurrent Start) (G1 Evacuation Pause) 511M->511M(512M) 1.407ms
[2022-03-12T04:34:16.205+0800][463.820s] GC(206) User=0.00s Sys=0.00s Real=0.00s
[2022-03-12T04:34:16.205+0800][463.820s] Attempting full compaction
[2022-03-12T04:34:16.205+0800][463.820s] GC(207) Concurrent Mark Cycle
[2022-03-12T04:34:16.205+0800][463.820s] GC(208) Using 8 workers of 8 for full compaction
[2022-03-12T04:34:16.205+0800][463.820s] GC(207) Concurrent Clear Claimed Marks
[2022-03-12T04:34:16.205+0800][463.821s] GC(207) Concurrent Clear Claimed Marks 0.075ms
[2022-03-12T04:34:16.205+0800][463.821s] GC(207) Concurrent Scan Root Regions
[2022-03-12T04:34:16.205+0800][463.821s] GC(207) Concurrent Scan Root Regions 0.056ms
[2022-03-12T04:34:16.205+0800][463.821s] GC(207) Concurrent Mark
[2022-03-12T04:34:16.205+0800][463.821s] GC(207) Concurrent Mark From Roots
[2022-03-12T04:34:16.205+0800][463.821s] GC(207) Using 2 workers of 2 for marking
[2022-03-12T04:34:16.205+0800][463.821s] GC(208) Pause Full (G1 Compaction Pause)
[2022-03-12T04:34:16.205+0800][463.821s] GC(208) Phase 1: Mark live objects
[2022-03-12T04:34:16.570+0800][464.185s] GC(208) Phase 1: Mark live objects 364.211ms
[2022-03-12T04:34:16.570+0800][464.185s] GC(208) Phase 2: Prepare for compaction
[2022-03-12T04:34:16.571+0800][464.187s] GC(208) Phase 2: Prepare for compaction 1.581ms
[2022-03-12T04:34:16.571+0800][464.187s] GC(208) Phase 3: Adjust pointers
[2022-03-12T04:34:16.664+0800][464.279s] GC(208) Phase 3: Adjust pointers 92.355ms
[2022-03-12T04:34:16.664+0800][464.279s] GC(208) Phase 4: Compact heap
[2022-03-12T04:34:16.665+0800][464.280s] GC(208) Phase 4: Compact heap 0.466ms
[2022-03-12T04:34:16.670+0800][464.286s] GC(208) Eden regions: 0->0(25)
[2022-03-12T04:34:16.670+0800][464.286s] GC(208) Survivor regions: 0->0(0)
[2022-03-12T04:34:16.671+0800][464.286s] GC(208) Old regions: 475->448
[2022-03-12T04:34:16.671+0800][464.286s] GC(208) Archive regions: 0->0
[2022-03-12T04:34:16.671+0800][464.286s] GC(208) Humongous regions: 37->35
[2022-03-12T04:34:16.671+0800][464.286s] GC(208) Metaspace: 49980K(50368K)->49980K(50368K) NonClass: 44005K(44224K)->44005K(44224K) Class: 5975K(6144K)->5975K(6144K)
[2022-03-12T04:34:16.671+0800][464.286s] GC(208) Pause Full (G1 Compaction Pause) 511M->480M(512M) 465.396ms
[2022-03-12T04:34:16.671+0800][464.287s] GC(208) User=3.22s Sys=0.00s Real=0.47s
[2022-03-12T04:34:16.671+0800][464.287s] GC(207) Concurrent Mark From Roots 465.902ms
[2022-03-12T04:34:16.671+0800][464.287s] GC(207) Concurrent Mark Abort
[2022-03-12T04:34:16.671+0800][464.287s] GC(207) Concurrent Mark Cycle 466.368ms
[2022-03-12T04:34:31.122+0800][478.741s] GC(209) Pause Young (Concurrent Start) (G1 Humongous Allocation)
[2022-03-12T04:34:31.122+0800][478.741s] GC(209) Using 8 workers of 8 for evacuation
[2022-03-12T04:34:31.122+0800][478.743s] GC(209)   Pre Evacuate Collection Set: 0.2ms
[2022-03-12T04:34:31.122+0800][478.743s] GC(209)   Merge Heap Roots: 0.1ms
[2022-03-12T04:34:31.122+0800][478.743s] GC(209)   Evacuate Collection Set: 1.1ms
[2022-03-12T04:34:31.122+0800][478.743s] GC(209)   Post Evacuate Collection Set: 0.7ms
[2022-03-12T04:34:31.122+0800][478.743s] GC(209)   Other: 0.4ms
[2022-03-12T04:34:31.122+0800][478.743s] GC(209) Eden regions: 2->0(24)
[2022-03-12T04:34:31.122+0800][478.743s] GC(209) Survivor regions: 0->1(4)
[2022-03-12T04:34:31.122+0800][478.743s] GC(209) Old regions: 448->448
[2022-03-12T04:34:31.122+0800][478.743s] GC(209) Archive regions: 0->0
[2022-03-12T04:34:31.122+0800][478.744s] GC(209) Humongous regions: 35->35
[2022-03-12T04:34:31.122+0800][478.744s] GC(209) Metaspace: 49990K(50368K)->49990K(50368K) NonClass: 44015K(44224K)->44015K(44224K) Class: 5975K(6144K)->5975K(6144K)
[2022-03-12T04:34:31.122+0800][478.744s] GC(209) Pause Young (Concurrent Start) (G1 Humongous Allocation) 481M->480M(512M) 2.906ms
[2022-03-12T04:34:31.122+0800][478.744s] GC(209) User=0.00s Sys=0.00s Real=0.00s
[2022-03-12T04:34:31.122+0800][478.744s] GC(210) Concurrent Mark Cycle
[2022-03-12T04:34:31.122+0800][478.744s] GC(210) Concurrent Clear Claimed Marks
[2022-03-12T04:34:31.122+0800][478.744s] GC(210) Concurrent Clear Claimed Marks 0.051ms
[2022-03-12T04:34:31.122+0800][478.744s] GC(210) Concurrent Scan Root Regions
[2022-03-12T04:34:31.122+0800][478.745s] GC(210) Concurrent Scan Root Regions 0.897ms
[2022-03-12T04:34:31.122+0800][478.745s] GC(210) Concurrent Mark
[2022-03-12T04:34:31.122+0800][478.745s] GC(210) Concurrent Mark From Roots
[2022-03-12T04:34:31.122+0800][478.745s] GC(210) Using 2 workers of 2 for marking
[2022-03-12T04:34:31.162+0800][478.781s] GC(211) Pause Young (Normal) (G1 Preventive Collection)
[2022-03-12T04:34:31.162+0800][478.781s] GC(211) Using 8 workers of 8 for evacuation
[2022-03-12T04:34:31.170+0800][478.791s] GC(211) To-space exhausted
[2022-03-12T04:34:31.170+0800][478.791s] GC(211)   Pre Evacuate Collection Set: 0.2ms
[2022-03-12T04:34:31.170+0800][478.791s] GC(211)   Merge Heap Roots: 0.1ms
[2022-03-12T04:34:31.170+0800][478.791s] GC(211)   Evacuate Collection Set: 4.7ms
[2022-03-12T04:34:31.170+0800][478.791s] GC(211)   Post Evacuate Collection Set: 4.5ms
[2022-03-12T04:34:31.170+0800][478.791s] GC(211)   Other: 0.4ms
[2022-03-12T04:34:31.170+0800][478.791s] GC(211) Eden regions: 4->0(24)
[2022-03-12T04:34:31.170+0800][478.791s] GC(211) Survivor regions: 1->1(1)
[2022-03-12T04:34:31.170+0800][478.791s] GC(211) Old regions: 448->452
[2022-03-12T04:34:31.170+0800][478.791s] GC(211) Archive regions: 0->0
[2022-03-12T04:34:31.170+0800][478.792s] GC(211) Humongous regions: 58->43
[2022-03-12T04:34:31.170+0800][478.792s] GC(211) Metaspace: 49995K(50368K)->49995K(50368K) NonClass: 44020K(44224K)->44020K(44224K) Class: 5975K(6144K)->5975K(6144K)
[2022-03-12T04:34:31.170+0800][478.792s] GC(211) Pause Young (Normal) (G1 Preventive Collection) 507M->493M(512M) 10.438ms
[2022-03-12T04:34:31.170+0800][478.792s] GC(211) User=0.00s Sys=0.00s Real=0.01s
[2022-03-12T04:34:31.202+0800][478.822s] GC(212) Pause Young (Normal) (G1 Preventive Collection)
[2022-03-12T04:34:31.202+0800][478.822s] GC(212) Using 8 workers of 8 for evacuation
[2022-03-12T04:34:31.224+0800][478.847s] GC(212) To-space exhausted
[2022-03-12T04:34:31.224+0800][478.847s] GC(212)   Pre Evacuate Collection Set: 0.2ms
[2022-03-12T04:34:31.224+0800][478.847s] GC(212)   Merge Heap Roots: 0.1ms
[2022-03-12T04:34:31.224+0800][478.847s] GC(212)   Evacuate Collection Set: 16.4ms
[2022-03-12T04:34:31.224+0800][478.847s] GC(212)   Post Evacuate Collection Set: 7.7ms
[2022-03-12T04:34:31.224+0800][478.847s] GC(212)   Other: 0.5ms
[2022-03-12T04:34:31.224+0800][478.847s] GC(212) Eden regions: 12->0(21)
[2022-03-12T04:34:31.224+0800][478.847s] GC(212) Survivor regions: 1->4(4)
[2022-03-12T04:34:31.224+0800][478.847s] GC(212) Old regions: 452->465
[2022-03-12T04:34:31.224+0800][478.847s] GC(212) Archive regions: 0->0
[2022-03-12T04:34:31.224+0800][478.847s] GC(212) Humongous regions: 43->43
[2022-03-12T04:34:31.224+0800][478.847s] GC(212) Metaspace: 49995K(50368K)->49995K(50368K) NonClass: 44020K(44224K)->44020K(44224K) Class: 5975K(6144K)->5975K(6144K)
[2022-03-12T04:34:31.224+0800][478.847s] GC(212) Pause Young (Normal) (G1 Preventive Collection) 505M->509M(512M) 25.361ms
[2022-03-12T04:34:31.224+0800][478.847s] GC(212) User=0.19s Sys=0.00s Real=0.02s
[2022-03-12T04:34:31.224+0800][478.847s] Attempting full compaction
[2022-03-12T04:34:31.224+0800][478.847s] GC(213) Using 8 workers of 8 for full compaction
[2022-03-12T04:34:31.232+0800][478.848s] GC(213) Pause Full (G1 Compaction Pause)
[2022-03-12T04:34:31.233+0800][478.848s] GC(213) Phase 1: Mark live objects
[2022-03-12T04:34:31.619+0800][479.235s] GC(213) Phase 1: Mark live objects 386.095ms
[2022-03-12T04:34:31.619+0800][479.235s] GC(213) Phase 2: Prepare for compaction
[2022-03-12T04:34:31.622+0800][479.238s] GC(213) Phase 2: Prepare for compaction 3.137ms
[2022-03-12T04:34:31.622+0800][479.238s] GC(213) Phase 3: Adjust pointers
[2022-03-12T04:34:31.701+0800][479.316s] GC(213) Phase 3: Adjust pointers 78.579ms
[2022-03-12T04:34:31.701+0800][479.316s] GC(213) Phase 4: Compact heap
[2022-03-12T04:34:31.704+0800][479.319s] GC(213) Phase 4: Compact heap 2.551ms
[2022-03-12T04:34:31.708+0800][479.324s] GC(213) Eden regions: 0->0(25)
[2022-03-12T04:34:31.708+0800][479.324s] GC(213) Survivor regions: 4->0(4)
[2022-03-12T04:34:31.708+0800][479.324s] GC(213) Old regions: 465->458
[2022-03-12T04:34:31.708+0800][479.324s] GC(213) Archive regions: 0->0
[2022-03-12T04:34:31.708+0800][479.324s] GC(213) Humongous regions: 43->35
[2022-03-12T04:34:31.708+0800][479.324s] GC(213) Metaspace: 49995K(50368K)->49995K(50368K) NonClass: 44020K(44224K)->44020K(44224K) Class: 5975K(6144K)->5975K(6144K)
[2022-03-12T04:34:31.708+0800][479.324s] GC(213) Pause Full (G1 Compaction Pause) 509M->489M(512M) 476.222ms
[2022-03-12T04:34:31.708+0800][479.325s] GC(213) User=3.44s Sys=0.00s Real=0.48s
[2022-03-12T04:34:31.708+0800][479.325s] GC(210) Concurrent Mark From Roots 579.965ms
[2022-03-12T04:34:31.708+0800][479.325s] GC(210) Concurrent Mark Abort
[2022-03-12T04:34:31.708+0800][479.325s] GC(210) Concurrent Mark Cycle 581.252ms
[2022-03-12T04:34:31.721+0800][479.342s] GC(214) Pause Young (Concurrent Start) (G1 Humongous Allocation)
[2022-03-12T04:34:31.721+0800][479.342s] GC(214) Using 8 workers of 8 for evacuation
[2022-03-12T04:34:31.734+0800][479.350s] GC(214)   Pre Evacuate Collection Set: 0.2ms
[2022-03-12T04:34:31.734+0800][479.350s] GC(214)   Merge Heap Roots: 0.1ms
[2022-03-12T04:34:31.734+0800][479.350s] GC(214)   Evacuate Collection Set: 7.0ms
[2022-03-12T04:34:31.734+0800][479.350s] GC(214)   Post Evacuate Collection Set: 0.3ms
[2022-03-12T04:34:31.734+0800][479.350s] GC(214)   Other: 0.3ms
[2022-03-12T04:34:31.734+0800][479.350s] GC(214) Eden regions: 8->0(21)
[2022-03-12T04:34:31.734+0800][479.350s] GC(214) Survivor regions: 0->4(4)
[2022-03-12T04:34:31.734+0800][479.350s] GC(214) Old regions: 458->459
[2022-03-12T04:34:31.735+0800][479.350s] GC(214) Archive regions: 0->0
[2022-03-12T04:34:31.735+0800][479.350s] GC(214) Humongous regions: 35->35
[2022-03-12T04:34:31.735+0800][479.350s] GC(214) Metaspace: 49995K(50368K)->49995K(50368K) NonClass: 44020K(44224K)->44020K(44224K) Class: 5975K(6144K)->5975K(6144K)
[2022-03-12T04:34:31.735+0800][479.350s] GC(214) Pause Young (Concurrent Start) (G1 Humongous Allocation) 496M->493M(512M) 8.044ms
[2022-03-12T04:34:31.735+0800][479.350s] GC(214) User=0.06s Sys=0.00s Real=0.01s
[2022-03-12T04:34:31.735+0800][479.350s] GC(215) Concurrent Mark Cycle
[2022-03-12T04:34:31.735+0800][479.350s] GC(215) Concurrent Clear Claimed Marks
[2022-03-12T04:34:31.735+0800][479.350s] GC(215) Concurrent Clear Claimed Marks 0.034ms
[2022-03-12T04:34:31.735+0800][479.350s] GC(215) Concurrent Scan Root Regions
[2022-03-12T04:34:31.736+0800][479.353s] GC(215) Concurrent Scan Root Regions 2.461ms
[2022-03-12T04:34:31.736+0800][479.353s] GC(215) Concurrent Mark
[2022-03-12T04:34:31.736+0800][479.353s] GC(215) Concurrent Mark From Roots
[2022-03-12T04:34:31.736+0800][479.353s] GC(215) Using 2 workers of 2 for marking
[2022-03-12T04:34:31.765+0800][479.381s] GC(216) Pause Young (Normal) (G1 Preventive Collection)
[2022-03-12T04:34:31.765+0800][479.381s] GC(216) Using 8 workers of 8 for evacuation
[2022-03-12T04:34:31.784+0800][479.399s] GC(216) To-space exhausted
[2022-03-12T04:34:31.784+0800][479.399s] GC(216)   Pre Evacuate Collection Set: 0.1ms
[2022-03-12T04:34:31.784+0800][479.399s] GC(216)   Merge Heap Roots: 0.1ms
[2022-03-12T04:34:31.784+0800][479.399s] GC(216)   Evacuate Collection Set: 14.9ms
[2022-03-12T04:34:31.784+0800][479.399s] GC(216)   Post Evacuate Collection Set: 3.4ms
[2022-03-12T04:34:31.784+0800][479.399s] GC(216)   Other: 0.3ms
[2022-03-12T04:34:31.784+0800][479.399s] GC(216) Eden regions: 8->0(22)
[2022-03-12T04:34:31.784+0800][479.400s] GC(216) Survivor regions: 4->3(4)
[2022-03-12T04:34:31.784+0800][479.400s] GC(216) Old regions: 459->473
[2022-03-12T04:34:31.784+0800][479.400s] GC(216) Archive regions: 0->0
[2022-03-12T04:34:31.784+0800][479.400s] GC(216) Humongous regions: 36->36
[2022-03-12T04:34:31.784+0800][479.400s] GC(216) Metaspace: 49995K(50368K)->49995K(50368K) NonClass: 44020K(44224K)->44020K(44224K) Class: 5975K(6144K)->5975K(6144K)
[2022-03-12T04:34:31.784+0800][479.400s] GC(216) Pause Young (Normal) (G1 Preventive Collection) 502M->508M(512M) 19.103ms
[2022-03-12T04:34:31.784+0800][479.400s] GC(216) User=0.12s Sys=0.00s Real=0.02s
[2022-03-12T04:34:31.784+0800][479.400s] Attempting full compaction
[2022-03-12T04:34:31.784+0800][479.400s] GC(217) Using 8 workers of 8 for full compaction
[2022-03-12T04:34:31.784+0800][479.400s] GC(217) Pause Full (G1 Compaction Pause)
[2022-03-12T04:34:31.784+0800][479.401s] GC(217) Phase 1: Mark live objects
[2022-03-12T04:34:32.202+0800][479.820s] GC(217) Phase 1: Mark live objects 419.072ms
[2022-03-12T04:34:32.202+0800][479.820s] GC(217) Phase 2: Prepare for compaction
[2022-03-12T04:34:32.202+0800][479.824s] GC(217) Phase 2: Prepare for compaction 3.934ms
[2022-03-12T04:34:32.202+0800][479.824s] GC(217) Phase 3: Adjust pointers
[2022-03-12T04:34:32.308+0800][479.929s] GC(217) Phase 3: Adjust pointers 105.218ms
[2022-03-12T04:34:32.308+0800][479.929s] GC(217) Phase 4: Compact heap
[2022-03-12T04:34:32.316+0800][479.931s] GC(217) Phase 4: Compact heap 1.773ms
[2022-03-12T04:34:32.317+0800][479.935s] GC(217) Eden regions: 0->0(25)
[2022-03-12T04:34:32.317+0800][479.935s] GC(217) Survivor regions: 3->0(4)
[2022-03-12T04:34:32.317+0800][479.935s] GC(217) Old regions: 473->467
[2022-03-12T04:34:32.317+0800][479.935s] GC(217) Archive regions: 0->0
[2022-03-12T04:34:32.317+0800][479.935s] GC(217) Humongous regions: 36->36
[2022-03-12T04:34:32.317+0800][479.935s] GC(217) Metaspace: 49995K(50368K)->49995K(50368K) NonClass: 44020K(44224K)->44020K(44224K) Class: 5975K(6144K)->5975K(6144K)
[2022-03-12T04:34:32.317+0800][479.935s] GC(217) Pause Full (G1 Compaction Pause) 508M->498M(512M) 535.111ms
[2022-03-12T04:34:32.317+0800][479.936s] GC(217) User=3.81s Sys=0.00s Real=0.53s
[2022-03-12T04:34:32.317+0800][479.936s] GC(215) Concurrent Mark From Roots 582.901ms
[2022-03-12T04:34:32.317+0800][479.936s] GC(215) Concurrent Mark Abort
[2022-03-12T04:34:32.317+0800][479.936s] GC(215) Concurrent Mark Cycle 585.698ms
[2022-03-12T04:34:32.325+0800][479.944s] GC(218) Pause Young (Normal) (G1 Preventive Collection)
[2022-03-12T04:34:32.325+0800][479.944s] GC(218) Using 8 workers of 8 for evacuation
[2022-03-12T04:34:32.333+0800][479.955s] GC(218) To-space exhausted
[2022-03-12T04:34:32.333+0800][479.955s] GC(218)   Pre Evacuate Collection Set: 0.1ms
[2022-03-12T04:34:32.333+0800][479.955s] GC(218)   Merge Heap Roots: 0.1ms
[2022-03-12T04:34:32.333+0800][479.955s] GC(218)   Evacuate Collection Set: 7.8ms
[2022-03-12T04:34:32.333+0800][479.956s] GC(218)   Post Evacuate Collection Set: 2.7ms
[2022-03-12T04:34:32.333+0800][479.956s] GC(218)   Other: 0.4ms
[2022-03-12T04:34:32.333+0800][479.956s] GC(218) Eden regions: 6->0(22)
[2022-03-12T04:34:32.333+0800][479.956s] GC(218) Survivor regions: 0->3(3)
[2022-03-12T04:34:32.333+0800][479.956s] GC(218) Old regions: 467->473
[2022-03-12T04:34:32.333+0800][479.956s] GC(218) Archive regions: 0->0
[2022-03-12T04:34:32.333+0800][479.956s] GC(218) Humongous regions: 36->36
[2022-03-12T04:34:32.333+0800][479.956s] GC(218) Metaspace: 49995K(50368K)->49995K(50368K) NonClass: 44020K(44224K)->44020K(44224K) Class: 5975K(6144K)->5975K(6144K)
[2022-03-12T04:34:32.333+0800][479.956s] GC(218) Pause Young (Normal) (G1 Preventive Collection) 504M->507M(512M) 11.746ms
[2022-03-12T04:34:32.333+0800][479.956s] GC(218) User=0.11s Sys=0.00s Real=0.01s
[2022-03-12T04:34:32.333+0800][479.956s] Attempting full compaction
[2022-03-12T04:34:32.333+0800][479.956s] GC(219) Using 8 workers of 8 for full compaction
[2022-03-12T04:34:32.341+0800][479.957s] GC(219) Pause Full (G1 Compaction Pause)
[2022-03-12T04:34:32.341+0800][479.957s] GC(219) Phase 1: Mark live objects
[2022-03-12T04:34:32.742+0800][480.360s] GC(219) Phase 1: Mark live objects 403.288ms
[2022-03-12T04:34:32.742+0800][480.360s] GC(219) Phase 2: Prepare for compaction
[2022-03-12T04:34:32.742+0800][480.363s] GC(219) Phase 2: Prepare for compaction 2.592ms
[2022-03-12T04:34:32.742+0800][480.363s] GC(219) Phase 3: Adjust pointers
[2022-03-12T04:34:32.853+0800][480.469s] GC(219) Phase 3: Adjust pointers 105.904ms
[2022-03-12T04:34:32.853+0800][480.469s] GC(219) Phase 4: Compact heap
[2022-03-12T04:34:32.853+0800][480.470s] GC(219) Phase 4: Compact heap 1.239ms
[2022-03-12T04:34:32.861+0800][480.480s] GC(219) Eden regions: 0->0(25)
[2022-03-12T04:34:32.861+0800][480.480s] GC(219) Survivor regions: 3->0(3)
[2022-03-12T04:34:32.861+0800][480.480s] GC(219) Old regions: 473->469
[2022-03-12T04:34:32.861+0800][480.480s] GC(219) Archive regions: 0->0
[2022-03-12T04:34:32.861+0800][480.480s] GC(219) Humongous regions: 36->36
[2022-03-12T04:34:32.861+0800][480.480s] GC(219) Metaspace: 49995K(50368K)->49995K(50368K) NonClass: 44020K(44224K)->44020K(44224K) Class: 5975K(6144K)->5975K(6144K)
[2022-03-12T04:34:32.861+0800][480.480s] GC(219) Pause Full (G1 Compaction Pause) 507M->502M(512M) 523.860ms
[2022-03-12T04:34:32.861+0800][480.481s] GC(219) User=4.05s Sys=0.00s Real=0.53s
[2022-03-12T04:34:32.877+0800][480.496s] GC(220) Pause Young (Concurrent Start) (G1 Preventive Collection)
[2022-03-12T04:34:32.877+0800][480.496s] GC(220) Using 8 workers of 8 for evacuation
[2022-03-12T04:34:32.882+0800][480.503s] GC(220)   Pre Evacuate Collection Set: 0.2ms
[2022-03-12T04:34:32.882+0800][480.503s] GC(220)   Merge Heap Roots: 0.1ms
[2022-03-12T04:34:32.882+0800][480.503s] GC(220)   Evacuate Collection Set: 5.4ms
[2022-03-12T04:34:32.882+0800][480.503s] GC(220)   Post Evacuate Collection Set: 0.5ms
[2022-03-12T04:34:32.882+0800][480.503s] GC(220)   Other: 0.4ms
[2022-03-12T04:34:32.882+0800][480.503s] GC(220) Eden regions: 4->0(22)
[2022-03-12T04:34:32.882+0800][480.503s] GC(220) Survivor regions: 0->3(3)
[2022-03-12T04:34:32.882+0800][480.503s] GC(220) Old regions: 469->469
[2022-03-12T04:34:32.882+0800][480.503s] GC(220) Archive regions: 0->0
[2022-03-12T04:34:32.882+0800][480.503s] GC(220) Humongous regions: 36->36
[2022-03-12T04:34:32.882+0800][480.503s] GC(220) Metaspace: 49995K(50368K)->49995K(50368K) NonClass: 44020K(44224K)->44020K(44224K) Class: 5975K(6144K)->5975K(6144K)
[2022-03-12T04:34:32.882+0800][480.503s] GC(220) Pause Young (Concurrent Start) (G1 Preventive Collection) 506M->504M(512M) 7.183ms
[2022-03-12T04:34:32.882+0800][480.503s] GC(220) User=0.09s Sys=0.00s Real=0.00s
[2022-03-12T04:34:32.882+0800][480.503s] GC(221) Concurrent Mark Cycle
[2022-03-12T04:34:32.882+0800][480.504s] GC(221) Concurrent Clear Claimed Marks
[2022-03-12T04:34:32.882+0800][480.504s] GC(221) Concurrent Clear Claimed Marks 0.076ms
[2022-03-12T04:34:32.882+0800][480.504s] GC(221) Concurrent Scan Root Regions
[2022-03-12T04:34:32.890+0800][480.506s] GC(221) Concurrent Scan Root Regions 2.283ms
[2022-03-12T04:34:32.890+0800][480.506s] GC(221) Concurrent Mark
[2022-03-12T04:34:32.890+0800][480.506s] GC(221) Concurrent Mark From Roots
[2022-03-12T04:34:32.890+0800][480.506s] GC(221) Using 2 workers of 2 for marking
[2022-03-12T04:34:32.890+0800][480.511s] GC(222) Pause Young (Normal) (G1 Preventive Collection)
[2022-03-12T04:34:32.890+0800][480.511s] GC(222) Using 8 workers of 8 for evacuation
[2022-03-12T04:34:32.905+0800][480.523s] GC(222) To-space exhausted
[2022-03-12T04:34:32.905+0800][480.523s] GC(222)   Pre Evacuate Collection Set: 0.1ms
[2022-03-12T04:34:32.905+0800][480.523s] GC(222)   Merge Heap Roots: 0.1ms
[2022-03-12T04:34:32.905+0800][480.523s] GC(222)   Evacuate Collection Set: 7.8ms
[2022-03-12T04:34:32.905+0800][480.523s] GC(222)   Post Evacuate Collection Set: 3.9ms
[2022-03-12T04:34:32.905+0800][480.523s] GC(222)   Other: 0.3ms
[2022-03-12T04:34:32.905+0800][480.523s] GC(222) Eden regions: 2->0(24)
[2022-03-12T04:34:32.905+0800][480.523s] GC(222) Survivor regions: 3->1(2)
[2022-03-12T04:34:32.905+0800][480.523s] GC(222) Old regions: 469->475
[2022-03-12T04:34:32.905+0800][480.523s] GC(222) Archive regions: 0->0
[2022-03-12T04:34:32.905+0800][480.523s] GC(222) Humongous regions: 36->36
[2022-03-12T04:34:32.905+0800][480.523s] GC(222) Metaspace: 49995K(50368K)->49995K(50368K) NonClass: 44020K(44224K)->44020K(44224K) Class: 5975K(6144K)->5975K(6144K)
[2022-03-12T04:34:32.905+0800][480.524s] GC(222) Pause Young (Normal) (G1 Preventive Collection) 506M->508M(512M) 12.734ms
[2022-03-12T04:34:32.905+0800][480.524s] GC(222) User=0.11s Sys=0.00s Real=0.01s
[2022-03-12T04:34:32.905+0800][480.524s] Attempting full compaction
[2022-03-12T04:34:32.905+0800][480.524s] GC(223) Using 8 workers of 8 for full compaction
[2022-03-12T04:34:32.905+0800][480.524s] GC(223) Pause Full (G1 Compaction Pause)
[2022-03-12T04:34:32.905+0800][480.525s] GC(223) Phase 1: Mark live objects
[2022-03-12T04:34:33.317+0800][480.933s] GC(223) Phase 1: Mark live objects 408.018ms
[2022-03-12T04:34:33.317+0800][480.933s] GC(223) Phase 2: Prepare for compaction
[2022-03-12T04:34:33.318+0800][480.935s] GC(223) Phase 2: Prepare for compaction 1.958ms
[2022-03-12T04:34:33.318+0800][480.935s] GC(223) Phase 3: Adjust pointers
[2022-03-12T04:34:33.426+0800][481.041s] GC(223) Phase 3: Adjust pointers 106.417ms
[2022-03-12T04:34:33.426+0800][481.041s] GC(223) Phase 4: Compact heap
[2022-03-12T04:34:33.426+0800][481.042s] GC(223) Phase 4: Compact heap 1.157ms
[2022-03-12T04:34:33.428+0800][481.048s] GC(223) Eden regions: 0->0(25)
[2022-03-12T04:34:33.428+0800][481.048s] GC(223) Survivor regions: 1->0(2)
[2022-03-12T04:34:33.428+0800][481.048s] GC(223) Old regions: 475->472
[2022-03-12T04:34:33.428+0800][481.048s] GC(223) Archive regions: 0->0
[2022-03-12T04:34:33.428+0800][481.048s] GC(223) Humongous regions: 36->36
[2022-03-12T04:34:33.428+0800][481.048s] GC(223) Metaspace: 49995K(50368K)->49995K(50368K) NonClass: 44020K(44224K)->44020K(44224K) Class: 5975K(6144K)->5975K(6144K)
[2022-03-12T04:34:33.428+0800][481.048s] GC(223) Pause Full (G1 Compaction Pause) 508M->505M(512M) 524.269ms
[2022-03-12T04:34:33.428+0800][481.049s] GC(223) User=3.92s Sys=0.02s Real=0.52s
[2022-03-12T04:34:33.428+0800][481.049s] GC(221) Concurrent Mark From Roots 543.045ms
[2022-03-12T04:34:33.428+0800][481.049s] GC(221) Concurrent Mark Abort
[2022-03-12T04:34:33.428+0800][481.049s] GC(221) Concurrent Mark Cycle 545.817ms
[2022-03-12T04:34:33.436+0800][481.057s] GC(224) Pause Young (Normal) (G1 Preventive Collection)
[2022-03-12T04:34:33.436+0800][481.057s] GC(224) Using 8 workers of 8 for evacuation
[2022-03-12T04:34:33.444+0800][481.061s] GC(224)   Pre Evacuate Collection Set: 0.1ms
[2022-03-12T04:34:33.444+0800][481.061s] GC(224)   Merge Heap Roots: 0.1ms
[2022-03-12T04:34:33.444+0800][481.061s] GC(224)   Evacuate Collection Set: 2.9ms
[2022-03-12T04:34:33.444+0800][481.061s] GC(224)   Post Evacuate Collection Set: 0.5ms
[2022-03-12T04:34:33.444+0800][481.061s] GC(224)   Other: 0.2ms
[2022-03-12T04:34:33.444+0800][481.061s] GC(224) Eden regions: 2->0(23)
[2022-03-12T04:34:33.444+0800][481.061s] GC(224) Survivor regions: 0->2(2)
[2022-03-12T04:34:33.444+0800][481.061s] GC(224) Old regions: 472->472
[2022-03-12T04:34:33.444+0800][481.061s] GC(224) Archive regions: 0->0
[2022-03-12T04:34:33.444+0800][481.061s] GC(224) Humongous regions: 36->36
[2022-03-12T04:34:33.444+0800][481.061s] GC(224) Metaspace: 49995K(50368K)->49995K(50368K) NonClass: 44020K(44224K)->44020K(44224K) Class: 5975K(6144K)->5975K(6144K)
[2022-03-12T04:34:33.444+0800][481.061s] GC(224) Pause Young (Normal) (G1 Preventive Collection) 507M->507M(512M) 4.150ms
[2022-03-12T04:34:33.444+0800][481.061s] GC(224) User=0.12s Sys=0.00s Real=0.01s
[2022-03-12T04:34:33.444+0800][481.063s] GC(225) Pause Young (Concurrent Start) (G1 Humongous Allocation)
[2022-03-12T04:34:33.444+0800][481.064s] GC(225) Using 8 workers of 8 for evacuation
[2022-03-12T04:34:33.453+0800][481.071s] GC(225) To-space exhausted
[2022-03-12T04:34:33.453+0800][481.071s] GC(225)   Pre Evacuate Collection Set: 0.1ms
[2022-03-12T04:34:33.453+0800][481.071s] GC(225)   Merge Heap Roots: 0.1ms
[2022-03-12T04:34:33.453+0800][481.071s] GC(225)   Evacuate Collection Set: 4.2ms
[2022-03-12T04:34:33.453+0800][481.071s] GC(225)   Post Evacuate Collection Set: 3.2ms
[2022-03-12T04:34:33.453+0800][481.072s] GC(225)   Other: 0.4ms
[2022-03-12T04:34:33.453+0800][481.072s] GC(225) Eden regions: 1->0(24)
[2022-03-12T04:34:33.453+0800][481.072s] GC(225) Survivor regions: 2->1(1)
[2022-03-12T04:34:33.453+0800][481.072s] GC(225) Old regions: 472->475
[2022-03-12T04:34:33.453+0800][481.072s] GC(225) Archive regions: 0->0
[2022-03-12T04:34:33.453+0800][481.072s] GC(225) Humongous regions: 36->36
[2022-03-12T04:34:33.453+0800][481.072s] GC(225) Metaspace: 49995K(50368K)->49995K(50368K) NonClass: 44020K(44224K)->44020K(44224K) Class: 5975K(6144K)->5975K(6144K)
[2022-03-12T04:34:33.453+0800][481.072s] GC(225) Pause Young (Concurrent Start) (G1 Humongous Allocation) 508M->509M(512M) 8.282ms
[2022-03-12T04:34:33.453+0800][481.072s] GC(225) User=0.00s Sys=0.00s Real=0.01s
[2022-03-12T04:34:33.453+0800][481.072s] Attempting full compaction clearing soft references
[2022-03-12T04:34:33.453+0800][481.072s] GC(226) Concurrent Mark Cycle
[2022-03-12T04:34:33.453+0800][481.072s] GC(227) Using 8 workers of 8 for full compaction
[2022-03-12T04:34:33.453+0800][481.072s] GC(226) Concurrent Clear Claimed Marks
[2022-03-12T04:34:33.453+0800][481.072s] GC(226) Concurrent Clear Claimed Marks 0.160ms
[2022-03-12T04:34:33.453+0800][481.072s] GC(226) Concurrent Scan Root Regions
[2022-03-12T04:34:33.453+0800][481.072s] GC(227) Pause Full (G1 Compaction Pause)
[2022-03-12T04:34:33.453+0800][481.074s] GC(226) Concurrent Scan Root Regions 2.246ms
[2022-03-12T04:34:33.453+0800][481.075s] GC(226) Concurrent Mark
[2022-03-12T04:34:33.453+0800][481.075s] GC(226) Concurrent Mark From Roots
[2022-03-12T04:34:33.453+0800][481.075s] GC(226) Using 2 workers of 2 for marking
[2022-03-12T04:34:33.453+0800][481.075s] GC(227) Phase 1: Mark live objects
[2022-03-12T04:34:33.915+0800][481.532s] GC(227) Phase 1: Mark live objects 456.844ms
[2022-03-12T04:34:33.915+0800][481.532s] GC(227) Phase 2: Prepare for compaction
[2022-03-12T04:34:33.917+0800][481.534s] GC(227) Phase 2: Prepare for compaction 1.900ms
[2022-03-12T04:34:33.917+0800][481.534s] GC(227) Phase 3: Adjust pointers
[2022-03-12T04:34:34.005+0800][481.628s] GC(227) Phase 3: Adjust pointers 94.040ms
[2022-03-12T04:34:34.005+0800][481.628s] GC(227) Phase 4: Compact heap
[2022-03-12T04:34:34.013+0800][481.629s] GC(227) Phase 4: Compact heap 1.191ms
[2022-03-12T04:34:34.014+0800][481.637s] GC(227) Eden regions: 0->0(25)
[2022-03-12T04:34:34.014+0800][481.637s] GC(227) Survivor regions: 1->0(1)
[2022-03-12T04:34:34.014+0800][481.637s] GC(227) Old regions: 475->474
[2022-03-12T04:34:34.014+0800][481.638s] GC(227) Archive regions: 0->0
[2022-03-12T04:34:34.014+0800][481.638s] GC(227) Humongous regions: 36->36
[2022-03-12T04:34:34.014+0800][481.638s] GC(227) Metaspace: 49995K(50368K)->49995K(50368K) NonClass: 44020K(44224K)->44020K(44224K) Class: 5975K(6144K)->5975K(6144K)
[2022-03-12T04:34:34.014+0800][481.638s] GC(227) Pause Full (G1 Compaction Pause) 509M->507M(512M) 565.235ms
[2022-03-12T04:34:34.022+0800][481.638s] GC(227) User=3.86s Sys=0.03s Real=0.57s
[2022-03-12T04:34:34.023+0800][481.638s] GC(226) Concurrent Mark From Roots 563.769ms
[2022-03-12T04:34:34.023+0800][481.638s] GC(228) Pause Young (Normal) (G1 Humongous Allocation)
[2022-03-12T04:34:34.023+0800][481.639s] GC(228) Using 8 workers of 8 for evacuation
[2022-03-12T04:34:34.024+0800][481.639s] GC(228)   Pre Evacuate Collection Set: 0.1ms
[2022-03-12T04:34:34.024+0800][481.639s] GC(228)   Merge Heap Roots: 0.0ms
[2022-03-12T04:34:34.024+0800][481.639s] GC(228)   Evacuate Collection Set: 0.2ms
[2022-03-12T04:34:34.024+0800][481.639s] GC(228)   Post Evacuate Collection Set: 0.3ms
[2022-03-12T04:34:34.024+0800][481.639s] GC(228)   Other: 0.2ms
[2022-03-12T04:34:34.024+0800][481.639s] GC(228) Eden regions: 1->0(24)
[2022-03-12T04:34:34.024+0800][481.639s] GC(228) Survivor regions: 0->1(1)
[2022-03-12T04:34:34.024+0800][481.639s] GC(228) Old regions: 474->474
[2022-03-12T04:34:34.024+0800][481.640s] GC(228) Archive regions: 0->0
[2022-03-12T04:34:34.024+0800][481.640s] GC(228) Humongous regions: 36->36
[2022-03-12T04:34:34.024+0800][481.640s] GC(228) Metaspace: 49995K(50368K)->49995K(50368K) NonClass: 44020K(44224K)->44020K(44224K) Class: 5975K(6144K)->5975K(6144K)
[2022-03-12T04:34:34.024+0800][481.640s] GC(228) Pause Young (Normal) (G1 Humongous Allocation) 507M->507M(512M) 1.226ms
[2022-03-12T04:34:34.024+0800][481.640s] GC(228) User=0.00s Sys=0.00s Real=0.00s
[2022-03-12T04:34:34.024+0800][481.640s] Attempting full compaction
[2022-03-12T04:34:34.024+0800][481.640s] GC(229) Using 8 workers of 8 for full compaction
[2022-03-12T04:34:34.024+0800][481.640s] GC(229) Pause Full (G1 Compaction Pause)
[2022-03-12T04:34:34.024+0800][481.640s] GC(229) Phase 1: Mark live objects
[2022-03-12T04:34:34.441+0800][482.059s] GC(229) Phase 1: Mark live objects 418.170ms
[2022-03-12T04:34:34.443+0800][482.059s] GC(229) Phase 2: Prepare for compaction
[2022-03-12T04:34:34.445+0800][482.061s] GC(229) Phase 2: Prepare for compaction 2.028ms
[2022-03-12T04:34:34.445+0800][482.061s] GC(229) Phase 3: Adjust pointers
[2022-03-12T04:34:34.553+0800][482.168s] GC(229) Phase 3: Adjust pointers 107.638ms
[2022-03-12T04:34:34.553+0800][482.169s] GC(229) Phase 4: Compact heap
[2022-03-12T04:34:34.553+0800][482.170s] GC(229) Phase 4: Compact heap 1.088ms
[2022-03-12T04:34:34.563+0800][482.178s] GC(229) Eden regions: 0->0(25)
[2022-03-12T04:34:34.563+0800][482.178s] GC(229) Survivor regions: 1->0(1)
[2022-03-12T04:34:34.563+0800][482.178s] GC(229) Old regions: 474->474
[2022-03-12T04:34:34.563+0800][482.178s] GC(229) Archive regions: 0->0
[2022-03-12T04:34:34.563+0800][482.178s] GC(229) Humongous regions: 36->36
[2022-03-12T04:34:34.563+0800][482.178s] GC(229) Metaspace: 49995K(50368K)->49995K(50368K) NonClass: 44020K(44224K)->44020K(44224K) Class: 5975K(6144K)->5975K(6144K)
[2022-03-12T04:34:34.563+0800][482.178s] GC(229) Pause Full (G1 Compaction Pause) 507M->507M(512M) 537.637ms
[2022-03-12T04:34:34.563+0800][482.178s] GC(229) User=4.02s Sys=0.00s Real=0.54s
[2022-03-12T04:34:34.563+0800][482.178s] Attempting maximum full compaction clearing soft references
[2022-03-12T04:34:34.563+0800][482.178s] GC(230) Using 8 workers of 8 for full compaction
[2022-03-12T04:34:34.563+0800][482.178s] GC(230) Pause Full (G1 Compaction Pause)
[2022-03-12T04:34:34.563+0800][482.179s] GC(230) Phase 1: Mark live objects
[2022-03-12T04:34:34.972+0800][482.588s] GC(230) Phase 1: Mark live objects 409.562ms
[2022-03-12T04:34:34.973+0800][482.588s] GC(230) Phase 2: Prepare for compaction
[2022-03-12T04:34:35.100+0800][482.722s] GC(230) Phase 2: Prepare for compaction 133.948ms
[2022-03-12T04:34:35.100+0800][482.722s] GC(230) Phase 3: Adjust pointers
[2022-03-12T04:34:35.234+0800][482.854s] GC(230) Phase 3: Adjust pointers 131.530ms
[2022-03-12T04:34:35.234+0800][482.854s] GC(230) Phase 4: Compact heap
[2022-03-12T04:34:35.323+0800][482.942s] GC(230) Phase 4: Compact heap 88.353ms
[2022-03-12T04:34:35.331+0800][482.949s] GC(230) Eden regions: 0->0(25)
[2022-03-12T04:34:35.331+0800][482.949s] GC(230) Survivor regions: 0->0(1)
[2022-03-12T04:34:35.331+0800][482.949s] GC(230) Old regions: 474->473
[2022-03-12T04:34:35.331+0800][482.949s] GC(230) Archive regions: 0->0
[2022-03-12T04:34:35.331+0800][482.950s] GC(230) Humongous regions: 36->36
[2022-03-12T04:34:35.331+0800][482.950s] GC(230) Metaspace: 49995K(50368K)->49995K(50368K) NonClass: 44020K(44224K)->44020K(44224K) Class: 5975K(6144K)->5975K(6144K)
[2022-03-12T04:34:35.331+0800][482.950s] GC(230) Pause Full (G1 Compaction Pause) 507M->507M(512M) 771.136ms
[2022-03-12T04:34:35.331+0800][482.950s] GC(230) User=5.44s Sys=0.02s Real=0.77s
[2022-03-12T04:34:35.331+0800][482.950s] GC(226) Concurrent Mark Abort
[2022-03-12T04:34:35.331+0800][482.950s] GC(226) Concurrent Mark Cycle 1878.531ms
[2022-03-12T04:34:35.347+0800][482.969s] GC(231) Pause Young (Normal) (G1 Evacuation Pause)
[2022-03-12T04:34:35.347+0800][482.969s] GC(231) Using 8 workers of 8 for evacuation
[2022-03-12T04:34:35.363+0800][482.978s] GC(231) To-space exhausted
[2022-03-12T04:34:35.363+0800][482.978s] GC(231)   Pre Evacuate Collection Set: 0.2ms
[2022-03-12T04:34:35.363+0800][482.978s] GC(231)   Merge Heap Roots: 0.2ms
[2022-03-12T04:34:35.363+0800][482.978s] GC(231)   Evacuate Collection Set: 5.2ms
[2022-03-12T04:34:35.363+0800][482.978s] GC(231)   Post Evacuate Collection Set: 3.2ms
[2022-03-12T04:34:35.363+0800][482.978s] GC(231)   Other: 0.4ms
[2022-03-12T04:34:35.363+0800][482.978s] GC(231) Eden regions: 1->0(25)
[2022-03-12T04:34:35.363+0800][482.978s] GC(231) Survivor regions: 0->0(0)
[2022-03-12T04:34:35.363+0800][482.978s] GC(231) Old regions: 473->474
[2022-03-12T04:34:35.363+0800][482.978s] GC(231) Archive regions: 0->0
[2022-03-12T04:34:35.363+0800][482.978s] GC(231) Humongous regions: 38->38
[2022-03-12T04:34:35.363+0800][482.979s] GC(231) Metaspace: 49995K(50368K)->49995K(50368K) NonClass: 44020K(44224K)->44020K(44224K) Class: 5975K(6144K)->5975K(6144K)
[2022-03-12T04:34:35.363+0800][482.979s] GC(231) Pause Young (Normal) (G1 Evacuation Pause) 510M->510M(512M) 9.607ms
[2022-03-12T04:34:35.363+0800][482.979s] GC(231) User=0.12s Sys=0.00s Real=0.02s
[2022-03-12T04:34:35.363+0800][482.979s] Attempting full compaction
[2022-03-12T04:34:35.363+0800][482.979s] GC(232) Using 8 workers of 8 for full compaction
[2022-03-12T04:34:35.363+0800][482.979s] GC(232) Pause Full (G1 Compaction Pause)
[2022-03-12T04:34:35.363+0800][482.979s] GC(232) Phase 1: Mark live objects
[2022-03-12T04:34:35.770+0800][483.388s] GC(232) Phase 1: Mark live objects 408.023ms
[2022-03-12T04:34:35.770+0800][483.388s] GC(232) Phase 2: Prepare for compaction
[2022-03-12T04:34:35.774+0800][483.390s] GC(232) Phase 2: Prepare for compaction 2.035ms
[2022-03-12T04:34:35.774+0800][483.390s] GC(232) Phase 3: Adjust pointers
[2022-03-12T04:34:35.869+0800][483.484s] GC(232) Phase 3: Adjust pointers 94.656ms
[2022-03-12T04:34:35.869+0800][483.484s] GC(232) Phase 4: Compact heap
[2022-03-12T04:34:35.870+0800][483.486s] GC(232) Phase 4: Compact heap 1.171ms
[2022-03-12T04:34:35.872+0800][483.492s] GC(232) Eden regions: 0->0(25)
[2022-03-12T04:34:35.872+0800][483.492s] GC(232) Survivor regions: 0->0(0)
[2022-03-12T04:34:35.872+0800][483.492s] GC(232) Old regions: 474->474
[2022-03-12T04:34:35.872+0800][483.492s] GC(232) Archive regions: 0->0
[2022-03-12T04:34:35.872+0800][483.492s] GC(232) Humongous regions: 38->37
[2022-03-12T04:34:35.872+0800][483.492s] GC(232) Metaspace: 49995K(50368K)->49995K(50368K) NonClass: 44020K(44224K)->44020K(44224K) Class: 5975K(6144K)->5975K(6144K)
[2022-03-12T04:34:35.872+0800][483.492s] GC(232) Pause Full (G1 Compaction Pause) 510M->508M(512M) 512.960ms
[2022-03-12T04:34:35.872+0800][483.493s] GC(232) User=3.45s Sys=0.00s Real=0.51s
[2022-03-12T04:34:35.872+0800][483.495s] GC(233) Pause Young (Concurrent Start) (G1 Evacuation Pause)
[2022-03-12T04:34:35.872+0800][483.495s] GC(233) Using 8 workers of 8 for evacuation
[2022-03-12T04:34:35.884+0800][483.501s] GC(233) To-space exhausted
[2022-03-12T04:34:35.884+0800][483.501s] GC(233)   Pre Evacuate Collection Set: 0.2ms
[2022-03-12T04:34:35.884+0800][483.501s] GC(233)   Merge Heap Roots: 0.1ms
[2022-03-12T04:34:35.884+0800][483.501s] GC(233)   Evacuate Collection Set: 1.7ms
[2022-03-12T04:34:35.884+0800][483.501s] GC(233)   Post Evacuate Collection Set: 3.6ms
[2022-03-12T04:34:35.884+0800][483.501s] GC(233)   Other: 0.6ms
[2022-03-12T04:34:35.884+0800][483.501s] GC(233) Eden regions: 1->0(25)
[2022-03-12T04:34:35.884+0800][483.501s] GC(233) Survivor regions: 0->0(0)
[2022-03-12T04:34:35.884+0800][483.501s] GC(233) Old regions: 474->475
[2022-03-12T04:34:35.884+0800][483.501s] GC(233) Archive regions: 0->0
[2022-03-12T04:34:35.884+0800][483.502s] GC(233) Humongous regions: 37->37
[2022-03-12T04:34:35.884+0800][483.502s] GC(233) Metaspace: 49995K(50368K)->49995K(50368K) NonClass: 44020K(44224K)->44020K(44224K) Class: 5975K(6144K)->5975K(6144K)
[2022-03-12T04:34:35.884+0800][483.502s] GC(233) Pause Young (Concurrent Start) (G1 Evacuation Pause) 509M->509M(512M) 6.620ms
[2022-03-12T04:34:35.884+0800][483.502s] GC(233) User=0.02s Sys=0.00s Real=0.01s
[2022-03-12T04:34:35.884+0800][483.502s] Attempting full compaction
[2022-03-12T04:34:35.884+0800][483.502s] GC(234) Concurrent Mark Cycle
[2022-03-12T04:34:35.884+0800][483.502s] GC(235) Using 8 workers of 8 for full compaction
[2022-03-12T04:34:35.884+0800][483.502s] GC(234) Concurrent Clear Claimed Marks
[2022-03-12T04:34:35.884+0800][483.502s] GC(234) Concurrent Clear Claimed Marks 0.137ms
[2022-03-12T04:34:35.884+0800][483.502s] GC(234) Concurrent Scan Root Regions
[2022-03-12T04:34:35.884+0800][483.502s] GC(234) Concurrent Scan Root Regions 0.042ms
[2022-03-12T04:34:35.884+0800][483.502s] GC(234) Concurrent Mark
[2022-03-12T04:34:35.884+0800][483.502s] GC(234) Concurrent Mark From Roots
[2022-03-12T04:34:35.884+0800][483.502s] GC(234) Using 2 workers of 2 for marking
[2022-03-12T04:34:35.884+0800][483.502s] GC(235) Pause Full (G1 Compaction Pause)
[2022-03-12T04:34:35.884+0800][483.503s] GC(235) Phase 1: Mark live objects
[2022-03-12T04:34:36.276+0800][483.891s] GC(235) Phase 1: Mark live objects 387.987ms
[2022-03-12T04:34:36.276+0800][483.891s] GC(235) Phase 2: Prepare for compaction
[2022-03-12T04:34:36.280+0800][483.895s] GC(235) Phase 2: Prepare for compaction 3.869ms
[2022-03-12T04:34:36.280+0800][483.895s] GC(235) Phase 3: Adjust pointers
[2022-03-12T04:34:36.374+0800][483.989s] GC(235) Phase 3: Adjust pointers 94.552ms
[2022-03-12T04:34:36.374+0800][483.990s] GC(235) Phase 4: Compact heap
[2022-03-12T04:34:36.377+0800][483.993s] GC(235) Phase 4: Compact heap 3.512ms
[2022-03-12T04:34:36.379+0800][484.000s] GC(235) Eden regions: 0->0(25)
[2022-03-12T04:34:36.379+0800][484.000s] GC(235) Survivor regions: 0->0(0)
[2022-03-12T04:34:36.379+0800][484.000s] GC(235) Old regions: 475->473
[2022-03-12T04:34:36.379+0800][484.000s] GC(235) Archive regions: 0->0
[2022-03-12T04:34:36.379+0800][484.000s] GC(235) Humongous regions: 37->37
[2022-03-12T04:34:36.379+0800][484.000s] GC(235) Metaspace: 49995K(50368K)->49995K(50368K) NonClass: 44020K(44224K)->44020K(44224K) Class: 5975K(6144K)->5975K(6144K)
[2022-03-12T04:34:36.379+0800][484.000s] GC(235) Pause Full (G1 Compaction Pause) 509M->509M(512M) 497.564ms
[2022-03-12T04:34:36.379+0800][484.000s] GC(235) User=3.38s Sys=0.03s Real=0.49s
[2022-03-12T04:34:36.379+0800][484.001s] GC(234) Concurrent Mark From Roots 498.329ms
[2022-03-12T04:34:36.379+0800][484.001s] GC(234) Concurrent Mark Abort
[2022-03-12T04:34:36.379+0800][484.001s] GC(234) Concurrent Mark Cycle 498.856ms
[2022-03-12T04:34:36.387+0800][484.003s] GC(236) Pause Young (Normal) (G1 Preventive Collection)
[2022-03-12T04:34:36.387+0800][484.003s] GC(236) Using 8 workers of 8 for evacuation
[2022-03-12T04:34:36.389+0800][484.005s] GC(236)   Pre Evacuate Collection Set: 0.1ms
[2022-03-12T04:34:36.389+0800][484.005s] GC(236)   Merge Heap Roots: 0.1ms
[2022-03-12T04:34:36.389+0800][484.005s] GC(236)   Evacuate Collection Set: 1.3ms
[2022-03-12T04:34:36.389+0800][484.005s] GC(236)   Post Evacuate Collection Set: 0.2ms
[2022-03-12T04:34:36.389+0800][484.005s] GC(236)   Other: 0.2ms
[2022-03-12T04:34:36.389+0800][484.005s] GC(236) Eden regions: 1->0(24)
[2022-03-12T04:34:36.389+0800][484.005s] GC(236) Survivor regions: 0->1(1)
[2022-03-12T04:34:36.389+0800][484.005s] GC(236) Old regions: 473->473
[2022-03-12T04:34:36.389+0800][484.005s] GC(236) Archive regions: 0->0
[2022-03-12T04:34:36.389+0800][484.005s] GC(236) Humongous regions: 37->37
[2022-03-12T04:34:36.389+0800][484.005s] GC(236) Metaspace: 49995K(50368K)->49995K(50368K) NonClass: 44020K(44224K)->44020K(44224K) Class: 5975K(6144K)->5975K(6144K)
[2022-03-12T04:34:36.389+0800][484.005s] GC(236) Pause Young (Normal) (G1 Preventive Collection) 510M->510M(512M) 2.230ms
[2022-03-12T04:34:36.389+0800][484.005s] GC(236) User=0.00s Sys=0.00s Real=0.00s
[2022-03-12T04:34:36.389+0800][484.007s] GC(237) Pause Young (Concurrent Start) (G1 Evacuation Pause)
[2022-03-12T04:34:36.389+0800][484.007s] GC(237) Using 8 workers of 8 for evacuation
[2022-03-12T04:34:36.400+0800][484.015s] GC(237) To-space exhausted
[2022-03-12T04:34:36.400+0800][484.015s] GC(237)   Pre Evacuate Collection Set: 0.1ms
[2022-03-12T04:34:36.400+0800][484.015s] GC(237)   Merge Heap Roots: 0.1ms
[2022-03-12T04:34:36.400+0800][484.015s] GC(237)   Evacuate Collection Set: 3.2ms
[2022-03-12T04:34:36.400+0800][484.015s] GC(237)   Post Evacuate Collection Set: 3.9ms
[2022-03-12T04:34:36.400+0800][484.015s] GC(237)   Other: 0.4ms
[2022-03-12T04:34:36.400+0800][484.015s] GC(237) Eden regions: 1->0(25)
[2022-03-12T04:34:36.400+0800][484.015s] GC(237) Survivor regions: 1->0(0)
[2022-03-12T04:34:36.400+0800][484.015s] GC(237) Old regions: 473->475
[2022-03-12T04:34:36.400+0800][484.015s] GC(237) Archive regions: 0->0
[2022-03-12T04:34:36.400+0800][484.015s] GC(237) Humongous regions: 37->37
[2022-03-12T04:34:36.400+0800][484.015s] GC(237) Metaspace: 49995K(50368K)->49995K(50368K) NonClass: 44020K(44224K)->44020K(44224K) Class: 5975K(6144K)->5975K(6144K)
[2022-03-12T04:34:36.400+0800][484.016s] GC(237) Pause Young (Concurrent Start) (G1 Evacuation Pause) 511M->511M(512M) 8.185ms
[2022-03-12T04:34:36.400+0800][484.016s] GC(237) User=0.09s Sys=0.00s Real=0.01s
[2022-03-12T04:34:36.400+0800][484.016s] Attempting full compaction
[2022-03-12T04:34:36.400+0800][484.016s] GC(238) Concurrent Mark Cycle
[2022-03-12T04:34:36.400+0800][484.016s] GC(239) Using 8 workers of 8 for full compaction
[2022-03-12T04:34:36.400+0800][484.016s] GC(238) Concurrent Clear Claimed Marks
[2022-03-12T04:34:36.400+0800][484.016s] GC(238) Concurrent Clear Claimed Marks 0.109ms
[2022-03-12T04:34:36.400+0800][484.016s] GC(238) Concurrent Scan Root Regions
[2022-03-12T04:34:36.400+0800][484.016s] GC(238) Concurrent Scan Root Regions 0.027ms
[2022-03-12T04:34:36.400+0800][484.016s] GC(238) Concurrent Mark
[2022-03-12T04:34:36.400+0800][484.016s] GC(238) Concurrent Mark From Roots
[2022-03-12T04:34:36.400+0800][484.016s] GC(238) Using 2 workers of 2 for marking
[2022-03-12T04:34:36.400+0800][484.016s] GC(239) Pause Full (G1 Compaction Pause)
[2022-03-12T04:34:36.401+0800][484.017s] GC(239) Phase 1: Mark live objects
[2022-03-12T04:34:36.777+0800][484.393s] GC(239) Phase 1: Mark live objects 376.436ms
[2022-03-12T04:34:36.777+0800][484.393s] GC(239) Phase 2: Prepare for compaction
[2022-03-12T04:34:36.777+0800][484.398s] GC(239) Phase 2: Prepare for compaction 4.319ms
[2022-03-12T04:34:36.777+0800][484.398s] GC(239) Phase 3: Adjust pointers
[2022-03-12T04:34:36.879+0800][484.495s] GC(239) Phase 3: Adjust pointers 97.541ms
[2022-03-12T04:34:36.879+0800][484.495s] GC(239) Phase 4: Compact heap
[2022-03-12T04:34:36.881+0800][484.497s] GC(239) Phase 4: Compact heap 1.362ms
[2022-03-12T04:34:36.889+0800][484.507s] GC(239) Eden regions: 0->0(25)
[2022-03-12T04:34:36.889+0800][484.507s] GC(239) Survivor regions: 0->0(0)
[2022-03-12T04:34:36.889+0800][484.507s] GC(239) Old regions: 475->474
[2022-03-12T04:34:36.889+0800][484.507s] GC(239) Archive regions: 0->0
[2022-03-12T04:34:36.889+0800][484.507s] GC(239) Humongous regions: 37->37
[2022-03-12T04:34:36.889+0800][484.507s] GC(239) Metaspace: 49995K(50368K)->49995K(50368K) NonClass: 44020K(44224K)->44020K(44224K) Class: 5975K(6144K)->5975K(6144K)
[2022-03-12T04:34:36.889+0800][484.507s] GC(239) Pause Full (G1 Compaction Pause) 511M->510M(512M) 490.743ms
[2022-03-12T04:34:36.889+0800][484.508s] GC(239) User=3.20s Sys=0.00s Real=0.49s
[2022-03-12T04:34:36.889+0800][484.508s] GC(238) Concurrent Mark From Roots 492.013ms
[2022-03-12T04:34:36.889+0800][484.508s] GC(238) Concurrent Mark Abort
[2022-03-12T04:34:36.889+0800][484.508s] GC(238) Concurrent Mark Cycle 492.485ms
[2022-03-12T04:34:36.889+0800][484.512s] GC(240) Pause Young (Normal) (G1 Evacuation Pause)
[2022-03-12T04:34:36.889+0800][484.512s] GC(240) Using 8 workers of 8 for evacuation
[2022-03-12T04:34:36.897+0800][484.517s] GC(240) To-space exhausted
[2022-03-12T04:34:36.897+0800][484.518s] GC(240)   Pre Evacuate Collection Set: 0.1ms
[2022-03-12T04:34:36.897+0800][484.518s] GC(240)   Merge Heap Roots: 0.1ms
[2022-03-12T04:34:36.897+0800][484.518s] GC(240)   Evacuate Collection Set: 2.2ms
[2022-03-12T04:34:36.897+0800][484.518s] GC(240)   Post Evacuate Collection Set: 3.3ms
[2022-03-12T04:34:36.897+0800][484.518s] GC(240)   Other: 0.3ms
[2022-03-12T04:34:36.897+0800][484.518s] GC(240) Eden regions: 1->0(25)
[2022-03-12T04:34:36.897+0800][484.518s] GC(240) Survivor regions: 0->0(0)
[2022-03-12T04:34:36.897+0800][484.518s] GC(240) Old regions: 474->475
[2022-03-12T04:34:36.897+0800][484.518s] GC(240) Archive regions: 0->0
[2022-03-12T04:34:36.897+0800][484.518s] GC(240) Humongous regions: 37->37
[2022-03-12T04:34:36.897+0800][484.518s] GC(240) Metaspace: 49995K(50368K)->49995K(50368K) NonClass: 44020K(44224K)->44020K(44224K) Class: 5975K(6144K)->5975K(6144K)
[2022-03-12T04:34:36.897+0800][484.518s] GC(240) Pause Young (Normal) (G1 Evacuation Pause) 511M->511M(512M) 6.264ms
[2022-03-12T04:34:36.897+0800][484.518s] GC(240) User=0.12s Sys=0.00s Real=0.01s
[2022-03-12T04:34:36.897+0800][484.518s] Attempting full compaction
[2022-03-12T04:34:36.897+0800][484.518s] GC(241) Using 8 workers of 8 for full compaction
[2022-03-12T04:34:36.897+0800][484.518s] GC(241) Pause Full (G1 Compaction Pause)
[2022-03-12T04:34:36.897+0800][484.518s] GC(241) Phase 1: Mark live objects
[2022-03-12T04:34:37.279+0800][484.894s] GC(241) Phase 1: Mark live objects 375.305ms
[2022-03-12T04:34:37.279+0800][484.894s] GC(241) Phase 2: Prepare for compaction
[2022-03-12T04:34:37.280+0800][484.896s] GC(241) Phase 2: Prepare for compaction 2.343ms
[2022-03-12T04:34:37.280+0800][484.896s] GC(241) Phase 3: Adjust pointers
[2022-03-12T04:34:37.372+0800][484.987s] GC(241) Phase 3: Adjust pointers 91.237ms
[2022-03-12T04:34:37.372+0800][484.988s] GC(241) Phase 4: Compact heap
[2022-03-12T04:34:37.372+0800][484.989s] GC(241) Phase 4: Compact heap 1.340ms
[2022-03-12T04:34:37.382+0800][484.998s] GC(241) Eden regions: 0->0(25)
[2022-03-12T04:34:37.382+0800][484.999s] GC(241) Survivor regions: 0->0(0)
[2022-03-12T04:34:37.382+0800][484.999s] GC(241) Old regions: 475->475
[2022-03-12T04:34:37.382+0800][484.999s] GC(241) Archive regions: 0->0
[2022-03-12T04:34:37.382+0800][484.999s] GC(241) Humongous regions: 37->37
[2022-03-12T04:34:37.382+0800][484.999s] GC(241) Metaspace: 49995K(50368K)->49995K(50368K) NonClass: 44020K(44224K)->44020K(44224K) Class: 5975K(6144K)->5975K(6144K)
[2022-03-12T04:34:37.382+0800][484.999s] GC(241) Pause Full (G1 Compaction Pause) 511M->511M(512M) 480.441ms
[2022-03-12T04:34:37.382+0800][485.000s] GC(241) User=3.03s Sys=0.00s Real=0.48s
[2022-03-12T04:34:37.382+0800][485.000s] Attempting maximum full compaction clearing soft references
[2022-03-12T04:34:37.382+0800][485.000s] GC(242) Using 8 workers of 8 for full compaction
[2022-03-12T04:34:37.382+0800][485.000s] GC(242) Pause Full (G1 Compaction Pause)
[2022-03-12T04:34:37.382+0800][485.000s] GC(242) Phase 1: Mark live objects
[2022-03-12T04:34:37.767+0800][485.383s] GC(242) Phase 1: Mark live objects 382.124ms
[2022-03-12T04:34:37.767+0800][485.383s] GC(242) Phase 2: Prepare for compaction
[2022-03-12T04:34:37.854+0800][485.469s] GC(242) Phase 2: Prepare for compaction 86.465ms
[2022-03-12T04:34:37.854+0800][485.469s] GC(242) Phase 3: Adjust pointers
[2022-03-12T04:34:37.966+0800][485.584s] GC(242) Phase 3: Adjust pointers 114.989ms
[2022-03-12T04:34:37.966+0800][485.584s] GC(242) Phase 4: Compact heap
[2022-03-12T04:34:38.048+0800][485.665s] GC(242) Phase 4: Compact heap 80.725ms
[2022-03-12T04:34:38.056+0800][485.675s] GC(242) Eden regions: 0->0(25)
[2022-03-12T04:34:38.056+0800][485.675s] GC(242) Survivor regions: 0->0(0)
[2022-03-12T04:34:38.056+0800][485.675s] GC(242) Old regions: 475->475
[2022-03-12T04:34:38.056+0800][485.676s] GC(242) Archive regions: 0->0
[2022-03-12T04:34:38.056+0800][485.676s] GC(242) Humongous regions: 37->37
[2022-03-12T04:34:38.056+0800][485.676s] GC(242) Metaspace: 49995K(50368K)->49995K(50368K) NonClass: 44020K(44224K)->44020K(44224K) Class: 5975K(6144K)->5975K(6144K)
[2022-03-12T04:34:38.056+0800][485.676s] GC(242) Pause Full (G1 Compaction Pause) 511M->511M(512M) 675.459ms
[2022-03-12T04:34:38.056+0800][485.677s] GC(242) User=3.91s Sys=0.02s Real=0.67s
[2022-03-12T04:34:38.056+0800][485.677s] GC(243) Pause Young (Concurrent Start) (G1 Evacuation Pause)
[2022-03-12T04:34:38.056+0800][485.677s] GC(243) Using 8 workers of 8 for evacuation
[2022-03-12T04:34:38.064+0800][485.679s] GC(243)   Pre Evacuate Collection Set: 0.1ms
[2022-03-12T04:34:38.064+0800][485.679s] GC(243)   Merge Heap Roots: 0.1ms
[2022-03-12T04:34:38.064+0800][485.679s] GC(243)   Evacuate Collection Set: 1.1ms
[2022-03-12T04:34:38.064+0800][485.679s] GC(243)   Post Evacuate Collection Set: 0.4ms
[2022-03-12T04:34:38.064+0800][485.679s] GC(243)   Other: 0.3ms
[2022-03-12T04:34:38.064+0800][485.679s] GC(243) Eden regions: 0->0(25)
[2022-03-12T04:34:38.064+0800][485.679s] GC(243) Survivor regions: 0->0(0)
[2022-03-12T04:34:38.064+0800][485.679s] GC(243) Old regions: 475->475
[2022-03-12T04:34:38.064+0800][485.679s] GC(243) Archive regions: 0->0
[2022-03-12T04:34:38.064+0800][485.679s] GC(243) Humongous regions: 37->37
[2022-03-12T04:34:38.064+0800][485.679s] GC(243) Metaspace: 49995K(50368K)->49995K(50368K) NonClass: 44020K(44224K)->44020K(44224K) Class: 5975K(6144K)->5975K(6144K)
[2022-03-12T04:34:38.064+0800][485.679s] GC(243) Pause Young (Concurrent Start) (G1 Evacuation Pause) 511M->511M(512M) 2.408ms
[2022-03-12T04:34:38.064+0800][485.679s] GC(243) User=0.00s Sys=0.00s Real=0.01s
[2022-03-12T04:34:38.064+0800][485.679s] Attempting full compaction
[2022-03-12T04:34:38.064+0800][485.679s] GC(244) Concurrent Mark Cycle
[2022-03-12T04:34:38.064+0800][485.679s] GC(245) Using 8 workers of 8 for full compaction
[2022-03-12T04:34:38.064+0800][485.679s] GC(244) Concurrent Clear Claimed Marks
[2022-03-12T04:34:38.064+0800][485.680s] GC(244) Concurrent Clear Claimed Marks 0.128ms
[2022-03-12T04:34:38.064+0800][485.680s] GC(244) Concurrent Scan Root Regions
[2022-03-12T04:34:38.064+0800][485.680s] GC(244) Concurrent Scan Root Regions 0.041ms
[2022-03-12T04:34:38.064+0800][485.680s] GC(244) Concurrent Mark
[2022-03-12T04:34:38.064+0800][485.680s] GC(244) Concurrent Mark From Roots
[2022-03-12T04:34:38.064+0800][485.680s] GC(245) Pause Full (G1 Compaction Pause)
[2022-03-12T04:34:38.064+0800][485.680s] GC(244) Using 2 workers of 2 for marking
[2022-03-12T04:34:38.064+0800][485.680s] GC(245) Phase 1: Mark live objects
[2022-03-12T04:34:38.425+0800][486.040s] GC(245) Phase 1: Mark live objects 360.142ms
[2022-03-12T04:34:38.425+0800][486.040s] GC(245) Phase 2: Prepare for compaction
[2022-03-12T04:34:38.426+0800][486.041s] GC(245) Phase 2: Prepare for compaction 0.601ms
[2022-03-12T04:34:38.426+0800][486.041s] GC(245) Phase 3: Adjust pointers
[2022-03-12T04:34:38.518+0800][486.138s] GC(245) Phase 3: Adjust pointers 96.461ms
[2022-03-12T04:34:38.518+0800][486.138s] GC(245) Phase 4: Compact heap
[2022-03-12T04:34:38.523+0800][486.138s] GC(245) Phase 4: Compact heap 0.147ms
[2022-03-12T04:34:38.525+0800][486.142s] GC(245) Eden regions: 0->0(25)
[2022-03-12T04:34:38.525+0800][486.142s] GC(245) Survivor regions: 0->0(0)
[2022-03-12T04:34:38.525+0800][486.142s] GC(245) Old regions: 475->475
[2022-03-12T04:34:38.525+0800][486.142s] GC(245) Archive regions: 0->0
[2022-03-12T04:34:38.525+0800][486.142s] GC(245) Humongous regions: 37->37
[2022-03-12T04:34:38.525+0800][486.142s] GC(245) Metaspace: 49995K(50368K)->49995K(50368K) NonClass: 44020K(44224K)->44020K(44224K) Class: 5975K(6144K)->5975K(6144K)
[2022-03-12T04:34:38.525+0800][486.142s] GC(245) Pause Full (G1 Compaction Pause) 511M->511M(512M) 462.107ms
[2022-03-12T04:34:38.525+0800][486.142s] GC(245) User=2.86s Sys=0.02s Real=0.46s
[2022-03-12T04:34:38.525+0800][486.142s] Attempting maximum full compaction clearing soft references
[2022-03-12T04:34:38.525+0800][486.142s] GC(246) Using 8 workers of 8 for full compaction
[2022-03-12T04:34:38.525+0800][486.142s] GC(246) Pause Full (G1 Compaction Pause)
[2022-03-12T04:34:38.525+0800][486.143s] GC(246) Phase 1: Mark live objects
[2022-03-12T04:34:38.887+0800][486.502s] GC(246) Phase 1: Mark live objects 359.592ms
[2022-03-12T04:34:38.887+0800][486.502s] GC(246) Phase 2: Prepare for compaction
[2022-03-12T04:34:38.977+0800][486.592s] GC(246) Phase 2: Prepare for compaction 89.728ms
[2022-03-12T04:34:38.977+0800][486.592s] GC(246) Phase 3: Adjust pointers
[2022-03-12T04:34:39.092+0800][486.708s] GC(246) Phase 3: Adjust pointers 115.922ms
[2022-03-12T04:34:39.092+0800][486.708s] GC(246) Phase 4: Compact heap
[2022-03-12T04:34:39.166+0800][486.781s] GC(246) Phase 4: Compact heap 73.259ms
[2022-03-12T04:34:39.172+0800][486.787s] GC(246) Eden regions: 0->0(25)
[2022-03-12T04:34:39.172+0800][486.787s] GC(246) Survivor regions: 0->0(0)
[2022-03-12T04:34:39.172+0800][486.787s] GC(246) Old regions: 475->475
[2022-03-12T04:34:39.172+0800][486.787s] GC(246) Archive regions: 0->0
[2022-03-12T04:34:39.172+0800][486.787s] GC(246) Humongous regions: 37->37
[2022-03-12T04:34:39.172+0800][486.787s] GC(246) Metaspace: 49995K(50368K)->49995K(50368K) NonClass: 44020K(44224K)->44020K(44224K) Class: 5975K(6144K)->5975K(6144K)
[2022-03-12T04:34:39.172+0800][486.788s] GC(246) Pause Full (G1 Compaction Pause) 511M->511M(512M) 645.044ms
[2022-03-12T04:34:39.173+0800][486.788s] GC(246) User=4.00s Sys=0.02s Real=0.65s
[2022-03-12T04:34:39.173+0800][486.789s] GC(244) Concurrent Mark From Roots 1108.736ms
[2022-03-12T04:34:39.173+0800][486.789s] GC(247) Pause Young (Normal) (G1 Evacuation Pause)
[2022-03-12T04:34:39.173+0800][486.789s] GC(247) Using 8 workers of 8 for evacuation
[2022-03-12T04:34:39.174+0800][486.790s] GC(247)   Pre Evacuate Collection Set: 0.1ms
[2022-03-12T04:34:39.174+0800][486.790s] GC(247)   Merge Heap Roots: 0.1ms
[2022-03-12T04:34:39.174+0800][486.790s] GC(247)   Evacuate Collection Set: 0.3ms
[2022-03-12T04:34:39.174+0800][486.790s] GC(247)   Post Evacuate Collection Set: 0.3ms
[2022-03-12T04:34:39.174+0800][486.790s] GC(247)   Other: 0.2ms
[2022-03-12T04:34:39.174+0800][486.790s] GC(247) Eden regions: 0->0(25)
[2022-03-12T04:34:39.175+0800][486.790s] GC(247) Survivor regions: 0->0(0)
[2022-03-12T04:34:39.175+0800][486.790s] GC(247) Old regions: 475->475
[2022-03-12T04:34:39.175+0800][486.790s] GC(247) Archive regions: 0->0
[2022-03-12T04:34:39.175+0800][486.790s] GC(247) Humongous regions: 37->37
[2022-03-12T04:34:39.175+0800][486.790s] GC(247) Metaspace: 49995K(50368K)->49995K(50368K) NonClass: 44020K(44224K)->44020K(44224K) Class: 5975K(6144K)->5975K(6144K)
[2022-03-12T04:34:39.175+0800][486.790s] GC(247) Pause Young (Normal) (G1 Evacuation Pause) 511M->511M(512M) 1.274ms
[2022-03-12T04:34:39.175+0800][486.790s] GC(247) User=0.00s Sys=0.00s Real=0.00s
[2022-03-12T04:34:39.175+0800][486.790s] Attempting full compaction
[2022-03-12T04:34:39.175+0800][486.790s] GC(248) Using 8 workers of 8 for full compaction
[2022-03-12T04:34:39.175+0800][486.790s] GC(248) Pause Full (G1 Compaction Pause)
[2022-03-12T04:34:39.175+0800][486.790s] GC(248) Phase 1: Mark live objects
[2022-03-12T04:34:39.589+0800][487.204s] GC(248) Phase 1: Mark live objects 413.777ms
[2022-03-12T04:34:39.589+0800][487.204s] GC(248) Phase 2: Prepare for compaction
[2022-03-12T04:34:39.589+0800][487.205s] GC(248) Phase 2: Prepare for compaction 0.344ms
[2022-03-12T04:34:39.589+0800][487.205s] GC(248) Phase 3: Adjust pointers
[2022-03-12T04:34:39.693+0800][487.309s] GC(248) Phase 3: Adjust pointers 104.275ms
[2022-03-12T04:34:39.693+0800][487.309s] GC(248) Phase 4: Compact heap
[2022-03-12T04:34:39.694+0800][487.309s] GC(248) Phase 4: Compact heap 0.120ms
[2022-03-12T04:34:39.698+0800][487.313s] GC(248) Eden regions: 0->0(25)
[2022-03-12T04:34:39.698+0800][487.313s] GC(248) Survivor regions: 0->0(0)
[2022-03-12T04:34:39.698+0800][487.313s] GC(248) Old regions: 475->475
[2022-03-12T04:34:39.698+0800][487.313s] GC(248) Archive regions: 0->0
[2022-03-12T04:34:39.698+0800][487.313s] GC(248) Humongous regions: 37->37
[2022-03-12T04:34:39.698+0800][487.313s] GC(248) Metaspace: 49995K(50368K)->49995K(50368K) NonClass: 44020K(44224K)->44020K(44224K) Class: 5975K(6144K)->5975K(6144K)
[2022-03-12T04:34:39.698+0800][487.313s] GC(248) Pause Full (G1 Compaction Pause) 511M->511M(512M) 522.752ms
[2022-03-12T04:34:39.698+0800][487.313s] GC(248) User=3.83s Sys=0.00s Real=0.52s
[2022-03-12T04:34:39.698+0800][487.313s] Attempting maximum full compaction clearing soft references
[2022-03-12T04:34:39.698+0800][487.313s] GC(249) Using 8 workers of 8 for full compaction
[2022-03-12T04:34:39.698+0800][487.314s] GC(249) Pause Full (G1 Compaction Pause)
[2022-03-12T04:34:39.698+0800][487.314s] GC(249) Phase 1: Mark live objects
[2022-03-12T04:34:40.084+0800][487.699s] GC(249) Phase 1: Mark live objects 385.599ms
[2022-03-12T04:34:40.084+0800][487.699s] GC(249) Phase 2: Prepare for compaction
[2022-03-12T04:34:40.187+0800][487.802s] GC(249) Phase 2: Prepare for compaction 102.646ms
[2022-03-12T04:34:40.187+0800][487.802s] GC(249) Phase 3: Adjust pointers
[2022-03-12T04:34:40.297+0800][487.913s] GC(249) Phase 3: Adjust pointers 110.537ms
[2022-03-12T04:34:40.297+0800][487.913s] GC(249) Phase 4: Compact heap
[2022-03-12T04:34:40.365+0800][487.980s] GC(249) Phase 4: Compact heap 67.544ms
[2022-03-12T04:34:40.369+0800][487.985s] GC(249) Eden regions: 0->0(25)
[2022-03-12T04:34:40.369+0800][487.985s] GC(249) Survivor regions: 0->0(0)
[2022-03-12T04:34:40.369+0800][487.985s] GC(249) Old regions: 475->475
[2022-03-12T04:34:40.369+0800][487.985s] GC(249) Archive regions: 0->0
[2022-03-12T04:34:40.369+0800][487.985s] GC(249) Humongous regions: 37->37
[2022-03-12T04:34:40.369+0800][487.985s] GC(249) Metaspace: 49995K(50368K)->49995K(50368K) NonClass: 44020K(44224K)->44020K(44224K) Class: 5975K(6144K)->5975K(6144K)
[2022-03-12T04:34:40.369+0800][487.985s] GC(249) Pause Full (G1 Compaction Pause) 511M->511M(512M) 671.713ms
[2022-03-12T04:34:40.369+0800][487.986s] GC(249) User=3.72s Sys=0.00s Real=0.67s
[2022-03-12T04:34:40.369+0800][487.986s] GC(244) Concurrent Mark Abort
[2022-03-12T04:34:40.369+0800][487.986s] GC(244) Concurrent Mark Cycle 2306.541ms
[2022-03-12T04:34:40.369+0800][487.986s] GC(250) Pause Young (Normal) (G1 Evacuation Pause)
[2022-03-12T04:34:40.369+0800][487.986s] GC(250) Using 8 workers of 8 for evacuation
[2022-03-12T04:34:40.371+0800][487.987s] GC(250)   Pre Evacuate Collection Set: 0.1ms
[2022-03-12T04:34:40.372+0800][487.987s] GC(250)   Merge Heap Roots: 0.0ms
[2022-03-12T04:34:40.372+0800][487.987s] GC(250)   Evacuate Collection Set: 0.2ms
[2022-03-12T04:34:40.372+0800][487.987s] GC(250)   Post Evacuate Collection Set: 0.3ms
[2022-03-12T04:34:40.372+0800][487.987s] GC(250)   Other: 0.2ms
[2022-03-12T04:34:40.372+0800][487.987s] GC(250) Eden regions: 0->0(25)
[2022-03-12T04:34:40.372+0800][487.987s] GC(250) Survivor regions: 0->0(0)
[2022-03-12T04:34:40.372+0800][487.987s] GC(250) Old regions: 475->475
[2022-03-12T04:34:40.372+0800][487.987s] GC(250) Archive regions: 0->0
[2022-03-12T04:34:40.372+0800][487.987s] GC(250) Humongous regions: 37->37
[2022-03-12T04:34:40.372+0800][487.987s] GC(250) Metaspace: 49995K(50368K)->49995K(50368K) NonClass: 44020K(44224K)->44020K(44224K) Class: 5975K(6144K)->5975K(6144K)
[2022-03-12T04:34:40.372+0800][487.987s] GC(250) Pause Young (Normal) (G1 Evacuation Pause) 511M->511M(512M) 1.260ms
[2022-03-12T04:34:40.372+0800][487.987s] GC(250) User=0.00s Sys=0.00s Real=0.00s
[2022-03-12T04:34:40.372+0800][487.987s] Attempting full compaction
[2022-03-12T04:34:40.372+0800][487.988s] GC(251) Using 8 workers of 8 for full compaction
[2022-03-12T04:34:40.372+0800][487.988s] GC(251) Pause Full (G1 Compaction Pause)
[2022-03-12T04:34:40.372+0800][487.988s] GC(251) Phase 1: Mark live objects
[2022-03-12T04:34:40.806+0800][488.421s] GC(251) Phase 1: Mark live objects 433.190ms
[2022-03-12T04:34:40.806+0800][488.421s] GC(251) Phase 2: Prepare for compaction
[2022-03-12T04:34:40.806+0800][488.422s] GC(251) Phase 2: Prepare for compaction 0.718ms
[2022-03-12T04:34:40.806+0800][488.422s] GC(251) Phase 3: Adjust pointers
[2022-03-12T04:34:40.908+0800][488.524s] GC(251) Phase 3: Adjust pointers 101.827ms
[2022-03-12T04:34:40.909+0800][488.524s] GC(251) Phase 4: Compact heap
[2022-03-12T04:34:40.909+0800][488.524s] GC(251) Phase 4: Compact heap 0.098ms
[2022-03-12T04:34:40.911+0800][488.528s] GC(251) Eden regions: 0->0(25)
[2022-03-12T04:34:40.911+0800][488.528s] GC(251) Survivor regions: 0->0(0)
[2022-03-12T04:34:40.911+0800][488.528s] GC(251) Old regions: 475->475
[2022-03-12T04:34:40.911+0800][488.528s] GC(251) Archive regions: 0->0
[2022-03-12T04:34:40.911+0800][488.528s] GC(251) Humongous regions: 37->37
[2022-03-12T04:34:40.911+0800][488.528s] GC(251) Metaspace: 49995K(50368K)->49995K(50368K) NonClass: 44020K(44224K)->44020K(44224K) Class: 5975K(6144K)->5975K(6144K)
[2022-03-12T04:34:40.911+0800][488.528s] GC(251) Pause Full (G1 Compaction Pause) 511M->511M(512M) 540.531ms
[2022-03-12T04:34:40.911+0800][488.529s] GC(251) User=3.28s Sys=0.03s Real=0.54s
[2022-03-12T04:34:40.911+0800][488.529s] Attempting maximum full compaction clearing soft references
[2022-03-12T04:34:40.911+0800][488.529s] GC(252) Using 8 workers of 8 for full compaction
[2022-03-12T04:34:40.911+0800][488.529s] GC(252) Pause Full (G1 Compaction Pause)
[2022-03-12T04:34:40.911+0800][488.529s] GC(252) Phase 1: Mark live objects
[2022-03-12T04:34:41.292+0800][488.911s] GC(252) Phase 1: Mark live objects 381.618ms
[2022-03-12T04:34:41.292+0800][488.911s] GC(252) Phase 2: Prepare for compaction
[2022-03-12T04:34:41.391+0800][489.012s] GC(252) Phase 2: Prepare for compaction 101.159ms
[2022-03-12T04:34:41.391+0800][489.012s] GC(252) Phase 3: Adjust pointers
[2022-03-12T04:34:41.510+0800][489.131s] GC(252) Phase 3: Adjust pointers 118.712ms
[2022-03-12T04:34:41.510+0800][489.131s] GC(252) Phase 4: Compact heap
[2022-03-12T04:34:41.606+0800][489.224s] GC(252) Phase 4: Compact heap 93.296ms
[2022-03-12T04:34:41.614+0800][489.233s] GC(252) Eden regions: 0->0(25)
[2022-03-12T04:34:41.614+0800][489.233s] GC(252) Survivor regions: 0->0(0)
[2022-03-12T04:34:41.614+0800][489.233s] GC(252) Old regions: 475->475
[2022-03-12T04:34:41.614+0800][489.233s] GC(252) Archive regions: 0->0
[2022-03-12T04:34:41.614+0800][489.233s] GC(252) Humongous regions: 37->37
[2022-03-12T04:34:41.614+0800][489.233s] GC(252) Metaspace: 49995K(50368K)->49995K(50368K) NonClass: 44020K(44224K)->44020K(44224K) Class: 5975K(6144K)->5975K(6144K)
[2022-03-12T04:34:41.614+0800][489.233s] GC(252) Pause Full (G1 Compaction Pause) 511M->511M(512M) 704.078ms
[2022-03-12T04:34:41.614+0800][489.234s] GC(252) User=4.52s Sys=0.02s Real=0.70s
[2022-03-12T04:34:41.614+0800][489.234s] GC(253) Pause Young (Concurrent Start) (G1 Evacuation Pause)
[2022-03-12T04:34:41.614+0800][489.234s] GC(253) Using 8 workers of 8 for evacuation
[2022-03-12T04:34:41.621+0800][489.237s] GC(253)   Pre Evacuate Collection Set: 0.2ms
[2022-03-12T04:34:41.621+0800][489.237s] GC(253)   Merge Heap Roots: 0.1ms
[2022-03-12T04:34:41.621+0800][489.237s] GC(253)   Evacuate Collection Set: 1.2ms
[2022-03-12T04:34:41.621+0800][489.237s] GC(253)   Post Evacuate Collection Set: 0.5ms
[2022-03-12T04:34:41.621+0800][489.237s] GC(253)   Other: 0.3ms
[2022-03-12T04:34:41.621+0800][489.237s] GC(253) Eden regions: 0->0(25)
[2022-03-12T04:34:41.621+0800][489.237s] GC(253) Survivor regions: 0->0(0)
[2022-03-12T04:34:41.621+0800][489.237s] GC(253) Old regions: 475->475
[2022-03-12T04:34:41.621+0800][489.237s] GC(253) Archive regions: 0->0
[2022-03-12T04:34:41.621+0800][489.237s] GC(253) Humongous regions: 37->37
[2022-03-12T04:34:41.621+0800][489.237s] GC(253) Metaspace: 49995K(50368K)->49995K(50368K) NonClass: 44020K(44224K)->44020K(44224K) Class: 5975K(6144K)->5975K(6144K)
[2022-03-12T04:34:41.621+0800][489.237s] GC(253) Pause Young (Concurrent Start) (G1 Evacuation Pause) 511M->511M(512M) 2.642ms
[2022-03-12T04:34:41.621+0800][489.237s] GC(253) User=0.00s Sys=0.00s Real=0.01s
[2022-03-12T04:34:41.622+0800][489.237s] Attempting full compaction
[2022-03-12T04:34:41.622+0800][489.237s] GC(254) Concurrent Mark Cycle
[2022-03-12T04:34:41.622+0800][489.237s] GC(255) Using 8 workers of 8 for full compaction
[2022-03-12T04:34:41.622+0800][489.237s] GC(254) Concurrent Clear Claimed Marks
[2022-03-12T04:34:41.622+0800][489.238s] GC(254) Concurrent Clear Claimed Marks 0.305ms
[2022-03-12T04:34:41.622+0800][489.238s] GC(254) Concurrent Scan Root Regions
[2022-03-12T04:34:41.622+0800][489.238s] GC(254) Concurrent Scan Root Regions 0.042ms
[2022-03-12T04:34:41.622+0800][489.238s] GC(255) Pause Full (G1 Compaction Pause)
[2022-03-12T04:34:41.622+0800][489.238s] GC(254) Concurrent Mark
[2022-03-12T04:34:41.622+0800][489.238s] GC(254) Concurrent Mark From Roots
[2022-03-12T04:34:41.622+0800][489.238s] GC(254) Using 2 workers of 2 for marking
[2022-03-12T04:34:41.622+0800][489.238s] GC(255) Phase 1: Mark live objects
[2022-03-12T04:34:42.089+0800][489.705s] GC(255) Phase 1: Mark live objects 466.366ms
[2022-03-12T04:34:42.089+0800][489.705s] GC(255) Phase 2: Prepare for compaction
[2022-03-12T04:34:42.089+0800][489.706s] GC(255) Phase 2: Prepare for compaction 1.441ms
[2022-03-12T04:34:42.089+0800][489.706s] GC(255) Phase 3: Adjust pointers
[2022-03-12T04:34:42.188+0800][489.804s] GC(255) Phase 3: Adjust pointers 97.484ms
[2022-03-12T04:34:42.188+0800][489.804s] GC(255) Phase 4: Compact heap
[2022-03-12T04:34:42.188+0800][489.804s] GC(255) Phase 4: Compact heap 0.336ms
[2022-03-12T04:34:42.191+0800][489.812s] GC(255) Eden regions: 0->0(25)
[2022-03-12T04:34:42.191+0800][489.812s] GC(255) Survivor regions: 0->0(0)
[2022-03-12T04:34:42.191+0800][489.812s] GC(255) Old regions: 475->475
[2022-03-12T04:34:42.191+0800][489.812s] GC(255) Archive regions: 0->0
[2022-03-12T04:34:42.191+0800][489.812s] GC(255) Humongous regions: 37->37
[2022-03-12T04:34:42.191+0800][489.812s] GC(255) Metaspace: 49995K(50368K)->49995K(50368K) NonClass: 44020K(44224K)->44020K(44224K) Class: 5975K(6144K)->5975K(6144K)
[2022-03-12T04:34:42.191+0800][489.812s] GC(255) Pause Full (G1 Compaction Pause) 511M->511M(512M) 574.240ms
[2022-03-12T04:34:42.191+0800][489.812s] GC(255) User=3.62s Sys=0.00s Real=0.57s
[2022-03-12T04:34:42.191+0800][489.813s] Attempting maximum full compaction clearing soft references
[2022-03-12T04:34:42.191+0800][489.813s] GC(256) Using 8 workers of 8 for full compaction
[2022-03-12T04:34:42.191+0800][489.813s] GC(256) Pause Full (G1 Compaction Pause)
[2022-03-12T04:34:42.191+0800][489.813s] GC(256) Phase 1: Mark live objects
[2022-03-12T04:34:42.616+0800][490.232s] GC(256) Phase 1: Mark live objects 419.201ms
[2022-03-12T04:34:42.616+0800][490.232s] GC(256) Phase 2: Prepare for compaction
[2022-03-12T04:34:42.711+0800][490.331s] GC(256) Phase 2: Prepare for compaction 98.564ms
[2022-03-12T04:34:42.711+0800][490.331s] GC(256) Phase 3: Adjust pointers
[2022-03-12T04:34:42.850+0800][490.469s] GC(256) Phase 3: Adjust pointers 137.920ms
[2022-03-12T04:34:42.850+0800][490.469s] GC(256) Phase 4: Compact heap
[2022-03-12T04:34:42.958+0800][490.574s] GC(256) Phase 4: Compact heap 105.205ms
[2022-03-12T04:34:42.966+0800][490.581s] GC(256) Eden regions: 0->0(25)
[2022-03-12T04:34:42.966+0800][490.582s] GC(256) Survivor regions: 0->0(0)
[2022-03-12T04:34:42.966+0800][490.582s] GC(256) Old regions: 475->475
[2022-03-12T04:34:42.966+0800][490.582s] GC(256) Archive regions: 0->0
[2022-03-12T04:34:42.966+0800][490.582s] GC(256) Humongous regions: 37->37
[2022-03-12T04:34:42.966+0800][490.582s] GC(256) Metaspace: 49995K(50368K)->49995K(50368K) NonClass: 44020K(44224K)->44020K(44224K) Class: 5975K(6144K)->5975K(6144K)
[2022-03-12T04:34:42.966+0800][490.582s] GC(256) Pause Full (G1 Compaction Pause) 511M->511M(512M) 769.029ms
[2022-03-12T04:34:42.966+0800][490.582s] GC(256) User=4.61s Sys=0.00s Real=0.78s
[2022-03-12T04:34:42.966+0800][490.583s] GC(254) Concurrent Mark From Roots 1344.695ms
[2022-03-12T04:34:42.966+0800][490.583s] GC(254) Concurrent Mark Abort
[2022-03-12T04:34:42.966+0800][490.583s] GC(254) Concurrent Mark Cycle 1345.550ms
[2022-03-12T04:34:42.966+0800][490.583s] GC(257) Pause Young (Normal) (G1 Evacuation Pause)
[2022-03-12T04:34:42.966+0800][490.583s] GC(257) Using 8 workers of 8 for evacuation
[2022-03-12T04:34:42.966+0800][490.584s] GC(257)   Pre Evacuate Collection Set: 0.2ms
[2022-03-12T04:34:42.966+0800][490.585s] GC(257)   Merge Heap Roots: 0.1ms
[2022-03-12T04:34:42.966+0800][490.585s] GC(257)   Evacuate Collection Set: 0.4ms
[2022-03-12T04:34:42.966+0800][490.585s] GC(257)   Post Evacuate Collection Set: 0.6ms
[2022-03-12T04:34:42.966+0800][490.585s] GC(257)   Other: 0.3ms
[2022-03-12T04:34:42.966+0800][490.585s] GC(257) Eden regions: 0->0(25)
[2022-03-12T04:34:42.966+0800][490.585s] GC(257) Survivor regions: 0->0(0)
[2022-03-12T04:34:42.966+0800][490.585s] GC(257) Old regions: 475->475
[2022-03-12T04:34:42.966+0800][490.585s] GC(257) Archive regions: 0->0
[2022-03-12T04:34:42.966+0800][490.585s] GC(257) Humongous regions: 37->37
[2022-03-12T04:34:42.966+0800][490.585s] GC(257) Metaspace: 49995K(50368K)->49995K(50368K) NonClass: 44020K(44224K)->44020K(44224K) Class: 5975K(6144K)->5975K(6144K)
[2022-03-12T04:34:42.966+0800][490.585s] GC(257) Pause Young (Normal) (G1 Evacuation Pause) 511M->511M(512M) 1.987ms
[2022-03-12T04:34:42.966+0800][490.585s] GC(257) User=0.00s Sys=0.00s Real=0.00s
[2022-03-12T04:34:42.966+0800][490.585s] Attempting full compaction
[2022-03-12T04:34:42.966+0800][490.585s] GC(258) Using 8 workers of 8 for full compaction
[2022-03-12T04:34:42.966+0800][490.585s] GC(258) Pause Full (G1 Compaction Pause)
[2022-03-12T04:34:42.966+0800][490.585s] GC(258) Phase 1: Mark live objects
[2022-03-12T04:34:43.365+0800][490.980s] GC(258) Phase 1: Mark live objects 394.769ms
[2022-03-12T04:34:43.365+0800][490.980s] GC(258) Phase 2: Prepare for compaction
[2022-03-12T04:34:43.366+0800][490.982s] GC(258) Phase 2: Prepare for compaction 1.755ms
[2022-03-12T04:34:43.366+0800][490.982s] GC(258) Phase 3: Adjust pointers
[2022-03-12T04:34:43.452+0800][491.073s] GC(258) Phase 3: Adjust pointers 90.561ms
[2022-03-12T04:34:43.452+0800][491.073s] GC(258) Phase 4: Compact heap
[2022-03-12T04:34:43.459+0800][491.074s] GC(258) Phase 4: Compact heap 0.993ms
[2022-03-12T04:34:43.460+0800][491.080s] GC(258) Eden regions: 0->0(25)
[2022-03-12T04:34:43.460+0800][491.080s] GC(258) Survivor regions: 0->0(0)
[2022-03-12T04:34:43.460+0800][491.080s] GC(258) Old regions: 475->447
[2022-03-12T04:34:43.460+0800][491.080s] GC(258) Archive regions: 0->0
[2022-03-12T04:34:43.460+0800][491.080s] GC(258) Humongous regions: 37->27
[2022-03-12T04:34:43.460+0800][491.080s] GC(258) Metaspace: 49995K(50368K)->49995K(50368K) NonClass: 44020K(44224K)->44020K(44224K) Class: 5975K(6144K)->5975K(6144K)
[2022-03-12T04:34:43.460+0800][491.080s] GC(258) Pause Full (G1 Compaction Pause) 511M->471M(512M) 494.503ms
[2022-03-12T04:34:43.460+0800][491.080s] GC(258) User=3.19s Sys=0.03s Real=0.49s
[2022-03-12T04:35:08.525+0800][516.140s] Heap
[2022-03-12T04:35:08.525+0800][516.140s]  garbage-first heap   total 524288K, used 489957K [0x00000000e0000000, 0x0000000100000000)
[2022-03-12T04:35:08.525+0800][516.140s]   region size 1024K, 7 young (7168K), 0 survivors (0K)
[2022-03-12T04:35:08.525+0800][516.140s]  Metaspace       used 50293K, committed 50560K, reserved 1097728K
[2022-03-12T04:35:08.525+0800][516.140s]   class space    used 6024K, committed 6144K, reserved 1048576K
