[2022-03-28T17:50:10.309+0800][0.012s] Using G1
[2022-03-28T17:50:10.408+0800][0.120s] Version: 17.0.2+8-LTS-86 (release)
[2022-03-28T17:50:10.408+0800][0.120s] CPUs: 8 total, 8 available
[2022-03-28T17:50:10.408+0800][0.121s] Memory: 16075M
[2022-03-28T17:50:10.408+0800][0.121s] Large Page Support: Disabled
[2022-03-28T17:50:10.408+0800][0.121s] NUMA Support: Disabled
[2022-03-28T17:50:10.408+0800][0.121s] Compressed Oops: Enabled (32-bit)
[2022-03-28T17:50:10.408+0800][0.121s] Heap Region Size: 1M
[2022-03-28T17:50:10.408+0800][0.121s] Heap Min Capacity: 512M
[2022-03-28T17:50:10.408+0800][0.121s] Heap Initial Capacity: 512M
[2022-03-28T17:50:10.408+0800][0.121s] Heap Max Capacity: 512M
[2022-03-28T17:50:10.408+0800][0.121s] Pre-touch: Enabled
[2022-03-28T17:50:10.408+0800][0.121s] Parallel Workers: 8
[2022-03-28T17:50:10.408+0800][0.121s] Concurrent Workers: 2
[2022-03-28T17:50:10.408+0800][0.121s] Concurrent Refinement Workers: 8
[2022-03-28T17:50:10.408+0800][0.121s] Periodic GC: Disabled
[2022-03-28T17:50:10.408+0800][0.121s] CDS archive(s) mapped at: [0x0000000800000000-0x0000000800bc0000-0x0000000800bc0000), size 12320768, SharedBaseAddress: 0x0000000800000000, ArchiveRelocationMode: 0.
[2022-03-28T17:50:10.408+0800][0.121s] Compressed class space mapped at: 0x0000000800c00000-0x0000000840c00000, reserved size: 1073741824
[2022-03-28T17:50:10.408+0800][0.121s] Narrow klass base: 0x0000000800000000, Narrow klass shift: 0, Narrow klass range: 0x100000000
[2022-03-28T17:50:11.111+0800][0.822s] GC(0) Pause Young (Normal) (G1 Evacuation Pause)
[2022-03-28T17:50:11.111+0800][0.822s] GC(0) Using 8 workers of 8 for evacuation
[2022-03-28T17:50:11.111+0800][0.825s] GC(0)   Pre Evacuate Collection Set: 0.1ms
[2022-03-28T17:50:11.111+0800][0.825s] GC(0)   Merge Heap Roots: 0.0ms
[2022-03-28T17:50:11.111+0800][0.825s] GC(0)   Evacuate Collection Set: 2.5ms
[2022-03-28T17:50:11.111+0800][0.825s] GC(0)   Post Evacuate Collection Set: 0.3ms
[2022-03-28T17:50:11.111+0800][0.825s] GC(0)   Other: 0.4ms
[2022-03-28T17:50:11.111+0800][0.825s] GC(0) Eden regions: 29->0(40)
[2022-03-28T17:50:11.111+0800][0.825s] GC(0) Survivor regions: 0->4(4)
[2022-03-28T17:50:11.111+0800][0.825s] GC(0) Old regions: 0->1
[2022-03-28T17:50:11.111+0800][0.825s] GC(0) Archive regions: 0->0
[2022-03-28T17:50:11.111+0800][0.825s] GC(0) Humongous regions: 0->0
[2022-03-28T17:50:11.111+0800][0.825s] GC(0) Metaspace: 9415K(9600K)->9415K(9600K) NonClass: 8321K(8448K)->8321K(8448K) Class: 1093K(1152K)->1093K(1152K)
[2022-03-28T17:50:11.111+0800][0.825s] GC(0) Pause Young (Normal) (G1 Evacuation Pause) 29M->4M(512M) 3.330ms
[2022-03-28T17:50:11.111+0800][0.825s] GC(0) User=0.00s Sys=0.00s Real=0.00s
[2022-03-28T17:50:11.640+0800][1.345s] GC(1) Pause Young (Normal) (G1 Evacuation Pause)
[2022-03-28T17:50:11.640+0800][1.345s] GC(1) Using 8 workers of 8 for evacuation
[2022-03-28T17:50:11.640+0800][1.352s] GC(1)   Pre Evacuate Collection Set: 0.1ms
[2022-03-28T17:50:11.640+0800][1.352s] GC(1)   Merge Heap Roots: 0.0ms
[2022-03-28T17:50:11.640+0800][1.352s] GC(1)   Evacuate Collection Set: 6.3ms
[2022-03-28T17:50:11.640+0800][1.352s] GC(1)   Post Evacuate Collection Set: 0.4ms
[2022-03-28T17:50:11.640+0800][1.352s] GC(1)   Other: 0.1ms
[2022-03-28T17:50:11.640+0800][1.352s] GC(1) Eden regions: 38->0(59)
[2022-03-28T17:50:11.640+0800][1.352s] GC(1) Survivor regions: 4->6(6)
[2022-03-28T17:50:11.640+0800][1.352s] GC(1) Old regions: 1->10
[2022-03-28T17:50:11.640+0800][1.352s] GC(1) Archive regions: 0->0
[2022-03-28T17:50:11.640+0800][1.352s] GC(1) Humongous regions: 4->4
[2022-03-28T17:50:11.640+0800][1.352s] GC(1) Metaspace: 15608K(15808K)->15608K(15808K) NonClass: 13786K(13888K)->13786K(13888K) Class: 1822K(1920K)->1822K(1920K)
[2022-03-28T17:50:11.640+0800][1.353s] GC(1) Pause Young (Normal) (G1 Evacuation Pause) 46M->19M(512M) 7.039ms
[2022-03-28T17:50:11.640+0800][1.353s] GC(1) User=0.00s Sys=0.00s Real=0.00s
[2022-03-28T17:50:12.056+0800][1.765s] GC(2) Pause Young (Concurrent Start) (Metadata GC Threshold)
[2022-03-28T17:50:12.056+0800][1.765s] GC(2) Using 8 workers of 8 for evacuation
[2022-03-28T17:50:12.066+0800][1.768s] GC(2)   Pre Evacuate Collection Set: 0.0ms
[2022-03-28T17:50:12.066+0800][1.768s] GC(2)   Merge Heap Roots: 0.0ms
[2022-03-28T17:50:12.066+0800][1.768s] GC(2)   Evacuate Collection Set: 2.5ms
[2022-03-28T17:50:12.066+0800][1.768s] GC(2)   Post Evacuate Collection Set: 0.4ms
[2022-03-28T17:50:12.066+0800][1.768s] GC(2)   Other: 0.3ms
[2022-03-28T17:50:12.066+0800][1.768s] GC(2) Eden regions: 52->0(145)
[2022-03-28T17:50:12.066+0800][1.768s] GC(2) Survivor regions: 6->6(9)
[2022-03-28T17:50:12.066+0800][1.768s] GC(2) Old regions: 10->16
[2022-03-28T17:50:12.066+0800][1.768s] GC(2) Archive regions: 0->0
[2022-03-28T17:50:12.066+0800][1.768s] GC(2) Humongous regions: 4->4
[2022-03-28T17:50:12.066+0800][1.768s] GC(2) Metaspace: 21212K(21504K)->21212K(21504K) NonClass: 18818K(18944K)->18818K(18944K) Class: 2394K(2560K)->2394K(2560K)
[2022-03-28T17:50:12.066+0800][1.768s] GC(2) Pause Young (Concurrent Start) (Metadata GC Threshold) 70M->24M(512M) 3.424ms
[2022-03-28T17:50:12.066+0800][1.768s] GC(2) User=0.00s Sys=0.02s Real=0.01s
[2022-03-28T17:50:12.066+0800][1.768s] GC(3) Concurrent Mark Cycle
[2022-03-28T17:50:12.066+0800][1.768s] GC(3) Concurrent Clear Claimed Marks
[2022-03-28T17:50:12.066+0800][1.768s] GC(3) Concurrent Clear Claimed Marks 0.018ms
[2022-03-28T17:50:12.066+0800][1.768s] GC(3) Concurrent Scan Root Regions
[2022-03-28T17:50:12.068+0800][1.770s] GC(3) Concurrent Scan Root Regions 1.907ms
[2022-03-28T17:50:12.068+0800][1.770s] GC(3) Concurrent Mark
[2022-03-28T17:50:12.068+0800][1.770s] GC(3) Concurrent Mark From Roots
[2022-03-28T17:50:12.068+0800][1.770s] GC(3) Using 2 workers of 2 for marking
[2022-03-28T17:50:12.068+0800][1.779s] GC(3) Concurrent Mark From Roots 8.345ms
[2022-03-28T17:50:12.068+0800][1.779s] GC(3) Concurrent Preclean
[2022-03-28T17:50:12.068+0800][1.779s] GC(3) Concurrent Preclean 0.065ms
[2022-03-28T17:50:12.068+0800][1.779s] GC(3) Pause Remark
[2022-03-28T17:50:12.078+0800][1.780s] GC(3) Pause Remark 26M->26M(512M) 1.049ms
[2022-03-28T17:50:12.078+0800][1.780s] GC(3) User=0.03s Sys=0.02s Real=0.01s
[2022-03-28T17:50:12.078+0800][1.780s] GC(3) Concurrent Mark 9.660ms
[2022-03-28T17:50:12.078+0800][1.780s] GC(3) Concurrent Rebuild Remembered Sets
[2022-03-28T17:50:12.079+0800][1.785s] GC(3) Concurrent Rebuild Remembered Sets 5.032ms
[2022-03-28T17:50:12.079+0800][1.785s] GC(3) Pause Cleanup
[2022-03-28T17:50:12.079+0800][1.785s] GC(3) Pause Cleanup 27M->27M(512M) 0.065ms
[2022-03-28T17:50:12.079+0800][1.785s] GC(3) User=0.00s Sys=0.00s Real=0.00s
[2022-03-28T17:50:12.079+0800][1.785s] GC(3) Concurrent Cleanup for Next Mark
[2022-03-28T17:50:12.079+0800][1.785s] GC(3) Concurrent Cleanup for Next Mark 0.198ms
[2022-03-28T17:50:12.079+0800][1.785s] GC(3) Concurrent Mark Cycle 17.217ms
[2022-03-28T17:50:13.317+0800][3.023s] GC(4) Pause Young (Prepare Mixed) (Metadata GC Threshold)
[2022-03-28T17:50:13.317+0800][3.023s] GC(4) Using 8 workers of 8 for evacuation
[2022-03-28T17:50:13.325+0800][3.027s] GC(4)   Pre Evacuate Collection Set: 0.0ms
[2022-03-28T17:50:13.325+0800][3.027s] GC(4)   Merge Heap Roots: 0.0ms
[2022-03-28T17:50:13.325+0800][3.027s] GC(4)   Evacuate Collection Set: 2.9ms
[2022-03-28T17:50:13.325+0800][3.027s] GC(4)   Post Evacuate Collection Set: 0.4ms
[2022-03-28T17:50:13.325+0800][3.027s] GC(4)   Other: 0.1ms
[2022-03-28T17:50:13.325+0800][3.027s] GC(4) Eden regions: 92->0(13)
[2022-03-28T17:50:13.325+0800][3.027s] GC(4) Survivor regions: 6->12(22)
[2022-03-28T17:50:13.325+0800][3.027s] GC(4) Old regions: 16->16
[2022-03-28T17:50:13.325+0800][3.027s] GC(4) Archive regions: 0->0
[2022-03-28T17:50:13.325+0800][3.027s] GC(4) Humongous regions: 5->4
[2022-03-28T17:50:13.325+0800][3.027s] GC(4) Metaspace: 35928K(36288K)->35928K(36288K) NonClass: 31711K(31872K)->31711K(31872K) Class: 4216K(4416K)->4216K(4416K)
[2022-03-28T17:50:13.325+0800][3.027s] GC(4) Pause Young (Prepare Mixed) (Metadata GC Threshold) 117M->31M(512M) 3.637ms
[2022-03-28T17:50:13.325+0800][3.027s] GC(4) User=0.03s Sys=0.00s Real=0.01s
[2022-03-28T17:50:13.370+0800][3.077s] GC(5) Pause Young (Mixed) (Metadata GC Threshold)
[2022-03-28T17:50:13.370+0800][3.077s] GC(5) Using 8 workers of 8 for evacuation
[2022-03-28T17:50:13.370+0800][3.080s] GC(5)   Pre Evacuate Collection Set: 0.0ms
[2022-03-28T17:50:13.370+0800][3.080s] GC(5)   Merge Heap Roots: 0.0ms
[2022-03-28T17:50:13.370+0800][3.080s] GC(5)   Evacuate Collection Set: 2.6ms
[2022-03-28T17:50:13.370+0800][3.080s] GC(5)   Post Evacuate Collection Set: 0.2ms
[2022-03-28T17:50:13.370+0800][3.080s] GC(5)   Other: 0.1ms
[2022-03-28T17:50:13.370+0800][3.080s] GC(5) Eden regions: 4->0(306)
[2022-03-28T17:50:13.370+0800][3.080s] GC(5) Survivor regions: 12->1(4)
[2022-03-28T17:50:13.370+0800][3.080s] GC(5) Old regions: 16->27
[2022-03-28T17:50:13.370+0800][3.080s] GC(5) Archive regions: 0->0
[2022-03-28T17:50:13.370+0800][3.080s] GC(5) Humongous regions: 4->4
[2022-03-28T17:50:13.370+0800][3.080s] GC(5) Metaspace: 36304K(36608K)->36304K(36608K) NonClass: 32036K(32192K)->32036K(32192K) Class: 4267K(4416K)->4267K(4416K)
[2022-03-28T17:50:13.370+0800][3.080s] GC(5) Pause Young (Mixed) (Metadata GC Threshold) 34M->31M(512M) 3.109ms
[2022-03-28T17:50:13.370+0800][3.080s] GC(5) User=0.00s Sys=0.00s Real=0.00s
[2022-03-28T17:50:13.386+0800][3.097s] GC(6) Pause Young (Concurrent Start) (Metadata GC Threshold)
[2022-03-28T17:50:13.386+0800][3.097s] GC(6) Using 8 workers of 8 for evacuation
[2022-03-28T17:50:13.397+0800][3.098s] GC(6)   Pre Evacuate Collection Set: 0.1ms
[2022-03-28T17:50:13.397+0800][3.098s] GC(6)   Merge Heap Roots: 0.0ms
[2022-03-28T17:50:13.397+0800][3.098s] GC(6)   Evacuate Collection Set: 0.8ms
[2022-03-28T17:50:13.397+0800][3.098s] GC(6)   Post Evacuate Collection Set: 0.2ms
[2022-03-28T17:50:13.397+0800][3.098s] GC(6)   Other: 0.2ms
[2022-03-28T17:50:13.397+0800][3.098s] GC(6) Eden regions: 4->0(306)
[2022-03-28T17:50:13.397+0800][3.098s] GC(6) Survivor regions: 1->1(39)
[2022-03-28T17:50:13.397+0800][3.098s] GC(6) Old regions: 27->27
[2022-03-28T17:50:13.397+0800][3.098s] GC(6) Archive regions: 0->0
[2022-03-28T17:50:13.397+0800][3.098s] GC(6) Humongous regions: 4->4
[2022-03-28T17:50:13.397+0800][3.098s] GC(6) Metaspace: 36575K(36928K)->36575K(36928K) NonClass: 32265K(32448K)->32265K(32448K) Class: 4309K(4480K)->4309K(4480K)
[2022-03-28T17:50:13.397+0800][3.098s] GC(6) Pause Young (Concurrent Start) (Metadata GC Threshold) 35M->31M(512M) 1.355ms
[2022-03-28T17:50:13.397+0800][3.098s] GC(6) User=0.00s Sys=0.00s Real=0.01s
[2022-03-28T17:50:13.397+0800][3.098s] GC(7) Concurrent Mark Cycle
[2022-03-28T17:50:13.397+0800][3.098s] GC(7) Concurrent Clear Claimed Marks
[2022-03-28T17:50:13.397+0800][3.098s] GC(7) Concurrent Clear Claimed Marks 0.019ms
[2022-03-28T17:50:13.397+0800][3.098s] GC(7) Concurrent Scan Root Regions
[2022-03-28T17:50:13.398+0800][3.099s] GC(7) Concurrent Scan Root Regions 0.709ms
[2022-03-28T17:50:13.398+0800][3.099s] GC(7) Concurrent Mark
[2022-03-28T17:50:13.398+0800][3.099s] GC(7) Concurrent Mark From Roots
[2022-03-28T17:50:13.398+0800][3.099s] GC(7) Using 2 workers of 2 for marking
[2022-03-28T17:50:13.417+0800][3.118s] GC(7) Concurrent Mark From Roots 19.200ms
[2022-03-28T17:50:13.417+0800][3.118s] GC(7) Concurrent Preclean
[2022-03-28T17:50:13.417+0800][3.119s] GC(7) Concurrent Preclean 0.155ms
[2022-03-28T17:50:13.417+0800][3.119s] GC(7) Pause Remark
[2022-03-28T17:50:13.418+0800][3.120s] GC(7) Pause Remark 33M->33M(512M) 1.198ms
[2022-03-28T17:50:13.418+0800][3.120s] GC(7) User=0.00s Sys=0.00s Real=0.00s
[2022-03-28T17:50:13.418+0800][3.120s] GC(7) Concurrent Mark 20.771ms
[2022-03-28T17:50:13.418+0800][3.120s] GC(7) Concurrent Rebuild Remembered Sets
[2022-03-28T17:50:13.423+0800][3.129s] GC(7) Concurrent Rebuild Remembered Sets 8.814ms
[2022-03-28T17:50:13.423+0800][3.129s] GC(7) Pause Cleanup
[2022-03-28T17:50:13.423+0800][3.129s] GC(7) Pause Cleanup 34M->34M(512M) 0.069ms
[2022-03-28T17:50:13.423+0800][3.129s] GC(7) User=0.00s Sys=0.00s Real=0.00s
[2022-03-28T17:50:13.423+0800][3.129s] GC(7) Concurrent Cleanup for Next Mark
[2022-03-28T17:50:13.423+0800][3.129s] GC(7) Concurrent Cleanup for Next Mark 0.216ms
[2022-03-28T17:50:13.423+0800][3.129s] GC(7) Concurrent Mark Cycle 30.875ms
[2022-03-28T17:50:28.691+0800][18.392s] GC(8) Pause Young (Normal) (G1 Evacuation Pause)
[2022-03-28T17:50:28.691+0800][18.392s] GC(8) Using 8 workers of 8 for evacuation
[2022-03-28T17:50:28.774+0800][18.476s] GC(8) To-space exhausted
[2022-03-28T17:50:28.774+0800][18.476s] GC(8)   Pre Evacuate Collection Set: 0.1ms
[2022-03-28T17:50:28.774+0800][18.476s] GC(8)   Merge Heap Roots: 0.5ms
[2022-03-28T17:50:28.774+0800][18.476s] GC(8)   Evacuate Collection Set: 75.9ms
[2022-03-28T17:50:28.775+0800][18.476s] GC(8)   Post Evacuate Collection Set: 7.2ms
[2022-03-28T17:50:28.775+0800][18.476s] GC(8)   Other: 0.3ms
[2022-03-28T17:50:28.775+0800][18.476s] GC(8) Eden regions: 297->0(110)
[2022-03-28T17:50:28.775+0800][18.476s] GC(8) Survivor regions: 1->38(38)
[2022-03-28T17:50:28.775+0800][18.476s] GC(8) Old regions: 27->164
[2022-03-28T17:50:28.775+0800][18.476s] GC(8) Archive regions: 0->0
[2022-03-28T17:50:28.775+0800][18.476s] GC(8) Humongous regions: 80->29
[2022-03-28T17:50:28.775+0800][18.476s] GC(8) Metaspace: 48211K(48512K)->48211K(48512K) NonClass: 42417K(42560K)->42417K(42560K) Class: 5793K(5952K)->5793K(5952K)
[2022-03-28T17:50:28.775+0800][18.476s] GC(8) Pause Young (Normal) (G1 Evacuation Pause) 404M->231M(512M) 84.073ms
[2022-03-28T17:50:28.775+0800][18.476s] GC(8) User=0.47s Sys=0.00s Real=0.08s
[2022-03-28T17:50:44.342+0800][34.044s] GC(9) Pause Young (Normal) (G1 Evacuation Pause)
[2022-03-28T17:50:44.342+0800][34.044s] GC(9) Using 8 workers of 8 for evacuation
[2022-03-28T17:50:44.386+0800][34.087s] GC(9)   Pre Evacuate Collection Set: 0.1ms
[2022-03-28T17:50:44.386+0800][34.087s] GC(9)   Merge Heap Roots: 0.1ms
[2022-03-28T17:50:44.386+0800][34.087s] GC(9)   Evacuate Collection Set: 42.3ms
[2022-03-28T17:50:44.386+0800][34.087s] GC(9)   Post Evacuate Collection Set: 0.4ms
[2022-03-28T17:50:44.386+0800][34.087s] GC(9)   Other: 0.1ms
[2022-03-28T17:50:44.386+0800][34.087s] GC(9) Eden regions: 107->0(91)
[2022-03-28T17:50:44.386+0800][34.088s] GC(9) Survivor regions: 38->19(19)
[2022-03-28T17:50:44.386+0800][34.088s] GC(9) Old regions: 164->226
[2022-03-28T17:50:44.386+0800][34.088s] GC(9) Archive regions: 0->0
[2022-03-28T17:50:44.386+0800][34.088s] GC(9) Humongous regions: 55->40
[2022-03-28T17:50:44.386+0800][34.088s] GC(9) Metaspace: 49316K(49664K)->49316K(49664K) NonClass: 43426K(43584K)->43426K(43584K) Class: 5889K(6080K)->5889K(6080K)
[2022-03-28T17:50:44.386+0800][34.088s] GC(9) Pause Young (Normal) (G1 Evacuation Pause) 364M->285M(512M) 43.310ms
[2022-03-28T17:50:44.386+0800][34.088s] GC(9) User=0.38s Sys=0.00s Real=0.04s
[2022-03-28T17:50:44.444+0800][34.146s] GC(10) Pause Young (Concurrent Start) (G1 Humongous Allocation)
[2022-03-28T17:50:44.444+0800][34.146s] GC(10) Using 8 workers of 8 for evacuation
[2022-03-28T17:50:44.473+0800][34.175s] GC(10)   Pre Evacuate Collection Set: 0.1ms
[2022-03-28T17:50:44.473+0800][34.175s] GC(10)   Merge Heap Roots: 0.2ms
[2022-03-28T17:50:44.474+0800][34.175s] GC(10)   Evacuate Collection Set: 28.1ms
[2022-03-28T17:50:44.474+0800][34.175s] GC(10)   Post Evacuate Collection Set: 0.4ms
[2022-03-28T17:50:44.474+0800][34.175s] GC(10)   Other: 0.3ms
[2022-03-28T17:50:44.474+0800][34.175s] GC(10) Eden regions: 33->0(72)
[2022-03-28T17:50:44.474+0800][34.175s] GC(10) Survivor regions: 19->14(14)
[2022-03-28T17:50:44.474+0800][34.175s] GC(10) Old regions: 226->252
[2022-03-28T17:50:44.474+0800][34.175s] GC(10) Archive regions: 0->0
[2022-03-28T17:50:44.474+0800][34.175s] GC(10) Humongous regions: 40->40
[2022-03-28T17:50:44.474+0800][34.175s] GC(10) Metaspace: 49316K(49664K)->49316K(49664K) NonClass: 43426K(43584K)->43426K(43584K) Class: 5889K(6080K)->5889K(6080K)
[2022-03-28T17:50:44.474+0800][34.175s] GC(10) Pause Young (Concurrent Start) (G1 Humongous Allocation) 318M->306M(512M) 29.372ms
[2022-03-28T17:50:44.474+0800][34.176s] GC(10) User=0.22s Sys=0.00s Real=0.03s
[2022-03-28T17:50:44.474+0800][34.176s] GC(11) Concurrent Mark Cycle
[2022-03-28T17:50:44.474+0800][34.176s] GC(11) Concurrent Clear Claimed Marks
[2022-03-28T17:50:44.474+0800][34.176s] GC(11) Concurrent Clear Claimed Marks 0.032ms
[2022-03-28T17:50:44.474+0800][34.176s] GC(11) Concurrent Scan Root Regions
[2022-03-28T17:50:44.490+0800][34.191s] GC(11) Concurrent Scan Root Regions 15.443ms
[2022-03-28T17:50:44.490+0800][34.191s] GC(11) Concurrent Mark
[2022-03-28T17:50:44.490+0800][34.191s] GC(11) Concurrent Mark From Roots
[2022-03-28T17:50:44.490+0800][34.191s] GC(11) Using 2 workers of 2 for marking
[2022-03-28T17:50:44.723+0800][34.425s] GC(11) Concurrent Mark From Roots 233.488ms
[2022-03-28T17:50:44.723+0800][34.425s] GC(11) Concurrent Preclean
[2022-03-28T17:50:44.723+0800][34.425s] GC(11) Concurrent Preclean 0.146ms
[2022-03-28T17:50:44.723+0800][34.425s] GC(11) Pause Remark
[2022-03-28T17:50:44.725+0800][34.427s] GC(11) Pause Remark 359M->346M(512M) 1.855ms
[2022-03-28T17:50:44.725+0800][34.427s] GC(11) User=0.00s Sys=0.00s Real=0.00s
[2022-03-28T17:50:44.726+0800][34.427s] GC(11) Concurrent Mark 235.772ms
[2022-03-28T17:50:44.726+0800][34.427s] GC(11) Concurrent Rebuild Remembered Sets
[2022-03-28T17:50:44.878+0800][34.580s] GC(11) Concurrent Rebuild Remembered Sets 152.907ms
[2022-03-28T17:50:44.878+0800][34.580s] GC(11) Pause Cleanup
[2022-03-28T17:50:44.879+0800][34.580s] GC(11) Pause Cleanup 346M->346M(512M) 0.221ms
[2022-03-28T17:50:44.879+0800][34.580s] GC(11) User=0.00s Sys=0.00s Real=0.00s
[2022-03-28T17:50:44.879+0800][34.580s] GC(11) Concurrent Cleanup for Next Mark
[2022-03-28T17:50:44.879+0800][34.581s] GC(11) Concurrent Cleanup for Next Mark 0.298ms
[2022-03-28T17:50:44.879+0800][34.581s] GC(11) Concurrent Mark Cycle 405.055ms
[2022-03-28T17:57:40.119+0800][449.820s] GC(12) Pause Young (Prepare Mixed) (G1 Evacuation Pause)
[2022-03-28T17:57:40.119+0800][449.820s] GC(12) Using 8 workers of 8 for evacuation
[2022-03-28T17:57:40.157+0800][449.859s] GC(12)   Pre Evacuate Collection Set: 0.1ms
[2022-03-28T17:57:40.157+0800][449.859s] GC(12)   Merge Heap Roots: 0.4ms
[2022-03-28T17:57:40.157+0800][449.859s] GC(12)   Evacuate Collection Set: 37.2ms
[2022-03-28T17:57:40.157+0800][449.859s] GC(12)   Post Evacuate Collection Set: 0.5ms
[2022-03-28T17:57:40.157+0800][449.859s] GC(12)   Other: 0.2ms
[2022-03-28T17:57:40.157+0800][449.859s] GC(12) Eden regions: 67->0(14)
[2022-03-28T17:57:40.157+0800][449.859s] GC(12) Survivor regions: 14->11(11)
[2022-03-28T17:57:40.157+0800][449.859s] GC(12) Old regions: 252->290
[2022-03-28T17:57:40.157+0800][449.859s] GC(12) Archive regions: 0->0
[2022-03-28T17:57:40.157+0800][449.859s] GC(12) Humongous regions: 76->46
[2022-03-28T17:57:40.157+0800][449.859s] GC(12) Metaspace: 49983K(50368K)->49983K(50368K) NonClass: 44006K(44224K)->44006K(44224K) Class: 5977K(6144K)->5977K(6144K)
[2022-03-28T17:57:40.157+0800][449.859s] GC(12) Pause Young (Prepare Mixed) (G1 Evacuation Pause) 409M->347M(512M) 38.608ms
[2022-03-28T17:57:40.157+0800][449.859s] GC(12) User=0.20s Sys=0.00s Real=0.04s
[2022-03-28T17:57:40.168+0800][449.872s] GC(13) Pause Young (Mixed) (G1 Evacuation Pause)
[2022-03-28T17:57:40.168+0800][449.872s] GC(13) Using 8 workers of 8 for evacuation
[2022-03-28T17:57:40.184+0800][449.886s] GC(13)   Pre Evacuate Collection Set: 0.1ms
[2022-03-28T17:57:40.184+0800][449.886s] GC(13)   Merge Heap Roots: 0.1ms
[2022-03-28T17:57:40.184+0800][449.886s] GC(13)   Evacuate Collection Set: 13.8ms
[2022-03-28T17:57:40.184+0800][449.886s] GC(13)   Post Evacuate Collection Set: 0.3ms
[2022-03-28T17:57:40.184+0800][449.886s] GC(13)   Other: 0.2ms
[2022-03-28T17:57:40.184+0800][449.886s] GC(13) Eden regions: 14->0(65)
[2022-03-28T17:57:40.184+0800][449.886s] GC(13) Survivor regions: 11->4(4)
[2022-03-28T17:57:40.184+0800][449.886s] GC(13) Old regions: 290->264
[2022-03-28T17:57:40.185+0800][449.886s] GC(13) Archive regions: 0->0
[2022-03-28T17:57:40.185+0800][449.886s] GC(13) Humongous regions: 46->46
[2022-03-28T17:57:40.185+0800][449.886s] GC(13) Metaspace: 49983K(50368K)->49983K(50368K) NonClass: 44006K(44224K)->44006K(44224K) Class: 5977K(6144K)->5977K(6144K)
[2022-03-28T17:57:40.185+0800][449.886s] GC(13) Pause Young (Mixed) (G1 Evacuation Pause) 361M->314M(512M) 14.696ms
[2022-03-28T17:57:40.185+0800][449.886s] GC(13) User=0.09s Sys=0.00s Real=0.02s
[2022-03-28T17:57:40.195+0800][449.900s] GC(14) Pause Young (Concurrent Start) (G1 Humongous Allocation)
[2022-03-28T17:57:40.195+0800][449.900s] GC(14) Using 8 workers of 8 for evacuation
[2022-03-28T17:57:40.209+0800][449.910s] GC(14)   Pre Evacuate Collection Set: 0.1ms
[2022-03-28T17:57:40.209+0800][449.911s] GC(14)   Merge Heap Roots: 0.1ms
[2022-03-28T17:57:40.209+0800][449.911s] GC(14)   Evacuate Collection Set: 9.7ms
[2022-03-28T17:57:40.209+0800][449.911s] GC(14)   Post Evacuate Collection Set: 0.3ms
[2022-03-28T17:57:40.209+0800][449.911s] GC(14)   Other: 0.2ms
[2022-03-28T17:57:40.209+0800][449.911s] GC(14) Eden regions: 21->0(58)
[2022-03-28T17:57:40.209+0800][449.911s] GC(14) Survivor regions: 4->9(9)
[2022-03-28T17:57:40.209+0800][449.911s] GC(14) Old regions: 264->272
[2022-03-28T17:57:40.209+0800][449.911s] GC(14) Archive regions: 0->0
[2022-03-28T17:57:40.209+0800][449.911s] GC(14) Humongous regions: 46->46
[2022-03-28T17:57:40.209+0800][449.911s] GC(14) Metaspace: 49983K(50368K)->49983K(50368K) NonClass: 44006K(44224K)->44006K(44224K) Class: 5977K(6144K)->5977K(6144K)
[2022-03-28T17:57:40.209+0800][449.911s] GC(14) Pause Young (Concurrent Start) (G1 Humongous Allocation) 334M->327M(512M) 10.657ms
[2022-03-28T17:57:40.209+0800][449.911s] GC(14) User=0.02s Sys=0.00s Real=0.01s
[2022-03-28T17:57:40.209+0800][449.911s] GC(15) Concurrent Mark Cycle
[2022-03-28T17:57:40.209+0800][449.911s] GC(15) Concurrent Clear Claimed Marks
[2022-03-28T17:57:40.209+0800][449.911s] GC(15) Concurrent Clear Claimed Marks 0.040ms
[2022-03-28T17:57:40.209+0800][449.911s] GC(15) Concurrent Scan Root Regions
[2022-03-28T17:57:40.213+0800][449.919s] GC(15) Concurrent Scan Root Regions 8.545ms
[2022-03-28T17:57:40.213+0800][449.920s] GC(15) Concurrent Mark
[2022-03-28T17:57:40.213+0800][449.920s] GC(15) Concurrent Mark From Roots
[2022-03-28T17:57:40.213+0800][449.920s] GC(15) Using 2 workers of 2 for marking
[2022-03-28T17:57:40.293+0800][449.994s] GC(16) Pause Young (Normal) (G1 Evacuation Pause)
[2022-03-28T17:57:40.293+0800][449.994s] GC(16) Using 8 workers of 8 for evacuation
[2022-03-28T17:57:40.324+0800][450.026s] GC(16)   Pre Evacuate Collection Set: 0.1ms
[2022-03-28T17:57:40.324+0800][450.026s] GC(16)   Merge Heap Roots: 0.4ms
[2022-03-28T17:57:40.324+0800][450.026s] GC(16)   Evacuate Collection Set: 30.8ms
[2022-03-28T17:57:40.325+0800][450.026s] GC(16)   Post Evacuate Collection Set: 0.3ms
[2022-03-28T17:57:40.325+0800][450.026s] GC(16)   Other: 0.2ms
[2022-03-28T17:57:40.325+0800][450.026s] GC(16) Eden regions: 58->0(39)
[2022-03-28T17:57:40.325+0800][450.026s] GC(16) Survivor regions: 9->9(9)
[2022-03-28T17:57:40.325+0800][450.026s] GC(16) Old regions: 272->306
[2022-03-28T17:57:40.325+0800][450.026s] GC(16) Archive regions: 0->0
[2022-03-28T17:57:40.325+0800][450.026s] GC(16) Humongous regions: 52->52
[2022-03-28T17:57:40.325+0800][450.026s] GC(16) Metaspace: 49983K(50368K)->49983K(50368K) NonClass: 44006K(44224K)->44006K(44224K) Class: 5977K(6144K)->5977K(6144K)
[2022-03-28T17:57:40.325+0800][450.026s] GC(16) Pause Young (Normal) (G1 Evacuation Pause) 391M->367M(512M) 32.048ms
[2022-03-28T17:57:40.325+0800][450.026s] GC(16) User=0.03s Sys=0.02s Real=0.03s
[2022-03-28T17:57:40.382+0800][450.084s] GC(17) Pause Young (Normal) (G1 Evacuation Pause)
[2022-03-28T17:57:40.382+0800][450.084s] GC(17) Using 8 workers of 8 for evacuation
[2022-03-28T17:57:40.407+0800][450.108s] GC(17)   Pre Evacuate Collection Set: 0.1ms
[2022-03-28T17:57:40.407+0800][450.108s] GC(17)   Merge Heap Roots: 0.3ms
[2022-03-28T17:57:40.407+0800][450.108s] GC(17)   Evacuate Collection Set: 23.7ms
[2022-03-28T17:57:40.407+0800][450.108s] GC(17)   Post Evacuate Collection Set: 0.3ms
[2022-03-28T17:57:40.407+0800][450.108s] GC(17)   Other: 0.2ms
[2022-03-28T17:57:40.407+0800][450.108s] GC(17) Eden regions: 39->0(28)
[2022-03-28T17:57:40.407+0800][450.108s] GC(17) Survivor regions: 9->6(6)
[2022-03-28T17:57:40.407+0800][450.108s] GC(17) Old regions: 306->334
[2022-03-28T17:57:40.407+0800][450.108s] GC(17) Archive regions: 0->0
[2022-03-28T17:57:40.407+0800][450.108s] GC(17) Humongous regions: 52->52
[2022-03-28T17:57:40.407+0800][450.108s] GC(17) Metaspace: 49983K(50368K)->49983K(50368K) NonClass: 44006K(44224K)->44006K(44224K) Class: 5977K(6144K)->5977K(6144K)
[2022-03-28T17:57:40.407+0800][450.109s] GC(17) Pause Young (Normal) (G1 Evacuation Pause) 406M->391M(512M) 24.932ms
[2022-03-28T17:57:40.407+0800][450.109s] GC(17) User=0.20s Sys=0.00s Real=0.03s
[2022-03-28T17:57:40.452+0800][450.153s] GC(18) Pause Young (Normal) (G1 Evacuation Pause)
[2022-03-28T17:57:40.452+0800][450.153s] GC(18) Using 8 workers of 8 for evacuation
[2022-03-28T17:57:40.472+0800][450.174s] GC(18)   Pre Evacuate Collection Set: 0.2ms
[2022-03-28T17:57:40.472+0800][450.174s] GC(18)   Merge Heap Roots: 0.4ms
[2022-03-28T17:57:40.472+0800][450.174s] GC(18)   Evacuate Collection Set: 19.7ms
[2022-03-28T17:57:40.472+0800][450.174s] GC(18)   Post Evacuate Collection Set: 0.3ms
[2022-03-28T17:57:40.472+0800][450.174s] GC(18)   Other: 0.2ms
[2022-03-28T17:57:40.472+0800][450.174s] GC(18) Eden regions: 28->0(20)
[2022-03-28T17:57:40.472+0800][450.174s] GC(18) Survivor regions: 6->5(5)
[2022-03-28T17:57:40.472+0800][450.174s] GC(18) Old regions: 334->353
[2022-03-28T17:57:40.472+0800][450.174s] GC(18) Archive regions: 0->0
[2022-03-28T17:57:40.472+0800][450.174s] GC(18) Humongous regions: 52->52
[2022-03-28T17:57:40.472+0800][450.174s] GC(18) Metaspace: 49983K(50368K)->49983K(50368K) NonClass: 44006K(44224K)->44006K(44224K) Class: 5977K(6144K)->5977K(6144K)
[2022-03-28T17:57:40.473+0800][450.174s] GC(18) Pause Young (Normal) (G1 Evacuation Pause) 419M->409M(512M) 21.106ms
[2022-03-28T17:57:40.473+0800][450.174s] GC(18) User=0.05s Sys=0.00s Real=0.02s
[2022-03-28T17:57:40.519+0800][450.221s] GC(19) Pause Young (Normal) (G1 Evacuation Pause)
[2022-03-28T17:57:40.519+0800][450.221s] GC(19) Using 8 workers of 8 for evacuation
[2022-03-28T17:57:40.536+0800][450.238s] GC(19)   Pre Evacuate Collection Set: 0.1ms
[2022-03-28T17:57:40.536+0800][450.238s] GC(19)   Merge Heap Roots: 0.2ms
[2022-03-28T17:57:40.536+0800][450.238s] GC(19)   Evacuate Collection Set: 16.1ms
[2022-03-28T17:57:40.536+0800][450.238s] GC(19)   Post Evacuate Collection Set: 0.3ms
[2022-03-28T17:57:40.536+0800][450.238s] GC(19)   Other: 0.2ms
[2022-03-28T17:57:40.536+0800][450.238s] GC(19) Eden regions: 20->0(21)
[2022-03-28T17:57:40.536+0800][450.238s] GC(19) Survivor regions: 5->4(4)
[2022-03-28T17:57:40.536+0800][450.238s] GC(19) Old regions: 353->368
[2022-03-28T17:57:40.536+0800][450.238s] GC(19) Archive regions: 0->0
[2022-03-28T17:57:40.536+0800][450.238s] GC(19) Humongous regions: 55->55
[2022-03-28T17:57:40.536+0800][450.238s] GC(19) Metaspace: 49983K(50368K)->49983K(50368K) NonClass: 44006K(44224K)->44006K(44224K) Class: 5977K(6144K)->5977K(6144K)
[2022-03-28T17:57:40.537+0800][450.238s] GC(19) Pause Young (Normal) (G1 Evacuation Pause) 432M->426M(512M) 17.199ms
[2022-03-28T17:57:40.537+0800][450.238s] GC(19) User=0.05s Sys=0.00s Real=0.02s
[2022-03-28T17:57:40.571+0800][450.277s] GC(20) Pause Young (Normal) (G1 Evacuation Pause)
[2022-03-28T17:57:40.571+0800][450.277s] GC(20) Using 8 workers of 8 for evacuation
[2022-03-28T17:57:40.592+0800][450.294s] GC(20)   Pre Evacuate Collection Set: 0.1ms
[2022-03-28T17:57:40.592+0800][450.294s] GC(20)   Merge Heap Roots: 0.3ms
[2022-03-28T17:57:40.592+0800][450.294s] GC(20)   Evacuate Collection Set: 16.2ms
[2022-03-28T17:57:40.592+0800][450.294s] GC(20)   Post Evacuate Collection Set: 0.3ms
[2022-03-28T17:57:40.592+0800][450.294s] GC(20)   Other: 0.2ms
[2022-03-28T17:57:40.592+0800][450.294s] GC(20) Eden regions: 21->0(21)
[2022-03-28T17:57:40.592+0800][450.294s] GC(20) Survivor regions: 4->4(4)
[2022-03-28T17:57:40.592+0800][450.294s] GC(20) Old regions: 368->381
[2022-03-28T17:57:40.592+0800][450.294s] GC(20) Archive regions: 0->0
[2022-03-28T17:57:40.592+0800][450.294s] GC(20) Humongous regions: 58->58
[2022-03-28T17:57:40.593+0800][450.294s] GC(20) Metaspace: 49983K(50368K)->49983K(50368K) NonClass: 44006K(44224K)->44006K(44224K) Class: 5977K(6144K)->5977K(6144K)
[2022-03-28T17:57:40.593+0800][450.294s] GC(20) Pause Young (Normal) (G1 Evacuation Pause) 450M->442M(512M) 17.338ms
[2022-03-28T17:57:40.593+0800][450.294s] GC(20) User=0.14s Sys=0.00s Real=0.02s
[2022-03-28T17:57:40.622+0800][450.323s] GC(21) Pause Young (Normal) (G1 Evacuation Pause)
[2022-03-28T17:57:40.622+0800][450.323s] GC(21) Using 8 workers of 8 for evacuation
[2022-03-28T17:57:40.639+0800][450.340s] GC(21)   Pre Evacuate Collection Set: 0.1ms
[2022-03-28T17:57:40.639+0800][450.340s] GC(21)   Merge Heap Roots: 0.2ms
[2022-03-28T17:57:40.639+0800][450.340s] GC(21)   Evacuate Collection Set: 16.6ms
[2022-03-28T17:57:40.639+0800][450.340s] GC(21)   Post Evacuate Collection Set: 0.3ms
[2022-03-28T17:57:40.639+0800][450.340s] GC(21)   Other: 0.2ms
[2022-03-28T17:57:40.639+0800][450.341s] GC(21) Eden regions: 21->0(21)
[2022-03-28T17:57:40.639+0800][450.341s] GC(21) Survivor regions: 4->4(4)
[2022-03-28T17:57:40.639+0800][450.341s] GC(21) Old regions: 381->394
[2022-03-28T17:57:40.639+0800][450.341s] GC(21) Archive regions: 0->0
[2022-03-28T17:57:40.639+0800][450.341s] GC(21) Humongous regions: 58->58
[2022-03-28T17:57:40.639+0800][450.341s] GC(21) Metaspace: 49983K(50368K)->49983K(50368K) NonClass: 44006K(44224K)->44006K(44224K) Class: 5977K(6144K)->5977K(6144K)
[2022-03-28T17:57:40.639+0800][450.341s] GC(21) Pause Young (Normal) (G1 Evacuation Pause) 463M->455M(512M) 17.706ms
[2022-03-28T17:57:40.639+0800][450.341s] GC(21) User=0.06s Sys=0.00s Real=0.02s
[2022-03-28T17:57:40.674+0800][450.375s] GC(22) Pause Young (Normal) (G1 Evacuation Pause)
[2022-03-28T17:57:40.674+0800][450.375s] GC(22) Using 8 workers of 8 for evacuation
[2022-03-28T17:57:40.691+0800][450.393s] GC(22)   Pre Evacuate Collection Set: 0.1ms
[2022-03-28T17:57:40.691+0800][450.393s] GC(22)   Merge Heap Roots: 0.2ms
[2022-03-28T17:57:40.691+0800][450.393s] GC(22)   Evacuate Collection Set: 16.9ms
[2022-03-28T17:57:40.691+0800][450.393s] GC(22)   Post Evacuate Collection Set: 0.4ms
[2022-03-28T17:57:40.691+0800][450.393s] GC(22)   Other: 0.2ms
[2022-03-28T17:57:40.691+0800][450.393s] GC(22) Eden regions: 21->0(21)
[2022-03-28T17:57:40.691+0800][450.393s] GC(22) Survivor regions: 4->4(4)
[2022-03-28T17:57:40.691+0800][450.393s] GC(22) Old regions: 394->407
[2022-03-28T17:57:40.692+0800][450.393s] GC(22) Archive regions: 0->0
[2022-03-28T17:57:40.692+0800][450.393s] GC(22) Humongous regions: 58->58
[2022-03-28T17:57:40.692+0800][450.393s] GC(22) Metaspace: 49984K(50368K)->49984K(50368K) NonClass: 44007K(44224K)->44007K(44224K) Class: 5977K(6144K)->5977K(6144K)
[2022-03-28T17:57:40.692+0800][450.393s] GC(22) Pause Young (Normal) (G1 Evacuation Pause) 476M->468M(512M) 18.101ms
[2022-03-28T17:57:40.692+0800][450.393s] GC(22) User=0.06s Sys=0.00s Real=0.02s
[2022-03-28T17:57:40.760+0800][450.462s] GC(23) Pause Young (Normal) (G1 Evacuation Pause)
[2022-03-28T17:57:40.760+0800][450.462s] GC(23) Using 8 workers of 8 for evacuation
[2022-03-28T17:57:40.780+0800][450.481s] GC(23)   Pre Evacuate Collection Set: 0.1ms
[2022-03-28T17:57:40.780+0800][450.481s] GC(23)   Merge Heap Roots: 0.2ms
[2022-03-28T17:57:40.780+0800][450.481s] GC(23)   Evacuate Collection Set: 18.8ms
[2022-03-28T17:57:40.780+0800][450.481s] GC(23)   Post Evacuate Collection Set: 0.4ms
[2022-03-28T17:57:40.780+0800][450.482s] GC(23)   Other: 0.2ms
[2022-03-28T17:57:40.780+0800][450.482s] GC(23) Eden regions: 21->0(21)
[2022-03-28T17:57:40.780+0800][450.482s] GC(23) Survivor regions: 4->4(4)
[2022-03-28T17:57:40.780+0800][450.482s] GC(23) Old regions: 407->420
[2022-03-28T17:57:40.780+0800][450.482s] GC(23) Archive regions: 0->0
[2022-03-28T17:57:40.780+0800][450.482s] GC(23) Humongous regions: 58->58
[2022-03-28T17:57:40.780+0800][450.482s] GC(23) Metaspace: 49990K(50368K)->49990K(50368K) NonClass: 44013K(44224K)->44013K(44224K) Class: 5977K(6144K)->5977K(6144K)
[2022-03-28T17:57:40.780+0800][450.482s] GC(23) Pause Young (Normal) (G1 Evacuation Pause) 489M->481M(512M) 20.122ms
[2022-03-28T17:57:40.780+0800][450.482s] GC(23) User=0.11s Sys=0.00s Real=0.02s
[2022-03-28T17:57:40.782+0800][450.483s] GC(15) Concurrent Mark From Roots 563.675ms
[2022-03-28T17:57:40.782+0800][450.483s] GC(15) Concurrent Preclean
[2022-03-28T17:57:40.782+0800][450.484s] GC(15) Concurrent Preclean 0.595ms
[2022-03-28T17:57:40.784+0800][450.485s] GC(15) Pause Remark
[2022-03-28T17:57:40.795+0800][450.496s] GC(15) Pause Remark 481M->471M(512M) 11.029ms
[2022-03-28T17:57:40.795+0800][450.496s] GC(15) User=0.02s Sys=0.00s Real=0.01s
[2022-03-28T17:57:40.800+0800][450.502s] GC(15) Concurrent Mark 582.614ms
[2022-03-28T17:57:40.801+0800][450.502s] GC(15) Concurrent Rebuild Remembered Sets
[2022-03-28T17:57:41.050+0800][450.751s] GC(24) Pause Young (Normal) (G1 Preventive Collection)
[2022-03-28T17:57:41.050+0800][450.751s] GC(24) Using 8 workers of 8 for evacuation
[2022-03-28T17:57:41.061+0800][450.763s] GC(24)   Pre Evacuate Collection Set: 0.1ms
[2022-03-28T17:57:41.061+0800][450.763s] GC(24)   Merge Heap Roots: 0.2ms
[2022-03-28T17:57:41.061+0800][450.763s] GC(24)   Evacuate Collection Set: 10.9ms
[2022-03-28T17:57:41.061+0800][450.763s] GC(24)   Post Evacuate Collection Set: 0.4ms
[2022-03-28T17:57:41.061+0800][450.763s] GC(24)   Other: 0.2ms
[2022-03-28T17:57:41.061+0800][450.763s] GC(24) Eden regions: 21->0(21)
[2022-03-28T17:57:41.061+0800][450.763s] GC(24) Survivor regions: 4->4(4)
[2022-03-28T17:57:41.061+0800][450.763s] GC(24) Old regions: 420->427
[2022-03-28T17:57:41.061+0800][450.763s] GC(24) Archive regions: 0->0
[2022-03-28T17:57:41.062+0800][450.763s] GC(24) Humongous regions: 48->48
[2022-03-28T17:57:41.062+0800][450.763s] GC(24) Metaspace: 49926K(50368K)->49926K(50368K) NonClass: 43966K(44224K)->43966K(44224K) Class: 5959K(6144K)->5959K(6144K)
[2022-03-28T17:57:41.062+0800][450.763s] GC(24) Pause Young (Normal) (G1 Preventive Collection) 492M->478M(512M) 12.073ms
[2022-03-28T17:57:41.062+0800][450.763s] GC(24) User=0.05s Sys=0.00s Real=0.01s
[2022-03-28T17:57:41.117+0800][450.820s] GC(15) Concurrent Rebuild Remembered Sets 317.663ms
[2022-03-28T17:57:41.132+0800][450.834s] GC(15) Pause Cleanup
[2022-03-28T17:57:41.133+0800][450.834s] GC(15) Pause Cleanup 481M->481M(512M) 0.320ms
[2022-03-28T17:57:41.133+0800][450.834s] GC(15) User=0.00s Sys=0.00s Real=0.00s
[2022-03-28T17:57:41.133+0800][450.834s] GC(15) Concurrent Cleanup for Next Mark
[2022-03-28T17:57:41.133+0800][450.835s] GC(15) Concurrent Cleanup for Next Mark 1.012ms
[2022-03-28T17:57:41.133+0800][450.835s] GC(15) Concurrent Mark Cycle 924.454ms
[2022-03-28T17:57:41.421+0800][451.127s] GC(25) Pause Young (Prepare Mixed) (G1 Preventive Collection)
[2022-03-28T17:57:41.421+0800][451.127s] GC(25) Using 8 workers of 8 for evacuation
[2022-03-28T17:57:41.437+0800][451.138s] GC(25)   Pre Evacuate Collection Set: 0.1ms
[2022-03-28T17:57:41.437+0800][451.138s] GC(25)   Merge Heap Roots: 0.2ms
[2022-03-28T17:57:41.437+0800][451.138s] GC(25)   Evacuate Collection Set: 9.9ms
[2022-03-28T17:57:41.437+0800][451.138s] GC(25)   Post Evacuate Collection Set: 0.4ms
[2022-03-28T17:57:41.437+0800][451.138s] GC(25)   Other: 0.2ms
[2022-03-28T17:57:41.437+0800][451.138s] GC(25) Eden regions: 17->0(24)
[2022-03-28T17:57:41.437+0800][451.138s] GC(25) Survivor regions: 4->1(4)
[2022-03-28T17:57:41.437+0800][451.138s] GC(25) Old regions: 427->432
[2022-03-28T17:57:41.437+0800][451.138s] GC(25) Archive regions: 0->0
[2022-03-28T17:57:41.437+0800][451.138s] GC(25) Humongous regions: 48->48
[2022-03-28T17:57:41.437+0800][451.138s] GC(25) Metaspace: 49933K(50368K)->49933K(50368K) NonClass: 43973K(44224K)->43973K(44224K) Class: 5959K(6144K)->5959K(6144K)
[2022-03-28T17:57:41.437+0800][451.138s] GC(25) Pause Young (Prepare Mixed) (G1 Preventive Collection) 495M->480M(512M) 11.021ms
[2022-03-28T17:57:41.437+0800][451.138s] GC(25) User=0.05s Sys=0.00s Real=0.02s
[2022-03-28T17:57:41.796+0800][451.498s] GC(26) Pause Young (Mixed) (G1 Preventive Collection)
[2022-03-28T17:57:41.796+0800][451.498s] GC(26) Using 8 workers of 8 for evacuation
[2022-03-28T17:57:41.799+0800][451.500s] GC(26)   Pre Evacuate Collection Set: 0.1ms
[2022-03-28T17:57:41.799+0800][451.500s] GC(26)   Merge Heap Roots: 0.1ms
[2022-03-28T17:57:41.799+0800][451.500s] GC(26)   Evacuate Collection Set: 2.0ms
[2022-03-28T17:57:41.799+0800][451.500s] GC(26)   Post Evacuate Collection Set: 0.3ms
[2022-03-28T17:57:41.799+0800][451.500s] GC(26)   Other: 0.2ms
[2022-03-28T17:57:41.799+0800][451.500s] GC(26) Eden regions: 19->0(24)
[2022-03-28T17:57:41.799+0800][451.500s] GC(26) Survivor regions: 1->1(4)
[2022-03-28T17:57:41.799+0800][451.500s] GC(26) Old regions: 432->426
[2022-03-28T17:57:41.799+0800][451.500s] GC(26) Archive regions: 0->0
[2022-03-28T17:57:41.799+0800][451.500s] GC(26) Humongous regions: 48->48
[2022-03-28T17:57:41.799+0800][451.501s] GC(26) Metaspace: 49948K(50368K)->49948K(50368K) NonClass: 43988K(44224K)->43988K(44224K) Class: 5959K(6144K)->5959K(6144K)
[2022-03-28T17:57:41.799+0800][451.501s] GC(26) Pause Young (Mixed) (G1 Preventive Collection) 499M->474M(512M) 2.817ms
[2022-03-28T17:57:41.799+0800][451.501s] GC(26) User=0.00s Sys=0.00s Real=0.00s
[2022-03-28T17:57:48.199+0800][457.900s] GC(27) Pause Young (Concurrent Start) (G1 Humongous Allocation)
[2022-03-28T17:57:48.199+0800][457.900s] GC(27) Using 8 workers of 8 for evacuation
[2022-03-28T17:57:48.200+0800][457.901s] GC(27)   Pre Evacuate Collection Set: 0.1ms
[2022-03-28T17:57:48.200+0800][457.901s] GC(27)   Merge Heap Roots: 0.0ms
[2022-03-28T17:57:48.200+0800][457.902s] GC(27)   Evacuate Collection Set: 0.8ms
[2022-03-28T17:57:48.200+0800][457.902s] GC(27)   Post Evacuate Collection Set: 0.3ms
[2022-03-28T17:57:48.200+0800][457.902s] GC(27)   Other: 0.2ms
[2022-03-28T17:57:48.200+0800][457.902s] GC(27) Eden regions: 10->0(23)
[2022-03-28T17:57:48.200+0800][457.902s] GC(27) Survivor regions: 1->2(4)
[2022-03-28T17:57:48.200+0800][457.902s] GC(27) Old regions: 426->426
[2022-03-28T17:57:48.200+0800][457.902s] GC(27) Archive regions: 0->0
[2022-03-28T17:57:48.200+0800][457.902s] GC(27) Humongous regions: 48->48
[2022-03-28T17:57:48.200+0800][457.902s] GC(27) Metaspace: 49954K(50368K)->49954K(50368K) NonClass: 43994K(44224K)->43994K(44224K) Class: 5959K(6144K)->5959K(6144K)
[2022-03-28T17:57:48.200+0800][457.902s] GC(27) Pause Young (Concurrent Start) (G1 Humongous Allocation) 483M->474M(512M) 1.675ms
[2022-03-28T17:57:48.200+0800][457.902s] GC(27) User=0.00s Sys=0.00s Real=0.00s
[2022-03-28T17:57:48.200+0800][457.902s] GC(28) Concurrent Mark Cycle
[2022-03-28T17:57:48.200+0800][457.902s] GC(28) Concurrent Clear Claimed Marks
[2022-03-28T17:57:48.200+0800][457.902s] GC(28) Concurrent Clear Claimed Marks 0.040ms
[2022-03-28T17:57:48.200+0800][457.902s] GC(28) Concurrent Scan Root Regions
[2022-03-28T17:57:48.201+0800][457.903s] GC(28) Concurrent Scan Root Regions 0.965ms
[2022-03-28T17:57:48.201+0800][457.903s] GC(28) Concurrent Mark
[2022-03-28T17:57:48.201+0800][457.903s] GC(28) Concurrent Mark From Roots
[2022-03-28T17:57:48.201+0800][457.903s] GC(28) Using 2 workers of 2 for marking
[2022-03-28T17:57:48.234+0800][457.935s] GC(29) Pause Young (Normal) (G1 Preventive Collection)
[2022-03-28T17:57:48.234+0800][457.935s] GC(29) Using 8 workers of 8 for evacuation
[2022-03-28T17:57:48.241+0800][457.942s] GC(29) To-space exhausted
[2022-03-28T17:57:48.241+0800][457.942s] GC(29)   Pre Evacuate Collection Set: 0.1ms
[2022-03-28T17:57:48.241+0800][457.942s] GC(29)   Merge Heap Roots: 0.0ms
[2022-03-28T17:57:48.241+0800][457.942s] GC(29)   Evacuate Collection Set: 4.4ms
[2022-03-28T17:57:48.241+0800][457.942s] GC(29)   Post Evacuate Collection Set: 2.4ms
[2022-03-28T17:57:48.241+0800][457.942s] GC(29)   Other: 0.2ms
[2022-03-28T17:57:48.241+0800][457.942s] GC(29) Eden regions: 9->0(21)
[2022-03-28T17:57:48.241+0800][457.942s] GC(29) Survivor regions: 2->4(4)
[2022-03-28T17:57:48.241+0800][457.942s] GC(29) Old regions: 426->435
[2022-03-28T17:57:48.241+0800][457.942s] GC(29) Archive regions: 0->0
[2022-03-28T17:57:48.241+0800][457.942s] GC(29) Humongous regions: 71->56
[2022-03-28T17:57:48.241+0800][457.942s] GC(29) Metaspace: 49954K(50368K)->49954K(50368K) NonClass: 43994K(44224K)->43994K(44224K) Class: 5959K(6144K)->5959K(6144K)
[2022-03-28T17:57:48.241+0800][457.942s] GC(29) Pause Young (Normal) (G1 Preventive Collection) 506M->495M(512M) 7.362ms
[2022-03-28T17:57:48.241+0800][457.942s] GC(29) User=0.00s Sys=0.00s Real=0.01s
[2022-03-28T17:57:48.260+0800][457.962s] GC(30) Pause Young (Normal) (G1 Preventive Collection)
[2022-03-28T17:57:48.260+0800][457.962s] GC(30) Using 8 workers of 8 for evacuation
[2022-03-28T17:57:48.269+0800][457.971s] GC(30) To-space exhausted
[2022-03-28T17:57:48.269+0800][457.971s] GC(30)   Pre Evacuate Collection Set: 0.1ms
[2022-03-28T17:57:48.269+0800][457.971s] GC(30)   Merge Heap Roots: 0.1ms
[2022-03-28T17:57:48.269+0800][457.971s] GC(30)   Evacuate Collection Set: 6.2ms
[2022-03-28T17:57:48.269+0800][457.971s] GC(30)   Post Evacuate Collection Set: 2.6ms
[2022-03-28T17:57:48.269+0800][457.971s] GC(30)   Other: 0.3ms
[2022-03-28T17:57:48.269+0800][457.971s] GC(30) Eden regions: 9->0(21)
[2022-03-28T17:57:48.269+0800][457.971s] GC(30) Survivor regions: 4->4(4)
[2022-03-28T17:57:48.269+0800][457.971s] GC(30) Old regions: 435->450
[2022-03-28T17:57:48.269+0800][457.971s] GC(30) Archive regions: 0->0
[2022-03-28T17:57:48.269+0800][457.971s] GC(30) Humongous regions: 56->56
[2022-03-28T17:57:48.269+0800][457.971s] GC(30) Metaspace: 49954K(50368K)->49954K(50368K) NonClass: 43994K(44224K)->43994K(44224K) Class: 5959K(6144K)->5959K(6144K)
[2022-03-28T17:57:48.269+0800][457.971s] GC(30) Pause Young (Normal) (G1 Preventive Collection) 504M->510M(512M) 9.386ms
[2022-03-28T17:57:48.269+0800][457.971s] GC(30) User=0.00s Sys=0.00s Real=0.01s
[2022-03-28T17:57:48.271+0800][457.973s] GC(31) Pause Young (Normal) (G1 Preventive Collection)
[2022-03-28T17:57:48.271+0800][457.973s] GC(31) Using 8 workers of 8 for evacuation
[2022-03-28T17:57:48.279+0800][457.981s] GC(31) To-space exhausted
[2022-03-28T17:57:48.279+0800][457.981s] GC(31)   Pre Evacuate Collection Set: 0.1ms
[2022-03-28T17:57:48.279+0800][457.981s] GC(31)   Merge Heap Roots: 0.1ms
[2022-03-28T17:57:48.279+0800][457.981s] GC(31)   Evacuate Collection Set: 4.5ms
[2022-03-28T17:57:48.279+0800][457.981s] GC(31)   Post Evacuate Collection Set: 3.0ms
[2022-03-28T17:57:48.279+0800][457.981s] GC(31)   Other: 0.3ms
[2022-03-28T17:57:48.279+0800][457.981s] GC(31) Eden regions: 1->0(25)
[2022-03-28T17:57:48.279+0800][457.981s] GC(31) Survivor regions: 4->0(1)
[2022-03-28T17:57:48.279+0800][457.981s] GC(31) Old regions: 450->456
[2022-03-28T17:57:48.279+0800][457.981s] GC(31) Archive regions: 0->0
[2022-03-28T17:57:48.279+0800][457.981s] GC(31) Humongous regions: 56->56
[2022-03-28T17:57:48.279+0800][457.981s] GC(31) Metaspace: 49954K(50368K)->49954K(50368K) NonClass: 43994K(44224K)->43994K(44224K) Class: 5959K(6144K)->5959K(6144K)
[2022-03-28T17:57:48.279+0800][457.981s] GC(31) Pause Young (Normal) (G1 Preventive Collection) 511M->512M(512M) 8.084ms
[2022-03-28T17:57:48.279+0800][457.981s] GC(31) User=0.12s Sys=0.00s Real=0.01s
[2022-03-28T17:57:48.279+0800][457.981s] Attempting full compaction
[2022-03-28T17:57:48.279+0800][457.981s] GC(32) Using 8 workers of 8 for full compaction
[2022-03-28T17:57:48.280+0800][457.982s] GC(32) Pause Full (G1 Compaction Pause)
[2022-03-28T17:57:48.281+0800][457.982s] GC(32) Phase 1: Mark live objects
[2022-03-28T17:57:48.442+0800][458.143s] GC(32) Phase 1: Mark live objects 161.252ms
[2022-03-28T17:57:48.442+0800][458.143s] GC(32) Phase 2: Prepare for compaction
[2022-03-28T17:57:48.450+0800][458.151s] GC(32) Phase 2: Prepare for compaction 8.056ms
[2022-03-28T17:57:48.450+0800][458.151s] GC(32) Phase 3: Adjust pointers
[2022-03-28T17:57:48.492+0800][458.194s] GC(32) Phase 3: Adjust pointers 42.612ms
[2022-03-28T17:57:48.493+0800][458.194s] GC(32) Phase 4: Compact heap
[2022-03-28T17:57:48.502+0800][458.204s] GC(32) Phase 4: Compact heap 9.437ms
[2022-03-28T17:57:48.506+0800][458.209s] GC(32) Eden regions: 0->0(25)
[2022-03-28T17:57:48.506+0800][458.209s] GC(32) Survivor regions: 0->0(1)
[2022-03-28T17:57:48.506+0800][458.209s] GC(32) Old regions: 456->399
[2022-03-28T17:57:48.506+0800][458.209s] GC(32) Archive regions: 0->0
[2022-03-28T17:57:48.507+0800][458.209s] GC(32) Humongous regions: 56->34
[2022-03-28T17:57:48.507+0800][458.209s] GC(32) Metaspace: 49954K(50368K)->49954K(50368K) NonClass: 43994K(44224K)->43994K(44224K) Class: 5959K(6144K)->5959K(6144K)
[2022-03-28T17:57:48.507+0800][458.209s] GC(32) Pause Full (G1 Compaction Pause) 512M->427M(512M) 227.193ms
[2022-03-28T17:57:48.507+0800][458.210s] GC(32) User=1.61s Sys=0.00s Real=0.23s
[2022-03-28T17:57:48.507+0800][458.210s] GC(28) Concurrent Mark From Roots 306.977ms
[2022-03-28T17:57:48.508+0800][458.210s] GC(28) Concurrent Mark Abort
[2022-03-28T17:57:48.508+0800][458.210s] GC(28) Concurrent Mark Cycle 308.166ms
[2022-03-28T17:57:48.518+0800][458.220s] GC(33) Pause Young (Concurrent Start) (G1 Humongous Allocation)
[2022-03-28T17:57:48.518+0800][458.220s] GC(33) Using 8 workers of 8 for evacuation
[2022-03-28T17:57:48.522+0800][458.223s] GC(33)   Pre Evacuate Collection Set: 0.1ms
[2022-03-28T17:57:48.522+0800][458.223s] GC(33)   Merge Heap Roots: 0.0ms
[2022-03-28T17:57:48.522+0800][458.223s] GC(33)   Evacuate Collection Set: 2.8ms
[2022-03-28T17:57:48.522+0800][458.223s] GC(33)   Post Evacuate Collection Set: 0.2ms
[2022-03-28T17:57:48.522+0800][458.223s] GC(33)   Other: 0.2ms
[2022-03-28T17:57:48.522+0800][458.223s] GC(33) Eden regions: 5->0(22)
[2022-03-28T17:57:48.522+0800][458.223s] GC(33) Survivor regions: 0->3(4)
[2022-03-28T17:57:48.522+0800][458.223s] GC(33) Old regions: 399->399
[2022-03-28T17:57:48.522+0800][458.223s] GC(33) Archive regions: 0->0
[2022-03-28T17:57:48.522+0800][458.223s] GC(33) Humongous regions: 34->34
[2022-03-28T17:57:48.522+0800][458.223s] GC(33) Metaspace: 49954K(50368K)->49954K(50368K) NonClass: 43994K(44224K)->43994K(44224K) Class: 5959K(6144K)->5959K(6144K)
[2022-03-28T17:57:48.522+0800][458.223s] GC(33) Pause Young (Concurrent Start) (G1 Humongous Allocation) 432M->430M(512M) 3.585ms
[2022-03-28T17:57:48.522+0800][458.223s] GC(33) User=0.00s Sys=0.00s Real=0.00s
[2022-03-28T17:57:48.522+0800][458.223s] GC(34) Concurrent Mark Cycle
[2022-03-28T17:57:48.522+0800][458.223s] GC(34) Concurrent Clear Claimed Marks
[2022-03-28T17:57:48.522+0800][458.223s] GC(34) Concurrent Clear Claimed Marks 0.034ms
[2022-03-28T17:57:48.522+0800][458.223s] GC(34) Concurrent Scan Root Regions
[2022-03-28T17:57:48.523+0800][458.225s] GC(34) Concurrent Scan Root Regions 1.246ms
[2022-03-28T17:57:48.523+0800][458.225s] GC(34) Concurrent Mark
[2022-03-28T17:57:48.523+0800][458.225s] GC(34) Concurrent Mark From Roots
[2022-03-28T17:57:48.523+0800][458.225s] GC(34) Using 2 workers of 2 for marking
[2022-03-28T17:57:48.582+0800][458.284s] GC(35) Pause Young (Normal) (G1 Evacuation Pause)
[2022-03-28T17:57:48.582+0800][458.284s] GC(35) Using 8 workers of 8 for evacuation
[2022-03-28T17:57:48.593+0800][458.295s] GC(35)   Pre Evacuate Collection Set: 0.1ms
[2022-03-28T17:57:48.593+0800][458.295s] GC(35)   Merge Heap Roots: 0.1ms
[2022-03-28T17:57:48.593+0800][458.295s] GC(35)   Evacuate Collection Set: 10.5ms
[2022-03-28T17:57:48.593+0800][458.295s] GC(35)   Post Evacuate Collection Set: 0.2ms
[2022-03-28T17:57:48.593+0800][458.295s] GC(35)   Other: 0.2ms
[2022-03-28T17:57:48.593+0800][458.295s] GC(35) Eden regions: 22->0(21)
[2022-03-28T17:57:48.593+0800][458.295s] GC(35) Survivor regions: 3->4(4)
[2022-03-28T17:57:48.593+0800][458.295s] GC(35) Old regions: 399->411
[2022-03-28T17:57:48.593+0800][458.295s] GC(35) Archive regions: 0->0
[2022-03-28T17:57:48.593+0800][458.295s] GC(35) Humongous regions: 35->35
[2022-03-28T17:57:48.593+0800][458.295s] GC(35) Metaspace: 49954K(50368K)->49954K(50368K) NonClass: 43994K(44224K)->43994K(44224K) Class: 5959K(6144K)->5959K(6144K)
[2022-03-28T17:57:48.593+0800][458.295s] GC(35) Pause Young (Normal) (G1 Evacuation Pause) 453M->443M(512M) 11.377ms
[2022-03-28T17:57:48.593+0800][458.295s] GC(35) User=0.12s Sys=0.00s Real=0.01s
[2022-03-28T17:57:48.659+0800][458.360s] GC(36) Pause Young (Normal) (G1 Evacuation Pause)
[2022-03-28T17:57:48.659+0800][458.360s] GC(36) Using 8 workers of 8 for evacuation
[2022-03-28T17:57:48.673+0800][458.375s] GC(36)   Pre Evacuate Collection Set: 0.1ms
[2022-03-28T17:57:48.673+0800][458.375s] GC(36)   Merge Heap Roots: 0.1ms
[2022-03-28T17:57:48.673+0800][458.375s] GC(36)   Evacuate Collection Set: 13.8ms
[2022-03-28T17:57:48.673+0800][458.375s] GC(36)   Post Evacuate Collection Set: 0.4ms
[2022-03-28T17:57:48.673+0800][458.375s] GC(36)   Other: 0.2ms
[2022-03-28T17:57:48.673+0800][458.375s] GC(36) Eden regions: 21->0(21)
[2022-03-28T17:57:48.673+0800][458.375s] GC(36) Survivor regions: 4->4(4)
[2022-03-28T17:57:48.673+0800][458.375s] GC(36) Old regions: 411->423
[2022-03-28T17:57:48.673+0800][458.375s] GC(36) Archive regions: 0->0
[2022-03-28T17:57:48.673+0800][458.375s] GC(36) Humongous regions: 37->37
[2022-03-28T17:57:48.673+0800][458.375s] GC(36) Metaspace: 49954K(50368K)->49954K(50368K) NonClass: 43994K(44224K)->43994K(44224K) Class: 5959K(6144K)->5959K(6144K)
[2022-03-28T17:57:48.673+0800][458.375s] GC(36) Pause Young (Normal) (G1 Evacuation Pause) 466M->458M(512M) 14.758ms
[2022-03-28T17:57:48.673+0800][458.375s] GC(36) User=0.06s Sys=0.00s Real=0.01s
[2022-03-28T17:57:48.728+0800][458.430s] GC(37) Pause Young (Normal) (G1 Evacuation Pause)
[2022-03-28T17:57:48.728+0800][458.430s] GC(37) Using 8 workers of 8 for evacuation
[2022-03-28T17:57:48.751+0800][458.453s] GC(37)   Pre Evacuate Collection Set: 0.1ms
[2022-03-28T17:57:48.751+0800][458.453s] GC(37)   Merge Heap Roots: 0.2ms
[2022-03-28T17:57:48.751+0800][458.453s] GC(37)   Evacuate Collection Set: 22.4ms
[2022-03-28T17:57:48.751+0800][458.453s] GC(37)   Post Evacuate Collection Set: 0.4ms
[2022-03-28T17:57:48.751+0800][458.453s] GC(37)   Other: 0.2ms
[2022-03-28T17:57:48.751+0800][458.453s] GC(37) Eden regions: 21->0(21)
[2022-03-28T17:57:48.751+0800][458.453s] GC(37) Survivor regions: 4->4(4)
[2022-03-28T17:57:48.751+0800][458.453s] GC(37) Old regions: 423->436
[2022-03-28T17:57:48.751+0800][458.453s] GC(37) Archive regions: 0->0
[2022-03-28T17:57:48.751+0800][458.453s] GC(37) Humongous regions: 37->37
[2022-03-28T17:57:48.751+0800][458.453s] GC(37) Metaspace: 49954K(50368K)->49954K(50368K) NonClass: 43994K(44224K)->43994K(44224K) Class: 5959K(6144K)->5959K(6144K)
[2022-03-28T17:57:48.751+0800][458.453s] GC(37) Pause Young (Normal) (G1 Evacuation Pause) 479M->471M(512M) 23.573ms
[2022-03-28T17:57:48.751+0800][458.453s] GC(37) User=0.23s Sys=0.00s Real=0.02s
[2022-03-28T17:57:48.821+0800][458.523s] GC(38) Pause Young (Normal) (G1 Preventive Collection)
[2022-03-28T17:57:48.822+0800][458.523s] GC(38) Using 8 workers of 8 for evacuation
[2022-03-28T17:57:48.834+0800][458.536s] GC(38)   Pre Evacuate Collection Set: 0.1ms
[2022-03-28T17:57:48.834+0800][458.536s] GC(38)   Merge Heap Roots: 0.2ms
[2022-03-28T17:57:48.834+0800][458.536s] GC(38)   Evacuate Collection Set: 12.2ms
[2022-03-28T17:57:48.834+0800][458.536s] GC(38)   Post Evacuate Collection Set: 0.3ms
[2022-03-28T17:57:48.834+0800][458.536s] GC(38)   Other: 0.2ms
[2022-03-28T17:57:48.834+0800][458.536s] GC(38) Eden regions: 16->0(21)
[2022-03-28T17:57:48.834+0800][458.536s] GC(38) Survivor regions: 4->4(4)
[2022-03-28T17:57:48.834+0800][458.536s] GC(38) Old regions: 436->447
[2022-03-28T17:57:48.834+0800][458.536s] GC(38) Archive regions: 0->0
[2022-03-28T17:57:48.834+0800][458.536s] GC(38) Humongous regions: 40->40
[2022-03-28T17:57:48.834+0800][458.536s] GC(38) Metaspace: 49954K(50368K)->49954K(50368K) NonClass: 43994K(44224K)->43994K(44224K) Class: 5959K(6144K)->5959K(6144K)
[2022-03-28T17:57:48.835+0800][458.536s] GC(38) Pause Young (Normal) (G1 Preventive Collection) 490M->485M(512M) 13.153ms
[2022-03-28T17:57:48.835+0800][458.536s] GC(38) User=0.00s Sys=0.02s Real=0.01s
[2022-03-28T17:57:48.851+0800][458.553s] GC(39) Pause Young (Normal) (G1 Preventive Collection)
[2022-03-28T17:57:48.851+0800][458.553s] GC(39) Using 8 workers of 8 for evacuation
[2022-03-28T17:57:48.867+0800][458.569s] GC(39)   Pre Evacuate Collection Set: 0.1ms
[2022-03-28T17:57:48.867+0800][458.569s] GC(39)   Merge Heap Roots: 0.1ms
[2022-03-28T17:57:48.867+0800][458.569s] GC(39)   Evacuate Collection Set: 15.4ms
[2022-03-28T17:57:48.867+0800][458.569s] GC(39)   Post Evacuate Collection Set: 0.3ms
[2022-03-28T17:57:48.867+0800][458.569s] GC(39)   Other: 0.2ms
[2022-03-28T17:57:48.867+0800][458.569s] GC(39) Eden regions: 10->0(21)
[2022-03-28T17:57:48.867+0800][458.569s] GC(39) Survivor regions: 4->4(4)
[2022-03-28T17:57:48.867+0800][458.569s] GC(39) Old regions: 447->454
[2022-03-28T17:57:48.867+0800][458.569s] GC(39) Archive regions: 0->0
[2022-03-28T17:57:48.867+0800][458.569s] GC(39) Humongous regions: 40->40
[2022-03-28T17:57:48.867+0800][458.569s] GC(39) Metaspace: 49954K(50368K)->49954K(50368K) NonClass: 43994K(44224K)->43994K(44224K) Class: 5959K(6144K)->5959K(6144K)
[2022-03-28T17:57:48.867+0800][458.569s] GC(39) Pause Young (Normal) (G1 Preventive Collection) 495M->492M(512M) 16.198ms
[2022-03-28T17:57:48.867+0800][458.569s] GC(39) User=0.11s Sys=0.00s Real=0.02s
[2022-03-28T17:57:48.882+0800][458.584s] GC(40) Pause Young (Normal) (G1 Preventive Collection)
[2022-03-28T17:57:48.882+0800][458.584s] GC(40) Using 8 workers of 8 for evacuation
[2022-03-28T17:57:48.894+0800][458.595s] GC(40)   Pre Evacuate Collection Set: 0.3ms
[2022-03-28T17:57:48.894+0800][458.595s] GC(40)   Merge Heap Roots: 0.1ms
[2022-03-28T17:57:48.894+0800][458.595s] GC(40)   Evacuate Collection Set: 10.4ms
[2022-03-28T17:57:48.894+0800][458.595s] GC(40)   Post Evacuate Collection Set: 0.3ms
[2022-03-28T17:57:48.894+0800][458.596s] GC(40)   Other: 0.3ms
[2022-03-28T17:57:48.894+0800][458.596s] GC(40) Eden regions: 5->0(21)
[2022-03-28T17:57:48.894+0800][458.596s] GC(40) Survivor regions: 4->4(4)
[2022-03-28T17:57:48.894+0800][458.596s] GC(40) Old regions: 454->459
[2022-03-28T17:57:48.894+0800][458.596s] GC(40) Archive regions: 0->0
[2022-03-28T17:57:48.894+0800][458.596s] GC(40) Humongous regions: 40->40
[2022-03-28T17:57:48.894+0800][458.596s] GC(40) Metaspace: 49954K(50368K)->49954K(50368K) NonClass: 43994K(44224K)->43994K(44224K) Class: 5959K(6144K)->5959K(6144K)
[2022-03-28T17:57:48.894+0800][458.596s] GC(40) Pause Young (Normal) (G1 Preventive Collection) 497M->496M(512M) 11.909ms
[2022-03-28T17:57:48.894+0800][458.596s] GC(40) User=0.11s Sys=0.00s Real=0.01s
[2022-03-28T17:57:48.899+0800][458.600s] GC(41) Pause Young (Normal) (G1 Preventive Collection)
[2022-03-28T17:57:48.899+0800][458.601s] GC(41) Using 8 workers of 8 for evacuation
[2022-03-28T17:57:48.905+0800][458.607s] GC(41)   Pre Evacuate Collection Set: 0.1ms
[2022-03-28T17:57:48.905+0800][458.607s] GC(41)   Merge Heap Roots: 0.1ms
[2022-03-28T17:57:48.906+0800][458.607s] GC(41)   Evacuate Collection Set: 6.1ms
[2022-03-28T17:57:48.906+0800][458.607s] GC(41)   Post Evacuate Collection Set: 0.3ms
[2022-03-28T17:57:48.906+0800][458.607s] GC(41)   Other: 0.2ms
[2022-03-28T17:57:48.906+0800][458.607s] GC(41) Eden regions: 3->0(23)
[2022-03-28T17:57:48.906+0800][458.607s] GC(41) Survivor regions: 4->2(4)
[2022-03-28T17:57:48.906+0800][458.607s] GC(41) Old regions: 459->462
[2022-03-28T17:57:48.906+0800][458.607s] GC(41) Archive regions: 0->0
[2022-03-28T17:57:48.906+0800][458.607s] GC(41) Humongous regions: 40->40
[2022-03-28T17:57:48.906+0800][458.608s] GC(41) Metaspace: 49954K(50368K)->49954K(50368K) NonClass: 43994K(44224K)->43994K(44224K) Class: 5959K(6144K)->5959K(6144K)
[2022-03-28T17:57:48.906+0800][458.608s] GC(41) Pause Young (Normal) (G1 Preventive Collection) 499M->498M(512M) 7.119ms
[2022-03-28T17:57:48.906+0800][458.608s] GC(41) User=0.09s Sys=0.00s Real=0.01s
[2022-03-28T17:57:48.915+0800][458.617s] GC(42) Pause Young (Normal) (G1 Preventive Collection)
[2022-03-28T17:57:48.915+0800][458.617s] GC(42) Using 8 workers of 8 for evacuation
[2022-03-28T17:57:48.921+0800][458.622s] GC(42)   Pre Evacuate Collection Set: 0.1ms
[2022-03-28T17:57:48.921+0800][458.622s] GC(42)   Merge Heap Roots: 0.1ms
[2022-03-28T17:57:48.921+0800][458.622s] GC(42)   Evacuate Collection Set: 4.7ms
[2022-03-28T17:57:48.921+0800][458.622s] GC(42)   Post Evacuate Collection Set: 0.4ms
[2022-03-28T17:57:48.921+0800][458.622s] GC(42)   Other: 0.2ms
[2022-03-28T17:57:48.921+0800][458.622s] GC(42) Eden regions: 3->0(21)
[2022-03-28T17:57:48.921+0800][458.622s] GC(42) Survivor regions: 2->4(4)
[2022-03-28T17:57:48.921+0800][458.622s] GC(42) Old regions: 462->462
[2022-03-28T17:57:48.921+0800][458.622s] GC(42) Archive regions: 0->0
[2022-03-28T17:57:48.921+0800][458.622s] GC(42) Humongous regions: 40->40
[2022-03-28T17:57:48.921+0800][458.622s] GC(42) Metaspace: 49954K(50368K)->49954K(50368K) NonClass: 43994K(44224K)->43994K(44224K) Class: 5959K(6144K)->5959K(6144K)
[2022-03-28T17:57:48.921+0800][458.623s] GC(42) Pause Young (Normal) (G1 Preventive Collection) 501M->499M(512M) 5.743ms
[2022-03-28T17:57:48.921+0800][458.623s] GC(42) User=0.03s Sys=0.00s Real=0.01s
[2022-03-28T17:57:48.923+0800][458.624s] GC(43) Pause Young (Normal) (G1 Preventive Collection)
[2022-03-28T17:57:48.923+0800][458.624s] GC(43) Using 8 workers of 8 for evacuation
[2022-03-28T17:57:48.927+0800][458.628s] GC(43)   Pre Evacuate Collection Set: 0.1ms
[2022-03-28T17:57:48.927+0800][458.628s] GC(43)   Merge Heap Roots: 0.1ms
[2022-03-28T17:57:48.927+0800][458.628s] GC(43)   Evacuate Collection Set: 3.6ms
[2022-03-28T17:57:48.927+0800][458.628s] GC(43)   Post Evacuate Collection Set: 0.2ms
[2022-03-28T17:57:48.927+0800][458.628s] GC(43)   Other: 0.1ms
[2022-03-28T17:57:48.927+0800][458.628s] GC(43) Eden regions: 1->0(22)
[2022-03-28T17:57:48.927+0800][458.628s] GC(43) Survivor regions: 4->3(4)
[2022-03-28T17:57:48.927+0800][458.628s] GC(43) Old regions: 462->464
[2022-03-28T17:57:48.927+0800][458.628s] GC(43) Archive regions: 0->0
[2022-03-28T17:57:48.927+0800][458.628s] GC(43) Humongous regions: 40->40
[2022-03-28T17:57:48.927+0800][458.628s] GC(43) Metaspace: 49954K(50368K)->49954K(50368K) NonClass: 43994K(44224K)->43994K(44224K) Class: 5959K(6144K)->5959K(6144K)
[2022-03-28T17:57:48.927+0800][458.628s] GC(43) Pause Young (Normal) (G1 Preventive Collection) 500M->500M(512M) 4.165ms
[2022-03-28T17:57:48.927+0800][458.629s] GC(43) User=0.00s Sys=0.00s Real=0.00s
[2022-03-28T17:57:48.930+0800][458.632s] GC(44) Pause Young (Normal) (G1 Preventive Collection)
[2022-03-28T17:57:48.930+0800][458.632s] GC(44) Using 8 workers of 8 for evacuation
[2022-03-28T17:57:48.936+0800][458.637s] GC(44)   Pre Evacuate Collection Set: 0.1ms
[2022-03-28T17:57:48.936+0800][458.637s] GC(44)   Merge Heap Roots: 0.1ms
[2022-03-28T17:57:48.936+0800][458.637s] GC(44)   Evacuate Collection Set: 4.2ms
[2022-03-28T17:57:48.936+0800][458.637s] GC(44)   Post Evacuate Collection Set: 0.4ms
[2022-03-28T17:57:48.936+0800][458.637s] GC(44)   Other: 0.2ms
[2022-03-28T17:57:48.936+0800][458.637s] GC(44) Eden regions: 1->0(23)
[2022-03-28T17:57:48.936+0800][458.637s] GC(44) Survivor regions: 3->2(4)
[2022-03-28T17:57:48.936+0800][458.637s] GC(44) Old regions: 464->466
[2022-03-28T17:57:48.936+0800][458.637s] GC(44) Archive regions: 0->0
[2022-03-28T17:57:48.936+0800][458.637s] GC(44) Humongous regions: 40->40
[2022-03-28T17:57:48.936+0800][458.637s] GC(44) Metaspace: 49954K(50368K)->49954K(50368K) NonClass: 43994K(44224K)->43994K(44224K) Class: 5959K(6144K)->5959K(6144K)
[2022-03-28T17:57:48.936+0800][458.637s] GC(44) Pause Young (Normal) (G1 Preventive Collection) 501M->501M(512M) 5.201ms
[2022-03-28T17:57:48.936+0800][458.637s] GC(44) User=0.08s Sys=0.00s Real=0.01s
[2022-03-28T17:57:48.938+0800][458.639s] GC(45) Pause Young (Normal) (G1 Preventive Collection)
[2022-03-28T17:57:48.938+0800][458.640s] GC(45) Using 8 workers of 8 for evacuation
[2022-03-28T17:57:48.940+0800][458.642s] GC(45)   Pre Evacuate Collection Set: 0.1ms
[2022-03-28T17:57:48.941+0800][458.642s] GC(45)   Merge Heap Roots: 0.1ms
[2022-03-28T17:57:48.941+0800][458.642s] GC(45)   Evacuate Collection Set: 2.2ms
[2022-03-28T17:57:48.941+0800][458.642s] GC(45)   Post Evacuate Collection Set: 0.2ms
[2022-03-28T17:57:48.941+0800][458.642s] GC(45)   Other: 0.2ms
[2022-03-28T17:57:48.941+0800][458.642s] GC(45) Eden regions: 1->0(23)
[2022-03-28T17:57:48.941+0800][458.642s] GC(45) Survivor regions: 2->2(3)
[2022-03-28T17:57:48.941+0800][458.642s] GC(45) Old regions: 466->466
[2022-03-28T17:57:48.941+0800][458.642s] GC(45) Archive regions: 0->0
[2022-03-28T17:57:48.941+0800][458.642s] GC(45) Humongous regions: 40->40
[2022-03-28T17:57:48.941+0800][458.642s] GC(45) Metaspace: 49954K(50368K)->49954K(50368K) NonClass: 43994K(44224K)->43994K(44224K) Class: 5959K(6144K)->5959K(6144K)
[2022-03-28T17:57:48.941+0800][458.642s] GC(45) Pause Young (Normal) (G1 Preventive Collection) 502M->501M(512M) 2.970ms
[2022-03-28T17:57:48.941+0800][458.642s] GC(45) User=0.00s Sys=0.00s Real=0.00s
[2022-03-28T17:57:48.942+0800][458.644s] GC(46) Pause Young (Normal) (G1 Preventive Collection)
[2022-03-28T17:57:48.942+0800][458.645s] GC(46) Using 8 workers of 8 for evacuation
[2022-03-28T17:57:48.946+0800][458.647s] GC(46)   Pre Evacuate Collection Set: 0.1ms
[2022-03-28T17:57:48.946+0800][458.647s] GC(46)   Merge Heap Roots: 0.1ms
[2022-03-28T17:57:48.946+0800][458.647s] GC(46)   Evacuate Collection Set: 2.4ms
[2022-03-28T17:57:48.946+0800][458.647s] GC(46)   Post Evacuate Collection Set: 0.2ms
[2022-03-28T17:57:48.946+0800][458.647s] GC(46)   Other: 0.1ms
[2022-03-28T17:57:48.946+0800][458.647s] GC(46) Eden regions: 1->0(22)
[2022-03-28T17:57:48.946+0800][458.647s] GC(46) Survivor regions: 2->3(3)
[2022-03-28T17:57:48.946+0800][458.647s] GC(46) Old regions: 466->466
[2022-03-28T17:57:48.946+0800][458.647s] GC(46) Archive regions: 0->0
[2022-03-28T17:57:48.946+0800][458.647s] GC(46) Humongous regions: 40->40
[2022-03-28T17:57:48.946+0800][458.647s] GC(46) Metaspace: 49954K(50368K)->49954K(50368K) NonClass: 43994K(44224K)->43994K(44224K) Class: 5959K(6144K)->5959K(6144K)
[2022-03-28T17:57:48.946+0800][458.648s] GC(46) Pause Young (Normal) (G1 Preventive Collection) 502M->502M(512M) 3.014ms
[2022-03-28T17:57:48.946+0800][458.648s] GC(46) User=0.00s Sys=0.00s Real=0.00s
[2022-03-28T17:57:48.948+0800][458.650s] GC(47) Pause Young (Normal) (G1 Preventive Collection)
[2022-03-28T17:57:48.948+0800][458.650s] GC(47) Using 8 workers of 8 for evacuation
[2022-03-28T17:57:48.952+0800][458.654s] GC(47)   Pre Evacuate Collection Set: 0.1ms
[2022-03-28T17:57:48.952+0800][458.654s] GC(47)   Merge Heap Roots: 0.1ms
[2022-03-28T17:57:48.952+0800][458.654s] GC(47)   Evacuate Collection Set: 3.6ms
[2022-03-28T17:57:48.952+0800][458.654s] GC(47)   Post Evacuate Collection Set: 0.2ms
[2022-03-28T17:57:48.952+0800][458.654s] GC(47)   Other: 0.1ms
[2022-03-28T17:57:48.952+0800][458.654s] GC(47) Eden regions: 1->0(23)
[2022-03-28T17:57:48.952+0800][458.654s] GC(47) Survivor regions: 3->2(2)
[2022-03-28T17:57:48.952+0800][458.654s] GC(47) Old regions: 466->466
[2022-03-28T17:57:48.952+0800][458.654s] GC(47) Archive regions: 0->0
[2022-03-28T17:57:48.952+0800][458.654s] GC(47) Humongous regions: 40->40
[2022-03-28T17:57:48.952+0800][458.654s] GC(47) Metaspace: 49954K(50368K)->49954K(50368K) NonClass: 43994K(44224K)->43994K(44224K) Class: 5959K(6144K)->5959K(6144K)
[2022-03-28T17:57:48.952+0800][458.654s] GC(47) Pause Young (Normal) (G1 Preventive Collection) 503M->502M(512M) 4.231ms
[2022-03-28T17:57:48.952+0800][458.654s] GC(47) User=0.00s Sys=0.00s Real=0.00s
[2022-03-28T17:57:48.953+0800][458.655s] GC(48) Pause Young (Normal) (G1 Preventive Collection)
[2022-03-28T17:57:48.953+0800][458.655s] GC(48) Using 8 workers of 8 for evacuation
[2022-03-28T17:57:48.958+0800][458.659s] GC(48)   Pre Evacuate Collection Set: 0.1ms
[2022-03-28T17:57:48.958+0800][458.659s] GC(48)   Merge Heap Roots: 0.1ms
[2022-03-28T17:57:48.958+0800][458.659s] GC(48)   Evacuate Collection Set: 3.3ms
[2022-03-28T17:57:48.958+0800][458.659s] GC(48)   Post Evacuate Collection Set: 0.2ms
[2022-03-28T17:57:48.958+0800][458.659s] GC(48)   Other: 0.1ms
[2022-03-28T17:57:48.958+0800][458.659s] GC(48) Eden regions: 1->0(22)
[2022-03-28T17:57:48.958+0800][458.659s] GC(48) Survivor regions: 2->3(3)
[2022-03-28T17:57:48.958+0800][458.659s] GC(48) Old regions: 466->466
[2022-03-28T17:57:48.958+0800][458.659s] GC(48) Archive regions: 0->0
[2022-03-28T17:57:48.958+0800][458.659s] GC(48) Humongous regions: 40->40
[2022-03-28T17:57:48.958+0800][458.659s] GC(48) Metaspace: 49954K(50368K)->49954K(50368K) NonClass: 43994K(44224K)->43994K(44224K) Class: 5959K(6144K)->5959K(6144K)
[2022-03-28T17:57:48.958+0800][458.659s] GC(48) Pause Young (Normal) (G1 Preventive Collection) 503M->503M(512M) 4.031ms
[2022-03-28T17:57:48.958+0800][458.659s] GC(48) User=0.00s Sys=0.00s Real=0.00s
[2022-03-28T17:57:48.961+0800][458.663s] GC(49) Pause Young (Normal) (G1 Preventive Collection)
[2022-03-28T17:57:48.961+0800][458.663s] GC(49) Using 8 workers of 8 for evacuation
[2022-03-28T17:57:48.968+0800][458.669s] GC(49) To-space exhausted
[2022-03-28T17:57:48.968+0800][458.669s] GC(49)   Pre Evacuate Collection Set: 0.1ms
[2022-03-28T17:57:48.968+0800][458.669s] GC(49)   Merge Heap Roots: 0.1ms
[2022-03-28T17:57:48.968+0800][458.669s] GC(49)   Evacuate Collection Set: 4.9ms
[2022-03-28T17:57:48.968+0800][458.670s] GC(49)   Post Evacuate Collection Set: 1.5ms
[2022-03-28T17:57:48.968+0800][458.670s] GC(49)   Other: 0.2ms
[2022-03-28T17:57:48.968+0800][458.670s] GC(49) Eden regions: 1->0(24)
[2022-03-28T17:57:48.968+0800][458.670s] GC(49) Survivor regions: 3->1(2)
[2022-03-28T17:57:48.968+0800][458.670s] GC(49) Old regions: 466->471
[2022-03-28T17:57:48.968+0800][458.670s] GC(49) Archive regions: 0->0
[2022-03-28T17:57:48.968+0800][458.670s] GC(49) Humongous regions: 40->40
[2022-03-28T17:57:48.968+0800][458.670s] GC(49) Metaspace: 49954K(50368K)->49954K(50368K) NonClass: 43994K(44224K)->43994K(44224K) Class: 5959K(6144K)->5959K(6144K)
[2022-03-28T17:57:48.968+0800][458.670s] GC(49) Pause Young (Normal) (G1 Preventive Collection) 504M->506M(512M) 6.874ms
[2022-03-28T17:57:48.968+0800][458.670s] GC(49) User=0.12s Sys=0.00s Real=0.01s
[2022-03-28T17:57:48.968+0800][458.670s] Attempting full compaction
[2022-03-28T17:57:48.968+0800][458.670s] GC(50) Using 8 workers of 8 for full compaction
[2022-03-28T17:57:48.968+0800][458.670s] GC(50) Pause Full (G1 Compaction Pause)
[2022-03-28T17:57:48.969+0800][458.670s] GC(50) Phase 1: Mark live objects
[2022-03-28T17:57:49.185+0800][458.887s] GC(50) Phase 1: Mark live objects 216.632ms
[2022-03-28T17:57:49.185+0800][458.887s] GC(50) Phase 2: Prepare for compaction
[2022-03-28T17:57:49.189+0800][458.890s] GC(50) Phase 2: Prepare for compaction 3.433ms
[2022-03-28T17:57:49.189+0800][458.890s] GC(50) Phase 3: Adjust pointers
[2022-03-28T17:57:49.243+0800][458.944s] GC(50) Phase 3: Adjust pointers 54.123ms
[2022-03-28T17:57:49.243+0800][458.944s] GC(50) Phase 4: Compact heap
[2022-03-28T17:57:49.246+0800][458.948s] GC(50) Phase 4: Compact heap 3.044ms
[2022-03-28T17:57:49.252+0800][458.954s] GC(50) Eden regions: 0->0(25)
[2022-03-28T17:57:49.253+0800][458.954s] GC(50) Survivor regions: 1->0(2)
[2022-03-28T17:57:49.253+0800][458.954s] GC(50) Old regions: 471->462
[2022-03-28T17:57:49.253+0800][458.954s] GC(50) Archive regions: 0->0
[2022-03-28T17:57:49.253+0800][458.954s] GC(50) Humongous regions: 40->37
[2022-03-28T17:57:49.253+0800][458.954s] GC(50) Metaspace: 49954K(50368K)->49954K(50368K) NonClass: 43994K(44224K)->43994K(44224K) Class: 5959K(6144K)->5959K(6144K)
[2022-03-28T17:57:49.253+0800][458.954s] GC(50) Pause Full (G1 Compaction Pause) 506M->495M(512M) 284.453ms
[2022-03-28T17:57:49.254+0800][458.955s] GC(50) User=2.06s Sys=0.02s Real=0.29s
[2022-03-28T17:57:49.254+0800][458.955s] GC(34) Concurrent Mark From Roots 730.364ms
[2022-03-28T17:57:49.254+0800][458.955s] GC(34) Concurrent Mark Abort
[2022-03-28T17:57:49.254+0800][458.955s] GC(34) Concurrent Mark Cycle 731.871ms
[2022-03-28T17:57:49.276+0800][458.978s] GC(51) Pause Young (Normal) (G1 Preventive Collection)
[2022-03-28T17:57:49.276+0800][458.978s] GC(51) Using 8 workers of 8 for evacuation
[2022-03-28T17:57:49.281+0800][458.983s] GC(51)   Pre Evacuate Collection Set: 0.1ms
[2022-03-28T17:57:49.281+0800][458.983s] GC(51)   Merge Heap Roots: 0.1ms
[2022-03-28T17:57:49.281+0800][458.983s] GC(51)   Evacuate Collection Set: 4.6ms
[2022-03-28T17:57:49.281+0800][458.983s] GC(51)   Post Evacuate Collection Set: 0.4ms
[2022-03-28T17:57:49.281+0800][458.983s] GC(51)   Other: 0.2ms
[2022-03-28T17:57:49.281+0800][458.983s] GC(51) Eden regions: 7->0(21)
[2022-03-28T17:57:49.281+0800][458.983s] GC(51) Survivor regions: 0->4(4)
[2022-03-28T17:57:49.281+0800][458.983s] GC(51) Old regions: 462->463
[2022-03-28T17:57:49.281+0800][458.983s] GC(51) Archive regions: 0->0
[2022-03-28T17:57:49.281+0800][458.983s] GC(51) Humongous regions: 37->37
[2022-03-28T17:57:49.281+0800][458.983s] GC(51) Metaspace: 49954K(50368K)->49954K(50368K) NonClass: 43994K(44224K)->43994K(44224K) Class: 5959K(6144K)->5959K(6144K)
[2022-03-28T17:57:49.281+0800][458.983s] GC(51) Pause Young (Normal) (G1 Preventive Collection) 502M->499M(512M) 5.476ms
[2022-03-28T17:57:49.281+0800][458.983s] GC(51) User=0.00s Sys=0.00s Real=0.00s
[2022-03-28T17:57:49.346+0800][459.048s] GC(52) Pause Young (Concurrent Start) (G1 Preventive Collection)
[2022-03-28T17:57:49.346+0800][459.048s] GC(52) Using 8 workers of 8 for evacuation
[2022-03-28T17:57:49.360+0800][459.063s] GC(52) To-space exhausted
[2022-03-28T17:57:49.361+0800][459.063s] GC(52)   Pre Evacuate Collection Set: 0.1ms
[2022-03-28T17:57:49.361+0800][459.063s] GC(52)   Merge Heap Roots: 0.1ms
[2022-03-28T17:57:49.361+0800][459.063s] GC(52)   Evacuate Collection Set: 10.4ms
[2022-03-28T17:57:49.361+0800][459.063s] GC(52)   Post Evacuate Collection Set: 3.7ms
[2022-03-28T17:57:49.361+0800][459.063s] GC(52)   Other: 0.4ms
[2022-03-28T17:57:49.361+0800][459.063s] GC(52) Eden regions: 4->0(23)
[2022-03-28T17:57:49.361+0800][459.063s] GC(52) Survivor regions: 4->2(4)
[2022-03-28T17:57:49.361+0800][459.063s] GC(52) Old regions: 463->469
[2022-03-28T17:57:49.361+0800][459.063s] GC(52) Archive regions: 0->0
[2022-03-28T17:57:49.361+0800][459.063s] GC(52) Humongous regions: 37->37
[2022-03-28T17:57:49.361+0800][459.063s] GC(52) Metaspace: 49959K(50368K)->49959K(50368K) NonClass: 44000K(44224K)->44000K(44224K) Class: 5959K(6144K)->5959K(6144K)
[2022-03-28T17:57:49.361+0800][459.063s] GC(52) Pause Young (Concurrent Start) (G1 Preventive Collection) 503M->504M(512M) 14.968ms
[2022-03-28T17:57:49.361+0800][459.063s] GC(52) User=0.12s Sys=0.00s Real=0.02s
[2022-03-28T17:57:49.361+0800][459.063s] GC(53) Concurrent Mark Cycle
[2022-03-28T17:57:49.361+0800][459.063s] GC(53) Concurrent Clear Claimed Marks
[2022-03-28T17:57:49.361+0800][459.063s] GC(53) Concurrent Clear Claimed Marks 0.039ms
[2022-03-28T17:57:49.361+0800][459.063s] GC(53) Concurrent Scan Root Regions
[2022-03-28T17:57:49.365+0800][459.066s] GC(53) Concurrent Scan Root Regions 2.744ms
[2022-03-28T17:57:49.365+0800][459.066s] GC(53) Concurrent Mark
[2022-03-28T17:57:49.365+0800][459.066s] GC(53) Concurrent Mark From Roots
[2022-03-28T17:57:49.365+0800][459.066s] GC(53) Using 2 workers of 2 for marking
[2022-03-28T17:57:49.383+0800][459.085s] GC(54) Pause Young (Normal) (G1 Preventive Collection)
[2022-03-28T17:57:49.383+0800][459.085s] GC(54) Using 8 workers of 8 for evacuation
[2022-03-28T17:57:49.387+0800][459.088s] GC(54)   Pre Evacuate Collection Set: 0.1ms
[2022-03-28T17:57:49.387+0800][459.089s] GC(54)   Merge Heap Roots: 0.1ms
[2022-03-28T17:57:49.387+0800][459.089s] GC(54)   Evacuate Collection Set: 2.7ms
[2022-03-28T17:57:49.387+0800][459.089s] GC(54)   Post Evacuate Collection Set: 0.5ms
[2022-03-28T17:57:49.387+0800][459.089s] GC(54)   Other: 0.2ms
[2022-03-28T17:57:49.387+0800][459.089s] GC(54) Eden regions: 1->0(23)
[2022-03-28T17:57:49.387+0800][459.089s] GC(54) Survivor regions: 2->2(3)
[2022-03-28T17:57:49.387+0800][459.089s] GC(54) Old regions: 469->469
[2022-03-28T17:57:49.387+0800][459.089s] GC(54) Archive regions: 0->0
[2022-03-28T17:57:49.387+0800][459.089s] GC(54) Humongous regions: 37->37
[2022-03-28T17:57:49.387+0800][459.089s] GC(54) Metaspace: 49959K(50368K)->49959K(50368K) NonClass: 44000K(44224K)->44000K(44224K) Class: 5959K(6144K)->5959K(6144K)
[2022-03-28T17:57:49.387+0800][459.089s] GC(54) Pause Young (Normal) (G1 Preventive Collection) 505M->503M(512M) 3.815ms
[2022-03-28T17:57:49.387+0800][459.089s] GC(54) User=0.12s Sys=0.00s Real=0.00s
[2022-03-28T17:57:49.403+0800][459.105s] GC(55) Pause Young (Normal) (G1 Preventive Collection)
[2022-03-28T17:57:49.403+0800][459.105s] GC(55) Using 8 workers of 8 for evacuation
[2022-03-28T17:57:49.407+0800][459.108s] GC(55)   Pre Evacuate Collection Set: 0.1ms
[2022-03-28T17:57:49.407+0800][459.108s] GC(55)   Merge Heap Roots: 0.1ms
[2022-03-28T17:57:49.407+0800][459.108s] GC(55)   Evacuate Collection Set: 2.3ms
[2022-03-28T17:57:49.407+0800][459.108s] GC(55)   Post Evacuate Collection Set: 0.4ms
[2022-03-28T17:57:49.407+0800][459.108s] GC(55)   Other: 0.3ms
[2022-03-28T17:57:49.407+0800][459.109s] GC(55) Eden regions: 1->0(23)
[2022-03-28T17:57:49.407+0800][459.109s] GC(55) Survivor regions: 2->2(3)
[2022-03-28T17:57:49.407+0800][459.109s] GC(55) Old regions: 469->469
[2022-03-28T17:57:49.407+0800][459.109s] GC(55) Archive regions: 0->0
[2022-03-28T17:57:49.407+0800][459.109s] GC(55) Humongous regions: 37->37
[2022-03-28T17:57:49.407+0800][459.109s] GC(55) Metaspace: 49959K(50368K)->49959K(50368K) NonClass: 44000K(44224K)->44000K(44224K) Class: 5959K(6144K)->5959K(6144K)
[2022-03-28T17:57:49.407+0800][459.109s] GC(55) Pause Young (Normal) (G1 Preventive Collection) 504M->503M(512M) 3.518ms
[2022-03-28T17:57:49.407+0800][459.109s] GC(55) User=0.00s Sys=0.00s Real=0.00s
[2022-03-28T17:57:49.429+0800][459.130s] GC(56) Pause Young (Normal) (G1 Preventive Collection)
[2022-03-28T17:57:49.429+0800][459.130s] GC(56) Using 8 workers of 8 for evacuation
[2022-03-28T17:57:49.433+0800][459.135s] GC(56)   Pre Evacuate Collection Set: 0.2ms
[2022-03-28T17:57:49.433+0800][459.135s] GC(56)   Merge Heap Roots: 0.1ms
[2022-03-28T17:57:49.433+0800][459.135s] GC(56)   Evacuate Collection Set: 3.5ms
[2022-03-28T17:57:49.433+0800][459.135s] GC(56)   Post Evacuate Collection Set: 0.3ms
[2022-03-28T17:57:49.433+0800][459.135s] GC(56)   Other: 0.3ms
[2022-03-28T17:57:49.433+0800][459.135s] GC(56) Eden regions: 1->0(23)
[2022-03-28T17:57:49.433+0800][459.135s] GC(56) Survivor regions: 2->2(3)
[2022-03-28T17:57:49.433+0800][459.135s] GC(56) Old regions: 469->469
[2022-03-28T17:57:49.433+0800][459.135s] GC(56) Archive regions: 0->0
[2022-03-28T17:57:49.433+0800][459.135s] GC(56) Humongous regions: 37->37
[2022-03-28T17:57:49.433+0800][459.135s] GC(56) Metaspace: 49963K(50368K)->49963K(50368K) NonClass: 44003K(44224K)->44003K(44224K) Class: 5959K(6144K)->5959K(6144K)
[2022-03-28T17:57:49.433+0800][459.135s] GC(56) Pause Young (Normal) (G1 Preventive Collection) 504M->503M(512M) 4.670ms
[2022-03-28T17:57:49.433+0800][459.135s] GC(56) User=0.08s Sys=0.02s Real=0.00s
[2022-03-28T17:57:49.453+0800][459.155s] GC(57) Pause Young (Normal) (G1 Preventive Collection)
[2022-03-28T17:57:49.453+0800][459.155s] GC(57) Using 8 workers of 8 for evacuation
[2022-03-28T17:57:49.457+0800][459.158s] GC(57)   Pre Evacuate Collection Set: 0.1ms
[2022-03-28T17:57:49.457+0800][459.158s] GC(57)   Merge Heap Roots: 0.1ms
[2022-03-28T17:57:49.457+0800][459.158s] GC(57)   Evacuate Collection Set: 2.0ms
[2022-03-28T17:57:49.457+0800][459.158s] GC(57)   Post Evacuate Collection Set: 0.4ms
[2022-03-28T17:57:49.457+0800][459.158s] GC(57)   Other: 0.3ms
[2022-03-28T17:57:49.457+0800][459.158s] GC(57) Eden regions: 1->0(23)
[2022-03-28T17:57:49.457+0800][459.158s] GC(57) Survivor regions: 2->2(3)
[2022-03-28T17:57:49.457+0800][459.158s] GC(57) Old regions: 469->469
[2022-03-28T17:57:49.457+0800][459.158s] GC(57) Archive regions: 0->0
[2022-03-28T17:57:49.457+0800][459.158s] GC(57) Humongous regions: 37->37
[2022-03-28T17:57:49.457+0800][459.158s] GC(57) Metaspace: 49965K(50368K)->49965K(50368K) NonClass: 44005K(44224K)->44005K(44224K) Class: 5959K(6144K)->5959K(6144K)
[2022-03-28T17:57:49.457+0800][459.158s] GC(57) Pause Young (Normal) (G1 Preventive Collection) 504M->504M(512M) 3.161ms
[2022-03-28T17:57:49.457+0800][459.158s] GC(57) User=0.00s Sys=0.00s Real=0.00s
[2022-03-28T17:57:49.474+0800][459.176s] GC(58) Pause Young (Normal) (G1 Preventive Collection)
[2022-03-28T17:57:49.474+0800][459.176s] GC(58) Using 8 workers of 8 for evacuation
[2022-03-28T17:57:49.476+0800][459.178s] GC(58)   Pre Evacuate Collection Set: 0.1ms
[2022-03-28T17:57:49.476+0800][459.178s] GC(58)   Merge Heap Roots: 0.1ms
[2022-03-28T17:57:49.476+0800][459.178s] GC(58)   Evacuate Collection Set: 1.4ms
[2022-03-28T17:57:49.476+0800][459.178s] GC(58)   Post Evacuate Collection Set: 0.3ms
[2022-03-28T17:57:49.476+0800][459.178s] GC(58)   Other: 0.2ms
[2022-03-28T17:57:49.476+0800][459.178s] GC(58) Eden regions: 1->0(23)
[2022-03-28T17:57:49.476+0800][459.178s] GC(58) Survivor regions: 2->2(3)
[2022-03-28T17:57:49.476+0800][459.178s] GC(58) Old regions: 469->469
[2022-03-28T17:57:49.476+0800][459.178s] GC(58) Archive regions: 0->0
[2022-03-28T17:57:49.476+0800][459.178s] GC(58) Humongous regions: 37->37
[2022-03-28T17:57:49.476+0800][459.178s] GC(58) Metaspace: 49965K(50368K)->49965K(50368K) NonClass: 44005K(44224K)->44005K(44224K) Class: 5959K(6144K)->5959K(6144K)
[2022-03-28T17:57:49.476+0800][459.178s] GC(58) Pause Young (Normal) (G1 Preventive Collection) 505M->503M(512M) 2.120ms
[2022-03-28T17:57:49.476+0800][459.178s] GC(58) User=0.00s Sys=0.00s Real=0.00s
[2022-03-28T17:57:49.498+0800][459.200s] GC(59) Pause Young (Normal) (G1 Preventive Collection)
[2022-03-28T17:57:49.498+0800][459.200s] GC(59) Using 8 workers of 8 for evacuation
[2022-03-28T17:57:49.501+0800][459.202s] GC(59)   Pre Evacuate Collection Set: 0.1ms
[2022-03-28T17:57:49.501+0800][459.202s] GC(59)   Merge Heap Roots: 0.1ms
[2022-03-28T17:57:49.501+0800][459.202s] GC(59)   Evacuate Collection Set: 1.8ms
[2022-03-28T17:57:49.501+0800][459.202s] GC(59)   Post Evacuate Collection Set: 0.4ms
[2022-03-28T17:57:49.501+0800][459.202s] GC(59)   Other: 0.3ms
[2022-03-28T17:57:49.501+0800][459.203s] GC(59) Eden regions: 1->0(23)
[2022-03-28T17:57:49.501+0800][459.203s] GC(59) Survivor regions: 2->2(3)
[2022-03-28T17:57:49.501+0800][459.203s] GC(59) Old regions: 469->469
[2022-03-28T17:57:49.501+0800][459.203s] GC(59) Archive regions: 0->0
[2022-03-28T17:57:49.501+0800][459.203s] GC(59) Humongous regions: 37->37
[2022-03-28T17:57:49.501+0800][459.203s] GC(59) Metaspace: 49965K(50368K)->49965K(50368K) NonClass: 44005K(44224K)->44005K(44224K) Class: 5959K(6144K)->5959K(6144K)
[2022-03-28T17:57:49.501+0800][459.203s] GC(59) Pause Young (Normal) (G1 Preventive Collection) 504M->503M(512M) 2.824ms
[2022-03-28T17:57:49.501+0800][459.203s] GC(59) User=0.00s Sys=0.00s Real=0.00s
[2022-03-28T17:57:49.518+0800][459.219s] GC(60) Pause Young (Normal) (G1 Preventive Collection)
[2022-03-28T17:57:49.518+0800][459.219s] GC(60) Using 8 workers of 8 for evacuation
[2022-03-28T17:57:49.520+0800][459.221s] GC(60)   Pre Evacuate Collection Set: 0.1ms
[2022-03-28T17:57:49.520+0800][459.221s] GC(60)   Merge Heap Roots: 0.1ms
[2022-03-28T17:57:49.520+0800][459.221s] GC(60)   Evacuate Collection Set: 1.8ms
[2022-03-28T17:57:49.520+0800][459.221s] GC(60)   Post Evacuate Collection Set: 0.3ms
[2022-03-28T17:57:49.520+0800][459.222s] GC(60)   Other: 0.2ms
[2022-03-28T17:57:49.520+0800][459.222s] GC(60) Eden regions: 1->0(23)
[2022-03-28T17:57:49.520+0800][459.222s] GC(60) Survivor regions: 2->2(3)
[2022-03-28T17:57:49.520+0800][459.222s] GC(60) Old regions: 469->469
[2022-03-28T17:57:49.520+0800][459.222s] GC(60) Archive regions: 0->0
[2022-03-28T17:57:49.520+0800][459.222s] GC(60) Humongous regions: 37->37
[2022-03-28T17:57:49.520+0800][459.222s] GC(60) Metaspace: 49965K(50368K)->49965K(50368K) NonClass: 44005K(44224K)->44005K(44224K) Class: 5959K(6144K)->5959K(6144K)
[2022-03-28T17:57:49.520+0800][459.222s] GC(60) Pause Young (Normal) (G1 Preventive Collection) 504M->504M(512M) 2.805ms
[2022-03-28T17:57:49.520+0800][459.222s] GC(60) User=0.00s Sys=0.00s Real=0.00s
[2022-03-28T17:57:49.539+0800][459.241s] GC(61) Pause Young (Normal) (G1 Preventive Collection)
[2022-03-28T17:57:49.539+0800][459.241s] GC(61) Using 8 workers of 8 for evacuation
[2022-03-28T17:57:49.541+0800][459.243s] GC(61)   Pre Evacuate Collection Set: 0.0ms
[2022-03-28T17:57:49.541+0800][459.243s] GC(61)   Merge Heap Roots: 0.1ms
[2022-03-28T17:57:49.541+0800][459.243s] GC(61)   Evacuate Collection Set: 1.4ms
[2022-03-28T17:57:49.541+0800][459.243s] GC(61)   Post Evacuate Collection Set: 0.4ms
[2022-03-28T17:57:49.541+0800][459.243s] GC(61)   Other: 0.1ms
[2022-03-28T17:57:49.541+0800][459.243s] GC(61) Eden regions: 1->0(23)
[2022-03-28T17:57:49.541+0800][459.243s] GC(61) Survivor regions: 2->2(3)
[2022-03-28T17:57:49.541+0800][459.243s] GC(61) Old regions: 469->469
[2022-03-28T17:57:49.541+0800][459.243s] GC(61) Archive regions: 0->0
[2022-03-28T17:57:49.541+0800][459.243s] GC(61) Humongous regions: 37->37
[2022-03-28T17:57:49.541+0800][459.243s] GC(61) Metaspace: 49965K(50368K)->49965K(50368K) NonClass: 44005K(44224K)->44005K(44224K) Class: 5959K(6144K)->5959K(6144K)
[2022-03-28T17:57:49.541+0800][459.243s] GC(61) Pause Young (Normal) (G1 Preventive Collection) 505M->504M(512M) 2.214ms
[2022-03-28T17:57:49.541+0800][459.243s] GC(61) User=0.02s Sys=0.02s Real=0.00s
[2022-03-28T17:57:49.560+0800][459.262s] GC(62) Pause Young (Normal) (G1 Preventive Collection)
[2022-03-28T17:57:49.560+0800][459.262s] GC(62) Using 8 workers of 8 for evacuation
[2022-03-28T17:57:49.563+0800][459.265s] GC(62)   Pre Evacuate Collection Set: 0.1ms
[2022-03-28T17:57:49.563+0800][459.265s] GC(62)   Merge Heap Roots: 0.1ms
[2022-03-28T17:57:49.563+0800][459.265s] GC(62)   Evacuate Collection Set: 1.9ms
[2022-03-28T17:57:49.563+0800][459.265s] GC(62)   Post Evacuate Collection Set: 0.3ms
[2022-03-28T17:57:49.563+0800][459.265s] GC(62)   Other: 0.2ms
[2022-03-28T17:57:49.563+0800][459.265s] GC(62) Eden regions: 1->0(23)
[2022-03-28T17:57:49.563+0800][459.265s] GC(62) Survivor regions: 2->2(3)
[2022-03-28T17:57:49.563+0800][459.265s] GC(62) Old regions: 469->469
[2022-03-28T17:57:49.563+0800][459.265s] GC(62) Archive regions: 0->0
[2022-03-28T17:57:49.563+0800][459.265s] GC(62) Humongous regions: 37->37
[2022-03-28T17:57:49.563+0800][459.265s] GC(62) Metaspace: 49966K(50368K)->49966K(50368K) NonClass: 44006K(44224K)->44006K(44224K) Class: 5959K(6144K)->5959K(6144K)
[2022-03-28T17:57:49.563+0800][459.265s] GC(62) Pause Young (Normal) (G1 Preventive Collection) 505M->504M(512M) 2.961ms
[2022-03-28T17:57:49.563+0800][459.265s] GC(62) User=0.00s Sys=0.00s Real=0.00s
[2022-03-28T17:57:49.583+0800][459.285s] GC(63) Pause Young (Normal) (G1 Preventive Collection)
[2022-03-28T17:57:49.583+0800][459.285s] GC(63) Using 8 workers of 8 for evacuation
[2022-03-28T17:57:49.586+0800][459.287s] GC(63)   Pre Evacuate Collection Set: 0.1ms
[2022-03-28T17:57:49.586+0800][459.287s] GC(63)   Merge Heap Roots: 0.1ms
[2022-03-28T17:57:49.586+0800][459.287s] GC(63)   Evacuate Collection Set: 1.7ms
[2022-03-28T17:57:49.586+0800][459.287s] GC(63)   Post Evacuate Collection Set: 0.3ms
[2022-03-28T17:57:49.586+0800][459.287s] GC(63)   Other: 0.1ms
[2022-03-28T17:57:49.586+0800][459.287s] GC(63) Eden regions: 1->0(23)
[2022-03-28T17:57:49.586+0800][459.287s] GC(63) Survivor regions: 2->2(3)
[2022-03-28T17:57:49.586+0800][459.287s] GC(63) Old regions: 469->469
[2022-03-28T17:57:49.586+0800][459.287s] GC(63) Archive regions: 0->0
[2022-03-28T17:57:49.586+0800][459.287s] GC(63) Humongous regions: 37->37
[2022-03-28T17:57:49.586+0800][459.287s] GC(63) Metaspace: 49966K(50368K)->49966K(50368K) NonClass: 44006K(44224K)->44006K(44224K) Class: 5959K(6144K)->5959K(6144K)
[2022-03-28T17:57:49.586+0800][459.287s] GC(63) Pause Young (Normal) (G1 Preventive Collection) 505M->504M(512M) 2.450ms
[2022-03-28T17:57:49.586+0800][459.287s] GC(63) User=0.00s Sys=0.00s Real=0.00s
[2022-03-28T17:57:49.600+0800][459.302s] GC(64) Pause Young (Normal) (G1 Preventive Collection)
[2022-03-28T17:57:49.600+0800][459.302s] GC(64) Using 8 workers of 8 for evacuation
[2022-03-28T17:57:49.603+0800][459.304s] GC(64)   Pre Evacuate Collection Set: 0.1ms
[2022-03-28T17:57:49.603+0800][459.304s] GC(64)   Merge Heap Roots: 0.1ms
[2022-03-28T17:57:49.603+0800][459.304s] GC(64)   Evacuate Collection Set: 1.6ms
[2022-03-28T17:57:49.603+0800][459.304s] GC(64)   Post Evacuate Collection Set: 0.3ms
[2022-03-28T17:57:49.603+0800][459.304s] GC(64)   Other: 0.2ms
[2022-03-28T17:57:49.603+0800][459.304s] GC(64) Eden regions: 1->0(23)
[2022-03-28T17:57:49.603+0800][459.304s] GC(64) Survivor regions: 2->2(3)
[2022-03-28T17:57:49.603+0800][459.304s] GC(64) Old regions: 469->469
[2022-03-28T17:57:49.603+0800][459.304s] GC(64) Archive regions: 0->0
[2022-03-28T17:57:49.603+0800][459.304s] GC(64) Humongous regions: 37->37
[2022-03-28T17:57:49.603+0800][459.304s] GC(64) Metaspace: 49966K(50368K)->49966K(50368K) NonClass: 44006K(44224K)->44006K(44224K) Class: 5959K(6144K)->5959K(6144K)
[2022-03-28T17:57:49.603+0800][459.304s] GC(64) Pause Young (Normal) (G1 Preventive Collection) 505M->504M(512M) 2.494ms
[2022-03-28T17:57:49.603+0800][459.304s] GC(64) User=0.00s Sys=0.00s Real=0.00s
[2022-03-28T17:57:49.620+0800][459.322s] GC(65) Pause Young (Normal) (G1 Preventive Collection)
[2022-03-28T17:57:49.620+0800][459.322s] GC(65) Using 8 workers of 8 for evacuation
[2022-03-28T17:57:49.622+0800][459.324s] GC(65)   Pre Evacuate Collection Set: 0.1ms
[2022-03-28T17:57:49.622+0800][459.324s] GC(65)   Merge Heap Roots: 0.1ms
[2022-03-28T17:57:49.622+0800][459.324s] GC(65)   Evacuate Collection Set: 1.6ms
[2022-03-28T17:57:49.622+0800][459.324s] GC(65)   Post Evacuate Collection Set: 0.3ms
[2022-03-28T17:57:49.622+0800][459.324s] GC(65)   Other: 0.2ms
[2022-03-28T17:57:49.622+0800][459.324s] GC(65) Eden regions: 1->0(23)
[2022-03-28T17:57:49.622+0800][459.324s] GC(65) Survivor regions: 2->2(3)
[2022-03-28T17:57:49.622+0800][459.324s] GC(65) Old regions: 469->469
[2022-03-28T17:57:49.622+0800][459.324s] GC(65) Archive regions: 0->0
[2022-03-28T17:57:49.622+0800][459.324s] GC(65) Humongous regions: 37->37
[2022-03-28T17:57:49.622+0800][459.324s] GC(65) Metaspace: 49966K(50368K)->49966K(50368K) NonClass: 44006K(44224K)->44006K(44224K) Class: 5959K(6144K)->5959K(6144K)
[2022-03-28T17:57:49.622+0800][459.324s] GC(65) Pause Young (Normal) (G1 Preventive Collection) 505M->504M(512M) 2.414ms
[2022-03-28T17:57:49.622+0800][459.324s] GC(65) User=0.00s Sys=0.00s Real=0.00s
[2022-03-28T17:57:49.648+0800][459.349s] GC(66) Pause Young (Normal) (G1 Preventive Collection)
[2022-03-28T17:57:49.648+0800][459.349s] GC(66) Using 8 workers of 8 for evacuation
[2022-03-28T17:57:49.651+0800][459.352s] GC(66)   Pre Evacuate Collection Set: 0.1ms
[2022-03-28T17:57:49.651+0800][459.352s] GC(66)   Merge Heap Roots: 0.1ms
[2022-03-28T17:57:49.651+0800][459.352s] GC(66)   Evacuate Collection Set: 2.6ms
[2022-03-28T17:57:49.651+0800][459.352s] GC(66)   Post Evacuate Collection Set: 0.3ms
[2022-03-28T17:57:49.651+0800][459.352s] GC(66)   Other: 0.2ms
[2022-03-28T17:57:49.651+0800][459.352s] GC(66) Eden regions: 1->0(23)
[2022-03-28T17:57:49.651+0800][459.352s] GC(66) Survivor regions: 2->2(3)
[2022-03-28T17:57:49.651+0800][459.352s] GC(66) Old regions: 469->469
[2022-03-28T17:57:49.651+0800][459.352s] GC(66) Archive regions: 0->0
[2022-03-28T17:57:49.651+0800][459.352s] GC(66) Humongous regions: 37->37
[2022-03-28T17:57:49.651+0800][459.352s] GC(66) Metaspace: 49966K(50368K)->49966K(50368K) NonClass: 44006K(44224K)->44006K(44224K) Class: 5959K(6144K)->5959K(6144K)
[2022-03-28T17:57:49.651+0800][459.352s] GC(66) Pause Young (Normal) (G1 Preventive Collection) 505M->504M(512M) 3.397ms
[2022-03-28T17:57:49.651+0800][459.352s] GC(66) User=0.09s Sys=0.00s Real=0.00s
[2022-03-28T17:57:49.674+0800][459.376s] GC(67) Pause Young (Normal) (G1 Preventive Collection)
[2022-03-28T17:57:49.674+0800][459.376s] GC(67) Using 8 workers of 8 for evacuation
[2022-03-28T17:57:49.676+0800][459.378s] GC(67)   Pre Evacuate Collection Set: 0.1ms
[2022-03-28T17:57:49.676+0800][459.378s] GC(67)   Merge Heap Roots: 0.1ms
[2022-03-28T17:57:49.676+0800][459.378s] GC(67)   Evacuate Collection Set: 1.9ms
[2022-03-28T17:57:49.676+0800][459.378s] GC(67)   Post Evacuate Collection Set: 0.3ms
[2022-03-28T17:57:49.676+0800][459.378s] GC(67)   Other: 0.2ms
[2022-03-28T17:57:49.676+0800][459.378s] GC(67) Eden regions: 1->0(23)
[2022-03-28T17:57:49.676+0800][459.378s] GC(67) Survivor regions: 2->2(3)
[2022-03-28T17:57:49.676+0800][459.378s] GC(67) Old regions: 469->469
[2022-03-28T17:57:49.676+0800][459.378s] GC(67) Archive regions: 0->0
[2022-03-28T17:57:49.676+0800][459.379s] GC(67) Humongous regions: 37->37
[2022-03-28T17:57:49.676+0800][459.379s] GC(67) Metaspace: 49966K(50368K)->49966K(50368K) NonClass: 44006K(44224K)->44006K(44224K) Class: 5959K(6144K)->5959K(6144K)
[2022-03-28T17:57:49.676+0800][459.379s] GC(67) Pause Young (Normal) (G1 Preventive Collection) 505M->504M(512M) 2.886ms
[2022-03-28T17:57:49.677+0800][459.379s] GC(67) User=0.00s Sys=0.00s Real=0.00s
[2022-03-28T17:57:49.700+0800][459.401s] GC(68) Pause Young (Normal) (G1 Preventive Collection)
[2022-03-28T17:57:49.700+0800][459.401s] GC(68) Using 8 workers of 8 for evacuation
[2022-03-28T17:57:49.703+0800][459.404s] GC(68)   Pre Evacuate Collection Set: 0.1ms
[2022-03-28T17:57:49.703+0800][459.404s] GC(68)   Merge Heap Roots: 0.2ms
[2022-03-28T17:57:49.703+0800][459.404s] GC(68)   Evacuate Collection Set: 2.3ms
[2022-03-28T17:57:49.703+0800][459.404s] GC(68)   Post Evacuate Collection Set: 0.3ms
[2022-03-28T17:57:49.703+0800][459.404s] GC(68)   Other: 0.2ms
[2022-03-28T17:57:49.703+0800][459.405s] GC(68) Eden regions: 1->0(24)
[2022-03-28T17:57:49.703+0800][459.405s] GC(68) Survivor regions: 2->1(3)
[2022-03-28T17:57:49.703+0800][459.405s] GC(68) Old regions: 469->471
[2022-03-28T17:57:49.703+0800][459.405s] GC(68) Archive regions: 0->0
[2022-03-28T17:57:49.703+0800][459.405s] GC(68) Humongous regions: 37->37
[2022-03-28T17:57:49.703+0800][459.405s] GC(68) Metaspace: 49967K(50368K)->49967K(50368K) NonClass: 44007K(44224K)->44007K(44224K) Class: 5959K(6144K)->5959K(6144K)
[2022-03-28T17:57:49.703+0800][459.405s] GC(68) Pause Young (Normal) (G1 Preventive Collection) 505M->504M(512M) 3.279ms
[2022-03-28T17:57:49.703+0800][459.405s] GC(68) User=0.00s Sys=0.00s Real=0.00s
[2022-03-28T17:57:49.718+0800][459.420s] GC(69) Pause Young (Normal) (G1 Preventive Collection)
[2022-03-28T17:57:49.718+0800][459.420s] GC(69) Using 8 workers of 8 for evacuation
[2022-03-28T17:57:49.720+0800][459.421s] GC(69)   Pre Evacuate Collection Set: 0.1ms
[2022-03-28T17:57:49.720+0800][459.421s] GC(69)   Merge Heap Roots: 0.0ms
[2022-03-28T17:57:49.720+0800][459.421s] GC(69)   Evacuate Collection Set: 0.6ms
[2022-03-28T17:57:49.720+0800][459.421s] GC(69)   Post Evacuate Collection Set: 0.3ms
[2022-03-28T17:57:49.720+0800][459.421s] GC(69)   Other: 0.2ms
[2022-03-28T17:57:49.720+0800][459.421s] GC(69) Eden regions: 1->0(24)
[2022-03-28T17:57:49.720+0800][459.421s] GC(69) Survivor regions: 1->1(2)
[2022-03-28T17:57:49.720+0800][459.421s] GC(69) Old regions: 471->471
[2022-03-28T17:57:49.720+0800][459.421s] GC(69) Archive regions: 0->0
[2022-03-28T17:57:49.720+0800][459.421s] GC(69) Humongous regions: 37->37
[2022-03-28T17:57:49.720+0800][459.421s] GC(69) Metaspace: 49967K(50368K)->49967K(50368K) NonClass: 44007K(44224K)->44007K(44224K) Class: 5959K(6144K)->5959K(6144K)
[2022-03-28T17:57:49.720+0800][459.421s] GC(69) Pause Young (Normal) (G1 Preventive Collection) 505M->504M(512M) 1.424ms
[2022-03-28T17:57:49.720+0800][459.421s] GC(69) User=0.00s Sys=0.00s Real=0.00s
[2022-03-28T17:57:49.742+0800][459.444s] GC(70) Pause Young (Normal) (G1 Preventive Collection)
[2022-03-28T17:57:49.742+0800][459.444s] GC(70) Using 8 workers of 8 for evacuation
[2022-03-28T17:57:49.744+0800][459.446s] GC(70)   Pre Evacuate Collection Set: 0.1ms
[2022-03-28T17:57:49.744+0800][459.446s] GC(70)   Merge Heap Roots: 0.1ms
[2022-03-28T17:57:49.744+0800][459.446s] GC(70)   Evacuate Collection Set: 1.0ms
[2022-03-28T17:57:49.744+0800][459.446s] GC(70)   Post Evacuate Collection Set: 0.4ms
[2022-03-28T17:57:49.744+0800][459.446s] GC(70)   Other: 0.2ms
[2022-03-28T17:57:49.744+0800][459.446s] GC(70) Eden regions: 1->0(24)
[2022-03-28T17:57:49.744+0800][459.446s] GC(70) Survivor regions: 1->1(2)
[2022-03-28T17:57:49.744+0800][459.446s] GC(70) Old regions: 471->471
[2022-03-28T17:57:49.744+0800][459.446s] GC(70) Archive regions: 0->0
[2022-03-28T17:57:49.744+0800][459.446s] GC(70) Humongous regions: 37->37
[2022-03-28T17:57:49.744+0800][459.446s] GC(70) Metaspace: 49967K(50368K)->49967K(50368K) NonClass: 44007K(44224K)->44007K(44224K) Class: 5959K(6144K)->5959K(6144K)
[2022-03-28T17:57:49.744+0800][459.446s] GC(70) Pause Young (Normal) (G1 Preventive Collection) 505M->504M(512M) 2.078ms
[2022-03-28T17:57:49.744+0800][459.446s] GC(70) User=0.11s Sys=0.00s Real=0.00s
[2022-03-28T17:57:49.763+0800][459.464s] GC(71) Pause Young (Normal) (G1 Preventive Collection)
[2022-03-28T17:57:49.763+0800][459.464s] GC(71) Using 8 workers of 8 for evacuation
[2022-03-28T17:57:49.763+0800][459.465s] GC(71)   Pre Evacuate Collection Set: 0.1ms
[2022-03-28T17:57:49.763+0800][459.465s] GC(71)   Merge Heap Roots: 0.0ms
[2022-03-28T17:57:49.763+0800][459.465s] GC(71)   Evacuate Collection Set: 0.5ms
[2022-03-28T17:57:49.763+0800][459.465s] GC(71)   Post Evacuate Collection Set: 0.3ms
[2022-03-28T17:57:49.763+0800][459.465s] GC(71)   Other: 0.3ms
[2022-03-28T17:57:49.763+0800][459.465s] GC(71) Eden regions: 1->0(24)
[2022-03-28T17:57:49.763+0800][459.466s] GC(71) Survivor regions: 1->1(2)
[2022-03-28T17:57:49.763+0800][459.466s] GC(71) Old regions: 471->471
[2022-03-28T17:57:49.763+0800][459.466s] GC(71) Archive regions: 0->0
[2022-03-28T17:57:49.763+0800][459.466s] GC(71) Humongous regions: 37->37
[2022-03-28T17:57:49.763+0800][459.466s] GC(71) Metaspace: 49967K(50368K)->49967K(50368K) NonClass: 44007K(44224K)->44007K(44224K) Class: 5959K(6144K)->5959K(6144K)
[2022-03-28T17:57:49.763+0800][459.466s] GC(71) Pause Young (Normal) (G1 Preventive Collection) 505M->504M(512M) 1.489ms
[2022-03-28T17:57:49.763+0800][459.466s] GC(71) User=0.00s Sys=0.00s Real=0.00s
[2022-03-28T17:57:49.783+0800][459.484s] GC(72) Pause Young (Normal) (G1 Preventive Collection)
[2022-03-28T17:57:49.783+0800][459.484s] GC(72) Using 8 workers of 8 for evacuation
[2022-03-28T17:57:49.784+0800][459.485s] GC(72)   Pre Evacuate Collection Set: 0.1ms
[2022-03-28T17:57:49.784+0800][459.485s] GC(72)   Merge Heap Roots: 0.0ms
[2022-03-28T17:57:49.784+0800][459.485s] GC(72)   Evacuate Collection Set: 0.6ms
[2022-03-28T17:57:49.784+0800][459.485s] GC(72)   Post Evacuate Collection Set: 0.3ms
[2022-03-28T17:57:49.784+0800][459.485s] GC(72)   Other: 0.2ms
[2022-03-28T17:57:49.784+0800][459.485s] GC(72) Eden regions: 1->0(24)
[2022-03-28T17:57:49.784+0800][459.485s] GC(72) Survivor regions: 1->1(2)
[2022-03-28T17:57:49.784+0800][459.485s] GC(72) Old regions: 471->471
[2022-03-28T17:57:49.784+0800][459.485s] GC(72) Archive regions: 0->0
[2022-03-28T17:57:49.784+0800][459.485s] GC(72) Humongous regions: 37->37
[2022-03-28T17:57:49.784+0800][459.485s] GC(72) Metaspace: 49967K(50368K)->49967K(50368K) NonClass: 44007K(44224K)->44007K(44224K) Class: 5959K(6144K)->5959K(6144K)
[2022-03-28T17:57:49.784+0800][459.485s] GC(72) Pause Young (Normal) (G1 Preventive Collection) 505M->504M(512M) 1.427ms
[2022-03-28T17:57:49.784+0800][459.485s] GC(72) User=0.00s Sys=0.00s Real=0.00s
[2022-03-28T17:57:49.799+0800][459.501s] GC(73) Pause Young (Normal) (G1 Preventive Collection)
[2022-03-28T17:57:49.799+0800][459.501s] GC(73) Using 8 workers of 8 for evacuation
[2022-03-28T17:57:49.800+0800][459.502s] GC(73)   Pre Evacuate Collection Set: 0.1ms
[2022-03-28T17:57:49.800+0800][459.502s] GC(73)   Merge Heap Roots: 0.0ms
[2022-03-28T17:57:49.800+0800][459.502s] GC(73)   Evacuate Collection Set: 0.5ms
[2022-03-28T17:57:49.800+0800][459.502s] GC(73)   Post Evacuate Collection Set: 0.2ms
[2022-03-28T17:57:49.800+0800][459.502s] GC(73)   Other: 0.2ms
[2022-03-28T17:57:49.800+0800][459.502s] GC(73) Eden regions: 1->0(24)
[2022-03-28T17:57:49.800+0800][459.502s] GC(73) Survivor regions: 1->1(2)
[2022-03-28T17:57:49.800+0800][459.502s] GC(73) Old regions: 471->471
[2022-03-28T17:57:49.800+0800][459.502s] GC(73) Archive regions: 0->0
[2022-03-28T17:57:49.800+0800][459.502s] GC(73) Humongous regions: 37->37
[2022-03-28T17:57:49.800+0800][459.502s] GC(73) Metaspace: 49982K(50368K)->49982K(50368K) NonClass: 44022K(44224K)->44022K(44224K) Class: 5959K(6144K)->5959K(6144K)
[2022-03-28T17:57:49.800+0800][459.502s] GC(73) Pause Young (Normal) (G1 Preventive Collection) 505M->504M(512M) 1.263ms
[2022-03-28T17:57:49.800+0800][459.502s] GC(73) User=0.00s Sys=0.00s Real=0.00s
[2022-03-28T17:57:49.818+0800][459.519s] GC(74) Pause Young (Normal) (G1 Preventive Collection)
[2022-03-28T17:57:49.818+0800][459.520s] GC(74) Using 8 workers of 8 for evacuation
[2022-03-28T17:57:49.819+0800][459.521s] GC(74)   Pre Evacuate Collection Set: 0.1ms
[2022-03-28T17:57:49.819+0800][459.521s] GC(74)   Merge Heap Roots: 0.0ms
[2022-03-28T17:57:49.819+0800][459.521s] GC(74)   Evacuate Collection Set: 0.5ms
[2022-03-28T17:57:49.819+0800][459.521s] GC(74)   Post Evacuate Collection Set: 0.3ms
[2022-03-28T17:57:49.819+0800][459.521s] GC(74)   Other: 0.2ms
[2022-03-28T17:57:49.819+0800][459.521s] GC(74) Eden regions: 1->0(24)
[2022-03-28T17:57:49.819+0800][459.521s] GC(74) Survivor regions: 1->1(2)
[2022-03-28T17:57:49.819+0800][459.521s] GC(74) Old regions: 471->471
[2022-03-28T17:57:49.819+0800][459.521s] GC(74) Archive regions: 0->0
[2022-03-28T17:57:49.819+0800][459.521s] GC(74) Humongous regions: 37->37
[2022-03-28T17:57:49.819+0800][459.521s] GC(74) Metaspace: 49982K(50368K)->49982K(50368K) NonClass: 44022K(44224K)->44022K(44224K) Class: 5959K(6144K)->5959K(6144K)
[2022-03-28T17:57:49.819+0800][459.521s] GC(74) Pause Young (Normal) (G1 Preventive Collection) 505M->504M(512M) 1.330ms
[2022-03-28T17:57:49.819+0800][459.521s] GC(74) User=0.00s Sys=0.00s Real=0.00s
[2022-03-28T17:57:49.833+0800][459.535s] GC(75) Pause Young (Normal) (G1 Preventive Collection)
[2022-03-28T17:57:49.833+0800][459.535s] GC(75) Using 8 workers of 8 for evacuation
[2022-03-28T17:57:49.834+0800][459.535s] GC(75)   Pre Evacuate Collection Set: 0.1ms
[2022-03-28T17:57:49.834+0800][459.535s] GC(75)   Merge Heap Roots: 0.0ms
[2022-03-28T17:57:49.834+0800][459.535s] GC(75)   Evacuate Collection Set: 0.4ms
[2022-03-28T17:57:49.834+0800][459.535s] GC(75)   Post Evacuate Collection Set: 0.2ms
[2022-03-28T17:57:49.834+0800][459.535s] GC(75)   Other: 0.1ms
[2022-03-28T17:57:49.834+0800][459.536s] GC(75) Eden regions: 1->0(24)
[2022-03-28T17:57:49.834+0800][459.536s] GC(75) Survivor regions: 1->1(2)
[2022-03-28T17:57:49.834+0800][459.536s] GC(75) Old regions: 471->471
[2022-03-28T17:57:49.834+0800][459.536s] GC(75) Archive regions: 0->0
[2022-03-28T17:57:49.834+0800][459.536s] GC(75) Humongous regions: 37->37
[2022-03-28T17:57:49.834+0800][459.536s] GC(75) Metaspace: 49982K(50368K)->49982K(50368K) NonClass: 44022K(44224K)->44022K(44224K) Class: 5959K(6144K)->5959K(6144K)
[2022-03-28T17:57:49.834+0800][459.536s] GC(75) Pause Young (Normal) (G1 Preventive Collection) 505M->504M(512M) 1.020ms
[2022-03-28T17:57:49.834+0800][459.536s] GC(75) User=0.00s Sys=0.00s Real=0.00s
[2022-03-28T17:57:49.854+0800][459.556s] GC(76) Pause Young (Normal) (G1 Preventive Collection)
[2022-03-28T17:57:49.854+0800][459.556s] GC(76) Using 8 workers of 8 for evacuation
[2022-03-28T17:57:49.856+0800][459.557s] GC(76)   Pre Evacuate Collection Set: 0.1ms
[2022-03-28T17:57:49.856+0800][459.557s] GC(76)   Merge Heap Roots: 0.0ms
[2022-03-28T17:57:49.856+0800][459.557s] GC(76)   Evacuate Collection Set: 0.6ms
[2022-03-28T17:57:49.856+0800][459.557s] GC(76)   Post Evacuate Collection Set: 0.3ms
[2022-03-28T17:57:49.856+0800][459.557s] GC(76)   Other: 0.2ms
[2022-03-28T17:57:49.856+0800][459.557s] GC(76) Eden regions: 1->0(24)
[2022-03-28T17:57:49.856+0800][459.557s] GC(76) Survivor regions: 1->1(2)
[2022-03-28T17:57:49.856+0800][459.557s] GC(76) Old regions: 471->471
[2022-03-28T17:57:49.856+0800][459.557s] GC(76) Archive regions: 0->0
[2022-03-28T17:57:49.856+0800][459.557s] GC(76) Humongous regions: 37->37
[2022-03-28T17:57:49.856+0800][459.557s] GC(76) Metaspace: 49982K(50368K)->49982K(50368K) NonClass: 44022K(44224K)->44022K(44224K) Class: 5959K(6144K)->5959K(6144K)
[2022-03-28T17:57:49.856+0800][459.557s] GC(76) Pause Young (Normal) (G1 Preventive Collection) 505M->504M(512M) 1.357ms
[2022-03-28T17:57:49.856+0800][459.557s] GC(76) User=0.00s Sys=0.00s Real=0.00s
[2022-03-28T17:57:49.871+0800][459.572s] GC(77) Pause Young (Normal) (G1 Preventive Collection)
[2022-03-28T17:57:49.871+0800][459.572s] GC(77) Using 8 workers of 8 for evacuation
[2022-03-28T17:57:49.872+0800][459.573s] GC(77)   Pre Evacuate Collection Set: 0.1ms
[2022-03-28T17:57:49.872+0800][459.573s] GC(77)   Merge Heap Roots: 0.0ms
[2022-03-28T17:57:49.872+0800][459.573s] GC(77)   Evacuate Collection Set: 0.5ms
[2022-03-28T17:57:49.872+0800][459.573s] GC(77)   Post Evacuate Collection Set: 0.4ms
[2022-03-28T17:57:49.872+0800][459.573s] GC(77)   Other: 0.1ms
[2022-03-28T17:57:49.872+0800][459.573s] GC(77) Eden regions: 1->0(24)
[2022-03-28T17:57:49.872+0800][459.573s] GC(77) Survivor regions: 1->1(2)
[2022-03-28T17:57:49.872+0800][459.573s] GC(77) Old regions: 471->471
[2022-03-28T17:57:49.872+0800][459.573s] GC(77) Archive regions: 0->0
[2022-03-28T17:57:49.872+0800][459.573s] GC(77) Humongous regions: 37->37
[2022-03-28T17:57:49.872+0800][459.573s] GC(77) Metaspace: 49982K(50368K)->49982K(50368K) NonClass: 44022K(44224K)->44022K(44224K) Class: 5959K(6144K)->5959K(6144K)
[2022-03-28T17:57:49.872+0800][459.573s] GC(77) Pause Young (Normal) (G1 Preventive Collection) 505M->504M(512M) 1.486ms
[2022-03-28T17:57:49.872+0800][459.574s] GC(77) User=0.00s Sys=0.00s Real=0.00s
[2022-03-28T17:57:49.887+0800][459.589s] GC(78) Pause Young (Normal) (G1 Preventive Collection)
[2022-03-28T17:57:49.887+0800][459.589s] GC(78) Using 8 workers of 8 for evacuation
[2022-03-28T17:57:49.889+0800][459.590s] GC(78)   Pre Evacuate Collection Set: 0.1ms
[2022-03-28T17:57:49.889+0800][459.590s] GC(78)   Merge Heap Roots: 0.0ms
[2022-03-28T17:57:49.889+0800][459.590s] GC(78)   Evacuate Collection Set: 0.8ms
[2022-03-28T17:57:49.889+0800][459.590s] GC(78)   Post Evacuate Collection Set: 0.4ms
[2022-03-28T17:57:49.889+0800][459.590s] GC(78)   Other: 0.2ms
[2022-03-28T17:57:49.889+0800][459.590s] GC(78) Eden regions: 1->0(24)
[2022-03-28T17:57:49.889+0800][459.590s] GC(78) Survivor regions: 1->1(2)
[2022-03-28T17:57:49.889+0800][459.590s] GC(78) Old regions: 471->471
[2022-03-28T17:57:49.889+0800][459.590s] GC(78) Archive regions: 0->0
[2022-03-28T17:57:49.889+0800][459.590s] GC(78) Humongous regions: 37->37
[2022-03-28T17:57:49.889+0800][459.590s] GC(78) Metaspace: 49982K(50368K)->49982K(50368K) NonClass: 44022K(44224K)->44022K(44224K) Class: 5959K(6144K)->5959K(6144K)
[2022-03-28T17:57:49.889+0800][459.590s] GC(78) Pause Young (Normal) (G1 Preventive Collection) 505M->504M(512M) 1.799ms
[2022-03-28T17:57:49.889+0800][459.590s] GC(78) User=0.00s Sys=0.00s Real=0.00s
[2022-03-28T17:57:49.909+0800][459.611s] GC(79) Pause Young (Normal) (G1 Preventive Collection)
[2022-03-28T17:57:49.909+0800][459.611s] GC(79) Using 8 workers of 8 for evacuation
[2022-03-28T17:57:49.910+0800][459.612s] GC(79)   Pre Evacuate Collection Set: 0.2ms
[2022-03-28T17:57:49.910+0800][459.612s] GC(79)   Merge Heap Roots: 0.1ms
[2022-03-28T17:57:49.910+0800][459.612s] GC(79)   Evacuate Collection Set: 0.6ms
[2022-03-28T17:57:49.910+0800][459.612s] GC(79)   Post Evacuate Collection Set: 0.4ms
[2022-03-28T17:57:49.910+0800][459.612s] GC(79)   Other: 0.3ms
[2022-03-28T17:57:49.910+0800][459.612s] GC(79) Eden regions: 1->0(24)
[2022-03-28T17:57:49.910+0800][459.613s] GC(79) Survivor regions: 1->1(2)
[2022-03-28T17:57:49.910+0800][459.613s] GC(79) Old regions: 471->471
[2022-03-28T17:57:49.910+0800][459.613s] GC(79) Archive regions: 0->0
[2022-03-28T17:57:49.910+0800][459.613s] GC(79) Humongous regions: 37->37
[2022-03-28T17:57:49.910+0800][459.613s] GC(79) Metaspace: 49982K(50368K)->49982K(50368K) NonClass: 44022K(44224K)->44022K(44224K) Class: 5959K(6144K)->5959K(6144K)
[2022-03-28T17:57:49.910+0800][459.613s] GC(79) Pause Young (Normal) (G1 Preventive Collection) 505M->504M(512M) 1.875ms
[2022-03-28T17:57:49.911+0800][459.613s] GC(79) User=0.00s Sys=0.00s Real=0.00s
[2022-03-28T17:57:49.928+0800][459.630s] GC(80) Pause Young (Normal) (G1 Preventive Collection)
[2022-03-28T17:57:49.929+0800][459.630s] GC(80) Using 8 workers of 8 for evacuation
[2022-03-28T17:57:49.930+0800][459.631s] GC(80)   Pre Evacuate Collection Set: 0.3ms
[2022-03-28T17:57:49.930+0800][459.632s] GC(80)   Merge Heap Roots: 0.0ms
[2022-03-28T17:57:49.930+0800][459.632s] GC(80)   Evacuate Collection Set: 0.4ms
[2022-03-28T17:57:49.930+0800][459.632s] GC(80)   Post Evacuate Collection Set: 0.2ms
[2022-03-28T17:57:49.930+0800][459.632s] GC(80)   Other: 0.3ms
[2022-03-28T17:57:49.930+0800][459.632s] GC(80) Eden regions: 1->0(24)
[2022-03-28T17:57:49.930+0800][459.632s] GC(80) Survivor regions: 1->1(2)
[2022-03-28T17:57:49.930+0800][459.632s] GC(80) Old regions: 471->471
[2022-03-28T17:57:49.930+0800][459.632s] GC(80) Archive regions: 0->0
[2022-03-28T17:57:49.930+0800][459.632s] GC(80) Humongous regions: 37->37
[2022-03-28T17:57:49.930+0800][459.632s] GC(80) Metaspace: 49982K(50368K)->49982K(50368K) NonClass: 44022K(44224K)->44022K(44224K) Class: 5959K(6144K)->5959K(6144K)
[2022-03-28T17:57:49.930+0800][459.632s] GC(80) Pause Young (Normal) (G1 Preventive Collection) 505M->504M(512M) 1.444ms
[2022-03-28T17:57:49.930+0800][459.632s] GC(80) User=0.00s Sys=0.00s Real=0.00s
[2022-03-28T17:57:49.950+0800][459.651s] GC(81) Pause Young (Normal) (G1 Preventive Collection)
[2022-03-28T17:57:49.950+0800][459.651s] GC(81) Using 8 workers of 8 for evacuation
[2022-03-28T17:57:49.951+0800][459.652s] GC(81)   Pre Evacuate Collection Set: 0.1ms
[2022-03-28T17:57:49.951+0800][459.652s] GC(81)   Merge Heap Roots: 0.0ms
[2022-03-28T17:57:49.951+0800][459.652s] GC(81)   Evacuate Collection Set: 0.4ms
[2022-03-28T17:57:49.951+0800][459.652s] GC(81)   Post Evacuate Collection Set: 0.2ms
[2022-03-28T17:57:49.951+0800][459.652s] GC(81)   Other: 0.2ms
[2022-03-28T17:57:49.951+0800][459.652s] GC(81) Eden regions: 1->0(24)
[2022-03-28T17:57:49.951+0800][459.652s] GC(81) Survivor regions: 1->1(2)
[2022-03-28T17:57:49.951+0800][459.652s] GC(81) Old regions: 471->471
[2022-03-28T17:57:49.951+0800][459.652s] GC(81) Archive regions: 0->0
[2022-03-28T17:57:49.951+0800][459.652s] GC(81) Humongous regions: 37->37
[2022-03-28T17:57:49.951+0800][459.652s] GC(81) Metaspace: 49982K(50368K)->49982K(50368K) NonClass: 44022K(44224K)->44022K(44224K) Class: 5959K(6144K)->5959K(6144K)
[2022-03-28T17:57:49.951+0800][459.652s] GC(81) Pause Young (Normal) (G1 Preventive Collection) 505M->504M(512M) 0.991ms
[2022-03-28T17:57:49.951+0800][459.652s] GC(81) User=0.00s Sys=0.00s Real=0.00s
[2022-03-28T17:57:49.966+0800][459.668s] GC(82) Pause Young (Normal) (G1 Preventive Collection)
[2022-03-28T17:57:49.967+0800][459.668s] GC(82) Using 8 workers of 8 for evacuation
[2022-03-28T17:57:49.968+0800][459.669s] GC(82)   Pre Evacuate Collection Set: 0.1ms
[2022-03-28T17:57:49.968+0800][459.669s] GC(82)   Merge Heap Roots: 0.0ms
[2022-03-28T17:57:49.968+0800][459.669s] GC(82)   Evacuate Collection Set: 0.3ms
[2022-03-28T17:57:49.968+0800][459.669s] GC(82)   Post Evacuate Collection Set: 0.3ms
[2022-03-28T17:57:49.968+0800][459.669s] GC(82)   Other: 0.2ms
[2022-03-28T17:57:49.968+0800][459.669s] GC(82) Eden regions: 1->0(24)
[2022-03-28T17:57:49.968+0800][459.669s] GC(82) Survivor regions: 1->1(2)
[2022-03-28T17:57:49.968+0800][459.669s] GC(82) Old regions: 471->471
[2022-03-28T17:57:49.968+0800][459.669s] GC(82) Archive regions: 0->0
[2022-03-28T17:57:49.968+0800][459.669s] GC(82) Humongous regions: 37->37
[2022-03-28T17:57:49.968+0800][459.669s] GC(82) Metaspace: 49982K(50368K)->49982K(50368K) NonClass: 44022K(44224K)->44022K(44224K) Class: 5959K(6144K)->5959K(6144K)
[2022-03-28T17:57:49.968+0800][459.669s] GC(82) Pause Young (Normal) (G1 Preventive Collection) 505M->504M(512M) 1.104ms
[2022-03-28T17:57:49.968+0800][459.669s] GC(82) User=0.00s Sys=0.00s Real=0.00s
[2022-03-28T17:57:49.982+0800][459.684s] GC(83) Pause Young (Normal) (G1 Preventive Collection)
[2022-03-28T17:57:49.982+0800][459.684s] GC(83) Using 8 workers of 8 for evacuation
[2022-03-28T17:57:49.984+0800][459.685s] GC(83)   Pre Evacuate Collection Set: 0.1ms
[2022-03-28T17:57:49.984+0800][459.685s] GC(83)   Merge Heap Roots: 0.0ms
[2022-03-28T17:57:49.984+0800][459.685s] GC(83)   Evacuate Collection Set: 0.4ms
[2022-03-28T17:57:49.984+0800][459.685s] GC(83)   Post Evacuate Collection Set: 0.3ms
[2022-03-28T17:57:49.984+0800][459.685s] GC(83)   Other: 0.2ms
[2022-03-28T17:57:49.984+0800][459.685s] GC(83) Eden regions: 1->0(24)
[2022-03-28T17:57:49.984+0800][459.685s] GC(83) Survivor regions: 1->1(2)
[2022-03-28T17:57:49.984+0800][459.685s] GC(83) Old regions: 471->471
[2022-03-28T17:57:49.984+0800][459.685s] GC(83) Archive regions: 0->0
[2022-03-28T17:57:49.984+0800][459.685s] GC(83) Humongous regions: 37->37
[2022-03-28T17:57:49.984+0800][459.685s] GC(83) Metaspace: 49982K(50368K)->49982K(50368K) NonClass: 44022K(44224K)->44022K(44224K) Class: 5959K(6144K)->5959K(6144K)
[2022-03-28T17:57:49.984+0800][459.685s] GC(83) Pause Young (Normal) (G1 Preventive Collection) 505M->504M(512M) 1.320ms
[2022-03-28T17:57:49.984+0800][459.685s] GC(83) User=0.00s Sys=0.00s Real=0.00s
[2022-03-28T17:57:50.015+0800][459.717s] GC(84) Pause Young (Normal) (G1 Preventive Collection)
[2022-03-28T17:57:50.015+0800][459.717s] GC(84) Using 8 workers of 8 for evacuation
[2022-03-28T17:57:50.016+0800][459.718s] GC(84) To-space exhausted
[2022-03-28T17:57:50.016+0800][459.718s] GC(84)   Pre Evacuate Collection Set: 0.1ms
[2022-03-28T17:57:50.016+0800][459.718s] GC(84)   Merge Heap Roots: 0.0ms
[2022-03-28T17:57:50.016+0800][459.718s] GC(84)   Evacuate Collection Set: 0.4ms
[2022-03-28T17:57:50.016+0800][459.718s] GC(84)   Post Evacuate Collection Set: 0.5ms
[2022-03-28T17:57:50.016+0800][459.718s] GC(84)   Other: 0.2ms
[2022-03-28T17:57:50.016+0800][459.718s] GC(84) Eden regions: 2->0(24)
[2022-03-28T17:57:50.016+0800][459.718s] GC(84) Survivor regions: 1->1(1)
[2022-03-28T17:57:50.016+0800][459.718s] GC(84) Old regions: 471->472
[2022-03-28T17:57:50.016+0800][459.718s] GC(84) Archive regions: 0->0
[2022-03-28T17:57:50.016+0800][459.718s] GC(84) Humongous regions: 37->37
[2022-03-28T17:57:50.016+0800][459.718s] GC(84) Metaspace: 49982K(50368K)->49982K(50368K) NonClass: 44022K(44224K)->44022K(44224K) Class: 5959K(6144K)->5959K(6144K)
[2022-03-28T17:57:50.016+0800][459.718s] GC(84) Pause Young (Normal) (G1 Preventive Collection) 506M->505M(512M) 1.347ms
[2022-03-28T17:57:50.016+0800][459.718s] GC(84) User=0.00s Sys=0.00s Real=0.00s
[2022-03-28T17:57:50.035+0800][459.737s] GC(85) Pause Young (Normal) (G1 Preventive Collection)
[2022-03-28T17:57:50.035+0800][459.737s] GC(85) Using 8 workers of 8 for evacuation
[2022-03-28T17:57:50.037+0800][459.738s] GC(85) To-space exhausted
[2022-03-28T17:57:50.037+0800][459.738s] GC(85)   Pre Evacuate Collection Set: 0.1ms
[2022-03-28T17:57:50.037+0800][459.738s] GC(85)   Merge Heap Roots: 0.1ms
[2022-03-28T17:57:50.037+0800][459.738s] GC(85)   Evacuate Collection Set: 0.5ms
[2022-03-28T17:57:50.037+0800][459.739s] GC(85)   Post Evacuate Collection Set: 0.7ms
[2022-03-28T17:57:50.037+0800][459.739s] GC(85)   Other: 0.2ms
[2022-03-28T17:57:50.037+0800][459.739s] GC(85) Eden regions: 1->0(24)
[2022-03-28T17:57:50.037+0800][459.739s] GC(85) Survivor regions: 1->1(1)
[2022-03-28T17:57:50.037+0800][459.739s] GC(85) Old regions: 472->473
[2022-03-28T17:57:50.037+0800][459.739s] GC(85) Archive regions: 0->0
[2022-03-28T17:57:50.037+0800][459.739s] GC(85) Humongous regions: 37->37
[2022-03-28T17:57:50.037+0800][459.739s] GC(85) Metaspace: 49982K(50368K)->49982K(50368K) NonClass: 44022K(44224K)->44022K(44224K) Class: 5959K(6144K)->5959K(6144K)
[2022-03-28T17:57:50.037+0800][459.739s] GC(85) Pause Young (Normal) (G1 Preventive Collection) 506M->505M(512M) 1.692ms
[2022-03-28T17:57:50.037+0800][459.739s] GC(85) User=0.00s Sys=0.00s Real=0.00s
[2022-03-28T17:57:50.054+0800][459.756s] GC(86) Pause Young (Normal) (G1 Evacuation Pause)
[2022-03-28T17:57:50.054+0800][459.756s] GC(86) Using 8 workers of 8 for evacuation
[2022-03-28T17:57:50.055+0800][459.757s] GC(86) To-space exhausted
[2022-03-28T17:57:50.055+0800][459.757s] GC(86)   Pre Evacuate Collection Set: 0.1ms
[2022-03-28T17:57:50.055+0800][459.757s] GC(86)   Merge Heap Roots: 0.0ms
[2022-03-28T17:57:50.055+0800][459.757s] GC(86)   Evacuate Collection Set: 0.4ms
[2022-03-28T17:57:50.055+0800][459.757s] GC(86)   Post Evacuate Collection Set: 0.9ms
[2022-03-28T17:57:50.055+0800][459.757s] GC(86)   Other: 0.2ms
[2022-03-28T17:57:50.055+0800][459.758s] GC(86) Eden regions: 1->0(25)
[2022-03-28T17:57:50.055+0800][459.758s] GC(86) Survivor regions: 1->0(0)
[2022-03-28T17:57:50.055+0800][459.758s] GC(86) Old regions: 473->475
[2022-03-28T17:57:50.055+0800][459.758s] GC(86) Archive regions: 0->0
[2022-03-28T17:57:50.055+0800][459.758s] GC(86) Humongous regions: 37->37
[2022-03-28T17:57:50.055+0800][459.758s] GC(86) Metaspace: 49982K(50368K)->49982K(50368K) NonClass: 44022K(44224K)->44022K(44224K) Class: 5959K(6144K)->5959K(6144K)
[2022-03-28T17:57:50.055+0800][459.758s] GC(86) Pause Young (Normal) (G1 Evacuation Pause) 506M->506M(512M) 1.712ms
[2022-03-28T17:57:50.055+0800][459.758s] GC(86) User=0.00s Sys=0.00s Real=0.00s
[2022-03-28T17:57:50.055+0800][459.758s] Attempting full compaction
[2022-03-28T17:57:50.056+0800][459.758s] GC(87) Using 8 workers of 8 for full compaction
[2022-03-28T17:57:50.056+0800][459.758s] GC(87) Pause Full (G1 Compaction Pause)
[2022-03-28T17:57:50.057+0800][459.758s] GC(87) Phase 1: Mark live objects
[2022-03-28T17:57:50.253+0800][459.954s] GC(87) Phase 1: Mark live objects 195.820ms
[2022-03-28T17:57:50.253+0800][459.954s] GC(87) Phase 2: Prepare for compaction
[2022-03-28T17:57:50.254+0800][459.956s] GC(87) Phase 2: Prepare for compaction 1.578ms
[2022-03-28T17:57:50.254+0800][459.956s] GC(87) Phase 3: Adjust pointers
[2022-03-28T17:57:50.310+0800][460.012s] GC(87) Phase 3: Adjust pointers 56.094ms
[2022-03-28T17:57:50.310+0800][460.012s] GC(87) Phase 4: Compact heap
[2022-03-28T17:57:50.312+0800][460.014s] GC(87) Phase 4: Compact heap 1.812ms
[2022-03-28T17:57:50.319+0800][460.021s] GC(87) Eden regions: 0->0(25)
[2022-03-28T17:57:50.319+0800][460.021s] GC(87) Survivor regions: 0->0(0)
[2022-03-28T17:57:50.319+0800][460.021s] GC(87) Old regions: 475->467
[2022-03-28T17:57:50.319+0800][460.021s] GC(87) Archive regions: 0->0
[2022-03-28T17:57:50.319+0800][460.021s] GC(87) Humongous regions: 37->29
[2022-03-28T17:57:50.319+0800][460.021s] GC(87) Metaspace: 49982K(50368K)->49982K(50368K) NonClass: 44022K(44224K)->44022K(44224K) Class: 5959K(6144K)->5959K(6144K)
[2022-03-28T17:57:50.319+0800][460.021s] GC(87) Pause Full (G1 Compaction Pause) 506M->492M(512M) 263.212ms
[2022-03-28T17:57:50.319+0800][460.022s] GC(87) User=1.83s Sys=0.00s Real=0.26s
[2022-03-28T17:57:50.319+0800][460.022s] GC(53) Concurrent Mark From Roots 955.523ms
[2022-03-28T17:57:50.319+0800][460.022s] GC(53) Concurrent Mark Abort
[2022-03-28T17:57:50.319+0800][460.022s] GC(53) Concurrent Mark Cycle 958.523ms
[2022-03-28T17:57:50.524+0800][460.225s] GC(88) Pause Young (Normal) (G1 Preventive Collection)
[2022-03-28T17:57:50.524+0800][460.225s] GC(88) Using 8 workers of 8 for evacuation
[2022-03-28T17:57:50.525+0800][460.227s] GC(88)   Pre Evacuate Collection Set: 0.1ms
[2022-03-28T17:57:50.525+0800][460.227s] GC(88)   Merge Heap Roots: 0.1ms
[2022-03-28T17:57:50.526+0800][460.227s] GC(88)   Evacuate Collection Set: 1.0ms
[2022-03-28T17:57:50.526+0800][460.227s] GC(88)   Post Evacuate Collection Set: 0.4ms
[2022-03-28T17:57:50.526+0800][460.227s] GC(88)   Other: 0.1ms
[2022-03-28T17:57:50.526+0800][460.227s] GC(88) Eden regions: 10->0(24)
[2022-03-28T17:57:50.526+0800][460.227s] GC(88) Survivor regions: 0->1(4)
[2022-03-28T17:57:50.526+0800][460.227s] GC(88) Old regions: 467->467
[2022-03-28T17:57:50.526+0800][460.227s] GC(88) Archive regions: 0->0
[2022-03-28T17:57:50.526+0800][460.227s] GC(88) Humongous regions: 29->29
[2022-03-28T17:57:50.526+0800][460.227s] GC(88) Metaspace: 50001K(50368K)->50001K(50368K) NonClass: 44041K(44224K)->44041K(44224K) Class: 5959K(6144K)->5959K(6144K)
[2022-03-28T17:57:50.526+0800][460.227s] GC(88) Pause Young (Normal) (G1 Preventive Collection) 502M->493M(512M) 1.901ms
[2022-03-28T17:57:50.526+0800][460.227s] GC(88) User=0.12s Sys=0.00s Real=0.00s
[2022-03-28T17:57:50.675+0800][460.377s] GC(89) Pause Young (Concurrent Start) (G1 Preventive Collection)
[2022-03-28T17:57:50.675+0800][460.377s] GC(89) Using 8 workers of 8 for evacuation
[2022-03-28T17:57:50.677+0800][460.379s] GC(89)   Pre Evacuate Collection Set: 0.2ms
[2022-03-28T17:57:50.677+0800][460.379s] GC(89)   Merge Heap Roots: 0.1ms
[2022-03-28T17:57:50.677+0800][460.379s] GC(89)   Evacuate Collection Set: 0.9ms
[2022-03-28T17:57:50.677+0800][460.379s] GC(89)   Post Evacuate Collection Set: 0.5ms
[2022-03-28T17:57:50.677+0800][460.379s] GC(89)   Other: 0.4ms
[2022-03-28T17:57:50.677+0800][460.379s] GC(89) Eden regions: 9->0(24)
[2022-03-28T17:57:50.677+0800][460.379s] GC(89) Survivor regions: 1->1(4)
[2022-03-28T17:57:50.677+0800][460.379s] GC(89) Old regions: 467->467
[2022-03-28T17:57:50.677+0800][460.379s] GC(89) Archive regions: 0->0
[2022-03-28T17:57:50.677+0800][460.379s] GC(89) Humongous regions: 29->29
[2022-03-28T17:57:50.677+0800][460.379s] GC(89) Metaspace: 50013K(50368K)->50013K(50368K) NonClass: 44053K(44224K)->44053K(44224K) Class: 5959K(6144K)->5959K(6144K)
[2022-03-28T17:57:50.677+0800][460.379s] GC(89) Pause Young (Concurrent Start) (G1 Preventive Collection) 502M->493M(512M) 2.250ms
[2022-03-28T17:57:50.677+0800][460.379s] GC(89) User=0.00s Sys=0.00s Real=0.00s
[2022-03-28T17:57:50.677+0800][460.379s] GC(90) Concurrent Mark Cycle
[2022-03-28T17:57:50.678+0800][460.379s] GC(90) Concurrent Clear Claimed Marks
[2022-03-28T17:57:50.678+0800][460.379s] GC(90) Concurrent Clear Claimed Marks 0.060ms
[2022-03-28T17:57:50.678+0800][460.379s] GC(90) Concurrent Scan Root Regions
[2022-03-28T17:57:50.679+0800][460.381s] GC(90) Concurrent Scan Root Regions 1.632ms
[2022-03-28T17:57:50.679+0800][460.381s] GC(90) Concurrent Mark
[2022-03-28T17:57:50.679+0800][460.381s] GC(90) Concurrent Mark From Roots
[2022-03-28T17:57:50.680+0800][460.381s] GC(90) Using 2 workers of 2 for marking
[2022-03-28T17:57:50.860+0800][460.562s] GC(91) Pause Young (Normal) (G1 Preventive Collection)
[2022-03-28T17:57:50.860+0800][460.562s] GC(91) Using 8 workers of 8 for evacuation
[2022-03-28T17:57:50.862+0800][460.564s] GC(91)   Pre Evacuate Collection Set: 0.1ms
[2022-03-28T17:57:50.862+0800][460.564s] GC(91)   Merge Heap Roots: 0.0ms
[2022-03-28T17:57:50.862+0800][460.564s] GC(91)   Evacuate Collection Set: 0.8ms
[2022-03-28T17:57:50.862+0800][460.564s] GC(91)   Post Evacuate Collection Set: 0.4ms
[2022-03-28T17:57:50.862+0800][460.564s] GC(91)   Other: 0.2ms
[2022-03-28T17:57:50.862+0800][460.564s] GC(91) Eden regions: 10->0(24)
[2022-03-28T17:57:50.862+0800][460.564s] GC(91) Survivor regions: 1->1(4)
[2022-03-28T17:57:50.862+0800][460.564s] GC(91) Old regions: 467->467
[2022-03-28T17:57:50.862+0800][460.564s] GC(91) Archive regions: 0->0
[2022-03-28T17:57:50.862+0800][460.564s] GC(91) Humongous regions: 29->29
[2022-03-28T17:57:50.862+0800][460.564s] GC(91) Metaspace: 50013K(50368K)->50013K(50368K) NonClass: 44053K(44224K)->44053K(44224K) Class: 5959K(6144K)->5959K(6144K)
[2022-03-28T17:57:50.862+0800][460.564s] GC(91) Pause Young (Normal) (G1 Preventive Collection) 503M->493M(512M) 1.853ms
[2022-03-28T17:57:50.862+0800][460.564s] GC(91) User=0.00s Sys=0.00s Real=0.00s
[2022-03-28T17:57:51.051+0800][460.753s] GC(92) Pause Young (Normal) (G1 Preventive Collection)
[2022-03-28T17:57:51.051+0800][460.753s] GC(92) Using 8 workers of 8 for evacuation
[2022-03-28T17:57:51.053+0800][460.754s] GC(92)   Pre Evacuate Collection Set: 0.1ms
[2022-03-28T17:57:51.053+0800][460.754s] GC(92)   Merge Heap Roots: 0.0ms
[2022-03-28T17:57:51.053+0800][460.754s] GC(92)   Evacuate Collection Set: 0.7ms
[2022-03-28T17:57:51.053+0800][460.754s] GC(92)   Post Evacuate Collection Set: 0.2ms
[2022-03-28T17:57:51.053+0800][460.754s] GC(92)   Other: 0.1ms
[2022-03-28T17:57:51.053+0800][460.754s] GC(92) Eden regions: 10->0(24)
[2022-03-28T17:57:51.053+0800][460.754s] GC(92) Survivor regions: 1->1(4)
[2022-03-28T17:57:51.053+0800][460.754s] GC(92) Old regions: 467->467
[2022-03-28T17:57:51.053+0800][460.754s] GC(92) Archive regions: 0->0
[2022-03-28T17:57:51.053+0800][460.754s] GC(92) Humongous regions: 29->29
[2022-03-28T17:57:51.053+0800][460.754s] GC(92) Metaspace: 50014K(50368K)->50014K(50368K) NonClass: 44054K(44224K)->44054K(44224K) Class: 5959K(6144K)->5959K(6144K)
[2022-03-28T17:57:51.053+0800][460.754s] GC(92) Pause Young (Normal) (G1 Preventive Collection) 503M->493M(512M) 1.308ms
[2022-03-28T17:57:51.053+0800][460.754s] GC(92) User=0.00s Sys=0.00s Real=0.00s
[2022-03-28T17:57:51.244+0800][460.946s] GC(93) Pause Young (Normal) (G1 Preventive Collection)
[2022-03-28T17:57:51.244+0800][460.947s] GC(93) Using 8 workers of 8 for evacuation
[2022-03-28T17:57:51.246+0800][460.948s] GC(93)   Pre Evacuate Collection Set: 0.1ms
[2022-03-28T17:57:51.246+0800][460.948s] GC(93)   Merge Heap Roots: 0.1ms
[2022-03-28T17:57:51.246+0800][460.948s] GC(93)   Evacuate Collection Set: 0.7ms
[2022-03-28T17:57:51.246+0800][460.948s] GC(93)   Post Evacuate Collection Set: 0.3ms
[2022-03-28T17:57:51.246+0800][460.948s] GC(93)   Other: 0.3ms
[2022-03-28T17:57:51.246+0800][460.948s] GC(93) Eden regions: 11->0(24)
[2022-03-28T17:57:51.246+0800][460.948s] GC(93) Survivor regions: 1->1(4)
[2022-03-28T17:57:51.246+0800][460.948s] GC(93) Old regions: 467->467
[2022-03-28T17:57:51.246+0800][460.948s] GC(93) Archive regions: 0->0
[2022-03-28T17:57:51.246+0800][460.948s] GC(93) Humongous regions: 29->29
[2022-03-28T17:57:51.246+0800][460.948s] GC(93) Metaspace: 50019K(50368K)->50019K(50368K) NonClass: 44059K(44224K)->44059K(44224K) Class: 5959K(6144K)->5959K(6144K)
[2022-03-28T17:57:51.246+0800][460.948s] GC(93) Pause Young (Normal) (G1 Preventive Collection) 504M->493M(512M) 1.711ms
[2022-03-28T17:57:51.246+0800][460.948s] GC(93) User=0.00s Sys=0.00s Real=0.00s
[2022-03-28T17:57:51.443+0800][461.145s] GC(94) Pause Young (Normal) (G1 Preventive Collection)
[2022-03-28T17:57:51.443+0800][461.145s] GC(94) Using 8 workers of 8 for evacuation
[2022-03-28T17:57:51.444+0800][461.146s] GC(94)   Pre Evacuate Collection Set: 0.1ms
[2022-03-28T17:57:51.444+0800][461.146s] GC(94)   Merge Heap Roots: 0.0ms
[2022-03-28T17:57:51.444+0800][461.146s] GC(94)   Evacuate Collection Set: 0.5ms
[2022-03-28T17:57:51.444+0800][461.146s] GC(94)   Post Evacuate Collection Set: 0.3ms
[2022-03-28T17:57:51.444+0800][461.146s] GC(94)   Other: 0.2ms
[2022-03-28T17:57:51.444+0800][461.146s] GC(94) Eden regions: 11->0(24)
[2022-03-28T17:57:51.444+0800][461.146s] GC(94) Survivor regions: 1->1(4)
[2022-03-28T17:57:51.444+0800][461.146s] GC(94) Old regions: 467->467
[2022-03-28T17:57:51.444+0800][461.146s] GC(94) Archive regions: 0->0
[2022-03-28T17:57:51.444+0800][461.146s] GC(94) Humongous regions: 29->29
[2022-03-28T17:57:51.444+0800][461.146s] GC(94) Metaspace: 50019K(50368K)->50019K(50368K) NonClass: 44059K(44224K)->44059K(44224K) Class: 5959K(6144K)->5959K(6144K)
[2022-03-28T17:57:51.444+0800][461.146s] GC(94) Pause Young (Normal) (G1 Preventive Collection) 504M->493M(512M) 1.225ms
[2022-03-28T17:57:51.444+0800][461.146s] GC(94) User=0.00s Sys=0.00s Real=0.00s
[2022-03-28T17:57:51.532+0800][461.234s] GC(90) Concurrent Mark From Roots 852.863ms
[2022-03-28T17:57:51.532+0800][461.234s] GC(90) Concurrent Preclean
[2022-03-28T17:57:51.532+0800][461.234s] GC(90) Concurrent Preclean 0.168ms
[2022-03-28T17:57:51.532+0800][461.234s] GC(90) Pause Remark
[2022-03-28T17:57:51.535+0800][461.236s] GC(90) Pause Remark 498M->498M(512M) 2.267ms
[2022-03-28T17:57:51.535+0800][461.237s] GC(90) User=0.00s Sys=0.00s Real=0.00s
[2022-03-28T17:57:51.535+0800][461.237s] GC(90) Concurrent Mark 855.619ms
[2022-03-28T17:57:51.535+0800][461.237s] GC(90) Concurrent Rebuild Remembered Sets
[2022-03-28T17:57:51.649+0800][461.350s] GC(95) Pause Young (Normal) (G1 Preventive Collection)
[2022-03-28T17:57:51.649+0800][461.350s] GC(95) Using 8 workers of 8 for evacuation
[2022-03-28T17:57:51.650+0800][461.351s] GC(95)   Pre Evacuate Collection Set: 0.1ms
[2022-03-28T17:57:51.650+0800][461.351s] GC(95)   Merge Heap Roots: 0.0ms
[2022-03-28T17:57:51.650+0800][461.351s] GC(95)   Evacuate Collection Set: 0.5ms
[2022-03-28T17:57:51.650+0800][461.351s] GC(95)   Post Evacuate Collection Set: 0.2ms
[2022-03-28T17:57:51.650+0800][461.351s] GC(95)   Other: 0.1ms
[2022-03-28T17:57:51.650+0800][461.351s] GC(95) Eden regions: 11->0(24)
[2022-03-28T17:57:51.650+0800][461.351s] GC(95) Survivor regions: 1->1(4)
[2022-03-28T17:57:51.650+0800][461.351s] GC(95) Old regions: 467->467
[2022-03-28T17:57:51.650+0800][461.352s] GC(95) Archive regions: 0->0
[2022-03-28T17:57:51.650+0800][461.352s] GC(95) Humongous regions: 29->29
[2022-03-28T17:57:51.650+0800][461.352s] GC(95) Metaspace: 50025K(50368K)->50025K(50368K) NonClass: 44065K(44224K)->44065K(44224K) Class: 5959K(6144K)->5959K(6144K)
[2022-03-28T17:57:51.650+0800][461.352s] GC(95) Pause Young (Normal) (G1 Preventive Collection) 504M->493M(512M) 1.145ms
[2022-03-28T17:57:51.650+0800][461.352s] GC(95) User=0.09s Sys=0.00s Real=0.00s
[2022-03-28T17:57:51.854+0800][461.556s] GC(96) Pause Young (Normal) (G1 Preventive Collection)
[2022-03-28T17:57:51.854+0800][461.556s] GC(96) Using 8 workers of 8 for evacuation
[2022-03-28T17:57:51.856+0800][461.557s] GC(96)   Pre Evacuate Collection Set: 0.1ms
[2022-03-28T17:57:51.856+0800][461.557s] GC(96)   Merge Heap Roots: 0.0ms
[2022-03-28T17:57:51.856+0800][461.557s] GC(96)   Evacuate Collection Set: 0.8ms
[2022-03-28T17:57:51.856+0800][461.557s] GC(96)   Post Evacuate Collection Set: 0.3ms
[2022-03-28T17:57:51.856+0800][461.557s] GC(96)   Other: 0.2ms
[2022-03-28T17:57:51.856+0800][461.558s] GC(96) Eden regions: 12->0(24)
[2022-03-28T17:57:51.856+0800][461.558s] GC(96) Survivor regions: 1->1(3)
[2022-03-28T17:57:51.856+0800][461.558s] GC(96) Old regions: 467->467
[2022-03-28T17:57:51.856+0800][461.558s] GC(96) Archive regions: 0->0
[2022-03-28T17:57:51.856+0800][461.558s] GC(96) Humongous regions: 29->29
[2022-03-28T17:57:51.856+0800][461.558s] GC(96) Metaspace: 50025K(50368K)->50025K(50368K) NonClass: 44065K(44224K)->44065K(44224K) Class: 5959K(6144K)->5959K(6144K)
[2022-03-28T17:57:51.856+0800][461.558s] GC(96) Pause Young (Normal) (G1 Preventive Collection) 505M->493M(512M) 1.599ms
[2022-03-28T17:57:51.856+0800][461.558s] GC(96) User=0.00s Sys=0.00s Real=0.00s
[2022-03-28T17:57:51.898+0800][461.600s] GC(90) Concurrent Rebuild Remembered Sets 363.449ms
[2022-03-28T17:57:51.898+0800][461.600s] GC(90) Pause Cleanup
[2022-03-28T17:57:51.899+0800][461.600s] GC(90) Pause Cleanup 496M->496M(512M) 0.258ms
[2022-03-28T17:57:51.899+0800][461.601s] GC(90) User=0.00s Sys=0.00s Real=0.00s
[2022-03-28T17:57:51.899+0800][461.601s] GC(90) Concurrent Cleanup for Next Mark
[2022-03-28T17:57:51.899+0800][461.601s] GC(90) Concurrent Cleanup for Next Mark 0.358ms
[2022-03-28T17:57:51.899+0800][461.601s] GC(90) Concurrent Mark Cycle 1221.931ms
[2022-03-28T17:57:52.085+0800][461.786s] GC(97) Pause Young (Normal) (G1 Preventive Collection)
[2022-03-28T17:57:52.085+0800][461.787s] GC(97) Using 8 workers of 8 for evacuation
[2022-03-28T17:57:52.086+0800][461.788s] GC(97)   Pre Evacuate Collection Set: 0.1ms
[2022-03-28T17:57:52.086+0800][461.788s] GC(97)   Merge Heap Roots: 0.0ms
[2022-03-28T17:57:52.086+0800][461.788s] GC(97)   Evacuate Collection Set: 0.7ms
[2022-03-28T17:57:52.086+0800][461.788s] GC(97)   Post Evacuate Collection Set: 0.4ms
[2022-03-28T17:57:52.087+0800][461.788s] GC(97)   Other: 0.2ms
[2022-03-28T17:57:52.087+0800][461.788s] GC(97) Eden regions: 12->0(24)
[2022-03-28T17:57:52.087+0800][461.788s] GC(97) Survivor regions: 1->1(3)
[2022-03-28T17:57:52.087+0800][461.788s] GC(97) Old regions: 467->467
[2022-03-28T17:57:52.087+0800][461.788s] GC(97) Archive regions: 0->0
[2022-03-28T17:57:52.087+0800][461.788s] GC(97) Humongous regions: 29->29
[2022-03-28T17:57:52.087+0800][461.788s] GC(97) Metaspace: 50025K(50368K)->50025K(50368K) NonClass: 44065K(44224K)->44065K(44224K) Class: 5959K(6144K)->5959K(6144K)
[2022-03-28T17:57:52.087+0800][461.788s] GC(97) Pause Young (Normal) (G1 Preventive Collection) 505M->493M(512M) 1.756ms
[2022-03-28T17:57:52.087+0800][461.788s] GC(97) User=0.00s Sys=0.00s Real=0.00s
[2022-03-28T17:57:52.335+0800][462.037s] GC(98) Pause Young (Concurrent Start) (G1 Preventive Collection)
[2022-03-28T17:57:52.335+0800][462.037s] GC(98) Using 8 workers of 8 for evacuation
[2022-03-28T17:57:52.336+0800][462.038s] GC(98)   Pre Evacuate Collection Set: 0.1ms
[2022-03-28T17:57:52.336+0800][462.038s] GC(98)   Merge Heap Roots: 0.0ms
[2022-03-28T17:57:52.336+0800][462.038s] GC(98)   Evacuate Collection Set: 0.6ms
[2022-03-28T17:57:52.336+0800][462.038s] GC(98)   Post Evacuate Collection Set: 0.3ms
[2022-03-28T17:57:52.336+0800][462.038s] GC(98)   Other: 0.2ms
[2022-03-28T17:57:52.336+0800][462.038s] GC(98) Eden regions: 12->0(24)
[2022-03-28T17:57:52.336+0800][462.038s] GC(98) Survivor regions: 1->1(3)
[2022-03-28T17:57:52.336+0800][462.038s] GC(98) Old regions: 467->467
[2022-03-28T17:57:52.336+0800][462.038s] GC(98) Archive regions: 0->0
[2022-03-28T17:57:52.336+0800][462.038s] GC(98) Humongous regions: 29->29
[2022-03-28T17:57:52.336+0800][462.038s] GC(98) Metaspace: 50027K(50368K)->50027K(50368K) NonClass: 44067K(44224K)->44067K(44224K) Class: 5959K(6144K)->5959K(6144K)
[2022-03-28T17:57:52.337+0800][462.038s] GC(98) Pause Young (Concurrent Start) (G1 Preventive Collection) 505M->493M(512M) 1.457ms
[2022-03-28T17:57:52.337+0800][462.038s] GC(98) User=0.00s Sys=0.00s Real=0.00s
[2022-03-28T17:57:52.337+0800][462.038s] GC(99) Concurrent Mark Cycle
[2022-03-28T17:57:52.337+0800][462.038s] GC(99) Concurrent Clear Claimed Marks
[2022-03-28T17:57:52.337+0800][462.038s] GC(99) Concurrent Clear Claimed Marks 0.030ms
[2022-03-28T17:57:52.337+0800][462.038s] GC(99) Concurrent Scan Root Regions
[2022-03-28T17:57:52.338+0800][462.040s] GC(99) Concurrent Scan Root Regions 1.282ms
[2022-03-28T17:57:52.338+0800][462.040s] GC(99) Concurrent Mark
[2022-03-28T17:57:52.338+0800][462.040s] GC(99) Concurrent Mark From Roots
[2022-03-28T17:57:52.338+0800][462.040s] GC(99) Using 2 workers of 2 for marking
[2022-03-28T17:57:52.607+0800][462.309s] GC(100) Pause Young (Normal) (G1 Preventive Collection)
[2022-03-28T17:57:52.607+0800][462.309s] GC(100) Using 8 workers of 8 for evacuation
[2022-03-28T17:57:52.609+0800][462.311s] GC(100)   Pre Evacuate Collection Set: 0.1ms
[2022-03-28T17:57:52.610+0800][462.311s] GC(100)   Merge Heap Roots: 0.1ms
[2022-03-28T17:57:52.610+0800][462.311s] GC(100)   Evacuate Collection Set: 0.9ms
[2022-03-28T17:57:52.610+0800][462.311s] GC(100)   Post Evacuate Collection Set: 0.3ms
[2022-03-28T17:57:52.610+0800][462.311s] GC(100)   Other: 0.2ms
[2022-03-28T17:57:52.610+0800][462.311s] GC(100) Eden regions: 12->0(24)
[2022-03-28T17:57:52.610+0800][462.311s] GC(100) Survivor regions: 1->1(3)
[2022-03-28T17:57:52.610+0800][462.311s] GC(100) Old regions: 467->467
[2022-03-28T17:57:52.610+0800][462.311s] GC(100) Archive regions: 0->0
[2022-03-28T17:57:52.610+0800][462.311s] GC(100) Humongous regions: 29->29
[2022-03-28T17:57:52.610+0800][462.311s] GC(100) Metaspace: 50027K(50368K)->50027K(50368K) NonClass: 44067K(44224K)->44067K(44224K) Class: 5959K(6144K)->5959K(6144K)
[2022-03-28T17:57:52.610+0800][462.311s] GC(100) Pause Young (Normal) (G1 Preventive Collection) 505M->493M(512M) 1.729ms
[2022-03-28T17:57:52.610+0800][462.311s] GC(100) User=0.00s Sys=0.00s Real=0.00s
[2022-03-28T17:57:52.899+0800][462.600s] GC(101) Pause Young (Normal) (G1 Preventive Collection)
[2022-03-28T17:57:52.899+0800][462.600s] GC(101) Using 8 workers of 8 for evacuation
[2022-03-28T17:57:52.900+0800][462.601s] GC(101)   Pre Evacuate Collection Set: 0.1ms
[2022-03-28T17:57:52.900+0800][462.601s] GC(101)   Merge Heap Roots: 0.0ms
[2022-03-28T17:57:52.900+0800][462.601s] GC(101)   Evacuate Collection Set: 0.6ms
[2022-03-28T17:57:52.900+0800][462.601s] GC(101)   Post Evacuate Collection Set: 0.3ms
[2022-03-28T17:57:52.900+0800][462.601s] GC(101)   Other: 0.2ms
[2022-03-28T17:57:52.900+0800][462.601s] GC(101) Eden regions: 12->0(24)
[2022-03-28T17:57:52.900+0800][462.601s] GC(101) Survivor regions: 1->1(3)
[2022-03-28T17:57:52.900+0800][462.601s] GC(101) Old regions: 467->467
[2022-03-28T17:57:52.900+0800][462.601s] GC(101) Archive regions: 0->0
[2022-03-28T17:57:52.900+0800][462.601s] GC(101) Humongous regions: 29->29
[2022-03-28T17:57:52.900+0800][462.601s] GC(101) Metaspace: 50034K(50368K)->50034K(50368K) NonClass: 44074K(44224K)->44074K(44224K) Class: 5959K(6144K)->5959K(6144K)
[2022-03-28T17:57:52.900+0800][462.601s] GC(101) Pause Young (Normal) (G1 Preventive Collection) 505M->493M(512M) 1.497ms
[2022-03-28T17:57:52.900+0800][462.601s] GC(101) User=0.00s Sys=0.00s Real=0.00s
[2022-03-28T17:57:53.192+0800][462.894s] GC(102) Pause Young (Normal) (G1 Preventive Collection)
[2022-03-28T17:57:53.192+0800][462.894s] GC(102) Using 8 workers of 8 for evacuation
[2022-03-28T17:57:53.194+0800][462.895s] GC(102)   Pre Evacuate Collection Set: 0.1ms
[2022-03-28T17:57:53.194+0800][462.895s] GC(102)   Merge Heap Roots: 0.1ms
[2022-03-28T17:57:53.194+0800][462.895s] GC(102)   Evacuate Collection Set: 0.6ms
[2022-03-28T17:57:53.194+0800][462.895s] GC(102)   Post Evacuate Collection Set: 0.3ms
[2022-03-28T17:57:53.194+0800][462.895s] GC(102)   Other: 0.1ms
[2022-03-28T17:57:53.194+0800][462.895s] GC(102) Eden regions: 13->0(24)
[2022-03-28T17:57:53.194+0800][462.895s] GC(102) Survivor regions: 1->1(2)
[2022-03-28T17:57:53.194+0800][462.895s] GC(102) Old regions: 467->467
[2022-03-28T17:57:53.194+0800][462.895s] GC(102) Archive regions: 0->0
[2022-03-28T17:57:53.194+0800][462.895s] GC(102) Humongous regions: 29->29
[2022-03-28T17:57:53.194+0800][462.895s] GC(102) Metaspace: 50034K(50432K)->50034K(50432K) NonClass: 44074K(44288K)->44074K(44288K) Class: 5959K(6144K)->5959K(6144K)
[2022-03-28T17:57:53.194+0800][462.895s] GC(102) Pause Young (Normal) (G1 Preventive Collection) 506M->493M(512M) 1.409ms
[2022-03-28T17:57:53.194+0800][462.895s] GC(102) User=0.00s Sys=0.00s Real=0.00s
[2022-03-28T17:57:53.287+0800][462.990s] GC(99) Concurrent Mark From Roots 949.938ms
[2022-03-28T17:57:53.287+0800][462.990s] GC(99) Concurrent Preclean
[2022-03-28T17:57:53.288+0800][462.990s] GC(99) Concurrent Preclean 0.249ms
[2022-03-28T17:57:53.288+0800][462.990s] GC(99) Pause Remark
[2022-03-28T17:57:53.291+0800][462.992s] GC(99) Pause Remark 498M->497M(512M) 2.378ms
[2022-03-28T17:57:53.291+0800][462.992s] GC(99) User=0.09s Sys=0.00s Real=0.00s
[2022-03-28T17:57:53.291+0800][462.993s] GC(99) Concurrent Mark 952.907ms
[2022-03-28T17:57:53.291+0800][462.993s] GC(99) Concurrent Rebuild Remembered Sets
[2022-03-28T17:57:53.487+0800][463.189s] GC(103) Pause Young (Normal) (G1 Preventive Collection)
[2022-03-28T17:57:53.487+0800][463.189s] GC(103) Using 8 workers of 8 for evacuation
[2022-03-28T17:57:53.488+0800][463.190s] GC(103)   Pre Evacuate Collection Set: 0.1ms
[2022-03-28T17:57:53.488+0800][463.190s] GC(103)   Merge Heap Roots: 0.0ms
[2022-03-28T17:57:53.488+0800][463.190s] GC(103)   Evacuate Collection Set: 0.6ms
[2022-03-28T17:57:53.488+0800][463.190s] GC(103)   Post Evacuate Collection Set: 0.3ms
[2022-03-28T17:57:53.488+0800][463.190s] GC(103)   Other: 0.2ms
[2022-03-28T17:57:53.488+0800][463.190s] GC(103) Eden regions: 14->0(24)
[2022-03-28T17:57:53.488+0800][463.190s] GC(103) Survivor regions: 1->1(3)
[2022-03-28T17:57:53.488+0800][463.190s] GC(103) Old regions: 465->465
[2022-03-28T17:57:53.488+0800][463.190s] GC(103) Archive regions: 0->0
[2022-03-28T17:57:53.488+0800][463.190s] GC(103) Humongous regions: 29->29
[2022-03-28T17:57:53.489+0800][463.190s] GC(103) Metaspace: 50036K(50432K)->50036K(50432K) NonClass: 44076K(44288K)->44076K(44288K) Class: 5959K(6144K)->5959K(6144K)
[2022-03-28T17:57:53.489+0800][463.190s] GC(103) Pause Young (Normal) (G1 Preventive Collection) 507M->493M(512M) 1.449ms
[2022-03-28T17:57:53.489+0800][463.190s] GC(103) User=0.00s Sys=0.00s Real=0.00s
[2022-03-28T17:57:53.699+0800][463.401s] GC(99) Concurrent Rebuild Remembered Sets 408.039ms
[2022-03-28T17:57:53.699+0800][463.401s] GC(99) Pause Cleanup
[2022-03-28T17:57:53.699+0800][463.401s] GC(99) Pause Cleanup 502M->502M(512M) 0.149ms
[2022-03-28T17:57:53.699+0800][463.401s] GC(99) User=0.00s Sys=0.00s Real=0.00s
[2022-03-28T17:57:53.699+0800][463.401s] GC(99) Concurrent Cleanup for Next Mark
[2022-03-28T17:57:53.699+0800][463.401s] GC(99) Concurrent Cleanup for Next Mark 0.366ms
[2022-03-28T17:57:53.699+0800][463.401s] GC(99) Concurrent Mark Cycle 1363.258ms
[2022-03-28T17:57:53.800+0800][463.502s] GC(104) Pause Young (Normal) (G1 Preventive Collection)
[2022-03-28T17:57:53.801+0800][463.502s] GC(104) Using 8 workers of 8 for evacuation
[2022-03-28T17:57:53.802+0800][463.503s] GC(104)   Pre Evacuate Collection Set: 0.1ms
[2022-03-28T17:57:53.802+0800][463.503s] GC(104)   Merge Heap Roots: 0.1ms
[2022-03-28T17:57:53.802+0800][463.503s] GC(104)   Evacuate Collection Set: 0.7ms
[2022-03-28T17:57:53.802+0800][463.503s] GC(104)   Post Evacuate Collection Set: 0.3ms
[2022-03-28T17:57:53.802+0800][463.503s] GC(104)   Other: 0.2ms
[2022-03-28T17:57:53.802+0800][463.503s] GC(104) Eden regions: 14->0(24)
[2022-03-28T17:57:53.802+0800][463.504s] GC(104) Survivor regions: 1->1(3)
[2022-03-28T17:57:53.802+0800][463.504s] GC(104) Old regions: 465->465
[2022-03-28T17:57:53.802+0800][463.504s] GC(104) Archive regions: 0->0
[2022-03-28T17:57:53.802+0800][463.504s] GC(104) Humongous regions: 29->29
[2022-03-28T17:57:53.802+0800][463.504s] GC(104) Metaspace: 50045K(50432K)->50045K(50432K) NonClass: 44085K(44288K)->44085K(44288K) Class: 5959K(6144K)->5959K(6144K)
[2022-03-28T17:57:53.802+0800][463.504s] GC(104) Pause Young (Normal) (G1 Preventive Collection) 507M->493M(512M) 1.613ms
[2022-03-28T17:57:53.802+0800][463.504s] GC(104) User=0.00s Sys=0.00s Real=0.00s
[2022-03-28T17:58:35.783+0800][505.484s] GC(105) Pause Young (Concurrent Start) (G1 Preventive Collection)
[2022-03-28T17:58:35.783+0800][505.484s] GC(105) Using 8 workers of 8 for evacuation
[2022-03-28T17:58:35.783+0800][505.485s] GC(105)   Pre Evacuate Collection Set: 0.1ms
[2022-03-28T17:58:35.783+0800][505.485s] GC(105)   Merge Heap Roots: 0.1ms
[2022-03-28T17:58:35.783+0800][505.485s] GC(105)   Evacuate Collection Set: 0.5ms
[2022-03-28T17:58:35.783+0800][505.485s] GC(105)   Post Evacuate Collection Set: 0.4ms
[2022-03-28T17:58:35.783+0800][505.485s] GC(105)   Other: 0.2ms
[2022-03-28T17:58:35.783+0800][505.485s] GC(105) Eden regions: 15->0(24)
[2022-03-28T17:58:35.783+0800][505.485s] GC(105) Survivor regions: 1->1(2)
[2022-03-28T17:58:35.783+0800][505.485s] GC(105) Old regions: 465->466
[2022-03-28T17:58:35.783+0800][505.485s] GC(105) Archive regions: 0->0
[2022-03-28T17:58:35.783+0800][505.485s] GC(105) Humongous regions: 29->29
[2022-03-28T17:58:35.783+0800][505.485s] GC(105) Metaspace: 50053K(50432K)->50053K(50432K) NonClass: 44093K(44288K)->44093K(44288K) Class: 5959K(6144K)->5959K(6144K)
[2022-03-28T17:58:35.783+0800][505.486s] GC(105) Pause Young (Concurrent Start) (G1 Preventive Collection) 508M->493M(512M) 1.491ms
[2022-03-28T17:58:35.783+0800][505.486s] GC(105) User=0.00s Sys=0.00s Real=0.00s
[2022-03-28T17:58:35.783+0800][505.486s] GC(106) Concurrent Mark Cycle
[2022-03-28T17:58:35.783+0800][505.486s] GC(106) Concurrent Clear Claimed Marks
[2022-03-28T17:58:35.783+0800][505.486s] GC(106) Concurrent Clear Claimed Marks 0.029ms
[2022-03-28T17:58:35.783+0800][505.486s] GC(106) Concurrent Scan Root Regions
[2022-03-28T17:58:35.785+0800][505.487s] GC(106) Concurrent Scan Root Regions 1.342ms
[2022-03-28T17:58:35.786+0800][505.487s] GC(106) Concurrent Mark
[2022-03-28T17:58:35.786+0800][505.487s] GC(106) Concurrent Mark From Roots
[2022-03-28T17:58:35.786+0800][505.487s] GC(106) Using 2 workers of 2 for marking
[2022-03-28T17:58:35.999+0800][505.701s] GC(107) Pause Young (Normal) (G1 Preventive Collection)
[2022-03-28T17:58:35.999+0800][505.701s] GC(107) Using 8 workers of 8 for evacuation
[2022-03-28T17:58:36.001+0800][505.702s] GC(107)   Pre Evacuate Collection Set: 0.1ms
[2022-03-28T17:58:36.001+0800][505.702s] GC(107)   Merge Heap Roots: 0.1ms
[2022-03-28T17:58:36.001+0800][505.703s] GC(107)   Evacuate Collection Set: 0.8ms
[2022-03-28T17:58:36.001+0800][505.703s] GC(107)   Post Evacuate Collection Set: 0.4ms
[2022-03-28T17:58:36.001+0800][505.703s] GC(107)   Other: 0.2ms
[2022-03-28T17:58:36.001+0800][505.703s] GC(107) Eden regions: 14->0(24)
[2022-03-28T17:58:36.001+0800][505.703s] GC(107) Survivor regions: 1->1(2)
[2022-03-28T17:58:36.001+0800][505.703s] GC(107) Old regions: 466->466
[2022-03-28T17:58:36.001+0800][505.703s] GC(107) Archive regions: 0->0
[2022-03-28T17:58:36.001+0800][505.703s] GC(107) Humongous regions: 29->29
[2022-03-28T17:58:36.001+0800][505.703s] GC(107) Metaspace: 50074K(50496K)->50074K(50496K) NonClass: 44114K(44352K)->44114K(44352K) Class: 5959K(6144K)->5959K(6144K)
[2022-03-28T17:58:36.001+0800][505.703s] GC(107) Pause Young (Normal) (G1 Preventive Collection) 507M->493M(512M) 2.103ms
[2022-03-28T17:58:36.001+0800][505.703s] GC(107) User=0.00s Sys=0.00s Real=0.00s
[2022-03-28T17:58:36.224+0800][505.925s] GC(108) Pause Young (Normal) (G1 Preventive Collection)
[2022-03-28T17:58:36.224+0800][505.925s] GC(108) Using 8 workers of 8 for evacuation
[2022-03-28T17:58:36.226+0800][505.927s] GC(108)   Pre Evacuate Collection Set: 0.1ms
[2022-03-28T17:58:36.226+0800][505.927s] GC(108)   Merge Heap Roots: 0.1ms
[2022-03-28T17:58:36.226+0800][505.927s] GC(108)   Evacuate Collection Set: 0.8ms
[2022-03-28T17:58:36.226+0800][505.927s] GC(108)   Post Evacuate Collection Set: 0.4ms
[2022-03-28T17:58:36.226+0800][505.927s] GC(108)   Other: 0.2ms
[2022-03-28T17:58:36.226+0800][505.927s] GC(108) Eden regions: 14->0(24)
[2022-03-28T17:58:36.226+0800][505.927s] GC(108) Survivor regions: 1->1(2)
[2022-03-28T17:58:36.226+0800][505.927s] GC(108) Old regions: 466->466
[2022-03-28T17:58:36.226+0800][505.927s] GC(108) Archive regions: 0->0
[2022-03-28T17:58:36.226+0800][505.927s] GC(108) Humongous regions: 29->29
[2022-03-28T17:58:36.226+0800][505.927s] GC(108) Metaspace: 50079K(50496K)->50079K(50496K) NonClass: 44119K(44352K)->44119K(44352K) Class: 5959K(6144K)->5959K(6144K)
[2022-03-28T17:58:36.226+0800][505.927s] GC(108) Pause Young (Normal) (G1 Preventive Collection) 507M->493M(512M) 1.956ms
[2022-03-28T17:58:36.226+0800][505.927s] GC(108) User=0.00s Sys=0.00s Real=0.00s
[2022-03-28T17:58:36.613+0800][506.315s] GC(106) Concurrent Mark From Roots 827.563ms
[2022-03-28T17:58:36.613+0800][506.315s] GC(106) Concurrent Preclean
[2022-03-28T17:58:36.614+0800][506.315s] GC(106) Concurrent Preclean 0.196ms
[2022-03-28T17:58:36.614+0800][506.315s] GC(106) Pause Remark
[2022-03-28T17:58:36.615+0800][506.317s] GC(106) Pause Remark 507M->507M(512M) 1.784ms
[2022-03-28T17:58:36.615+0800][506.317s] GC(106) User=0.00s Sys=0.00s Real=0.00s
[2022-03-28T17:58:36.615+0800][506.317s] GC(106) Concurrent Mark 829.798ms
[2022-03-28T17:58:36.615+0800][506.317s] GC(106) Concurrent Rebuild Remembered Sets
[2022-03-28T17:58:37.065+0800][506.766s] GC(106) Concurrent Rebuild Remembered Sets 449.146ms
[2022-03-28T17:58:37.065+0800][506.766s] GC(106) Pause Cleanup
[2022-03-28T17:58:37.065+0800][506.767s] GC(106) Pause Cleanup 507M->507M(512M) 0.160ms
[2022-03-28T17:58:37.065+0800][506.767s] GC(106) User=0.00s Sys=0.00s Real=0.00s
[2022-03-28T17:58:37.065+0800][506.767s] GC(106) Concurrent Cleanup for Next Mark
[2022-03-28T17:58:37.065+0800][506.767s] GC(106) Concurrent Cleanup for Next Mark 0.268ms
[2022-03-28T17:58:37.065+0800][506.767s] GC(106) Concurrent Mark Cycle 1281.182ms
[2022-03-28T17:58:46.508+0800][516.209s] GC(109) Pause Young (Concurrent Start) (G1 Humongous Allocation)
[2022-03-28T17:58:46.508+0800][516.209s] GC(109) Using 8 workers of 8 for evacuation
[2022-03-28T17:58:46.509+0800][516.210s] GC(109)   Pre Evacuate Collection Set: 0.1ms
[2022-03-28T17:58:46.509+0800][516.210s] GC(109)   Merge Heap Roots: 0.0ms
[2022-03-28T17:58:46.509+0800][516.210s] GC(109)   Evacuate Collection Set: 0.5ms
[2022-03-28T17:58:46.509+0800][516.210s] GC(109)   Post Evacuate Collection Set: 0.2ms
[2022-03-28T17:58:46.509+0800][516.210s] GC(109)   Other: 0.2ms
[2022-03-28T17:58:46.509+0800][516.210s] GC(109) Eden regions: 14->0(24)
[2022-03-28T17:58:46.509+0800][516.210s] GC(109) Survivor regions: 1->1(2)
[2022-03-28T17:58:46.509+0800][516.210s] GC(109) Old regions: 466->466
[2022-03-28T17:58:46.509+0800][516.210s] GC(109) Archive regions: 0->0
[2022-03-28T17:58:46.509+0800][516.210s] GC(109) Humongous regions: 29->29
[2022-03-28T17:58:46.509+0800][516.210s] GC(109) Metaspace: 50079K(50496K)->50079K(50496K) NonClass: 44119K(44352K)->44119K(44352K) Class: 5959K(6144K)->5959K(6144K)
[2022-03-28T17:58:46.509+0800][516.210s] GC(109) Pause Young (Concurrent Start) (G1 Humongous Allocation) 507M->493M(512M) 1.168ms
[2022-03-28T17:58:46.509+0800][516.211s] GC(109) User=0.02s Sys=0.00s Real=0.00s
[2022-03-28T17:58:46.509+0800][516.211s] GC(110) Concurrent Mark Cycle
[2022-03-28T17:58:46.509+0800][516.211s] GC(110) Concurrent Clear Claimed Marks
[2022-03-28T17:58:46.509+0800][516.211s] GC(110) Concurrent Clear Claimed Marks 0.019ms
[2022-03-28T17:58:46.509+0800][516.211s] GC(110) Concurrent Scan Root Regions
[2022-03-28T17:58:46.509+0800][516.211s] GC(110) Concurrent Scan Root Regions 0.859ms
[2022-03-28T17:58:46.509+0800][516.211s] GC(111) Pause Young (Normal) (G1 Humongous Allocation)
[2022-03-28T17:58:46.509+0800][516.211s] GC(110) Concurrent Mark
[2022-03-28T17:58:46.509+0800][516.212s] GC(111) Using 8 workers of 8 for evacuation
[2022-03-28T17:58:46.509+0800][516.212s] GC(110) Concurrent Mark From Roots
[2022-03-28T17:58:46.509+0800][516.212s] GC(110) Using 2 workers of 2 for marking
[2022-03-28T17:58:46.511+0800][516.212s] GC(111)   Pre Evacuate Collection Set: 0.9ms
[2022-03-28T17:58:46.511+0800][516.212s] GC(111)   Merge Heap Roots: 0.0ms
[2022-03-28T17:58:46.511+0800][516.212s] GC(111)   Evacuate Collection Set: 0.4ms
[2022-03-28T17:58:46.511+0800][516.212s] GC(111)   Post Evacuate Collection Set: 0.3ms
[2022-03-28T17:58:46.511+0800][516.212s] GC(111)   Other: 0.1ms
[2022-03-28T17:58:46.511+0800][516.212s] GC(111) Eden regions: 0->0(24)
[2022-03-28T17:58:46.511+0800][516.212s] GC(111) Survivor regions: 1->1(4)
[2022-03-28T17:58:46.511+0800][516.212s] GC(111) Old regions: 466->466
[2022-03-28T17:58:46.511+0800][516.213s] GC(111) Archive regions: 0->0
[2022-03-28T17:58:46.511+0800][516.213s] GC(111) Humongous regions: 29->29
[2022-03-28T17:58:46.511+0800][516.213s] GC(111) Metaspace: 50079K(50496K)->50079K(50496K) NonClass: 44119K(44352K)->44119K(44352K) Class: 5959K(6144K)->5959K(6144K)
[2022-03-28T17:58:46.511+0800][516.213s] GC(111) Pause Young (Normal) (G1 Humongous Allocation) 493M->493M(512M) 1.110ms
[2022-03-28T17:58:46.511+0800][516.213s] GC(111) User=0.00s Sys=0.00s Real=0.00s
[2022-03-28T17:58:46.511+0800][516.213s] Attempting full compaction
[2022-03-28T17:58:46.511+0800][516.213s] GC(112) Using 8 workers of 8 for full compaction
[2022-03-28T17:58:46.511+0800][516.213s] GC(112) Pause Full (G1 Compaction Pause)
[2022-03-28T17:58:46.511+0800][516.213s] GC(112) Phase 1: Mark live objects
[2022-03-28T17:58:46.695+0800][516.397s] GC(112) Phase 1: Mark live objects 183.877ms
[2022-03-28T17:58:46.695+0800][516.397s] GC(112) Phase 2: Prepare for compaction
[2022-03-28T17:58:46.697+0800][516.398s] GC(112) Phase 2: Prepare for compaction 1.366ms
[2022-03-28T17:58:46.697+0800][516.398s] GC(112) Phase 3: Adjust pointers
[2022-03-28T17:58:46.746+0800][516.447s] GC(112) Phase 3: Adjust pointers 48.787ms
[2022-03-28T17:58:46.746+0800][516.447s] GC(112) Phase 4: Compact heap
[2022-03-28T17:58:46.747+0800][516.448s] GC(112) Phase 4: Compact heap 0.805ms
[2022-03-28T17:58:46.752+0800][516.453s] GC(112) Eden regions: 0->0(25)
[2022-03-28T17:58:46.752+0800][516.453s] GC(112) Survivor regions: 1->0(4)
[2022-03-28T17:58:46.752+0800][516.453s] GC(112) Old regions: 466->465
[2022-03-28T17:58:46.752+0800][516.453s] GC(112) Archive regions: 0->0
[2022-03-28T17:58:46.752+0800][516.453s] GC(112) Humongous regions: 29->29
[2022-03-28T17:58:46.752+0800][516.453s] GC(112) Metaspace: 50079K(50496K)->50079K(50496K) NonClass: 44119K(44352K)->44119K(44352K) Class: 5959K(6144K)->5959K(6144K)
[2022-03-28T17:58:46.752+0800][516.453s] GC(112) Pause Full (G1 Compaction Pause) 493M->492M(512M) 240.657ms
[2022-03-28T17:58:46.752+0800][516.454s] GC(112) User=1.72s Sys=0.00s Real=0.24s
[2022-03-28T17:58:46.752+0800][516.454s] Attempting maximum full compaction clearing soft references
[2022-03-28T17:58:46.752+0800][516.454s] GC(113) Using 8 workers of 8 for full compaction
[2022-03-28T17:58:46.753+0800][516.454s] GC(113) Pause Full (G1 Compaction Pause)
[2022-03-28T17:58:46.753+0800][516.454s] GC(113) Phase 1: Mark live objects
[2022-03-28T17:58:46.957+0800][516.659s] GC(113) Phase 1: Mark live objects 204.741ms
[2022-03-28T17:58:46.957+0800][516.659s] GC(113) Phase 2: Prepare for compaction
[2022-03-28T17:58:46.999+0800][516.701s] GC(113) Phase 2: Prepare for compaction 41.701ms
[2022-03-28T17:58:46.999+0800][516.701s] GC(113) Phase 3: Adjust pointers
[2022-03-28T17:58:47.065+0800][516.766s] GC(113) Phase 3: Adjust pointers 65.045ms
[2022-03-28T17:58:47.065+0800][516.766s] GC(113) Phase 4: Compact heap
[2022-03-28T17:58:47.106+0800][516.807s] GC(113) Phase 4: Compact heap 41.206ms
[2022-03-28T17:58:47.111+0800][516.813s] GC(113) Eden regions: 0->0(25)
[2022-03-28T17:58:47.112+0800][516.813s] GC(113) Survivor regions: 0->0(4)
[2022-03-28T17:58:47.112+0800][516.813s] GC(113) Old regions: 465->465
[2022-03-28T17:58:47.112+0800][516.813s] GC(113) Archive regions: 0->0
[2022-03-28T17:58:47.112+0800][516.813s] GC(113) Humongous regions: 29->29
[2022-03-28T17:58:47.112+0800][516.813s] GC(113) Metaspace: 50079K(50496K)->50079K(50496K) NonClass: 44119K(44352K)->44119K(44352K) Class: 5959K(6144K)->5959K(6144K)
[2022-03-28T17:58:47.112+0800][516.813s] GC(113) Pause Full (G1 Compaction Pause) 492M->491M(512M) 358.931ms
[2022-03-28T17:58:47.112+0800][516.814s] GC(113) User=2.61s Sys=0.02s Real=0.36s
[2022-03-28T17:58:47.112+0800][516.814s] GC(110) Concurrent Mark From Roots 602.187ms
[2022-03-28T17:58:47.112+0800][516.814s] GC(110) Concurrent Mark Abort
[2022-03-28T17:58:47.112+0800][516.814s] GC(110) Concurrent Mark Cycle 603.253ms
[2022-03-28T17:58:47.791+0800][517.493s] GC(114) Pause Young (Concurrent Start) (G1 Humongous Allocation)
[2022-03-28T17:58:47.791+0800][517.493s] GC(114) Using 8 workers of 8 for evacuation
[2022-03-28T17:58:47.792+0800][517.495s] GC(114)   Pre Evacuate Collection Set: 0.1ms
[2022-03-28T17:58:47.792+0800][517.495s] GC(114)   Merge Heap Roots: 0.1ms
[2022-03-28T17:58:47.792+0800][517.495s] GC(114)   Evacuate Collection Set: 0.5ms
[2022-03-28T17:58:47.792+0800][517.495s] GC(114)   Post Evacuate Collection Set: 0.4ms
[2022-03-28T17:58:47.792+0800][517.495s] GC(114)   Other: 0.2ms
[2022-03-28T17:58:47.792+0800][517.495s] GC(114) Eden regions: 3->0(24)
[2022-03-28T17:58:47.792+0800][517.495s] GC(114) Survivor regions: 0->1(4)
[2022-03-28T17:58:47.792+0800][517.495s] GC(114) Old regions: 465->465
[2022-03-28T17:58:47.792+0800][517.495s] GC(114) Archive regions: 0->0
[2022-03-28T17:58:47.792+0800][517.495s] GC(114) Humongous regions: 29->29
[2022-03-28T17:58:47.793+0800][517.495s] GC(114) Metaspace: 50217K(50560K)->50217K(50560K) NonClass: 44235K(44416K)->44235K(44416K) Class: 5981K(6144K)->5981K(6144K)
[2022-03-28T17:58:47.793+0800][517.495s] GC(114) Pause Young (Concurrent Start) (G1 Humongous Allocation) 494M->491M(512M) 1.438ms
[2022-03-28T17:58:47.793+0800][517.495s] GC(114) User=0.00s Sys=0.00s Real=0.00s
[2022-03-28T17:58:47.793+0800][517.495s] GC(115) Concurrent Mark Cycle
[2022-03-28T17:58:47.793+0800][517.495s] GC(115) Concurrent Clear Claimed Marks
[2022-03-28T17:58:47.793+0800][517.495s] GC(115) Concurrent Clear Claimed Marks 0.024ms
[2022-03-28T17:58:47.793+0800][517.495s] GC(115) Concurrent Scan Root Regions
[2022-03-28T17:58:47.794+0800][517.496s] GC(115) Concurrent Scan Root Regions 0.959ms
[2022-03-28T17:58:47.794+0800][517.496s] GC(116) Pause Young (Normal) (G1 Humongous Allocation)
[2022-03-28T17:58:47.794+0800][517.496s] GC(115) Concurrent Mark
[2022-03-28T17:58:47.795+0800][517.496s] GC(116) Using 8 workers of 8 for evacuation
[2022-03-28T17:58:47.795+0800][517.496s] GC(115) Concurrent Mark From Roots
[2022-03-28T17:58:47.795+0800][517.496s] GC(115) Using 2 workers of 2 for marking
[2022-03-28T17:58:47.795+0800][517.497s] GC(116)   Pre Evacuate Collection Set: 1.2ms
[2022-03-28T17:58:47.795+0800][517.497s] GC(116)   Merge Heap Roots: 0.0ms
[2022-03-28T17:58:47.795+0800][517.497s] GC(116)   Evacuate Collection Set: 0.3ms
[2022-03-28T17:58:47.795+0800][517.497s] GC(116)   Post Evacuate Collection Set: 0.3ms
[2022-03-28T17:58:47.795+0800][517.497s] GC(116)   Other: 0.2ms
[2022-03-28T17:58:47.795+0800][517.497s] GC(116) Eden regions: 0->0(24)
[2022-03-28T17:58:47.796+0800][517.497s] GC(116) Survivor regions: 1->1(4)
[2022-03-28T17:58:47.796+0800][517.497s] GC(116) Old regions: 465->465
[2022-03-28T17:58:47.796+0800][517.497s] GC(116) Archive regions: 0->0
[2022-03-28T17:58:47.796+0800][517.497s] GC(116) Humongous regions: 29->29
[2022-03-28T17:58:47.796+0800][517.497s] GC(116) Metaspace: 50217K(50560K)->50217K(50560K) NonClass: 44235K(44416K)->44235K(44416K) Class: 5981K(6144K)->5981K(6144K)
[2022-03-28T17:58:47.796+0800][517.497s] GC(116) Pause Young (Normal) (G1 Humongous Allocation) 491M->491M(512M) 1.285ms
[2022-03-28T17:58:47.796+0800][517.497s] GC(116) User=0.00s Sys=0.00s Real=0.00s
[2022-03-28T17:58:47.796+0800][517.497s] Attempting full compaction
[2022-03-28T17:58:47.796+0800][517.497s] GC(117) Using 8 workers of 8 for full compaction
[2022-03-28T17:58:47.796+0800][517.498s] GC(117) Pause Full (G1 Compaction Pause)
[2022-03-28T17:58:47.796+0800][517.498s] GC(117) Phase 1: Mark live objects
[2022-03-28T17:58:48.007+0800][517.709s] GC(117) Phase 1: Mark live objects 210.930ms
[2022-03-28T17:58:48.007+0800][517.709s] GC(117) Phase 2: Prepare for compaction
[2022-03-28T17:58:48.009+0800][517.711s] GC(117) Phase 2: Prepare for compaction 1.879ms
[2022-03-28T17:58:48.010+0800][517.711s] GC(117) Phase 3: Adjust pointers
[2022-03-28T17:58:48.068+0800][517.770s] GC(117) Phase 3: Adjust pointers 58.730ms
[2022-03-28T17:58:48.068+0800][517.770s] GC(117) Phase 4: Compact heap
[2022-03-28T17:58:48.070+0800][517.771s] GC(117) Phase 4: Compact heap 1.250ms
[2022-03-28T17:58:48.076+0800][517.777s] GC(117) Eden regions: 0->0(25)
[2022-03-28T17:58:48.076+0800][517.777s] GC(117) Survivor regions: 1->0(4)
[2022-03-28T17:58:48.076+0800][517.777s] GC(117) Old regions: 465->465
[2022-03-28T17:58:48.076+0800][517.777s] GC(117) Archive regions: 0->0
[2022-03-28T17:58:48.076+0800][517.777s] GC(117) Humongous regions: 29->29
[2022-03-28T17:58:48.076+0800][517.777s] GC(117) Metaspace: 50217K(50560K)->50217K(50560K) NonClass: 44235K(44416K)->44235K(44416K) Class: 5981K(6144K)->5981K(6144K)
[2022-03-28T17:58:48.076+0800][517.777s] GC(117) Pause Full (G1 Compaction Pause) 491M->491M(512M) 279.482ms
[2022-03-28T17:58:48.076+0800][517.778s] GC(117) User=1.89s Sys=0.00s Real=0.28s
[2022-03-28T17:58:48.077+0800][517.778s] GC(115) Concurrent Mark From Roots 282.229ms
[2022-03-28T17:58:48.077+0800][517.778s] GC(115) Concurrent Mark Abort
[2022-03-28T17:58:48.077+0800][517.778s] GC(115) Concurrent Mark Cycle 283.483ms
[2022-03-28T17:58:48.094+0800][517.795s] GC(118) Pause Young (Concurrent Start) (G1 Humongous Allocation)
[2022-03-28T17:58:48.094+0800][517.796s] GC(118) Using 8 workers of 8 for evacuation
[2022-03-28T17:58:48.095+0800][517.797s] GC(118)   Pre Evacuate Collection Set: 0.1ms
[2022-03-28T17:58:48.096+0800][517.797s] GC(118)   Merge Heap Roots: 0.0ms
[2022-03-28T17:58:48.096+0800][517.797s] GC(118)   Evacuate Collection Set: 0.9ms
[2022-03-28T17:58:48.096+0800][517.797s] GC(118)   Post Evacuate Collection Set: 0.3ms
[2022-03-28T17:58:48.096+0800][517.797s] GC(118)   Other: 0.3ms
[2022-03-28T17:58:48.096+0800][517.797s] GC(118) Eden regions: 1->0(24)
[2022-03-28T17:58:48.096+0800][517.797s] GC(118) Survivor regions: 0->1(2)
[2022-03-28T17:58:48.096+0800][517.797s] GC(118) Old regions: 465->465
[2022-03-28T17:58:48.096+0800][517.797s] GC(118) Archive regions: 0->0
[2022-03-28T17:58:48.096+0800][517.797s] GC(118) Humongous regions: 44->44
[2022-03-28T17:58:48.096+0800][517.797s] GC(118) Metaspace: 50221K(50560K)->50221K(50560K) NonClass: 44239K(44416K)->44239K(44416K) Class: 5981K(6144K)->5981K(6144K)
[2022-03-28T17:58:48.096+0800][517.797s] GC(118) Pause Young (Concurrent Start) (G1 Humongous Allocation) 506M->506M(512M) 1.943ms
[2022-03-28T17:58:48.096+0800][517.797s] GC(118) User=0.00s Sys=0.00s Real=0.00s
[2022-03-28T17:58:48.096+0800][517.798s] GC(119) Concurrent Mark Cycle
[2022-03-28T17:58:48.096+0800][517.798s] GC(119) Concurrent Clear Claimed Marks
[2022-03-28T17:58:48.096+0800][517.798s] GC(119) Concurrent Clear Claimed Marks 0.033ms
[2022-03-28T17:58:48.096+0800][517.798s] GC(119) Concurrent Scan Root Regions
[2022-03-28T17:58:48.096+0800][517.798s] GC(119) Concurrent Scan Root Regions 0.145ms
[2022-03-28T17:58:48.096+0800][517.798s] GC(119) Concurrent Mark
[2022-03-28T17:58:48.096+0800][517.798s] GC(119) Concurrent Mark From Roots
[2022-03-28T17:58:48.096+0800][517.798s] GC(119) Using 2 workers of 2 for marking
[2022-03-28T17:58:48.096+0800][517.798s] GC(120) Pause Young (Normal) (G1 Humongous Allocation)
[2022-03-28T17:58:48.096+0800][517.798s] GC(120) Using 8 workers of 8 for evacuation
[2022-03-28T17:58:48.097+0800][517.799s] GC(120)   Pre Evacuate Collection Set: 0.1ms
[2022-03-28T17:58:48.097+0800][517.799s] GC(120)   Merge Heap Roots: 0.0ms
[2022-03-28T17:58:48.097+0800][517.799s] GC(120)   Evacuate Collection Set: 0.3ms
[2022-03-28T17:58:48.097+0800][517.799s] GC(120)   Post Evacuate Collection Set: 0.3ms
[2022-03-28T17:58:48.097+0800][517.799s] GC(120)   Other: 0.1ms
[2022-03-28T17:58:48.097+0800][517.799s] GC(120) Eden regions: 0->0(24)
[2022-03-28T17:58:48.097+0800][517.799s] GC(120) Survivor regions: 1->1(2)
[2022-03-28T17:58:48.097+0800][517.799s] GC(120) Old regions: 465->465
[2022-03-28T17:58:48.097+0800][517.799s] GC(120) Archive regions: 0->0
[2022-03-28T17:58:48.097+0800][517.799s] GC(120) Humongous regions: 44->44
[2022-03-28T17:58:48.097+0800][517.799s] GC(120) Metaspace: 50221K(50560K)->50221K(50560K) NonClass: 44239K(44416K)->44239K(44416K) Class: 5981K(6144K)->5981K(6144K)
[2022-03-28T17:58:48.097+0800][517.799s] GC(120) Pause Young (Normal) (G1 Humongous Allocation) 506M->506M(512M) 1.118ms
[2022-03-28T17:58:48.097+0800][517.799s] GC(120) User=0.00s Sys=0.00s Real=0.00s
[2022-03-28T17:58:48.097+0800][517.799s] Attempting full compaction
[2022-03-28T17:58:48.098+0800][517.799s] GC(121) Using 8 workers of 8 for full compaction
[2022-03-28T17:58:48.098+0800][517.799s] GC(121) Pause Full (G1 Compaction Pause)
[2022-03-28T17:58:48.098+0800][517.800s] GC(121) Phase 1: Mark live objects
[2022-03-28T17:58:48.346+0800][518.047s] GC(121) Phase 1: Mark live objects 247.586ms
[2022-03-28T17:58:48.346+0800][518.047s] GC(121) Phase 2: Prepare for compaction
[2022-03-28T17:58:48.347+0800][518.049s] GC(121) Phase 2: Prepare for compaction 1.180ms
[2022-03-28T17:58:48.347+0800][518.049s] GC(121) Phase 3: Adjust pointers
[2022-03-28T17:58:48.404+0800][518.106s] GC(121) Phase 3: Adjust pointers 57.295ms
[2022-03-28T17:58:48.404+0800][518.106s] GC(121) Phase 4: Compact heap
[2022-03-28T17:58:48.405+0800][518.107s] GC(121) Phase 4: Compact heap 0.645ms
[2022-03-28T17:58:48.411+0800][518.112s] GC(121) Eden regions: 0->0(25)
[2022-03-28T17:58:48.411+0800][518.112s] GC(121) Survivor regions: 1->0(2)
[2022-03-28T17:58:48.411+0800][518.112s] GC(121) Old regions: 465->465
[2022-03-28T17:58:48.411+0800][518.112s] GC(121) Archive regions: 0->0
[2022-03-28T17:58:48.411+0800][518.112s] GC(121) Humongous regions: 44->44
[2022-03-28T17:58:48.411+0800][518.112s] GC(121) Metaspace: 50221K(50560K)->50221K(50560K) NonClass: 44239K(44416K)->44239K(44416K) Class: 5981K(6144K)->5981K(6144K)
[2022-03-28T17:58:48.411+0800][518.112s] GC(121) Pause Full (G1 Compaction Pause) 506M->506M(512M) 313.004ms
[2022-03-28T17:58:48.411+0800][518.113s] GC(121) User=2.39s Sys=0.00s Real=0.31s
[2022-03-28T17:58:48.411+0800][518.113s] Attempting maximum full compaction clearing soft references
[2022-03-28T17:58:48.411+0800][518.113s] GC(122) Using 8 workers of 8 for full compaction
[2022-03-28T17:58:48.412+0800][518.113s] GC(122) Pause Full (G1 Compaction Pause)
[2022-03-28T17:58:48.412+0800][518.113s] GC(122) Phase 1: Mark live objects
[2022-03-28T17:58:48.652+0800][518.354s] GC(122) Phase 1: Mark live objects 240.627ms
[2022-03-28T17:58:48.652+0800][518.354s] GC(122) Phase 2: Prepare for compaction
[2022-03-28T17:58:48.720+0800][518.422s] GC(122) Phase 2: Prepare for compaction 68.277ms
[2022-03-28T17:58:48.721+0800][518.422s] GC(122) Phase 3: Adjust pointers
[2022-03-28T17:58:48.792+0800][518.493s] GC(122) Phase 3: Adjust pointers 71.063ms
[2022-03-28T17:58:48.792+0800][518.493s] GC(122) Phase 4: Compact heap
[2022-03-28T17:58:48.847+0800][518.548s] GC(122) Phase 4: Compact heap 54.758ms
[2022-03-28T17:58:48.853+0800][518.554s] GC(122) Eden regions: 0->0(25)
[2022-03-28T17:58:48.853+0800][518.554s] GC(122) Survivor regions: 0->0(2)
[2022-03-28T17:58:48.853+0800][518.554s] GC(122) Old regions: 465->464
[2022-03-28T17:58:48.853+0800][518.554s] GC(122) Archive regions: 0->0
[2022-03-28T17:58:48.853+0800][518.554s] GC(122) Humongous regions: 44->44
[2022-03-28T17:58:48.853+0800][518.554s] GC(122) Metaspace: 50221K(50560K)->50221K(50560K) NonClass: 44239K(44416K)->44239K(44416K) Class: 5981K(6144K)->5981K(6144K)
[2022-03-28T17:58:48.853+0800][518.554s] GC(122) Pause Full (G1 Compaction Pause) 506M->506M(512M) 441.281ms
[2022-03-28T17:58:48.853+0800][518.555s] GC(122) User=2.86s Sys=0.03s Real=0.44s
[2022-03-28T17:58:48.853+0800][518.555s] GC(119) Concurrent Mark From Roots 756.924ms
[2022-03-28T17:58:48.854+0800][518.555s] GC(119) Concurrent Mark Abort
[2022-03-28T17:58:48.854+0800][518.555s] GC(119) Concurrent Mark Cycle 757.305ms
[2022-03-28T17:58:59.706+0800][529.408s] GC(123) Pause Young (Normal) (G1 Preventive Collection)
[2022-03-28T17:58:59.706+0800][529.408s] GC(123) Using 8 workers of 8 for evacuation
[2022-03-28T17:58:59.707+0800][529.409s] GC(123)   Pre Evacuate Collection Set: 0.0ms
[2022-03-28T17:58:59.707+0800][529.409s] GC(123)   Merge Heap Roots: 0.0ms
[2022-03-28T17:58:59.707+0800][529.409s] GC(123)   Evacuate Collection Set: 0.7ms
[2022-03-28T17:58:59.707+0800][529.409s] GC(123)   Post Evacuate Collection Set: 0.3ms
[2022-03-28T17:58:59.707+0800][529.409s] GC(123)   Other: 0.1ms
[2022-03-28T17:58:59.707+0800][529.409s] GC(123) Eden regions: 3->0(24)
[2022-03-28T17:58:59.707+0800][529.409s] GC(123) Survivor regions: 0->1(1)
[2022-03-28T17:58:59.707+0800][529.409s] GC(123) Old regions: 464->464
[2022-03-28T17:58:59.707+0800][529.409s] GC(123) Archive regions: 0->0
[2022-03-28T17:58:59.707+0800][529.409s] GC(123) Humongous regions: 44->44
[2022-03-28T17:58:59.707+0800][529.409s] GC(123) Metaspace: 50279K(50624K)->50279K(50624K) NonClass: 44289K(44480K)->44289K(44480K) Class: 5990K(6144K)->5990K(6144K)
[2022-03-28T17:58:59.707+0800][529.409s] GC(123) Pause Young (Normal) (G1 Preventive Collection) 509M->506M(512M) 1.280ms
[2022-03-28T17:58:59.707+0800][529.409s] GC(123) User=0.00s Sys=0.00s Real=0.00s
[2022-03-28T17:58:59.753+0800][529.455s] GC(124) Pause Young (Concurrent Start) (G1 Preventive Collection)
[2022-03-28T17:58:59.753+0800][529.455s] GC(124) Using 8 workers of 8 for evacuation
[2022-03-28T17:58:59.754+0800][529.456s] GC(124)   Pre Evacuate Collection Set: 0.1ms
[2022-03-28T17:58:59.754+0800][529.456s] GC(124)   Merge Heap Roots: 0.0ms
[2022-03-28T17:58:59.754+0800][529.456s] GC(124)   Evacuate Collection Set: 0.5ms
[2022-03-28T17:58:59.754+0800][529.456s] GC(124)   Post Evacuate Collection Set: 0.3ms
[2022-03-28T17:58:59.754+0800][529.456s] GC(124)   Other: 0.2ms
[2022-03-28T17:58:59.754+0800][529.456s] GC(124) Eden regions: 2->0(24)
[2022-03-28T17:58:59.754+0800][529.456s] GC(124) Survivor regions: 1->1(1)
[2022-03-28T17:58:59.754+0800][529.456s] GC(124) Old regions: 464->464
[2022-03-28T17:58:59.754+0800][529.456s] GC(124) Archive regions: 0->0
[2022-03-28T17:58:59.754+0800][529.456s] GC(124) Humongous regions: 44->44
[2022-03-28T17:58:59.754+0800][529.456s] GC(124) Metaspace: 50441K(50752K)->50441K(50752K) NonClass: 44420K(44608K)->44420K(44608K) Class: 6020K(6144K)->6020K(6144K)
[2022-03-28T17:58:59.754+0800][529.456s] GC(124) Pause Young (Concurrent Start) (G1 Preventive Collection) 508M->506M(512M) 1.244ms
[2022-03-28T17:58:59.754+0800][529.456s] GC(124) User=0.00s Sys=0.00s Real=0.00s
[2022-03-28T17:58:59.754+0800][529.456s] GC(125) Concurrent Mark Cycle
[2022-03-28T17:58:59.754+0800][529.456s] GC(125) Concurrent Clear Claimed Marks
[2022-03-28T17:58:59.754+0800][529.456s] GC(125) Concurrent Clear Claimed Marks 0.035ms
[2022-03-28T17:58:59.754+0800][529.456s] GC(125) Concurrent Scan Root Regions
[2022-03-28T17:58:59.755+0800][529.457s] GC(125) Concurrent Scan Root Regions 0.859ms
[2022-03-28T17:58:59.755+0800][529.457s] GC(125) Concurrent Mark
[2022-03-28T17:58:59.755+0800][529.457s] GC(125) Concurrent Mark From Roots
[2022-03-28T17:58:59.755+0800][529.457s] GC(125) Using 2 workers of 2 for marking
[2022-03-28T17:58:59.779+0800][529.480s] GC(126) Pause Young (Normal) (G1 Preventive Collection)
[2022-03-28T17:58:59.779+0800][529.481s] GC(126) Using 8 workers of 8 for evacuation
[2022-03-28T17:58:59.780+0800][529.481s] GC(126)   Pre Evacuate Collection Set: 0.1ms
[2022-03-28T17:58:59.780+0800][529.481s] GC(126)   Merge Heap Roots: 0.0ms
[2022-03-28T17:58:59.780+0800][529.481s] GC(126)   Evacuate Collection Set: 0.5ms
[2022-03-28T17:58:59.780+0800][529.481s] GC(126)   Post Evacuate Collection Set: 0.2ms
[2022-03-28T17:58:59.780+0800][529.482s] GC(126)   Other: 0.1ms
[2022-03-28T17:58:59.780+0800][529.482s] GC(126) Eden regions: 2->0(24)
[2022-03-28T17:58:59.780+0800][529.482s] GC(126) Survivor regions: 1->1(1)
[2022-03-28T17:58:59.780+0800][529.482s] GC(126) Old regions: 464->464
[2022-03-28T17:58:59.780+0800][529.482s] GC(126) Archive regions: 0->0
[2022-03-28T17:58:59.780+0800][529.482s] GC(126) Humongous regions: 44->44
[2022-03-28T17:58:59.780+0800][529.482s] GC(126) Metaspace: 50532K(50816K)->50532K(50816K) NonClass: 44499K(44672K)->44499K(44672K) Class: 6033K(6144K)->6033K(6144K)
[2022-03-28T17:58:59.780+0800][529.482s] GC(126) Pause Young (Normal) (G1 Preventive Collection) 508M->506M(512M) 1.141ms
[2022-03-28T17:58:59.780+0800][529.482s] GC(126) User=0.00s Sys=0.00s Real=0.00s
[2022-03-28T17:59:00.275+0800][529.977s] GC(125) Concurrent Mark From Roots 519.472ms
[2022-03-28T17:59:00.275+0800][529.977s] GC(125) Concurrent Preclean
[2022-03-28T17:59:00.276+0800][529.977s] GC(125) Concurrent Preclean 0.255ms
[2022-03-28T17:59:00.276+0800][529.977s] GC(125) Pause Remark
[2022-03-28T17:59:00.278+0800][529.980s] GC(125) Pause Remark 507M->492M(512M) 2.570ms
[2022-03-28T17:59:00.278+0800][529.980s] GC(125) User=0.00s Sys=0.00s Real=0.00s
[2022-03-28T17:59:00.278+0800][529.980s] GC(125) Concurrent Mark 522.550ms
[2022-03-28T17:59:00.278+0800][529.980s] GC(125) Concurrent Rebuild Remembered Sets
[2022-03-28T17:59:00.545+0800][530.247s] GC(125) Concurrent Rebuild Remembered Sets 266.867ms
[2022-03-28T17:59:00.545+0800][530.247s] GC(125) Pause Cleanup
[2022-03-28T17:59:00.545+0800][530.247s] GC(125) Pause Cleanup 492M->492M(512M) 0.207ms
[2022-03-28T17:59:00.545+0800][530.247s] GC(125) User=0.00s Sys=0.00s Real=0.00s
[2022-03-28T17:59:00.545+0800][530.247s] GC(125) Concurrent Cleanup for Next Mark
[2022-03-28T17:59:00.545+0800][530.247s] GC(125) Concurrent Cleanup for Next Mark 0.333ms
[2022-03-28T17:59:00.545+0800][530.247s] GC(125) Concurrent Mark Cycle 791.252ms
[2022-03-28T17:59:00.545+0800][530.247s] Heap
[2022-03-28T17:59:00.545+0800][530.247s]  garbage-first heap   total 524288K, used 504199K [0x00000000e0000000, 0x0000000100000000)
[2022-03-28T17:59:00.545+0800][530.247s]   region size 1024K, 2 young (2048K), 1 survivors (1024K)
[2022-03-28T17:59:00.545+0800][530.247s]  Metaspace       used 50535K, committed 50816K, reserved 1097728K
[2022-03-28T17:59:00.545+0800][530.248s]   class space    used 6033K, committed 6144K, reserved 1048576K
