[2022-03-28T16:23:05.273+0800][0.015s] Using G1
[2022-03-28T16:23:05.382+0800][0.126s] Version: 17.0.2+8-LTS-86 (release)
[2022-03-28T16:23:05.382+0800][0.126s] CPUs: 8 total, 8 available
[2022-03-28T16:23:05.382+0800][0.126s] Memory: 16075M
[2022-03-28T16:23:05.382+0800][0.126s] Large Page Support: Disabled
[2022-03-28T16:23:05.382+0800][0.126s] NUMA Support: Disabled
[2022-03-28T16:23:05.382+0800][0.126s] Compressed Oops: Enabled (32-bit)
[2022-03-28T16:23:05.382+0800][0.126s] Heap Region Size: 1M
[2022-03-28T16:23:05.382+0800][0.126s] Heap Min Capacity: 512M
[2022-03-28T16:23:05.382+0800][0.126s] Heap Initial Capacity: 512M
[2022-03-28T16:23:05.382+0800][0.126s] Heap Max Capacity: 512M
[2022-03-28T16:23:05.382+0800][0.126s] Pre-touch: Enabled
[2022-03-28T16:23:05.382+0800][0.127s] Parallel Workers: 8
[2022-03-28T16:23:05.382+0800][0.127s] Concurrent Workers: 2
[2022-03-28T16:23:05.382+0800][0.127s] Concurrent Refinement Workers: 8
[2022-03-28T16:23:05.382+0800][0.127s] Periodic GC: Disabled
[2022-03-28T16:23:05.382+0800][0.127s] CDS archive(s) mapped at: [0x0000000800000000-0x0000000800bc0000-0x0000000800bc0000), size 12320768, SharedBaseAddress: 0x0000000800000000, ArchiveRelocationMode: 0.
[2022-03-28T16:23:05.382+0800][0.127s] Compressed class space mapped at: 0x0000000800c00000-0x0000000840c00000, reserved size: 1073741824
[2022-03-28T16:23:05.382+0800][0.127s] Narrow klass base: 0x0000000800000000, Narrow klass shift: 0, Narrow klass range: 0x100000000
[2022-03-28T16:23:06.215+0800][0.957s] GC(0) Pause Young (Normal) (G1 Evacuation Pause)
[2022-03-28T16:23:06.216+0800][0.957s] GC(0) Using 8 workers of 8 for evacuation
[2022-03-28T16:23:06.219+0800][0.962s] GC(0)   Pre Evacuate Collection Set: 0.1ms
[2022-03-28T16:23:06.220+0800][0.962s] GC(0)   Merge Heap Roots: 0.0ms
[2022-03-28T16:23:06.220+0800][0.962s] GC(0)   Evacuate Collection Set: 3.5ms
[2022-03-28T16:23:06.220+0800][0.962s] GC(0)   Post Evacuate Collection Set: 0.3ms
[2022-03-28T16:23:06.220+0800][0.962s] GC(0)   Other: 0.4ms
[2022-03-28T16:23:06.220+0800][0.962s] GC(0) Eden regions: 29->0(40)
[2022-03-28T16:23:06.220+0800][0.962s] GC(0) Survivor regions: 0->4(4)
[2022-03-28T16:23:06.220+0800][0.962s] GC(0) Old regions: 0->1
[2022-03-28T16:23:06.220+0800][0.962s] GC(0) Archive regions: 0->0
[2022-03-28T16:23:06.220+0800][0.962s] GC(0) Humongous regions: 0->0
[2022-03-28T16:23:06.220+0800][0.962s] GC(0) Metaspace: 9506K(9728K)->9506K(9728K) NonClass: 8402K(8512K)->8402K(8512K) Class: 1104K(1216K)->1104K(1216K)
[2022-03-28T16:23:06.220+0800][0.962s] GC(0) Pause Young (Normal) (G1 Evacuation Pause) 29M->4M(512M) 4.601ms
[2022-03-28T16:23:06.220+0800][0.962s] GC(0) User=0.00s Sys=0.00s Real=0.01s
[2022-03-28T16:23:06.734+0800][1.481s] GC(1) Pause Young (Normal) (G1 Evacuation Pause)
[2022-03-28T16:23:06.734+0800][1.481s] GC(1) Using 8 workers of 8 for evacuation
[2022-03-28T16:23:06.746+0800][1.488s] GC(1)   Pre Evacuate Collection Set: 0.1ms
[2022-03-28T16:23:06.746+0800][1.488s] GC(1)   Merge Heap Roots: 0.0ms
[2022-03-28T16:23:06.746+0800][1.488s] GC(1)   Evacuate Collection Set: 6.4ms
[2022-03-28T16:23:06.746+0800][1.488s] GC(1)   Post Evacuate Collection Set: 0.4ms
[2022-03-28T16:23:06.746+0800][1.488s] GC(1)   Other: 0.1ms
[2022-03-28T16:23:06.746+0800][1.488s] GC(1) Eden regions: 37->0(60)
[2022-03-28T16:23:06.746+0800][1.488s] GC(1) Survivor regions: 4->6(6)
[2022-03-28T16:23:06.746+0800][1.488s] GC(1) Old regions: 1->9
[2022-03-28T16:23:06.746+0800][1.488s] GC(1) Archive regions: 0->0
[2022-03-28T16:23:06.746+0800][1.488s] GC(1) Humongous regions: 4->4
[2022-03-28T16:23:06.746+0800][1.488s] GC(1) Metaspace: 15601K(15808K)->15601K(15808K) NonClass: 13778K(13888K)->13778K(13888K) Class: 1822K(1920K)->1822K(1920K)
[2022-03-28T16:23:06.746+0800][1.488s] GC(1) Pause Young (Normal) (G1 Evacuation Pause) 45M->18M(512M) 7.163ms
[2022-03-28T16:23:06.746+0800][1.488s] GC(1) User=0.11s Sys=0.00s Real=0.01s
[2022-03-28T16:23:07.200+0800][1.942s] GC(2) Pause Young (Concurrent Start) (Metadata GC Threshold)
[2022-03-28T16:23:07.200+0800][1.942s] GC(2) Using 8 workers of 8 for evacuation
[2022-03-28T16:23:07.203+0800][1.945s] GC(2)   Pre Evacuate Collection Set: 0.1ms
[2022-03-28T16:23:07.203+0800][1.945s] GC(2)   Merge Heap Roots: 0.0ms
[2022-03-28T16:23:07.203+0800][1.945s] GC(2)   Evacuate Collection Set: 2.6ms
[2022-03-28T16:23:07.203+0800][1.945s] GC(2)   Post Evacuate Collection Set: 0.4ms
[2022-03-28T16:23:07.203+0800][1.945s] GC(2)   Other: 0.3ms
[2022-03-28T16:23:07.203+0800][1.945s] GC(2) Eden regions: 53->0(83)
[2022-03-28T16:23:07.203+0800][1.945s] GC(2) Survivor regions: 6->6(9)
[2022-03-28T16:23:07.203+0800][1.945s] GC(2) Old regions: 9->16
[2022-03-28T16:23:07.203+0800][1.945s] GC(2) Archive regions: 0->0
[2022-03-28T16:23:07.203+0800][1.945s] GC(2) Humongous regions: 4->4
[2022-03-28T16:23:07.203+0800][1.945s] GC(2) Metaspace: 21261K(21504K)->21261K(21504K) NonClass: 18854K(18944K)->18854K(18944K) Class: 2406K(2560K)->2406K(2560K)
[2022-03-28T16:23:07.203+0800][1.945s] GC(2) Pause Young (Concurrent Start) (Metadata GC Threshold) 71M->24M(512M) 3.548ms
[2022-03-28T16:23:07.203+0800][1.945s] GC(2) User=0.00s Sys=0.00s Real=0.00s
[2022-03-28T16:23:07.203+0800][1.945s] GC(3) Concurrent Mark Cycle
[2022-03-28T16:23:07.203+0800][1.945s] GC(3) Concurrent Clear Claimed Marks
[2022-03-28T16:23:07.203+0800][1.945s] GC(3) Concurrent Clear Claimed Marks 0.020ms
[2022-03-28T16:23:07.203+0800][1.945s] GC(3) Concurrent Scan Root Regions
[2022-03-28T16:23:07.204+0800][1.949s] GC(3) Concurrent Scan Root Regions 4.251ms
[2022-03-28T16:23:07.204+0800][1.950s] GC(3) Concurrent Mark
[2022-03-28T16:23:07.204+0800][1.950s] GC(3) Concurrent Mark From Roots
[2022-03-28T16:23:07.204+0800][1.950s] GC(3) Using 2 workers of 2 for marking
[2022-03-28T16:23:07.218+0800][1.960s] GC(3) Concurrent Mark From Roots 10.578ms
[2022-03-28T16:23:07.218+0800][1.960s] GC(3) Concurrent Preclean
[2022-03-28T16:23:07.219+0800][1.960s] GC(3) Concurrent Preclean 0.120ms
[2022-03-28T16:23:07.219+0800][1.960s] GC(3) Pause Remark
[2022-03-28T16:23:07.220+0800][1.962s] GC(3) Pause Remark 27M->27M(512M) 1.330ms
[2022-03-28T16:23:07.220+0800][1.962s] GC(3) User=0.00s Sys=0.00s Real=0.00s
[2022-03-28T16:23:07.220+0800][1.962s] GC(3) Concurrent Mark 12.273ms
[2022-03-28T16:23:07.220+0800][1.962s] GC(3) Concurrent Rebuild Remembered Sets
[2022-03-28T16:23:07.227+0800][1.969s] GC(3) Concurrent Rebuild Remembered Sets 7.116ms
[2022-03-28T16:23:07.227+0800][1.969s] GC(3) Pause Cleanup
[2022-03-28T16:23:07.227+0800][1.969s] GC(3) Pause Cleanup 27M->27M(512M) 0.085ms
[2022-03-28T16:23:07.227+0800][1.969s] GC(3) User=0.00s Sys=0.00s Real=0.00s
[2022-03-28T16:23:07.227+0800][1.969s] GC(3) Concurrent Cleanup for Next Mark
[2022-03-28T16:23:07.228+0800][1.969s] GC(3) Concurrent Cleanup for Next Mark 0.261ms
[2022-03-28T16:23:07.228+0800][1.969s] GC(3) Concurrent Mark Cycle 24.382ms
[2022-03-28T16:23:08.482+0800][3.224s] GC(4) Pause Young (Prepare Mixed) (G1 Evacuation Pause)
[2022-03-28T16:23:08.483+0800][3.224s] GC(4) Using 8 workers of 8 for evacuation
[2022-03-28T16:23:08.486+0800][3.228s] GC(4)   Pre Evacuate Collection Set: 0.0ms
[2022-03-28T16:23:08.486+0800][3.228s] GC(4)   Merge Heap Roots: 0.0ms
[2022-03-28T16:23:08.486+0800][3.228s] GC(4)   Evacuate Collection Set: 3.3ms
[2022-03-28T16:23:08.486+0800][3.228s] GC(4)   Post Evacuate Collection Set: 0.4ms
[2022-03-28T16:23:08.486+0800][3.228s] GC(4)   Other: 0.1ms
[2022-03-28T16:23:08.486+0800][3.228s] GC(4) Eden regions: 83->0(13)
[2022-03-28T16:23:08.486+0800][3.228s] GC(4) Survivor regions: 6->12(12)
[2022-03-28T16:23:08.486+0800][3.228s] GC(4) Old regions: 16->16
[2022-03-28T16:23:08.486+0800][3.228s] GC(4) Archive regions: 0->0
[2022-03-28T16:23:08.486+0800][3.228s] GC(4) Humongous regions: 5->4
[2022-03-28T16:23:08.486+0800][3.228s] GC(4) Metaspace: 34740K(35072K)->34740K(35072K) NonClass: 30672K(30848K)->30672K(30848K) Class: 4067K(4224K)->4067K(4224K)
[2022-03-28T16:23:08.486+0800][3.228s] GC(4) Pause Young (Prepare Mixed) (G1 Evacuation Pause) 108M->30M(512M) 4.044ms
[2022-03-28T16:23:08.486+0800][3.228s] GC(4) User=0.00s Sys=0.00s Real=0.00s
[2022-03-28T16:23:08.591+0800][3.344s] GC(5) Pause Young (Mixed) (Metadata GC Threshold)
[2022-03-28T16:23:08.591+0800][3.344s] GC(5) Using 8 workers of 8 for evacuation
[2022-03-28T16:23:08.604+0800][3.348s] GC(5)   Pre Evacuate Collection Set: 0.1ms
[2022-03-28T16:23:08.604+0800][3.348s] GC(5)   Merge Heap Roots: 0.0ms
[2022-03-28T16:23:08.604+0800][3.348s] GC(5)   Evacuate Collection Set: 4.0ms
[2022-03-28T16:23:08.604+0800][3.348s] GC(5)   Post Evacuate Collection Set: 0.3ms
[2022-03-28T16:23:08.604+0800][3.348s] GC(5)   Other: 0.1ms
[2022-03-28T16:23:08.604+0800][3.348s] GC(5) Eden regions: 9->0(305)
[2022-03-28T16:23:08.604+0800][3.348s] GC(5) Survivor regions: 12->2(4)
[2022-03-28T16:23:08.604+0800][3.348s] GC(5) Old regions: 16->26
[2022-03-28T16:23:08.604+0800][3.348s] GC(5) Archive regions: 0->0
[2022-03-28T16:23:08.604+0800][3.348s] GC(5) Humongous regions: 4->4
[2022-03-28T16:23:08.604+0800][3.348s] GC(5) Metaspace: 36179K(36480K)->36179K(36480K) NonClass: 31920K(32064K)->31920K(32064K) Class: 4258K(4416K)->4258K(4416K)
[2022-03-28T16:23:08.604+0800][3.348s] GC(5) Pause Young (Mixed) (Metadata GC Threshold) 38M->31M(512M) 4.567ms
[2022-03-28T16:23:08.604+0800][3.348s] GC(5) User=0.12s Sys=0.00s Real=0.01s
[2022-03-28T16:23:08.622+0800][3.364s] GC(6) Pause Young (Concurrent Start) (Metadata GC Threshold)
[2022-03-28T16:23:08.622+0800][3.364s] GC(6) Using 8 workers of 8 for evacuation
[2022-03-28T16:23:08.622+0800][3.365s] GC(6)   Pre Evacuate Collection Set: 0.1ms
[2022-03-28T16:23:08.622+0800][3.365s] GC(6)   Merge Heap Roots: 0.0ms
[2022-03-28T16:23:08.622+0800][3.365s] GC(6)   Evacuate Collection Set: 0.7ms
[2022-03-28T16:23:08.622+0800][3.365s] GC(6)   Post Evacuate Collection Set: 0.1ms
[2022-03-28T16:23:08.622+0800][3.365s] GC(6)   Other: 0.1ms
[2022-03-28T16:23:08.622+0800][3.365s] GC(6) Eden regions: 3->0(305)
[2022-03-28T16:23:08.622+0800][3.365s] GC(6) Survivor regions: 2->2(39)
[2022-03-28T16:23:08.622+0800][3.365s] GC(6) Old regions: 26->26
[2022-03-28T16:23:08.622+0800][3.365s] GC(6) Archive regions: 0->0
[2022-03-28T16:23:08.622+0800][3.365s] GC(6) Humongous regions: 4->4
[2022-03-28T16:23:08.622+0800][3.365s] GC(6) Metaspace: 36470K(36800K)->36470K(36800K) NonClass: 32170K(32320K)->32170K(32320K) Class: 4299K(4480K)->4299K(4480K)
[2022-03-28T16:23:08.622+0800][3.366s] GC(6) Pause Young (Concurrent Start) (Metadata GC Threshold) 33M->31M(512M) 1.210ms
[2022-03-28T16:23:08.622+0800][3.366s] GC(6) User=0.00s Sys=0.00s Real=0.00s
[2022-03-28T16:23:08.622+0800][3.366s] GC(7) Concurrent Mark Cycle
[2022-03-28T16:23:08.622+0800][3.366s] GC(7) Concurrent Clear Claimed Marks
[2022-03-28T16:23:08.622+0800][3.366s] GC(7) Concurrent Clear Claimed Marks 0.015ms
[2022-03-28T16:23:08.622+0800][3.366s] GC(7) Concurrent Scan Root Regions
[2022-03-28T16:23:08.624+0800][3.367s] GC(7) Concurrent Scan Root Regions 1.004ms
[2022-03-28T16:23:08.624+0800][3.367s] GC(7) Concurrent Mark
[2022-03-28T16:23:08.624+0800][3.367s] GC(7) Concurrent Mark From Roots
[2022-03-28T16:23:08.624+0800][3.367s] GC(7) Using 2 workers of 2 for marking
[2022-03-28T16:23:08.639+0800][3.389s] GC(7) Concurrent Mark From Roots 21.926ms
[2022-03-28T16:23:08.639+0800][3.389s] GC(7) Concurrent Preclean
[2022-03-28T16:23:08.639+0800][3.389s] GC(7) Concurrent Preclean 0.159ms
[2022-03-28T16:23:08.639+0800][3.389s] GC(7) Pause Remark
[2022-03-28T16:23:08.648+0800][3.390s] GC(7) Pause Remark 34M->34M(512M) 1.528ms
[2022-03-28T16:23:08.648+0800][3.390s] GC(7) User=0.00s Sys=0.00s Real=0.01s
[2022-03-28T16:23:08.648+0800][3.391s] GC(7) Concurrent Mark 23.858ms
[2022-03-28T16:23:08.649+0800][3.391s] GC(7) Concurrent Rebuild Remembered Sets
[2022-03-28T16:23:08.658+0800][3.400s] GC(7) Concurrent Rebuild Remembered Sets 9.341ms
[2022-03-28T16:23:08.658+0800][3.400s] GC(7) Pause Cleanup
[2022-03-28T16:23:08.658+0800][3.400s] GC(7) Pause Cleanup 36M->36M(512M) 0.085ms
[2022-03-28T16:23:08.658+0800][3.400s] GC(7) User=0.00s Sys=0.00s Real=0.00s
[2022-03-28T16:23:08.658+0800][3.400s] GC(7) Concurrent Cleanup for Next Mark
[2022-03-28T16:23:08.658+0800][3.400s] GC(7) Concurrent Cleanup for Next Mark 0.218ms
[2022-03-28T16:23:08.658+0800][3.400s] GC(7) Concurrent Mark Cycle 34.814ms
[2022-03-28T16:23:16.034+0800][10.776s] GC(8) Pause Young (Normal) (G1 Evacuation Pause)
[2022-03-28T16:23:16.034+0800][10.776s] GC(8) Using 8 workers of 8 for evacuation
[2022-03-28T16:23:16.086+0800][10.828s] GC(8)   Pre Evacuate Collection Set: 0.1ms
[2022-03-28T16:23:16.086+0800][10.828s] GC(8)   Merge Heap Roots: 0.4ms
[2022-03-28T16:23:16.086+0800][10.828s] GC(8)   Evacuate Collection Set: 50.3ms
[2022-03-28T16:23:16.086+0800][10.828s] GC(8)   Post Evacuate Collection Set: 0.6ms
[2022-03-28T16:23:16.086+0800][10.828s] GC(8)   Other: 0.2ms
[2022-03-28T16:23:16.086+0800][10.828s] GC(8) Eden regions: 275->0(99)
[2022-03-28T16:23:16.086+0800][10.828s] GC(8) Survivor regions: 2->35(35)
[2022-03-28T16:23:16.086+0800][10.828s] GC(8) Old regions: 26->87
[2022-03-28T16:23:16.086+0800][10.828s] GC(8) Archive regions: 0->0
[2022-03-28T16:23:16.086+0800][10.828s] GC(8) Humongous regions: 80->29
[2022-03-28T16:23:16.086+0800][10.828s] GC(8) Metaspace: 48220K(48576K)->48220K(48576K) NonClass: 42426K(42624K)->42426K(42624K) Class: 5793K(5952K)->5793K(5952K)
[2022-03-28T16:23:16.086+0800][10.828s] GC(8) Pause Young (Normal) (G1 Evacuation Pause) 382M->150M(512M) 51.797ms
[2022-03-28T16:23:16.086+0800][10.828s] GC(8) User=0.25s Sys=0.00s Real=0.05s
[2022-03-28T16:23:16.776+0800][11.521s] GC(9) Pause Young (Normal) (G1 Evacuation Pause)
[2022-03-28T16:23:16.776+0800][11.521s] GC(9) Using 8 workers of 8 for evacuation
[2022-03-28T16:23:16.810+0800][11.552s] GC(9)   Pre Evacuate Collection Set: 0.1ms
[2022-03-28T16:23:16.810+0800][11.552s] GC(9)   Merge Heap Roots: 0.6ms
[2022-03-28T16:23:16.810+0800][11.552s] GC(9)   Evacuate Collection Set: 29.7ms
[2022-03-28T16:23:16.810+0800][11.552s] GC(9)   Post Evacuate Collection Set: 0.4ms
[2022-03-28T16:23:16.810+0800][11.552s] GC(9)   Other: 0.1ms
[2022-03-28T16:23:16.810+0800][11.552s] GC(9) Eden regions: 99->0(102)
[2022-03-28T16:23:16.810+0800][11.552s] GC(9) Survivor regions: 35->17(17)
[2022-03-28T16:23:16.810+0800][11.552s] GC(9) Old regions: 87->129
[2022-03-28T16:23:16.810+0800][11.552s] GC(9) Archive regions: 0->0
[2022-03-28T16:23:16.810+0800][11.552s] GC(9) Humongous regions: 29->29
[2022-03-28T16:23:16.810+0800][11.552s] GC(9) Metaspace: 49661K(50048K)->49661K(50048K) NonClass: 43730K(43968K)->43730K(43968K) Class: 5931K(6080K)->5931K(6080K)
[2022-03-28T16:23:16.810+0800][11.553s] GC(9) Pause Young (Normal) (G1 Evacuation Pause) 249M->174M(512M) 31.159ms
[2022-03-28T16:23:16.810+0800][11.553s] GC(9) User=0.11s Sys=0.00s Real=0.03s
[2022-03-28T16:23:41.655+0800][36.397s] GC(10) Pause Young (Normal) (G1 Evacuation Pause)
[2022-03-28T16:23:41.655+0800][36.397s] GC(10) Using 8 workers of 8 for evacuation
[2022-03-28T16:23:41.705+0800][36.447s] GC(10)   Pre Evacuate Collection Set: 0.1ms
[2022-03-28T16:23:41.705+0800][36.447s] GC(10)   Merge Heap Roots: 0.3ms
[2022-03-28T16:23:41.705+0800][36.447s] GC(10)   Evacuate Collection Set: 49.0ms
[2022-03-28T16:23:41.705+0800][36.447s] GC(10)   Post Evacuate Collection Set: 0.4ms
[2022-03-28T16:23:41.705+0800][36.447s] GC(10)   Other: 0.2ms
[2022-03-28T16:23:41.705+0800][36.447s] GC(10) Eden regions: 102->0(44)
[2022-03-28T16:23:41.705+0800][36.447s] GC(10) Survivor regions: 17->15(15)
[2022-03-28T16:23:41.705+0800][36.447s] GC(10) Old regions: 129->187
[2022-03-28T16:23:41.705+0800][36.447s] GC(10) Archive regions: 0->0
[2022-03-28T16:23:41.705+0800][36.447s] GC(10) Humongous regions: 58->43
[2022-03-28T16:23:41.705+0800][36.447s] GC(10) Metaspace: 49666K(50048K)->49666K(50048K) NonClass: 43734K(43968K)->43734K(43968K) Class: 5931K(6080K)->5931K(6080K)
[2022-03-28T16:23:41.705+0800][36.447s] GC(10) Pause Young (Normal) (G1 Evacuation Pause) 305M->244M(512M) 50.244ms
[2022-03-28T16:23:41.705+0800][36.447s] GC(10) User=0.31s Sys=0.00s Real=0.05s
[2022-03-28T16:23:41.750+0800][36.492s] GC(11) Pause Young (Normal) (G1 Evacuation Pause)
[2022-03-28T16:23:41.750+0800][36.492s] GC(11) Using 8 workers of 8 for evacuation
[2022-03-28T16:23:41.771+0800][36.513s] GC(11)   Pre Evacuate Collection Set: 0.1ms
[2022-03-28T16:23:41.771+0800][36.513s] GC(11)   Merge Heap Roots: 0.2ms
[2022-03-28T16:23:41.771+0800][36.513s] GC(11)   Evacuate Collection Set: 20.4ms
[2022-03-28T16:23:41.771+0800][36.513s] GC(11)   Post Evacuate Collection Set: 0.3ms
[2022-03-28T16:23:41.771+0800][36.513s] GC(11)   Other: 0.1ms
[2022-03-28T16:23:41.771+0800][36.513s] GC(11) Eden regions: 44->0(86)
[2022-03-28T16:23:41.771+0800][36.513s] GC(11) Survivor regions: 15->8(8)
[2022-03-28T16:23:41.771+0800][36.513s] GC(11) Old regions: 187->221
[2022-03-28T16:23:41.771+0800][36.513s] GC(11) Archive regions: 0->0
[2022-03-28T16:23:41.771+0800][36.513s] GC(11) Humongous regions: 43->43
[2022-03-28T16:23:41.771+0800][36.513s] GC(11) Metaspace: 49666K(50048K)->49666K(50048K) NonClass: 43734K(43968K)->43734K(43968K) Class: 5931K(6080K)->5931K(6080K)
[2022-03-28T16:23:41.771+0800][36.513s] GC(11) Pause Young (Normal) (G1 Evacuation Pause) 288M->272M(512M) 21.246ms
[2022-03-28T16:23:41.771+0800][36.513s] GC(11) User=0.12s Sys=0.00s Real=0.02s
[2022-03-28T16:24:13.796+0800][68.538s] GC(12) Pause Young (Concurrent Start) (G1 Humongous Allocation)
[2022-03-28T16:24:13.796+0800][68.538s] GC(12) Using 8 workers of 8 for evacuation
[2022-03-28T16:24:13.806+0800][68.548s] GC(12)   Pre Evacuate Collection Set: 0.1ms
[2022-03-28T16:24:13.806+0800][68.548s] GC(12)   Merge Heap Roots: 0.1ms
[2022-03-28T16:24:13.807+0800][68.548s] GC(12)   Evacuate Collection Set: 9.4ms
[2022-03-28T16:24:13.807+0800][68.548s] GC(12)   Post Evacuate Collection Set: 0.3ms
[2022-03-28T16:24:13.807+0800][68.548s] GC(12)   Other: 0.2ms
[2022-03-28T16:24:13.807+0800][68.548s] GC(12) Eden regions: 15->0(87)
[2022-03-28T16:24:13.807+0800][68.548s] GC(12) Survivor regions: 8->3(12)
[2022-03-28T16:24:13.807+0800][68.548s] GC(12) Old regions: 221->231
[2022-03-28T16:24:13.807+0800][68.548s] GC(12) Archive regions: 0->0
[2022-03-28T16:24:13.807+0800][68.548s] GC(12) Humongous regions: 43->43
[2022-03-28T16:24:13.807+0800][68.549s] GC(12) Metaspace: 50095K(50432K)->50095K(50432K) NonClass: 44110K(44288K)->44110K(44288K) Class: 5985K(6144K)->5985K(6144K)
[2022-03-28T16:24:13.807+0800][68.549s] GC(12) Pause Young (Concurrent Start) (G1 Humongous Allocation) 286M->276M(512M) 10.339ms
[2022-03-28T16:24:13.807+0800][68.549s] GC(12) User=0.02s Sys=0.00s Real=0.01s
[2022-03-28T16:24:13.807+0800][68.549s] GC(13) Concurrent Mark Cycle
[2022-03-28T16:24:13.807+0800][68.549s] GC(13) Concurrent Clear Claimed Marks
[2022-03-28T16:24:13.807+0800][68.549s] GC(13) Concurrent Clear Claimed Marks 0.038ms
[2022-03-28T16:24:13.807+0800][68.549s] GC(13) Concurrent Scan Root Regions
[2022-03-28T16:24:13.811+0800][68.552s] GC(13) Concurrent Scan Root Regions 3.768ms
[2022-03-28T16:24:13.811+0800][68.553s] GC(13) Concurrent Mark
[2022-03-28T16:24:13.811+0800][68.553s] GC(13) Concurrent Mark From Roots
[2022-03-28T16:24:13.811+0800][68.553s] GC(13) Using 2 workers of 2 for marking
[2022-03-28T16:24:13.898+0800][68.639s] GC(14) Pause Young (Normal) (G1 Evacuation Pause)
[2022-03-28T16:24:13.898+0800][68.639s] GC(14) Using 8 workers of 8 for evacuation
[2022-03-28T16:24:13.922+0800][68.664s] GC(14)   Pre Evacuate Collection Set: 0.1ms
[2022-03-28T16:24:13.922+0800][68.664s] GC(14)   Merge Heap Roots: 0.1ms
[2022-03-28T16:24:13.922+0800][68.664s] GC(14)   Evacuate Collection Set: 24.3ms
[2022-03-28T16:24:13.922+0800][68.664s] GC(14)   Post Evacuate Collection Set: 0.3ms
[2022-03-28T16:24:13.922+0800][68.664s] GC(14)   Other: 0.1ms
[2022-03-28T16:24:13.922+0800][68.664s] GC(14) Eden regions: 87->0(55)
[2022-03-28T16:24:13.922+0800][68.664s] GC(14) Survivor regions: 3->12(12)
[2022-03-28T16:24:13.922+0800][68.664s] GC(14) Old regions: 231->272
[2022-03-28T16:24:13.922+0800][68.664s] GC(14) Archive regions: 0->0
[2022-03-28T16:24:13.922+0800][68.664s] GC(14) Humongous regions: 69->54
[2022-03-28T16:24:13.922+0800][68.664s] GC(14) Metaspace: 50095K(50432K)->50095K(50432K) NonClass: 44110K(44288K)->44110K(44288K) Class: 5985K(6144K)->5985K(6144K)
[2022-03-28T16:24:13.923+0800][68.664s] GC(14) Pause Young (Normal) (G1 Evacuation Pause) 389M->337M(512M) 24.981ms
[2022-03-28T16:24:13.923+0800][68.664s] GC(14) User=0.25s Sys=0.00s Real=0.03s
[2022-03-28T16:24:14.005+0800][68.747s] GC(13) Concurrent Mark From Roots 194.138ms
[2022-03-28T16:24:14.005+0800][68.747s] GC(13) Concurrent Preclean
[2022-03-28T16:24:14.005+0800][68.747s] GC(13) Concurrent Preclean 0.156ms
[2022-03-28T16:24:14.005+0800][68.747s] GC(13) Pause Remark
[2022-03-28T16:24:14.007+0800][68.749s] GC(13) Pause Remark 393M->370M(512M) 1.593ms
[2022-03-28T16:24:14.007+0800][68.749s] GC(13) User=0.00s Sys=0.00s Real=0.00s
[2022-03-28T16:24:14.007+0800][68.749s] GC(13) Concurrent Mark 196.121ms
[2022-03-28T16:24:14.007+0800][68.749s] GC(13) Concurrent Rebuild Remembered Sets
[2022-03-28T16:24:14.024+0800][68.766s] GC(15) Pause Young (Normal) (G1 Evacuation Pause)
[2022-03-28T16:24:14.025+0800][68.766s] GC(15) Using 8 workers of 8 for evacuation
[2022-03-28T16:24:14.049+0800][68.791s] GC(15)   Pre Evacuate Collection Set: 0.1ms
[2022-03-28T16:24:14.049+0800][68.791s] GC(15)   Merge Heap Roots: 0.3ms
[2022-03-28T16:24:14.049+0800][68.791s] GC(15)   Evacuate Collection Set: 23.6ms
[2022-03-28T16:24:14.049+0800][68.791s] GC(15)   Post Evacuate Collection Set: 0.3ms
[2022-03-28T16:24:14.049+0800][68.791s] GC(15)   Other: 0.2ms
[2022-03-28T16:24:14.049+0800][68.791s] GC(15) Eden regions: 55->0(48)
[2022-03-28T16:24:14.049+0800][68.791s] GC(15) Survivor regions: 12->9(9)
[2022-03-28T16:24:14.049+0800][68.791s] GC(15) Old regions: 272->307
[2022-03-28T16:24:14.049+0800][68.791s] GC(15) Archive regions: 0->0
[2022-03-28T16:24:14.049+0800][68.791s] GC(15) Humongous regions: 34->34
[2022-03-28T16:24:14.049+0800][68.791s] GC(15) Metaspace: 50096K(50432K)->50096K(50432K) NonClass: 44111K(44288K)->44111K(44288K) Class: 5985K(6144K)->5985K(6144K)
[2022-03-28T16:24:14.049+0800][68.791s] GC(15) Pause Young (Normal) (G1 Evacuation Pause) 372M->350M(512M) 24.598ms
[2022-03-28T16:24:14.049+0800][68.791s] GC(15) User=0.16s Sys=0.00s Real=0.03s
[2022-03-28T16:24:14.169+0800][68.911s] GC(13) Concurrent Rebuild Remembered Sets 162.797ms
[2022-03-28T16:24:14.169+0800][68.912s] GC(13) Pause Cleanup
[2022-03-28T16:24:14.169+0800][68.912s] GC(13) Pause Cleanup 358M->358M(512M) 0.151ms
[2022-03-28T16:24:14.169+0800][68.912s] GC(13) User=0.00s Sys=0.00s Real=0.00s
[2022-03-28T16:24:14.169+0800][68.912s] GC(13) Concurrent Cleanup for Next Mark
[2022-03-28T16:24:14.169+0800][68.912s] GC(13) Concurrent Cleanup for Next Mark 0.217ms
[2022-03-28T16:24:14.169+0800][68.912s] GC(13) Concurrent Mark Cycle 363.442ms
[2022-03-28T16:25:57.089+0800][171.831s] GC(16) Pause Young (Prepare Mixed) (G1 Evacuation Pause)
[2022-03-28T16:25:57.089+0800][171.831s] GC(16) Using 8 workers of 8 for evacuation
[2022-03-28T16:25:57.096+0800][171.838s] GC(16)   Pre Evacuate Collection Set: 0.1ms
[2022-03-28T16:25:57.096+0800][171.838s] GC(16)   Merge Heap Roots: 0.1ms
[2022-03-28T16:25:57.096+0800][171.838s] GC(16)   Evacuate Collection Set: 5.9ms
[2022-03-28T16:25:57.096+0800][171.838s] GC(16)   Post Evacuate Collection Set: 0.4ms
[2022-03-28T16:25:57.096+0800][171.838s] GC(16)   Other: 0.1ms
[2022-03-28T16:25:57.096+0800][171.838s] GC(16) Eden regions: 48->0(22)
[2022-03-28T16:25:57.096+0800][171.838s] GC(16) Survivor regions: 9->3(8)
[2022-03-28T16:25:57.096+0800][171.838s] GC(16) Old regions: 307->318
[2022-03-28T16:25:57.096+0800][171.838s] GC(16) Archive regions: 0->0
[2022-03-28T16:25:57.096+0800][171.838s] GC(16) Humongous regions: 34->34
[2022-03-28T16:25:57.096+0800][171.838s] GC(16) Metaspace: 50126K(50496K)->50126K(50496K) NonClass: 44141K(44352K)->44141K(44352K) Class: 5985K(6144K)->5985K(6144K)
[2022-03-28T16:25:57.096+0800][171.838s] GC(16) Pause Young (Prepare Mixed) (G1 Evacuation Pause) 398M->354M(512M) 6.779ms
[2022-03-28T16:25:57.096+0800][171.838s] GC(16) User=0.00s Sys=0.00s Real=0.01s
[2022-03-28T16:25:57.282+0800][172.025s] GC(17) Pause Young (Mixed) (G1 Evacuation Pause)
[2022-03-28T16:25:57.283+0800][172.025s] GC(17) Using 8 workers of 8 for evacuation
[2022-03-28T16:25:57.284+0800][172.026s] GC(17)   Pre Evacuate Collection Set: 0.1ms
[2022-03-28T16:25:57.284+0800][172.026s] GC(17)   Merge Heap Roots: 0.1ms
[2022-03-28T16:25:57.284+0800][172.026s] GC(17)   Evacuate Collection Set: 0.8ms
[2022-03-28T16:25:57.284+0800][172.026s] GC(17)   Post Evacuate Collection Set: 0.3ms
[2022-03-28T16:25:57.284+0800][172.026s] GC(17)   Other: 0.2ms
[2022-03-28T16:25:57.284+0800][172.026s] GC(17) Eden regions: 22->0(53)
[2022-03-28T16:25:57.284+0800][172.026s] GC(17) Survivor regions: 3->2(4)
[2022-03-28T16:25:57.284+0800][172.026s] GC(17) Old regions: 318->320
[2022-03-28T16:25:57.284+0800][172.026s] GC(17) Archive regions: 0->0
[2022-03-28T16:25:57.284+0800][172.026s] GC(17) Humongous regions: 34->34
[2022-03-28T16:25:57.284+0800][172.026s] GC(17) Metaspace: 50156K(50496K)->50156K(50496K) NonClass: 44171K(44352K)->44171K(44352K) Class: 5985K(6144K)->5985K(6144K)
[2022-03-28T16:25:57.284+0800][172.026s] GC(17) Pause Young (Mixed) (G1 Evacuation Pause) 376M->354M(512M) 1.618ms
[2022-03-28T16:25:57.284+0800][172.026s] GC(17) User=0.00s Sys=0.00s Real=0.00s
[2022-03-28T16:26:12.211+0800][186.953s] GC(18) Pause Young (Concurrent Start) (G1 Evacuation Pause)
[2022-03-28T16:26:12.211+0800][186.953s] GC(18) Using 8 workers of 8 for evacuation
[2022-03-28T16:26:12.212+0800][186.955s] GC(18)   Pre Evacuate Collection Set: 0.1ms
[2022-03-28T16:26:12.212+0800][186.955s] GC(18)   Merge Heap Roots: 0.1ms
[2022-03-28T16:26:12.212+0800][186.955s] GC(18)   Evacuate Collection Set: 0.7ms
[2022-03-28T16:26:12.212+0800][186.955s] GC(18)   Post Evacuate Collection Set: 0.5ms
[2022-03-28T16:26:12.212+0800][186.955s] GC(18)   Other: 0.2ms
[2022-03-28T16:26:12.213+0800][186.955s] GC(18) Eden regions: 53->0(59)
[2022-03-28T16:26:12.213+0800][186.955s] GC(18) Survivor regions: 2->1(7)
[2022-03-28T16:26:12.213+0800][186.955s] GC(18) Old regions: 320->320
[2022-03-28T16:26:12.213+0800][186.955s] GC(18) Archive regions: 0->0
[2022-03-28T16:26:12.213+0800][186.955s] GC(18) Humongous regions: 34->34
[2022-03-28T16:26:12.213+0800][186.955s] GC(18) Metaspace: 50183K(50496K)->50183K(50496K) NonClass: 44198K(44352K)->44198K(44352K) Class: 5985K(6144K)->5985K(6144K)
[2022-03-28T16:26:12.213+0800][186.955s] GC(18) Pause Young (Concurrent Start) (G1 Evacuation Pause) 407M->354M(512M) 1.711ms
[2022-03-28T16:26:12.213+0800][186.955s] GC(18) User=0.11s Sys=0.00s Real=0.00s
[2022-03-28T16:26:12.213+0800][186.955s] GC(19) Concurrent Mark Cycle
[2022-03-28T16:26:12.213+0800][186.955s] GC(19) Concurrent Clear Claimed Marks
[2022-03-28T16:26:12.213+0800][186.955s] GC(19) Concurrent Clear Claimed Marks 0.021ms
[2022-03-28T16:26:12.213+0800][186.955s] GC(19) Concurrent Scan Root Regions
[2022-03-28T16:26:12.214+0800][186.956s] GC(19) Concurrent Scan Root Regions 0.830ms
[2022-03-28T16:26:12.214+0800][186.956s] GC(19) Concurrent Mark
[2022-03-28T16:26:12.214+0800][186.956s] GC(19) Concurrent Mark From Roots
[2022-03-28T16:26:12.214+0800][186.956s] GC(19) Using 2 workers of 2 for marking
[2022-03-28T16:26:12.557+0800][187.299s] GC(19) Concurrent Mark From Roots 343.136ms
[2022-03-28T16:26:12.557+0800][187.299s] GC(19) Concurrent Preclean
[2022-03-28T16:26:12.558+0800][187.300s] GC(19) Concurrent Preclean 0.470ms
[2022-03-28T16:26:12.558+0800][187.300s] GC(19) Pause Remark
[2022-03-28T16:26:12.563+0800][187.305s] GC(19) Pause Remark 363M->352M(512M) 5.373ms
[2022-03-28T16:26:12.563+0800][187.305s] GC(19) User=0.00s Sys=0.00s Real=0.00s
[2022-03-28T16:26:12.563+0800][187.305s] GC(19) Concurrent Mark 349.311ms
[2022-03-28T16:26:12.563+0800][187.306s] GC(19) Concurrent Rebuild Remembered Sets
[2022-03-28T16:26:12.744+0800][187.486s] GC(19) Concurrent Rebuild Remembered Sets 180.937ms
[2022-03-28T16:26:12.745+0800][187.487s] GC(19) Pause Cleanup
[2022-03-28T16:26:12.745+0800][187.487s] GC(19) Pause Cleanup 352M->352M(512M) 0.207ms
[2022-03-28T16:26:12.745+0800][187.487s] GC(19) User=0.00s Sys=0.00s Real=0.00s
[2022-03-28T16:26:12.745+0800][187.487s] GC(19) Concurrent Cleanup for Next Mark
[2022-03-28T16:26:12.746+0800][187.487s] GC(19) Concurrent Cleanup for Next Mark 0.338ms
[2022-03-28T16:26:12.746+0800][187.487s] GC(19) Concurrent Mark Cycle 532.039ms
[2022-03-28T16:26:33.276+0800][208.018s] GC(20) Pause Young (Prepare Mixed) (G1 Evacuation Pause)
[2022-03-28T16:26:33.276+0800][208.019s] GC(20) Using 8 workers of 8 for evacuation
[2022-03-28T16:26:33.278+0800][208.020s] GC(20)   Pre Evacuate Collection Set: 0.1ms
[2022-03-28T16:26:33.278+0800][208.020s] GC(20)   Merge Heap Roots: 0.0ms
[2022-03-28T16:26:33.278+0800][208.020s] GC(20)   Evacuate Collection Set: 1.0ms
[2022-03-28T16:26:33.278+0800][208.020s] GC(20)   Post Evacuate Collection Set: 0.4ms
[2022-03-28T16:26:33.278+0800][208.020s] GC(20)   Other: 0.2ms
[2022-03-28T16:26:33.278+0800][208.020s] GC(20) Eden regions: 59->0(24)
[2022-03-28T16:26:33.278+0800][208.020s] GC(20) Survivor regions: 1->1(8)
[2022-03-28T16:26:33.278+0800][208.020s] GC(20) Old regions: 320->320
[2022-03-28T16:26:33.278+0800][208.020s] GC(20) Archive regions: 0->0
[2022-03-28T16:26:33.278+0800][208.020s] GC(20) Humongous regions: 23->23
[2022-03-28T16:26:33.278+0800][208.020s] GC(20) Metaspace: 50111K(50496K)->50111K(50496K) NonClass: 44143K(44352K)->44143K(44352K) Class: 5967K(6144K)->5967K(6144K)
[2022-03-28T16:26:33.278+0800][208.020s] GC(20) Pause Young (Prepare Mixed) (G1 Evacuation Pause) 402M->343M(512M) 1.937ms
[2022-03-28T16:26:33.278+0800][208.020s] GC(20) User=0.00s Sys=0.00s Real=0.00s
[2022-03-28T16:27:40.456+0800][275.199s] GC(21) Pause Young (Mixed) (G1 Evacuation Pause)
[2022-03-28T16:27:40.456+0800][275.199s] GC(21) Using 8 workers of 8 for evacuation
[2022-03-28T16:27:40.459+0800][275.201s] GC(21)   Pre Evacuate Collection Set: 0.1ms
[2022-03-28T16:27:40.459+0800][275.201s] GC(21)   Merge Heap Roots: 0.1ms
[2022-03-28T16:27:40.459+0800][275.201s] GC(21)   Evacuate Collection Set: 0.8ms
[2022-03-28T16:27:40.459+0800][275.201s] GC(21)   Post Evacuate Collection Set: 0.5ms
[2022-03-28T16:27:40.459+0800][275.201s] GC(21)   Other: 0.1ms
[2022-03-28T16:27:40.459+0800][275.201s] GC(21) Eden regions: 24->0(75)
[2022-03-28T16:27:40.459+0800][275.201s] GC(21) Survivor regions: 1->1(4)
[2022-03-28T16:27:40.459+0800][275.201s] GC(21) Old regions: 320->317
[2022-03-28T16:27:40.459+0800][275.201s] GC(21) Archive regions: 0->0
[2022-03-28T16:27:40.459+0800][275.201s] GC(21) Humongous regions: 23->23
[2022-03-28T16:27:40.459+0800][275.201s] GC(21) Metaspace: 50148K(50496K)->50148K(50496K) NonClass: 44180K(44352K)->44180K(44352K) Class: 5967K(6144K)->5967K(6144K)
[2022-03-28T16:27:40.459+0800][275.201s] GC(21) Pause Young (Mixed) (G1 Evacuation Pause) 367M->340M(512M) 1.681ms
[2022-03-28T16:27:40.459+0800][275.201s] GC(21) User=0.00s Sys=0.00s Real=0.00s
[2022-03-28T16:27:40.841+0800][275.583s] GC(22) Pause Young (Concurrent Start) (G1 Evacuation Pause)
[2022-03-28T16:27:40.841+0800][275.583s] GC(22) Using 8 workers of 8 for evacuation
[2022-03-28T16:27:40.842+0800][275.584s] GC(22)   Pre Evacuate Collection Set: 0.2ms
[2022-03-28T16:27:40.842+0800][275.584s] GC(22)   Merge Heap Roots: 0.1ms
[2022-03-28T16:27:40.842+0800][275.584s] GC(22)   Evacuate Collection Set: 0.5ms
[2022-03-28T16:27:40.842+0800][275.584s] GC(22)   Post Evacuate Collection Set: 0.5ms
[2022-03-28T16:27:40.842+0800][275.584s] GC(22)   Other: 0.1ms
[2022-03-28T16:27:40.842+0800][275.584s] GC(22) Eden regions: 75->0(81)
[2022-03-28T16:27:40.842+0800][275.584s] GC(22) Survivor regions: 1->1(10)
[2022-03-28T16:27:40.842+0800][275.584s] GC(22) Old regions: 317->317
[2022-03-28T16:27:40.842+0800][275.584s] GC(22) Archive regions: 0->0
[2022-03-28T16:27:40.842+0800][275.584s] GC(22) Humongous regions: 23->23
[2022-03-28T16:27:40.842+0800][275.584s] GC(22) Metaspace: 50164K(50496K)->50164K(50496K) NonClass: 44196K(44352K)->44196K(44352K) Class: 5967K(6144K)->5967K(6144K)
[2022-03-28T16:27:40.842+0800][275.584s] GC(22) Pause Young (Concurrent Start) (G1 Evacuation Pause) 415M->340M(512M) 1.484ms
[2022-03-28T16:27:40.842+0800][275.584s] GC(22) User=0.00s Sys=0.00s Real=0.00s
[2022-03-28T16:27:40.842+0800][275.584s] GC(23) Concurrent Mark Cycle
[2022-03-28T16:27:40.842+0800][275.584s] GC(23) Concurrent Clear Claimed Marks
[2022-03-28T16:27:40.842+0800][275.584s] GC(23) Concurrent Clear Claimed Marks 0.014ms
[2022-03-28T16:27:40.842+0800][275.584s] GC(23) Concurrent Scan Root Regions
[2022-03-28T16:27:40.843+0800][275.585s] GC(23) Concurrent Scan Root Regions 0.792ms
[2022-03-28T16:27:40.843+0800][275.585s] GC(23) Concurrent Mark
[2022-03-28T16:27:40.843+0800][275.585s] GC(23) Concurrent Mark From Roots
[2022-03-28T16:27:40.843+0800][275.585s] GC(23) Using 2 workers of 2 for marking
[2022-03-28T16:27:41.070+0800][275.812s] GC(23) Concurrent Mark From Roots 226.903ms
[2022-03-28T16:27:41.070+0800][275.812s] GC(23) Concurrent Preclean
[2022-03-28T16:27:41.070+0800][275.812s] GC(23) Concurrent Preclean 0.243ms
[2022-03-28T16:27:41.071+0800][275.812s] GC(23) Pause Remark
[2022-03-28T16:27:41.072+0800][275.814s] GC(23) Pause Remark 373M->373M(512M) 1.633ms
[2022-03-28T16:27:41.072+0800][275.814s] GC(23) User=0.08s Sys=0.00s Real=0.00s
[2022-03-28T16:27:41.072+0800][275.814s] GC(23) Concurrent Mark 229.031ms
[2022-03-28T16:27:41.072+0800][275.814s] GC(23) Concurrent Rebuild Remembered Sets
[2022-03-28T16:27:41.179+0800][275.921s] GC(23) Concurrent Rebuild Remembered Sets 107.291ms
[2022-03-28T16:27:41.179+0800][275.922s] GC(23) Pause Cleanup
[2022-03-28T16:27:41.179+0800][275.922s] GC(23) Pause Cleanup 388M->388M(512M) 0.109ms
[2022-03-28T16:27:41.179+0800][275.922s] GC(23) User=0.00s Sys=0.00s Real=0.00s
[2022-03-28T16:27:41.179+0800][275.922s] GC(23) Concurrent Cleanup for Next Mark
[2022-03-28T16:27:41.180+0800][275.922s] GC(23) Concurrent Cleanup for Next Mark 0.262ms
[2022-03-28T16:27:41.180+0800][275.922s] GC(23) Concurrent Mark Cycle 337.745ms
[2022-03-28T16:27:41.360+0800][276.103s] GC(24) Pause Young (Prepare Mixed) (G1 Evacuation Pause)
[2022-03-28T16:27:41.360+0800][276.103s] GC(24) Using 8 workers of 8 for evacuation
[2022-03-28T16:27:41.361+0800][276.103s] GC(24)   Pre Evacuate Collection Set: 0.0ms
[2022-03-28T16:27:41.361+0800][276.103s] GC(24)   Merge Heap Roots: 0.0ms
[2022-03-28T16:27:41.361+0800][276.103s] GC(24)   Evacuate Collection Set: 0.4ms
[2022-03-28T16:27:41.361+0800][276.103s] GC(24)   Post Evacuate Collection Set: 0.4ms
[2022-03-28T16:27:41.361+0800][276.104s] GC(24)   Other: 0.1ms
[2022-03-28T16:27:41.361+0800][276.104s] GC(24) Eden regions: 81->0(24)
[2022-03-28T16:27:41.361+0800][276.104s] GC(24) Survivor regions: 1->1(11)
[2022-03-28T16:27:41.361+0800][276.104s] GC(24) Old regions: 317->317
[2022-03-28T16:27:41.361+0800][276.104s] GC(24) Archive regions: 0->0
[2022-03-28T16:27:41.361+0800][276.104s] GC(24) Humongous regions: 23->23
[2022-03-28T16:27:41.361+0800][276.104s] GC(24) Metaspace: 50170K(50496K)->50170K(50496K) NonClass: 44202K(44352K)->44202K(44352K) Class: 5967K(6144K)->5967K(6144K)
[2022-03-28T16:27:41.361+0800][276.104s] GC(24) Pause Young (Prepare Mixed) (G1 Evacuation Pause) 421M->340M(512M) 1.058ms
[2022-03-28T16:27:41.361+0800][276.104s] GC(24) User=0.00s Sys=0.00s Real=0.00s
[2022-03-28T16:27:41.497+0800][276.239s] GC(25) Pause Young (Mixed) (G1 Evacuation Pause)
[2022-03-28T16:27:41.497+0800][276.239s] GC(25) Using 8 workers of 8 for evacuation
[2022-03-28T16:27:41.499+0800][276.241s] GC(25)   Pre Evacuate Collection Set: 0.1ms
[2022-03-28T16:27:41.499+0800][276.241s] GC(25)   Merge Heap Roots: 0.1ms
[2022-03-28T16:27:41.499+0800][276.241s] GC(25)   Evacuate Collection Set: 0.9ms
[2022-03-28T16:27:41.499+0800][276.241s] GC(25)   Post Evacuate Collection Set: 0.5ms
[2022-03-28T16:27:41.499+0800][276.241s] GC(25)   Other: 0.1ms
[2022-03-28T16:27:41.499+0800][276.241s] GC(25) Eden regions: 24->0(89)
[2022-03-28T16:27:41.499+0800][276.241s] GC(25) Survivor regions: 1->2(4)
[2022-03-28T16:27:41.499+0800][276.241s] GC(25) Old regions: 317->314
[2022-03-28T16:27:41.499+0800][276.241s] GC(25) Archive regions: 0->0
[2022-03-28T16:27:41.499+0800][276.241s] GC(25) Humongous regions: 23->23
[2022-03-28T16:27:41.499+0800][276.241s] GC(25) Metaspace: 50170K(50496K)->50170K(50496K) NonClass: 44202K(44352K)->44202K(44352K) Class: 5967K(6144K)->5967K(6144K)
[2022-03-28T16:27:41.499+0800][276.241s] GC(25) Pause Young (Mixed) (G1 Evacuation Pause) 364M->337M(512M) 1.724ms
[2022-03-28T16:27:41.499+0800][276.241s] GC(25) User=0.00s Sys=0.00s Real=0.00s
[2022-03-28T16:28:04.684+0800][299.426s] GC(26) Pause Young (Concurrent Start) (G1 Evacuation Pause)
[2022-03-28T16:28:04.684+0800][299.426s] GC(26) Using 8 workers of 8 for evacuation
[2022-03-28T16:28:04.686+0800][299.427s] GC(26)   Pre Evacuate Collection Set: 0.1ms
[2022-03-28T16:28:04.686+0800][299.427s] GC(26)   Merge Heap Roots: 0.0ms
[2022-03-28T16:28:04.686+0800][299.428s] GC(26)   Evacuate Collection Set: 0.7ms
[2022-03-28T16:28:04.686+0800][299.428s] GC(26)   Post Evacuate Collection Set: 0.3ms
[2022-03-28T16:28:04.686+0800][299.428s] GC(26)   Other: 0.2ms
[2022-03-28T16:28:04.686+0800][299.428s] GC(26) Eden regions: 89->0(94)
[2022-03-28T16:28:04.686+0800][299.428s] GC(26) Survivor regions: 2->1(12)
[2022-03-28T16:28:04.686+0800][299.428s] GC(26) Old regions: 314->314
[2022-03-28T16:28:04.686+0800][299.428s] GC(26) Archive regions: 0->0
[2022-03-28T16:28:04.686+0800][299.428s] GC(26) Humongous regions: 23->23
[2022-03-28T16:28:04.686+0800][299.428s] GC(26) Metaspace: 50184K(50560K)->50184K(50560K) NonClass: 44217K(44416K)->44217K(44416K) Class: 5967K(6144K)->5967K(6144K)
[2022-03-28T16:28:04.686+0800][299.428s] GC(26) Pause Young (Concurrent Start) (G1 Evacuation Pause) 426M->337M(512M) 1.547ms
[2022-03-28T16:28:04.686+0800][299.428s] GC(26) User=0.00s Sys=0.00s Real=0.00s
[2022-03-28T16:28:04.686+0800][299.428s] GC(27) Concurrent Mark Cycle
[2022-03-28T16:28:04.686+0800][299.428s] GC(27) Concurrent Clear Claimed Marks
[2022-03-28T16:28:04.686+0800][299.428s] GC(27) Concurrent Clear Claimed Marks 0.028ms
[2022-03-28T16:28:04.686+0800][299.428s] GC(27) Concurrent Scan Root Regions
[2022-03-28T16:28:04.687+0800][299.429s] GC(27) Concurrent Scan Root Regions 1.258ms
[2022-03-28T16:28:04.687+0800][299.429s] GC(27) Concurrent Mark
[2022-03-28T16:28:04.687+0800][299.429s] GC(27) Concurrent Mark From Roots
[2022-03-28T16:28:04.687+0800][299.429s] GC(27) Using 2 workers of 2 for marking
[2022-03-28T16:28:05.008+0800][299.750s] GC(27) Concurrent Mark From Roots 321.291ms
[2022-03-28T16:28:05.008+0800][299.750s] GC(27) Concurrent Preclean
[2022-03-28T16:28:05.008+0800][299.751s] GC(27) Concurrent Preclean 0.136ms
[2022-03-28T16:28:05.009+0800][299.751s] GC(27) Pause Remark
[2022-03-28T16:28:05.011+0800][299.753s] GC(27) Pause Remark 368M->368M(512M) 2.347ms
[2022-03-28T16:28:05.011+0800][299.753s] GC(27) User=0.00s Sys=0.00s Real=0.00s
[2022-03-28T16:28:05.011+0800][299.753s] GC(27) Concurrent Mark 324.028ms
[2022-03-28T16:28:05.011+0800][299.753s] GC(27) Concurrent Rebuild Remembered Sets
[2022-03-28T16:28:05.187+0800][299.930s] GC(27) Concurrent Rebuild Remembered Sets 176.855ms
[2022-03-28T16:28:05.189+0800][299.930s] GC(27) Pause Cleanup
[2022-03-28T16:28:05.189+0800][299.930s] GC(27) Pause Cleanup 384M->384M(512M) 0.169ms
[2022-03-28T16:28:05.189+0800][299.930s] GC(27) User=0.00s Sys=0.00s Real=0.00s
[2022-03-28T16:28:05.189+0800][299.930s] GC(27) Concurrent Cleanup for Next Mark
[2022-03-28T16:28:05.189+0800][299.931s] GC(27) Concurrent Cleanup for Next Mark 0.611ms
[2022-03-28T16:28:05.189+0800][299.931s] GC(27) Concurrent Mark Cycle 503.338ms
[2022-03-28T16:28:05.646+0800][300.388s] GC(28) Pause Young (Prepare Mixed) (G1 Evacuation Pause)
[2022-03-28T16:28:05.646+0800][300.388s] GC(28) Using 8 workers of 8 for evacuation
[2022-03-28T16:28:05.648+0800][300.389s] GC(28)   Pre Evacuate Collection Set: 0.1ms
[2022-03-28T16:28:05.648+0800][300.389s] GC(28)   Merge Heap Roots: 0.1ms
[2022-03-28T16:28:05.648+0800][300.389s] GC(28)   Evacuate Collection Set: 0.6ms
[2022-03-28T16:28:05.648+0800][300.389s] GC(28)   Post Evacuate Collection Set: 0.5ms
[2022-03-28T16:28:05.648+0800][300.389s] GC(28)   Other: 0.1ms
[2022-03-28T16:28:05.648+0800][300.389s] GC(28) Eden regions: 94->0(24)
[2022-03-28T16:28:05.648+0800][300.389s] GC(28) Survivor regions: 1->1(12)
[2022-03-28T16:28:05.648+0800][300.389s] GC(28) Old regions: 314->314
[2022-03-28T16:28:05.648+0800][300.389s] GC(28) Archive regions: 0->0
[2022-03-28T16:28:05.648+0800][300.389s] GC(28) Humongous regions: 23->23
[2022-03-28T16:28:05.648+0800][300.389s] GC(28) Metaspace: 50184K(50560K)->50184K(50560K) NonClass: 44217K(44416K)->44217K(44416K) Class: 5967K(6144K)->5967K(6144K)
[2022-03-28T16:28:05.648+0800][300.389s] GC(28) Pause Young (Prepare Mixed) (G1 Evacuation Pause) 431M->337M(512M) 1.526ms
[2022-03-28T16:28:05.648+0800][300.389s] GC(28) User=0.00s Sys=0.00s Real=0.00s
[2022-03-28T16:28:05.870+0800][300.612s] GC(29) Pause Young (Mixed) (G1 Evacuation Pause)
[2022-03-28T16:28:05.870+0800][300.612s] GC(29) Using 8 workers of 8 for evacuation
[2022-03-28T16:28:05.873+0800][300.615s] GC(29)   Pre Evacuate Collection Set: 0.1ms
[2022-03-28T16:28:05.873+0800][300.615s] GC(29)   Merge Heap Roots: 0.0ms
[2022-03-28T16:28:05.873+0800][300.615s] GC(29)   Evacuate Collection Set: 2.4ms
[2022-03-28T16:28:05.873+0800][300.615s] GC(29)   Post Evacuate Collection Set: 0.5ms
[2022-03-28T16:28:05.873+0800][300.615s] GC(29)   Other: 0.1ms
[2022-03-28T16:28:05.873+0800][300.615s] GC(29) Eden regions: 24->0(100)
[2022-03-28T16:28:05.873+0800][300.615s] GC(29) Survivor regions: 1->2(4)
[2022-03-28T16:28:05.873+0800][300.615s] GC(29) Old regions: 314->312
[2022-03-28T16:28:05.873+0800][300.615s] GC(29) Archive regions: 0->0
[2022-03-28T16:28:05.873+0800][300.615s] GC(29) Humongous regions: 23->23
[2022-03-28T16:28:05.873+0800][300.615s] GC(29) Metaspace: 50185K(50560K)->50185K(50560K) NonClass: 44217K(44416K)->44217K(44416K) Class: 5967K(6144K)->5967K(6144K)
[2022-03-28T16:28:05.873+0800][300.615s] GC(29) Pause Young (Mixed) (G1 Evacuation Pause) 361M->335M(512M) 3.212ms
[2022-03-28T16:28:05.873+0800][300.615s] GC(29) User=0.00s Sys=0.00s Real=0.00s
[2022-03-28T16:29:43.405+0800][398.148s] GC(30) Pause Young (Concurrent Start) (G1 Evacuation Pause)
[2022-03-28T16:29:43.405+0800][398.148s] GC(30) Using 8 workers of 8 for evacuation
[2022-03-28T16:29:43.407+0800][398.149s] GC(30)   Pre Evacuate Collection Set: 0.2ms
[2022-03-28T16:29:43.407+0800][398.149s] GC(30)   Merge Heap Roots: 0.1ms
[2022-03-28T16:29:43.407+0800][398.149s] GC(30)   Evacuate Collection Set: 0.7ms
[2022-03-28T16:29:43.407+0800][398.149s] GC(30)   Post Evacuate Collection Set: 0.4ms
[2022-03-28T16:29:43.407+0800][398.149s] GC(30)   Other: 0.2ms
[2022-03-28T16:29:43.407+0800][398.149s] GC(30) Eden regions: 100->0(104)
[2022-03-28T16:29:43.407+0800][398.149s] GC(30) Survivor regions: 2->1(13)
[2022-03-28T16:29:43.407+0800][398.149s] GC(30) Old regions: 312->312
[2022-03-28T16:29:43.407+0800][398.149s] GC(30) Archive regions: 0->0
[2022-03-28T16:29:43.407+0800][398.149s] GC(30) Humongous regions: 23->23
[2022-03-28T16:29:43.407+0800][398.149s] GC(30) Metaspace: 50215K(50624K)->50215K(50624K) NonClass: 44247K(44480K)->44247K(44480K) Class: 5968K(6144K)->5968K(6144K)
[2022-03-28T16:29:43.407+0800][398.149s] GC(30) Pause Young (Concurrent Start) (G1 Evacuation Pause) 435M->335M(512M) 1.642ms
[2022-03-28T16:29:43.407+0800][398.149s] GC(30) User=0.00s Sys=0.00s Real=0.00s
[2022-03-28T16:29:43.407+0800][398.149s] GC(31) Concurrent Mark Cycle
[2022-03-28T16:29:43.407+0800][398.149s] GC(31) Concurrent Clear Claimed Marks
[2022-03-28T16:29:43.407+0800][398.149s] GC(31) Concurrent Clear Claimed Marks 0.014ms
[2022-03-28T16:29:43.407+0800][398.149s] GC(31) Concurrent Scan Root Regions
[2022-03-28T16:29:43.408+0800][398.150s] GC(31) Concurrent Scan Root Regions 1.183ms
[2022-03-28T16:29:43.408+0800][398.150s] GC(31) Concurrent Mark
[2022-03-28T16:29:43.408+0800][398.150s] GC(31) Concurrent Mark From Roots
[2022-03-28T16:29:43.408+0800][398.151s] GC(31) Using 2 workers of 2 for marking
[2022-03-28T16:29:43.648+0800][398.390s] GC(31) Concurrent Mark From Roots 239.824ms
[2022-03-28T16:29:43.648+0800][398.390s] GC(31) Concurrent Preclean
[2022-03-28T16:29:43.649+0800][398.391s] GC(31) Concurrent Preclean 0.186ms
[2022-03-28T16:29:43.649+0800][398.391s] GC(31) Pause Remark
[2022-03-28T16:29:43.651+0800][398.393s] GC(31) Pause Remark 366M->366M(512M) 1.909ms
[2022-03-28T16:29:43.651+0800][398.393s] GC(31) User=0.12s Sys=0.00s Real=0.00s
[2022-03-28T16:29:43.651+0800][398.393s] GC(31) Concurrent Mark 242.166ms
[2022-03-28T16:29:43.651+0800][398.393s] GC(31) Concurrent Rebuild Remembered Sets
[2022-03-28T16:29:43.806+0800][398.548s] GC(31) Concurrent Rebuild Remembered Sets 155.508ms
[2022-03-28T16:29:43.806+0800][398.548s] GC(31) Pause Cleanup
[2022-03-28T16:29:43.807+0800][398.549s] GC(31) Pause Cleanup 381M->381M(512M) 0.164ms
[2022-03-28T16:29:43.807+0800][398.549s] GC(31) User=0.02s Sys=0.02s Real=0.00s
[2022-03-28T16:29:43.807+0800][398.549s] GC(31) Concurrent Cleanup for Next Mark
[2022-03-28T16:29:43.807+0800][398.549s] GC(31) Concurrent Cleanup for Next Mark 0.489ms
[2022-03-28T16:29:43.807+0800][398.549s] GC(31) Concurrent Mark Cycle 399.853ms
[2022-03-28T16:29:44.270+0800][399.013s] GC(32) Pause Young (Prepare Mixed) (G1 Evacuation Pause)
[2022-03-28T16:29:44.270+0800][399.013s] GC(32) Using 8 workers of 8 for evacuation
[2022-03-28T16:29:44.272+0800][399.014s] GC(32)   Pre Evacuate Collection Set: 0.2ms
[2022-03-28T16:29:44.272+0800][399.014s] GC(32)   Merge Heap Roots: 0.1ms
[2022-03-28T16:29:44.272+0800][399.014s] GC(32)   Evacuate Collection Set: 0.7ms
[2022-03-28T16:29:44.272+0800][399.014s] GC(32)   Post Evacuate Collection Set: 0.4ms
[2022-03-28T16:29:44.272+0800][399.014s] GC(32)   Other: 0.1ms
[2022-03-28T16:29:44.272+0800][399.014s] GC(32) Eden regions: 104->0(24)
[2022-03-28T16:29:44.272+0800][399.014s] GC(32) Survivor regions: 1->1(14)
[2022-03-28T16:29:44.272+0800][399.014s] GC(32) Old regions: 312->312
[2022-03-28T16:29:44.272+0800][399.014s] GC(32) Archive regions: 0->0
[2022-03-28T16:29:44.272+0800][399.014s] GC(32) Humongous regions: 23->23
[2022-03-28T16:29:44.272+0800][399.014s] GC(32) Metaspace: 50215K(50624K)->50215K(50624K) NonClass: 44247K(44480K)->44247K(44480K) Class: 5968K(6144K)->5968K(6144K)
[2022-03-28T16:29:44.272+0800][399.014s] GC(32) Pause Young (Prepare Mixed) (G1 Evacuation Pause) 439M->335M(512M) 1.541ms
[2022-03-28T16:29:44.272+0800][399.014s] GC(32) User=0.00s Sys=0.00s Real=0.00s
[2022-03-28T16:29:44.462+0800][399.205s] GC(33) Pause Young (Mixed) (G1 Evacuation Pause)
[2022-03-28T16:29:44.462+0800][399.205s] GC(33) Using 8 workers of 8 for evacuation
[2022-03-28T16:29:44.465+0800][399.208s] GC(33)   Pre Evacuate Collection Set: 0.1ms
[2022-03-28T16:29:44.465+0800][399.208s] GC(33)   Merge Heap Roots: 0.1ms
[2022-03-28T16:29:44.465+0800][399.208s] GC(33)   Evacuate Collection Set: 2.1ms
[2022-03-28T16:29:44.465+0800][399.208s] GC(33)   Post Evacuate Collection Set: 0.5ms
[2022-03-28T16:29:44.465+0800][399.208s] GC(33)   Other: 0.2ms
[2022-03-28T16:29:44.465+0800][399.208s] GC(33) Eden regions: 24->0(109)
[2022-03-28T16:29:44.465+0800][399.208s] GC(33) Survivor regions: 1->1(4)
[2022-03-28T16:29:44.465+0800][399.208s] GC(33) Old regions: 312->311
[2022-03-28T16:29:44.465+0800][399.208s] GC(33) Archive regions: 0->0
[2022-03-28T16:29:44.465+0800][399.208s] GC(33) Humongous regions: 23->23
[2022-03-28T16:29:44.465+0800][399.208s] GC(33) Metaspace: 50215K(50624K)->50215K(50624K) NonClass: 44247K(44480K)->44247K(44480K) Class: 5968K(6144K)->5968K(6144K)
[2022-03-28T16:29:44.465+0800][399.208s] GC(33) Pause Young (Mixed) (G1 Evacuation Pause) 359M->334M(512M) 3.061ms
[2022-03-28T16:29:44.465+0800][399.208s] GC(33) User=0.00s Sys=0.00s Real=0.00s
[2022-03-28T16:30:18.091+0800][432.834s] GC(34) Pause Young (Concurrent Start) (G1 Evacuation Pause)
[2022-03-28T16:30:18.091+0800][432.834s] GC(34) Using 8 workers of 8 for evacuation
[2022-03-28T16:30:18.093+0800][432.835s] GC(34)   Pre Evacuate Collection Set: 0.1ms
[2022-03-28T16:30:18.093+0800][432.835s] GC(34)   Merge Heap Roots: 0.1ms
[2022-03-28T16:30:18.093+0800][432.835s] GC(34)   Evacuate Collection Set: 0.7ms
[2022-03-28T16:30:18.093+0800][432.835s] GC(34)   Post Evacuate Collection Set: 0.3ms
[2022-03-28T16:30:18.093+0800][432.835s] GC(34)   Other: 0.2ms
[2022-03-28T16:30:18.093+0800][432.835s] GC(34) Eden regions: 109->0(111)
[2022-03-28T16:30:18.093+0800][432.835s] GC(34) Survivor regions: 1->1(14)
[2022-03-28T16:30:18.093+0800][432.835s] GC(34) Old regions: 311->311
[2022-03-28T16:30:18.093+0800][432.835s] GC(34) Archive regions: 0->0
[2022-03-28T16:30:18.093+0800][432.835s] GC(34) Humongous regions: 23->23
[2022-03-28T16:30:18.093+0800][432.835s] GC(34) Metaspace: 50229K(50624K)->50229K(50624K) NonClass: 44261K(44480K)->44261K(44480K) Class: 5968K(6144K)->5968K(6144K)
[2022-03-28T16:30:18.093+0800][432.835s] GC(34) Pause Young (Concurrent Start) (G1 Evacuation Pause) 443M->334M(512M) 1.539ms
[2022-03-28T16:30:18.093+0800][432.835s] GC(34) User=0.00s Sys=0.00s Real=0.00s
[2022-03-28T16:30:18.093+0800][432.835s] GC(35) Concurrent Mark Cycle
[2022-03-28T16:30:18.093+0800][432.835s] GC(35) Concurrent Clear Claimed Marks
[2022-03-28T16:30:18.093+0800][432.835s] GC(35) Concurrent Clear Claimed Marks 0.024ms
[2022-03-28T16:30:18.094+0800][432.835s] GC(35) Concurrent Scan Root Regions
[2022-03-28T16:30:18.095+0800][432.836s] GC(35) Concurrent Scan Root Regions 1.173ms
[2022-03-28T16:30:18.095+0800][432.837s] GC(35) Concurrent Mark
[2022-03-28T16:30:18.095+0800][432.837s] GC(35) Concurrent Mark From Roots
[2022-03-28T16:30:18.095+0800][432.837s] GC(35) Using 2 workers of 2 for marking
[2022-03-28T16:30:18.414+0800][433.156s] GC(35) Concurrent Mark From Roots 319.777ms
[2022-03-28T16:30:18.414+0800][433.156s] GC(35) Concurrent Preclean
[2022-03-28T16:30:18.415+0800][433.157s] GC(35) Concurrent Preclean 0.147ms
[2022-03-28T16:30:18.415+0800][433.157s] GC(35) Pause Remark
[2022-03-28T16:30:18.417+0800][433.159s] GC(35) Pause Remark 355M->355M(512M) 1.988ms
[2022-03-28T16:30:18.417+0800][433.159s] GC(35) User=0.11s Sys=0.00s Real=0.00s
[2022-03-28T16:30:18.417+0800][433.159s] GC(35) Concurrent Mark 322.155ms
[2022-03-28T16:30:18.417+0800][433.159s] GC(35) Concurrent Rebuild Remembered Sets
[2022-03-28T16:30:18.595+0800][433.337s] GC(35) Concurrent Rebuild Remembered Sets 178.410ms
[2022-03-28T16:30:18.596+0800][433.337s] GC(35) Pause Cleanup
[2022-03-28T16:30:18.596+0800][433.338s] GC(35) Pause Cleanup 355M->355M(512M) 0.280ms
[2022-03-28T16:30:18.596+0800][433.338s] GC(35) User=0.00s Sys=0.00s Real=0.00s
[2022-03-28T16:30:18.596+0800][433.338s] GC(35) Concurrent Cleanup for Next Mark
[2022-03-28T16:30:18.596+0800][433.338s] GC(35) Concurrent Cleanup for Next Mark 0.449ms
[2022-03-28T16:30:18.596+0800][433.338s] GC(35) Concurrent Mark Cycle 502.931ms
[2022-03-28T16:32:26.969+0800][561.711s] GC(36) Pause Young (Prepare Mixed) (G1 Evacuation Pause)
[2022-03-28T16:32:26.969+0800][561.711s] GC(36) Using 8 workers of 8 for evacuation
[2022-03-28T16:32:26.971+0800][561.713s] GC(36)   Pre Evacuate Collection Set: 0.1ms
[2022-03-28T16:32:26.971+0800][561.713s] GC(36)   Merge Heap Roots: 0.1ms
[2022-03-28T16:32:26.971+0800][561.713s] GC(36)   Evacuate Collection Set: 0.8ms
[2022-03-28T16:32:26.971+0800][561.713s] GC(36)   Post Evacuate Collection Set: 0.4ms
[2022-03-28T16:32:26.971+0800][561.713s] GC(36)   Other: 0.2ms
[2022-03-28T16:32:26.971+0800][561.713s] GC(36) Eden regions: 111->0(24)
[2022-03-28T16:32:26.971+0800][561.713s] GC(36) Survivor regions: 1->1(14)
[2022-03-28T16:32:26.971+0800][561.713s] GC(36) Old regions: 311->311
[2022-03-28T16:32:26.971+0800][561.713s] GC(36) Archive regions: 0->0
[2022-03-28T16:32:26.971+0800][561.713s] GC(36) Humongous regions: 23->23
[2022-03-28T16:32:26.971+0800][561.713s] GC(36) Metaspace: 50241K(50624K)->50241K(50624K) NonClass: 44273K(44480K)->44273K(44480K) Class: 5968K(6144K)->5968K(6144K)
[2022-03-28T16:32:26.971+0800][561.713s] GC(36) Pause Young (Prepare Mixed) (G1 Evacuation Pause) 445M->334M(512M) 1.760ms
[2022-03-28T16:32:26.971+0800][561.713s] GC(36) User=0.00s Sys=0.00s Real=0.00s
[2022-03-28T16:32:27.169+0800][561.911s] GC(37) Pause Young (Mixed) (G1 Evacuation Pause)
[2022-03-28T16:32:27.169+0800][561.911s] GC(37) Using 8 workers of 8 for evacuation
[2022-03-28T16:32:27.171+0800][561.913s] GC(37)   Pre Evacuate Collection Set: 0.1ms
[2022-03-28T16:32:27.171+0800][561.913s] GC(37)   Merge Heap Roots: 0.0ms
[2022-03-28T16:32:27.171+0800][561.913s] GC(37)   Evacuate Collection Set: 1.8ms
[2022-03-28T16:32:27.171+0800][561.913s] GC(37)   Post Evacuate Collection Set: 0.4ms
[2022-03-28T16:32:27.171+0800][561.913s] GC(37)   Other: 0.2ms
[2022-03-28T16:32:27.171+0800][561.913s] GC(37) Eden regions: 24->0(114)
[2022-03-28T16:32:27.171+0800][561.913s] GC(37) Survivor regions: 1->1(4)
[2022-03-28T16:32:27.171+0800][561.913s] GC(37) Old regions: 311->310
[2022-03-28T16:32:27.171+0800][561.913s] GC(37) Archive regions: 0->0
[2022-03-28T16:32:27.171+0800][561.913s] GC(37) Humongous regions: 23->23
[2022-03-28T16:32:27.171+0800][561.913s] GC(37) Metaspace: 50241K(50624K)->50241K(50624K) NonClass: 44273K(44480K)->44273K(44480K) Class: 5968K(6144K)->5968K(6144K)
[2022-03-28T16:32:27.171+0800][561.913s] GC(37) Pause Young (Mixed) (G1 Evacuation Pause) 358M->333M(512M) 2.609ms
[2022-03-28T16:32:27.171+0800][561.913s] GC(37) User=0.00s Sys=0.00s Real=0.00s
[2022-03-28T16:35:37.182+0800][751.925s] GC(38) Pause Young (Concurrent Start) (G1 Humongous Allocation)
[2022-03-28T16:35:37.182+0800][751.925s] GC(38) Using 8 workers of 8 for evacuation
[2022-03-28T16:35:37.184+0800][751.926s] GC(38)   Pre Evacuate Collection Set: 0.1ms
[2022-03-28T16:35:37.184+0800][751.926s] GC(38)   Merge Heap Roots: 0.0ms
[2022-03-28T16:35:37.184+0800][751.926s] GC(38)   Evacuate Collection Set: 0.8ms
[2022-03-28T16:35:37.184+0800][751.926s] GC(38)   Post Evacuate Collection Set: 0.3ms
[2022-03-28T16:35:37.184+0800][751.926s] GC(38)   Other: 0.2ms
[2022-03-28T16:35:37.184+0800][751.926s] GC(38) Eden regions: 8->0(115)
[2022-03-28T16:35:37.184+0800][751.926s] GC(38) Survivor regions: 1->1(15)
[2022-03-28T16:35:37.184+0800][751.926s] GC(38) Old regions: 310->310
[2022-03-28T16:35:37.184+0800][751.926s] GC(38) Archive regions: 0->0
[2022-03-28T16:35:37.184+0800][751.926s] GC(38) Humongous regions: 23->23
[2022-03-28T16:35:37.184+0800][751.926s] GC(38) Metaspace: 50263K(50624K)->50263K(50624K) NonClass: 44295K(44480K)->44295K(44480K) Class: 5968K(6144K)->5968K(6144K)
[2022-03-28T16:35:37.184+0800][751.926s] GC(38) Pause Young (Concurrent Start) (G1 Humongous Allocation) 340M->333M(512M) 1.561ms
[2022-03-28T16:35:37.184+0800][751.926s] GC(38) User=0.00s Sys=0.00s Real=0.00s
[2022-03-28T16:35:37.184+0800][751.926s] GC(39) Concurrent Mark Cycle
[2022-03-28T16:35:37.184+0800][751.926s] GC(39) Concurrent Clear Claimed Marks
[2022-03-28T16:35:37.184+0800][751.926s] GC(39) Concurrent Clear Claimed Marks 0.019ms
[2022-03-28T16:35:37.184+0800][751.926s] GC(39) Concurrent Scan Root Regions
[2022-03-28T16:35:37.185+0800][751.927s] GC(39) Concurrent Scan Root Regions 0.944ms
[2022-03-28T16:35:37.185+0800][751.927s] GC(39) Concurrent Mark
[2022-03-28T16:35:37.185+0800][751.927s] GC(39) Concurrent Mark From Roots
[2022-03-28T16:35:37.185+0800][751.927s] GC(39) Using 2 workers of 2 for marking
[2022-03-28T16:35:37.418+0800][752.160s] GC(40) Pause Young (Normal) (G1 Evacuation Pause)
[2022-03-28T16:35:37.418+0800][752.160s] GC(40) Using 8 workers of 8 for evacuation
[2022-03-28T16:35:37.506+0800][752.249s] GC(40) To-space exhausted
[2022-03-28T16:35:37.507+0800][752.249s] GC(40)   Pre Evacuate Collection Set: 0.1ms
[2022-03-28T16:35:37.507+0800][752.249s] GC(40)   Merge Heap Roots: 0.1ms
[2022-03-28T16:35:37.507+0800][752.249s] GC(40)   Evacuate Collection Set: 63.7ms
[2022-03-28T16:35:37.507+0800][752.249s] GC(40)   Post Evacuate Collection Set: 24.3ms
[2022-03-28T16:35:37.507+0800][752.249s] GC(40)   Other: 0.2ms
[2022-03-28T16:35:37.507+0800][752.249s] GC(40) Eden regions: 115->0(10)
[2022-03-28T16:35:37.507+0800][752.249s] GC(40) Survivor regions: 1->15(15)
[2022-03-28T16:35:37.507+0800][752.249s] GC(40) Old regions: 310->445
[2022-03-28T16:35:37.507+0800][752.249s] GC(40) Archive regions: 0->0
[2022-03-28T16:35:37.507+0800][752.249s] GC(40) Humongous regions: 52->37
[2022-03-28T16:35:37.507+0800][752.249s] GC(40) Metaspace: 50263K(50624K)->50263K(50624K) NonClass: 44295K(44480K)->44295K(44480K) Class: 5968K(6144K)->5968K(6144K)
[2022-03-28T16:35:37.507+0800][752.249s] GC(40) Pause Young (Normal) (G1 Evacuation Pause) 477M->496M(512M) 88.553ms
[2022-03-28T16:35:37.507+0800][752.249s] GC(40) User=0.48s Sys=0.00s Real=0.09s
[2022-03-28T16:35:37.528+0800][752.269s] GC(41) Pause Young (Normal) (G1 Preventive Collection)
[2022-03-28T16:35:37.528+0800][752.269s] GC(41) Using 8 workers of 8 for evacuation
[2022-03-28T16:35:37.551+0800][752.293s] GC(41) To-space exhausted
[2022-03-28T16:35:37.551+0800][752.293s] GC(41)   Pre Evacuate Collection Set: 0.1ms
[2022-03-28T16:35:37.551+0800][752.293s] GC(41)   Merge Heap Roots: 0.1ms
[2022-03-28T16:35:37.551+0800][752.293s] GC(41)   Evacuate Collection Set: 16.6ms
[2022-03-28T16:35:37.551+0800][752.293s] GC(41)   Post Evacuate Collection Set: 6.6ms
[2022-03-28T16:35:37.551+0800][752.293s] GC(41)   Other: 0.3ms
[2022-03-28T16:35:37.551+0800][752.293s] GC(41) Eden regions: 8->0(22)
[2022-03-28T16:35:37.551+0800][752.293s] GC(41) Survivor regions: 15->3(4)
[2022-03-28T16:35:37.551+0800][752.293s] GC(41) Old regions: 445->471
[2022-03-28T16:35:37.551+0800][752.293s] GC(41) Archive regions: 0->0
[2022-03-28T16:35:37.551+0800][752.293s] GC(41) Humongous regions: 37->37
[2022-03-28T16:35:37.551+0800][752.293s] GC(41) Metaspace: 50263K(50624K)->50263K(50624K) NonClass: 44295K(44480K)->44295K(44480K) Class: 5968K(6144K)->5968K(6144K)
[2022-03-28T16:35:37.551+0800][752.293s] GC(41) Pause Young (Normal) (G1 Preventive Collection) 504M->510M(512M) 23.831ms
[2022-03-28T16:35:37.551+0800][752.293s] GC(41) User=0.11s Sys=0.00s Real=0.02s
[2022-03-28T16:35:37.553+0800][752.295s] GC(42) Pause Young (Normal) (G1 Evacuation Pause)
[2022-03-28T16:35:37.553+0800][752.295s] GC(42) Using 8 workers of 8 for evacuation
[2022-03-28T16:35:37.563+0800][752.305s] GC(42) To-space exhausted
[2022-03-28T16:35:37.563+0800][752.305s] GC(42)   Pre Evacuate Collection Set: 0.0ms
[2022-03-28T16:35:37.563+0800][752.305s] GC(42)   Merge Heap Roots: 0.1ms
[2022-03-28T16:35:37.564+0800][752.305s] GC(42)   Evacuate Collection Set: 6.9ms
[2022-03-28T16:35:37.564+0800][752.305s] GC(42)   Post Evacuate Collection Set: 3.1ms
[2022-03-28T16:35:37.564+0800][752.305s] GC(42)   Other: 0.3ms
[2022-03-28T16:35:37.564+0800][752.305s] GC(42) Eden regions: 1->0(25)
[2022-03-28T16:35:37.564+0800][752.305s] GC(42) Survivor regions: 3->0(0)
[2022-03-28T16:35:37.564+0800][752.305s] GC(42) Old regions: 471->475
[2022-03-28T16:35:37.564+0800][752.305s] GC(42) Archive regions: 0->0
[2022-03-28T16:35:37.564+0800][752.305s] GC(42) Humongous regions: 37->37
[2022-03-28T16:35:37.564+0800][752.305s] GC(42) Metaspace: 50263K(50624K)->50263K(50624K) NonClass: 44295K(44480K)->44295K(44480K) Class: 5968K(6144K)->5968K(6144K)
[2022-03-28T16:35:37.564+0800][752.306s] GC(42) Pause Young (Normal) (G1 Evacuation Pause) 511M->511M(512M) 10.636ms
[2022-03-28T16:35:37.564+0800][752.306s] GC(42) User=0.12s Sys=0.00s Real=0.01s
[2022-03-28T16:35:37.564+0800][752.306s] Attempting full compaction
[2022-03-28T16:35:37.564+0800][752.306s] GC(43) Using 8 workers of 8 for full compaction
[2022-03-28T16:35:37.564+0800][752.306s] GC(43) Pause Full (G1 Compaction Pause)
[2022-03-28T16:35:37.565+0800][752.306s] GC(43) Phase 1: Mark live objects
[2022-03-28T16:35:37.766+0800][752.508s] GC(43) Phase 1: Mark live objects 201.183ms
[2022-03-28T16:35:37.766+0800][752.508s] GC(43) Phase 2: Prepare for compaction
[2022-03-28T16:35:37.776+0800][752.517s] GC(43) Phase 2: Prepare for compaction 9.701ms
[2022-03-28T16:35:37.776+0800][752.517s] GC(43) Phase 3: Adjust pointers
[2022-03-28T16:35:37.830+0800][752.571s] GC(43) Phase 3: Adjust pointers 53.751ms
[2022-03-28T16:35:37.830+0800][752.571s] GC(43) Phase 4: Compact heap
[2022-03-28T16:35:37.840+0800][752.582s] GC(43) Phase 4: Compact heap 10.794ms
[2022-03-28T16:35:37.847+0800][752.590s] GC(43) Eden regions: 0->0(33)
[2022-03-28T16:35:37.847+0800][752.590s] GC(43) Survivor regions: 0->0(0)
[2022-03-28T16:35:37.847+0800][752.590s] GC(43) Old regions: 475->379
[2022-03-28T16:35:37.847+0800][752.590s] GC(43) Archive regions: 0->0
[2022-03-28T16:35:37.847+0800][752.590s] GC(43) Humongous regions: 37->34
[2022-03-28T16:35:37.847+0800][752.590s] GC(43) Metaspace: 50263K(50624K)->50263K(50624K) NonClass: 44295K(44480K)->44295K(44480K) Class: 5968K(6144K)->5968K(6144K)
[2022-03-28T16:35:37.847+0800][752.590s] GC(43) Pause Full (G1 Compaction Pause) 511M->407M(512M) 283.895ms
[2022-03-28T16:35:37.848+0800][752.590s] GC(43) User=1.80s Sys=0.00s Real=0.28s
[2022-03-28T16:35:37.848+0800][752.590s] GC(39) Concurrent Mark From Roots 663.227ms
[2022-03-28T16:35:37.848+0800][752.590s] GC(39) Concurrent Mark Abort
[2022-03-28T16:35:37.848+0800][752.591s] GC(39) Concurrent Mark Cycle 664.312ms
[2022-03-28T16:35:49.951+0800][764.693s] GC(44) Pause Young (Concurrent Start) (G1 Humongous Allocation)
[2022-03-28T16:35:49.951+0800][764.693s] GC(44) Using 8 workers of 8 for evacuation
[2022-03-28T16:35:49.963+0800][764.705s] GC(44)   Pre Evacuate Collection Set: 0.1ms
[2022-03-28T16:35:49.963+0800][764.705s] GC(44)   Merge Heap Roots: 0.2ms
[2022-03-28T16:35:49.963+0800][764.705s] GC(44)   Evacuate Collection Set: 11.5ms
[2022-03-28T16:35:49.963+0800][764.705s] GC(44)   Post Evacuate Collection Set: 0.5ms
[2022-03-28T16:35:49.963+0800][764.706s] GC(44)   Other: 0.3ms
[2022-03-28T16:35:49.963+0800][764.706s] GC(44) Eden regions: 18->0(20)
[2022-03-28T16:35:49.964+0800][764.706s] GC(44) Survivor regions: 0->5(5)
[2022-03-28T16:35:49.964+0800][764.706s] GC(44) Old regions: 379->384
[2022-03-28T16:35:49.964+0800][764.706s] GC(44) Archive regions: 0->0
[2022-03-28T16:35:49.964+0800][764.706s] GC(44) Humongous regions: 34->34
[2022-03-28T16:35:49.964+0800][764.706s] GC(44) Metaspace: 50265K(50624K)->50265K(50624K) NonClass: 44297K(44480K)->44297K(44480K) Class: 5968K(6144K)->5968K(6144K)
[2022-03-28T16:35:49.964+0800][764.706s] GC(44) Pause Young (Concurrent Start) (G1 Humongous Allocation) 424M->417M(512M) 12.898ms
[2022-03-28T16:35:49.964+0800][764.706s] GC(44) User=0.11s Sys=0.00s Real=0.01s
[2022-03-28T16:35:49.964+0800][764.706s] GC(45) Concurrent Mark Cycle
[2022-03-28T16:35:49.964+0800][764.706s] GC(45) Concurrent Clear Claimed Marks
[2022-03-28T16:35:49.964+0800][764.706s] GC(45) Concurrent Clear Claimed Marks 0.035ms
[2022-03-28T16:35:49.964+0800][764.706s] GC(45) Concurrent Scan Root Regions
[2022-03-28T16:35:49.969+0800][764.711s] GC(45) Concurrent Scan Root Regions 5.027ms
[2022-03-28T16:35:49.969+0800][764.711s] GC(45) Concurrent Mark
[2022-03-28T16:35:49.969+0800][764.711s] GC(45) Concurrent Mark From Roots
[2022-03-28T16:35:49.969+0800][764.711s] GC(45) Using 2 workers of 2 for marking
[2022-03-28T16:35:50.016+0800][764.758s] GC(46) Pause Young (Normal) (G1 Evacuation Pause)
[2022-03-28T16:35:50.016+0800][764.758s] GC(46) Using 8 workers of 8 for evacuation
[2022-03-28T16:35:50.027+0800][764.769s] GC(46)   Pre Evacuate Collection Set: 0.1ms
[2022-03-28T16:35:50.028+0800][764.769s] GC(46)   Merge Heap Roots: 0.1ms
[2022-03-28T16:35:50.028+0800][764.769s] GC(46)   Evacuate Collection Set: 10.7ms
[2022-03-28T16:35:50.028+0800][764.769s] GC(46)   Post Evacuate Collection Set: 0.3ms
[2022-03-28T16:35:50.028+0800][764.769s] GC(46)   Other: 0.2ms
[2022-03-28T16:35:50.028+0800][764.770s] GC(46) Eden regions: 20->0(21)
[2022-03-28T16:35:50.028+0800][764.770s] GC(46) Survivor regions: 5->4(4)
[2022-03-28T16:35:50.028+0800][764.770s] GC(46) Old regions: 384->396
[2022-03-28T16:35:50.028+0800][764.770s] GC(46) Archive regions: 0->0
[2022-03-28T16:35:50.028+0800][764.770s] GC(46) Humongous regions: 57->42
[2022-03-28T16:35:50.028+0800][764.770s] GC(46) Metaspace: 50265K(50624K)->50265K(50624K) NonClass: 44297K(44480K)->44297K(44480K) Class: 5968K(6144K)->5968K(6144K)
[2022-03-28T16:35:50.028+0800][764.770s] GC(46) Pause Young (Normal) (G1 Evacuation Pause) 460M->436M(512M) 11.914ms
[2022-03-28T16:35:50.028+0800][764.770s] GC(46) User=0.08s Sys=0.00s Real=0.01s
[2022-03-28T16:35:50.071+0800][764.813s] GC(47) Pause Young (Normal) (G1 Evacuation Pause)
[2022-03-28T16:35:50.071+0800][764.813s] GC(47) Using 8 workers of 8 for evacuation
[2022-03-28T16:35:50.083+0800][764.825s] GC(47)   Pre Evacuate Collection Set: 0.1ms
[2022-03-28T16:35:50.083+0800][764.825s] GC(47)   Merge Heap Roots: 0.0ms
[2022-03-28T16:35:50.083+0800][764.825s] GC(47)   Evacuate Collection Set: 11.4ms
[2022-03-28T16:35:50.083+0800][764.825s] GC(47)   Post Evacuate Collection Set: 0.3ms
[2022-03-28T16:35:50.083+0800][764.825s] GC(47)   Other: 0.2ms
[2022-03-28T16:35:50.083+0800][764.825s] GC(47) Eden regions: 21->0(21)
[2022-03-28T16:35:50.083+0800][764.825s] GC(47) Survivor regions: 4->4(4)
[2022-03-28T16:35:50.084+0800][764.825s] GC(47) Old regions: 396->409
[2022-03-28T16:35:50.084+0800][764.825s] GC(47) Archive regions: 0->0
[2022-03-28T16:35:50.084+0800][764.825s] GC(47) Humongous regions: 43->43
[2022-03-28T16:35:50.084+0800][764.825s] GC(47) Metaspace: 50265K(50624K)->50265K(50624K) NonClass: 44297K(44480K)->44297K(44480K) Class: 5968K(6144K)->5968K(6144K)
[2022-03-28T16:35:50.084+0800][764.825s] GC(47) Pause Young (Normal) (G1 Evacuation Pause) 458M->450M(512M) 12.222ms
[2022-03-28T16:35:50.084+0800][764.825s] GC(47) User=0.11s Sys=0.00s Real=0.01s
[2022-03-28T16:35:50.127+0800][764.869s] GC(48) Pause Young (Normal) (G1 Evacuation Pause)
[2022-03-28T16:35:50.127+0800][764.869s] GC(48) Using 8 workers of 8 for evacuation
[2022-03-28T16:35:50.139+0800][764.880s] GC(48)   Pre Evacuate Collection Set: 0.1ms
[2022-03-28T16:35:50.139+0800][764.881s] GC(48)   Merge Heap Roots: 0.1ms
[2022-03-28T16:35:50.139+0800][764.881s] GC(48)   Evacuate Collection Set: 10.8ms
[2022-03-28T16:35:50.139+0800][764.881s] GC(48)   Post Evacuate Collection Set: 0.3ms
[2022-03-28T16:35:50.139+0800][764.881s] GC(48)   Other: 0.2ms
[2022-03-28T16:35:50.139+0800][764.881s] GC(48) Eden regions: 21->0(21)
[2022-03-28T16:35:50.139+0800][764.881s] GC(48) Survivor regions: 4->4(4)
[2022-03-28T16:35:50.139+0800][764.881s] GC(48) Old regions: 409->422
[2022-03-28T16:35:50.139+0800][764.881s] GC(48) Archive regions: 0->0
[2022-03-28T16:35:50.139+0800][764.881s] GC(48) Humongous regions: 45->45
[2022-03-28T16:35:50.139+0800][764.881s] GC(48) Metaspace: 50265K(50624K)->50265K(50624K) NonClass: 44297K(44480K)->44297K(44480K) Class: 5968K(6144K)->5968K(6144K)
[2022-03-28T16:35:50.139+0800][764.881s] GC(48) Pause Young (Normal) (G1 Evacuation Pause) 473M->465M(512M) 11.624ms
[2022-03-28T16:35:50.139+0800][764.881s] GC(48) User=0.12s Sys=0.00s Real=0.01s
[2022-03-28T16:35:50.183+0800][764.924s] GC(49) Pause Young (Normal) (G1 Evacuation Pause)
[2022-03-28T16:35:50.183+0800][764.924s] GC(49) Using 8 workers of 8 for evacuation
[2022-03-28T16:35:50.195+0800][764.937s] GC(49)   Pre Evacuate Collection Set: 0.1ms
[2022-03-28T16:35:50.195+0800][764.937s] GC(49)   Merge Heap Roots: 0.1ms
[2022-03-28T16:35:50.195+0800][764.937s] GC(49)   Evacuate Collection Set: 12.2ms
[2022-03-28T16:35:50.195+0800][764.937s] GC(49)   Post Evacuate Collection Set: 0.3ms
[2022-03-28T16:35:50.195+0800][764.937s] GC(49)   Other: 0.2ms
[2022-03-28T16:35:50.195+0800][764.937s] GC(49) Eden regions: 21->0(21)
[2022-03-28T16:35:50.195+0800][764.937s] GC(49) Survivor regions: 4->4(4)
[2022-03-28T16:35:50.195+0800][764.937s] GC(49) Old regions: 422->435
[2022-03-28T16:35:50.195+0800][764.937s] GC(49) Archive regions: 0->0
[2022-03-28T16:35:50.195+0800][764.937s] GC(49) Humongous regions: 45->45
[2022-03-28T16:35:50.195+0800][764.937s] GC(49) Metaspace: 50265K(50624K)->50265K(50624K) NonClass: 44297K(44480K)->44297K(44480K) Class: 5968K(6144K)->5968K(6144K)
[2022-03-28T16:35:50.195+0800][764.937s] GC(49) Pause Young (Normal) (G1 Evacuation Pause) 486M->478M(512M) 13.088ms
[2022-03-28T16:35:50.195+0800][764.937s] GC(49) User=0.00s Sys=0.00s Real=0.01s
[2022-03-28T16:35:50.249+0800][764.991s] GC(50) Pause Young (Normal) (G1 Preventive Collection)
[2022-03-28T16:35:50.249+0800][764.991s] GC(50) Using 8 workers of 8 for evacuation
[2022-03-28T16:35:50.260+0800][765.002s] GC(50)   Pre Evacuate Collection Set: 0.1ms
[2022-03-28T16:35:50.260+0800][765.002s] GC(50)   Merge Heap Roots: 0.2ms
[2022-03-28T16:35:50.260+0800][765.002s] GC(50)   Evacuate Collection Set: 10.6ms
[2022-03-28T16:35:50.260+0800][765.002s] GC(50)   Post Evacuate Collection Set: 0.3ms
[2022-03-28T16:35:50.260+0800][765.002s] GC(50)   Other: 0.2ms
[2022-03-28T16:35:50.260+0800][765.002s] GC(50) Eden regions: 12->0(21)
[2022-03-28T16:35:50.260+0800][765.002s] GC(50) Survivor regions: 4->4(4)
[2022-03-28T16:35:50.260+0800][765.002s] GC(50) Old regions: 435->443
[2022-03-28T16:35:50.260+0800][765.002s] GC(50) Archive regions: 0->0
[2022-03-28T16:35:50.261+0800][765.002s] GC(50) Humongous regions: 48->48
[2022-03-28T16:35:50.261+0800][765.002s] GC(50) Metaspace: 50265K(50624K)->50265K(50624K) NonClass: 44297K(44480K)->44297K(44480K) Class: 5968K(6144K)->5968K(6144K)
[2022-03-28T16:35:50.261+0800][765.002s] GC(50) Pause Young (Normal) (G1 Preventive Collection) 493M->489M(512M) 11.519ms
[2022-03-28T16:35:50.261+0800][765.002s] GC(50) User=0.05s Sys=0.00s Real=0.01s
[2022-03-28T16:35:50.274+0800][765.015s] GC(51) Pause Young (Normal) (G1 Preventive Collection)
[2022-03-28T16:35:50.274+0800][765.016s] GC(51) Using 8 workers of 8 for evacuation
[2022-03-28T16:35:50.286+0800][765.028s] GC(51)   Pre Evacuate Collection Set: 0.1ms
[2022-03-28T16:35:50.286+0800][765.028s] GC(51)   Merge Heap Roots: 0.1ms
[2022-03-28T16:35:50.286+0800][765.028s] GC(51)   Evacuate Collection Set: 11.9ms
[2022-03-28T16:35:50.286+0800][765.028s] GC(51)   Post Evacuate Collection Set: 0.3ms
[2022-03-28T16:35:50.286+0800][765.028s] GC(51)   Other: 0.2ms
[2022-03-28T16:35:50.286+0800][765.028s] GC(51) Eden regions: 7->0(21)
[2022-03-28T16:35:50.286+0800][765.028s] GC(51) Survivor regions: 4->4(4)
[2022-03-28T16:35:50.286+0800][765.028s] GC(51) Old regions: 443->448
[2022-03-28T16:35:50.286+0800][765.028s] GC(51) Archive regions: 0->0
[2022-03-28T16:35:50.286+0800][765.028s] GC(51) Humongous regions: 48->48
[2022-03-28T16:35:50.286+0800][765.028s] GC(51) Metaspace: 50265K(50624K)->50265K(50624K) NonClass: 44297K(44480K)->44297K(44480K) Class: 5968K(6144K)->5968K(6144K)
[2022-03-28T16:35:50.286+0800][765.028s] GC(51) Pause Young (Normal) (G1 Preventive Collection) 496M->494M(512M) 12.915ms
[2022-03-28T16:35:50.287+0800][765.028s] GC(51) User=0.06s Sys=0.00s Real=0.01s
[2022-03-28T16:35:50.300+0800][765.041s] GC(52) Pause Young (Normal) (G1 Preventive Collection)
[2022-03-28T16:35:50.300+0800][765.041s] GC(52) Using 8 workers of 8 for evacuation
[2022-03-28T16:35:50.307+0800][765.049s] GC(52)   Pre Evacuate Collection Set: 0.1ms
[2022-03-28T16:35:50.307+0800][765.049s] GC(52)   Merge Heap Roots: 0.1ms
[2022-03-28T16:35:50.307+0800][765.049s] GC(52)   Evacuate Collection Set: 6.9ms
[2022-03-28T16:35:50.307+0800][765.049s] GC(52)   Post Evacuate Collection Set: 0.2ms
[2022-03-28T16:35:50.307+0800][765.049s] GC(52)   Other: 0.2ms
[2022-03-28T16:35:50.307+0800][765.049s] GC(52) Eden regions: 4->0(22)
[2022-03-28T16:35:50.307+0800][765.049s] GC(52) Survivor regions: 4->3(4)
[2022-03-28T16:35:50.307+0800][765.049s] GC(52) Old regions: 448->453
[2022-03-28T16:35:50.307+0800][765.049s] GC(52) Archive regions: 0->0
[2022-03-28T16:35:50.307+0800][765.049s] GC(52) Humongous regions: 48->48
[2022-03-28T16:35:50.307+0800][765.049s] GC(52) Metaspace: 50265K(50624K)->50265K(50624K) NonClass: 44297K(44480K)->44297K(44480K) Class: 5968K(6144K)->5968K(6144K)
[2022-03-28T16:35:50.307+0800][765.049s] GC(52) Pause Young (Normal) (G1 Preventive Collection) 498M->497M(512M) 7.640ms
[2022-03-28T16:35:50.307+0800][765.049s] GC(52) User=0.12s Sys=0.00s Real=0.01s
[2022-03-28T16:35:50.313+0800][765.055s] GC(53) Pause Young (Normal) (G1 Preventive Collection)
[2022-03-28T16:35:50.313+0800][765.055s] GC(53) Using 8 workers of 8 for evacuation
[2022-03-28T16:35:50.318+0800][765.060s] GC(53)   Pre Evacuate Collection Set: 0.1ms
[2022-03-28T16:35:50.318+0800][765.060s] GC(53)   Merge Heap Roots: 0.1ms
[2022-03-28T16:35:50.318+0800][765.060s] GC(53)   Evacuate Collection Set: 4.3ms
[2022-03-28T16:35:50.318+0800][765.060s] GC(53)   Post Evacuate Collection Set: 0.3ms
[2022-03-28T16:35:50.318+0800][765.060s] GC(53)   Other: 0.2ms
[2022-03-28T16:35:50.318+0800][765.060s] GC(53) Eden regions: 3->0(22)
[2022-03-28T16:35:50.318+0800][765.060s] GC(53) Survivor regions: 3->3(4)
[2022-03-28T16:35:50.318+0800][765.060s] GC(53) Old regions: 453->455
[2022-03-28T16:35:50.318+0800][765.060s] GC(53) Archive regions: 0->0
[2022-03-28T16:35:50.318+0800][765.060s] GC(53) Humongous regions: 48->48
[2022-03-28T16:35:50.318+0800][765.060s] GC(53) Metaspace: 50265K(50624K)->50265K(50624K) NonClass: 44297K(44480K)->44297K(44480K) Class: 5968K(6144K)->5968K(6144K)
[2022-03-28T16:35:50.318+0800][765.060s] GC(53) Pause Young (Normal) (G1 Preventive Collection) 500M->499M(512M) 5.185ms
[2022-03-28T16:35:50.318+0800][765.060s] GC(53) User=0.00s Sys=0.00s Real=0.01s
[2022-03-28T16:35:50.322+0800][765.064s] GC(54) Pause Young (Normal) (G1 Preventive Collection)
[2022-03-28T16:35:50.322+0800][765.064s] GC(54) Using 8 workers of 8 for evacuation
[2022-03-28T16:35:50.328+0800][765.069s] GC(54)   Pre Evacuate Collection Set: 0.1ms
[2022-03-28T16:35:50.328+0800][765.070s] GC(54)   Merge Heap Roots: 0.1ms
[2022-03-28T16:35:50.328+0800][765.070s] GC(54)   Evacuate Collection Set: 4.6ms
[2022-03-28T16:35:50.328+0800][765.070s] GC(54)   Post Evacuate Collection Set: 0.4ms
[2022-03-28T16:35:50.328+0800][765.070s] GC(54)   Other: 0.2ms
[2022-03-28T16:35:50.328+0800][765.070s] GC(54) Eden regions: 2->0(21)
[2022-03-28T16:35:50.328+0800][765.070s] GC(54) Survivor regions: 3->4(4)
[2022-03-28T16:35:50.328+0800][765.070s] GC(54) Old regions: 455->455
[2022-03-28T16:35:50.328+0800][765.070s] GC(54) Archive regions: 0->0
[2022-03-28T16:35:50.328+0800][765.070s] GC(54) Humongous regions: 48->48
[2022-03-28T16:35:50.328+0800][765.070s] GC(54) Metaspace: 50265K(50624K)->50265K(50624K) NonClass: 44297K(44480K)->44297K(44480K) Class: 5968K(6144K)->5968K(6144K)
[2022-03-28T16:35:50.328+0800][765.070s] GC(54) Pause Young (Normal) (G1 Preventive Collection) 501M->500M(512M) 5.678ms
[2022-03-28T16:35:50.328+0800][765.070s] GC(54) User=0.00s Sys=0.00s Real=0.01s
[2022-03-28T16:35:50.330+0800][765.072s] GC(55) Pause Young (Normal) (G1 Preventive Collection)
[2022-03-28T16:35:50.330+0800][765.072s] GC(55) Using 8 workers of 8 for evacuation
[2022-03-28T16:35:50.334+0800][765.076s] GC(55)   Pre Evacuate Collection Set: 0.0ms
[2022-03-28T16:35:50.334+0800][765.076s] GC(55)   Merge Heap Roots: 0.1ms
[2022-03-28T16:35:50.334+0800][765.076s] GC(55)   Evacuate Collection Set: 3.5ms
[2022-03-28T16:35:50.334+0800][765.076s] GC(55)   Post Evacuate Collection Set: 0.3ms
[2022-03-28T16:35:50.334+0800][765.076s] GC(55)   Other: 0.2ms
[2022-03-28T16:35:50.334+0800][765.076s] GC(55) Eden regions: 1->0(23)
[2022-03-28T16:35:50.334+0800][765.076s] GC(55) Survivor regions: 4->2(4)
[2022-03-28T16:35:50.335+0800][765.076s] GC(55) Old regions: 455->457
[2022-03-28T16:35:50.335+0800][765.076s] GC(55) Archive regions: 0->0
[2022-03-28T16:35:50.335+0800][765.076s] GC(55) Humongous regions: 48->48
[2022-03-28T16:35:50.335+0800][765.076s] GC(55) Metaspace: 50265K(50624K)->50265K(50624K) NonClass: 44297K(44480K)->44297K(44480K) Class: 5968K(6144K)->5968K(6144K)
[2022-03-28T16:35:50.335+0800][765.076s] GC(55) Pause Young (Normal) (G1 Preventive Collection) 501M->501M(512M) 4.328ms
[2022-03-28T16:35:50.335+0800][765.077s] GC(55) User=0.00s Sys=0.00s Real=0.01s
[2022-03-28T16:35:50.340+0800][765.082s] GC(56) Pause Young (Normal) (G1 Preventive Collection)
[2022-03-28T16:35:50.340+0800][765.082s] GC(56) Using 8 workers of 8 for evacuation
[2022-03-28T16:35:50.345+0800][765.087s] GC(56)   Pre Evacuate Collection Set: 0.1ms
[2022-03-28T16:35:50.346+0800][765.088s] GC(56)   Merge Heap Roots: 0.1ms
[2022-03-28T16:35:50.346+0800][765.088s] GC(56)   Evacuate Collection Set: 4.8ms
[2022-03-28T16:35:50.346+0800][765.088s] GC(56)   Post Evacuate Collection Set: 0.4ms
[2022-03-28T16:35:50.346+0800][765.088s] GC(56)   Other: 0.3ms
[2022-03-28T16:35:50.346+0800][765.088s] GC(56) Eden regions: 2->0(22)
[2022-03-28T16:35:50.346+0800][765.088s] GC(56) Survivor regions: 2->3(3)
[2022-03-28T16:35:50.346+0800][765.088s] GC(56) Old regions: 457->457
[2022-03-28T16:35:50.346+0800][765.088s] GC(56) Archive regions: 0->0
[2022-03-28T16:35:50.346+0800][765.088s] GC(56) Humongous regions: 48->48
[2022-03-28T16:35:50.346+0800][765.088s] GC(56) Metaspace: 50265K(50624K)->50265K(50624K) NonClass: 44297K(44480K)->44297K(44480K) Class: 5968K(6144K)->5968K(6144K)
[2022-03-28T16:35:50.346+0800][765.088s] GC(56) Pause Young (Normal) (G1 Preventive Collection) 503M->502M(512M) 6.001ms
[2022-03-28T16:35:50.346+0800][765.088s] GC(56) User=0.00s Sys=0.00s Real=0.01s
[2022-03-28T16:35:50.349+0800][765.090s] GC(57) Pause Young (Normal) (G1 Preventive Collection)
[2022-03-28T16:35:50.349+0800][765.090s] GC(57) Using 8 workers of 8 for evacuation
[2022-03-28T16:35:50.353+0800][765.095s] GC(57) To-space exhausted
[2022-03-28T16:35:50.353+0800][765.095s] GC(57)   Pre Evacuate Collection Set: 0.1ms
[2022-03-28T16:35:50.353+0800][765.095s] GC(57)   Merge Heap Roots: 0.1ms
[2022-03-28T16:35:50.353+0800][765.095s] GC(57)   Evacuate Collection Set: 3.2ms
[2022-03-28T16:35:50.353+0800][765.095s] GC(57)   Post Evacuate Collection Set: 1.1ms
[2022-03-28T16:35:50.353+0800][765.095s] GC(57)   Other: 0.2ms
[2022-03-28T16:35:50.353+0800][765.095s] GC(57) Eden regions: 1->0(23)
[2022-03-28T16:35:50.353+0800][765.095s] GC(57) Survivor regions: 3->2(3)
[2022-03-28T16:35:50.353+0800][765.095s] GC(57) Old regions: 457->462
[2022-03-28T16:35:50.353+0800][765.095s] GC(57) Archive regions: 0->0
[2022-03-28T16:35:50.353+0800][765.095s] GC(57) Humongous regions: 48->48
[2022-03-28T16:35:50.353+0800][765.095s] GC(57) Metaspace: 50265K(50624K)->50265K(50624K) NonClass: 44297K(44480K)->44297K(44480K) Class: 5968K(6144K)->5968K(6144K)
[2022-03-28T16:35:50.353+0800][765.095s] GC(57) Pause Young (Normal) (G1 Preventive Collection) 503M->506M(512M) 4.901ms
[2022-03-28T16:35:50.353+0800][765.095s] GC(57) User=0.06s Sys=0.00s Real=0.00s
[2022-03-28T16:35:50.353+0800][765.095s] Attempting full compaction
[2022-03-28T16:35:50.353+0800][765.095s] GC(58) Using 8 workers of 8 for full compaction
[2022-03-28T16:35:50.354+0800][765.096s] GC(58) Pause Full (G1 Compaction Pause)
[2022-03-28T16:35:50.354+0800][765.096s] GC(58) Phase 1: Mark live objects
[2022-03-28T16:35:50.579+0800][765.321s] GC(58) Phase 1: Mark live objects 224.655ms
[2022-03-28T16:35:50.579+0800][765.321s] GC(58) Phase 2: Prepare for compaction
[2022-03-28T16:35:50.583+0800][765.324s] GC(58) Phase 2: Prepare for compaction 3.677ms
[2022-03-28T16:35:50.583+0800][765.324s] GC(58) Phase 3: Adjust pointers
[2022-03-28T16:35:50.654+0800][765.396s] GC(58) Phase 3: Adjust pointers 71.352ms
[2022-03-28T16:35:50.654+0800][765.396s] GC(58) Phase 4: Compact heap
[2022-03-28T16:35:50.657+0800][765.398s] GC(58) Phase 4: Compact heap 2.649ms
[2022-03-28T16:35:50.663+0800][765.405s] GC(58) Eden regions: 0->0(25)
[2022-03-28T16:35:50.663+0800][765.405s] GC(58) Survivor regions: 2->0(3)
[2022-03-28T16:35:50.663+0800][765.405s] GC(58) Old regions: 462->451
[2022-03-28T16:35:50.663+0800][765.405s] GC(58) Archive regions: 0->0
[2022-03-28T16:35:50.663+0800][765.405s] GC(58) Humongous regions: 48->37
[2022-03-28T16:35:50.663+0800][765.405s] GC(58) Metaspace: 50265K(50624K)->50265K(50624K) NonClass: 44297K(44480K)->44297K(44480K) Class: 5968K(6144K)->5968K(6144K)
[2022-03-28T16:35:50.663+0800][765.405s] GC(58) Pause Full (G1 Compaction Pause) 506M->485M(512M) 309.468ms
[2022-03-28T16:35:50.664+0800][765.406s] GC(58) User=2.25s Sys=0.00s Real=0.31s
[2022-03-28T16:35:50.664+0800][765.406s] GC(45) Concurrent Mark From Roots 694.729ms
[2022-03-28T16:35:50.664+0800][765.406s] GC(45) Concurrent Mark Abort
[2022-03-28T16:35:50.664+0800][765.406s] GC(45) Concurrent Mark Cycle 700.053ms
[2022-03-28T16:35:50.687+0800][765.428s] GC(59) Pause Young (Normal) (G1 Preventive Collection)
[2022-03-28T16:35:50.687+0800][765.429s] GC(59) Using 8 workers of 8 for evacuation
[2022-03-28T16:35:50.698+0800][765.440s] GC(59)   Pre Evacuate Collection Set: 0.1ms
[2022-03-28T16:35:50.698+0800][765.440s] GC(59)   Merge Heap Roots: 0.1ms
[2022-03-28T16:35:50.698+0800][765.440s] GC(59)   Evacuate Collection Set: 10.6ms
[2022-03-28T16:35:50.698+0800][765.440s] GC(59)   Post Evacuate Collection Set: 0.4ms
[2022-03-28T16:35:50.698+0800][765.440s] GC(59)   Other: 0.2ms
[2022-03-28T16:35:50.698+0800][765.440s] GC(59) Eden regions: 14->0(21)
[2022-03-28T16:35:50.698+0800][765.440s] GC(59) Survivor regions: 0->4(4)
[2022-03-28T16:35:50.698+0800][765.440s] GC(59) Old regions: 451->456
[2022-03-28T16:35:50.698+0800][765.440s] GC(59) Archive regions: 0->0
[2022-03-28T16:35:50.698+0800][765.440s] GC(59) Humongous regions: 37->37
[2022-03-28T16:35:50.698+0800][765.440s] GC(59) Metaspace: 50265K(50624K)->50265K(50624K) NonClass: 44297K(44480K)->44297K(44480K) Class: 5968K(6144K)->5968K(6144K)
[2022-03-28T16:35:50.698+0800][765.440s] GC(59) Pause Young (Normal) (G1 Preventive Collection) 499M->493M(512M) 11.595ms
[2022-03-28T16:35:50.698+0800][765.440s] GC(59) User=0.12s Sys=0.00s Real=0.01s
[2022-03-28T16:35:50.713+0800][765.454s] GC(60) Pause Young (Concurrent Start) (G1 Preventive Collection)
[2022-03-28T16:35:50.713+0800][765.454s] GC(60) Using 8 workers of 8 for evacuation
[2022-03-28T16:35:50.724+0800][765.466s] GC(60) To-space exhausted
[2022-03-28T16:35:50.725+0800][765.466s] GC(60)   Pre Evacuate Collection Set: 0.1ms
[2022-03-28T16:35:50.725+0800][765.466s] GC(60)   Merge Heap Roots: 0.1ms
[2022-03-28T16:35:50.725+0800][765.466s] GC(60)   Evacuate Collection Set: 9.0ms
[2022-03-28T16:35:50.725+0800][765.466s] GC(60)   Post Evacuate Collection Set: 2.3ms
[2022-03-28T16:35:50.725+0800][765.466s] GC(60)   Other: 0.5ms
[2022-03-28T16:35:50.725+0800][765.466s] GC(60) Eden regions: 8->0(21)
[2022-03-28T16:35:50.725+0800][765.466s] GC(60) Survivor regions: 4->4(4)
[2022-03-28T16:35:50.725+0800][765.466s] GC(60) Old regions: 456->471
[2022-03-28T16:35:50.725+0800][765.466s] GC(60) Archive regions: 0->0
[2022-03-28T16:35:50.725+0800][765.466s] GC(60) Humongous regions: 37->37
[2022-03-28T16:35:50.725+0800][765.466s] GC(60) Metaspace: 50265K(50624K)->50265K(50624K) NonClass: 44297K(44480K)->44297K(44480K) Class: 5968K(6144K)->5968K(6144K)
[2022-03-28T16:35:50.725+0800][765.467s] GC(60) Pause Young (Concurrent Start) (G1 Preventive Collection) 501M->509M(512M) 12.135ms
[2022-03-28T16:35:50.725+0800][765.467s] GC(60) User=0.00s Sys=0.00s Real=0.01s
[2022-03-28T16:35:50.725+0800][765.467s] Attempting full compaction
[2022-03-28T16:35:50.725+0800][765.467s] GC(61) Concurrent Mark Cycle
[2022-03-28T16:35:50.725+0800][765.467s] GC(62) Using 8 workers of 8 for full compaction
[2022-03-28T16:35:50.725+0800][765.467s] GC(61) Concurrent Clear Claimed Marks
[2022-03-28T16:35:50.725+0800][765.467s] GC(61) Concurrent Clear Claimed Marks 0.079ms
[2022-03-28T16:35:50.725+0800][765.467s] GC(61) Concurrent Scan Root Regions
[2022-03-28T16:35:50.725+0800][765.467s] GC(62) Pause Full (G1 Compaction Pause)
[2022-03-28T16:35:50.726+0800][765.468s] GC(61) Concurrent Scan Root Regions 0.955ms
[2022-03-28T16:35:50.726+0800][765.468s] GC(61) Concurrent Mark
[2022-03-28T16:35:50.726+0800][765.468s] GC(61) Concurrent Mark From Roots
[2022-03-28T16:35:50.726+0800][765.468s] GC(61) Using 2 workers of 2 for marking
[2022-03-28T16:35:50.726+0800][765.468s] GC(62) Phase 1: Mark live objects
[2022-03-28T16:35:50.981+0800][765.723s] GC(62) Phase 1: Mark live objects 254.593ms
[2022-03-28T16:35:50.981+0800][765.723s] GC(62) Phase 2: Prepare for compaction
[2022-03-28T16:35:50.982+0800][765.724s] GC(62) Phase 2: Prepare for compaction 1.569ms
[2022-03-28T16:35:50.982+0800][765.724s] GC(62) Phase 3: Adjust pointers
[2022-03-28T16:35:51.044+0800][765.786s] GC(62) Phase 3: Adjust pointers 61.874ms
[2022-03-28T16:35:51.044+0800][765.786s] GC(62) Phase 4: Compact heap
[2022-03-28T16:35:51.045+0800][765.787s] GC(62) Phase 4: Compact heap 0.872ms
[2022-03-28T16:35:51.054+0800][765.796s] GC(62) Eden regions: 0->0(25)
[2022-03-28T16:35:51.054+0800][765.796s] GC(62) Survivor regions: 4->0(4)
[2022-03-28T16:35:51.054+0800][765.796s] GC(62) Old regions: 471->465
[2022-03-28T16:35:51.054+0800][765.796s] GC(62) Archive regions: 0->0
[2022-03-28T16:35:51.054+0800][765.796s] GC(62) Humongous regions: 37->37
[2022-03-28T16:35:51.054+0800][765.796s] GC(62) Metaspace: 50265K(50624K)->50265K(50624K) NonClass: 44297K(44480K)->44297K(44480K) Class: 5968K(6144K)->5968K(6144K)
[2022-03-28T16:35:51.054+0800][765.796s] GC(62) Pause Full (G1 Compaction Pause) 509M->498M(512M) 329.129ms
[2022-03-28T16:35:51.055+0800][765.796s] GC(62) User=2.09s Sys=0.02s Real=0.33s
[2022-03-28T16:35:51.055+0800][765.797s] GC(61) Concurrent Mark From Roots 328.708ms
[2022-03-28T16:35:51.055+0800][765.797s] GC(61) Concurrent Mark Abort
[2022-03-28T16:35:51.055+0800][765.797s] GC(61) Concurrent Mark Cycle 330.012ms
[2022-03-28T16:35:51.093+0800][765.835s] GC(63) Pause Young (Normal) (G1 Preventive Collection)
[2022-03-28T16:35:51.093+0800][765.835s] GC(63) Using 8 workers of 8 for evacuation
[2022-03-28T16:35:51.097+0800][765.838s] GC(63)   Pre Evacuate Collection Set: 0.1ms
[2022-03-28T16:35:51.097+0800][765.838s] GC(63)   Merge Heap Roots: 0.1ms
[2022-03-28T16:35:51.097+0800][765.838s] GC(63)   Evacuate Collection Set: 3.3ms
[2022-03-28T16:35:51.097+0800][765.839s] GC(63)   Post Evacuate Collection Set: 0.3ms
[2022-03-28T16:35:51.097+0800][765.839s] GC(63)   Other: 0.1ms
[2022-03-28T16:35:51.097+0800][765.839s] GC(63) Eden regions: 6->0(21)
[2022-03-28T16:35:51.097+0800][765.839s] GC(63) Survivor regions: 0->4(4)
[2022-03-28T16:35:51.097+0800][765.839s] GC(63) Old regions: 465->465
[2022-03-28T16:35:51.097+0800][765.839s] GC(63) Archive regions: 0->0
[2022-03-28T16:35:51.097+0800][765.839s] GC(63) Humongous regions: 37->37
[2022-03-28T16:35:51.097+0800][765.839s] GC(63) Metaspace: 50266K(50624K)->50266K(50624K) NonClass: 44298K(44480K)->44298K(44480K) Class: 5968K(6144K)->5968K(6144K)
[2022-03-28T16:35:51.097+0800][765.839s] GC(63) Pause Young (Normal) (G1 Preventive Collection) 504M->501M(512M) 4.083ms
[2022-03-28T16:35:51.097+0800][765.839s] GC(63) User=0.00s Sys=0.00s Real=0.00s
[2022-03-28T16:35:51.131+0800][765.873s] GC(64) Pause Young (Concurrent Start) (G1 Preventive Collection)
[2022-03-28T16:35:51.131+0800][765.873s] GC(64) Using 8 workers of 8 for evacuation
[2022-03-28T16:35:51.139+0800][765.881s] GC(64) To-space exhausted
[2022-03-28T16:35:51.139+0800][765.881s] GC(64)   Pre Evacuate Collection Set: 0.1ms
[2022-03-28T16:35:51.139+0800][765.881s] GC(64)   Merge Heap Roots: 0.1ms
[2022-03-28T16:35:51.139+0800][765.881s] GC(64)   Evacuate Collection Set: 3.8ms
[2022-03-28T16:35:51.139+0800][765.881s] GC(64)   Post Evacuate Collection Set: 3.7ms
[2022-03-28T16:35:51.139+0800][765.881s] GC(64)   Other: 0.2ms
[2022-03-28T16:35:51.139+0800][765.881s] GC(64) Eden regions: 3->0(24)
[2022-03-28T16:35:51.139+0800][765.881s] GC(64) Survivor regions: 4->1(3)
[2022-03-28T16:35:51.139+0800][765.881s] GC(64) Old regions: 465->471
[2022-03-28T16:35:51.139+0800][765.881s] GC(64) Archive regions: 0->0
[2022-03-28T16:35:51.139+0800][765.881s] GC(64) Humongous regions: 37->37
[2022-03-28T16:35:51.139+0800][765.881s] GC(64) Metaspace: 50266K(50624K)->50266K(50624K) NonClass: 44298K(44480K)->44298K(44480K) Class: 5968K(6144K)->5968K(6144K)
[2022-03-28T16:35:51.139+0800][765.881s] GC(64) Pause Young (Concurrent Start) (G1 Preventive Collection) 504M->503M(512M) 8.048ms
[2022-03-28T16:35:51.139+0800][765.881s] GC(64) User=0.12s Sys=0.00s Real=0.01s
[2022-03-28T16:35:51.139+0800][765.881s] GC(65) Concurrent Mark Cycle
[2022-03-28T16:35:51.139+0800][765.881s] GC(65) Concurrent Clear Claimed Marks
[2022-03-28T16:35:51.139+0800][765.881s] GC(65) Concurrent Clear Claimed Marks 0.025ms
[2022-03-28T16:35:51.139+0800][765.881s] GC(65) Concurrent Scan Root Regions
[2022-03-28T16:35:51.141+0800][765.883s] GC(65) Concurrent Scan Root Regions 1.928ms
[2022-03-28T16:35:51.141+0800][765.883s] GC(65) Concurrent Mark
[2022-03-28T16:35:51.141+0800][765.883s] GC(65) Concurrent Mark From Roots
[2022-03-28T16:35:51.141+0800][765.883s] GC(65) Using 2 workers of 2 for marking
[2022-03-28T16:35:51.151+0800][765.894s] GC(66) Pause Young (Normal) (G1 Preventive Collection)
[2022-03-28T16:35:51.151+0800][765.894s] GC(66) Using 8 workers of 8 for evacuation
[2022-03-28T16:35:51.153+0800][765.895s] GC(66)   Pre Evacuate Collection Set: 0.1ms
[2022-03-28T16:35:51.153+0800][765.895s] GC(66)   Merge Heap Roots: 0.1ms
[2022-03-28T16:35:51.153+0800][765.895s] GC(66)   Evacuate Collection Set: 0.9ms
[2022-03-28T16:35:51.153+0800][765.895s] GC(66)   Post Evacuate Collection Set: 0.3ms
[2022-03-28T16:35:51.154+0800][765.896s] GC(66)   Other: 0.3ms
[2022-03-28T16:35:51.154+0800][765.896s] GC(66) Eden regions: 1->0(24)
[2022-03-28T16:35:51.154+0800][765.896s] GC(66) Survivor regions: 1->1(2)
[2022-03-28T16:35:51.154+0800][765.896s] GC(66) Old regions: 471->471
[2022-03-28T16:35:51.154+0800][765.896s] GC(66) Archive regions: 0->0
[2022-03-28T16:35:51.154+0800][765.896s] GC(66) Humongous regions: 37->37
[2022-03-28T16:35:51.154+0800][765.896s] GC(66) Metaspace: 50266K(50624K)->50266K(50624K) NonClass: 44298K(44480K)->44298K(44480K) Class: 5968K(6144K)->5968K(6144K)
[2022-03-28T16:35:51.154+0800][765.896s] GC(66) Pause Young (Normal) (G1 Preventive Collection) 504M->503M(512M) 2.052ms
[2022-03-28T16:35:51.154+0800][765.896s] GC(66) User=0.00s Sys=0.00s Real=0.00s
[2022-03-28T16:35:51.172+0800][765.914s] GC(67) Pause Young (Normal) (G1 Preventive Collection)
[2022-03-28T16:35:51.172+0800][765.914s] GC(67) Using 8 workers of 8 for evacuation
[2022-03-28T16:35:51.173+0800][765.915s] GC(67)   Pre Evacuate Collection Set: 0.1ms
[2022-03-28T16:35:51.173+0800][765.915s] GC(67)   Merge Heap Roots: 0.1ms
[2022-03-28T16:35:51.173+0800][765.915s] GC(67)   Evacuate Collection Set: 0.3ms
[2022-03-28T16:35:51.173+0800][765.915s] GC(67)   Post Evacuate Collection Set: 0.2ms
[2022-03-28T16:35:51.173+0800][765.915s] GC(67)   Other: 0.1ms
[2022-03-28T16:35:51.173+0800][765.915s] GC(67) Eden regions: 1->0(24)
[2022-03-28T16:35:51.173+0800][765.915s] GC(67) Survivor regions: 1->1(2)
[2022-03-28T16:35:51.173+0800][765.915s] GC(67) Old regions: 471->471
[2022-03-28T16:35:51.173+0800][765.915s] GC(67) Archive regions: 0->0
[2022-03-28T16:35:51.173+0800][765.915s] GC(67) Humongous regions: 37->37
[2022-03-28T16:35:51.173+0800][765.915s] GC(67) Metaspace: 50266K(50624K)->50266K(50624K) NonClass: 44298K(44480K)->44298K(44480K) Class: 5968K(6144K)->5968K(6144K)
[2022-03-28T16:35:51.174+0800][765.915s] GC(67) Pause Young (Normal) (G1 Preventive Collection) 504M->503M(512M) 1.092ms
[2022-03-28T16:35:51.174+0800][765.915s] GC(67) User=0.00s Sys=0.00s Real=0.00s
[2022-03-28T16:35:51.206+0800][765.948s] GC(68) Pause Young (Normal) (G1 Preventive Collection)
[2022-03-28T16:35:51.206+0800][765.948s] GC(68) Using 8 workers of 8 for evacuation
[2022-03-28T16:35:51.207+0800][765.949s] GC(68)   Pre Evacuate Collection Set: 0.1ms
[2022-03-28T16:35:51.207+0800][765.949s] GC(68)   Merge Heap Roots: 0.0ms
[2022-03-28T16:35:51.207+0800][765.949s] GC(68)   Evacuate Collection Set: 0.3ms
[2022-03-28T16:35:51.207+0800][765.949s] GC(68)   Post Evacuate Collection Set: 0.3ms
[2022-03-28T16:35:51.207+0800][765.949s] GC(68)   Other: 0.2ms
[2022-03-28T16:35:51.207+0800][765.949s] GC(68) Eden regions: 2->0(24)
[2022-03-28T16:35:51.207+0800][765.949s] GC(68) Survivor regions: 1->1(1)
[2022-03-28T16:35:51.207+0800][765.949s] GC(68) Old regions: 471->471
[2022-03-28T16:35:51.207+0800][765.949s] GC(68) Archive regions: 0->0
[2022-03-28T16:35:51.207+0800][765.949s] GC(68) Humongous regions: 37->37
[2022-03-28T16:35:51.207+0800][765.949s] GC(68) Metaspace: 50266K(50624K)->50266K(50624K) NonClass: 44298K(44480K)->44298K(44480K) Class: 5968K(6144K)->5968K(6144K)
[2022-03-28T16:35:51.207+0800][765.949s] GC(68) Pause Young (Normal) (G1 Preventive Collection) 505M->503M(512M) 1.115ms
[2022-03-28T16:35:51.207+0800][765.949s] GC(68) User=0.00s Sys=0.00s Real=0.00s
[2022-03-28T16:35:51.245+0800][765.987s] GC(69) Pause Young (Normal) (G1 Preventive Collection)
[2022-03-28T16:35:51.246+0800][765.988s] GC(69) Using 8 workers of 8 for evacuation
[2022-03-28T16:35:51.247+0800][765.989s] GC(69)   Pre Evacuate Collection Set: 0.1ms
[2022-03-28T16:35:51.247+0800][765.989s] GC(69)   Merge Heap Roots: 0.1ms
[2022-03-28T16:35:51.247+0800][765.989s] GC(69)   Evacuate Collection Set: 0.4ms
[2022-03-28T16:35:51.247+0800][765.989s] GC(69)   Post Evacuate Collection Set: 0.3ms
[2022-03-28T16:35:51.247+0800][765.989s] GC(69)   Other: 0.4ms
[2022-03-28T16:35:51.247+0800][765.989s] GC(69) Eden regions: 2->0(24)
[2022-03-28T16:35:51.247+0800][765.989s] GC(69) Survivor regions: 1->1(1)
[2022-03-28T16:35:51.247+0800][765.989s] GC(69) Old regions: 471->471
[2022-03-28T16:35:51.247+0800][765.989s] GC(69) Archive regions: 0->0
[2022-03-28T16:35:51.247+0800][765.989s] GC(69) Humongous regions: 37->37
[2022-03-28T16:35:51.247+0800][765.989s] GC(69) Metaspace: 50266K(50624K)->50266K(50624K) NonClass: 44298K(44480K)->44298K(44480K) Class: 5968K(6144K)->5968K(6144K)
[2022-03-28T16:35:51.247+0800][765.989s] GC(69) Pause Young (Normal) (G1 Preventive Collection) 505M->503M(512M) 1.442ms
[2022-03-28T16:35:51.247+0800][765.989s] GC(69) User=0.00s Sys=0.00s Real=0.00s
[2022-03-28T16:35:51.281+0800][766.024s] GC(70) Pause Young (Normal) (G1 Preventive Collection)
[2022-03-28T16:35:51.281+0800][766.024s] GC(70) Using 8 workers of 8 for evacuation
[2022-03-28T16:35:51.283+0800][766.025s] GC(70)   Pre Evacuate Collection Set: 0.2ms
[2022-03-28T16:35:51.283+0800][766.025s] GC(70)   Merge Heap Roots: 0.1ms
[2022-03-28T16:35:51.283+0800][766.025s] GC(70)   Evacuate Collection Set: 0.5ms
[2022-03-28T16:35:51.283+0800][766.025s] GC(70)   Post Evacuate Collection Set: 0.3ms
[2022-03-28T16:35:51.284+0800][766.025s] GC(70)   Other: 0.2ms
[2022-03-28T16:35:51.284+0800][766.025s] GC(70) Eden regions: 2->0(24)
[2022-03-28T16:35:51.284+0800][766.025s] GC(70) Survivor regions: 1->1(1)
[2022-03-28T16:35:51.284+0800][766.025s] GC(70) Old regions: 471->471
[2022-03-28T16:35:51.284+0800][766.025s] GC(70) Archive regions: 0->0
[2022-03-28T16:35:51.284+0800][766.025s] GC(70) Humongous regions: 37->37
[2022-03-28T16:35:51.284+0800][766.025s] GC(70) Metaspace: 50266K(50624K)->50266K(50624K) NonClass: 44298K(44480K)->44298K(44480K) Class: 5968K(6144K)->5968K(6144K)
[2022-03-28T16:35:51.284+0800][766.025s] GC(70) Pause Young (Normal) (G1 Preventive Collection) 505M->503M(512M) 1.406ms
[2022-03-28T16:35:51.284+0800][766.025s] GC(70) User=0.00s Sys=0.00s Real=0.00s
[2022-03-28T16:35:51.310+0800][766.052s] GC(71) Pause Young (Normal) (G1 Preventive Collection)
[2022-03-28T16:35:51.310+0800][766.052s] GC(71) Using 8 workers of 8 for evacuation
[2022-03-28T16:35:51.311+0800][766.053s] GC(71)   Pre Evacuate Collection Set: 0.0ms
[2022-03-28T16:35:51.311+0800][766.053s] GC(71)   Merge Heap Roots: 0.0ms
[2022-03-28T16:35:51.311+0800][766.053s] GC(71)   Evacuate Collection Set: 0.3ms
[2022-03-28T16:35:51.311+0800][766.053s] GC(71)   Post Evacuate Collection Set: 0.3ms
[2022-03-28T16:35:51.311+0800][766.053s] GC(71)   Other: 0.1ms
[2022-03-28T16:35:51.311+0800][766.053s] GC(71) Eden regions: 2->0(24)
[2022-03-28T16:35:51.311+0800][766.053s] GC(71) Survivor regions: 1->1(1)
[2022-03-28T16:35:51.311+0800][766.053s] GC(71) Old regions: 471->471
[2022-03-28T16:35:51.311+0800][766.053s] GC(71) Archive regions: 0->0
[2022-03-28T16:35:51.311+0800][766.053s] GC(71) Humongous regions: 37->37
[2022-03-28T16:35:51.311+0800][766.053s] GC(71) Metaspace: 50266K(50624K)->50266K(50624K) NonClass: 44298K(44480K)->44298K(44480K) Class: 5968K(6144K)->5968K(6144K)
[2022-03-28T16:35:51.311+0800][766.053s] GC(71) Pause Young (Normal) (G1 Preventive Collection) 505M->503M(512M) 0.950ms
[2022-03-28T16:35:51.311+0800][766.053s] GC(71) User=0.00s Sys=0.00s Real=0.00s
[2022-03-28T16:35:51.344+0800][766.086s] GC(72) Pause Young (Normal) (G1 Preventive Collection)
[2022-03-28T16:35:51.344+0800][766.086s] GC(72) Using 8 workers of 8 for evacuation
[2022-03-28T16:35:51.345+0800][766.087s] GC(72)   Pre Evacuate Collection Set: 0.1ms
[2022-03-28T16:35:51.345+0800][766.087s] GC(72)   Merge Heap Roots: 0.0ms
[2022-03-28T16:35:51.345+0800][766.087s] GC(72)   Evacuate Collection Set: 0.4ms
[2022-03-28T16:35:51.345+0800][766.087s] GC(72)   Post Evacuate Collection Set: 0.2ms
[2022-03-28T16:35:51.345+0800][766.087s] GC(72)   Other: 0.2ms
[2022-03-28T16:35:51.345+0800][766.087s] GC(72) Eden regions: 2->0(24)
[2022-03-28T16:35:51.345+0800][766.087s] GC(72) Survivor regions: 1->1(1)
[2022-03-28T16:35:51.345+0800][766.087s] GC(72) Old regions: 471->471
[2022-03-28T16:35:51.345+0800][766.087s] GC(72) Archive regions: 0->0
[2022-03-28T16:35:51.345+0800][766.087s] GC(72) Humongous regions: 37->37
[2022-03-28T16:35:51.345+0800][766.087s] GC(72) Metaspace: 50266K(50624K)->50266K(50624K) NonClass: 44298K(44480K)->44298K(44480K) Class: 5968K(6144K)->5968K(6144K)
[2022-03-28T16:35:51.345+0800][766.087s] GC(72) Pause Young (Normal) (G1 Preventive Collection) 505M->503M(512M) 1.186ms
[2022-03-28T16:35:51.345+0800][766.087s] GC(72) User=0.00s Sys=0.00s Real=0.00s
[2022-03-28T16:35:51.382+0800][766.124s] GC(73) Pause Young (Normal) (G1 Preventive Collection)
[2022-03-28T16:35:51.382+0800][766.124s] GC(73) Using 8 workers of 8 for evacuation
[2022-03-28T16:35:51.383+0800][766.125s] GC(73)   Pre Evacuate Collection Set: 0.1ms
[2022-03-28T16:35:51.383+0800][766.125s] GC(73)   Merge Heap Roots: 0.0ms
[2022-03-28T16:35:51.383+0800][766.125s] GC(73)   Evacuate Collection Set: 0.4ms
[2022-03-28T16:35:51.383+0800][766.125s] GC(73)   Post Evacuate Collection Set: 0.3ms
[2022-03-28T16:35:51.383+0800][766.125s] GC(73)   Other: 0.3ms
[2022-03-28T16:35:51.383+0800][766.125s] GC(73) Eden regions: 2->0(24)
[2022-03-28T16:35:51.384+0800][766.125s] GC(73) Survivor regions: 1->1(1)
[2022-03-28T16:35:51.384+0800][766.125s] GC(73) Old regions: 471->471
[2022-03-28T16:35:51.384+0800][766.125s] GC(73) Archive regions: 0->0
[2022-03-28T16:35:51.384+0800][766.125s] GC(73) Humongous regions: 37->37
[2022-03-28T16:35:51.384+0800][766.125s] GC(73) Metaspace: 50266K(50624K)->50266K(50624K) NonClass: 44298K(44480K)->44298K(44480K) Class: 5968K(6144K)->5968K(6144K)
[2022-03-28T16:35:51.384+0800][766.126s] GC(73) Pause Young (Normal) (G1 Preventive Collection) 505M->503M(512M) 1.482ms
[2022-03-28T16:35:51.384+0800][766.126s] GC(73) User=0.00s Sys=0.00s Real=0.00s
[2022-03-28T16:35:51.419+0800][766.161s] GC(74) Pause Young (Normal) (G1 Preventive Collection)
[2022-03-28T16:35:51.419+0800][766.161s] GC(74) Using 8 workers of 8 for evacuation
[2022-03-28T16:35:51.420+0800][766.162s] GC(74)   Pre Evacuate Collection Set: 0.1ms
[2022-03-28T16:35:51.420+0800][766.162s] GC(74)   Merge Heap Roots: 0.0ms
[2022-03-28T16:35:51.420+0800][766.162s] GC(74)   Evacuate Collection Set: 0.5ms
[2022-03-28T16:35:51.420+0800][766.162s] GC(74)   Post Evacuate Collection Set: 0.2ms
[2022-03-28T16:35:51.420+0800][766.162s] GC(74)   Other: 0.1ms
[2022-03-28T16:35:51.420+0800][766.162s] GC(74) Eden regions: 2->0(24)
[2022-03-28T16:35:51.420+0800][766.162s] GC(74) Survivor regions: 1->1(1)
[2022-03-28T16:35:51.420+0800][766.162s] GC(74) Old regions: 471->471
[2022-03-28T16:35:51.420+0800][766.162s] GC(74) Archive regions: 0->0
[2022-03-28T16:35:51.420+0800][766.162s] GC(74) Humongous regions: 37->37
[2022-03-28T16:35:51.420+0800][766.162s] GC(74) Metaspace: 50266K(50624K)->50266K(50624K) NonClass: 44298K(44480K)->44298K(44480K) Class: 5968K(6144K)->5968K(6144K)
[2022-03-28T16:35:51.420+0800][766.162s] GC(74) Pause Young (Normal) (G1 Preventive Collection) 505M->503M(512M) 1.082ms
[2022-03-28T16:35:51.420+0800][766.162s] GC(74) User=0.00s Sys=0.00s Real=0.00s
[2022-03-28T16:35:51.457+0800][766.199s] GC(75) Pause Young (Normal) (G1 Preventive Collection)
[2022-03-28T16:35:51.457+0800][766.199s] GC(75) Using 8 workers of 8 for evacuation
[2022-03-28T16:35:51.458+0800][766.200s] GC(75)   Pre Evacuate Collection Set: 0.1ms
[2022-03-28T16:35:51.459+0800][766.200s] GC(75)   Merge Heap Roots: 0.0ms
[2022-03-28T16:35:51.459+0800][766.200s] GC(75)   Evacuate Collection Set: 0.5ms
[2022-03-28T16:35:51.459+0800][766.200s] GC(75)   Post Evacuate Collection Set: 0.9ms
[2022-03-28T16:35:51.459+0800][766.200s] GC(75)   Other: 0.2ms
[2022-03-28T16:35:51.459+0800][766.200s] GC(75) Eden regions: 2->0(24)
[2022-03-28T16:35:51.459+0800][766.200s] GC(75) Survivor regions: 1->1(1)
[2022-03-28T16:35:51.459+0800][766.200s] GC(75) Old regions: 471->471
[2022-03-28T16:35:51.459+0800][766.200s] GC(75) Archive regions: 0->0
[2022-03-28T16:35:51.459+0800][766.200s] GC(75) Humongous regions: 37->37
[2022-03-28T16:35:51.459+0800][766.201s] GC(75) Metaspace: 50266K(50624K)->50266K(50624K) NonClass: 44298K(44480K)->44298K(44480K) Class: 5968K(6144K)->5968K(6144K)
[2022-03-28T16:35:51.459+0800][766.201s] GC(75) Pause Young (Normal) (G1 Preventive Collection) 505M->503M(512M) 1.942ms
[2022-03-28T16:35:51.459+0800][766.201s] GC(75) User=0.00s Sys=0.00s Real=0.00s
[2022-03-28T16:35:51.491+0800][766.233s] GC(76) Pause Young (Normal) (G1 Preventive Collection)
[2022-03-28T16:35:51.491+0800][766.233s] GC(76) Using 8 workers of 8 for evacuation
[2022-03-28T16:35:51.493+0800][766.234s] GC(76)   Pre Evacuate Collection Set: 0.1ms
[2022-03-28T16:35:51.493+0800][766.234s] GC(76)   Merge Heap Roots: 0.1ms
[2022-03-28T16:35:51.493+0800][766.234s] GC(76)   Evacuate Collection Set: 0.7ms
[2022-03-28T16:35:51.493+0800][766.234s] GC(76)   Post Evacuate Collection Set: 0.3ms
[2022-03-28T16:35:51.493+0800][766.234s] GC(76)   Other: 0.3ms
[2022-03-28T16:35:51.493+0800][766.234s] GC(76) Eden regions: 2->0(24)
[2022-03-28T16:35:51.493+0800][766.234s] GC(76) Survivor regions: 1->1(1)
[2022-03-28T16:35:51.493+0800][766.234s] GC(76) Old regions: 471->471
[2022-03-28T16:35:51.493+0800][766.234s] GC(76) Archive regions: 0->0
[2022-03-28T16:35:51.493+0800][766.234s] GC(76) Humongous regions: 37->37
[2022-03-28T16:35:51.493+0800][766.234s] GC(76) Metaspace: 50266K(50624K)->50266K(50624K) NonClass: 44298K(44480K)->44298K(44480K) Class: 5968K(6144K)->5968K(6144K)
[2022-03-28T16:35:51.493+0800][766.234s] GC(76) Pause Young (Normal) (G1 Preventive Collection) 505M->503M(512M) 1.584ms
[2022-03-28T16:35:51.493+0800][766.234s] GC(76) User=0.00s Sys=0.00s Real=0.00s
[2022-03-28T16:35:51.517+0800][766.259s] GC(77) Pause Young (Normal) (G1 Preventive Collection)
[2022-03-28T16:35:51.517+0800][766.259s] GC(77) Using 8 workers of 8 for evacuation
[2022-03-28T16:35:51.519+0800][766.260s] GC(77)   Pre Evacuate Collection Set: 0.1ms
[2022-03-28T16:35:51.519+0800][766.261s] GC(77)   Merge Heap Roots: 0.0ms
[2022-03-28T16:35:51.519+0800][766.261s] GC(77)   Evacuate Collection Set: 0.5ms
[2022-03-28T16:35:51.519+0800][766.261s] GC(77)   Post Evacuate Collection Set: 0.3ms
[2022-03-28T16:35:51.519+0800][766.261s] GC(77)   Other: 0.2ms
[2022-03-28T16:35:51.519+0800][766.261s] GC(77) Eden regions: 2->0(24)
[2022-03-28T16:35:51.519+0800][766.261s] GC(77) Survivor regions: 1->1(1)
[2022-03-28T16:35:51.519+0800][766.261s] GC(77) Old regions: 471->471
[2022-03-28T16:35:51.519+0800][766.261s] GC(77) Archive regions: 0->0
[2022-03-28T16:35:51.519+0800][766.261s] GC(77) Humongous regions: 37->37
[2022-03-28T16:35:51.519+0800][766.261s] GC(77) Metaspace: 50266K(50624K)->50266K(50624K) NonClass: 44298K(44480K)->44298K(44480K) Class: 5968K(6144K)->5968K(6144K)
[2022-03-28T16:35:51.519+0800][766.261s] GC(77) Pause Young (Normal) (G1 Preventive Collection) 505M->503M(512M) 1.390ms
[2022-03-28T16:35:51.519+0800][766.261s] GC(77) User=0.00s Sys=0.00s Real=0.00s
[2022-03-28T16:35:51.553+0800][766.294s] GC(78) Pause Young (Normal) (G1 Preventive Collection)
[2022-03-28T16:35:51.553+0800][766.294s] GC(78) Using 8 workers of 8 for evacuation
[2022-03-28T16:35:51.553+0800][766.295s] GC(78)   Pre Evacuate Collection Set: 0.1ms
[2022-03-28T16:35:51.553+0800][766.295s] GC(78)   Merge Heap Roots: 0.0ms
[2022-03-28T16:35:51.553+0800][766.295s] GC(78)   Evacuate Collection Set: 0.4ms
[2022-03-28T16:35:51.553+0800][766.295s] GC(78)   Post Evacuate Collection Set: 0.2ms
[2022-03-28T16:35:51.553+0800][766.295s] GC(78)   Other: 0.2ms
[2022-03-28T16:35:51.553+0800][766.295s] GC(78) Eden regions: 2->0(24)
[2022-03-28T16:35:51.553+0800][766.295s] GC(78) Survivor regions: 1->1(1)
[2022-03-28T16:35:51.553+0800][766.295s] GC(78) Old regions: 471->471
[2022-03-28T16:35:51.553+0800][766.295s] GC(78) Archive regions: 0->0
[2022-03-28T16:35:51.553+0800][766.295s] GC(78) Humongous regions: 37->37
[2022-03-28T16:35:51.553+0800][766.295s] GC(78) Metaspace: 50266K(50624K)->50266K(50624K) NonClass: 44298K(44480K)->44298K(44480K) Class: 5968K(6144K)->5968K(6144K)
[2022-03-28T16:35:51.553+0800][766.296s] GC(78) Pause Young (Normal) (G1 Preventive Collection) 505M->503M(512M) 1.097ms
[2022-03-28T16:35:51.553+0800][766.296s] GC(78) User=0.00s Sys=0.00s Real=0.00s
[2022-03-28T16:35:51.580+0800][766.321s] GC(79) Pause Young (Normal) (G1 Preventive Collection)
[2022-03-28T16:35:51.580+0800][766.322s] GC(79) Using 8 workers of 8 for evacuation
[2022-03-28T16:35:51.581+0800][766.323s] GC(79)   Pre Evacuate Collection Set: 0.1ms
[2022-03-28T16:35:51.581+0800][766.323s] GC(79)   Merge Heap Roots: 0.1ms
[2022-03-28T16:35:51.581+0800][766.323s] GC(79)   Evacuate Collection Set: 0.6ms
[2022-03-28T16:35:51.581+0800][766.323s] GC(79)   Post Evacuate Collection Set: 0.2ms
[2022-03-28T16:35:51.581+0800][766.323s] GC(79)   Other: 0.2ms
[2022-03-28T16:35:51.581+0800][766.323s] GC(79) Eden regions: 2->0(24)
[2022-03-28T16:35:51.581+0800][766.323s] GC(79) Survivor regions: 1->1(1)
[2022-03-28T16:35:51.581+0800][766.323s] GC(79) Old regions: 471->471
[2022-03-28T16:35:51.581+0800][766.323s] GC(79) Archive regions: 0->0
[2022-03-28T16:35:51.581+0800][766.323s] GC(79) Humongous regions: 37->37
[2022-03-28T16:35:51.581+0800][766.323s] GC(79) Metaspace: 50266K(50624K)->50266K(50624K) NonClass: 44298K(44480K)->44298K(44480K) Class: 5968K(6144K)->5968K(6144K)
[2022-03-28T16:35:51.581+0800][766.323s] GC(79) Pause Young (Normal) (G1 Preventive Collection) 505M->503M(512M) 1.393ms
[2022-03-28T16:35:51.581+0800][766.323s] GC(79) User=0.00s Sys=0.00s Real=0.00s
[2022-03-28T16:35:51.615+0800][766.357s] GC(80) Pause Young (Normal) (G1 Preventive Collection)
[2022-03-28T16:35:51.615+0800][766.357s] GC(80) Using 8 workers of 8 for evacuation
[2022-03-28T16:35:51.616+0800][766.358s] GC(80) To-space exhausted
[2022-03-28T16:35:51.616+0800][766.358s] GC(80)   Pre Evacuate Collection Set: 0.1ms
[2022-03-28T16:35:51.616+0800][766.358s] GC(80)   Merge Heap Roots: 0.0ms
[2022-03-28T16:35:51.616+0800][766.358s] GC(80)   Evacuate Collection Set: 0.6ms
[2022-03-28T16:35:51.616+0800][766.358s] GC(80)   Post Evacuate Collection Set: 0.7ms
[2022-03-28T16:35:51.616+0800][766.358s] GC(80)   Other: 0.2ms
[2022-03-28T16:35:51.616+0800][766.358s] GC(80) Eden regions: 2->0(24)
[2022-03-28T16:35:51.616+0800][766.358s] GC(80) Survivor regions: 1->1(1)
[2022-03-28T16:35:51.616+0800][766.358s] GC(80) Old regions: 471->472
[2022-03-28T16:35:51.616+0800][766.358s] GC(80) Archive regions: 0->0
[2022-03-28T16:35:51.616+0800][766.358s] GC(80) Humongous regions: 37->37
[2022-03-28T16:35:51.616+0800][766.358s] GC(80) Metaspace: 50266K(50624K)->50266K(50624K) NonClass: 44298K(44480K)->44298K(44480K) Class: 5968K(6144K)->5968K(6144K)
[2022-03-28T16:35:51.616+0800][766.358s] GC(80) Pause Young (Normal) (G1 Preventive Collection) 505M->504M(512M) 1.657ms
[2022-03-28T16:35:51.616+0800][766.358s] GC(80) User=0.00s Sys=0.00s Real=0.00s
[2022-03-28T16:35:51.631+0800][766.373s] GC(81) Pause Young (Normal) (G1 Preventive Collection)
[2022-03-28T16:35:51.631+0800][766.373s] GC(81) Using 8 workers of 8 for evacuation
[2022-03-28T16:35:51.632+0800][766.374s] GC(81)   Pre Evacuate Collection Set: 0.1ms
[2022-03-28T16:35:51.632+0800][766.374s] GC(81)   Merge Heap Roots: 0.0ms
[2022-03-28T16:35:51.632+0800][766.374s] GC(81)   Evacuate Collection Set: 0.5ms
[2022-03-28T16:35:51.632+0800][766.374s] GC(81)   Post Evacuate Collection Set: 0.3ms
[2022-03-28T16:35:51.632+0800][766.374s] GC(81)   Other: 0.2ms
[2022-03-28T16:35:51.632+0800][766.374s] GC(81) Eden regions: 1->0(24)
[2022-03-28T16:35:51.632+0800][766.374s] GC(81) Survivor regions: 1->1(1)
[2022-03-28T16:35:51.632+0800][766.374s] GC(81) Old regions: 472->472
[2022-03-28T16:35:51.632+0800][766.374s] GC(81) Archive regions: 0->0
[2022-03-28T16:35:51.632+0800][766.374s] GC(81) Humongous regions: 37->37
[2022-03-28T16:35:51.632+0800][766.374s] GC(81) Metaspace: 50266K(50624K)->50266K(50624K) NonClass: 44298K(44480K)->44298K(44480K) Class: 5968K(6144K)->5968K(6144K)
[2022-03-28T16:35:51.632+0800][766.374s] GC(81) Pause Young (Normal) (G1 Preventive Collection) 505M->504M(512M) 1.339ms
[2022-03-28T16:35:51.632+0800][766.374s] GC(81) User=0.00s Sys=0.00s Real=0.00s
[2022-03-28T16:35:51.645+0800][766.387s] GC(82) Pause Young (Normal) (G1 Preventive Collection)
[2022-03-28T16:35:51.645+0800][766.387s] GC(82) Using 8 workers of 8 for evacuation
[2022-03-28T16:35:51.646+0800][766.388s] GC(82) To-space exhausted
[2022-03-28T16:35:51.646+0800][766.388s] GC(82)   Pre Evacuate Collection Set: 0.1ms
[2022-03-28T16:35:51.646+0800][766.388s] GC(82)   Merge Heap Roots: 0.0ms
[2022-03-28T16:35:51.646+0800][766.388s] GC(82)   Evacuate Collection Set: 0.4ms
[2022-03-28T16:35:51.646+0800][766.388s] GC(82)   Post Evacuate Collection Set: 0.6ms
[2022-03-28T16:35:51.646+0800][766.388s] GC(82)   Other: 0.3ms
[2022-03-28T16:35:51.646+0800][766.388s] GC(82) Eden regions: 1->0(24)
[2022-03-28T16:35:51.646+0800][766.388s] GC(82) Survivor regions: 1->1(1)
[2022-03-28T16:35:51.646+0800][766.388s] GC(82) Old regions: 472->473
[2022-03-28T16:35:51.646+0800][766.388s] GC(82) Archive regions: 0->0
[2022-03-28T16:35:51.646+0800][766.388s] GC(82) Humongous regions: 37->37
[2022-03-28T16:35:51.646+0800][766.388s] GC(82) Metaspace: 50266K(50624K)->50266K(50624K) NonClass: 44298K(44480K)->44298K(44480K) Class: 5968K(6144K)->5968K(6144K)
[2022-03-28T16:35:51.646+0800][766.388s] GC(82) Pause Young (Normal) (G1 Preventive Collection) 505M->505M(512M) 1.800ms
[2022-03-28T16:35:51.646+0800][766.388s] GC(82) User=0.00s Sys=0.00s Real=0.00s
[2022-03-28T16:35:51.664+0800][766.406s] GC(83) Pause Young (Normal) (G1 Evacuation Pause)
[2022-03-28T16:35:51.664+0800][766.406s] GC(83) Using 8 workers of 8 for evacuation
[2022-03-28T16:35:51.667+0800][766.409s] GC(83) To-space exhausted
[2022-03-28T16:35:51.667+0800][766.409s] GC(83)   Pre Evacuate Collection Set: 0.1ms
[2022-03-28T16:35:51.667+0800][766.409s] GC(83)   Merge Heap Roots: 0.0ms
[2022-03-28T16:35:51.667+0800][766.409s] GC(83)   Evacuate Collection Set: 0.7ms
[2022-03-28T16:35:51.667+0800][766.409s] GC(83)   Post Evacuate Collection Set: 1.4ms
[2022-03-28T16:35:51.667+0800][766.409s] GC(83)   Other: 0.3ms
[2022-03-28T16:35:51.667+0800][766.409s] GC(83) Eden regions: 1->0(25)
[2022-03-28T16:35:51.667+0800][766.409s] GC(83) Survivor regions: 1->0(0)
[2022-03-28T16:35:51.667+0800][766.409s] GC(83) Old regions: 473->475
[2022-03-28T16:35:51.667+0800][766.409s] GC(83) Archive regions: 0->0
[2022-03-28T16:35:51.667+0800][766.409s] GC(83) Humongous regions: 37->37
[2022-03-28T16:35:51.667+0800][766.409s] GC(83) Metaspace: 50266K(50624K)->50266K(50624K) NonClass: 44298K(44480K)->44298K(44480K) Class: 5968K(6144K)->5968K(6144K)
[2022-03-28T16:35:51.667+0800][766.409s] GC(83) Pause Young (Normal) (G1 Evacuation Pause) 506M->506M(512M) 2.847ms
[2022-03-28T16:35:51.667+0800][766.409s] GC(83) User=0.12s Sys=0.00s Real=0.00s
[2022-03-28T16:35:51.667+0800][766.409s] Attempting full compaction
[2022-03-28T16:35:51.667+0800][766.409s] GC(84) Using 8 workers of 8 for full compaction
[2022-03-28T16:35:51.667+0800][766.410s] GC(84) Pause Full (G1 Compaction Pause)
[2022-03-28T16:35:51.668+0800][766.410s] GC(84) Phase 1: Mark live objects
[2022-03-28T16:35:51.934+0800][766.676s] GC(84) Phase 1: Mark live objects 265.962ms
[2022-03-28T16:35:51.934+0800][766.676s] GC(84) Phase 2: Prepare for compaction
[2022-03-28T16:35:51.936+0800][766.678s] GC(84) Phase 2: Prepare for compaction 1.348ms
[2022-03-28T16:35:51.936+0800][766.678s] GC(84) Phase 3: Adjust pointers
[2022-03-28T16:35:51.994+0800][766.736s] GC(84) Phase 3: Adjust pointers 58.514ms
[2022-03-28T16:35:51.994+0800][766.736s] GC(84) Phase 4: Compact heap
[2022-03-28T16:35:51.995+0800][766.737s] GC(84) Phase 4: Compact heap 0.750ms
[2022-03-28T16:35:52.001+0800][766.743s] GC(84) Eden regions: 0->0(25)
[2022-03-28T16:35:52.001+0800][766.743s] GC(84) Survivor regions: 0->0(0)
[2022-03-28T16:35:52.001+0800][766.743s] GC(84) Old regions: 475->467
[2022-03-28T16:35:52.001+0800][766.743s] GC(84) Archive regions: 0->0
[2022-03-28T16:35:52.001+0800][766.743s] GC(84) Humongous regions: 37->29
[2022-03-28T16:35:52.001+0800][766.744s] GC(84) Metaspace: 50266K(50624K)->50266K(50624K) NonClass: 44298K(44480K)->44298K(44480K) Class: 5968K(6144K)->5968K(6144K)
[2022-03-28T16:35:52.001+0800][766.744s] GC(84) Pause Full (G1 Compaction Pause) 506M->492M(512M) 333.818ms
[2022-03-28T16:35:52.001+0800][766.744s] GC(84) User=2.17s Sys=0.00s Real=0.33s
[2022-03-28T16:35:52.002+0800][766.744s] GC(65) Concurrent Mark From Roots 860.673ms
[2022-03-28T16:35:52.002+0800][766.744s] GC(65) Concurrent Mark Abort
[2022-03-28T16:35:52.002+0800][766.744s] GC(65) Concurrent Mark Cycle 862.836ms
[2022-03-28T16:35:52.124+0800][766.865s] GC(85) Pause Young (Normal) (G1 Preventive Collection)
[2022-03-28T16:35:52.124+0800][766.865s] GC(85) Using 8 workers of 8 for evacuation
[2022-03-28T16:35:52.125+0800][766.866s] GC(85)   Pre Evacuate Collection Set: 0.1ms
[2022-03-28T16:35:52.125+0800][766.866s] GC(85)   Merge Heap Roots: 0.0ms
[2022-03-28T16:35:52.125+0800][766.866s] GC(85)   Evacuate Collection Set: 0.6ms
[2022-03-28T16:35:52.125+0800][766.867s] GC(85)   Post Evacuate Collection Set: 0.4ms
[2022-03-28T16:35:52.125+0800][766.867s] GC(85)   Other: 0.1ms
[2022-03-28T16:35:52.125+0800][766.867s] GC(85) Eden regions: 10->0(24)
[2022-03-28T16:35:52.125+0800][766.867s] GC(85) Survivor regions: 0->1(4)
[2022-03-28T16:35:52.125+0800][766.867s] GC(85) Old regions: 467->467
[2022-03-28T16:35:52.125+0800][766.867s] GC(85) Archive regions: 0->0
[2022-03-28T16:35:52.125+0800][766.867s] GC(85) Humongous regions: 29->29
[2022-03-28T16:35:52.125+0800][766.867s] GC(85) Metaspace: 50266K(50624K)->50266K(50624K) NonClass: 44298K(44480K)->44298K(44480K) Class: 5968K(6144K)->5968K(6144K)
[2022-03-28T16:35:52.125+0800][766.867s] GC(85) Pause Young (Normal) (G1 Preventive Collection) 502M->493M(512M) 1.455ms
[2022-03-28T16:35:52.125+0800][766.867s] GC(85) User=0.00s Sys=0.00s Real=0.00s
[2022-03-28T16:35:52.249+0800][766.991s] GC(86) Pause Young (Concurrent Start) (G1 Preventive Collection)
[2022-03-28T16:35:52.249+0800][766.991s] GC(86) Using 8 workers of 8 for evacuation
[2022-03-28T16:35:52.250+0800][766.992s] GC(86)   Pre Evacuate Collection Set: 0.1ms
[2022-03-28T16:35:52.250+0800][766.992s] GC(86)   Merge Heap Roots: 0.0ms
[2022-03-28T16:35:52.250+0800][766.992s] GC(86)   Evacuate Collection Set: 0.5ms
[2022-03-28T16:35:52.250+0800][766.992s] GC(86)   Post Evacuate Collection Set: 0.2ms
[2022-03-28T16:35:52.250+0800][766.992s] GC(86)   Other: 0.3ms
[2022-03-28T16:35:52.250+0800][766.992s] GC(86) Eden regions: 10->0(24)
[2022-03-28T16:35:52.250+0800][766.992s] GC(86) Survivor regions: 1->1(4)
[2022-03-28T16:35:52.250+0800][766.992s] GC(86) Old regions: 467->467
[2022-03-28T16:35:52.250+0800][766.992s] GC(86) Archive regions: 0->0
[2022-03-28T16:35:52.250+0800][766.992s] GC(86) Humongous regions: 29->29
[2022-03-28T16:35:52.250+0800][766.992s] GC(86) Metaspace: 50266K(50624K)->50266K(50624K) NonClass: 44298K(44480K)->44298K(44480K) Class: 5968K(6144K)->5968K(6144K)
[2022-03-28T16:35:52.250+0800][766.992s] GC(86) Pause Young (Concurrent Start) (G1 Preventive Collection) 503M->493M(512M) 1.338ms
[2022-03-28T16:35:52.250+0800][766.992s] GC(86) User=0.00s Sys=0.00s Real=0.00s
[2022-03-28T16:35:52.251+0800][766.992s] GC(87) Concurrent Mark Cycle
[2022-03-28T16:35:52.251+0800][766.992s] GC(87) Concurrent Clear Claimed Marks
[2022-03-28T16:35:52.251+0800][766.992s] GC(87) Concurrent Clear Claimed Marks 0.016ms
[2022-03-28T16:35:52.251+0800][766.992s] GC(87) Concurrent Scan Root Regions
[2022-03-28T16:35:52.251+0800][766.993s] GC(87) Concurrent Scan Root Regions 0.853ms
[2022-03-28T16:35:52.251+0800][766.993s] GC(87) Concurrent Mark
[2022-03-28T16:35:52.251+0800][766.993s] GC(87) Concurrent Mark From Roots
[2022-03-28T16:35:52.251+0800][766.993s] GC(87) Using 2 workers of 2 for marking
[2022-03-28T16:35:52.412+0800][767.155s] GC(88) Pause Young (Normal) (G1 Preventive Collection)
[2022-03-28T16:35:52.412+0800][767.155s] GC(88) Using 8 workers of 8 for evacuation
[2022-03-28T16:35:52.415+0800][767.156s] GC(88)   Pre Evacuate Collection Set: 0.1ms
[2022-03-28T16:35:52.415+0800][767.156s] GC(88)   Merge Heap Roots: 0.1ms
[2022-03-28T16:35:52.415+0800][767.156s] GC(88)   Evacuate Collection Set: 0.9ms
[2022-03-28T16:35:52.415+0800][767.156s] GC(88)   Post Evacuate Collection Set: 0.3ms
[2022-03-28T16:35:52.415+0800][767.156s] GC(88)   Other: 0.2ms
[2022-03-28T16:35:52.415+0800][767.156s] GC(88) Eden regions: 10->0(24)
[2022-03-28T16:35:52.415+0800][767.156s] GC(88) Survivor regions: 1->1(4)
[2022-03-28T16:35:52.415+0800][767.156s] GC(88) Old regions: 467->467
[2022-03-28T16:35:52.415+0800][767.156s] GC(88) Archive regions: 0->0
[2022-03-28T16:35:52.415+0800][767.156s] GC(88) Humongous regions: 29->29
[2022-03-28T16:35:52.415+0800][767.156s] GC(88) Metaspace: 50266K(50624K)->50266K(50624K) NonClass: 44298K(44480K)->44298K(44480K) Class: 5968K(6144K)->5968K(6144K)
[2022-03-28T16:35:52.415+0800][767.156s] GC(88) Pause Young (Normal) (G1 Preventive Collection) 503M->493M(512M) 1.624ms
[2022-03-28T16:35:52.415+0800][767.157s] GC(88) User=0.00s Sys=0.00s Real=0.00s
[2022-03-28T16:35:52.589+0800][767.331s] GC(89) Pause Young (Normal) (G1 Preventive Collection)
[2022-03-28T16:35:52.589+0800][767.331s] GC(89) Using 8 workers of 8 for evacuation
[2022-03-28T16:35:52.590+0800][767.332s] GC(89)   Pre Evacuate Collection Set: 0.0ms
[2022-03-28T16:35:52.590+0800][767.332s] GC(89)   Merge Heap Roots: 0.0ms
[2022-03-28T16:35:52.590+0800][767.332s] GC(89)   Evacuate Collection Set: 0.4ms
[2022-03-28T16:35:52.590+0800][767.332s] GC(89)   Post Evacuate Collection Set: 0.2ms
[2022-03-28T16:35:52.590+0800][767.332s] GC(89)   Other: 0.1ms
[2022-03-28T16:35:52.590+0800][767.332s] GC(89) Eden regions: 11->0(24)
[2022-03-28T16:35:52.590+0800][767.332s] GC(89) Survivor regions: 1->1(4)
[2022-03-28T16:35:52.590+0800][767.332s] GC(89) Old regions: 467->467
[2022-03-28T16:35:52.590+0800][767.332s] GC(89) Archive regions: 0->0
[2022-03-28T16:35:52.590+0800][767.332s] GC(89) Humongous regions: 29->29
[2022-03-28T16:35:52.590+0800][767.332s] GC(89) Metaspace: 50266K(50624K)->50266K(50624K) NonClass: 44298K(44480K)->44298K(44480K) Class: 5968K(6144K)->5968K(6144K)
[2022-03-28T16:35:52.590+0800][767.332s] GC(89) Pause Young (Normal) (G1 Preventive Collection) 504M->493M(512M) 1.022ms
[2022-03-28T16:35:52.590+0800][767.332s] GC(89) User=0.00s Sys=0.00s Real=0.00s
[2022-03-28T16:35:52.769+0800][767.511s] GC(90) Pause Young (Normal) (G1 Preventive Collection)
[2022-03-28T16:35:52.769+0800][767.511s] GC(90) Using 8 workers of 8 for evacuation
[2022-03-28T16:35:52.769+0800][767.512s] GC(90)   Pre Evacuate Collection Set: 0.1ms
[2022-03-28T16:35:52.769+0800][767.512s] GC(90)   Merge Heap Roots: 0.0ms
[2022-03-28T16:35:52.769+0800][767.512s] GC(90)   Evacuate Collection Set: 0.6ms
[2022-03-28T16:35:52.769+0800][767.512s] GC(90)   Post Evacuate Collection Set: 0.3ms
[2022-03-28T16:35:52.769+0800][767.512s] GC(90)   Other: 0.2ms
[2022-03-28T16:35:52.769+0800][767.512s] GC(90) Eden regions: 11->0(24)
[2022-03-28T16:35:52.769+0800][767.512s] GC(90) Survivor regions: 1->1(4)
[2022-03-28T16:35:52.769+0800][767.512s] GC(90) Old regions: 467->467
[2022-03-28T16:35:52.769+0800][767.512s] GC(90) Archive regions: 0->0
[2022-03-28T16:35:52.769+0800][767.512s] GC(90) Humongous regions: 29->29
[2022-03-28T16:35:52.769+0800][767.512s] GC(90) Metaspace: 50266K(50624K)->50266K(50624K) NonClass: 44298K(44480K)->44298K(44480K) Class: 5968K(6144K)->5968K(6144K)
[2022-03-28T16:35:52.769+0800][767.512s] GC(90) Pause Young (Normal) (G1 Preventive Collection) 504M->493M(512M) 1.438ms
[2022-03-28T16:35:52.769+0800][767.512s] GC(90) User=0.00s Sys=0.00s Real=0.00s
[2022-03-28T16:35:52.978+0800][767.720s] GC(91) Pause Young (Normal) (G1 Preventive Collection)
[2022-03-28T16:35:52.978+0800][767.720s] GC(91) Using 8 workers of 8 for evacuation
[2022-03-28T16:35:52.979+0800][767.721s] GC(91)   Pre Evacuate Collection Set: 0.1ms
[2022-03-28T16:35:52.979+0800][767.721s] GC(91)   Merge Heap Roots: 0.0ms
[2022-03-28T16:35:52.979+0800][767.721s] GC(91)   Evacuate Collection Set: 0.6ms
[2022-03-28T16:35:52.979+0800][767.721s] GC(91)   Post Evacuate Collection Set: 0.3ms
[2022-03-28T16:35:52.980+0800][767.721s] GC(91)   Other: 0.2ms
[2022-03-28T16:35:52.980+0800][767.721s] GC(91) Eden regions: 12->0(24)
[2022-03-28T16:35:52.980+0800][767.721s] GC(91) Survivor regions: 1->1(3)
[2022-03-28T16:35:52.980+0800][767.721s] GC(91) Old regions: 467->467
[2022-03-28T16:35:52.980+0800][767.721s] GC(91) Archive regions: 0->0
[2022-03-28T16:35:52.980+0800][767.721s] GC(91) Humongous regions: 29->29
[2022-03-28T16:35:52.980+0800][767.721s] GC(91) Metaspace: 50266K(50624K)->50266K(50624K) NonClass: 44298K(44480K)->44298K(44480K) Class: 5968K(6144K)->5968K(6144K)
[2022-03-28T16:35:52.980+0800][767.721s] GC(91) Pause Young (Normal) (G1 Preventive Collection) 505M->493M(512M) 1.363ms
[2022-03-28T16:35:52.980+0800][767.721s] GC(91) User=0.00s Sys=0.00s Real=0.00s
[2022-03-28T16:35:53.031+0800][767.774s] GC(87) Concurrent Mark From Roots 780.464ms
[2022-03-28T16:35:53.031+0800][767.774s] GC(87) Concurrent Preclean
[2022-03-28T16:35:53.032+0800][767.774s] GC(87) Concurrent Preclean 0.428ms
[2022-03-28T16:35:53.032+0800][767.774s] GC(87) Pause Remark
[2022-03-28T16:35:53.035+0800][767.777s] GC(87) Pause Remark 497M->497M(512M) 2.472ms
[2022-03-28T16:35:53.035+0800][767.777s] GC(87) User=0.00s Sys=0.00s Real=0.00s
[2022-03-28T16:35:53.035+0800][767.777s] GC(87) Concurrent Mark 783.848ms
[2022-03-28T16:35:53.035+0800][767.777s] GC(87) Concurrent Rebuild Remembered Sets
[2022-03-28T16:35:53.194+0800][767.936s] GC(92) Pause Young (Normal) (G1 Preventive Collection)
[2022-03-28T16:35:53.194+0800][767.936s] GC(92) Using 8 workers of 8 for evacuation
[2022-03-28T16:35:53.195+0800][767.937s] GC(92)   Pre Evacuate Collection Set: 0.1ms
[2022-03-28T16:35:53.195+0800][767.937s] GC(92)   Merge Heap Roots: 0.0ms
[2022-03-28T16:35:53.195+0800][767.937s] GC(92)   Evacuate Collection Set: 0.6ms
[2022-03-28T16:35:53.195+0800][767.937s] GC(92)   Post Evacuate Collection Set: 0.2ms
[2022-03-28T16:35:53.195+0800][767.937s] GC(92)   Other: 0.1ms
[2022-03-28T16:35:53.195+0800][767.937s] GC(92) Eden regions: 13->0(24)
[2022-03-28T16:35:53.195+0800][767.937s] GC(92) Survivor regions: 1->1(3)
[2022-03-28T16:35:53.195+0800][767.937s] GC(92) Old regions: 466->466
[2022-03-28T16:35:53.195+0800][767.937s] GC(92) Archive regions: 0->0
[2022-03-28T16:35:53.195+0800][767.937s] GC(92) Humongous regions: 29->29
[2022-03-28T16:35:53.195+0800][767.937s] GC(92) Metaspace: 50266K(50624K)->50266K(50624K) NonClass: 44298K(44480K)->44298K(44480K) Class: 5968K(6144K)->5968K(6144K)
[2022-03-28T16:35:53.195+0800][767.937s] GC(92) Pause Young (Normal) (G1 Preventive Collection) 506M->493M(512M) 1.193ms
[2022-03-28T16:35:53.195+0800][767.937s] GC(92) User=0.00s Sys=0.00s Real=0.00s
[2022-03-28T16:35:53.399+0800][768.141s] GC(93) Pause Young (Normal) (G1 Preventive Collection)
[2022-03-28T16:35:53.399+0800][768.141s] GC(93) Using 8 workers of 8 for evacuation
[2022-03-28T16:35:53.400+0800][768.142s] GC(93)   Pre Evacuate Collection Set: 0.1ms
[2022-03-28T16:35:53.400+0800][768.142s] GC(93)   Merge Heap Roots: 0.0ms
[2022-03-28T16:35:53.400+0800][768.142s] GC(93)   Evacuate Collection Set: 0.6ms
[2022-03-28T16:35:53.400+0800][768.142s] GC(93)   Post Evacuate Collection Set: 0.3ms
[2022-03-28T16:35:53.400+0800][768.142s] GC(93)   Other: 0.3ms
[2022-03-28T16:35:53.400+0800][768.142s] GC(93) Eden regions: 13->0(24)
[2022-03-28T16:35:53.400+0800][768.142s] GC(93) Survivor regions: 1->1(3)
[2022-03-28T16:35:53.400+0800][768.142s] GC(93) Old regions: 466->466
[2022-03-28T16:35:53.400+0800][768.142s] GC(93) Archive regions: 0->0
[2022-03-28T16:35:53.400+0800][768.142s] GC(93) Humongous regions: 29->29
[2022-03-28T16:35:53.400+0800][768.142s] GC(93) Metaspace: 50266K(50624K)->50266K(50624K) NonClass: 44298K(44480K)->44298K(44480K) Class: 5968K(6144K)->5968K(6144K)
[2022-03-28T16:35:53.400+0800][768.142s] GC(93) Pause Young (Normal) (G1 Preventive Collection) 506M->493M(512M) 1.486ms
[2022-03-28T16:35:53.400+0800][768.142s] GC(93) User=0.09s Sys=0.00s Real=0.00s
[2022-03-28T16:35:53.411+0800][768.153s] GC(87) Concurrent Rebuild Remembered Sets 375.877ms
[2022-03-28T16:35:53.411+0800][768.153s] GC(87) Pause Cleanup
[2022-03-28T16:35:53.412+0800][768.153s] GC(87) Pause Cleanup 494M->494M(512M) 0.255ms
[2022-03-28T16:35:53.412+0800][768.154s] GC(87) User=0.00s Sys=0.00s Real=0.00s
[2022-03-28T16:35:53.412+0800][768.154s] GC(87) Concurrent Cleanup for Next Mark
[2022-03-28T16:35:53.412+0800][768.154s] GC(87) Concurrent Cleanup for Next Mark 0.323ms
[2022-03-28T16:35:53.412+0800][768.154s] GC(87) Concurrent Mark Cycle 1161.735ms
[2022-03-28T16:35:53.589+0800][768.331s] GC(94) Pause Young (Normal) (G1 Preventive Collection)
[2022-03-28T16:35:53.589+0800][768.331s] GC(94) Using 8 workers of 8 for evacuation
[2022-03-28T16:35:53.590+0800][768.332s] GC(94)   Pre Evacuate Collection Set: 0.1ms
[2022-03-28T16:35:53.590+0800][768.332s] GC(94)   Merge Heap Roots: 0.0ms
[2022-03-28T16:35:53.590+0800][768.332s] GC(94)   Evacuate Collection Set: 0.6ms
[2022-03-28T16:35:53.590+0800][768.332s] GC(94)   Post Evacuate Collection Set: 0.3ms
[2022-03-28T16:35:53.590+0800][768.332s] GC(94)   Other: 0.2ms
[2022-03-28T16:35:53.590+0800][768.332s] GC(94) Eden regions: 13->0(24)
[2022-03-28T16:35:53.590+0800][768.332s] GC(94) Survivor regions: 1->1(3)
[2022-03-28T16:35:53.590+0800][768.332s] GC(94) Old regions: 466->466
[2022-03-28T16:35:53.590+0800][768.332s] GC(94) Archive regions: 0->0
[2022-03-28T16:35:53.590+0800][768.332s] GC(94) Humongous regions: 29->29
[2022-03-28T16:35:53.590+0800][768.332s] GC(94) Metaspace: 50266K(50624K)->50266K(50624K) NonClass: 44298K(44480K)->44298K(44480K) Class: 5968K(6144K)->5968K(6144K)
[2022-03-28T16:35:53.590+0800][768.332s] GC(94) Pause Young (Normal) (G1 Preventive Collection) 506M->493M(512M) 1.351ms
[2022-03-28T16:35:53.590+0800][768.332s] GC(94) User=0.00s Sys=0.00s Real=0.00s
[2022-03-28T16:35:53.792+0800][768.534s] GC(95) Pause Young (Concurrent Start) (G1 Preventive Collection)
[2022-03-28T16:35:53.793+0800][768.534s] GC(95) Using 8 workers of 8 for evacuation
[2022-03-28T16:35:53.794+0800][768.536s] GC(95)   Pre Evacuate Collection Set: 0.1ms
[2022-03-28T16:35:53.794+0800][768.536s] GC(95)   Merge Heap Roots: 0.1ms
[2022-03-28T16:35:53.794+0800][768.536s] GC(95)   Evacuate Collection Set: 0.8ms
[2022-03-28T16:35:53.794+0800][768.536s] GC(95)   Post Evacuate Collection Set: 0.4ms
[2022-03-28T16:35:53.794+0800][768.536s] GC(95)   Other: 0.3ms
[2022-03-28T16:35:53.794+0800][768.536s] GC(95) Eden regions: 13->0(24)
[2022-03-28T16:35:53.794+0800][768.536s] GC(95) Survivor regions: 1->1(3)
[2022-03-28T16:35:53.794+0800][768.536s] GC(95) Old regions: 466->466
[2022-03-28T16:35:53.794+0800][768.536s] GC(95) Archive regions: 0->0
[2022-03-28T16:35:53.794+0800][768.536s] GC(95) Humongous regions: 29->29
[2022-03-28T16:35:53.794+0800][768.536s] GC(95) Metaspace: 50266K(50624K)->50266K(50624K) NonClass: 44298K(44480K)->44298K(44480K) Class: 5968K(6144K)->5968K(6144K)
[2022-03-28T16:35:53.794+0800][768.536s] GC(95) Pause Young (Concurrent Start) (G1 Preventive Collection) 506M->493M(512M) 2.091ms
[2022-03-28T16:35:53.794+0800][768.536s] GC(95) User=0.00s Sys=0.00s Real=0.00s
[2022-03-28T16:35:53.794+0800][768.536s] GC(96) Concurrent Mark Cycle
[2022-03-28T16:35:53.794+0800][768.536s] GC(96) Concurrent Clear Claimed Marks
[2022-03-28T16:35:53.794+0800][768.536s] GC(96) Concurrent Clear Claimed Marks 0.029ms
[2022-03-28T16:35:53.794+0800][768.536s] GC(96) Concurrent Scan Root Regions
[2022-03-28T16:35:53.796+0800][768.539s] GC(96) Concurrent Scan Root Regions 2.177ms
[2022-03-28T16:35:53.796+0800][768.539s] GC(96) Concurrent Mark
[2022-03-28T16:35:53.796+0800][768.539s] GC(96) Concurrent Mark From Roots
[2022-03-28T16:35:53.796+0800][768.539s] GC(96) Using 2 workers of 2 for marking
[2022-03-28T16:35:54.030+0800][768.772s] GC(97) Pause Young (Normal) (G1 Preventive Collection)
[2022-03-28T16:35:54.030+0800][768.772s] GC(97) Using 8 workers of 8 for evacuation
[2022-03-28T16:35:54.031+0800][768.773s] GC(97)   Pre Evacuate Collection Set: 0.1ms
[2022-03-28T16:35:54.031+0800][768.773s] GC(97)   Merge Heap Roots: 0.0ms
[2022-03-28T16:35:54.031+0800][768.773s] GC(97)   Evacuate Collection Set: 0.6ms
[2022-03-28T16:35:54.031+0800][768.773s] GC(97)   Post Evacuate Collection Set: 0.3ms
[2022-03-28T16:35:54.031+0800][768.773s] GC(97)   Other: 0.1ms
[2022-03-28T16:35:54.031+0800][768.773s] GC(97) Eden regions: 14->0(24)
[2022-03-28T16:35:54.031+0800][768.773s] GC(97) Survivor regions: 1->1(2)
[2022-03-28T16:35:54.031+0800][768.773s] GC(97) Old regions: 466->466
[2022-03-28T16:35:54.031+0800][768.773s] GC(97) Archive regions: 0->0
[2022-03-28T16:35:54.031+0800][768.773s] GC(97) Humongous regions: 29->29
[2022-03-28T16:35:54.031+0800][768.773s] GC(97) Metaspace: 50266K(50624K)->50266K(50624K) NonClass: 44298K(44480K)->44298K(44480K) Class: 5968K(6144K)->5968K(6144K)
[2022-03-28T16:35:54.031+0800][768.773s] GC(97) Pause Young (Normal) (G1 Preventive Collection) 507M->493M(512M) 1.368ms
[2022-03-28T16:35:54.031+0800][768.773s] GC(97) User=0.00s Sys=0.00s Real=0.00s
[2022-03-28T16:35:54.281+0800][769.023s] GC(98) Pause Young (Normal) (G1 Preventive Collection)
[2022-03-28T16:35:54.281+0800][769.023s] GC(98) Using 8 workers of 8 for evacuation
[2022-03-28T16:35:54.282+0800][769.024s] GC(98)   Pre Evacuate Collection Set: 0.1ms
[2022-03-28T16:35:54.282+0800][769.024s] GC(98)   Merge Heap Roots: 0.1ms
[2022-03-28T16:35:54.282+0800][769.024s] GC(98)   Evacuate Collection Set: 0.5ms
[2022-03-28T16:35:54.282+0800][769.024s] GC(98)   Post Evacuate Collection Set: 0.2ms
[2022-03-28T16:35:54.282+0800][769.024s] GC(98)   Other: 0.2ms
[2022-03-28T16:35:54.282+0800][769.024s] GC(98) Eden regions: 14->0(24)
[2022-03-28T16:35:54.282+0800][769.024s] GC(98) Survivor regions: 1->1(2)
[2022-03-28T16:35:54.282+0800][769.024s] GC(98) Old regions: 466->466
[2022-03-28T16:35:54.282+0800][769.024s] GC(98) Archive regions: 0->0
[2022-03-28T16:35:54.282+0800][769.024s] GC(98) Humongous regions: 29->29
[2022-03-28T16:35:54.282+0800][769.024s] GC(98) Metaspace: 50266K(50624K)->50266K(50624K) NonClass: 44298K(44480K)->44298K(44480K) Class: 5968K(6144K)->5968K(6144K)
[2022-03-28T16:35:54.282+0800][769.024s] GC(98) Pause Young (Normal) (G1 Preventive Collection) 507M->493M(512M) 1.253ms
[2022-03-28T16:35:54.282+0800][769.024s] GC(98) User=0.00s Sys=0.00s Real=0.00s
[2022-03-28T16:35:54.544+0800][769.286s] GC(99) Pause Young (Normal) (G1 Preventive Collection)
[2022-03-28T16:35:54.544+0800][769.286s] GC(99) Using 8 workers of 8 for evacuation
[2022-03-28T16:35:54.545+0800][769.287s] GC(99)   Pre Evacuate Collection Set: 0.1ms
[2022-03-28T16:35:54.545+0800][769.287s] GC(99)   Merge Heap Roots: 0.0ms
[2022-03-28T16:35:54.545+0800][769.287s] GC(99)   Evacuate Collection Set: 0.4ms
[2022-03-28T16:35:54.545+0800][769.287s] GC(99)   Post Evacuate Collection Set: 0.2ms
[2022-03-28T16:35:54.545+0800][769.287s] GC(99)   Other: 0.1ms
[2022-03-28T16:35:54.545+0800][769.287s] GC(99) Eden regions: 14->0(24)
[2022-03-28T16:35:54.545+0800][769.287s] GC(99) Survivor regions: 1->1(2)
[2022-03-28T16:35:54.545+0800][769.287s] GC(99) Old regions: 466->466
[2022-03-28T16:35:54.545+0800][769.287s] GC(99) Archive regions: 0->0
[2022-03-28T16:35:54.545+0800][769.287s] GC(99) Humongous regions: 29->29
[2022-03-28T16:35:54.545+0800][769.287s] GC(99) Metaspace: 50266K(50624K)->50266K(50624K) NonClass: 44298K(44480K)->44298K(44480K) Class: 5968K(6144K)->5968K(6144K)
[2022-03-28T16:35:54.545+0800][769.287s] GC(99) Pause Young (Normal) (G1 Preventive Collection) 507M->493M(512M) 0.973ms
[2022-03-28T16:35:54.545+0800][769.287s] GC(99) User=0.00s Sys=0.00s Real=0.00s
[2022-03-28T16:35:54.556+0800][769.298s] GC(96) Concurrent Mark From Roots 759.692ms
[2022-03-28T16:35:54.556+0800][769.298s] GC(96) Concurrent Preclean
[2022-03-28T16:35:54.556+0800][769.299s] GC(96) Concurrent Preclean 0.208ms
[2022-03-28T16:35:54.556+0800][769.299s] GC(96) Pause Remark
[2022-03-28T16:35:54.560+0800][769.302s] GC(96) Pause Remark 494M->494M(512M) 3.090ms
[2022-03-28T16:35:54.560+0800][769.302s] GC(96) User=0.00s Sys=0.00s Real=0.00s
[2022-03-28T16:35:54.560+0800][769.302s] GC(96) Concurrent Mark 763.247ms
[2022-03-28T16:35:54.560+0800][769.302s] GC(96) Concurrent Rebuild Remembered Sets
[2022-03-28T16:35:54.774+0800][769.516s] GC(100) Pause Young (Normal) (G1 Preventive Collection)
[2022-03-28T16:35:54.774+0800][769.516s] GC(100) Using 8 workers of 8 for evacuation
[2022-03-28T16:35:54.775+0800][769.517s] GC(100)   Pre Evacuate Collection Set: 0.1ms
[2022-03-28T16:35:54.775+0800][769.517s] GC(100)   Merge Heap Roots: 0.0ms
[2022-03-28T16:35:54.775+0800][769.517s] GC(100)   Evacuate Collection Set: 0.8ms
[2022-03-28T16:35:54.775+0800][769.517s] GC(100)   Post Evacuate Collection Set: 0.3ms
[2022-03-28T16:35:54.775+0800][769.517s] GC(100)   Other: 0.1ms
[2022-03-28T16:35:54.775+0800][769.517s] GC(100) Eden regions: 14->0(24)
[2022-03-28T16:35:54.775+0800][769.517s] GC(100) Survivor regions: 1->1(2)
[2022-03-28T16:35:54.775+0800][769.517s] GC(100) Old regions: 466->466
[2022-03-28T16:35:54.775+0800][769.517s] GC(100) Archive regions: 0->0
[2022-03-28T16:35:54.775+0800][769.517s] GC(100) Humongous regions: 29->29
[2022-03-28T16:35:54.775+0800][769.517s] GC(100) Metaspace: 50266K(50624K)->50266K(50624K) NonClass: 44298K(44480K)->44298K(44480K) Class: 5968K(6144K)->5968K(6144K)
[2022-03-28T16:35:54.775+0800][769.517s] GC(100) Pause Young (Normal) (G1 Preventive Collection) 507M->493M(512M) 1.524ms
[2022-03-28T16:35:54.775+0800][769.517s] GC(100) User=0.06s Sys=0.00s Real=0.00s
[2022-03-28T16:35:54.910+0800][769.652s] GC(96) Concurrent Rebuild Remembered Sets 350.242ms
[2022-03-28T16:35:54.910+0800][769.652s] GC(96) Pause Cleanup
[2022-03-28T16:35:54.910+0800][769.652s] GC(96) Pause Cleanup 497M->497M(512M) 0.173ms
[2022-03-28T16:35:54.910+0800][769.653s] GC(96) User=0.00s Sys=0.00s Real=0.00s
[2022-03-28T16:35:54.910+0800][769.653s] GC(96) Concurrent Cleanup for Next Mark
[2022-03-28T16:35:54.911+0800][769.653s] GC(96) Concurrent Cleanup for Next Mark 0.447ms
[2022-03-28T16:35:54.911+0800][769.653s] GC(96) Concurrent Mark Cycle 1116.682ms
[2022-03-28T16:36:12.093+0800][786.835s] GC(101) Pause Young (Normal) (G1 Preventive Collection)
[2022-03-28T16:36:12.093+0800][786.835s] GC(101) Using 8 workers of 8 for evacuation
[2022-03-28T16:36:12.094+0800][786.836s] GC(101)   Pre Evacuate Collection Set: 0.1ms
[2022-03-28T16:36:12.094+0800][786.836s] GC(101)   Merge Heap Roots: 0.0ms
[2022-03-28T16:36:12.094+0800][786.836s] GC(101)   Evacuate Collection Set: 0.5ms
[2022-03-28T16:36:12.094+0800][786.836s] GC(101)   Post Evacuate Collection Set: 0.4ms
[2022-03-28T16:36:12.094+0800][786.836s] GC(101)   Other: 0.1ms
[2022-03-28T16:36:12.094+0800][786.836s] GC(101) Eden regions: 14->0(24)
[2022-03-28T16:36:12.094+0800][786.836s] GC(101) Survivor regions: 1->1(2)
[2022-03-28T16:36:12.094+0800][786.836s] GC(101) Old regions: 466->466
[2022-03-28T16:36:12.094+0800][786.836s] GC(101) Archive regions: 0->0
[2022-03-28T16:36:12.094+0800][786.836s] GC(101) Humongous regions: 29->29
[2022-03-28T16:36:12.094+0800][786.836s] GC(101) Metaspace: 50271K(50624K)->50271K(50624K) NonClass: 44303K(44480K)->44303K(44480K) Class: 5968K(6144K)->5968K(6144K)
[2022-03-28T16:36:12.094+0800][786.836s] GC(101) Pause Young (Normal) (G1 Preventive Collection) 507M->493M(512M) 1.273ms
[2022-03-28T16:36:12.094+0800][786.836s] GC(101) User=0.00s Sys=0.00s Real=0.00s
[2022-03-28T16:36:12.200+0800][786.942s] GC(102) Pause Young (Concurrent Start) (G1 Preventive Collection)
[2022-03-28T16:36:12.200+0800][786.942s] GC(102) Using 8 workers of 8 for evacuation
[2022-03-28T16:36:12.201+0800][786.943s] GC(102)   Pre Evacuate Collection Set: 0.1ms
[2022-03-28T16:36:12.201+0800][786.943s] GC(102)   Merge Heap Roots: 0.0ms
[2022-03-28T16:36:12.201+0800][786.943s] GC(102)   Evacuate Collection Set: 0.6ms
[2022-03-28T16:36:12.201+0800][786.943s] GC(102)   Post Evacuate Collection Set: 0.3ms
[2022-03-28T16:36:12.201+0800][786.943s] GC(102)   Other: 0.1ms
[2022-03-28T16:36:12.201+0800][786.943s] GC(102) Eden regions: 14->0(24)
[2022-03-28T16:36:12.201+0800][786.943s] GC(102) Survivor regions: 1->1(2)
[2022-03-28T16:36:12.201+0800][786.943s] GC(102) Old regions: 466->466
[2022-03-28T16:36:12.201+0800][786.943s] GC(102) Archive regions: 0->0
[2022-03-28T16:36:12.201+0800][786.943s] GC(102) Humongous regions: 29->29
[2022-03-28T16:36:12.201+0800][786.943s] GC(102) Metaspace: 50271K(50624K)->50271K(50624K) NonClass: 44303K(44480K)->44303K(44480K) Class: 5968K(6144K)->5968K(6144K)
[2022-03-28T16:36:12.201+0800][786.943s] GC(102) Pause Young (Concurrent Start) (G1 Preventive Collection) 507M->493M(512M) 1.230ms
[2022-03-28T16:36:12.201+0800][786.943s] GC(102) User=0.00s Sys=0.00s Real=0.00s
[2022-03-28T16:36:12.201+0800][786.943s] GC(103) Concurrent Mark Cycle
[2022-03-28T16:36:12.201+0800][786.943s] GC(103) Concurrent Clear Claimed Marks
[2022-03-28T16:36:12.201+0800][786.943s] GC(103) Concurrent Clear Claimed Marks 0.022ms
[2022-03-28T16:36:12.201+0800][786.943s] GC(103) Concurrent Scan Root Regions
[2022-03-28T16:36:12.202+0800][786.944s] GC(103) Concurrent Scan Root Regions 0.860ms
[2022-03-28T16:36:12.202+0800][786.944s] GC(103) Concurrent Mark
[2022-03-28T16:36:12.202+0800][786.944s] GC(103) Concurrent Mark From Roots
[2022-03-28T16:36:12.202+0800][786.944s] GC(103) Using 2 workers of 2 for marking
[2022-03-28T16:36:12.340+0800][787.082s] GC(104) Pause Young (Normal) (G1 Preventive Collection)
[2022-03-28T16:36:12.340+0800][787.082s] GC(104) Using 8 workers of 8 for evacuation
[2022-03-28T16:36:12.342+0800][787.084s] GC(104)   Pre Evacuate Collection Set: 0.1ms
[2022-03-28T16:36:12.342+0800][787.084s] GC(104)   Merge Heap Roots: 0.0ms
[2022-03-28T16:36:12.342+0800][787.084s] GC(104)   Evacuate Collection Set: 0.9ms
[2022-03-28T16:36:12.342+0800][787.084s] GC(104)   Post Evacuate Collection Set: 0.3ms
[2022-03-28T16:36:12.342+0800][787.084s] GC(104)   Other: 0.1ms
[2022-03-28T16:36:12.342+0800][787.084s] GC(104) Eden regions: 14->0(24)
[2022-03-28T16:36:12.342+0800][787.084s] GC(104) Survivor regions: 1->1(2)
[2022-03-28T16:36:12.342+0800][787.084s] GC(104) Old regions: 466->466
[2022-03-28T16:36:12.342+0800][787.084s] GC(104) Archive regions: 0->0
[2022-03-28T16:36:12.342+0800][787.084s] GC(104) Humongous regions: 29->29
[2022-03-28T16:36:12.342+0800][787.084s] GC(104) Metaspace: 50271K(50624K)->50271K(50624K) NonClass: 44303K(44480K)->44303K(44480K) Class: 5968K(6144K)->5968K(6144K)
[2022-03-28T16:36:12.342+0800][787.084s] GC(104) Pause Young (Normal) (G1 Preventive Collection) 507M->493M(512M) 1.579ms
[2022-03-28T16:36:12.342+0800][787.084s] GC(104) User=0.00s Sys=0.00s Real=0.00s
[2022-03-28T16:36:12.484+0800][787.226s] GC(105) Pause Young (Normal) (G1 Preventive Collection)
[2022-03-28T16:36:12.484+0800][787.226s] GC(105) Using 8 workers of 8 for evacuation
[2022-03-28T16:36:12.485+0800][787.227s] GC(105)   Pre Evacuate Collection Set: 0.0ms
[2022-03-28T16:36:12.485+0800][787.227s] GC(105)   Merge Heap Roots: 0.0ms
[2022-03-28T16:36:12.485+0800][787.227s] GC(105)   Evacuate Collection Set: 0.4ms
[2022-03-28T16:36:12.485+0800][787.227s] GC(105)   Post Evacuate Collection Set: 0.3ms
[2022-03-28T16:36:12.485+0800][787.227s] GC(105)   Other: 0.1ms
[2022-03-28T16:36:12.485+0800][787.227s] GC(105) Eden regions: 14->0(24)
[2022-03-28T16:36:12.485+0800][787.227s] GC(105) Survivor regions: 1->1(2)
[2022-03-28T16:36:12.485+0800][787.227s] GC(105) Old regions: 466->466
[2022-03-28T16:36:12.485+0800][787.227s] GC(105) Archive regions: 0->0
[2022-03-28T16:36:12.485+0800][787.227s] GC(105) Humongous regions: 29->29
[2022-03-28T16:36:12.485+0800][787.227s] GC(105) Metaspace: 50271K(50624K)->50271K(50624K) NonClass: 44303K(44480K)->44303K(44480K) Class: 5968K(6144K)->5968K(6144K)
[2022-03-28T16:36:12.485+0800][787.227s] GC(105) Pause Young (Normal) (G1 Preventive Collection) 507M->493M(512M) 1.041ms
[2022-03-28T16:36:12.485+0800][787.227s] GC(105) User=0.00s Sys=0.00s Real=0.00s
[2022-03-28T16:36:12.737+0800][787.479s] GC(103) Concurrent Mark From Roots 535.137ms
[2022-03-28T16:36:12.737+0800][787.480s] GC(103) Concurrent Preclean
[2022-03-28T16:36:12.737+0800][787.480s] GC(103) Concurrent Preclean 0.145ms
[2022-03-28T16:36:12.737+0800][787.480s] GC(103) Pause Remark
[2022-03-28T16:36:12.740+0800][787.483s] GC(103) Pause Remark 500M->500M(512M) 3.099ms
[2022-03-28T16:36:12.740+0800][787.483s] GC(103) User=0.00s Sys=0.00s Real=0.00s
[2022-03-28T16:36:12.740+0800][787.483s] GC(103) Concurrent Mark 538.657ms
[2022-03-28T16:36:12.740+0800][787.483s] GC(103) Concurrent Rebuild Remembered Sets
[2022-03-28T16:36:13.006+0800][787.747s] GC(103) Concurrent Rebuild Remembered Sets 264.271ms
[2022-03-28T16:36:13.006+0800][787.747s] GC(103) Pause Cleanup
[2022-03-28T16:36:13.006+0800][787.748s] GC(103) Pause Cleanup 500M->500M(512M) 0.199ms
[2022-03-28T16:36:13.006+0800][787.748s] GC(103) User=0.00s Sys=0.00s Real=0.00s
[2022-03-28T16:36:13.006+0800][787.748s] GC(103) Concurrent Cleanup for Next Mark
[2022-03-28T16:36:13.006+0800][787.748s] GC(103) Concurrent Cleanup for Next Mark 0.388ms
[2022-03-28T16:36:13.006+0800][787.748s] GC(103) Concurrent Mark Cycle 804.749ms
[2022-03-28T16:37:08.800+0800][843.542s] GC(106) Pause Young (Normal) (G1 Preventive Collection)
[2022-03-28T16:37:08.800+0800][843.542s] GC(106) Using 8 workers of 8 for evacuation
[2022-03-28T16:37:08.802+0800][843.543s] GC(106)   Pre Evacuate Collection Set: 0.1ms
[2022-03-28T16:37:08.802+0800][843.543s] GC(106)   Merge Heap Roots: 0.1ms
[2022-03-28T16:37:08.802+0800][843.543s] GC(106)   Evacuate Collection Set: 0.5ms
[2022-03-28T16:37:08.802+0800][843.543s] GC(106)   Post Evacuate Collection Set: 0.4ms
[2022-03-28T16:37:08.802+0800][843.543s] GC(106)   Other: 0.1ms
[2022-03-28T16:37:08.802+0800][843.543s] GC(106) Eden regions: 14->0(24)
[2022-03-28T16:37:08.802+0800][843.543s] GC(106) Survivor regions: 1->1(2)
[2022-03-28T16:37:08.802+0800][843.543s] GC(106) Old regions: 466->466
[2022-03-28T16:37:08.802+0800][843.543s] GC(106) Archive regions: 0->0
[2022-03-28T16:37:08.802+0800][843.543s] GC(106) Humongous regions: 29->29
[2022-03-28T16:37:08.802+0800][843.543s] GC(106) Metaspace: 50274K(50624K)->50274K(50624K) NonClass: 44306K(44480K)->44306K(44480K) Class: 5968K(6144K)->5968K(6144K)
[2022-03-28T16:37:08.802+0800][843.543s] GC(106) Pause Young (Normal) (G1 Preventive Collection) 507M->493M(512M) 1.279ms
[2022-03-28T16:37:08.802+0800][843.543s] GC(106) User=0.00s Sys=0.00s Real=0.00s
[2022-03-28T16:37:13.635+0800][848.377s] GC(107) Pause Young (Concurrent Start) (G1 Preventive Collection)
[2022-03-28T16:37:13.635+0800][848.377s] GC(107) Using 8 workers of 8 for evacuation
[2022-03-28T16:37:13.636+0800][848.378s] GC(107)   Pre Evacuate Collection Set: 0.1ms
[2022-03-28T16:37:13.636+0800][848.378s] GC(107)   Merge Heap Roots: 0.0ms
[2022-03-28T16:37:13.636+0800][848.378s] GC(107)   Evacuate Collection Set: 0.5ms
[2022-03-28T16:37:13.636+0800][848.378s] GC(107)   Post Evacuate Collection Set: 0.3ms
[2022-03-28T16:37:13.636+0800][848.378s] GC(107)   Other: 0.2ms
[2022-03-28T16:37:13.636+0800][848.378s] GC(107) Eden regions: 14->0(24)
[2022-03-28T16:37:13.636+0800][848.378s] GC(107) Survivor regions: 1->1(2)
[2022-03-28T16:37:13.636+0800][848.378s] GC(107) Old regions: 466->466
[2022-03-28T16:37:13.636+0800][848.378s] GC(107) Archive regions: 0->0
[2022-03-28T16:37:13.636+0800][848.378s] GC(107) Humongous regions: 29->29
[2022-03-28T16:37:13.636+0800][848.378s] GC(107) Metaspace: 50276K(50624K)->50276K(50624K) NonClass: 44307K(44480K)->44307K(44480K) Class: 5968K(6144K)->5968K(6144K)
[2022-03-28T16:37:13.636+0800][848.378s] GC(107) Pause Young (Concurrent Start) (G1 Preventive Collection) 507M->493M(512M) 1.234ms
[2022-03-28T16:37:13.636+0800][848.378s] GC(107) User=0.00s Sys=0.00s Real=0.00s
[2022-03-28T16:37:13.636+0800][848.378s] GC(108) Concurrent Mark Cycle
[2022-03-28T16:37:13.636+0800][848.378s] GC(108) Concurrent Clear Claimed Marks
[2022-03-28T16:37:13.636+0800][848.378s] GC(108) Concurrent Clear Claimed Marks 0.022ms
[2022-03-28T16:37:13.636+0800][848.378s] GC(108) Concurrent Scan Root Regions
[2022-03-28T16:37:13.638+0800][848.379s] GC(108) Concurrent Scan Root Regions 1.443ms
[2022-03-28T16:37:13.638+0800][848.380s] GC(108) Concurrent Mark
[2022-03-28T16:37:13.638+0800][848.380s] GC(108) Concurrent Mark From Roots
[2022-03-28T16:37:13.638+0800][848.380s] GC(108) Using 2 workers of 2 for marking
[2022-03-28T16:37:13.886+0800][848.628s] GC(109) Pause Young (Normal) (G1 Preventive Collection)
[2022-03-28T16:37:13.886+0800][848.628s] GC(109) Using 8 workers of 8 for evacuation
[2022-03-28T16:37:13.887+0800][848.629s] GC(109)   Pre Evacuate Collection Set: 0.1ms
[2022-03-28T16:37:13.887+0800][848.629s] GC(109)   Merge Heap Roots: 0.1ms
[2022-03-28T16:37:13.887+0800][848.629s] GC(109)   Evacuate Collection Set: 1.0ms
[2022-03-28T16:37:13.887+0800][848.629s] GC(109)   Post Evacuate Collection Set: 0.3ms
[2022-03-28T16:37:13.887+0800][848.629s] GC(109)   Other: 0.2ms
[2022-03-28T16:37:13.887+0800][848.630s] GC(109) Eden regions: 14->0(24)
[2022-03-28T16:37:13.888+0800][848.630s] GC(109) Survivor regions: 1->1(2)
[2022-03-28T16:37:13.888+0800][848.630s] GC(109) Old regions: 466->466
[2022-03-28T16:37:13.888+0800][848.630s] GC(109) Archive regions: 0->0
[2022-03-28T16:37:13.888+0800][848.630s] GC(109) Humongous regions: 29->29
[2022-03-28T16:37:13.888+0800][848.630s] GC(109) Metaspace: 50276K(50624K)->50276K(50624K) NonClass: 44307K(44480K)->44307K(44480K) Class: 5968K(6144K)->5968K(6144K)
[2022-03-28T16:37:13.888+0800][848.630s] GC(109) Pause Young (Normal) (G1 Preventive Collection) 507M->493M(512M) 1.881ms
[2022-03-28T16:37:13.888+0800][848.630s] GC(109) User=0.00s Sys=0.00s Real=0.00s
[2022-03-28T16:37:14.372+0800][849.114s] GC(108) Concurrent Mark From Roots 734.717ms
[2022-03-28T16:37:14.372+0800][849.114s] GC(108) Concurrent Preclean
[2022-03-28T16:37:14.372+0800][849.115s] GC(108) Concurrent Preclean 0.237ms
[2022-03-28T16:37:14.373+0800][849.115s] GC(108) Pause Remark
[2022-03-28T16:37:14.376+0800][849.118s] GC(108) Pause Remark 499M->499M(512M) 3.403ms
[2022-03-28T16:37:14.376+0800][849.118s] GC(108) User=0.00s Sys=0.00s Real=0.00s
[2022-03-28T16:37:14.376+0800][849.118s] GC(108) Concurrent Mark 738.689ms
[2022-03-28T16:37:14.376+0800][849.118s] GC(108) Concurrent Rebuild Remembered Sets
[2022-03-28T16:37:14.777+0800][849.519s] GC(108) Concurrent Rebuild Remembered Sets 400.792ms
[2022-03-28T16:37:14.778+0800][849.519s] GC(108) Pause Cleanup
[2022-03-28T16:37:14.778+0800][849.520s] GC(108) Pause Cleanup 499M->499M(512M) 0.255ms
[2022-03-28T16:37:14.778+0800][849.520s] GC(108) User=0.00s Sys=0.00s Real=0.00s
[2022-03-28T16:37:14.778+0800][849.520s] GC(108) Concurrent Cleanup for Next Mark
[2022-03-28T16:37:14.778+0800][849.520s] GC(108) Concurrent Cleanup for Next Mark 0.434ms
[2022-03-28T16:37:14.778+0800][849.520s] GC(108) Concurrent Mark Cycle 1142.175ms
[2022-03-28T16:37:21.284+0800][856.027s] GC(110) Pause Young (Normal) (G1 Preventive Collection)
[2022-03-28T16:37:21.284+0800][856.027s] GC(110) Using 8 workers of 8 for evacuation
[2022-03-28T16:37:21.285+0800][856.028s] GC(110)   Pre Evacuate Collection Set: 0.0ms
[2022-03-28T16:37:21.285+0800][856.028s] GC(110)   Merge Heap Roots: 0.1ms
[2022-03-28T16:37:21.285+0800][856.028s] GC(110)   Evacuate Collection Set: 0.5ms
[2022-03-28T16:37:21.285+0800][856.028s] GC(110)   Post Evacuate Collection Set: 0.3ms
[2022-03-28T16:37:21.285+0800][856.028s] GC(110)   Other: 0.1ms
[2022-03-28T16:37:21.285+0800][856.028s] GC(110) Eden regions: 14->0(24)
[2022-03-28T16:37:21.285+0800][856.028s] GC(110) Survivor regions: 1->1(2)
[2022-03-28T16:37:21.285+0800][856.028s] GC(110) Old regions: 466->466
[2022-03-28T16:37:21.285+0800][856.028s] GC(110) Archive regions: 0->0
[2022-03-28T16:37:21.285+0800][856.028s] GC(110) Humongous regions: 29->29
[2022-03-28T16:37:21.285+0800][856.028s] GC(110) Metaspace: 50277K(50624K)->50277K(50624K) NonClass: 44308K(44480K)->44308K(44480K) Class: 5968K(6144K)->5968K(6144K)
[2022-03-28T16:37:21.285+0800][856.028s] GC(110) Pause Young (Normal) (G1 Preventive Collection) 507M->493M(512M) 1.153ms
[2022-03-28T16:37:21.285+0800][856.028s] GC(110) User=0.00s Sys=0.00s Real=0.00s
[2022-03-28T16:37:21.389+0800][856.131s] GC(111) Pause Young (Concurrent Start) (G1 Preventive Collection)
[2022-03-28T16:37:21.389+0800][856.131s] GC(111) Using 8 workers of 8 for evacuation
[2022-03-28T16:37:21.390+0800][856.133s] GC(111)   Pre Evacuate Collection Set: 0.2ms
[2022-03-28T16:37:21.390+0800][856.133s] GC(111)   Merge Heap Roots: 0.1ms
[2022-03-28T16:37:21.390+0800][856.133s] GC(111)   Evacuate Collection Set: 0.5ms
[2022-03-28T16:37:21.390+0800][856.133s] GC(111)   Post Evacuate Collection Set: 0.5ms
[2022-03-28T16:37:21.390+0800][856.133s] GC(111)   Other: 0.2ms
[2022-03-28T16:37:21.390+0800][856.133s] GC(111) Eden regions: 14->0(24)
[2022-03-28T16:37:21.390+0800][856.133s] GC(111) Survivor regions: 1->1(2)
[2022-03-28T16:37:21.390+0800][856.133s] GC(111) Old regions: 466->466
[2022-03-28T16:37:21.390+0800][856.133s] GC(111) Archive regions: 0->0
[2022-03-28T16:37:21.390+0800][856.133s] GC(111) Humongous regions: 29->29
[2022-03-28T16:37:21.390+0800][856.133s] GC(111) Metaspace: 50277K(50624K)->50277K(50624K) NonClass: 44308K(44480K)->44308K(44480K) Class: 5968K(6144K)->5968K(6144K)
[2022-03-28T16:37:21.390+0800][856.133s] GC(111) Pause Young (Concurrent Start) (G1 Preventive Collection) 507M->493M(512M) 1.502ms
[2022-03-28T16:37:21.390+0800][856.133s] GC(111) User=0.00s Sys=0.00s Real=0.00s
[2022-03-28T16:37:21.390+0800][856.133s] GC(112) Concurrent Mark Cycle
[2022-03-28T16:37:21.390+0800][856.133s] GC(112) Concurrent Clear Claimed Marks
[2022-03-28T16:37:21.390+0800][856.133s] GC(112) Concurrent Clear Claimed Marks 0.015ms
[2022-03-28T16:37:21.390+0800][856.133s] GC(112) Concurrent Scan Root Regions
[2022-03-28T16:37:21.391+0800][856.134s] GC(112) Concurrent Scan Root Regions 0.773ms
[2022-03-28T16:37:21.391+0800][856.134s] GC(112) Concurrent Mark
[2022-03-28T16:37:21.391+0800][856.134s] GC(112) Concurrent Mark From Roots
[2022-03-28T16:37:21.391+0800][856.134s] GC(112) Using 2 workers of 2 for marking
[2022-03-28T16:37:21.540+0800][856.283s] GC(113) Pause Young (Normal) (G1 Preventive Collection)
[2022-03-28T16:37:21.540+0800][856.283s] GC(113) Using 8 workers of 8 for evacuation
[2022-03-28T16:37:21.542+0800][856.284s] GC(113)   Pre Evacuate Collection Set: 0.1ms
[2022-03-28T16:37:21.542+0800][856.284s] GC(113)   Merge Heap Roots: 0.0ms
[2022-03-28T16:37:21.542+0800][856.284s] GC(113)   Evacuate Collection Set: 0.5ms
[2022-03-28T16:37:21.542+0800][856.284s] GC(113)   Post Evacuate Collection Set: 0.2ms
[2022-03-28T16:37:21.542+0800][856.284s] GC(113)   Other: 0.1ms
[2022-03-28T16:37:21.542+0800][856.284s] GC(113) Eden regions: 14->0(24)
[2022-03-28T16:37:21.542+0800][856.284s] GC(113) Survivor regions: 1->1(2)
[2022-03-28T16:37:21.542+0800][856.284s] GC(113) Old regions: 466->466
[2022-03-28T16:37:21.542+0800][856.284s] GC(113) Archive regions: 0->0
[2022-03-28T16:37:21.542+0800][856.284s] GC(113) Humongous regions: 29->29
[2022-03-28T16:37:21.542+0800][856.284s] GC(113) Metaspace: 50277K(50624K)->50277K(50624K) NonClass: 44308K(44480K)->44308K(44480K) Class: 5968K(6144K)->5968K(6144K)
[2022-03-28T16:37:21.542+0800][856.284s] GC(113) Pause Young (Normal) (G1 Preventive Collection) 507M->493M(512M) 1.222ms
[2022-03-28T16:37:21.542+0800][856.284s] GC(113) User=0.00s Sys=0.00s Real=0.00s
[2022-03-28T16:37:21.701+0800][856.442s] GC(114) Pause Young (Normal) (G1 Preventive Collection)
[2022-03-28T16:37:21.701+0800][856.442s] GC(114) Using 8 workers of 8 for evacuation
[2022-03-28T16:37:21.702+0800][856.443s] GC(114)   Pre Evacuate Collection Set: 0.0ms
[2022-03-28T16:37:21.702+0800][856.443s] GC(114)   Merge Heap Roots: 0.0ms
[2022-03-28T16:37:21.702+0800][856.443s] GC(114)   Evacuate Collection Set: 0.4ms
[2022-03-28T16:37:21.702+0800][856.443s] GC(114)   Post Evacuate Collection Set: 0.2ms
[2022-03-28T16:37:21.702+0800][856.443s] GC(114)   Other: 0.1ms
[2022-03-28T16:37:21.702+0800][856.443s] GC(114) Eden regions: 14->0(24)
[2022-03-28T16:37:21.702+0800][856.443s] GC(114) Survivor regions: 1->1(2)
[2022-03-28T16:37:21.702+0800][856.443s] GC(114) Old regions: 466->466
[2022-03-28T16:37:21.702+0800][856.443s] GC(114) Archive regions: 0->0
[2022-03-28T16:37:21.702+0800][856.443s] GC(114) Humongous regions: 29->29
[2022-03-28T16:37:21.702+0800][856.443s] GC(114) Metaspace: 50277K(50624K)->50277K(50624K) NonClass: 44308K(44480K)->44308K(44480K) Class: 5968K(6144K)->5968K(6144K)
[2022-03-28T16:37:21.702+0800][856.443s] GC(114) Pause Young (Normal) (G1 Preventive Collection) 507M->493M(512M) 1.059ms
[2022-03-28T16:37:21.702+0800][856.443s] GC(114) User=0.00s Sys=0.00s Real=0.00s
[2022-03-28T16:37:21.862+0800][856.604s] GC(115) Pause Young (Normal) (G1 Preventive Collection)
[2022-03-28T16:37:21.862+0800][856.604s] GC(115) Using 8 workers of 8 for evacuation
[2022-03-28T16:37:21.863+0800][856.605s] GC(115)   Pre Evacuate Collection Set: 0.0ms
[2022-03-28T16:37:21.863+0800][856.605s] GC(115)   Merge Heap Roots: 0.0ms
[2022-03-28T16:37:21.863+0800][856.605s] GC(115)   Evacuate Collection Set: 0.4ms
[2022-03-28T16:37:21.863+0800][856.605s] GC(115)   Post Evacuate Collection Set: 0.2ms
[2022-03-28T16:37:21.863+0800][856.605s] GC(115)   Other: 0.2ms
[2022-03-28T16:37:21.863+0800][856.605s] GC(115) Eden regions: 14->0(24)
[2022-03-28T16:37:21.863+0800][856.605s] GC(115) Survivor regions: 1->1(2)
[2022-03-28T16:37:21.863+0800][856.605s] GC(115) Old regions: 466->466
[2022-03-28T16:37:21.863+0800][856.605s] GC(115) Archive regions: 0->0
[2022-03-28T16:37:21.863+0800][856.605s] GC(115) Humongous regions: 29->29
[2022-03-28T16:37:21.863+0800][856.605s] GC(115) Metaspace: 50277K(50624K)->50277K(50624K) NonClass: 44308K(44480K)->44308K(44480K) Class: 5968K(6144K)->5968K(6144K)
[2022-03-28T16:37:21.863+0800][856.605s] GC(115) Pause Young (Normal) (G1 Preventive Collection) 507M->493M(512M) 1.028ms
[2022-03-28T16:37:21.863+0800][856.605s] GC(115) User=0.00s Sys=0.00s Real=0.00s
[2022-03-28T16:37:21.923+0800][856.665s] GC(112) Concurrent Mark From Roots 531.050ms
[2022-03-28T16:37:21.923+0800][856.665s] GC(112) Concurrent Preclean
[2022-03-28T16:37:21.923+0800][856.665s] GC(112) Concurrent Preclean 0.169ms
[2022-03-28T16:37:21.923+0800][856.665s] GC(112) Pause Remark
[2022-03-28T16:37:21.926+0800][856.667s] GC(112) Pause Remark 499M->499M(512M) 2.103ms
[2022-03-28T16:37:21.926+0800][856.667s] GC(112) User=0.00s Sys=0.00s Real=0.00s
[2022-03-28T16:37:21.926+0800][856.667s] GC(112) Concurrent Mark 533.633ms
[2022-03-28T16:37:21.926+0800][856.667s] GC(112) Concurrent Rebuild Remembered Sets
[2022-03-28T16:37:22.041+0800][856.783s] GC(116) Pause Young (Normal) (G1 Preventive Collection)
[2022-03-28T16:37:22.041+0800][856.783s] GC(116) Using 8 workers of 8 for evacuation
[2022-03-28T16:37:22.042+0800][856.784s] GC(116)   Pre Evacuate Collection Set: 0.1ms
[2022-03-28T16:37:22.042+0800][856.784s] GC(116)   Merge Heap Roots: 0.0ms
[2022-03-28T16:37:22.042+0800][856.784s] GC(116)   Evacuate Collection Set: 0.5ms
[2022-03-28T16:37:22.042+0800][856.784s] GC(116)   Post Evacuate Collection Set: 0.2ms
[2022-03-28T16:37:22.042+0800][856.784s] GC(116)   Other: 0.1ms
[2022-03-28T16:37:22.042+0800][856.784s] GC(116) Eden regions: 14->0(24)
[2022-03-28T16:37:22.042+0800][856.784s] GC(116) Survivor regions: 1->1(2)
[2022-03-28T16:37:22.042+0800][856.784s] GC(116) Old regions: 466->467
[2022-03-28T16:37:22.042+0800][856.784s] GC(116) Archive regions: 0->0
[2022-03-28T16:37:22.042+0800][856.784s] GC(116) Humongous regions: 29->29
[2022-03-28T16:37:22.042+0800][856.784s] GC(116) Metaspace: 50277K(50624K)->50277K(50624K) NonClass: 44308K(44480K)->44308K(44480K) Class: 5968K(6144K)->5968K(6144K)
[2022-03-28T16:37:22.042+0800][856.784s] GC(116) Pause Young (Normal) (G1 Preventive Collection) 507M->493M(512M) 1.180ms
[2022-03-28T16:37:22.043+0800][856.784s] GC(116) User=0.00s Sys=0.00s Real=0.00s
[2022-03-28T16:37:22.201+0800][856.943s] GC(117) Pause Young (Normal) (G1 Preventive Collection)
[2022-03-28T16:37:22.201+0800][856.943s] GC(117) Using 8 workers of 8 for evacuation
[2022-03-28T16:37:22.202+0800][856.944s] GC(117)   Pre Evacuate Collection Set: 0.0ms
[2022-03-28T16:37:22.202+0800][856.944s] GC(117)   Merge Heap Roots: 0.0ms
[2022-03-28T16:37:22.202+0800][856.944s] GC(117)   Evacuate Collection Set: 0.5ms
[2022-03-28T16:37:22.202+0800][856.944s] GC(117)   Post Evacuate Collection Set: 0.2ms
[2022-03-28T16:37:22.202+0800][856.944s] GC(117)   Other: 0.1ms
[2022-03-28T16:37:22.202+0800][856.944s] GC(117) Eden regions: 13->0(24)
[2022-03-28T16:37:22.202+0800][856.944s] GC(117) Survivor regions: 1->1(2)
[2022-03-28T16:37:22.202+0800][856.944s] GC(117) Old regions: 467->467
[2022-03-28T16:37:22.202+0800][856.944s] GC(117) Archive regions: 0->0
[2022-03-28T16:37:22.202+0800][856.944s] GC(117) Humongous regions: 29->29
[2022-03-28T16:37:22.202+0800][856.944s] GC(117) Metaspace: 50277K(50624K)->50277K(50624K) NonClass: 44308K(44480K)->44308K(44480K) Class: 5968K(6144K)->5968K(6144K)
[2022-03-28T16:37:22.202+0800][856.944s] GC(117) Pause Young (Normal) (G1 Preventive Collection) 506M->493M(512M) 1.126ms
[2022-03-28T16:37:22.202+0800][856.944s] GC(117) User=0.00s Sys=0.00s Real=0.00s
[2022-03-28T16:37:22.226+0800][856.968s] GC(112) Concurrent Rebuild Remembered Sets 300.471ms
[2022-03-28T16:37:22.226+0800][856.968s] GC(112) Pause Cleanup
[2022-03-28T16:37:22.226+0800][856.968s] GC(112) Pause Cleanup 495M->495M(512M) 0.170ms
[2022-03-28T16:37:22.226+0800][856.968s] GC(112) User=0.00s Sys=0.00s Real=0.00s
[2022-03-28T16:37:22.226+0800][856.968s] GC(112) Concurrent Cleanup for Next Mark
[2022-03-28T16:37:22.226+0800][856.969s] GC(112) Concurrent Cleanup for Next Mark 0.287ms
[2022-03-28T16:37:22.226+0800][856.969s] GC(112) Concurrent Mark Cycle 835.752ms
[2022-03-28T16:37:22.335+0800][857.077s] GC(118) Pause Young (Normal) (G1 Preventive Collection)
[2022-03-28T16:37:22.335+0800][857.078s] GC(118) Using 8 workers of 8 for evacuation
[2022-03-28T16:37:22.337+0800][857.079s] GC(118)   Pre Evacuate Collection Set: 0.1ms
[2022-03-28T16:37:22.337+0800][857.079s] GC(118)   Merge Heap Roots: 0.0ms
[2022-03-28T16:37:22.337+0800][857.079s] GC(118)   Evacuate Collection Set: 0.6ms
[2022-03-28T16:37:22.337+0800][857.079s] GC(118)   Post Evacuate Collection Set: 0.3ms
[2022-03-28T16:37:22.337+0800][857.079s] GC(118)   Other: 0.2ms
[2022-03-28T16:37:22.337+0800][857.079s] GC(118) Eden regions: 13->0(24)
[2022-03-28T16:37:22.337+0800][857.079s] GC(118) Survivor regions: 1->1(2)
[2022-03-28T16:37:22.337+0800][857.079s] GC(118) Old regions: 467->467
[2022-03-28T16:37:22.337+0800][857.079s] GC(118) Archive regions: 0->0
[2022-03-28T16:37:22.337+0800][857.079s] GC(118) Humongous regions: 29->29
[2022-03-28T16:37:22.337+0800][857.079s] GC(118) Metaspace: 50277K(50624K)->50277K(50624K) NonClass: 44308K(44480K)->44308K(44480K) Class: 5968K(6144K)->5968K(6144K)
[2022-03-28T16:37:22.337+0800][857.079s] GC(118) Pause Young (Normal) (G1 Preventive Collection) 506M->493M(512M) 1.525ms
[2022-03-28T16:37:22.337+0800][857.079s] GC(118) User=0.00s Sys=0.00s Real=0.00s
[2022-03-28T16:37:22.462+0800][857.204s] GC(119) Pause Young (Concurrent Start) (G1 Preventive Collection)
[2022-03-28T16:37:22.462+0800][857.204s] GC(119) Using 8 workers of 8 for evacuation
[2022-03-28T16:37:22.464+0800][857.206s] GC(119)   Pre Evacuate Collection Set: 0.2ms
[2022-03-28T16:37:22.464+0800][857.206s] GC(119)   Merge Heap Roots: 0.1ms
[2022-03-28T16:37:22.464+0800][857.206s] GC(119)   Evacuate Collection Set: 0.6ms
[2022-03-28T16:37:22.464+0800][857.206s] GC(119)   Post Evacuate Collection Set: 0.5ms
[2022-03-28T16:37:22.464+0800][857.206s] GC(119)   Other: 0.2ms
[2022-03-28T16:37:22.464+0800][857.206s] GC(119) Eden regions: 13->0(24)
[2022-03-28T16:37:22.464+0800][857.206s] GC(119) Survivor regions: 1->1(2)
[2022-03-28T16:37:22.464+0800][857.206s] GC(119) Old regions: 467->467
[2022-03-28T16:37:22.464+0800][857.206s] GC(119) Archive regions: 0->0
[2022-03-28T16:37:22.464+0800][857.206s] GC(119) Humongous regions: 29->29
[2022-03-28T16:37:22.464+0800][857.206s] GC(119) Metaspace: 50277K(50624K)->50277K(50624K) NonClass: 44308K(44480K)->44308K(44480K) Class: 5968K(6144K)->5968K(6144K)
[2022-03-28T16:37:22.464+0800][857.206s] GC(119) Pause Young (Concurrent Start) (G1 Preventive Collection) 506M->493M(512M) 1.661ms
[2022-03-28T16:37:22.464+0800][857.206s] GC(119) User=0.00s Sys=0.00s Real=0.00s
[2022-03-28T16:37:22.464+0800][857.206s] GC(120) Concurrent Mark Cycle
[2022-03-28T16:37:22.464+0800][857.206s] GC(120) Concurrent Clear Claimed Marks
[2022-03-28T16:37:22.464+0800][857.206s] GC(120) Concurrent Clear Claimed Marks 0.017ms
[2022-03-28T16:37:22.464+0800][857.206s] GC(120) Concurrent Scan Root Regions
[2022-03-28T16:37:22.465+0800][857.207s] GC(120) Concurrent Scan Root Regions 0.708ms
[2022-03-28T16:37:22.465+0800][857.207s] GC(120) Concurrent Mark
[2022-03-28T16:37:22.465+0800][857.207s] GC(120) Concurrent Mark From Roots
[2022-03-28T16:37:22.465+0800][857.207s] GC(120) Using 2 workers of 2 for marking
[2022-03-28T16:37:22.628+0800][857.370s] GC(121) Pause Young (Normal) (G1 Preventive Collection)
[2022-03-28T16:37:22.628+0800][857.371s] GC(121) Using 8 workers of 8 for evacuation
[2022-03-28T16:37:22.629+0800][857.372s] GC(121)   Pre Evacuate Collection Set: 0.1ms
[2022-03-28T16:37:22.629+0800][857.372s] GC(121)   Merge Heap Roots: 0.0ms
[2022-03-28T16:37:22.629+0800][857.372s] GC(121)   Evacuate Collection Set: 0.6ms
[2022-03-28T16:37:22.629+0800][857.372s] GC(121)   Post Evacuate Collection Set: 0.3ms
[2022-03-28T16:37:22.629+0800][857.372s] GC(121)   Other: 0.2ms
[2022-03-28T16:37:22.629+0800][857.372s] GC(121) Eden regions: 13->0(24)
[2022-03-28T16:37:22.629+0800][857.372s] GC(121) Survivor regions: 1->1(2)
[2022-03-28T16:37:22.629+0800][857.372s] GC(121) Old regions: 467->467
[2022-03-28T16:37:22.629+0800][857.372s] GC(121) Archive regions: 0->0
[2022-03-28T16:37:22.629+0800][857.372s] GC(121) Humongous regions: 29->29
[2022-03-28T16:37:22.629+0800][857.372s] GC(121) Metaspace: 50277K(50624K)->50277K(50624K) NonClass: 44308K(44480K)->44308K(44480K) Class: 5968K(6144K)->5968K(6144K)
[2022-03-28T16:37:22.629+0800][857.372s] GC(121) Pause Young (Normal) (G1 Preventive Collection) 506M->493M(512M) 1.417ms
[2022-03-28T16:37:22.629+0800][857.372s] GC(121) User=0.00s Sys=0.00s Real=0.00s
[2022-03-28T16:37:22.794+0800][857.536s] GC(122) Pause Young (Normal) (G1 Preventive Collection)
[2022-03-28T16:37:22.794+0800][857.536s] GC(122) Using 8 workers of 8 for evacuation
[2022-03-28T16:37:22.795+0800][857.537s] GC(122)   Pre Evacuate Collection Set: 0.1ms
[2022-03-28T16:37:22.795+0800][857.537s] GC(122)   Merge Heap Roots: 0.0ms
[2022-03-28T16:37:22.795+0800][857.537s] GC(122)   Evacuate Collection Set: 0.6ms
[2022-03-28T16:37:22.795+0800][857.537s] GC(122)   Post Evacuate Collection Set: 0.3ms
[2022-03-28T16:37:22.795+0800][857.537s] GC(122)   Other: 0.2ms
[2022-03-28T16:37:22.795+0800][857.538s] GC(122) Eden regions: 13->0(24)
[2022-03-28T16:37:22.795+0800][857.538s] GC(122) Survivor regions: 1->1(2)
[2022-03-28T16:37:22.795+0800][857.538s] GC(122) Old regions: 467->467
[2022-03-28T16:37:22.795+0800][857.538s] GC(122) Archive regions: 0->0
[2022-03-28T16:37:22.795+0800][857.538s] GC(122) Humongous regions: 29->29
[2022-03-28T16:37:22.795+0800][857.538s] GC(122) Metaspace: 50277K(50624K)->50277K(50624K) NonClass: 44308K(44480K)->44308K(44480K) Class: 5968K(6144K)->5968K(6144K)
[2022-03-28T16:37:22.795+0800][857.538s] GC(122) Pause Young (Normal) (G1 Preventive Collection) 506M->493M(512M) 1.324ms
[2022-03-28T16:37:22.795+0800][857.538s] GC(122) User=0.00s Sys=0.00s Real=0.00s
[2022-03-28T16:37:22.982+0800][857.724s] GC(123) Pause Young (Normal) (G1 Preventive Collection)
[2022-03-28T16:37:22.982+0800][857.724s] GC(123) Using 8 workers of 8 for evacuation
[2022-03-28T16:37:22.984+0800][857.725s] GC(123)   Pre Evacuate Collection Set: 0.0ms
[2022-03-28T16:37:22.984+0800][857.725s] GC(123)   Merge Heap Roots: 0.0ms
[2022-03-28T16:37:22.984+0800][857.725s] GC(123)   Evacuate Collection Set: 0.5ms
[2022-03-28T16:37:22.984+0800][857.725s] GC(123)   Post Evacuate Collection Set: 0.2ms
[2022-03-28T16:37:22.984+0800][857.725s] GC(123)   Other: 0.1ms
[2022-03-28T16:37:22.984+0800][857.725s] GC(123) Eden regions: 13->0(24)
[2022-03-28T16:37:22.984+0800][857.725s] GC(123) Survivor regions: 1->1(2)
[2022-03-28T16:37:22.984+0800][857.725s] GC(123) Old regions: 467->467
[2022-03-28T16:37:22.984+0800][857.725s] GC(123) Archive regions: 0->0
[2022-03-28T16:37:22.984+0800][857.725s] GC(123) Humongous regions: 29->29
[2022-03-28T16:37:22.984+0800][857.725s] GC(123) Metaspace: 50277K(50624K)->50277K(50624K) NonClass: 44308K(44480K)->44308K(44480K) Class: 5968K(6144K)->5968K(6144K)
[2022-03-28T16:37:22.984+0800][857.725s] GC(123) Pause Young (Normal) (G1 Preventive Collection) 506M->493M(512M) 1.097ms
[2022-03-28T16:37:22.984+0800][857.725s] GC(123) User=0.00s Sys=0.00s Real=0.00s
[2022-03-28T16:37:23.033+0800][857.774s] GC(120) Concurrent Mark From Roots 567.518ms
[2022-03-28T16:37:23.033+0800][857.774s] GC(120) Concurrent Preclean
[2022-03-28T16:37:23.033+0800][857.775s] GC(120) Concurrent Preclean 0.148ms
[2022-03-28T16:37:23.033+0800][857.775s] GC(120) Pause Remark
[2022-03-28T16:37:23.035+0800][857.777s] GC(120) Pause Remark 496M->496M(512M) 2.205ms
[2022-03-28T16:37:23.035+0800][857.777s] GC(120) User=0.00s Sys=0.00s Real=0.00s
[2022-03-28T16:37:23.035+0800][857.777s] GC(120) Concurrent Mark 570.141ms
[2022-03-28T16:37:23.035+0800][857.777s] GC(120) Concurrent Rebuild Remembered Sets
[2022-03-28T16:37:23.204+0800][857.946s] GC(124) Pause Young (Normal) (G1 Preventive Collection)
[2022-03-28T16:37:23.204+0800][857.947s] GC(124) Using 8 workers of 8 for evacuation
[2022-03-28T16:37:23.205+0800][857.948s] GC(124)   Pre Evacuate Collection Set: 0.1ms
[2022-03-28T16:37:23.205+0800][857.948s] GC(124)   Merge Heap Roots: 0.0ms
[2022-03-28T16:37:23.205+0800][857.948s] GC(124)   Evacuate Collection Set: 0.7ms
[2022-03-28T16:37:23.206+0800][857.948s] GC(124)   Post Evacuate Collection Set: 0.2ms
[2022-03-28T16:37:23.206+0800][857.948s] GC(124)   Other: 0.2ms
[2022-03-28T16:37:23.206+0800][857.948s] GC(124) Eden regions: 13->0(24)
[2022-03-28T16:37:23.206+0800][857.948s] GC(124) Survivor regions: 1->1(2)
[2022-03-28T16:37:23.206+0800][857.948s] GC(124) Old regions: 467->467
[2022-03-28T16:37:23.206+0800][857.948s] GC(124) Archive regions: 0->0
[2022-03-28T16:37:23.206+0800][857.948s] GC(124) Humongous regions: 29->29
[2022-03-28T16:37:23.206+0800][857.948s] GC(124) Metaspace: 50277K(50624K)->50277K(50624K) NonClass: 44308K(44480K)->44308K(44480K) Class: 5968K(6144K)->5968K(6144K)
[2022-03-28T16:37:23.206+0800][857.948s] GC(124) Pause Young (Normal) (G1 Preventive Collection) 506M->493M(512M) 1.376ms
[2022-03-28T16:37:23.206+0800][857.948s] GC(124) User=0.00s Sys=0.00s Real=0.00s
[2022-03-28T16:37:23.334+0800][858.076s] GC(120) Concurrent Rebuild Remembered Sets 298.652ms
[2022-03-28T16:37:23.334+0800][858.076s] GC(120) Pause Cleanup
[2022-03-28T16:37:23.334+0800][858.076s] GC(120) Pause Cleanup 503M->503M(512M) 0.168ms
[2022-03-28T16:37:23.334+0800][858.076s] GC(120) User=0.00s Sys=0.00s Real=0.00s
[2022-03-28T16:37:23.334+0800][858.076s] GC(120) Concurrent Cleanup for Next Mark
[2022-03-28T16:37:23.334+0800][858.076s] GC(120) Concurrent Cleanup for Next Mark 0.269ms
[2022-03-28T16:37:23.334+0800][858.076s] GC(120) Concurrent Mark Cycle 870.322ms
[2022-03-28T16:37:23.383+0800][858.125s] GC(125) Pause Young (Normal) (G1 Preventive Collection)
[2022-03-28T16:37:23.383+0800][858.125s] GC(125) Using 8 workers of 8 for evacuation
[2022-03-28T16:37:23.384+0800][858.126s] GC(125)   Pre Evacuate Collection Set: 0.1ms
[2022-03-28T16:37:23.384+0800][858.126s] GC(125)   Merge Heap Roots: 0.0ms
[2022-03-28T16:37:23.384+0800][858.126s] GC(125)   Evacuate Collection Set: 0.5ms
[2022-03-28T16:37:23.384+0800][858.126s] GC(125)   Post Evacuate Collection Set: 0.2ms
[2022-03-28T16:37:23.384+0800][858.126s] GC(125)   Other: 0.1ms
[2022-03-28T16:37:23.384+0800][858.126s] GC(125) Eden regions: 13->0(24)
[2022-03-28T16:37:23.384+0800][858.126s] GC(125) Survivor regions: 1->1(2)
[2022-03-28T16:37:23.384+0800][858.126s] GC(125) Old regions: 467->467
[2022-03-28T16:37:23.384+0800][858.126s] GC(125) Archive regions: 0->0
[2022-03-28T16:37:23.384+0800][858.126s] GC(125) Humongous regions: 29->29
[2022-03-28T16:37:23.384+0800][858.126s] GC(125) Metaspace: 50277K(50624K)->50277K(50624K) NonClass: 44308K(44480K)->44308K(44480K) Class: 5968K(6144K)->5968K(6144K)
[2022-03-28T16:37:23.384+0800][858.126s] GC(125) Pause Young (Normal) (G1 Preventive Collection) 506M->493M(512M) 1.148ms
[2022-03-28T16:37:23.384+0800][858.126s] GC(125) User=0.11s Sys=0.00s Real=0.00s
[2022-03-28T16:37:23.540+0800][858.282s] GC(126) Pause Young (Concurrent Start) (G1 Preventive Collection)
[2022-03-28T16:37:23.540+0800][858.282s] GC(126) Using 8 workers of 8 for evacuation
[2022-03-28T16:37:23.541+0800][858.283s] GC(126)   Pre Evacuate Collection Set: 0.1ms
[2022-03-28T16:37:23.541+0800][858.283s] GC(126)   Merge Heap Roots: 0.1ms
[2022-03-28T16:37:23.541+0800][858.283s] GC(126)   Evacuate Collection Set: 0.6ms
[2022-03-28T16:37:23.541+0800][858.283s] GC(126)   Post Evacuate Collection Set: 0.2ms
[2022-03-28T16:37:23.541+0800][858.283s] GC(126)   Other: 0.4ms
[2022-03-28T16:37:23.541+0800][858.283s] GC(126) Eden regions: 13->0(24)
[2022-03-28T16:37:23.541+0800][858.283s] GC(126) Survivor regions: 1->1(2)
[2022-03-28T16:37:23.541+0800][858.283s] GC(126) Old regions: 467->467
[2022-03-28T16:37:23.541+0800][858.283s] GC(126) Archive regions: 0->0
[2022-03-28T16:37:23.541+0800][858.283s] GC(126) Humongous regions: 29->29
[2022-03-28T16:37:23.541+0800][858.283s] GC(126) Metaspace: 50277K(50624K)->50277K(50624K) NonClass: 44308K(44480K)->44308K(44480K) Class: 5968K(6144K)->5968K(6144K)
[2022-03-28T16:37:23.541+0800][858.283s] GC(126) Pause Young (Concurrent Start) (G1 Preventive Collection) 506M->493M(512M) 1.482ms
[2022-03-28T16:37:23.541+0800][858.283s] GC(126) User=0.02s Sys=0.00s Real=0.00s
[2022-03-28T16:37:23.542+0800][858.283s] GC(127) Concurrent Mark Cycle
[2022-03-28T16:37:23.542+0800][858.283s] GC(127) Concurrent Clear Claimed Marks
[2022-03-28T16:37:23.542+0800][858.283s] GC(127) Concurrent Clear Claimed Marks 0.018ms
[2022-03-28T16:37:23.542+0800][858.283s] GC(127) Concurrent Scan Root Regions
[2022-03-28T16:37:23.542+0800][858.284s] GC(127) Concurrent Scan Root Regions 0.846ms
[2022-03-28T16:37:23.542+0800][858.284s] GC(127) Concurrent Mark
[2022-03-28T16:37:23.542+0800][858.284s] GC(127) Concurrent Mark From Roots
[2022-03-28T16:37:23.542+0800][858.284s] GC(127) Using 2 workers of 2 for marking
[2022-03-28T16:37:23.738+0800][858.480s] GC(128) Pause Young (Normal) (G1 Preventive Collection)
[2022-03-28T16:37:23.738+0800][858.480s] GC(128) Using 8 workers of 8 for evacuation
[2022-03-28T16:37:23.739+0800][858.481s] GC(128)   Pre Evacuate Collection Set: 0.1ms
[2022-03-28T16:37:23.739+0800][858.481s] GC(128)   Merge Heap Roots: 0.0ms
[2022-03-28T16:37:23.739+0800][858.481s] GC(128)   Evacuate Collection Set: 0.5ms
[2022-03-28T16:37:23.739+0800][858.481s] GC(128)   Post Evacuate Collection Set: 0.2ms
[2022-03-28T16:37:23.739+0800][858.481s] GC(128)   Other: 0.1ms
[2022-03-28T16:37:23.739+0800][858.481s] GC(128) Eden regions: 13->0(24)
[2022-03-28T16:37:23.739+0800][858.481s] GC(128) Survivor regions: 1->1(2)
[2022-03-28T16:37:23.739+0800][858.481s] GC(128) Old regions: 467->467
[2022-03-28T16:37:23.739+0800][858.481s] GC(128) Archive regions: 0->0
[2022-03-28T16:37:23.739+0800][858.481s] GC(128) Humongous regions: 29->29
[2022-03-28T16:37:23.739+0800][858.481s] GC(128) Metaspace: 50277K(50624K)->50277K(50624K) NonClass: 44308K(44480K)->44308K(44480K) Class: 5968K(6144K)->5968K(6144K)
[2022-03-28T16:37:23.739+0800][858.481s] GC(128) Pause Young (Normal) (G1 Preventive Collection) 506M->493M(512M) 1.157ms
[2022-03-28T16:37:23.739+0800][858.481s] GC(128) User=0.00s Sys=0.00s Real=0.00s
[2022-03-28T16:37:24.127+0800][858.868s] GC(127) Concurrent Mark From Roots 584.066ms
[2022-03-28T16:37:24.127+0800][858.869s] GC(127) Concurrent Preclean
[2022-03-28T16:37:24.127+0800][858.869s] GC(127) Concurrent Preclean 0.214ms
[2022-03-28T16:37:24.127+0800][858.869s] GC(127) Pause Remark
[2022-03-28T16:37:24.129+0800][858.871s] GC(127) Pause Remark 496M->496M(512M) 2.366ms
[2022-03-28T16:37:24.129+0800][858.871s] GC(127) User=0.00s Sys=0.00s Real=0.00s
[2022-03-28T16:37:24.129+0800][858.871s] GC(127) Concurrent Mark 586.947ms
[2022-03-28T16:37:24.129+0800][858.871s] GC(127) Concurrent Rebuild Remembered Sets
[2022-03-28T16:37:24.424+0800][859.167s] GC(127) Concurrent Rebuild Remembered Sets 295.173ms
[2022-03-28T16:37:24.425+0800][859.167s] GC(127) Pause Cleanup
[2022-03-28T16:37:24.425+0800][859.167s] GC(127) Pause Cleanup 496M->496M(512M) 0.164ms
[2022-03-28T16:37:24.425+0800][859.167s] GC(127) User=0.00s Sys=0.00s Real=0.00s
[2022-03-28T16:37:24.425+0800][859.167s] GC(127) Concurrent Cleanup for Next Mark
[2022-03-28T16:37:24.425+0800][859.167s] GC(127) Concurrent Cleanup for Next Mark 0.280ms
[2022-03-28T16:37:24.425+0800][859.167s] GC(127) Concurrent Mark Cycle 883.781ms
[2022-03-28T16:39:37.229+0800][991.971s] GC(129) Pause Young (Normal) (G1 Preventive Collection)
[2022-03-28T16:39:37.229+0800][991.971s] GC(129) Using 8 workers of 8 for evacuation
[2022-03-28T16:39:37.231+0800][991.972s] GC(129)   Pre Evacuate Collection Set: 0.1ms
[2022-03-28T16:39:37.231+0800][991.972s] GC(129)   Merge Heap Roots: 0.0ms
[2022-03-28T16:39:37.231+0800][991.973s] GC(129)   Evacuate Collection Set: 0.8ms
[2022-03-28T16:39:37.231+0800][991.973s] GC(129)   Post Evacuate Collection Set: 0.3ms
[2022-03-28T16:39:37.231+0800][991.973s] GC(129)   Other: 0.1ms
[2022-03-28T16:39:37.231+0800][991.973s] GC(129) Eden regions: 13->0(24)
[2022-03-28T16:39:37.231+0800][991.973s] GC(129) Survivor regions: 1->1(2)
[2022-03-28T16:39:37.231+0800][991.973s] GC(129) Old regions: 467->467
[2022-03-28T16:39:37.231+0800][991.973s] GC(129) Archive regions: 0->0
[2022-03-28T16:39:37.231+0800][991.973s] GC(129) Humongous regions: 29->29
[2022-03-28T16:39:37.231+0800][991.973s] GC(129) Metaspace: 50299K(50688K)->50299K(50688K) NonClass: 44331K(44544K)->44331K(44544K) Class: 5968K(6144K)->5968K(6144K)
[2022-03-28T16:39:37.231+0800][991.973s] GC(129) Pause Young (Normal) (G1 Preventive Collection) 506M->493M(512M) 1.613ms
[2022-03-28T16:39:37.231+0800][991.973s] GC(129) User=0.00s Sys=0.00s Real=0.00s
[2022-03-28T16:39:37.373+0800][992.115s] GC(130) Pause Young (Concurrent Start) (G1 Preventive Collection)
[2022-03-28T16:39:37.373+0800][992.115s] GC(130) Using 8 workers of 8 for evacuation
[2022-03-28T16:39:37.374+0800][992.116s] GC(130)   Pre Evacuate Collection Set: 0.1ms
[2022-03-28T16:39:37.374+0800][992.116s] GC(130)   Merge Heap Roots: 0.0ms
[2022-03-28T16:39:37.374+0800][992.116s] GC(130)   Evacuate Collection Set: 0.6ms
[2022-03-28T16:39:37.374+0800][992.116s] GC(130)   Post Evacuate Collection Set: 0.4ms
[2022-03-28T16:39:37.374+0800][992.116s] GC(130)   Other: 0.2ms
[2022-03-28T16:39:37.374+0800][992.116s] GC(130) Eden regions: 13->0(24)
[2022-03-28T16:39:37.374+0800][992.116s] GC(130) Survivor regions: 1->1(2)
[2022-03-28T16:39:37.374+0800][992.116s] GC(130) Old regions: 467->467
[2022-03-28T16:39:37.375+0800][992.116s] GC(130) Archive regions: 0->0
[2022-03-28T16:39:37.375+0800][992.116s] GC(130) Humongous regions: 29->29
[2022-03-28T16:39:37.375+0800][992.116s] GC(130) Metaspace: 50299K(50688K)->50299K(50688K) NonClass: 44331K(44544K)->44331K(44544K) Class: 5968K(6144K)->5968K(6144K)
[2022-03-28T16:39:37.375+0800][992.116s] GC(130) Pause Young (Concurrent Start) (G1 Preventive Collection) 506M->493M(512M) 1.501ms
[2022-03-28T16:39:37.375+0800][992.117s] GC(130) User=0.00s Sys=0.00s Real=0.00s
[2022-03-28T16:39:37.375+0800][992.117s] GC(131) Concurrent Mark Cycle
[2022-03-28T16:39:37.375+0800][992.117s] GC(131) Concurrent Clear Claimed Marks
[2022-03-28T16:39:37.375+0800][992.117s] GC(131) Concurrent Clear Claimed Marks 0.023ms
[2022-03-28T16:39:37.375+0800][992.117s] GC(131) Concurrent Scan Root Regions
[2022-03-28T16:39:37.376+0800][992.118s] GC(131) Concurrent Scan Root Regions 1.592ms
[2022-03-28T16:39:37.376+0800][992.118s] GC(131) Concurrent Mark
[2022-03-28T16:39:37.376+0800][992.118s] GC(131) Concurrent Mark From Roots
[2022-03-28T16:39:37.376+0800][992.118s] GC(131) Using 2 workers of 2 for marking
[2022-03-28T16:39:37.542+0800][992.285s] GC(132) Pause Young (Normal) (G1 Preventive Collection)
[2022-03-28T16:39:37.542+0800][992.285s] GC(132) Using 8 workers of 8 for evacuation
[2022-03-28T16:39:37.544+0800][992.286s] GC(132)   Pre Evacuate Collection Set: 0.1ms
[2022-03-28T16:39:37.544+0800][992.286s] GC(132)   Merge Heap Roots: 0.0ms
[2022-03-28T16:39:37.544+0800][992.286s] GC(132)   Evacuate Collection Set: 0.6ms
[2022-03-28T16:39:37.544+0800][992.286s] GC(132)   Post Evacuate Collection Set: 0.2ms
[2022-03-28T16:39:37.544+0800][992.286s] GC(132)   Other: 0.1ms
[2022-03-28T16:39:37.544+0800][992.286s] GC(132) Eden regions: 13->0(24)
[2022-03-28T16:39:37.544+0800][992.286s] GC(132) Survivor regions: 1->1(2)
[2022-03-28T16:39:37.544+0800][992.286s] GC(132) Old regions: 467->467
[2022-03-28T16:39:37.544+0800][992.286s] GC(132) Archive regions: 0->0
[2022-03-28T16:39:37.544+0800][992.286s] GC(132) Humongous regions: 29->29
[2022-03-28T16:39:37.544+0800][992.286s] GC(132) Metaspace: 50299K(50688K)->50299K(50688K) NonClass: 44331K(44544K)->44331K(44544K) Class: 5968K(6144K)->5968K(6144K)
[2022-03-28T16:39:37.544+0800][992.286s] GC(132) Pause Young (Normal) (G1 Preventive Collection) 506M->493M(512M) 1.262ms
[2022-03-28T16:39:37.544+0800][992.286s] GC(132) User=0.00s Sys=0.00s Real=0.00s
[2022-03-28T16:39:37.723+0800][992.464s] GC(133) Pause Young (Normal) (G1 Preventive Collection)
[2022-03-28T16:39:37.723+0800][992.464s] GC(133) Using 8 workers of 8 for evacuation
[2022-03-28T16:39:37.724+0800][992.465s] GC(133)   Pre Evacuate Collection Set: 0.1ms
[2022-03-28T16:39:37.724+0800][992.465s] GC(133)   Merge Heap Roots: 0.0ms
[2022-03-28T16:39:37.724+0800][992.465s] GC(133)   Evacuate Collection Set: 0.5ms
[2022-03-28T16:39:37.724+0800][992.465s] GC(133)   Post Evacuate Collection Set: 0.2ms
[2022-03-28T16:39:37.724+0800][992.465s] GC(133)   Other: 0.2ms
[2022-03-28T16:39:37.724+0800][992.465s] GC(133) Eden regions: 13->0(24)
[2022-03-28T16:39:37.724+0800][992.465s] GC(133) Survivor regions: 1->1(2)
[2022-03-28T16:39:37.724+0800][992.466s] GC(133) Old regions: 467->467
[2022-03-28T16:39:37.724+0800][992.466s] GC(133) Archive regions: 0->0
[2022-03-28T16:39:37.724+0800][992.466s] GC(133) Humongous regions: 29->29
[2022-03-28T16:39:37.724+0800][992.466s] GC(133) Metaspace: 50299K(50688K)->50299K(50688K) NonClass: 44331K(44544K)->44331K(44544K) Class: 5968K(6144K)->5968K(6144K)
[2022-03-28T16:39:37.724+0800][992.466s] GC(133) Pause Young (Normal) (G1 Preventive Collection) 506M->493M(512M) 1.142ms
[2022-03-28T16:39:37.724+0800][992.466s] GC(133) User=0.00s Sys=0.00s Real=0.00s
[2022-03-28T16:39:37.917+0800][992.659s] GC(134) Pause Young (Normal) (G1 Preventive Collection)
[2022-03-28T16:39:37.917+0800][992.659s] GC(134) Using 8 workers of 8 for evacuation
[2022-03-28T16:39:37.917+0800][992.659s] GC(134)   Pre Evacuate Collection Set: 0.0ms
[2022-03-28T16:39:37.917+0800][992.660s] GC(134)   Merge Heap Roots: 0.0ms
[2022-03-28T16:39:37.917+0800][992.660s] GC(134)   Evacuate Collection Set: 0.4ms
[2022-03-28T16:39:37.917+0800][992.660s] GC(134)   Post Evacuate Collection Set: 0.2ms
[2022-03-28T16:39:37.917+0800][992.660s] GC(134)   Other: 0.2ms
[2022-03-28T16:39:37.917+0800][992.660s] GC(134) Eden regions: 13->0(24)
[2022-03-28T16:39:37.917+0800][992.660s] GC(134) Survivor regions: 1->1(2)
[2022-03-28T16:39:37.918+0800][992.660s] GC(134) Old regions: 467->467
[2022-03-28T16:39:37.918+0800][992.660s] GC(134) Archive regions: 0->0
[2022-03-28T16:39:37.918+0800][992.660s] GC(134) Humongous regions: 29->29
[2022-03-28T16:39:37.918+0800][992.660s] GC(134) Metaspace: 50299K(50688K)->50299K(50688K) NonClass: 44331K(44544K)->44331K(44544K) Class: 5968K(6144K)->5968K(6144K)
[2022-03-28T16:39:37.918+0800][992.660s] GC(134) Pause Young (Normal) (G1 Preventive Collection) 506M->493M(512M) 1.019ms
[2022-03-28T16:39:37.918+0800][992.660s] GC(134) User=0.00s Sys=0.00s Real=0.00s
[2022-03-28T16:39:38.113+0800][992.855s] GC(131) Concurrent Mark From Roots 736.820ms
[2022-03-28T16:39:38.113+0800][992.855s] GC(131) Concurrent Preclean
[2022-03-28T16:39:38.113+0800][992.855s] GC(131) Concurrent Preclean 0.253ms
[2022-03-28T16:39:38.114+0800][992.856s] GC(131) Pause Remark
[2022-03-28T16:39:38.117+0800][992.859s] GC(131) Pause Remark 506M->506M(512M) 3.081ms
[2022-03-28T16:39:38.117+0800][992.859s] GC(131) User=0.00s Sys=0.00s Real=0.00s
[2022-03-28T16:39:38.117+0800][992.859s] GC(131) Concurrent Mark 740.504ms
[2022-03-28T16:39:38.117+0800][992.859s] GC(131) Concurrent Rebuild Remembered Sets
[2022-03-28T16:39:38.124+0800][992.866s] GC(135) Pause Young (Normal) (G1 Preventive Collection)
[2022-03-28T16:39:38.124+0800][992.866s] GC(135) Using 8 workers of 8 for evacuation
[2022-03-28T16:39:38.126+0800][992.868s] GC(135)   Pre Evacuate Collection Set: 0.0ms
[2022-03-28T16:39:38.126+0800][992.868s] GC(135)   Merge Heap Roots: 0.0ms
[2022-03-28T16:39:38.126+0800][992.868s] GC(135)   Evacuate Collection Set: 0.6ms
[2022-03-28T16:39:38.126+0800][992.868s] GC(135)   Post Evacuate Collection Set: 0.4ms
[2022-03-28T16:39:38.126+0800][992.868s] GC(135)   Other: 0.2ms
[2022-03-28T16:39:38.126+0800][992.868s] GC(135) Eden regions: 13->0(24)
[2022-03-28T16:39:38.126+0800][992.868s] GC(135) Survivor regions: 1->1(2)
[2022-03-28T16:39:38.126+0800][992.868s] GC(135) Old regions: 467->467
[2022-03-28T16:39:38.126+0800][992.868s] GC(135) Archive regions: 0->0
[2022-03-28T16:39:38.126+0800][992.868s] GC(135) Humongous regions: 29->29
[2022-03-28T16:39:38.126+0800][992.868s] GC(135) Metaspace: 50299K(50688K)->50299K(50688K) NonClass: 44331K(44544K)->44331K(44544K) Class: 5968K(6144K)->5968K(6144K)
[2022-03-28T16:39:38.126+0800][992.868s] GC(135) Pause Young (Normal) (G1 Preventive Collection) 506M->493M(512M) 1.695ms
[2022-03-28T16:39:38.126+0800][992.868s] GC(135) User=0.00s Sys=0.00s Real=0.00s
[2022-03-28T16:39:38.314+0800][993.055s] GC(136) Pause Young (Normal) (G1 Preventive Collection)
[2022-03-28T16:39:38.314+0800][993.055s] GC(136) Using 8 workers of 8 for evacuation
[2022-03-28T16:39:38.314+0800][993.056s] GC(136)   Pre Evacuate Collection Set: 0.1ms
[2022-03-28T16:39:38.314+0800][993.056s] GC(136)   Merge Heap Roots: 0.0ms
[2022-03-28T16:39:38.314+0800][993.056s] GC(136)   Evacuate Collection Set: 0.5ms
[2022-03-28T16:39:38.314+0800][993.056s] GC(136)   Post Evacuate Collection Set: 0.2ms
[2022-03-28T16:39:38.314+0800][993.056s] GC(136)   Other: 0.2ms
[2022-03-28T16:39:38.314+0800][993.056s] GC(136) Eden regions: 13->0(24)
[2022-03-28T16:39:38.314+0800][993.056s] GC(136) Survivor regions: 1->1(2)
[2022-03-28T16:39:38.314+0800][993.056s] GC(136) Old regions: 467->467
[2022-03-28T16:39:38.314+0800][993.056s] GC(136) Archive regions: 0->0
[2022-03-28T16:39:38.315+0800][993.056s] GC(136) Humongous regions: 29->29
[2022-03-28T16:39:38.315+0800][993.056s] GC(136) Metaspace: 50299K(50688K)->50299K(50688K) NonClass: 44331K(44544K)->44331K(44544K) Class: 5968K(6144K)->5968K(6144K)
[2022-03-28T16:39:38.315+0800][993.056s] GC(136) Pause Young (Normal) (G1 Preventive Collection) 506M->493M(512M) 1.155ms
[2022-03-28T16:39:38.315+0800][993.056s] GC(136) User=0.00s Sys=0.00s Real=0.00s
[2022-03-28T16:39:38.495+0800][993.236s] GC(131) Concurrent Rebuild Remembered Sets 377.373ms
[2022-03-28T16:39:38.495+0800][993.236s] GC(131) Pause Cleanup
[2022-03-28T16:39:38.495+0800][993.237s] GC(131) Pause Cleanup 506M->506M(512M) 0.208ms
[2022-03-28T16:39:38.495+0800][993.237s] GC(131) User=0.00s Sys=0.00s Real=0.00s
[2022-03-28T16:39:38.495+0800][993.237s] GC(131) Concurrent Cleanup for Next Mark
[2022-03-28T16:39:38.496+0800][993.238s] GC(131) Concurrent Cleanup for Next Mark 0.905ms
[2022-03-28T16:39:38.496+0800][993.238s] GC(131) Concurrent Mark Cycle 1121.092ms
[2022-03-28T16:39:38.507+0800][993.249s] GC(137) Pause Young (Normal) (G1 Preventive Collection)
[2022-03-28T16:39:38.507+0800][993.249s] GC(137) Using 8 workers of 8 for evacuation
[2022-03-28T16:39:38.508+0800][993.250s] GC(137)   Pre Evacuate Collection Set: 0.1ms
[2022-03-28T16:39:38.508+0800][993.250s] GC(137)   Merge Heap Roots: 0.0ms
[2022-03-28T16:39:38.508+0800][993.250s] GC(137)   Evacuate Collection Set: 0.5ms
[2022-03-28T16:39:38.508+0800][993.250s] GC(137)   Post Evacuate Collection Set: 0.3ms
[2022-03-28T16:39:38.508+0800][993.250s] GC(137)   Other: 0.2ms
[2022-03-28T16:39:38.508+0800][993.250s] GC(137) Eden regions: 13->0(24)
[2022-03-28T16:39:38.508+0800][993.250s] GC(137) Survivor regions: 1->1(2)
[2022-03-28T16:39:38.508+0800][993.250s] GC(137) Old regions: 467->467
[2022-03-28T16:39:38.508+0800][993.250s] GC(137) Archive regions: 0->0
[2022-03-28T16:39:38.508+0800][993.250s] GC(137) Humongous regions: 29->29
[2022-03-28T16:39:38.508+0800][993.250s] GC(137) Metaspace: 50299K(50688K)->50299K(50688K) NonClass: 44331K(44544K)->44331K(44544K) Class: 5968K(6144K)->5968K(6144K)
[2022-03-28T16:39:38.508+0800][993.250s] GC(137) Pause Young (Normal) (G1 Preventive Collection) 506M->493M(512M) 1.382ms
[2022-03-28T16:39:38.508+0800][993.250s] GC(137) User=0.00s Sys=0.00s Real=0.00s
[2022-03-28T16:39:38.679+0800][993.420s] GC(138) Pause Young (Concurrent Start) (G1 Preventive Collection)
[2022-03-28T16:39:38.679+0800][993.420s] GC(138) Using 8 workers of 8 for evacuation
[2022-03-28T16:39:38.680+0800][993.422s] GC(138)   Pre Evacuate Collection Set: 0.1ms
[2022-03-28T16:39:38.680+0800][993.422s] GC(138)   Merge Heap Roots: 0.0ms
[2022-03-28T16:39:38.680+0800][993.422s] GC(138)   Evacuate Collection Set: 0.7ms
[2022-03-28T16:39:38.680+0800][993.422s] GC(138)   Post Evacuate Collection Set: 0.3ms
[2022-03-28T16:39:38.680+0800][993.422s] GC(138)   Other: 0.2ms
[2022-03-28T16:39:38.680+0800][993.422s] GC(138) Eden regions: 13->0(24)
[2022-03-28T16:39:38.680+0800][993.422s] GC(138) Survivor regions: 1->1(2)
[2022-03-28T16:39:38.680+0800][993.422s] GC(138) Old regions: 467->467
[2022-03-28T16:39:38.680+0800][993.422s] GC(138) Archive regions: 0->0
[2022-03-28T16:39:38.680+0800][993.422s] GC(138) Humongous regions: 29->29
[2022-03-28T16:39:38.680+0800][993.422s] GC(138) Metaspace: 50299K(50688K)->50299K(50688K) NonClass: 44331K(44544K)->44331K(44544K) Class: 5968K(6144K)->5968K(6144K)
[2022-03-28T16:39:38.680+0800][993.422s] GC(138) Pause Young (Concurrent Start) (G1 Preventive Collection) 506M->493M(512M) 1.494ms
[2022-03-28T16:39:38.680+0800][993.422s] GC(138) User=0.00s Sys=0.00s Real=0.00s
[2022-03-28T16:39:38.680+0800][993.422s] GC(139) Concurrent Mark Cycle
[2022-03-28T16:39:38.680+0800][993.422s] GC(139) Concurrent Clear Claimed Marks
[2022-03-28T16:39:38.680+0800][993.422s] GC(139) Concurrent Clear Claimed Marks 0.035ms
[2022-03-28T16:39:38.680+0800][993.422s] GC(139) Concurrent Scan Root Regions
[2022-03-28T16:39:38.682+0800][993.424s] GC(139) Concurrent Scan Root Regions 1.736ms
[2022-03-28T16:39:38.682+0800][993.424s] GC(139) Concurrent Mark
[2022-03-28T16:39:38.682+0800][993.424s] GC(139) Concurrent Mark From Roots
[2022-03-28T16:39:38.682+0800][993.424s] GC(139) Using 2 workers of 2 for marking
[2022-03-28T16:39:38.885+0800][993.628s] GC(140) Pause Young (Normal) (G1 Preventive Collection)
[2022-03-28T16:39:38.885+0800][993.628s] GC(140) Using 8 workers of 8 for evacuation
[2022-03-28T16:39:38.887+0800][993.629s] GC(140)   Pre Evacuate Collection Set: 0.1ms
[2022-03-28T16:39:38.887+0800][993.629s] GC(140)   Merge Heap Roots: 0.1ms
[2022-03-28T16:39:38.887+0800][993.629s] GC(140)   Evacuate Collection Set: 0.6ms
[2022-03-28T16:39:38.887+0800][993.629s] GC(140)   Post Evacuate Collection Set: 0.3ms
[2022-03-28T16:39:38.887+0800][993.629s] GC(140)   Other: 0.2ms
[2022-03-28T16:39:38.887+0800][993.629s] GC(140) Eden regions: 13->0(24)
[2022-03-28T16:39:38.887+0800][993.629s] GC(140) Survivor regions: 1->1(2)
[2022-03-28T16:39:38.887+0800][993.629s] GC(140) Old regions: 467->467
[2022-03-28T16:39:38.887+0800][993.629s] GC(140) Archive regions: 0->0
[2022-03-28T16:39:38.887+0800][993.629s] GC(140) Humongous regions: 29->29
[2022-03-28T16:39:38.887+0800][993.629s] GC(140) Metaspace: 50299K(50688K)->50299K(50688K) NonClass: 44331K(44544K)->44331K(44544K) Class: 5968K(6144K)->5968K(6144K)
[2022-03-28T16:39:38.887+0800][993.629s] GC(140) Pause Young (Normal) (G1 Preventive Collection) 506M->493M(512M) 1.558ms
[2022-03-28T16:39:38.887+0800][993.629s] GC(140) User=0.00s Sys=0.00s Real=0.00s
[2022-03-28T16:39:39.100+0800][993.842s] GC(141) Pause Young (Normal) (G1 Preventive Collection)
[2022-03-28T16:39:39.100+0800][993.842s] GC(141) Using 8 workers of 8 for evacuation
[2022-03-28T16:39:39.102+0800][993.843s] GC(141)   Pre Evacuate Collection Set: 0.1ms
[2022-03-28T16:39:39.102+0800][993.843s] GC(141)   Merge Heap Roots: 0.0ms
[2022-03-28T16:39:39.102+0800][993.843s] GC(141)   Evacuate Collection Set: 0.6ms
[2022-03-28T16:39:39.102+0800][993.843s] GC(141)   Post Evacuate Collection Set: 0.3ms
[2022-03-28T16:39:39.102+0800][993.843s] GC(141)   Other: 0.1ms
[2022-03-28T16:39:39.102+0800][993.843s] GC(141) Eden regions: 13->0(24)
[2022-03-28T16:39:39.102+0800][993.843s] GC(141) Survivor regions: 1->1(2)
[2022-03-28T16:39:39.102+0800][993.843s] GC(141) Old regions: 467->467
[2022-03-28T16:39:39.102+0800][993.844s] GC(141) Archive regions: 0->0
[2022-03-28T16:39:39.102+0800][993.844s] GC(141) Humongous regions: 29->29
[2022-03-28T16:39:39.102+0800][993.844s] GC(141) Metaspace: 50299K(50688K)->50299K(50688K) NonClass: 44331K(44544K)->44331K(44544K) Class: 5968K(6144K)->5968K(6144K)
[2022-03-28T16:39:39.102+0800][993.844s] GC(141) Pause Young (Normal) (G1 Preventive Collection) 506M->493M(512M) 1.527ms
[2022-03-28T16:39:39.102+0800][993.844s] GC(141) User=0.00s Sys=0.00s Real=0.00s
[2022-03-28T16:39:39.312+0800][994.054s] GC(142) Pause Young (Normal) (G1 Preventive Collection)
[2022-03-28T16:39:39.312+0800][994.054s] GC(142) Using 8 workers of 8 for evacuation
[2022-03-28T16:39:39.313+0800][994.055s] GC(142)   Pre Evacuate Collection Set: 0.1ms
[2022-03-28T16:39:39.313+0800][994.055s] GC(142)   Merge Heap Roots: 0.0ms
[2022-03-28T16:39:39.313+0800][994.055s] GC(142)   Evacuate Collection Set: 0.4ms
[2022-03-28T16:39:39.313+0800][994.055s] GC(142)   Post Evacuate Collection Set: 0.2ms
[2022-03-28T16:39:39.313+0800][994.055s] GC(142)   Other: 0.1ms
[2022-03-28T16:39:39.313+0800][994.055s] GC(142) Eden regions: 13->0(24)
[2022-03-28T16:39:39.313+0800][994.055s] GC(142) Survivor regions: 1->1(2)
[2022-03-28T16:39:39.313+0800][994.055s] GC(142) Old regions: 467->467
[2022-03-28T16:39:39.313+0800][994.055s] GC(142) Archive regions: 0->0
[2022-03-28T16:39:39.313+0800][994.055s] GC(142) Humongous regions: 29->29
[2022-03-28T16:39:39.313+0800][994.055s] GC(142) Metaspace: 50299K(50688K)->50299K(50688K) NonClass: 44331K(44544K)->44331K(44544K) Class: 5968K(6144K)->5968K(6144K)
[2022-03-28T16:39:39.313+0800][994.055s] GC(142) Pause Young (Normal) (G1 Preventive Collection) 506M->493M(512M) 1.081ms
[2022-03-28T16:39:39.313+0800][994.055s] GC(142) User=0.00s Sys=0.00s Real=0.00s
[2022-03-28T16:39:39.467+0800][994.209s] GC(139) Concurrent Mark From Roots 784.861ms
[2022-03-28T16:39:39.467+0800][994.209s] GC(139) Concurrent Preclean
[2022-03-28T16:39:39.467+0800][994.209s] GC(139) Concurrent Preclean 0.134ms
[2022-03-28T16:39:39.467+0800][994.209s] GC(139) Pause Remark
[2022-03-28T16:39:39.470+0800][994.211s] GC(139) Pause Remark 502M->502M(512M) 2.472ms
[2022-03-28T16:39:39.470+0800][994.212s] GC(139) User=0.00s Sys=0.00s Real=0.00s
[2022-03-28T16:39:39.470+0800][994.212s] GC(139) Concurrent Mark 787.804ms
[2022-03-28T16:39:39.470+0800][994.212s] GC(139) Concurrent Rebuild Remembered Sets
[2022-03-28T16:39:39.544+0800][994.286s] GC(143) Pause Young (Normal) (G1 Preventive Collection)
[2022-03-28T16:39:39.544+0800][994.286s] GC(143) Using 8 workers of 8 for evacuation
[2022-03-28T16:39:39.545+0800][994.287s] GC(143)   Pre Evacuate Collection Set: 0.1ms
[2022-03-28T16:39:39.545+0800][994.287s] GC(143)   Merge Heap Roots: 0.0ms
[2022-03-28T16:39:39.545+0800][994.287s] GC(143)   Evacuate Collection Set: 0.6ms
[2022-03-28T16:39:39.545+0800][994.287s] GC(143)   Post Evacuate Collection Set: 0.3ms
[2022-03-28T16:39:39.545+0800][994.287s] GC(143)   Other: 0.2ms
[2022-03-28T16:39:39.545+0800][994.287s] GC(143) Eden regions: 13->0(24)
[2022-03-28T16:39:39.545+0800][994.287s] GC(143) Survivor regions: 1->1(2)
[2022-03-28T16:39:39.545+0800][994.287s] GC(143) Old regions: 467->467
[2022-03-28T16:39:39.545+0800][994.287s] GC(143) Archive regions: 0->0
[2022-03-28T16:39:39.545+0800][994.287s] GC(143) Humongous regions: 29->29
[2022-03-28T16:39:39.545+0800][994.287s] GC(143) Metaspace: 50299K(50688K)->50299K(50688K) NonClass: 44331K(44544K)->44331K(44544K) Class: 5968K(6144K)->5968K(6144K)
[2022-03-28T16:39:39.545+0800][994.287s] GC(143) Pause Young (Normal) (G1 Preventive Collection) 506M->493M(512M) 1.520ms
[2022-03-28T16:39:39.545+0800][994.287s] GC(143) User=0.00s Sys=0.00s Real=0.00s
[2022-03-28T16:39:39.760+0800][994.502s] GC(144) Pause Young (Normal) (G1 Preventive Collection)
[2022-03-28T16:39:39.760+0800][994.502s] GC(144) Using 8 workers of 8 for evacuation
[2022-03-28T16:39:39.762+0800][994.503s] GC(144)   Pre Evacuate Collection Set: 0.1ms
[2022-03-28T16:39:39.762+0800][994.503s] GC(144)   Merge Heap Roots: 0.0ms
[2022-03-28T16:39:39.762+0800][994.503s] GC(144)   Evacuate Collection Set: 0.5ms
[2022-03-28T16:39:39.762+0800][994.503s] GC(144)   Post Evacuate Collection Set: 0.4ms
[2022-03-28T16:39:39.762+0800][994.504s] GC(144)   Other: 0.3ms
[2022-03-28T16:39:39.762+0800][994.504s] GC(144) Eden regions: 13->0(24)
[2022-03-28T16:39:39.762+0800][994.504s] GC(144) Survivor regions: 1->1(2)
[2022-03-28T16:39:39.762+0800][994.504s] GC(144) Old regions: 467->467
[2022-03-28T16:39:39.762+0800][994.504s] GC(144) Archive regions: 0->0
[2022-03-28T16:39:39.762+0800][994.504s] GC(144) Humongous regions: 29->29
[2022-03-28T16:39:39.762+0800][994.504s] GC(144) Metaspace: 50299K(50688K)->50299K(50688K) NonClass: 44331K(44544K)->44331K(44544K) Class: 5968K(6144K)->5968K(6144K)
[2022-03-28T16:39:39.762+0800][994.504s] GC(144) Pause Young (Normal) (G1 Preventive Collection) 506M->493M(512M) 1.893ms
[2022-03-28T16:39:39.762+0800][994.504s] GC(144) User=0.00s Sys=0.00s Real=0.00s
[2022-03-28T16:39:39.830+0800][994.572s] GC(139) Concurrent Rebuild Remembered Sets 360.110ms
[2022-03-28T16:39:39.830+0800][994.572s] GC(139) Pause Cleanup
[2022-03-28T16:39:39.830+0800][994.572s] GC(139) Pause Cleanup 498M->498M(512M) 0.215ms
[2022-03-28T16:39:39.830+0800][994.572s] GC(139) User=0.00s Sys=0.00s Real=0.00s
[2022-03-28T16:39:39.830+0800][994.572s] GC(139) Concurrent Cleanup for Next Mark
[2022-03-28T16:39:39.831+0800][994.573s] GC(139) Concurrent Cleanup for Next Mark 0.314ms
[2022-03-28T16:39:39.831+0800][994.573s] GC(139) Concurrent Mark Cycle 1150.683ms
[2022-03-28T16:39:39.976+0800][994.719s] GC(145) Pause Young (Normal) (G1 Preventive Collection)
[2022-03-28T16:39:39.976+0800][994.719s] GC(145) Using 8 workers of 8 for evacuation
[2022-03-28T16:39:39.978+0800][994.720s] GC(145)   Pre Evacuate Collection Set: 0.1ms
[2022-03-28T16:39:39.978+0800][994.720s] GC(145)   Merge Heap Roots: 0.1ms
[2022-03-28T16:39:39.978+0800][994.720s] GC(145)   Evacuate Collection Set: 0.7ms
[2022-03-28T16:39:39.978+0800][994.720s] GC(145)   Post Evacuate Collection Set: 0.4ms
[2022-03-28T16:39:39.978+0800][994.720s] GC(145)   Other: 0.3ms
[2022-03-28T16:39:39.978+0800][994.720s] GC(145) Eden regions: 13->0(24)
[2022-03-28T16:39:39.978+0800][994.720s] GC(145) Survivor regions: 1->1(2)
[2022-03-28T16:39:39.978+0800][994.720s] GC(145) Old regions: 467->467
[2022-03-28T16:39:39.978+0800][994.720s] GC(145) Archive regions: 0->0
[2022-03-28T16:39:39.978+0800][994.720s] GC(145) Humongous regions: 29->29
[2022-03-28T16:39:39.978+0800][994.720s] GC(145) Metaspace: 50299K(50688K)->50299K(50688K) NonClass: 44331K(44544K)->44331K(44544K) Class: 5968K(6144K)->5968K(6144K)
[2022-03-28T16:39:39.978+0800][994.720s] GC(145) Pause Young (Normal) (G1 Preventive Collection) 506M->493M(512M) 1.684ms
[2022-03-28T16:39:39.978+0800][994.720s] GC(145) User=0.08s Sys=0.00s Real=0.00s
[2022-03-28T16:39:40.179+0800][994.921s] GC(146) Pause Young (Concurrent Start) (G1 Preventive Collection)
[2022-03-28T16:39:40.179+0800][994.921s] GC(146) Using 8 workers of 8 for evacuation
[2022-03-28T16:39:40.181+0800][994.922s] GC(146)   Pre Evacuate Collection Set: 0.1ms
[2022-03-28T16:39:40.181+0800][994.922s] GC(146)   Merge Heap Roots: 0.0ms
[2022-03-28T16:39:40.181+0800][994.922s] GC(146)   Evacuate Collection Set: 0.7ms
[2022-03-28T16:39:40.181+0800][994.922s] GC(146)   Post Evacuate Collection Set: 0.4ms
[2022-03-28T16:39:40.181+0800][994.922s] GC(146)   Other: 0.3ms
[2022-03-28T16:39:40.181+0800][994.922s] GC(146) Eden regions: 13->0(24)
[2022-03-28T16:39:40.181+0800][994.922s] GC(146) Survivor regions: 1->1(2)
[2022-03-28T16:39:40.181+0800][994.922s] GC(146) Old regions: 467->467
[2022-03-28T16:39:40.181+0800][994.922s] GC(146) Archive regions: 0->0
[2022-03-28T16:39:40.181+0800][994.922s] GC(146) Humongous regions: 29->29
[2022-03-28T16:39:40.181+0800][994.922s] GC(146) Metaspace: 50299K(50688K)->50299K(50688K) NonClass: 44331K(44544K)->44331K(44544K) Class: 5968K(6144K)->5968K(6144K)
[2022-03-28T16:39:40.181+0800][994.923s] GC(146) Pause Young (Concurrent Start) (G1 Preventive Collection) 506M->493M(512M) 1.758ms
[2022-03-28T16:39:40.181+0800][994.923s] GC(146) User=0.00s Sys=0.00s Real=0.00s
[2022-03-28T16:39:40.181+0800][994.923s] GC(147) Concurrent Mark Cycle
[2022-03-28T16:39:40.181+0800][994.923s] GC(147) Concurrent Clear Claimed Marks
[2022-03-28T16:39:40.181+0800][994.923s] GC(147) Concurrent Clear Claimed Marks 0.044ms
[2022-03-28T16:39:40.181+0800][994.923s] GC(147) Concurrent Scan Root Regions
[2022-03-28T16:39:40.182+0800][994.924s] GC(147) Concurrent Scan Root Regions 0.889ms
[2022-03-28T16:39:40.182+0800][994.924s] GC(147) Concurrent Mark
[2022-03-28T16:39:40.182+0800][994.924s] GC(147) Concurrent Mark From Roots
[2022-03-28T16:39:40.182+0800][994.924s] GC(147) Using 2 workers of 2 for marking
[2022-03-28T16:39:40.891+0800][995.633s] GC(147) Concurrent Mark From Roots 709.207ms
[2022-03-28T16:39:40.891+0800][995.633s] GC(147) Concurrent Preclean
[2022-03-28T16:39:40.891+0800][995.633s] GC(147) Concurrent Preclean 0.305ms
[2022-03-28T16:39:40.892+0800][995.633s] GC(147) Pause Remark
[2022-03-28T16:39:40.894+0800][995.636s] GC(147) Pause Remark 501M->501M(512M) 2.334ms
[2022-03-28T16:39:40.894+0800][995.636s] GC(147) User=0.00s Sys=0.00s Real=0.00s
[2022-03-28T16:39:40.894+0800][995.636s] GC(147) Concurrent Mark 712.248ms
[2022-03-28T16:39:40.894+0800][995.636s] GC(147) Concurrent Rebuild Remembered Sets
[2022-03-28T16:39:41.256+0800][995.998s] GC(147) Concurrent Rebuild Remembered Sets 361.796ms
[2022-03-28T16:39:41.256+0800][995.998s] GC(147) Pause Cleanup
[2022-03-28T16:39:41.256+0800][995.998s] GC(147) Pause Cleanup 501M->501M(512M) 0.315ms
[2022-03-28T16:39:41.256+0800][995.998s] GC(147) User=0.00s Sys=0.00s Real=0.00s
[2022-03-28T16:39:41.257+0800][995.998s] GC(147) Concurrent Cleanup for Next Mark
[2022-03-28T16:39:41.257+0800][995.999s] GC(147) Concurrent Cleanup for Next Mark 0.474ms
[2022-03-28T16:39:41.257+0800][995.999s] GC(147) Concurrent Mark Cycle 1076.355ms
[2022-03-28T16:39:50.465+0800][1005.207s] GC(148) Pause Young (Normal) (G1 Preventive Collection)
[2022-03-28T16:39:50.465+0800][1005.207s] GC(148) Using 8 workers of 8 for evacuation
[2022-03-28T16:39:50.466+0800][1005.208s] GC(148)   Pre Evacuate Collection Set: 0.1ms
[2022-03-28T16:39:50.466+0800][1005.208s] GC(148)   Merge Heap Roots: 0.1ms
[2022-03-28T16:39:50.466+0800][1005.208s] GC(148)   Evacuate Collection Set: 0.6ms
[2022-03-28T16:39:50.466+0800][1005.208s] GC(148)   Post Evacuate Collection Set: 0.2ms
[2022-03-28T16:39:50.466+0800][1005.208s] GC(148)   Other: 0.1ms
[2022-03-28T16:39:50.466+0800][1005.208s] GC(148) Eden regions: 13->0(24)
[2022-03-28T16:39:50.466+0800][1005.208s] GC(148) Survivor regions: 1->1(2)
[2022-03-28T16:39:50.466+0800][1005.208s] GC(148) Old regions: 467->467
[2022-03-28T16:39:50.466+0800][1005.208s] GC(148) Archive regions: 0->0
[2022-03-28T16:39:50.466+0800][1005.208s] GC(148) Humongous regions: 29->29
[2022-03-28T16:39:50.466+0800][1005.208s] GC(148) Metaspace: 50303K(50688K)->50303K(50688K) NonClass: 44335K(44544K)->44335K(44544K) Class: 5968K(6144K)->5968K(6144K)
[2022-03-28T16:39:50.466+0800][1005.208s] GC(148) Pause Young (Normal) (G1 Preventive Collection) 506M->493M(512M) 1.336ms
[2022-03-28T16:39:50.466+0800][1005.208s] GC(148) User=0.00s Sys=0.00s Real=0.00s
[2022-03-28T16:39:50.562+0800][1005.305s] GC(149) Pause Young (Concurrent Start) (G1 Preventive Collection)
[2022-03-28T16:39:50.562+0800][1005.305s] GC(149) Using 8 workers of 8 for evacuation
[2022-03-28T16:39:50.564+0800][1005.305s] GC(149)   Pre Evacuate Collection Set: 0.1ms
[2022-03-28T16:39:50.564+0800][1005.305s] GC(149)   Merge Heap Roots: 0.0ms
[2022-03-28T16:39:50.564+0800][1005.305s] GC(149)   Evacuate Collection Set: 0.5ms
[2022-03-28T16:39:50.564+0800][1005.305s] GC(149)   Post Evacuate Collection Set: 0.2ms
[2022-03-28T16:39:50.564+0800][1005.305s] GC(149)   Other: 0.1ms
[2022-03-28T16:39:50.564+0800][1005.305s] GC(149) Eden regions: 13->0(24)
[2022-03-28T16:39:50.564+0800][1005.306s] GC(149) Survivor regions: 1->1(2)
[2022-03-28T16:39:50.564+0800][1005.306s] GC(149) Old regions: 467->467
[2022-03-28T16:39:50.564+0800][1005.306s] GC(149) Archive regions: 0->0
[2022-03-28T16:39:50.564+0800][1005.306s] GC(149) Humongous regions: 29->29
[2022-03-28T16:39:50.564+0800][1005.306s] GC(149) Metaspace: 50303K(50688K)->50303K(50688K) NonClass: 44335K(44544K)->44335K(44544K) Class: 5968K(6144K)->5968K(6144K)
[2022-03-28T16:39:50.564+0800][1005.306s] GC(149) Pause Young (Concurrent Start) (G1 Preventive Collection) 506M->493M(512M) 1.051ms
[2022-03-28T16:39:50.564+0800][1005.306s] GC(149) User=0.00s Sys=0.00s Real=0.00s
[2022-03-28T16:39:50.564+0800][1005.306s] GC(150) Concurrent Mark Cycle
[2022-03-28T16:39:50.564+0800][1005.306s] GC(150) Concurrent Clear Claimed Marks
[2022-03-28T16:39:50.564+0800][1005.306s] GC(150) Concurrent Clear Claimed Marks 0.020ms
[2022-03-28T16:39:50.564+0800][1005.306s] GC(150) Concurrent Scan Root Regions
[2022-03-28T16:39:50.564+0800][1005.307s] GC(150) Concurrent Scan Root Regions 0.916ms
[2022-03-28T16:39:50.564+0800][1005.307s] GC(150) Concurrent Mark
[2022-03-28T16:39:50.564+0800][1005.307s] GC(150) Concurrent Mark From Roots
[2022-03-28T16:39:50.564+0800][1005.307s] GC(150) Using 2 workers of 2 for marking
[2022-03-28T16:39:50.676+0800][1005.419s] GC(151) Pause Young (Normal) (G1 Preventive Collection)
[2022-03-28T16:39:50.677+0800][1005.419s] GC(151) Using 8 workers of 8 for evacuation
[2022-03-28T16:39:50.678+0800][1005.420s] GC(151)   Pre Evacuate Collection Set: 0.1ms
[2022-03-28T16:39:50.678+0800][1005.420s] GC(151)   Merge Heap Roots: 0.0ms
[2022-03-28T16:39:50.678+0800][1005.420s] GC(151)   Evacuate Collection Set: 0.5ms
[2022-03-28T16:39:50.678+0800][1005.420s] GC(151)   Post Evacuate Collection Set: 0.2ms
[2022-03-28T16:39:50.678+0800][1005.420s] GC(151)   Other: 0.1ms
[2022-03-28T16:39:50.678+0800][1005.420s] GC(151) Eden regions: 13->0(24)
[2022-03-28T16:39:50.678+0800][1005.420s] GC(151) Survivor regions: 1->1(2)
[2022-03-28T16:39:50.678+0800][1005.420s] GC(151) Old regions: 467->467
[2022-03-28T16:39:50.678+0800][1005.420s] GC(151) Archive regions: 0->0
[2022-03-28T16:39:50.678+0800][1005.420s] GC(151) Humongous regions: 29->29
[2022-03-28T16:39:50.678+0800][1005.420s] GC(151) Metaspace: 50303K(50688K)->50303K(50688K) NonClass: 44335K(44544K)->44335K(44544K) Class: 5968K(6144K)->5968K(6144K)
[2022-03-28T16:39:50.678+0800][1005.420s] GC(151) Pause Young (Normal) (G1 Preventive Collection) 506M->493M(512M) 1.136ms
[2022-03-28T16:39:50.678+0800][1005.420s] GC(151) User=0.00s Sys=0.00s Real=0.00s
[2022-03-28T16:39:50.815+0800][1005.557s] GC(152) Pause Young (Normal) (G1 Preventive Collection)
[2022-03-28T16:39:50.815+0800][1005.557s] GC(152) Using 8 workers of 8 for evacuation
[2022-03-28T16:39:50.816+0800][1005.558s] GC(152)   Pre Evacuate Collection Set: 0.0ms
[2022-03-28T16:39:50.816+0800][1005.558s] GC(152)   Merge Heap Roots: 0.0ms
[2022-03-28T16:39:50.816+0800][1005.558s] GC(152)   Evacuate Collection Set: 0.5ms
[2022-03-28T16:39:50.816+0800][1005.558s] GC(152)   Post Evacuate Collection Set: 0.2ms
[2022-03-28T16:39:50.816+0800][1005.558s] GC(152)   Other: 0.1ms
[2022-03-28T16:39:50.816+0800][1005.558s] GC(152) Eden regions: 14->0(24)
[2022-03-28T16:39:50.816+0800][1005.558s] GC(152) Survivor regions: 1->1(1)
[2022-03-28T16:39:50.816+0800][1005.558s] GC(152) Old regions: 467->467
[2022-03-28T16:39:50.816+0800][1005.558s] GC(152) Archive regions: 0->0
[2022-03-28T16:39:50.816+0800][1005.558s] GC(152) Humongous regions: 29->29
[2022-03-28T16:39:50.816+0800][1005.558s] GC(152) Metaspace: 50303K(50688K)->50303K(50688K) NonClass: 44335K(44544K)->44335K(44544K) Class: 5968K(6144K)->5968K(6144K)
[2022-03-28T16:39:50.816+0800][1005.558s] GC(152) Pause Young (Normal) (G1 Preventive Collection) 507M->493M(512M) 0.972ms
[2022-03-28T16:39:50.816+0800][1005.558s] GC(152) User=0.00s Sys=0.00s Real=0.00s
[2022-03-28T16:39:50.994+0800][1005.735s] GC(153) Pause Young (Normal) (G1 Preventive Collection)
[2022-03-28T16:39:50.994+0800][1005.735s] GC(153) Using 8 workers of 8 for evacuation
[2022-03-28T16:39:50.994+0800][1005.736s] GC(153)   Pre Evacuate Collection Set: 0.0ms
[2022-03-28T16:39:50.994+0800][1005.736s] GC(153)   Merge Heap Roots: 0.0ms
[2022-03-28T16:39:50.994+0800][1005.736s] GC(153)   Evacuate Collection Set: 0.5ms
[2022-03-28T16:39:50.994+0800][1005.736s] GC(153)   Post Evacuate Collection Set: 0.3ms
[2022-03-28T16:39:50.994+0800][1005.736s] GC(153)   Other: 0.1ms
[2022-03-28T16:39:50.995+0800][1005.736s] GC(153) Eden regions: 14->0(24)
[2022-03-28T16:39:50.995+0800][1005.736s] GC(153) Survivor regions: 1->1(1)
[2022-03-28T16:39:50.995+0800][1005.736s] GC(153) Old regions: 467->467
[2022-03-28T16:39:50.995+0800][1005.736s] GC(153) Archive regions: 0->0
[2022-03-28T16:39:50.995+0800][1005.737s] GC(153) Humongous regions: 29->29
[2022-03-28T16:39:50.995+0800][1005.737s] GC(153) Metaspace: 50303K(50688K)->50303K(50688K) NonClass: 44335K(44544K)->44335K(44544K) Class: 5968K(6144K)->5968K(6144K)
[2022-03-28T16:39:50.995+0800][1005.737s] GC(153) Pause Young (Normal) (G1 Preventive Collection) 507M->493M(512M) 1.217ms
[2022-03-28T16:39:50.995+0800][1005.737s] GC(153) User=0.00s Sys=0.00s Real=0.00s
[2022-03-28T16:39:51.086+0800][1005.827s] GC(150) Concurrent Mark From Roots 520.523ms
[2022-03-28T16:39:51.086+0800][1005.827s] GC(150) Concurrent Preclean
[2022-03-28T16:39:51.086+0800][1005.827s] GC(150) Concurrent Preclean 0.140ms
[2022-03-28T16:39:51.086+0800][1005.827s] GC(150) Pause Remark
[2022-03-28T16:39:51.088+0800][1005.830s] GC(150) Pause Remark 500M->500M(512M) 2.113ms
[2022-03-28T16:39:51.088+0800][1005.830s] GC(150) User=0.06s Sys=0.02s Real=0.00s
[2022-03-28T16:39:51.088+0800][1005.830s] GC(150) Concurrent Mark 523.077ms
[2022-03-28T16:39:51.088+0800][1005.830s] GC(150) Concurrent Rebuild Remembered Sets
[2022-03-28T16:39:51.182+0800][1005.925s] GC(154) Pause Young (Normal) (G1 Preventive Collection)
[2022-03-28T16:39:51.182+0800][1005.925s] GC(154) Using 8 workers of 8 for evacuation
[2022-03-28T16:39:51.183+0800][1005.925s] GC(154)   Pre Evacuate Collection Set: 0.0ms
[2022-03-28T16:39:51.183+0800][1005.925s] GC(154)   Merge Heap Roots: 0.0ms
[2022-03-28T16:39:51.183+0800][1005.925s] GC(154)   Evacuate Collection Set: 0.4ms
[2022-03-28T16:39:51.183+0800][1005.926s] GC(154)   Post Evacuate Collection Set: 0.2ms
[2022-03-28T16:39:51.183+0800][1005.926s] GC(154)   Other: 0.2ms
[2022-03-28T16:39:51.183+0800][1005.926s] GC(154) Eden regions: 14->0(24)
[2022-03-28T16:39:51.183+0800][1005.926s] GC(154) Survivor regions: 1->1(1)
[2022-03-28T16:39:51.183+0800][1005.926s] GC(154) Old regions: 467->467
[2022-03-28T16:39:51.183+0800][1005.926s] GC(154) Archive regions: 0->0
[2022-03-28T16:39:51.183+0800][1005.926s] GC(154) Humongous regions: 29->29
[2022-03-28T16:39:51.183+0800][1005.926s] GC(154) Metaspace: 50303K(50688K)->50303K(50688K) NonClass: 44335K(44544K)->44335K(44544K) Class: 5968K(6144K)->5968K(6144K)
[2022-03-28T16:39:51.183+0800][1005.926s] GC(154) Pause Young (Normal) (G1 Preventive Collection) 507M->493M(512M) 1.108ms
[2022-03-28T16:39:51.183+0800][1005.926s] GC(154) User=0.00s Sys=0.00s Real=0.00s
[2022-03-28T16:39:51.357+0800][1006.099s] GC(155) Pause Young (Normal) (G1 Preventive Collection)
[2022-03-28T16:39:51.357+0800][1006.099s] GC(155) Using 8 workers of 8 for evacuation
[2022-03-28T16:39:51.358+0800][1006.100s] GC(155)   Pre Evacuate Collection Set: 0.0ms
[2022-03-28T16:39:51.358+0800][1006.100s] GC(155)   Merge Heap Roots: 0.0ms
[2022-03-28T16:39:51.358+0800][1006.100s] GC(155)   Evacuate Collection Set: 0.5ms
[2022-03-28T16:39:51.358+0800][1006.100s] GC(155)   Post Evacuate Collection Set: 0.3ms
[2022-03-28T16:39:51.358+0800][1006.100s] GC(155)   Other: 0.1ms
[2022-03-28T16:39:51.358+0800][1006.100s] GC(155) Eden regions: 13->0(24)
[2022-03-28T16:39:51.358+0800][1006.100s] GC(155) Survivor regions: 1->1(2)
[2022-03-28T16:39:51.358+0800][1006.100s] GC(155) Old regions: 467->467
[2022-03-28T16:39:51.358+0800][1006.100s] GC(155) Archive regions: 0->0
[2022-03-28T16:39:51.358+0800][1006.100s] GC(155) Humongous regions: 29->29
[2022-03-28T16:39:51.358+0800][1006.100s] GC(155) Metaspace: 50303K(50688K)->50303K(50688K) NonClass: 44335K(44544K)->44335K(44544K) Class: 5968K(6144K)->5968K(6144K)
[2022-03-28T16:39:51.358+0800][1006.100s] GC(155) Pause Young (Normal) (G1 Preventive Collection) 506M->493M(512M) 1.196ms
[2022-03-28T16:39:51.358+0800][1006.100s] GC(155) User=0.00s Sys=0.00s Real=0.00s
[2022-03-28T16:39:51.371+0800][1006.113s] GC(150) Concurrent Rebuild Remembered Sets 283.631ms
[2022-03-28T16:39:51.371+0800][1006.113s] GC(150) Pause Cleanup
[2022-03-28T16:39:51.372+0800][1006.114s] GC(150) Pause Cleanup 495M->495M(512M) 0.151ms
[2022-03-28T16:39:51.372+0800][1006.114s] GC(150) User=0.00s Sys=0.00s Real=0.00s
[2022-03-28T16:39:51.372+0800][1006.114s] GC(150) Concurrent Cleanup for Next Mark
[2022-03-28T16:39:51.372+0800][1006.114s] GC(150) Concurrent Cleanup for Next Mark 0.260ms
[2022-03-28T16:39:51.372+0800][1006.114s] GC(150) Concurrent Mark Cycle 808.393ms
[2022-03-28T16:39:55.511+0800][1010.253s] GC(156) Pause Young (Normal) (G1 Preventive Collection)
[2022-03-28T16:39:55.511+0800][1010.253s] GC(156) Using 8 workers of 8 for evacuation
[2022-03-28T16:39:55.512+0800][1010.254s] GC(156)   Pre Evacuate Collection Set: 0.1ms
[2022-03-28T16:39:55.512+0800][1010.254s] GC(156)   Merge Heap Roots: 0.0ms
[2022-03-28T16:39:55.512+0800][1010.254s] GC(156)   Evacuate Collection Set: 0.6ms
[2022-03-28T16:39:55.512+0800][1010.254s] GC(156)   Post Evacuate Collection Set: 0.3ms
[2022-03-28T16:39:55.512+0800][1010.254s] GC(156)   Other: 0.2ms
[2022-03-28T16:39:55.512+0800][1010.255s] GC(156) Eden regions: 13->0(24)
[2022-03-28T16:39:55.512+0800][1010.255s] GC(156) Survivor regions: 1->1(2)
[2022-03-28T16:39:55.513+0800][1010.255s] GC(156) Old regions: 467->467
[2022-03-28T16:39:55.513+0800][1010.255s] GC(156) Archive regions: 0->0
[2022-03-28T16:39:55.513+0800][1010.255s] GC(156) Humongous regions: 29->29
[2022-03-28T16:39:55.513+0800][1010.255s] GC(156) Metaspace: 50313K(50688K)->50313K(50688K) NonClass: 44345K(44544K)->44345K(44544K) Class: 5968K(6144K)->5968K(6144K)
[2022-03-28T16:39:55.513+0800][1010.255s] GC(156) Pause Young (Normal) (G1 Preventive Collection) 506M->493M(512M) 1.423ms
[2022-03-28T16:39:55.513+0800][1010.255s] GC(156) User=0.00s Sys=0.00s Real=0.00s
[2022-03-28T16:39:55.627+0800][1010.368s] GC(157) Pause Young (Concurrent Start) (G1 Preventive Collection)
[2022-03-28T16:39:55.627+0800][1010.368s] GC(157) Using 8 workers of 8 for evacuation
[2022-03-28T16:39:55.628+0800][1010.370s] GC(157)   Pre Evacuate Collection Set: 0.1ms
[2022-03-28T16:39:55.628+0800][1010.370s] GC(157)   Merge Heap Roots: 0.0ms
[2022-03-28T16:39:55.628+0800][1010.370s] GC(157)   Evacuate Collection Set: 0.7ms
[2022-03-28T16:39:55.628+0800][1010.370s] GC(157)   Post Evacuate Collection Set: 0.6ms
[2022-03-28T16:39:55.628+0800][1010.370s] GC(157)   Other: 0.2ms
[2022-03-28T16:39:55.628+0800][1010.370s] GC(157) Eden regions: 13->0(24)
[2022-03-28T16:39:55.628+0800][1010.370s] GC(157) Survivor regions: 1->1(2)
[2022-03-28T16:39:55.628+0800][1010.370s] GC(157) Old regions: 467->467
[2022-03-28T16:39:55.628+0800][1010.370s] GC(157) Archive regions: 0->0
[2022-03-28T16:39:55.628+0800][1010.370s] GC(157) Humongous regions: 29->29
[2022-03-28T16:39:55.628+0800][1010.370s] GC(157) Metaspace: 50313K(50688K)->50313K(50688K) NonClass: 44345K(44544K)->44345K(44544K) Class: 5968K(6144K)->5968K(6144K)
[2022-03-28T16:39:55.628+0800][1010.370s] GC(157) Pause Young (Concurrent Start) (G1 Preventive Collection) 506M->493M(512M) 1.862ms
[2022-03-28T16:39:55.628+0800][1010.370s] GC(157) User=0.00s Sys=0.00s Real=0.00s
[2022-03-28T16:39:55.628+0800][1010.370s] GC(158) Concurrent Mark Cycle
[2022-03-28T16:39:55.629+0800][1010.370s] GC(158) Concurrent Clear Claimed Marks
[2022-03-28T16:39:55.629+0800][1010.370s] GC(158) Concurrent Clear Claimed Marks 0.026ms
[2022-03-28T16:39:55.629+0800][1010.370s] GC(158) Concurrent Scan Root Regions
[2022-03-28T16:39:55.630+0800][1010.371s] GC(158) Concurrent Scan Root Regions 1.145ms
[2022-03-28T16:39:55.630+0800][1010.371s] GC(158) Concurrent Mark
[2022-03-28T16:39:55.630+0800][1010.371s] GC(158) Concurrent Mark From Roots
[2022-03-28T16:39:55.630+0800][1010.371s] GC(158) Using 2 workers of 2 for marking
[2022-03-28T16:39:55.762+0800][1010.503s] GC(159) Pause Young (Normal) (G1 Preventive Collection)
[2022-03-28T16:39:55.762+0800][1010.504s] GC(159) Using 8 workers of 8 for evacuation
[2022-03-28T16:39:55.763+0800][1010.505s] GC(159)   Pre Evacuate Collection Set: 0.1ms
[2022-03-28T16:39:55.763+0800][1010.505s] GC(159)   Merge Heap Roots: 0.0ms
[2022-03-28T16:39:55.763+0800][1010.505s] GC(159)   Evacuate Collection Set: 0.6ms
[2022-03-28T16:39:55.763+0800][1010.505s] GC(159)   Post Evacuate Collection Set: 0.2ms
[2022-03-28T16:39:55.763+0800][1010.505s] GC(159)   Other: 0.1ms
[2022-03-28T16:39:55.763+0800][1010.505s] GC(159) Eden regions: 13->0(24)
[2022-03-28T16:39:55.763+0800][1010.505s] GC(159) Survivor regions: 1->1(2)
[2022-03-28T16:39:55.763+0800][1010.505s] GC(159) Old regions: 467->467
[2022-03-28T16:39:55.763+0800][1010.505s] GC(159) Archive regions: 0->0
[2022-03-28T16:39:55.763+0800][1010.505s] GC(159) Humongous regions: 29->29
[2022-03-28T16:39:55.763+0800][1010.505s] GC(159) Metaspace: 50313K(50688K)->50313K(50688K) NonClass: 44345K(44544K)->44345K(44544K) Class: 5968K(6144K)->5968K(6144K)
[2022-03-28T16:39:55.763+0800][1010.505s] GC(159) Pause Young (Normal) (G1 Preventive Collection) 506M->493M(512M) 1.184ms
[2022-03-28T16:39:55.763+0800][1010.505s] GC(159) User=0.00s Sys=0.00s Real=0.00s
[2022-03-28T16:39:55.902+0800][1010.644s] GC(160) Pause Young (Normal) (G1 Preventive Collection)
[2022-03-28T16:39:55.902+0800][1010.644s] GC(160) Using 8 workers of 8 for evacuation
[2022-03-28T16:39:55.903+0800][1010.645s] GC(160)   Pre Evacuate Collection Set: 0.0ms
[2022-03-28T16:39:55.903+0800][1010.645s] GC(160)   Merge Heap Roots: 0.0ms
[2022-03-28T16:39:55.903+0800][1010.645s] GC(160)   Evacuate Collection Set: 0.4ms
[2022-03-28T16:39:55.903+0800][1010.645s] GC(160)   Post Evacuate Collection Set: 0.2ms
[2022-03-28T16:39:55.903+0800][1010.645s] GC(160)   Other: 0.1ms
[2022-03-28T16:39:55.903+0800][1010.645s] GC(160) Eden regions: 14->0(24)
[2022-03-28T16:39:55.903+0800][1010.645s] GC(160) Survivor regions: 1->1(1)
[2022-03-28T16:39:55.903+0800][1010.645s] GC(160) Old regions: 467->467
[2022-03-28T16:39:55.903+0800][1010.645s] GC(160) Archive regions: 0->0
[2022-03-28T16:39:55.903+0800][1010.645s] GC(160) Humongous regions: 29->29
[2022-03-28T16:39:55.903+0800][1010.645s] GC(160) Metaspace: 50313K(50688K)->50313K(50688K) NonClass: 44345K(44544K)->44345K(44544K) Class: 5968K(6144K)->5968K(6144K)
[2022-03-28T16:39:55.903+0800][1010.645s] GC(160) Pause Young (Normal) (G1 Preventive Collection) 507M->493M(512M) 0.922ms
[2022-03-28T16:39:55.903+0800][1010.645s] GC(160) User=0.00s Sys=0.00s Real=0.00s
[2022-03-28T16:39:56.068+0800][1010.810s] GC(161) Pause Young (Normal) (G1 Preventive Collection)
[2022-03-28T16:39:56.068+0800][1010.810s] GC(161) Using 8 workers of 8 for evacuation
[2022-03-28T16:39:56.069+0800][1010.811s] GC(161)   Pre Evacuate Collection Set: 0.0ms
[2022-03-28T16:39:56.069+0800][1010.811s] GC(161)   Merge Heap Roots: 0.1ms
[2022-03-28T16:39:56.069+0800][1010.811s] GC(161)   Evacuate Collection Set: 0.5ms
[2022-03-28T16:39:56.069+0800][1010.811s] GC(161)   Post Evacuate Collection Set: 0.2ms
[2022-03-28T16:39:56.069+0800][1010.811s] GC(161)   Other: 0.2ms
[2022-03-28T16:39:56.069+0800][1010.811s] GC(161) Eden regions: 14->0(24)
[2022-03-28T16:39:56.069+0800][1010.811s] GC(161) Survivor regions: 1->1(1)
[2022-03-28T16:39:56.069+0800][1010.811s] GC(161) Old regions: 467->467
[2022-03-28T16:39:56.069+0800][1010.811s] GC(161) Archive regions: 0->0
[2022-03-28T16:39:56.069+0800][1010.811s] GC(161) Humongous regions: 29->29
[2022-03-28T16:39:56.069+0800][1010.811s] GC(161) Metaspace: 50313K(50688K)->50313K(50688K) NonClass: 44345K(44544K)->44345K(44544K) Class: 5968K(6144K)->5968K(6144K)
[2022-03-28T16:39:56.069+0800][1010.811s] GC(161) Pause Young (Normal) (G1 Preventive Collection) 507M->493M(512M) 1.246ms
[2022-03-28T16:39:56.069+0800][1010.811s] GC(161) User=0.00s Sys=0.00s Real=0.00s
[2022-03-28T16:39:56.182+0800][1010.924s] GC(158) Concurrent Mark From Roots 552.111ms
[2022-03-28T16:39:56.182+0800][1010.924s] GC(158) Concurrent Preclean
[2022-03-28T16:39:56.182+0800][1010.924s] GC(158) Concurrent Preclean 0.206ms
[2022-03-28T16:39:56.182+0800][1010.924s] GC(158) Pause Remark
[2022-03-28T16:39:56.185+0800][1010.926s] GC(158) Pause Remark 497M->497M(512M) 2.188ms
[2022-03-28T16:39:56.185+0800][1010.927s] GC(158) User=0.00s Sys=0.00s Real=0.00s
[2022-03-28T16:39:56.185+0800][1010.927s] GC(158) Concurrent Mark 555.293ms
[2022-03-28T16:39:56.185+0800][1010.927s] GC(158) Concurrent Rebuild Remembered Sets
[2022-03-28T16:39:56.342+0800][1011.085s] GC(162) Pause Young (Normal) (G1 Preventive Collection)
[2022-03-28T16:39:56.342+0800][1011.085s] GC(162) Using 8 workers of 8 for evacuation
[2022-03-28T16:39:56.344+0800][1011.086s] GC(162)   Pre Evacuate Collection Set: 0.1ms
[2022-03-28T16:39:56.344+0800][1011.086s] GC(162)   Merge Heap Roots: 0.0ms
[2022-03-28T16:39:56.344+0800][1011.086s] GC(162)   Evacuate Collection Set: 0.6ms
[2022-03-28T16:39:56.344+0800][1011.086s] GC(162)   Post Evacuate Collection Set: 0.5ms
[2022-03-28T16:39:56.344+0800][1011.086s] GC(162)   Other: 0.2ms
[2022-03-28T16:39:56.344+0800][1011.086s] GC(162) Eden regions: 14->0(24)
[2022-03-28T16:39:56.344+0800][1011.086s] GC(162) Survivor regions: 1->1(1)
[2022-03-28T16:39:56.344+0800][1011.086s] GC(162) Old regions: 467->467
[2022-03-28T16:39:56.344+0800][1011.086s] GC(162) Archive regions: 0->0
[2022-03-28T16:39:56.344+0800][1011.086s] GC(162) Humongous regions: 29->29
[2022-03-28T16:39:56.344+0800][1011.086s] GC(162) Metaspace: 50313K(50688K)->50313K(50688K) NonClass: 44345K(44544K)->44345K(44544K) Class: 5968K(6144K)->5968K(6144K)
[2022-03-28T16:39:56.344+0800][1011.086s] GC(162) Pause Young (Normal) (G1 Preventive Collection) 507M->493M(512M) 1.566ms
[2022-03-28T16:39:56.344+0800][1011.086s] GC(162) User=0.00s Sys=0.00s Real=0.00s
[2022-03-28T16:39:56.487+0800][1011.230s] GC(158) Concurrent Rebuild Remembered Sets 302.972ms
[2022-03-28T16:39:56.488+0800][1011.230s] GC(158) Pause Cleanup
[2022-03-28T16:39:56.488+0800][1011.230s] GC(158) Pause Cleanup 506M->506M(512M) 0.220ms
[2022-03-28T16:39:56.488+0800][1011.230s] GC(158) User=0.00s Sys=0.00s Real=0.00s
[2022-03-28T16:39:56.488+0800][1011.230s] GC(158) Concurrent Cleanup for Next Mark
[2022-03-28T16:39:56.489+0800][1011.230s] GC(158) Concurrent Cleanup for Next Mark 0.305ms
[2022-03-28T16:39:56.489+0800][1011.231s] GC(158) Concurrent Mark Cycle 860.411ms
[2022-03-28T16:39:56.506+0800][1011.248s] GC(163) Pause Young (Normal) (G1 Preventive Collection)
[2022-03-28T16:39:56.506+0800][1011.248s] GC(163) Using 8 workers of 8 for evacuation
[2022-03-28T16:39:56.507+0800][1011.249s] GC(163)   Pre Evacuate Collection Set: 0.0ms
[2022-03-28T16:39:56.507+0800][1011.249s] GC(163)   Merge Heap Roots: 0.0ms
[2022-03-28T16:39:56.507+0800][1011.249s] GC(163)   Evacuate Collection Set: 0.5ms
[2022-03-28T16:39:56.507+0800][1011.249s] GC(163)   Post Evacuate Collection Set: 0.3ms
[2022-03-28T16:39:56.507+0800][1011.249s] GC(163)   Other: 0.1ms
[2022-03-28T16:39:56.507+0800][1011.249s] GC(163) Eden regions: 14->0(24)
[2022-03-28T16:39:56.507+0800][1011.249s] GC(163) Survivor regions: 1->1(1)
[2022-03-28T16:39:56.507+0800][1011.249s] GC(163) Old regions: 467->467
[2022-03-28T16:39:56.507+0800][1011.249s] GC(163) Archive regions: 0->0
[2022-03-28T16:39:56.507+0800][1011.249s] GC(163) Humongous regions: 29->29
[2022-03-28T16:39:56.507+0800][1011.249s] GC(163) Metaspace: 50313K(50688K)->50313K(50688K) NonClass: 44345K(44544K)->44345K(44544K) Class: 5968K(6144K)->5968K(6144K)
[2022-03-28T16:39:56.507+0800][1011.249s] GC(163) Pause Young (Normal) (G1 Preventive Collection) 507M->493M(512M) 1.110ms
[2022-03-28T16:39:56.507+0800][1011.249s] GC(163) User=0.00s Sys=0.00s Real=0.00s
[2022-03-28T16:39:56.647+0800][1011.389s] GC(164) Pause Young (Concurrent Start) (G1 Preventive Collection)
[2022-03-28T16:39:56.647+0800][1011.389s] GC(164) Using 8 workers of 8 for evacuation
[2022-03-28T16:39:56.649+0800][1011.390s] GC(164)   Pre Evacuate Collection Set: 0.1ms
[2022-03-28T16:39:56.649+0800][1011.390s] GC(164)   Merge Heap Roots: 0.0ms
[2022-03-28T16:39:56.649+0800][1011.390s] GC(164)   Evacuate Collection Set: 0.6ms
[2022-03-28T16:39:56.649+0800][1011.390s] GC(164)   Post Evacuate Collection Set: 0.3ms
[2022-03-28T16:39:56.649+0800][1011.390s] GC(164)   Other: 0.2ms
[2022-03-28T16:39:56.649+0800][1011.390s] GC(164) Eden regions: 14->0(24)
[2022-03-28T16:39:56.649+0800][1011.390s] GC(164) Survivor regions: 1->1(1)
[2022-03-28T16:39:56.649+0800][1011.390s] GC(164) Old regions: 467->467
[2022-03-28T16:39:56.649+0800][1011.390s] GC(164) Archive regions: 0->0
[2022-03-28T16:39:56.649+0800][1011.390s] GC(164) Humongous regions: 29->29
[2022-03-28T16:39:56.649+0800][1011.390s] GC(164) Metaspace: 50313K(50688K)->50313K(50688K) NonClass: 44345K(44544K)->44345K(44544K) Class: 5968K(6144K)->5968K(6144K)
[2022-03-28T16:39:56.649+0800][1011.390s] GC(164) Pause Young (Concurrent Start) (G1 Preventive Collection) 507M->493M(512M) 1.259ms
[2022-03-28T16:39:56.649+0800][1011.390s] GC(164) User=0.00s Sys=0.00s Real=0.00s
[2022-03-28T16:39:56.649+0800][1011.390s] GC(165) Concurrent Mark Cycle
[2022-03-28T16:39:56.649+0800][1011.390s] GC(165) Concurrent Clear Claimed Marks
[2022-03-28T16:39:56.649+0800][1011.390s] GC(165) Concurrent Clear Claimed Marks 0.036ms
[2022-03-28T16:39:56.649+0800][1011.390s] GC(165) Concurrent Scan Root Regions
[2022-03-28T16:39:56.650+0800][1011.391s] GC(165) Concurrent Scan Root Regions 0.792ms
[2022-03-28T16:39:56.650+0800][1011.391s] GC(165) Concurrent Mark
[2022-03-28T16:39:56.650+0800][1011.391s] GC(165) Concurrent Mark From Roots
[2022-03-28T16:39:56.650+0800][1011.391s] GC(165) Using 2 workers of 2 for marking
[2022-03-28T16:39:56.825+0800][1011.567s] GC(166) Pause Young (Normal) (G1 Preventive Collection)
[2022-03-28T16:39:56.825+0800][1011.567s] GC(166) Using 8 workers of 8 for evacuation
[2022-03-28T16:39:56.827+0800][1011.568s] GC(166)   Pre Evacuate Collection Set: 0.0ms
[2022-03-28T16:39:56.827+0800][1011.568s] GC(166)   Merge Heap Roots: 0.0ms
[2022-03-28T16:39:56.827+0800][1011.568s] GC(166)   Evacuate Collection Set: 0.5ms
[2022-03-28T16:39:56.827+0800][1011.568s] GC(166)   Post Evacuate Collection Set: 0.2ms
[2022-03-28T16:39:56.827+0800][1011.568s] GC(166)   Other: 0.2ms
[2022-03-28T16:39:56.827+0800][1011.568s] GC(166) Eden regions: 14->0(24)
[2022-03-28T16:39:56.827+0800][1011.568s] GC(166) Survivor regions: 1->1(1)
[2022-03-28T16:39:56.827+0800][1011.568s] GC(166) Old regions: 467->467
[2022-03-28T16:39:56.827+0800][1011.568s] GC(166) Archive regions: 0->0
[2022-03-28T16:39:56.827+0800][1011.568s] GC(166) Humongous regions: 29->29
[2022-03-28T16:39:56.827+0800][1011.568s] GC(166) Metaspace: 50313K(50688K)->50313K(50688K) NonClass: 44345K(44544K)->44345K(44544K) Class: 5968K(6144K)->5968K(6144K)
[2022-03-28T16:39:56.827+0800][1011.568s] GC(166) Pause Young (Normal) (G1 Preventive Collection) 507M->493M(512M) 1.119ms
[2022-03-28T16:39:56.827+0800][1011.568s] GC(166) User=0.00s Sys=0.00s Real=0.00s
[2022-03-28T16:39:57.082+0800][1011.824s] GC(167) Pause Young (Normal) (G1 Preventive Collection)
[2022-03-28T16:39:57.082+0800][1011.824s] GC(167) Using 8 workers of 8 for evacuation
[2022-03-28T16:39:57.083+0800][1011.825s] GC(167)   Pre Evacuate Collection Set: 0.1ms
[2022-03-28T16:39:57.083+0800][1011.825s] GC(167)   Merge Heap Roots: 0.0ms
[2022-03-28T16:39:57.083+0800][1011.825s] GC(167)   Evacuate Collection Set: 0.4ms
[2022-03-28T16:39:57.083+0800][1011.825s] GC(167)   Post Evacuate Collection Set: 0.2ms
[2022-03-28T16:39:57.083+0800][1011.825s] GC(167)   Other: 0.2ms
[2022-03-28T16:39:57.083+0800][1011.825s] GC(167) Eden regions: 14->0(24)
[2022-03-28T16:39:57.083+0800][1011.825s] GC(167) Survivor regions: 1->1(1)
[2022-03-28T16:39:57.083+0800][1011.825s] GC(167) Old regions: 467->467
[2022-03-28T16:39:57.083+0800][1011.825s] GC(167) Archive regions: 0->0
[2022-03-28T16:39:57.083+0800][1011.825s] GC(167) Humongous regions: 29->29
[2022-03-28T16:39:57.083+0800][1011.825s] GC(167) Metaspace: 50313K(50688K)->50313K(50688K) NonClass: 44345K(44544K)->44345K(44544K) Class: 5968K(6144K)->5968K(6144K)
[2022-03-28T16:39:57.083+0800][1011.825s] GC(167) Pause Young (Normal) (G1 Preventive Collection) 507M->493M(512M) 1.129ms
[2022-03-28T16:39:57.083+0800][1011.825s] GC(167) User=0.00s Sys=0.00s Real=0.00s
[2022-03-28T16:39:57.286+0800][1012.029s] GC(165) Concurrent Mark From Roots 637.618ms
[2022-03-28T16:39:57.286+0800][1012.029s] GC(165) Concurrent Preclean
[2022-03-28T16:39:57.287+0800][1012.029s] GC(165) Concurrent Preclean 0.152ms
[2022-03-28T16:39:57.287+0800][1012.029s] GC(165) Pause Remark
[2022-03-28T16:39:57.290+0800][1012.032s] GC(165) Pause Remark 507M->507M(512M) 2.663ms
[2022-03-28T16:39:57.290+0800][1012.032s] GC(165) User=0.00s Sys=0.00s Real=0.00s
[2022-03-28T16:39:57.290+0800][1012.032s] GC(165) Concurrent Mark 640.700ms
[2022-03-28T16:39:57.290+0800][1012.032s] GC(165) Concurrent Rebuild Remembered Sets
[2022-03-28T16:39:57.292+0800][1012.034s] GC(168) Pause Young (Normal) (G1 Preventive Collection)
[2022-03-28T16:39:57.292+0800][1012.034s] GC(168) Using 8 workers of 8 for evacuation
[2022-03-28T16:39:57.293+0800][1012.035s] GC(168)   Pre Evacuate Collection Set: 0.0ms
[2022-03-28T16:39:57.293+0800][1012.035s] GC(168)   Merge Heap Roots: 0.0ms
[2022-03-28T16:39:57.293+0800][1012.035s] GC(168)   Evacuate Collection Set: 0.4ms
[2022-03-28T16:39:57.293+0800][1012.035s] GC(168)   Post Evacuate Collection Set: 0.2ms
[2022-03-28T16:39:57.293+0800][1012.035s] GC(168)   Other: 0.1ms
[2022-03-28T16:39:57.293+0800][1012.035s] GC(168) Eden regions: 14->0(24)
[2022-03-28T16:39:57.293+0800][1012.035s] GC(168) Survivor regions: 1->1(1)
[2022-03-28T16:39:57.293+0800][1012.035s] GC(168) Old regions: 467->467
[2022-03-28T16:39:57.293+0800][1012.035s] GC(168) Archive regions: 0->0
[2022-03-28T16:39:57.293+0800][1012.035s] GC(168) Humongous regions: 29->29
[2022-03-28T16:39:57.293+0800][1012.035s] GC(168) Metaspace: 50313K(50688K)->50313K(50688K) NonClass: 44345K(44544K)->44345K(44544K) Class: 5968K(6144K)->5968K(6144K)
[2022-03-28T16:39:57.293+0800][1012.035s] GC(168) Pause Young (Normal) (G1 Preventive Collection) 507M->493M(512M) 0.993ms
[2022-03-28T16:39:57.293+0800][1012.035s] GC(168) User=0.00s Sys=0.00s Real=0.00s
[2022-03-28T16:39:57.485+0800][1012.226s] GC(169) Pause Young (Normal) (G1 Preventive Collection)
[2022-03-28T16:39:57.485+0800][1012.226s] GC(169) Using 8 workers of 8 for evacuation
[2022-03-28T16:39:57.486+0800][1012.227s] GC(169)   Pre Evacuate Collection Set: 0.1ms
[2022-03-28T16:39:57.486+0800][1012.227s] GC(169)   Merge Heap Roots: 0.0ms
[2022-03-28T16:39:57.486+0800][1012.227s] GC(169)   Evacuate Collection Set: 0.5ms
[2022-03-28T16:39:57.486+0800][1012.227s] GC(169)   Post Evacuate Collection Set: 0.2ms
[2022-03-28T16:39:57.486+0800][1012.227s] GC(169)   Other: 0.1ms
[2022-03-28T16:39:57.486+0800][1012.227s] GC(169) Eden regions: 14->0(24)
[2022-03-28T16:39:57.486+0800][1012.227s] GC(169) Survivor regions: 1->1(1)
[2022-03-28T16:39:57.486+0800][1012.227s] GC(169) Old regions: 467->467
[2022-03-28T16:39:57.486+0800][1012.227s] GC(169) Archive regions: 0->0
[2022-03-28T16:39:57.486+0800][1012.227s] GC(169) Humongous regions: 29->29
[2022-03-28T16:39:57.486+0800][1012.227s] GC(169) Metaspace: 50313K(50688K)->50313K(50688K) NonClass: 44345K(44544K)->44345K(44544K) Class: 5968K(6144K)->5968K(6144K)
[2022-03-28T16:39:57.486+0800][1012.227s] GC(169) Pause Young (Normal) (G1 Preventive Collection) 507M->493M(512M) 1.152ms
[2022-03-28T16:39:57.486+0800][1012.228s] GC(169) User=0.00s Sys=0.00s Real=0.00s
[2022-03-28T16:39:57.596+0800][1012.338s] GC(165) Concurrent Rebuild Remembered Sets 305.650ms
[2022-03-28T16:39:57.596+0800][1012.338s] GC(165) Pause Cleanup
[2022-03-28T16:39:57.596+0800][1012.338s] GC(165) Pause Cleanup 501M->501M(512M) 0.135ms
[2022-03-28T16:39:57.596+0800][1012.338s] GC(165) User=0.00s Sys=0.00s Real=0.00s
[2022-03-28T16:39:57.596+0800][1012.338s] GC(165) Concurrent Cleanup for Next Mark
[2022-03-28T16:39:57.597+0800][1012.338s] GC(165) Concurrent Cleanup for Next Mark 0.325ms
[2022-03-28T16:39:57.597+0800][1012.338s] GC(165) Concurrent Mark Cycle 948.067ms
[2022-03-28T16:39:57.673+0800][1012.415s] GC(170) Pause Young (Normal) (G1 Preventive Collection)
[2022-03-28T16:39:57.673+0800][1012.415s] GC(170) Using 8 workers of 8 for evacuation
[2022-03-28T16:39:57.674+0800][1012.416s] GC(170)   Pre Evacuate Collection Set: 0.1ms
[2022-03-28T16:39:57.674+0800][1012.416s] GC(170)   Merge Heap Roots: 0.0ms
[2022-03-28T16:39:57.674+0800][1012.416s] GC(170)   Evacuate Collection Set: 0.5ms
[2022-03-28T16:39:57.674+0800][1012.416s] GC(170)   Post Evacuate Collection Set: 0.3ms
[2022-03-28T16:39:57.674+0800][1012.416s] GC(170)   Other: 0.2ms
[2022-03-28T16:39:57.674+0800][1012.416s] GC(170) Eden regions: 14->0(24)
[2022-03-28T16:39:57.674+0800][1012.416s] GC(170) Survivor regions: 1->1(1)
[2022-03-28T16:39:57.674+0800][1012.416s] GC(170) Old regions: 467->467
[2022-03-28T16:39:57.674+0800][1012.416s] GC(170) Archive regions: 0->0
[2022-03-28T16:39:57.674+0800][1012.416s] GC(170) Humongous regions: 29->29
[2022-03-28T16:39:57.674+0800][1012.416s] GC(170) Metaspace: 50313K(50688K)->50313K(50688K) NonClass: 44345K(44544K)->44345K(44544K) Class: 5968K(6144K)->5968K(6144K)
[2022-03-28T16:39:57.674+0800][1012.416s] GC(170) Pause Young (Normal) (G1 Preventive Collection) 507M->493M(512M) 1.285ms
[2022-03-28T16:39:57.674+0800][1012.416s] GC(170) User=0.00s Sys=0.00s Real=0.00s
[2022-03-28T16:39:57.825+0800][1012.568s] GC(171) Pause Young (Concurrent Start) (G1 Preventive Collection)
[2022-03-28T16:39:57.825+0800][1012.568s] GC(171) Using 8 workers of 8 for evacuation
[2022-03-28T16:39:57.827+0800][1012.569s] GC(171)   Pre Evacuate Collection Set: 0.1ms
[2022-03-28T16:39:57.827+0800][1012.569s] GC(171)   Merge Heap Roots: 0.0ms
[2022-03-28T16:39:57.827+0800][1012.569s] GC(171)   Evacuate Collection Set: 0.5ms
[2022-03-28T16:39:57.827+0800][1012.569s] GC(171)   Post Evacuate Collection Set: 0.3ms
[2022-03-28T16:39:57.827+0800][1012.569s] GC(171)   Other: 0.2ms
[2022-03-28T16:39:57.827+0800][1012.569s] GC(171) Eden regions: 13->0(24)
[2022-03-28T16:39:57.827+0800][1012.569s] GC(171) Survivor regions: 1->1(2)
[2022-03-28T16:39:57.827+0800][1012.569s] GC(171) Old regions: 467->467
[2022-03-28T16:39:57.827+0800][1012.569s] GC(171) Archive regions: 0->0
[2022-03-28T16:39:57.827+0800][1012.569s] GC(171) Humongous regions: 29->29
[2022-03-28T16:39:57.827+0800][1012.569s] GC(171) Metaspace: 50313K(50688K)->50313K(50688K) NonClass: 44345K(44544K)->44345K(44544K) Class: 5968K(6144K)->5968K(6144K)
[2022-03-28T16:39:57.827+0800][1012.569s] GC(171) Pause Young (Concurrent Start) (G1 Preventive Collection) 506M->494M(512M) 1.298ms
[2022-03-28T16:39:57.827+0800][1012.569s] GC(171) User=0.00s Sys=0.00s Real=0.00s
[2022-03-28T16:39:57.827+0800][1012.569s] GC(172) Concurrent Mark Cycle
[2022-03-28T16:39:57.827+0800][1012.569s] GC(172) Concurrent Clear Claimed Marks
[2022-03-28T16:39:57.827+0800][1012.569s] GC(172) Concurrent Clear Claimed Marks 0.025ms
[2022-03-28T16:39:57.827+0800][1012.569s] GC(172) Concurrent Scan Root Regions
[2022-03-28T16:39:57.828+0800][1012.570s] GC(172) Concurrent Scan Root Regions 1.240ms
[2022-03-28T16:39:57.828+0800][1012.570s] GC(172) Concurrent Mark
[2022-03-28T16:39:57.828+0800][1012.570s] GC(172) Concurrent Mark From Roots
[2022-03-28T16:39:57.828+0800][1012.570s] GC(172) Using 2 workers of 2 for marking
[2022-03-28T16:39:58.011+0800][1012.753s] GC(173) Pause Young (Normal) (G1 Preventive Collection)
[2022-03-28T16:39:58.011+0800][1012.753s] GC(173) Using 8 workers of 8 for evacuation
[2022-03-28T16:39:58.012+0800][1012.754s] GC(173)   Pre Evacuate Collection Set: 0.1ms
[2022-03-28T16:39:58.012+0800][1012.754s] GC(173)   Merge Heap Roots: 0.0ms
[2022-03-28T16:39:58.012+0800][1012.754s] GC(173)   Evacuate Collection Set: 0.7ms
[2022-03-28T16:39:58.012+0800][1012.754s] GC(173)   Post Evacuate Collection Set: 0.3ms
[2022-03-28T16:39:58.012+0800][1012.754s] GC(173)   Other: 0.2ms
[2022-03-28T16:39:58.012+0800][1012.754s] GC(173) Eden regions: 13->0(24)
[2022-03-28T16:39:58.012+0800][1012.754s] GC(173) Survivor regions: 1->1(2)
[2022-03-28T16:39:58.012+0800][1012.754s] GC(173) Old regions: 467->467
[2022-03-28T16:39:58.012+0800][1012.754s] GC(173) Archive regions: 0->0
[2022-03-28T16:39:58.012+0800][1012.754s] GC(173) Humongous regions: 29->29
[2022-03-28T16:39:58.012+0800][1012.754s] GC(173) Metaspace: 50313K(50688K)->50313K(50688K) NonClass: 44345K(44544K)->44345K(44544K) Class: 5968K(6144K)->5968K(6144K)
[2022-03-28T16:39:58.012+0800][1012.754s] GC(173) Pause Young (Normal) (G1 Preventive Collection) 507M->493M(512M) 1.397ms
[2022-03-28T16:39:58.012+0800][1012.754s] GC(173) User=0.00s Sys=0.00s Real=0.00s
[2022-03-28T16:39:58.206+0800][1012.948s] GC(174) Pause Young (Normal) (G1 Preventive Collection)
[2022-03-28T16:39:58.206+0800][1012.948s] GC(174) Using 8 workers of 8 for evacuation
[2022-03-28T16:39:58.207+0800][1012.949s] GC(174)   Pre Evacuate Collection Set: 0.1ms
[2022-03-28T16:39:58.207+0800][1012.949s] GC(174)   Merge Heap Roots: 0.0ms
[2022-03-28T16:39:58.207+0800][1012.949s] GC(174)   Evacuate Collection Set: 0.5ms
[2022-03-28T16:39:58.207+0800][1012.949s] GC(174)   Post Evacuate Collection Set: 0.2ms
[2022-03-28T16:39:58.207+0800][1012.949s] GC(174)   Other: 0.1ms
[2022-03-28T16:39:58.207+0800][1012.949s] GC(174) Eden regions: 13->0(24)
[2022-03-28T16:39:58.207+0800][1012.949s] GC(174) Survivor regions: 1->1(2)
[2022-03-28T16:39:58.207+0800][1012.949s] GC(174) Old regions: 467->467
[2022-03-28T16:39:58.207+0800][1012.949s] GC(174) Archive regions: 0->0
[2022-03-28T16:39:58.207+0800][1012.949s] GC(174) Humongous regions: 29->29
[2022-03-28T16:39:58.207+0800][1012.949s] GC(174) Metaspace: 50313K(50688K)->50313K(50688K) NonClass: 44345K(44544K)->44345K(44544K) Class: 5968K(6144K)->5968K(6144K)
[2022-03-28T16:39:58.207+0800][1012.949s] GC(174) Pause Young (Normal) (G1 Preventive Collection) 506M->494M(512M) 1.076ms
[2022-03-28T16:39:58.207+0800][1012.949s] GC(174) User=0.00s Sys=0.00s Real=0.00s
[2022-03-28T16:39:58.397+0800][1013.139s] GC(172) Concurrent Mark From Roots 568.389ms
[2022-03-28T16:39:58.397+0800][1013.139s] GC(172) Concurrent Preclean
[2022-03-28T16:39:58.397+0800][1013.139s] GC(172) Concurrent Preclean 0.152ms
[2022-03-28T16:39:58.397+0800][1013.139s] GC(172) Pause Remark
[2022-03-28T16:39:58.400+0800][1013.142s] GC(172) Pause Remark 495M->495M(512M) 2.480ms
[2022-03-28T16:39:58.400+0800][1013.142s] GC(172) User=0.02s Sys=0.00s Real=0.00s
[2022-03-28T16:39:58.400+0800][1013.142s] GC(172) Concurrent Mark 571.328ms
[2022-03-28T16:39:58.400+0800][1013.142s] GC(172) Concurrent Rebuild Remembered Sets
[2022-03-28T16:39:58.703+0800][1013.446s] GC(172) Concurrent Rebuild Remembered Sets 303.748ms
[2022-03-28T16:39:58.704+0800][1013.446s] GC(172) Pause Cleanup
[2022-03-28T16:39:58.704+0800][1013.446s] GC(172) Pause Cleanup 495M->495M(512M) 0.246ms
[2022-03-28T16:39:58.704+0800][1013.446s] GC(172) User=0.00s Sys=0.00s Real=0.00s
[2022-03-28T16:39:58.704+0800][1013.446s] GC(172) Concurrent Cleanup for Next Mark
[2022-03-28T16:39:58.704+0800][1013.446s] GC(172) Concurrent Cleanup for Next Mark 0.328ms
[2022-03-28T16:39:58.704+0800][1013.446s] GC(172) Concurrent Mark Cycle 877.412ms
[2022-03-28T16:40:13.041+0800][1027.782s] GC(175) Pause Young (Normal) (G1 Preventive Collection)
[2022-03-28T16:40:13.041+0800][1027.783s] GC(175) Using 8 workers of 8 for evacuation
[2022-03-28T16:40:13.042+0800][1027.783s] GC(175)   Pre Evacuate Collection Set: 0.1ms
[2022-03-28T16:40:13.042+0800][1027.784s] GC(175)   Merge Heap Roots: 0.0ms
[2022-03-28T16:40:13.042+0800][1027.784s] GC(175)   Evacuate Collection Set: 0.5ms
[2022-03-28T16:40:13.042+0800][1027.784s] GC(175)   Post Evacuate Collection Set: 0.2ms
[2022-03-28T16:40:13.042+0800][1027.784s] GC(175)   Other: 0.2ms
[2022-03-28T16:40:13.042+0800][1027.784s] GC(175) Eden regions: 13->0(24)
[2022-03-28T16:40:13.042+0800][1027.784s] GC(175) Survivor regions: 1->1(2)
[2022-03-28T16:40:13.042+0800][1027.784s] GC(175) Old regions: 467->467
[2022-03-28T16:40:13.042+0800][1027.784s] GC(175) Archive regions: 0->0
[2022-03-28T16:40:13.042+0800][1027.784s] GC(175) Humongous regions: 29->29
[2022-03-28T16:40:13.042+0800][1027.784s] GC(175) Metaspace: 50314K(50688K)->50314K(50688K) NonClass: 44346K(44544K)->44346K(44544K) Class: 5968K(6144K)->5968K(6144K)
[2022-03-28T16:40:13.042+0800][1027.784s] GC(175) Pause Young (Normal) (G1 Preventive Collection) 507M->494M(512M) 1.209ms
[2022-03-28T16:40:13.042+0800][1027.784s] GC(175) User=0.00s Sys=0.00s Real=0.00s
[2022-03-28T16:40:13.180+0800][1027.922s] GC(176) Pause Young (Concurrent Start) (G1 Preventive Collection)
[2022-03-28T16:40:13.180+0800][1027.922s] GC(176) Using 8 workers of 8 for evacuation
[2022-03-28T16:40:13.181+0800][1027.923s] GC(176)   Pre Evacuate Collection Set: 0.1ms
[2022-03-28T16:40:13.181+0800][1027.923s] GC(176)   Merge Heap Roots: 0.0ms
[2022-03-28T16:40:13.181+0800][1027.923s] GC(176)   Evacuate Collection Set: 0.6ms
[2022-03-28T16:40:13.181+0800][1027.923s] GC(176)   Post Evacuate Collection Set: 0.3ms
[2022-03-28T16:40:13.181+0800][1027.923s] GC(176)   Other: 0.2ms
[2022-03-28T16:40:13.181+0800][1027.923s] GC(176) Eden regions: 13->0(24)
[2022-03-28T16:40:13.181+0800][1027.923s] GC(176) Survivor regions: 1->1(2)
[2022-03-28T16:40:13.181+0800][1027.923s] GC(176) Old regions: 467->467
[2022-03-28T16:40:13.181+0800][1027.923s] GC(176) Archive regions: 0->0
[2022-03-28T16:40:13.181+0800][1027.923s] GC(176) Humongous regions: 29->29
[2022-03-28T16:40:13.182+0800][1027.923s] GC(176) Metaspace: 50314K(50688K)->50314K(50688K) NonClass: 44346K(44544K)->44346K(44544K) Class: 5968K(6144K)->5968K(6144K)
[2022-03-28T16:40:13.182+0800][1027.923s] GC(176) Pause Young (Concurrent Start) (G1 Preventive Collection) 507M->494M(512M) 1.402ms
[2022-03-28T16:40:13.182+0800][1027.924s] GC(176) User=0.03s Sys=0.00s Real=0.00s
[2022-03-28T16:40:13.182+0800][1027.924s] GC(177) Concurrent Mark Cycle
[2022-03-28T16:40:13.182+0800][1027.924s] GC(177) Concurrent Clear Claimed Marks
[2022-03-28T16:40:13.182+0800][1027.924s] GC(177) Concurrent Clear Claimed Marks 0.029ms
[2022-03-28T16:40:13.182+0800][1027.924s] GC(177) Concurrent Scan Root Regions
[2022-03-28T16:40:13.183+0800][1027.925s] GC(177) Concurrent Scan Root Regions 1.346ms
[2022-03-28T16:40:13.183+0800][1027.925s] GC(177) Concurrent Mark
[2022-03-28T16:40:13.183+0800][1027.925s] GC(177) Concurrent Mark From Roots
[2022-03-28T16:40:13.183+0800][1027.925s] GC(177) Using 2 workers of 2 for marking
[2022-03-28T16:40:13.384+0800][1028.126s] GC(178) Pause Young (Normal) (G1 Preventive Collection)
[2022-03-28T16:40:13.384+0800][1028.126s] GC(178) Using 8 workers of 8 for evacuation
[2022-03-28T16:40:13.385+0800][1028.127s] GC(178)   Pre Evacuate Collection Set: 0.0ms
[2022-03-28T16:40:13.385+0800][1028.127s] GC(178)   Merge Heap Roots: 0.0ms
[2022-03-28T16:40:13.385+0800][1028.127s] GC(178)   Evacuate Collection Set: 0.6ms
[2022-03-28T16:40:13.385+0800][1028.127s] GC(178)   Post Evacuate Collection Set: 0.3ms
[2022-03-28T16:40:13.385+0800][1028.127s] GC(178)   Other: 0.2ms
[2022-03-28T16:40:13.386+0800][1028.128s] GC(178) Eden regions: 14->0(24)
[2022-03-28T16:40:13.386+0800][1028.128s] GC(178) Survivor regions: 1->1(1)
[2022-03-28T16:40:13.386+0800][1028.128s] GC(178) Old regions: 467->467
[2022-03-28T16:40:13.386+0800][1028.128s] GC(178) Archive regions: 0->0
[2022-03-28T16:40:13.386+0800][1028.128s] GC(178) Humongous regions: 29->29
[2022-03-28T16:40:13.386+0800][1028.128s] GC(178) Metaspace: 50314K(50688K)->50314K(50688K) NonClass: 44346K(44544K)->44346K(44544K) Class: 5968K(6144K)->5968K(6144K)
[2022-03-28T16:40:13.386+0800][1028.128s] GC(178) Pause Young (Normal) (G1 Preventive Collection) 508M->494M(512M) 1.334ms
[2022-03-28T16:40:13.386+0800][1028.128s] GC(178) User=0.02s Sys=0.00s Real=0.00s
[2022-03-28T16:40:13.583+0800][1028.325s] GC(179) Pause Young (Normal) (G1 Preventive Collection)
[2022-03-28T16:40:13.583+0800][1028.325s] GC(179) Using 8 workers of 8 for evacuation
[2022-03-28T16:40:13.584+0800][1028.326s] GC(179)   Pre Evacuate Collection Set: 0.0ms
[2022-03-28T16:40:13.584+0800][1028.326s] GC(179)   Merge Heap Roots: 0.0ms
[2022-03-28T16:40:13.584+0800][1028.326s] GC(179)   Evacuate Collection Set: 0.4ms
[2022-03-28T16:40:13.584+0800][1028.326s] GC(179)   Post Evacuate Collection Set: 0.2ms
[2022-03-28T16:40:13.584+0800][1028.326s] GC(179)   Other: 0.2ms
[2022-03-28T16:40:13.584+0800][1028.326s] GC(179) Eden regions: 14->0(24)
[2022-03-28T16:40:13.584+0800][1028.326s] GC(179) Survivor regions: 1->1(1)
[2022-03-28T16:40:13.584+0800][1028.326s] GC(179) Old regions: 467->467
[2022-03-28T16:40:13.584+0800][1028.326s] GC(179) Archive regions: 0->0
[2022-03-28T16:40:13.584+0800][1028.326s] GC(179) Humongous regions: 29->29
[2022-03-28T16:40:13.584+0800][1028.326s] GC(179) Metaspace: 50314K(50688K)->50314K(50688K) NonClass: 44346K(44544K)->44346K(44544K) Class: 5968K(6144K)->5968K(6144K)
[2022-03-28T16:40:13.584+0800][1028.326s] GC(179) Pause Young (Normal) (G1 Preventive Collection) 508M->494M(512M) 1.074ms
[2022-03-28T16:40:13.584+0800][1028.326s] GC(179) User=0.00s Sys=0.00s Real=0.00s
[2022-03-28T16:40:13.814+0800][1028.556s] GC(180) Pause Young (Normal) (G1 Preventive Collection)
[2022-03-28T16:40:13.814+0800][1028.556s] GC(180) Using 8 workers of 8 for evacuation
[2022-03-28T16:40:13.815+0800][1028.557s] GC(180)   Pre Evacuate Collection Set: 0.1ms
[2022-03-28T16:40:13.815+0800][1028.557s] GC(180)   Merge Heap Roots: 0.0ms
[2022-03-28T16:40:13.815+0800][1028.557s] GC(180)   Evacuate Collection Set: 0.5ms
[2022-03-28T16:40:13.815+0800][1028.557s] GC(180)   Post Evacuate Collection Set: 0.3ms
[2022-03-28T16:40:13.815+0800][1028.557s] GC(180)   Other: 0.2ms
[2022-03-28T16:40:13.815+0800][1028.557s] GC(180) Eden regions: 14->0(24)
[2022-03-28T16:40:13.815+0800][1028.557s] GC(180) Survivor regions: 1->1(1)
[2022-03-28T16:40:13.815+0800][1028.557s] GC(180) Old regions: 467->467
[2022-03-28T16:40:13.815+0800][1028.557s] GC(180) Archive regions: 0->0
[2022-03-28T16:40:13.815+0800][1028.557s] GC(180) Humongous regions: 29->29
[2022-03-28T16:40:13.815+0800][1028.557s] GC(180) Metaspace: 50314K(50688K)->50314K(50688K) NonClass: 44346K(44544K)->44346K(44544K) Class: 5968K(6144K)->5968K(6144K)
[2022-03-28T16:40:13.815+0800][1028.557s] GC(180) Pause Young (Normal) (G1 Preventive Collection) 508M->494M(512M) 1.306ms
[2022-03-28T16:40:13.815+0800][1028.557s] GC(180) User=0.00s Sys=0.00s Real=0.00s
[2022-03-28T16:40:13.891+0800][1028.633s] GC(177) Concurrent Mark From Roots 707.789ms
[2022-03-28T16:40:13.891+0800][1028.633s] GC(177) Concurrent Preclean
[2022-03-28T16:40:13.891+0800][1028.633s] GC(177) Concurrent Preclean 0.229ms
[2022-03-28T16:40:13.892+0800][1028.633s] GC(177) Pause Remark
[2022-03-28T16:40:13.896+0800][1028.638s] GC(177) Pause Remark 498M->498M(512M) 4.333ms
[2022-03-28T16:40:13.896+0800][1028.638s] GC(177) User=0.00s Sys=0.00s Real=0.00s
[2022-03-28T16:40:13.896+0800][1028.638s] GC(177) Concurrent Mark 712.758ms
[2022-03-28T16:40:13.896+0800][1028.638s] GC(177) Concurrent Rebuild Remembered Sets
[2022-03-28T16:40:14.078+0800][1028.820s] GC(181) Pause Young (Normal) (G1 Preventive Collection)
[2022-03-28T16:40:14.078+0800][1028.820s] GC(181) Using 8 workers of 8 for evacuation
[2022-03-28T16:40:14.079+0800][1028.821s] GC(181)   Pre Evacuate Collection Set: 0.2ms
[2022-03-28T16:40:14.079+0800][1028.821s] GC(181)   Merge Heap Roots: 0.0ms
[2022-03-28T16:40:14.079+0800][1028.821s] GC(181)   Evacuate Collection Set: 0.7ms
[2022-03-28T16:40:14.079+0800][1028.821s] GC(181)   Post Evacuate Collection Set: 0.3ms
[2022-03-28T16:40:14.079+0800][1028.821s] GC(181)   Other: 0.3ms
[2022-03-28T16:40:14.080+0800][1028.821s] GC(181) Eden regions: 14->0(24)
[2022-03-28T16:40:14.080+0800][1028.821s] GC(181) Survivor regions: 1->1(1)
[2022-03-28T16:40:14.080+0800][1028.821s] GC(181) Old regions: 467->467
[2022-03-28T16:40:14.080+0800][1028.821s] GC(181) Archive regions: 0->0
[2022-03-28T16:40:14.080+0800][1028.821s] GC(181) Humongous regions: 29->29
[2022-03-28T16:40:14.080+0800][1028.821s] GC(181) Metaspace: 50314K(50688K)->50314K(50688K) NonClass: 44346K(44544K)->44346K(44544K) Class: 5968K(6144K)->5968K(6144K)
[2022-03-28T16:40:14.080+0800][1028.821s] GC(181) Pause Young (Normal) (G1 Preventive Collection) 508M->494M(512M) 1.745ms
[2022-03-28T16:40:14.080+0800][1028.821s] GC(181) User=0.00s Sys=0.00s Real=0.00s
[2022-03-28T16:40:14.251+0800][1028.993s] GC(177) Concurrent Rebuild Remembered Sets 354.768ms
[2022-03-28T16:40:14.251+0800][1028.993s] GC(177) Pause Cleanup
[2022-03-28T16:40:14.251+0800][1028.993s] GC(177) Pause Cleanup 506M->506M(512M) 0.158ms
[2022-03-28T16:40:14.251+0800][1028.993s] GC(177) User=0.00s Sys=0.00s Real=0.00s
[2022-03-28T16:40:14.251+0800][1028.993s] GC(177) Concurrent Cleanup for Next Mark
[2022-03-28T16:40:14.251+0800][1028.993s] GC(177) Concurrent Cleanup for Next Mark 0.362ms
[2022-03-28T16:40:14.251+0800][1028.993s] GC(177) Concurrent Mark Cycle 1069.924ms
[2022-03-28T16:40:14.267+0800][1029.009s] GC(182) Pause Young (Normal) (G1 Preventive Collection)
[2022-03-28T16:40:14.267+0800][1029.009s] GC(182) Using 8 workers of 8 for evacuation
[2022-03-28T16:40:14.269+0800][1029.010s] GC(182)   Pre Evacuate Collection Set: 0.1ms
[2022-03-28T16:40:14.269+0800][1029.010s] GC(182)   Merge Heap Roots: 0.0ms
[2022-03-28T16:40:14.269+0800][1029.010s] GC(182)   Evacuate Collection Set: 0.4ms
[2022-03-28T16:40:14.269+0800][1029.010s] GC(182)   Post Evacuate Collection Set: 0.4ms
[2022-03-28T16:40:14.269+0800][1029.010s] GC(182)   Other: 0.2ms
[2022-03-28T16:40:14.269+0800][1029.010s] GC(182) Eden regions: 13->0(24)
[2022-03-28T16:40:14.269+0800][1029.010s] GC(182) Survivor regions: 1->1(2)
[2022-03-28T16:40:14.269+0800][1029.010s] GC(182) Old regions: 467->467
[2022-03-28T16:40:14.269+0800][1029.010s] GC(182) Archive regions: 0->0
[2022-03-28T16:40:14.269+0800][1029.010s] GC(182) Humongous regions: 29->29
[2022-03-28T16:40:14.269+0800][1029.011s] GC(182) Metaspace: 50314K(50688K)->50314K(50688K) NonClass: 44346K(44544K)->44346K(44544K) Class: 5968K(6144K)->5968K(6144K)
[2022-03-28T16:40:14.269+0800][1029.011s] GC(182) Pause Young (Normal) (G1 Preventive Collection) 507M->494M(512M) 1.340ms
[2022-03-28T16:40:14.269+0800][1029.011s] GC(182) User=0.00s Sys=0.00s Real=0.00s
[2022-03-28T16:40:14.451+0800][1029.193s] GC(183) Pause Young (Concurrent Start) (G1 Preventive Collection)
[2022-03-28T16:40:14.451+0800][1029.193s] GC(183) Using 8 workers of 8 for evacuation
[2022-03-28T16:40:14.452+0800][1029.194s] GC(183)   Pre Evacuate Collection Set: 0.1ms
[2022-03-28T16:40:14.452+0800][1029.194s] GC(183)   Merge Heap Roots: 0.0ms
[2022-03-28T16:40:14.452+0800][1029.194s] GC(183)   Evacuate Collection Set: 0.6ms
[2022-03-28T16:40:14.452+0800][1029.194s] GC(183)   Post Evacuate Collection Set: 0.2ms
[2022-03-28T16:40:14.452+0800][1029.194s] GC(183)   Other: 0.2ms
[2022-03-28T16:40:14.452+0800][1029.194s] GC(183) Eden regions: 14->0(24)
[2022-03-28T16:40:14.452+0800][1029.194s] GC(183) Survivor regions: 1->1(1)
[2022-03-28T16:40:14.452+0800][1029.194s] GC(183) Old regions: 467->467
[2022-03-28T16:40:14.452+0800][1029.194s] GC(183) Archive regions: 0->0
[2022-03-28T16:40:14.452+0800][1029.194s] GC(183) Humongous regions: 29->29
[2022-03-28T16:40:14.452+0800][1029.194s] GC(183) Metaspace: 50314K(50688K)->50314K(50688K) NonClass: 44346K(44544K)->44346K(44544K) Class: 5968K(6144K)->5968K(6144K)
[2022-03-28T16:40:14.452+0800][1029.194s] GC(183) Pause Young (Concurrent Start) (G1 Preventive Collection) 508M->494M(512M) 1.309ms
[2022-03-28T16:40:14.452+0800][1029.194s] GC(183) User=0.00s Sys=0.00s Real=0.00s
[2022-03-28T16:40:14.452+0800][1029.194s] GC(184) Concurrent Mark Cycle
[2022-03-28T16:40:14.452+0800][1029.194s] GC(184) Concurrent Clear Claimed Marks
[2022-03-28T16:40:14.452+0800][1029.194s] GC(184) Concurrent Clear Claimed Marks 0.020ms
[2022-03-28T16:40:14.452+0800][1029.194s] GC(184) Concurrent Scan Root Regions
[2022-03-28T16:40:14.453+0800][1029.196s] GC(184) Concurrent Scan Root Regions 1.311ms
[2022-03-28T16:40:14.453+0800][1029.196s] GC(184) Concurrent Mark
[2022-03-28T16:40:14.453+0800][1029.196s] GC(184) Concurrent Mark From Roots
[2022-03-28T16:40:14.453+0800][1029.196s] GC(184) Using 2 workers of 2 for marking
[2022-03-28T16:40:14.649+0800][1029.390s] GC(185) Pause Young (Normal) (G1 Preventive Collection)
[2022-03-28T16:40:14.649+0800][1029.390s] GC(185) Using 8 workers of 8 for evacuation
[2022-03-28T16:40:14.650+0800][1029.392s] GC(185)   Pre Evacuate Collection Set: 0.1ms
[2022-03-28T16:40:14.650+0800][1029.392s] GC(185)   Merge Heap Roots: 0.1ms
[2022-03-28T16:40:14.650+0800][1029.392s] GC(185)   Evacuate Collection Set: 0.7ms
[2022-03-28T16:40:14.650+0800][1029.392s] GC(185)   Post Evacuate Collection Set: 0.3ms
[2022-03-28T16:40:14.650+0800][1029.392s] GC(185)   Other: 0.2ms
[2022-03-28T16:40:14.650+0800][1029.392s] GC(185) Eden regions: 13->0(24)
[2022-03-28T16:40:14.650+0800][1029.392s] GC(185) Survivor regions: 1->1(2)
[2022-03-28T16:40:14.650+0800][1029.392s] GC(185) Old regions: 467->467
[2022-03-28T16:40:14.650+0800][1029.392s] GC(185) Archive regions: 0->0
[2022-03-28T16:40:14.650+0800][1029.392s] GC(185) Humongous regions: 29->29
[2022-03-28T16:40:14.650+0800][1029.392s] GC(185) Metaspace: 50314K(50688K)->50314K(50688K) NonClass: 44346K(44544K)->44346K(44544K) Class: 5968K(6144K)->5968K(6144K)
[2022-03-28T16:40:14.650+0800][1029.392s] GC(185) Pause Young (Normal) (G1 Preventive Collection) 507M->494M(512M) 1.573ms
[2022-03-28T16:40:14.650+0800][1029.392s] GC(185) User=0.00s Sys=0.02s Real=0.00s
[2022-03-28T16:40:14.869+0800][1029.610s] GC(186) Pause Young (Normal) (G1 Preventive Collection)
[2022-03-28T16:40:14.869+0800][1029.610s] GC(186) Using 8 workers of 8 for evacuation
[2022-03-28T16:40:14.870+0800][1029.611s] GC(186)   Pre Evacuate Collection Set: 0.1ms
[2022-03-28T16:40:14.870+0800][1029.611s] GC(186)   Merge Heap Roots: 0.0ms
[2022-03-28T16:40:14.870+0800][1029.611s] GC(186)   Evacuate Collection Set: 0.5ms
[2022-03-28T16:40:14.870+0800][1029.611s] GC(186)   Post Evacuate Collection Set: 0.2ms
[2022-03-28T16:40:14.870+0800][1029.611s] GC(186)   Other: 0.2ms
[2022-03-28T16:40:14.870+0800][1029.611s] GC(186) Eden regions: 13->0(24)
[2022-03-28T16:40:14.870+0800][1029.611s] GC(186) Survivor regions: 1->1(2)
[2022-03-28T16:40:14.870+0800][1029.611s] GC(186) Old regions: 467->467
[2022-03-28T16:40:14.870+0800][1029.611s] GC(186) Archive regions: 0->0
[2022-03-28T16:40:14.870+0800][1029.611s] GC(186) Humongous regions: 29->29
[2022-03-28T16:40:14.870+0800][1029.611s] GC(186) Metaspace: 50314K(50688K)->50314K(50688K) NonClass: 44346K(44544K)->44346K(44544K) Class: 5968K(6144K)->5968K(6144K)
[2022-03-28T16:40:14.870+0800][1029.611s] GC(186) Pause Young (Normal) (G1 Preventive Collection) 507M->494M(512M) 1.152ms
[2022-03-28T16:40:14.870+0800][1029.611s] GC(186) User=0.00s Sys=0.00s Real=0.00s
[2022-03-28T16:40:15.107+0800][1029.849s] GC(187) Pause Young (Normal) (G1 Preventive Collection)
[2022-03-28T16:40:15.107+0800][1029.849s] GC(187) Using 8 workers of 8 for evacuation
[2022-03-28T16:40:15.108+0800][1029.850s] GC(187)   Pre Evacuate Collection Set: 0.1ms
[2022-03-28T16:40:15.108+0800][1029.850s] GC(187)   Merge Heap Roots: 0.0ms
[2022-03-28T16:40:15.108+0800][1029.850s] GC(187)   Evacuate Collection Set: 0.5ms
[2022-03-28T16:40:15.108+0800][1029.850s] GC(187)   Post Evacuate Collection Set: 0.2ms
[2022-03-28T16:40:15.108+0800][1029.850s] GC(187)   Other: 0.2ms
[2022-03-28T16:40:15.108+0800][1029.850s] GC(187) Eden regions: 13->0(24)
[2022-03-28T16:40:15.108+0800][1029.850s] GC(187) Survivor regions: 1->1(2)
[2022-03-28T16:40:15.108+0800][1029.850s] GC(187) Old regions: 467->467
[2022-03-28T16:40:15.108+0800][1029.850s] GC(187) Archive regions: 0->0
[2022-03-28T16:40:15.108+0800][1029.850s] GC(187) Humongous regions: 29->29
[2022-03-28T16:40:15.108+0800][1029.850s] GC(187) Metaspace: 50314K(50688K)->50314K(50688K) NonClass: 44346K(44544K)->44346K(44544K) Class: 5968K(6144K)->5968K(6144K)
[2022-03-28T16:40:15.108+0800][1029.850s] GC(187) Pause Young (Normal) (G1 Preventive Collection) 507M->494M(512M) 1.159ms
[2022-03-28T16:40:15.109+0800][1029.850s] GC(187) User=0.00s Sys=0.00s Real=0.00s
[2022-03-28T16:40:15.168+0800][1029.909s] GC(184) Concurrent Mark From Roots 713.786ms
[2022-03-28T16:40:15.168+0800][1029.910s] GC(184) Concurrent Preclean
[2022-03-28T16:40:15.168+0800][1029.910s] GC(184) Concurrent Preclean 0.155ms
[2022-03-28T16:40:15.168+0800][1029.910s] GC(184) Pause Remark
[2022-03-28T16:40:15.170+0800][1029.912s] GC(184) Pause Remark 498M->498M(512M) 2.391ms
[2022-03-28T16:40:15.170+0800][1029.912s] GC(184) User=0.00s Sys=0.00s Real=0.00s
[2022-03-28T16:40:15.170+0800][1029.912s] GC(184) Concurrent Mark 716.606ms
[2022-03-28T16:40:15.170+0800][1029.912s] GC(184) Concurrent Rebuild Remembered Sets
[2022-03-28T16:40:15.333+0800][1030.075s] GC(188) Pause Young (Normal) (G1 Preventive Collection)
[2022-03-28T16:40:15.333+0800][1030.075s] GC(188) Using 8 workers of 8 for evacuation
[2022-03-28T16:40:15.334+0800][1030.076s] GC(188)   Pre Evacuate Collection Set: 0.1ms
[2022-03-28T16:40:15.334+0800][1030.076s] GC(188)   Merge Heap Roots: 0.1ms
[2022-03-28T16:40:15.334+0800][1030.076s] GC(188)   Evacuate Collection Set: 0.5ms
[2022-03-28T16:40:15.334+0800][1030.076s] GC(188)   Post Evacuate Collection Set: 0.3ms
[2022-03-28T16:40:15.334+0800][1030.076s] GC(188)   Other: 0.2ms
[2022-03-28T16:40:15.334+0800][1030.076s] GC(188) Eden regions: 13->0(24)
[2022-03-28T16:40:15.334+0800][1030.076s] GC(188) Survivor regions: 1->1(2)
[2022-03-28T16:40:15.334+0800][1030.076s] GC(188) Old regions: 467->467
[2022-03-28T16:40:15.334+0800][1030.076s] GC(188) Archive regions: 0->0
[2022-03-28T16:40:15.335+0800][1030.076s] GC(188) Humongous regions: 29->29
[2022-03-28T16:40:15.335+0800][1030.076s] GC(188) Metaspace: 50314K(50688K)->50314K(50688K) NonClass: 44346K(44544K)->44346K(44544K) Class: 5968K(6144K)->5968K(6144K)
[2022-03-28T16:40:15.335+0800][1030.076s] GC(188) Pause Young (Normal) (G1 Preventive Collection) 507M->494M(512M) 1.536ms
[2022-03-28T16:40:15.335+0800][1030.076s] GC(188) User=0.00s Sys=0.00s Real=0.00s
[2022-03-28T16:40:15.536+0800][1030.278s] GC(184) Concurrent Rebuild Remembered Sets 365.497ms
[2022-03-28T16:40:15.536+0800][1030.278s] GC(184) Pause Cleanup
[2022-03-28T16:40:15.537+0800][1030.278s] GC(184) Pause Cleanup 504M->504M(512M) 0.287ms
[2022-03-28T16:40:15.537+0800][1030.278s] GC(184) User=0.00s Sys=0.00s Real=0.00s
[2022-03-28T16:40:15.537+0800][1030.278s] GC(184) Concurrent Cleanup for Next Mark
[2022-03-28T16:40:15.537+0800][1030.279s] GC(184) Concurrent Cleanup for Next Mark 0.334ms
[2022-03-28T16:40:15.537+0800][1030.279s] GC(184) Concurrent Mark Cycle 1084.521ms
[2022-03-28T16:40:15.573+0800][1030.316s] GC(189) Pause Young (Normal) (G1 Preventive Collection)
[2022-03-28T16:40:15.573+0800][1030.316s] GC(189) Using 8 workers of 8 for evacuation
[2022-03-28T16:40:15.575+0800][1030.317s] GC(189)   Pre Evacuate Collection Set: 0.1ms
[2022-03-28T16:40:15.575+0800][1030.317s] GC(189)   Merge Heap Roots: 0.0ms
[2022-03-28T16:40:15.575+0800][1030.317s] GC(189)   Evacuate Collection Set: 0.7ms
[2022-03-28T16:40:15.575+0800][1030.317s] GC(189)   Post Evacuate Collection Set: 0.4ms
[2022-03-28T16:40:15.575+0800][1030.317s] GC(189)   Other: 0.2ms
[2022-03-28T16:40:15.575+0800][1030.317s] GC(189) Eden regions: 13->0(24)
[2022-03-28T16:40:15.575+0800][1030.317s] GC(189) Survivor regions: 1->1(2)
[2022-03-28T16:40:15.575+0800][1030.317s] GC(189) Old regions: 467->467
[2022-03-28T16:40:15.576+0800][1030.317s] GC(189) Archive regions: 0->0
[2022-03-28T16:40:15.576+0800][1030.317s] GC(189) Humongous regions: 29->29
[2022-03-28T16:40:15.576+0800][1030.317s] GC(189) Metaspace: 50314K(50688K)->50314K(50688K) NonClass: 44346K(44544K)->44346K(44544K) Class: 5968K(6144K)->5968K(6144K)
[2022-03-28T16:40:15.576+0800][1030.317s] GC(189) Pause Young (Normal) (G1 Preventive Collection) 507M->494M(512M) 1.526ms
[2022-03-28T16:40:15.576+0800][1030.317s] GC(189) User=0.00s Sys=0.00s Real=0.00s
[2022-03-28T16:40:15.757+0800][1030.499s] GC(190) Pause Young (Concurrent Start) (G1 Preventive Collection)
[2022-03-28T16:40:15.757+0800][1030.499s] GC(190) Using 8 workers of 8 for evacuation
[2022-03-28T16:40:15.758+0800][1030.500s] GC(190)   Pre Evacuate Collection Set: 0.1ms
[2022-03-28T16:40:15.758+0800][1030.500s] GC(190)   Merge Heap Roots: 0.0ms
[2022-03-28T16:40:15.758+0800][1030.500s] GC(190)   Evacuate Collection Set: 0.6ms
[2022-03-28T16:40:15.758+0800][1030.500s] GC(190)   Post Evacuate Collection Set: 0.4ms
[2022-03-28T16:40:15.758+0800][1030.500s] GC(190)   Other: 0.5ms
[2022-03-28T16:40:15.758+0800][1030.500s] GC(190) Eden regions: 13->0(24)
[2022-03-28T16:40:15.758+0800][1030.500s] GC(190) Survivor regions: 1->1(2)
[2022-03-28T16:40:15.758+0800][1030.500s] GC(190) Old regions: 467->467
[2022-03-28T16:40:15.758+0800][1030.500s] GC(190) Archive regions: 0->0
[2022-03-28T16:40:15.758+0800][1030.500s] GC(190) Humongous regions: 29->29
[2022-03-28T16:40:15.758+0800][1030.500s] GC(190) Metaspace: 50314K(50688K)->50314K(50688K) NonClass: 44346K(44544K)->44346K(44544K) Class: 5968K(6144K)->5968K(6144K)
[2022-03-28T16:40:15.758+0800][1030.500s] GC(190) Pause Young (Concurrent Start) (G1 Preventive Collection) 507M->494M(512M) 1.816ms
[2022-03-28T16:40:15.759+0800][1030.500s] GC(190) User=0.00s Sys=0.00s Real=0.00s
[2022-03-28T16:40:15.759+0800][1030.500s] GC(191) Concurrent Mark Cycle
[2022-03-28T16:40:15.759+0800][1030.500s] GC(191) Concurrent Clear Claimed Marks
[2022-03-28T16:40:15.759+0800][1030.501s] GC(191) Concurrent Clear Claimed Marks 0.026ms
[2022-03-28T16:40:15.759+0800][1030.501s] GC(191) Concurrent Scan Root Regions
[2022-03-28T16:40:15.760+0800][1030.502s] GC(191) Concurrent Scan Root Regions 1.449ms
[2022-03-28T16:40:15.760+0800][1030.502s] GC(191) Concurrent Mark
[2022-03-28T16:40:15.760+0800][1030.502s] GC(191) Concurrent Mark From Roots
[2022-03-28T16:40:15.760+0800][1030.502s] GC(191) Using 2 workers of 2 for marking
[2022-03-28T16:40:16.016+0800][1030.758s] GC(192) Pause Young (Normal) (G1 Preventive Collection)
[2022-03-28T16:40:16.016+0800][1030.758s] GC(192) Using 8 workers of 8 for evacuation
[2022-03-28T16:40:16.018+0800][1030.759s] GC(192)   Pre Evacuate Collection Set: 0.1ms
[2022-03-28T16:40:16.018+0800][1030.759s] GC(192)   Merge Heap Roots: 0.0ms
[2022-03-28T16:40:16.018+0800][1030.759s] GC(192)   Evacuate Collection Set: 0.8ms
[2022-03-28T16:40:16.018+0800][1030.759s] GC(192)   Post Evacuate Collection Set: 0.2ms
[2022-03-28T16:40:16.018+0800][1030.759s] GC(192)   Other: 0.2ms
[2022-03-28T16:40:16.018+0800][1030.760s] GC(192) Eden regions: 13->0(24)
[2022-03-28T16:40:16.018+0800][1030.760s] GC(192) Survivor regions: 1->1(2)
[2022-03-28T16:40:16.018+0800][1030.760s] GC(192) Old regions: 467->467
[2022-03-28T16:40:16.018+0800][1030.760s] GC(192) Archive regions: 0->0
[2022-03-28T16:40:16.018+0800][1030.760s] GC(192) Humongous regions: 29->29
[2022-03-28T16:40:16.018+0800][1030.760s] GC(192) Metaspace: 50314K(50688K)->50314K(50688K) NonClass: 44346K(44544K)->44346K(44544K) Class: 5968K(6144K)->5968K(6144K)
[2022-03-28T16:40:16.018+0800][1030.760s] GC(192) Pause Young (Normal) (G1 Preventive Collection) 507M->494M(512M) 1.648ms
[2022-03-28T16:40:16.018+0800][1030.760s] GC(192) User=0.00s Sys=0.00s Real=0.00s
[2022-03-28T16:40:16.481+0800][1031.224s] GC(191) Concurrent Mark From Roots 721.509ms
[2022-03-28T16:40:16.481+0800][1031.224s] GC(191) Concurrent Preclean
[2022-03-28T16:40:16.481+0800][1031.224s] GC(191) Concurrent Preclean 0.157ms
[2022-03-28T16:40:16.482+0800][1031.224s] GC(191) Pause Remark
[2022-03-28T16:40:16.485+0800][1031.226s] GC(191) Pause Remark 506M->506M(512M) 2.492ms
[2022-03-28T16:40:16.485+0800][1031.226s] GC(191) User=0.00s Sys=0.00s Real=0.00s
[2022-03-28T16:40:16.485+0800][1031.227s] GC(191) Concurrent Mark 724.468ms
[2022-03-28T16:40:16.485+0800][1031.227s] GC(191) Concurrent Rebuild Remembered Sets
[2022-03-28T16:40:16.828+0800][1031.569s] GC(191) Concurrent Rebuild Remembered Sets 342.923ms
[2022-03-28T16:40:16.828+0800][1031.570s] GC(191) Pause Cleanup
[2022-03-28T16:40:16.828+0800][1031.570s] GC(191) Pause Cleanup 506M->506M(512M) 0.338ms
[2022-03-28T16:40:16.828+0800][1031.570s] GC(191) User=0.00s Sys=0.00s Real=0.00s
[2022-03-28T16:40:16.828+0800][1031.570s] GC(191) Concurrent Cleanup for Next Mark
[2022-03-28T16:40:16.829+0800][1031.571s] GC(191) Concurrent Cleanup for Next Mark 0.467ms
[2022-03-28T16:40:16.829+0800][1031.571s] GC(191) Concurrent Mark Cycle 1070.233ms
[2022-03-28T16:40:32.608+0800][1047.350s] GC(193) Pause Young (Normal) (G1 Preventive Collection)
[2022-03-28T16:40:32.608+0800][1047.350s] GC(193) Using 8 workers of 8 for evacuation
[2022-03-28T16:40:32.610+0800][1047.352s] GC(193)   Pre Evacuate Collection Set: 0.1ms
[2022-03-28T16:40:32.610+0800][1047.352s] GC(193)   Merge Heap Roots: 0.0ms
[2022-03-28T16:40:32.610+0800][1047.352s] GC(193)   Evacuate Collection Set: 1.2ms
[2022-03-28T16:40:32.610+0800][1047.352s] GC(193)   Post Evacuate Collection Set: 0.4ms
[2022-03-28T16:40:32.610+0800][1047.352s] GC(193)   Other: 0.2ms
[2022-03-28T16:40:32.610+0800][1047.352s] GC(193) Eden regions: 13->0(23)
[2022-03-28T16:40:32.610+0800][1047.352s] GC(193) Survivor regions: 1->2(2)
[2022-03-28T16:40:32.610+0800][1047.352s] GC(193) Old regions: 467->467
[2022-03-28T16:40:32.610+0800][1047.352s] GC(193) Archive regions: 0->0
[2022-03-28T16:40:32.610+0800][1047.352s] GC(193) Humongous regions: 29->29
[2022-03-28T16:40:32.610+0800][1047.352s] GC(193) Metaspace: 50320K(50688K)->50320K(50688K) NonClass: 44351K(44544K)->44351K(44544K) Class: 5968K(6144K)->5968K(6144K)
[2022-03-28T16:40:32.610+0800][1047.352s] GC(193) Pause Young (Normal) (G1 Preventive Collection) 507M->494M(512M) 2.077ms
[2022-03-28T16:40:32.610+0800][1047.352s] GC(193) User=0.00s Sys=0.00s Real=0.00s
[2022-03-28T16:50:09.485+0800][1624.227s] GC(194) Pause Young (Concurrent Start) (G1 Preventive Collection)
[2022-03-28T16:50:09.485+0800][1624.227s] GC(194) Using 8 workers of 8 for evacuation
[2022-03-28T16:50:09.486+0800][1624.228s] GC(194)   Pre Evacuate Collection Set: 0.1ms
[2022-03-28T16:50:09.486+0800][1624.228s] GC(194)   Merge Heap Roots: 0.1ms
[2022-03-28T16:50:09.487+0800][1624.229s] GC(194)   Evacuate Collection Set: 0.6ms
[2022-03-28T16:50:09.487+0800][1624.229s] GC(194)   Post Evacuate Collection Set: 0.5ms
[2022-03-28T16:50:09.487+0800][1624.229s] GC(194)   Other: 0.2ms
[2022-03-28T16:50:09.487+0800][1624.229s] GC(194) Eden regions: 12->0(24)
[2022-03-28T16:50:09.487+0800][1624.229s] GC(194) Survivor regions: 2->1(2)
[2022-03-28T16:50:09.487+0800][1624.229s] GC(194) Old regions: 467->467
[2022-03-28T16:50:09.487+0800][1624.229s] GC(194) Archive regions: 0->0
[2022-03-28T16:50:09.487+0800][1624.229s] GC(194) Humongous regions: 29->29
[2022-03-28T16:50:09.487+0800][1624.229s] GC(194) Metaspace: 50332K(50688K)->50332K(50688K) NonClass: 44364K(44544K)->44364K(44544K) Class: 5968K(6144K)->5968K(6144K)
[2022-03-28T16:50:09.487+0800][1624.229s] GC(194) Pause Young (Concurrent Start) (G1 Preventive Collection) 506M->494M(512M) 1.635ms
[2022-03-28T16:50:09.487+0800][1624.229s] GC(194) User=0.00s Sys=0.00s Real=0.00s
[2022-03-28T16:50:09.487+0800][1624.229s] GC(195) Concurrent Mark Cycle
[2022-03-28T16:50:09.487+0800][1624.229s] GC(195) Concurrent Clear Claimed Marks
[2022-03-28T16:50:09.487+0800][1624.229s] GC(195) Concurrent Clear Claimed Marks 0.011ms
[2022-03-28T16:50:09.487+0800][1624.229s] GC(195) Concurrent Scan Root Regions
[2022-03-28T16:50:09.487+0800][1624.229s] GC(195) Concurrent Scan Root Regions 0.798ms
[2022-03-28T16:50:09.487+0800][1624.229s] GC(195) Concurrent Mark
[2022-03-28T16:50:09.488+0800][1624.230s] GC(195) Concurrent Mark From Roots
[2022-03-28T16:50:09.488+0800][1624.230s] GC(195) Using 2 workers of 2 for marking
[2022-03-28T16:50:09.841+0800][1624.583s] GC(195) Concurrent Mark From Roots 353.720ms
[2022-03-28T16:50:09.841+0800][1624.583s] GC(195) Concurrent Preclean
[2022-03-28T16:50:09.841+0800][1624.583s] GC(195) Concurrent Preclean 0.122ms
[2022-03-28T16:50:09.841+0800][1624.584s] GC(195) Pause Remark
[2022-03-28T16:50:09.844+0800][1624.587s] GC(195) Pause Remark 494M->494M(512M) 2.999ms
[2022-03-28T16:50:09.844+0800][1624.587s] GC(195) User=0.00s Sys=0.00s Real=0.00s
[2022-03-28T16:50:09.844+0800][1624.587s] GC(195) Concurrent Mark 357.147ms
[2022-03-28T16:50:09.844+0800][1624.587s] GC(195) Concurrent Rebuild Remembered Sets
[2022-03-28T16:50:10.020+0800][1624.762s] GC(195) Concurrent Rebuild Remembered Sets 175.250ms
[2022-03-28T16:50:10.020+0800][1624.762s] GC(195) Pause Cleanup
[2022-03-28T16:50:10.020+0800][1624.762s] GC(195) Pause Cleanup 494M->494M(512M) 0.167ms
[2022-03-28T16:50:10.020+0800][1624.762s] GC(195) User=0.00s Sys=0.00s Real=0.00s
[2022-03-28T16:50:10.020+0800][1624.762s] GC(195) Concurrent Cleanup for Next Mark
[2022-03-28T16:50:10.021+0800][1624.763s] GC(195) Concurrent Cleanup for Next Mark 0.827ms
[2022-03-28T16:50:10.021+0800][1624.763s] GC(195) Concurrent Mark Cycle 534.659ms
[2022-03-28T17:16:10.551+0800][3185.293s] GC(196) Pause Young (Normal) (G1 Preventive Collection)
[2022-03-28T17:16:10.551+0800][3185.294s] GC(196) Using 8 workers of 8 for evacuation
[2022-03-28T17:16:10.555+0800][3185.297s] GC(196)   Pre Evacuate Collection Set: 0.1ms
[2022-03-28T17:16:10.555+0800][3185.297s] GC(196)   Merge Heap Roots: 0.1ms
[2022-03-28T17:16:10.555+0800][3185.297s] GC(196)   Evacuate Collection Set: 2.2ms
[2022-03-28T17:16:10.555+0800][3185.297s] GC(196)   Post Evacuate Collection Set: 0.6ms
[2022-03-28T17:16:10.555+0800][3185.297s] GC(196)   Other: 0.2ms
[2022-03-28T17:16:10.555+0800][3185.297s] GC(196) Eden regions: 13->0(24)
[2022-03-28T17:16:10.555+0800][3185.297s] GC(196) Survivor regions: 1->1(2)
[2022-03-28T17:16:10.555+0800][3185.297s] GC(196) Old regions: 467->467
[2022-03-28T17:16:10.555+0800][3185.297s] GC(196) Archive regions: 0->0
[2022-03-28T17:16:10.555+0800][3185.297s] GC(196) Humongous regions: 29->29
[2022-03-28T17:16:10.555+0800][3185.297s] GC(196) Metaspace: 50367K(50688K)->50367K(50688K) NonClass: 44398K(44544K)->44398K(44544K) Class: 5969K(6144K)->5969K(6144K)
[2022-03-28T17:16:10.555+0800][3185.297s] GC(196) Pause Young (Normal) (G1 Preventive Collection) 507M->494M(512M) 3.398ms
[2022-03-28T17:16:10.555+0800][3185.297s] GC(196) User=0.00s Sys=0.00s Real=0.00s
[2022-03-28T17:21:15.981+0800][3490.724s] GC(197) Pause Young (Concurrent Start) (G1 Humongous Allocation)
[2022-03-28T17:21:15.982+0800][3490.724s] GC(197) Using 8 workers of 8 for evacuation
[2022-03-28T17:21:15.983+0800][3490.725s] GC(197)   Pre Evacuate Collection Set: 0.2ms
[2022-03-28T17:21:15.983+0800][3490.725s] GC(197)   Merge Heap Roots: 0.0ms
[2022-03-28T17:21:15.983+0800][3490.725s] GC(197)   Evacuate Collection Set: 0.5ms
[2022-03-28T17:21:15.983+0800][3490.725s] GC(197)   Post Evacuate Collection Set: 0.2ms
[2022-03-28T17:21:15.983+0800][3490.725s] GC(197)   Other: 0.2ms
[2022-03-28T17:21:15.983+0800][3490.725s] GC(197) Eden regions: 4->0(24)
[2022-03-28T17:21:15.983+0800][3490.725s] GC(197) Survivor regions: 1->1(4)
[2022-03-28T17:21:15.983+0800][3490.725s] GC(197) Old regions: 467->467
[2022-03-28T17:21:15.983+0800][3490.725s] GC(197) Archive regions: 0->0
[2022-03-28T17:21:15.983+0800][3490.725s] GC(197) Humongous regions: 29->29
[2022-03-28T17:21:15.983+0800][3490.725s] GC(197) Metaspace: 50380K(50688K)->50380K(50688K) NonClass: 44410K(44544K)->44410K(44544K) Class: 5969K(6144K)->5969K(6144K)
[2022-03-28T17:21:15.983+0800][3490.725s] GC(197) Pause Young (Concurrent Start) (G1 Humongous Allocation) 497M->494M(512M) 1.368ms
[2022-03-28T17:21:15.983+0800][3490.725s] GC(197) User=0.00s Sys=0.00s Real=0.00s
[2022-03-28T17:21:15.983+0800][3490.725s] GC(198) Concurrent Mark Cycle
[2022-03-28T17:21:15.983+0800][3490.725s] GC(198) Concurrent Clear Claimed Marks
[2022-03-28T17:21:15.983+0800][3490.725s] GC(198) Concurrent Clear Claimed Marks 0.015ms
[2022-03-28T17:21:15.983+0800][3490.725s] GC(198) Concurrent Scan Root Regions
[2022-03-28T17:21:15.984+0800][3490.726s] GC(198) Concurrent Scan Root Regions 0.871ms
[2022-03-28T17:21:15.984+0800][3490.726s] GC(198) Concurrent Mark
[2022-03-28T17:21:15.984+0800][3490.726s] GC(198) Concurrent Mark From Roots
[2022-03-28T17:21:15.984+0800][3490.726s] GC(198) Using 2 workers of 2 for marking
[2022-03-28T17:21:15.984+0800][3490.726s] GC(199) Pause Young (Normal) (G1 Preventive Collection)
[2022-03-28T17:21:15.984+0800][3490.726s] GC(199) Using 8 workers of 8 for evacuation
[2022-03-28T17:21:15.985+0800][3490.727s] GC(199)   Pre Evacuate Collection Set: 0.9ms
[2022-03-28T17:21:15.985+0800][3490.727s] GC(199)   Merge Heap Roots: 0.1ms
[2022-03-28T17:21:15.985+0800][3490.727s] GC(199)   Evacuate Collection Set: 0.4ms
[2022-03-28T17:21:15.985+0800][3490.727s] GC(199)   Post Evacuate Collection Set: 0.6ms
[2022-03-28T17:21:15.985+0800][3490.727s] GC(199)   Other: 0.1ms
[2022-03-28T17:21:15.985+0800][3490.727s] GC(199) Eden regions: 0->0(24)
[2022-03-28T17:21:15.985+0800][3490.727s] GC(199) Survivor regions: 1->1(4)
[2022-03-28T17:21:15.985+0800][3490.727s] GC(199) Old regions: 467->467
[2022-03-28T17:21:15.985+0800][3490.727s] GC(199) Archive regions: 0->0
[2022-03-28T17:21:15.985+0800][3490.727s] GC(199) Humongous regions: 29->29
[2022-03-28T17:21:15.985+0800][3490.727s] GC(199) Metaspace: 50380K(50688K)->50380K(50688K) NonClass: 44410K(44544K)->44410K(44544K) Class: 5969K(6144K)->5969K(6144K)
[2022-03-28T17:21:15.985+0800][3490.727s] GC(199) Pause Young (Normal) (G1 Preventive Collection) 494M->494M(512M) 1.305ms
[2022-03-28T17:21:15.985+0800][3490.727s] GC(199) User=0.00s Sys=0.00s Real=0.00s
[2022-03-28T17:21:15.985+0800][3490.727s] Attempting full compaction
[2022-03-28T17:21:15.985+0800][3490.727s] GC(200) Using 8 workers of 8 for full compaction
[2022-03-28T17:21:15.986+0800][3490.728s] GC(200) Pause Full (G1 Compaction Pause)
[2022-03-28T17:21:15.987+0800][3490.729s] GC(200) Phase 1: Mark live objects
[2022-03-28T17:21:16.215+0800][3490.957s] GC(200) Phase 1: Mark live objects 228.257ms
[2022-03-28T17:21:16.215+0800][3490.957s] GC(200) Phase 2: Prepare for compaction
[2022-03-28T17:21:16.218+0800][3490.959s] GC(200) Phase 2: Prepare for compaction 2.260ms
[2022-03-28T17:21:16.218+0800][3490.959s] GC(200) Phase 3: Adjust pointers
[2022-03-28T17:21:16.254+0800][3490.996s] GC(200) Phase 3: Adjust pointers 36.855ms
[2022-03-28T17:21:16.254+0800][3490.996s] GC(200) Phase 4: Compact heap
[2022-03-28T17:21:16.257+0800][3490.999s] GC(200) Phase 4: Compact heap 2.417ms
[2022-03-28T17:21:16.261+0800][3491.003s] GC(200) Eden regions: 0->0(25)
[2022-03-28T17:21:16.261+0800][3491.003s] GC(200) Survivor regions: 1->0(4)
[2022-03-28T17:21:16.261+0800][3491.003s] GC(200) Old regions: 467->467
[2022-03-28T17:21:16.261+0800][3491.003s] GC(200) Archive regions: 0->0
[2022-03-28T17:21:16.261+0800][3491.003s] GC(200) Humongous regions: 29->29
[2022-03-28T17:21:16.261+0800][3491.003s] GC(200) Metaspace: 50380K(50688K)->50373K(50688K) NonClass: 44410K(44544K)->44405K(44544K) Class: 5969K(6144K)->5968K(6144K)
[2022-03-28T17:21:16.261+0800][3491.003s] GC(200) Pause Full (G1 Compaction Pause) 494M->492M(512M) 275.520ms
[2022-03-28T17:21:16.261+0800][3491.004s] GC(200) User=1.59s Sys=0.23s Real=0.28s
[2022-03-28T17:21:16.261+0800][3491.004s] Attempting maximum full compaction clearing soft references
[2022-03-28T17:21:16.261+0800][3491.004s] GC(201) Using 8 workers of 8 for full compaction
[2022-03-28T17:21:16.261+0800][3491.004s] GC(201) Pause Full (G1 Compaction Pause)
[2022-03-28T17:21:16.261+0800][3491.004s] GC(201) Phase 1: Mark live objects
[2022-03-28T17:21:16.405+0800][3491.146s] GC(201) Phase 1: Mark live objects 142.507ms
[2022-03-28T17:21:16.405+0800][3491.146s] GC(201) Phase 2: Prepare for compaction
[2022-03-28T17:21:16.443+0800][3491.185s] GC(201) Phase 2: Prepare for compaction 38.056ms
[2022-03-28T17:21:16.443+0800][3491.185s] GC(201) Phase 3: Adjust pointers
[2022-03-28T17:21:16.488+0800][3491.230s] GC(201) Phase 3: Adjust pointers 45.661ms
[2022-03-28T17:21:16.488+0800][3491.230s] GC(201) Phase 4: Compact heap
[2022-03-28T17:21:16.530+0800][3491.272s] GC(201) Phase 4: Compact heap 41.792ms
[2022-03-28T17:21:16.532+0800][3491.275s] GC(201) Eden regions: 0->0(25)
[2022-03-28T17:21:16.532+0800][3491.275s] GC(201) Survivor regions: 0->0(4)
[2022-03-28T17:21:16.532+0800][3491.275s] GC(201) Old regions: 467->466
[2022-03-28T17:21:16.532+0800][3491.275s] GC(201) Archive regions: 0->0
[2022-03-28T17:21:16.532+0800][3491.275s] GC(201) Humongous regions: 29->29
[2022-03-28T17:21:16.532+0800][3491.275s] GC(201) Metaspace: 50373K(50688K)->50373K(50688K) NonClass: 44405K(44544K)->44405K(44544K) Class: 5968K(6144K)->5968K(6144K)
[2022-03-28T17:21:16.532+0800][3491.275s] GC(201) Pause Full (G1 Compaction Pause) 492M->491M(512M) 270.963ms
[2022-03-28T17:21:16.533+0800][3491.275s] GC(201) User=1.94s Sys=0.02s Real=0.27s
[2022-03-28T17:21:16.533+0800][3491.275s] GC(198) Concurrent Mark From Roots 549.091ms
[2022-03-28T17:21:16.533+0800][3491.275s] GC(198) Concurrent Mark Abort
[2022-03-28T17:21:16.533+0800][3491.275s] GC(198) Concurrent Mark Cycle 550.099ms
[2022-03-28T17:21:28.603+0800][3503.345s] GC(202) Pause Young (Concurrent Start) (G1 Humongous Allocation)
[2022-03-28T17:21:28.603+0800][3503.345s] GC(202) Using 8 workers of 8 for evacuation
[2022-03-28T17:21:28.604+0800][3503.347s] GC(202)   Pre Evacuate Collection Set: 0.1ms
[2022-03-28T17:21:28.604+0800][3503.347s] GC(202)   Merge Heap Roots: 0.0ms
[2022-03-28T17:21:28.604+0800][3503.347s] GC(202)   Evacuate Collection Set: 0.6ms
[2022-03-28T17:21:28.604+0800][3503.347s] GC(202)   Post Evacuate Collection Set: 0.5ms
[2022-03-28T17:21:28.604+0800][3503.347s] GC(202)   Other: 0.2ms
[2022-03-28T17:21:28.604+0800][3503.347s] GC(202) Eden regions: 3->0(24)
[2022-03-28T17:21:28.604+0800][3503.347s] GC(202) Survivor regions: 0->1(4)
[2022-03-28T17:21:28.604+0800][3503.347s] GC(202) Old regions: 466->466
[2022-03-28T17:21:28.604+0800][3503.347s] GC(202) Archive regions: 0->0
[2022-03-28T17:21:28.604+0800][3503.347s] GC(202) Humongous regions: 29->29
[2022-03-28T17:21:28.604+0800][3503.347s] GC(202) Metaspace: 50508K(50880K)->50508K(50880K) NonClass: 44518K(44736K)->44518K(44736K) Class: 5990K(6144K)->5990K(6144K)
[2022-03-28T17:21:28.604+0800][3503.347s] GC(202) Pause Young (Concurrent Start) (G1 Humongous Allocation) 494M->491M(512M) 1.625ms
[2022-03-28T17:21:28.604+0800][3503.347s] GC(202) User=0.00s Sys=0.00s Real=0.00s
[2022-03-28T17:21:28.604+0800][3503.347s] GC(203) Concurrent Mark Cycle
[2022-03-28T17:21:28.604+0800][3503.347s] GC(203) Concurrent Clear Claimed Marks
[2022-03-28T17:21:28.604+0800][3503.347s] GC(203) Concurrent Clear Claimed Marks 0.024ms
[2022-03-28T17:21:28.604+0800][3503.347s] GC(203) Concurrent Scan Root Regions
[2022-03-28T17:21:28.606+0800][3503.348s] GC(203) Concurrent Scan Root Regions 0.598ms
[2022-03-28T17:21:28.606+0800][3503.348s] GC(204) Pause Young (Normal) (G1 Humongous Allocation)
[2022-03-28T17:21:28.606+0800][3503.348s] GC(203) Concurrent Mark
[2022-03-28T17:21:28.606+0800][3503.348s] GC(204) Using 8 workers of 8 for evacuation
[2022-03-28T17:21:28.606+0800][3503.348s] GC(203) Concurrent Mark From Roots
[2022-03-28T17:21:28.606+0800][3503.348s] GC(203) Using 2 workers of 2 for marking
[2022-03-28T17:21:28.606+0800][3503.349s] GC(204)   Pre Evacuate Collection Set: 0.7ms
[2022-03-28T17:21:28.606+0800][3503.349s] GC(204)   Merge Heap Roots: 0.1ms
[2022-03-28T17:21:28.606+0800][3503.349s] GC(204)   Evacuate Collection Set: 0.3ms
[2022-03-28T17:21:28.606+0800][3503.349s] GC(204)   Post Evacuate Collection Set: 0.5ms
[2022-03-28T17:21:28.606+0800][3503.349s] GC(204)   Other: 0.3ms
[2022-03-28T17:21:28.606+0800][3503.349s] GC(204) Eden regions: 0->0(24)
[2022-03-28T17:21:28.606+0800][3503.349s] GC(204) Survivor regions: 1->1(4)
[2022-03-28T17:21:28.606+0800][3503.349s] GC(204) Old regions: 466->466
[2022-03-28T17:21:28.606+0800][3503.349s] GC(204) Archive regions: 0->0
[2022-03-28T17:21:28.606+0800][3503.349s] GC(204) Humongous regions: 29->29
[2022-03-28T17:21:28.606+0800][3503.349s] GC(204) Metaspace: 50508K(50880K)->50508K(50880K) NonClass: 44518K(44736K)->44518K(44736K) Class: 5990K(6144K)->5990K(6144K)
[2022-03-28T17:21:28.606+0800][3503.349s] GC(204) Pause Young (Normal) (G1 Humongous Allocation) 491M->491M(512M) 1.414ms
[2022-03-28T17:21:28.607+0800][3503.349s] GC(204) User=0.00s Sys=0.00s Real=0.00s
[2022-03-28T17:21:28.607+0800][3503.349s] Attempting full compaction
[2022-03-28T17:21:28.607+0800][3503.349s] GC(205) Using 8 workers of 8 for full compaction
[2022-03-28T17:21:28.607+0800][3503.349s] GC(205) Pause Full (G1 Compaction Pause)
[2022-03-28T17:21:28.607+0800][3503.349s] GC(205) Phase 1: Mark live objects
[2022-03-28T17:21:28.817+0800][3503.559s] GC(205) Phase 1: Mark live objects 209.769ms
[2022-03-28T17:21:28.818+0800][3503.559s] GC(205) Phase 2: Prepare for compaction
[2022-03-28T17:21:28.819+0800][3503.561s] GC(205) Phase 2: Prepare for compaction 1.591ms
[2022-03-28T17:21:28.819+0800][3503.561s] GC(205) Phase 3: Adjust pointers
[2022-03-28T17:21:28.879+0800][3503.621s] GC(205) Phase 3: Adjust pointers 60.056ms
[2022-03-28T17:21:28.879+0800][3503.621s] GC(205) Phase 4: Compact heap
[2022-03-28T17:21:28.880+0800][3503.622s] GC(205) Phase 4: Compact heap 0.945ms
[2022-03-28T17:21:28.886+0800][3503.628s] GC(205) Eden regions: 0->0(25)
[2022-03-28T17:21:28.886+0800][3503.628s] GC(205) Survivor regions: 1->0(4)
[2022-03-28T17:21:28.887+0800][3503.628s] GC(205) Old regions: 466->465
[2022-03-28T17:21:28.887+0800][3503.628s] GC(205) Archive regions: 0->0
[2022-03-28T17:21:28.887+0800][3503.628s] GC(205) Humongous regions: 29->29
[2022-03-28T17:21:28.887+0800][3503.628s] GC(205) Metaspace: 50508K(50880K)->50508K(50880K) NonClass: 44518K(44736K)->44518K(44736K) Class: 5990K(6144K)->5990K(6144K)
[2022-03-28T17:21:28.887+0800][3503.628s] GC(205) Pause Full (G1 Compaction Pause) 491M->491M(512M) 279.190ms
[2022-03-28T17:21:28.887+0800][3503.629s] GC(205) User=1.86s Sys=0.00s Real=0.28s
[2022-03-28T17:21:28.887+0800][3503.629s] Attempting maximum full compaction clearing soft references
[2022-03-28T17:21:28.887+0800][3503.629s] GC(206) Using 8 workers of 8 for full compaction
[2022-03-28T17:21:28.887+0800][3503.629s] GC(206) Pause Full (G1 Compaction Pause)
[2022-03-28T17:21:28.887+0800][3503.629s] GC(206) Phase 1: Mark live objects
[2022-03-28T17:21:29.125+0800][3503.867s] GC(206) Phase 1: Mark live objects 238.044ms
[2022-03-28T17:21:29.125+0800][3503.867s] GC(206) Phase 2: Prepare for compaction
[2022-03-28T17:21:29.177+0800][3503.919s] GC(206) Phase 2: Prepare for compaction 51.214ms
[2022-03-28T17:21:29.177+0800][3503.919s] GC(206) Phase 3: Adjust pointers
[2022-03-28T17:21:29.251+0800][3503.992s] GC(206) Phase 3: Adjust pointers 73.614ms
[2022-03-28T17:21:29.251+0800][3503.992s] GC(206) Phase 4: Compact heap
[2022-03-28T17:21:29.305+0800][3504.047s] GC(206) Phase 4: Compact heap 54.205ms
[2022-03-28T17:21:29.313+0800][3504.055s] GC(206) Eden regions: 0->0(25)
[2022-03-28T17:21:29.314+0800][3504.055s] GC(206) Survivor regions: 0->0(4)
[2022-03-28T17:21:29.314+0800][3504.055s] GC(206) Old regions: 465->465
[2022-03-28T17:21:29.314+0800][3504.055s] GC(206) Archive regions: 0->0
[2022-03-28T17:21:29.314+0800][3504.055s] GC(206) Humongous regions: 29->29
[2022-03-28T17:21:29.314+0800][3504.055s] GC(206) Metaspace: 50508K(50880K)->50508K(50880K) NonClass: 44518K(44736K)->44518K(44736K) Class: 5990K(6144K)->5990K(6144K)
[2022-03-28T17:21:29.314+0800][3504.056s] GC(206) Pause Full (G1 Compaction Pause) 491M->491M(512M) 426.253ms
[2022-03-28T17:21:29.314+0800][3504.056s] GC(206) User=3.05s Sys=0.00s Real=0.43s
[2022-03-28T17:21:29.315+0800][3504.056s] GC(203) Concurrent Mark From Roots 708.550ms
[2022-03-28T17:21:29.315+0800][3504.056s] GC(203) Concurrent Mark Abort
[2022-03-28T17:21:29.315+0800][3504.056s] GC(203) Concurrent Mark Cycle 709.473ms
[2022-03-28T17:22:29.920+0800][3564.662s] GC(207) Pause Young (Concurrent Start) (G1 Humongous Allocation)
[2022-03-28T17:22:29.920+0800][3564.662s] GC(207) Using 8 workers of 8 for evacuation
[2022-03-28T17:22:29.922+0800][3564.663s] GC(207)   Pre Evacuate Collection Set: 0.1ms
[2022-03-28T17:22:29.922+0800][3564.663s] GC(207)   Merge Heap Roots: 0.0ms
[2022-03-28T17:22:29.922+0800][3564.663s] GC(207)   Evacuate Collection Set: 0.4ms
[2022-03-28T17:22:29.922+0800][3564.663s] GC(207)   Post Evacuate Collection Set: 0.2ms
[2022-03-28T17:22:29.922+0800][3564.663s] GC(207)   Other: 0.2ms
[2022-03-28T17:22:29.922+0800][3564.663s] GC(207) Eden regions: 3->0(24)
[2022-03-28T17:22:29.922+0800][3564.663s] GC(207) Survivor regions: 0->1(4)
[2022-03-28T17:22:29.922+0800][3564.663s] GC(207) Old regions: 465->465
[2022-03-28T17:22:29.922+0800][3564.663s] GC(207) Archive regions: 0->0
[2022-03-28T17:22:29.922+0800][3564.663s] GC(207) Humongous regions: 29->29
[2022-03-28T17:22:29.922+0800][3564.663s] GC(207) Metaspace: 50522K(50880K)->50522K(50880K) NonClass: 44531K(44736K)->44531K(44736K) Class: 5990K(6144K)->5990K(6144K)
[2022-03-28T17:22:29.922+0800][3564.663s] GC(207) Pause Young (Concurrent Start) (G1 Humongous Allocation) 494M->491M(512M) 0.977ms
[2022-03-28T17:22:29.922+0800][3564.663s] GC(207) User=0.00s Sys=0.00s Real=0.00s
[2022-03-28T17:22:29.922+0800][3564.663s] GC(208) Concurrent Mark Cycle
[2022-03-28T17:22:29.922+0800][3564.663s] GC(208) Concurrent Clear Claimed Marks
[2022-03-28T17:22:29.922+0800][3564.663s] GC(208) Concurrent Clear Claimed Marks 0.019ms
[2022-03-28T17:22:29.922+0800][3564.663s] GC(208) Concurrent Scan Root Regions
[2022-03-28T17:22:29.922+0800][3564.664s] GC(208) Concurrent Scan Root Regions 0.613ms
[2022-03-28T17:22:29.922+0800][3564.664s] GC(209) Pause Young (Normal) (G1 Humongous Allocation)
[2022-03-28T17:22:29.922+0800][3564.664s] GC(208) Concurrent Mark
[2022-03-28T17:22:29.922+0800][3564.664s] GC(209) Using 8 workers of 8 for evacuation
[2022-03-28T17:22:29.922+0800][3564.664s] GC(208) Concurrent Mark From Roots
[2022-03-28T17:22:29.923+0800][3564.664s] GC(208) Using 2 workers of 2 for marking
[2022-03-28T17:22:29.923+0800][3564.665s] GC(209)   Pre Evacuate Collection Set: 0.7ms
[2022-03-28T17:22:29.923+0800][3564.665s] GC(209)   Merge Heap Roots: 0.0ms
[2022-03-28T17:22:29.923+0800][3564.665s] GC(209)   Evacuate Collection Set: 0.1ms
[2022-03-28T17:22:29.923+0800][3564.665s] GC(209)   Post Evacuate Collection Set: 0.2ms
[2022-03-28T17:22:29.923+0800][3564.665s] GC(209)   Other: 0.1ms
[2022-03-28T17:22:29.923+0800][3564.665s] GC(209) Eden regions: 0->0(24)
[2022-03-28T17:22:29.923+0800][3564.665s] GC(209) Survivor regions: 1->1(4)
[2022-03-28T17:22:29.923+0800][3564.665s] GC(209) Old regions: 465->465
[2022-03-28T17:22:29.923+0800][3564.665s] GC(209) Archive regions: 0->0
[2022-03-28T17:22:29.923+0800][3564.665s] GC(209) Humongous regions: 29->29
[2022-03-28T17:22:29.923+0800][3564.665s] GC(209) Metaspace: 50522K(50880K)->50522K(50880K) NonClass: 44531K(44736K)->44531K(44736K) Class: 5990K(6144K)->5990K(6144K)
[2022-03-28T17:22:29.923+0800][3564.665s] GC(209) Pause Young (Normal) (G1 Humongous Allocation) 491M->491M(512M) 0.648ms
[2022-03-28T17:22:29.923+0800][3564.665s] GC(209) User=0.00s Sys=0.00s Real=0.00s
[2022-03-28T17:22:29.923+0800][3564.665s] Attempting full compaction
[2022-03-28T17:22:29.923+0800][3564.665s] GC(210) Using 8 workers of 8 for full compaction
[2022-03-28T17:22:29.923+0800][3564.665s] GC(210) Pause Full (G1 Compaction Pause)
[2022-03-28T17:22:29.923+0800][3564.665s] GC(210) Phase 1: Mark live objects
[2022-03-28T17:22:30.074+0800][3564.816s] GC(210) Phase 1: Mark live objects 150.506ms
[2022-03-28T17:22:30.074+0800][3564.816s] GC(210) Phase 2: Prepare for compaction
[2022-03-28T17:22:30.074+0800][3564.816s] GC(210) Phase 2: Prepare for compaction 0.701ms
[2022-03-28T17:22:30.074+0800][3564.816s] GC(210) Phase 3: Adjust pointers
[2022-03-28T17:22:30.110+0800][3564.852s] GC(210) Phase 3: Adjust pointers 35.756ms
[2022-03-28T17:22:30.110+0800][3564.852s] GC(210) Phase 4: Compact heap
[2022-03-28T17:22:30.111+0800][3564.853s] GC(210) Phase 4: Compact heap 0.394ms
[2022-03-28T17:22:30.115+0800][3564.857s] GC(210) Eden regions: 0->0(25)
[2022-03-28T17:22:30.115+0800][3564.857s] GC(210) Survivor regions: 1->0(4)
[2022-03-28T17:22:30.115+0800][3564.857s] GC(210) Old regions: 465->466
[2022-03-28T17:22:30.115+0800][3564.857s] GC(210) Archive regions: 0->0
[2022-03-28T17:22:30.115+0800][3564.857s] GC(210) Humongous regions: 29->29
[2022-03-28T17:22:30.115+0800][3564.857s] GC(210) Metaspace: 50522K(50880K)->50522K(50880K) NonClass: 44531K(44736K)->44531K(44736K) Class: 5990K(6144K)->5990K(6144K)
[2022-03-28T17:22:30.115+0800][3564.857s] GC(210) Pause Full (G1 Compaction Pause) 491M->491M(512M) 192.077ms
[2022-03-28T17:22:30.115+0800][3564.857s] GC(210) User=1.28s Sys=0.00s Real=0.19s
[2022-03-28T17:22:30.115+0800][3564.857s] GC(208) Concurrent Mark From Roots 193.230ms
[2022-03-28T17:22:30.116+0800][3564.857s] GC(208) Concurrent Mark Abort
[2022-03-28T17:22:30.116+0800][3564.857s] GC(208) Concurrent Mark Cycle 194.035ms
[2022-03-28T17:22:30.142+0800][3564.883s] GC(211) Pause Young (Concurrent Start) (G1 Humongous Allocation)
[2022-03-28T17:22:30.142+0800][3564.883s] GC(211) Using 8 workers of 8 for evacuation
[2022-03-28T17:22:30.142+0800][3564.884s] GC(211)   Pre Evacuate Collection Set: 0.1ms
[2022-03-28T17:22:30.142+0800][3564.884s] GC(211)   Merge Heap Roots: 0.0ms
[2022-03-28T17:22:30.142+0800][3564.884s] GC(211)   Evacuate Collection Set: 0.3ms
[2022-03-28T17:22:30.142+0800][3564.884s] GC(211)   Post Evacuate Collection Set: 0.2ms
[2022-03-28T17:22:30.142+0800][3564.884s] GC(211)   Other: 0.1ms
[2022-03-28T17:22:30.142+0800][3564.884s] GC(211) Eden regions: 1->0(24)
[2022-03-28T17:22:30.142+0800][3564.884s] GC(211) Survivor regions: 0->1(1)
[2022-03-28T17:22:30.142+0800][3564.884s] GC(211) Old regions: 466->466
[2022-03-28T17:22:30.142+0800][3564.884s] GC(211) Archive regions: 0->0
[2022-03-28T17:22:30.142+0800][3564.884s] GC(211) Humongous regions: 44->44
[2022-03-28T17:22:30.142+0800][3564.884s] GC(211) Metaspace: 50522K(50880K)->50522K(50880K) NonClass: 44531K(44736K)->44531K(44736K) Class: 5990K(6144K)->5990K(6144K)
[2022-03-28T17:22:30.142+0800][3564.884s] GC(211) Pause Young (Concurrent Start) (G1 Humongous Allocation) 506M->506M(512M) 0.937ms
[2022-03-28T17:22:30.142+0800][3564.884s] GC(211) User=0.00s Sys=0.00s Real=0.00s
[2022-03-28T17:22:30.142+0800][3564.884s] GC(212) Concurrent Mark Cycle
[2022-03-28T17:22:30.142+0800][3564.884s] GC(212) Concurrent Clear Claimed Marks
[2022-03-28T17:22:30.142+0800][3564.884s] GC(212) Concurrent Clear Claimed Marks 0.025ms
[2022-03-28T17:22:30.142+0800][3564.884s] GC(212) Concurrent Scan Root Regions
[2022-03-28T17:22:30.142+0800][3564.885s] GC(212) Concurrent Scan Root Regions 0.142ms
[2022-03-28T17:22:30.142+0800][3564.885s] GC(212) Concurrent Mark
[2022-03-28T17:22:30.142+0800][3564.885s] GC(213) Pause Young (Normal) (G1 Humongous Allocation)
[2022-03-28T17:22:30.142+0800][3564.885s] GC(212) Concurrent Mark From Roots
[2022-03-28T17:22:30.142+0800][3564.885s] GC(213) Using 8 workers of 8 for evacuation
[2022-03-28T17:22:30.142+0800][3564.885s] GC(212) Using 2 workers of 2 for marking
[2022-03-28T17:22:30.143+0800][3564.885s] GC(213)   Pre Evacuate Collection Set: 0.2ms
[2022-03-28T17:22:30.143+0800][3564.885s] GC(213)   Merge Heap Roots: 0.0ms
[2022-03-28T17:22:30.143+0800][3564.885s] GC(213)   Evacuate Collection Set: 0.1ms
[2022-03-28T17:22:30.143+0800][3564.885s] GC(213)   Post Evacuate Collection Set: 0.1ms
[2022-03-28T17:22:30.143+0800][3564.885s] GC(213)   Other: 0.1ms
[2022-03-28T17:22:30.143+0800][3564.885s] GC(213) Eden regions: 0->0(24)
[2022-03-28T17:22:30.143+0800][3564.885s] GC(213) Survivor regions: 1->1(1)
[2022-03-28T17:22:30.143+0800][3564.885s] GC(213) Old regions: 466->466
[2022-03-28T17:22:30.143+0800][3564.885s] GC(213) Archive regions: 0->0
[2022-03-28T17:22:30.143+0800][3564.885s] GC(213) Humongous regions: 44->44
[2022-03-28T17:22:30.143+0800][3564.885s] GC(213) Metaspace: 50522K(50880K)->50522K(50880K) NonClass: 44531K(44736K)->44531K(44736K) Class: 5990K(6144K)->5990K(6144K)
[2022-03-28T17:22:30.143+0800][3564.885s] GC(213) Pause Young (Normal) (G1 Humongous Allocation) 506M->506M(512M) 0.536ms
[2022-03-28T17:22:30.143+0800][3564.885s] GC(213) User=0.00s Sys=0.00s Real=0.00s
[2022-03-28T17:22:30.143+0800][3564.885s] Attempting full compaction
[2022-03-28T17:22:30.143+0800][3564.885s] GC(214) Using 8 workers of 8 for full compaction
[2022-03-28T17:22:30.144+0800][3564.885s] GC(214) Pause Full (G1 Compaction Pause)
[2022-03-28T17:22:30.144+0800][3564.885s] GC(214) Phase 1: Mark live objects
[2022-03-28T17:22:30.288+0800][3565.030s] GC(214) Phase 1: Mark live objects 144.334ms
[2022-03-28T17:22:30.288+0800][3565.030s] GC(214) Phase 2: Prepare for compaction
[2022-03-28T17:22:30.289+0800][3565.031s] GC(214) Phase 2: Prepare for compaction 0.653ms
[2022-03-28T17:22:30.289+0800][3565.031s] GC(214) Phase 3: Adjust pointers
[2022-03-28T17:22:30.325+0800][3565.067s] GC(214) Phase 3: Adjust pointers 36.867ms
[2022-03-28T17:22:30.326+0800][3565.068s] GC(214) Phase 4: Compact heap
[2022-03-28T17:22:30.326+0800][3565.068s] GC(214) Phase 4: Compact heap 0.309ms
[2022-03-28T17:22:30.331+0800][3565.073s] GC(214) Eden regions: 0->0(25)
[2022-03-28T17:22:30.331+0800][3565.073s] GC(214) Survivor regions: 1->0(1)
[2022-03-28T17:22:30.331+0800][3565.073s] GC(214) Old regions: 466->466
[2022-03-28T17:22:30.331+0800][3565.073s] GC(214) Archive regions: 0->0
[2022-03-28T17:22:30.331+0800][3565.073s] GC(214) Humongous regions: 44->44
[2022-03-28T17:22:30.331+0800][3565.073s] GC(214) Metaspace: 50522K(50880K)->50522K(50880K) NonClass: 44531K(44736K)->44531K(44736K) Class: 5990K(6144K)->5990K(6144K)
[2022-03-28T17:22:30.331+0800][3565.073s] GC(214) Pause Full (G1 Compaction Pause) 506M->506M(512M) 187.683ms
[2022-03-28T17:22:30.331+0800][3565.073s] GC(214) User=1.34s Sys=0.02s Real=0.19s
[2022-03-28T17:22:30.331+0800][3565.073s] Attempting maximum full compaction clearing soft references
[2022-03-28T17:22:30.331+0800][3565.073s] GC(215) Using 8 workers of 8 for full compaction
[2022-03-28T17:22:30.331+0800][3565.074s] GC(215) Pause Full (G1 Compaction Pause)
[2022-03-28T17:22:30.331+0800][3565.074s] GC(215) Phase 1: Mark live objects
[2022-03-28T17:22:30.498+0800][3565.240s] GC(215) Phase 1: Mark live objects 165.944ms
[2022-03-28T17:22:30.498+0800][3565.240s] GC(215) Phase 2: Prepare for compaction
[2022-03-28T17:22:30.528+0800][3565.270s] GC(215) Phase 2: Prepare for compaction 30.480ms
[2022-03-28T17:22:30.528+0800][3565.270s] GC(215) Phase 3: Adjust pointers
[2022-03-28T17:22:30.575+0800][3565.317s] GC(215) Phase 3: Adjust pointers 46.756ms
[2022-03-28T17:22:30.575+0800][3565.317s] GC(215) Phase 4: Compact heap
[2022-03-28T17:22:30.610+0800][3565.351s] GC(215) Phase 4: Compact heap 34.301ms
[2022-03-28T17:22:30.614+0800][3565.356s] GC(215) Eden regions: 0->0(25)
[2022-03-28T17:22:30.614+0800][3565.356s] GC(215) Survivor regions: 0->0(1)
[2022-03-28T17:22:30.614+0800][3565.356s] GC(215) Old regions: 466->465
[2022-03-28T17:22:30.614+0800][3565.356s] GC(215) Archive regions: 0->0
[2022-03-28T17:22:30.614+0800][3565.356s] GC(215) Humongous regions: 44->44
[2022-03-28T17:22:30.614+0800][3565.356s] GC(215) Metaspace: 50522K(50880K)->50522K(50880K) NonClass: 44531K(44736K)->44531K(44736K) Class: 5990K(6144K)->5990K(6144K)
[2022-03-28T17:22:30.614+0800][3565.356s] GC(215) Pause Full (G1 Compaction Pause) 506M->506M(512M) 282.650ms
[2022-03-28T17:22:30.615+0800][3565.357s] GC(215) User=1.77s Sys=0.02s Real=0.28s
[2022-03-28T17:22:30.615+0800][3565.357s] GC(212) Concurrent Mark From Roots 472.097ms
[2022-03-28T17:22:30.615+0800][3565.357s] GC(212) Concurrent Mark Abort
[2022-03-28T17:22:30.615+0800][3565.357s] GC(212) Concurrent Mark Cycle 472.441ms
[2022-03-28T17:22:30.952+0800][3565.694s] GC(216) Pause Young (Normal) (G1 Preventive Collection)
[2022-03-28T17:22:30.952+0800][3565.694s] GC(216) Using 8 workers of 8 for evacuation
[2022-03-28T17:22:30.953+0800][3565.695s] GC(216)   Pre Evacuate Collection Set: 0.0ms
[2022-03-28T17:22:30.953+0800][3565.695s] GC(216)   Merge Heap Roots: 0.0ms
[2022-03-28T17:22:30.953+0800][3565.695s] GC(216)   Evacuate Collection Set: 0.1ms
[2022-03-28T17:22:30.953+0800][3565.695s] GC(216)   Post Evacuate Collection Set: 0.2ms
[2022-03-28T17:22:30.953+0800][3565.695s] GC(216)   Other: 0.1ms
[2022-03-28T17:22:30.953+0800][3565.695s] GC(216) Eden regions: 2->0(24)
[2022-03-28T17:22:30.953+0800][3565.695s] GC(216) Survivor regions: 0->1(1)
[2022-03-28T17:22:30.953+0800][3565.695s] GC(216) Old regions: 465->465
[2022-03-28T17:22:30.953+0800][3565.695s] GC(216) Archive regions: 0->0
[2022-03-28T17:22:30.953+0800][3565.695s] GC(216) Humongous regions: 44->44
[2022-03-28T17:22:30.953+0800][3565.695s] GC(216) Metaspace: 50526K(50880K)->50526K(50880K) NonClass: 44535K(44736K)->44535K(44736K) Class: 5990K(6144K)->5990K(6144K)
[2022-03-28T17:22:30.953+0800][3565.695s] GC(216) Pause Young (Normal) (G1 Preventive Collection) 508M->506M(512M) 0.609ms
[2022-03-28T17:22:30.953+0800][3565.695s] GC(216) User=0.00s Sys=0.00s Real=0.00s
[2022-03-28T17:23:00.400+0800][3595.142s] GC(217) Pause Young (Concurrent Start) (G1 Humongous Allocation)
[2022-03-28T17:23:00.400+0800][3595.142s] GC(217) Using 8 workers of 8 for evacuation
[2022-03-28T17:23:00.401+0800][3595.143s] GC(217)   Pre Evacuate Collection Set: 0.1ms
[2022-03-28T17:23:00.401+0800][3595.143s] GC(217)   Merge Heap Roots: 0.0ms
[2022-03-28T17:23:00.401+0800][3595.143s] GC(217)   Evacuate Collection Set: 0.7ms
[2022-03-28T17:23:00.401+0800][3595.143s] GC(217)   Post Evacuate Collection Set: 0.3ms
[2022-03-28T17:23:00.401+0800][3595.143s] GC(217)   Other: 0.4ms
[2022-03-28T17:23:00.402+0800][3595.143s] GC(217) Eden regions: 1->0(24)
[2022-03-28T17:23:00.402+0800][3595.143s] GC(217) Survivor regions: 1->1(1)
[2022-03-28T17:23:00.402+0800][3595.143s] GC(217) Old regions: 465->465
[2022-03-28T17:23:00.402+0800][3595.143s] GC(217) Archive regions: 0->0
[2022-03-28T17:23:00.402+0800][3595.143s] GC(217) Humongous regions: 44->44
[2022-03-28T17:23:00.402+0800][3595.143s] GC(217) Metaspace: 50535K(50880K)->50535K(50880K) NonClass: 44545K(44736K)->44545K(44736K) Class: 5990K(6144K)->5990K(6144K)
[2022-03-28T17:23:00.402+0800][3595.143s] GC(217) Pause Young (Concurrent Start) (G1 Humongous Allocation) 507M->506M(512M) 1.852ms
[2022-03-28T17:23:00.402+0800][3595.143s] GC(217) User=0.11s Sys=0.00s Real=0.00s
[2022-03-28T17:23:00.402+0800][3595.143s] GC(218) Concurrent Mark Cycle
[2022-03-28T17:23:00.402+0800][3595.144s] GC(218) Concurrent Clear Claimed Marks
[2022-03-28T17:23:00.402+0800][3595.144s] GC(218) Concurrent Clear Claimed Marks 0.038ms
[2022-03-28T17:23:00.402+0800][3595.144s] GC(218) Concurrent Scan Root Regions
[2022-03-28T17:23:00.403+0800][3595.145s] GC(218) Concurrent Scan Root Regions 0.916ms
[2022-03-28T17:23:00.403+0800][3595.145s] GC(219) Pause Young (Normal) (G1 Humongous Allocation)
[2022-03-28T17:23:00.403+0800][3595.145s] GC(218) Concurrent Mark
[2022-03-28T17:23:00.403+0800][3595.145s] GC(219) Using 8 workers of 8 for evacuation
[2022-03-28T17:23:00.403+0800][3595.145s] GC(218) Concurrent Mark From Roots
[2022-03-28T17:23:00.403+0800][3595.145s] GC(218) Using 2 workers of 2 for marking
[2022-03-28T17:23:00.404+0800][3595.145s] GC(219)   Pre Evacuate Collection Set: 0.9ms
[2022-03-28T17:23:00.404+0800][3595.145s] GC(219)   Merge Heap Roots: 0.0ms
[2022-03-28T17:23:00.404+0800][3595.145s] GC(219)   Evacuate Collection Set: 0.2ms
[2022-03-28T17:23:00.404+0800][3595.145s] GC(219)   Post Evacuate Collection Set: 0.3ms
[2022-03-28T17:23:00.404+0800][3595.145s] GC(219)   Other: 0.2ms
[2022-03-28T17:23:00.404+0800][3595.145s] GC(219) Eden regions: 0->0(24)
[2022-03-28T17:23:00.404+0800][3595.145s] GC(219) Survivor regions: 1->1(2)
[2022-03-28T17:23:00.404+0800][3595.146s] GC(219) Old regions: 465->465
[2022-03-28T17:23:00.404+0800][3595.146s] GC(219) Archive regions: 0->0
[2022-03-28T17:23:00.404+0800][3595.146s] GC(219) Humongous regions: 44->44
[2022-03-28T17:23:00.404+0800][3595.146s] GC(219) Metaspace: 50535K(50880K)->50535K(50880K) NonClass: 44545K(44736K)->44545K(44736K) Class: 5990K(6144K)->5990K(6144K)
[2022-03-28T17:23:00.404+0800][3595.146s] GC(219) Pause Young (Normal) (G1 Humongous Allocation) 506M->506M(512M) 1.062ms
[2022-03-28T17:23:00.404+0800][3595.146s] GC(219) User=0.00s Sys=0.00s Real=0.00s
[2022-03-28T17:23:00.404+0800][3595.146s] Attempting full compaction
[2022-03-28T17:23:00.404+0800][3595.146s] GC(220) Using 8 workers of 8 for full compaction
[2022-03-28T17:23:00.404+0800][3595.146s] GC(220) Pause Full (G1 Compaction Pause)
[2022-03-28T17:23:00.405+0800][3595.146s] GC(220) Phase 1: Mark live objects
[2022-03-28T17:23:00.658+0800][3595.400s] GC(220) Phase 1: Mark live objects 253.636ms
[2022-03-28T17:23:00.658+0800][3595.400s] GC(220) Phase 2: Prepare for compaction
[2022-03-28T17:23:00.659+0800][3595.401s] GC(220) Phase 2: Prepare for compaction 1.306ms
[2022-03-28T17:23:00.659+0800][3595.401s] GC(220) Phase 3: Adjust pointers
[2022-03-28T17:23:00.725+0800][3595.467s] GC(220) Phase 3: Adjust pointers 65.782ms
[2022-03-28T17:23:00.725+0800][3595.467s] GC(220) Phase 4: Compact heap
[2022-03-28T17:23:00.726+0800][3595.468s] GC(220) Phase 4: Compact heap 0.615ms
[2022-03-28T17:23:00.733+0800][3595.475s] GC(220) Eden regions: 0->0(25)
[2022-03-28T17:23:00.734+0800][3595.475s] GC(220) Survivor regions: 1->0(2)
[2022-03-28T17:23:00.734+0800][3595.475s] GC(220) Old regions: 465->466
[2022-03-28T17:23:00.734+0800][3595.475s] GC(220) Archive regions: 0->0
[2022-03-28T17:23:00.734+0800][3595.475s] GC(220) Humongous regions: 44->29
[2022-03-28T17:23:00.734+0800][3595.476s] GC(220) Metaspace: 50535K(50880K)->50535K(50880K) NonClass: 44545K(44736K)->44545K(44736K) Class: 5990K(6144K)->5990K(6144K)
[2022-03-28T17:23:00.734+0800][3595.476s] GC(220) Pause Full (G1 Compaction Pause) 506M->491M(512M) 329.554ms
[2022-03-28T17:23:00.734+0800][3595.476s] GC(220) User=2.41s Sys=0.00s Real=0.33s
[2022-03-28T17:23:00.734+0800][3595.476s] GC(218) Concurrent Mark From Roots 331.608ms
[2022-03-28T17:23:00.734+0800][3595.476s] GC(218) Concurrent Mark Abort
[2022-03-28T17:23:00.734+0800][3595.476s] GC(218) Concurrent Mark Cycle 332.867ms
[2022-03-28T17:23:00.755+0800][3595.497s] GC(221) Pause Young (Concurrent Start) (G1 Humongous Allocation)
[2022-03-28T17:23:00.755+0800][3595.497s] GC(221) Using 8 workers of 8 for evacuation
[2022-03-28T17:23:00.757+0800][3595.499s] GC(221)   Pre Evacuate Collection Set: 0.1ms
[2022-03-28T17:23:00.757+0800][3595.499s] GC(221)   Merge Heap Roots: 0.0ms
[2022-03-28T17:23:00.757+0800][3595.499s] GC(221)   Evacuate Collection Set: 0.7ms
[2022-03-28T17:23:00.757+0800][3595.499s] GC(221)   Post Evacuate Collection Set: 0.4ms
[2022-03-28T17:23:00.757+0800][3595.499s] GC(221)   Other: 0.5ms
[2022-03-28T17:23:00.757+0800][3595.499s] GC(221) Eden regions: 1->0(24)
[2022-03-28T17:23:00.757+0800][3595.499s] GC(221) Survivor regions: 0->1(1)
[2022-03-28T17:23:00.757+0800][3595.499s] GC(221) Old regions: 466->466
[2022-03-28T17:23:00.757+0800][3595.499s] GC(221) Archive regions: 0->0
[2022-03-28T17:23:00.757+0800][3595.499s] GC(221) Humongous regions: 44->44
[2022-03-28T17:23:00.757+0800][3595.499s] GC(221) Metaspace: 50544K(50880K)->50544K(50880K) NonClass: 44554K(44736K)->44554K(44736K) Class: 5990K(6144K)->5990K(6144K)
[2022-03-28T17:23:00.758+0800][3595.499s] GC(221) Pause Young (Concurrent Start) (G1 Humongous Allocation) 506M->506M(512M) 2.113ms
[2022-03-28T17:23:00.758+0800][3595.499s] GC(221) User=0.00s Sys=0.00s Real=0.00s
[2022-03-28T17:23:00.758+0800][3595.499s] GC(222) Concurrent Mark Cycle
[2022-03-28T17:23:00.758+0800][3595.500s] GC(222) Concurrent Clear Claimed Marks
[2022-03-28T17:23:00.758+0800][3595.500s] GC(222) Concurrent Clear Claimed Marks 0.051ms
[2022-03-28T17:23:00.758+0800][3595.500s] GC(222) Concurrent Scan Root Regions
[2022-03-28T17:23:00.758+0800][3595.500s] GC(222) Concurrent Scan Root Regions 0.188ms
[2022-03-28T17:23:00.758+0800][3595.500s] GC(223) Pause Young (Normal) (G1 Humongous Allocation)
[2022-03-28T17:23:00.758+0800][3595.500s] GC(222) Concurrent Mark
[2022-03-28T17:23:00.758+0800][3595.500s] GC(223) Using 8 workers of 8 for evacuation
[2022-03-28T17:23:00.758+0800][3595.500s] GC(222) Concurrent Mark From Roots
[2022-03-28T17:23:00.758+0800][3595.500s] GC(222) Using 2 workers of 2 for marking
[2022-03-28T17:23:00.759+0800][3595.501s] GC(223)   Pre Evacuate Collection Set: 0.3ms
[2022-03-28T17:23:00.759+0800][3595.501s] GC(223)   Merge Heap Roots: 0.0ms
[2022-03-28T17:23:00.759+0800][3595.501s] GC(223)   Evacuate Collection Set: 0.2ms
[2022-03-28T17:23:00.759+0800][3595.501s] GC(223)   Post Evacuate Collection Set: 0.4ms
[2022-03-28T17:23:00.759+0800][3595.501s] GC(223)   Other: 0.2ms
[2022-03-28T17:23:00.759+0800][3595.501s] GC(223) Eden regions: 0->0(24)
[2022-03-28T17:23:00.759+0800][3595.501s] GC(223) Survivor regions: 1->1(1)
[2022-03-28T17:23:00.759+0800][3595.501s] GC(223) Old regions: 466->466
[2022-03-28T17:23:00.759+0800][3595.501s] GC(223) Archive regions: 0->0
[2022-03-28T17:23:00.759+0800][3595.501s] GC(223) Humongous regions: 44->44
[2022-03-28T17:23:00.759+0800][3595.501s] GC(223) Metaspace: 50544K(50880K)->50544K(50880K) NonClass: 44554K(44736K)->44554K(44736K) Class: 5990K(6144K)->5990K(6144K)
[2022-03-28T17:23:00.759+0800][3595.501s] GC(223) Pause Young (Normal) (G1 Humongous Allocation) 506M->506M(512M) 1.255ms
[2022-03-28T17:23:00.759+0800][3595.501s] GC(223) User=0.00s Sys=0.02s Real=0.00s
[2022-03-28T17:23:00.759+0800][3595.501s] Attempting full compaction
[2022-03-28T17:23:00.759+0800][3595.501s] GC(224) Using 8 workers of 8 for full compaction
[2022-03-28T17:23:00.760+0800][3595.502s] GC(224) Pause Full (G1 Compaction Pause)
[2022-03-28T17:23:00.760+0800][3595.502s] GC(224) Phase 1: Mark live objects
[2022-03-28T17:23:01.014+0800][3595.755s] GC(224) Phase 1: Mark live objects 253.397ms
[2022-03-28T17:23:01.014+0800][3595.755s] GC(224) Phase 2: Prepare for compaction
[2022-03-28T17:23:01.015+0800][3595.757s] GC(224) Phase 2: Prepare for compaction 1.265ms
[2022-03-28T17:23:01.015+0800][3595.757s] GC(224) Phase 3: Adjust pointers
[2022-03-28T17:23:01.076+0800][3595.817s] GC(224) Phase 3: Adjust pointers 60.730ms
[2022-03-28T17:23:01.076+0800][3595.817s] GC(224) Phase 4: Compact heap
[2022-03-28T17:23:01.076+0800][3595.818s] GC(224) Phase 4: Compact heap 0.566ms
[2022-03-28T17:23:01.083+0800][3595.825s] GC(224) Eden regions: 0->0(25)
[2022-03-28T17:23:01.083+0800][3595.825s] GC(224) Survivor regions: 1->0(1)
[2022-03-28T17:23:01.083+0800][3595.825s] GC(224) Old regions: 466->467
[2022-03-28T17:23:01.083+0800][3595.825s] GC(224) Archive regions: 0->0
[2022-03-28T17:23:01.083+0800][3595.825s] GC(224) Humongous regions: 44->44
[2022-03-28T17:23:01.083+0800][3595.825s] GC(224) Metaspace: 50544K(50880K)->50544K(50880K) NonClass: 44554K(44736K)->44554K(44736K) Class: 5990K(6144K)->5990K(6144K)
[2022-03-28T17:23:01.083+0800][3595.825s] GC(224) Pause Full (G1 Compaction Pause) 506M->506M(512M) 323.587ms
[2022-03-28T17:23:01.084+0800][3595.826s] GC(224) User=2.38s Sys=0.02s Real=0.32s
[2022-03-28T17:23:01.084+0800][3595.826s] Attempting maximum full compaction clearing soft references
[2022-03-28T17:23:01.084+0800][3595.826s] GC(225) Using 8 workers of 8 for full compaction
[2022-03-28T17:23:01.084+0800][3595.826s] GC(225) Pause Full (G1 Compaction Pause)
[2022-03-28T17:23:01.084+0800][3595.826s] GC(225) Phase 1: Mark live objects
[2022-03-28T17:23:01.310+0800][3596.052s] GC(225) Phase 1: Mark live objects 225.681ms
[2022-03-28T17:23:01.310+0800][3596.052s] GC(225) Phase 2: Prepare for compaction
[2022-03-28T17:23:01.369+0800][3596.111s] GC(225) Phase 2: Prepare for compaction 59.078ms
[2022-03-28T17:23:01.369+0800][3596.111s] GC(225) Phase 3: Adjust pointers
[2022-03-28T17:23:01.442+0800][3596.184s] GC(225) Phase 3: Adjust pointers 73.011ms
[2022-03-28T17:23:01.442+0800][3596.184s] GC(225) Phase 4: Compact heap
[2022-03-28T17:23:01.496+0800][3596.238s] GC(225) Phase 4: Compact heap 54.011ms
[2022-03-28T17:23:01.504+0800][3596.246s] GC(225) Eden regions: 0->0(25)
[2022-03-28T17:23:01.504+0800][3596.246s] GC(225) Survivor regions: 0->0(1)
[2022-03-28T17:23:01.504+0800][3596.246s] GC(225) Old regions: 467->465
[2022-03-28T17:23:01.504+0800][3596.246s] GC(225) Archive regions: 0->0
[2022-03-28T17:23:01.504+0800][3596.246s] GC(225) Humongous regions: 44->44
[2022-03-28T17:23:01.504+0800][3596.246s] GC(225) Metaspace: 50544K(50880K)->50544K(50880K) NonClass: 44554K(44736K)->44554K(44736K) Class: 5990K(6144K)->5990K(6144K)
[2022-03-28T17:23:01.504+0800][3596.246s] GC(225) Pause Full (G1 Compaction Pause) 506M->506M(512M) 420.114ms
[2022-03-28T17:23:01.505+0800][3596.247s] GC(225) User=2.84s Sys=0.00s Real=0.42s
[2022-03-28T17:23:01.505+0800][3596.247s] GC(222) Concurrent Mark From Roots 746.700ms
[2022-03-28T17:23:01.505+0800][3596.247s] GC(222) Concurrent Mark Abort
[2022-03-28T17:23:01.505+0800][3596.247s] GC(222) Concurrent Mark Cycle 747.199ms
[2022-03-28T17:23:13.037+0800][3607.780s] GC(226) Pause Young (Concurrent Start) (G1 Humongous Allocation)
[2022-03-28T17:23:13.037+0800][3607.780s] GC(226) Using 8 workers of 8 for evacuation
[2022-03-28T17:23:13.039+0800][3607.781s] GC(226)   Pre Evacuate Collection Set: 0.1ms
[2022-03-28T17:23:13.039+0800][3607.781s] GC(226)   Merge Heap Roots: 0.1ms
[2022-03-28T17:23:13.039+0800][3607.781s] GC(226)   Evacuate Collection Set: 0.4ms
[2022-03-28T17:23:13.039+0800][3607.781s] GC(226)   Post Evacuate Collection Set: 0.6ms
[2022-03-28T17:23:13.039+0800][3607.781s] GC(226)   Other: 0.2ms
[2022-03-28T17:23:13.039+0800][3607.781s] GC(226) Eden regions: 2->0(24)
[2022-03-28T17:23:13.039+0800][3607.781s] GC(226) Survivor regions: 0->1(1)
[2022-03-28T17:23:13.039+0800][3607.781s] GC(226) Old regions: 465->465
[2022-03-28T17:23:13.039+0800][3607.781s] GC(226) Archive regions: 0->0
[2022-03-28T17:23:13.039+0800][3607.781s] GC(226) Humongous regions: 44->44
[2022-03-28T17:23:13.039+0800][3607.781s] GC(226) Metaspace: 50548K(50880K)->50548K(50880K) NonClass: 44557K(44736K)->44557K(44736K) Class: 5990K(6144K)->5990K(6144K)
[2022-03-28T17:23:13.039+0800][3607.781s] GC(226) Pause Young (Concurrent Start) (G1 Humongous Allocation) 507M->506M(512M) 1.451ms
[2022-03-28T17:23:13.039+0800][3607.781s] GC(226) User=0.00s Sys=0.00s Real=0.00s
[2022-03-28T17:23:13.039+0800][3607.782s] GC(227) Concurrent Mark Cycle
[2022-03-28T17:23:13.039+0800][3607.782s] GC(227) Concurrent Clear Claimed Marks
[2022-03-28T17:23:13.039+0800][3607.782s] GC(227) Concurrent Clear Claimed Marks 0.014ms
[2022-03-28T17:23:13.039+0800][3607.782s] GC(227) Concurrent Scan Root Regions
[2022-03-28T17:23:13.039+0800][3607.782s] GC(227) Concurrent Scan Root Regions 0.472ms
[2022-03-28T17:23:13.040+0800][3607.782s] GC(227) Concurrent Mark
[2022-03-28T17:23:13.040+0800][3607.782s] GC(227) Concurrent Mark From Roots
[2022-03-28T17:23:13.040+0800][3607.782s] GC(227) Using 2 workers of 2 for marking
[2022-03-28T17:23:13.040+0800][3607.782s] GC(228) Pause Young (Normal) (G1 Humongous Allocation)
[2022-03-28T17:23:13.040+0800][3607.782s] GC(228) Using 8 workers of 8 for evacuation
[2022-03-28T17:23:13.040+0800][3607.783s] GC(228)   Pre Evacuate Collection Set: 0.6ms
[2022-03-28T17:23:13.040+0800][3607.783s] GC(228)   Merge Heap Roots: 0.1ms
[2022-03-28T17:23:13.040+0800][3607.783s] GC(228)   Evacuate Collection Set: 0.1ms
[2022-03-28T17:23:13.040+0800][3607.783s] GC(228)   Post Evacuate Collection Set: 0.6ms
[2022-03-28T17:23:13.040+0800][3607.783s] GC(228)   Other: 0.1ms
[2022-03-28T17:23:13.040+0800][3607.783s] GC(228) Eden regions: 0->0(24)
[2022-03-28T17:23:13.040+0800][3607.783s] GC(228) Survivor regions: 1->1(2)
[2022-03-28T17:23:13.040+0800][3607.783s] GC(228) Old regions: 465->465
[2022-03-28T17:23:13.041+0800][3607.783s] GC(228) Archive regions: 0->0
[2022-03-28T17:23:13.041+0800][3607.783s] GC(228) Humongous regions: 44->44
[2022-03-28T17:23:13.041+0800][3607.783s] GC(228) Metaspace: 50548K(50880K)->50548K(50880K) NonClass: 44558K(44736K)->44558K(44736K) Class: 5990K(6144K)->5990K(6144K)
[2022-03-28T17:23:13.041+0800][3607.783s] GC(228) Pause Young (Normal) (G1 Humongous Allocation) 506M->506M(512M) 0.971ms
[2022-03-28T17:23:13.041+0800][3607.783s] GC(228) User=0.00s Sys=0.00s Real=0.00s
[2022-03-28T17:23:13.041+0800][3607.783s] Attempting full compaction
[2022-03-28T17:23:13.041+0800][3607.783s] GC(229) Using 8 workers of 8 for full compaction
[2022-03-28T17:23:13.041+0800][3607.783s] GC(229) Pause Full (G1 Compaction Pause)
[2022-03-28T17:23:13.041+0800][3607.783s] GC(229) Phase 1: Mark live objects
[2022-03-28T17:23:13.208+0800][3607.950s] GC(229) Phase 1: Mark live objects 166.624ms
[2022-03-28T17:23:13.208+0800][3607.950s] GC(229) Phase 2: Prepare for compaction
[2022-03-28T17:23:13.209+0800][3607.951s] GC(229) Phase 2: Prepare for compaction 0.910ms
[2022-03-28T17:23:13.209+0800][3607.951s] GC(229) Phase 3: Adjust pointers
[2022-03-28T17:23:13.254+0800][3607.996s] GC(229) Phase 3: Adjust pointers 45.346ms
[2022-03-28T17:23:13.255+0800][3607.997s] GC(229) Phase 4: Compact heap
[2022-03-28T17:23:13.255+0800][3607.997s] GC(229) Phase 4: Compact heap 0.533ms
[2022-03-28T17:23:13.261+0800][3608.003s] GC(229) Eden regions: 0->0(25)
[2022-03-28T17:23:13.261+0800][3608.003s] GC(229) Survivor regions: 1->0(2)
[2022-03-28T17:23:13.261+0800][3608.003s] GC(229) Old regions: 465->466
[2022-03-28T17:23:13.261+0800][3608.003s] GC(229) Archive regions: 0->0
[2022-03-28T17:23:13.261+0800][3608.003s] GC(229) Humongous regions: 44->29
[2022-03-28T17:23:13.261+0800][3608.003s] GC(229) Metaspace: 50548K(50880K)->50548K(50880K) NonClass: 44558K(44736K)->44558K(44736K) Class: 5990K(6144K)->5990K(6144K)
[2022-03-28T17:23:13.261+0800][3608.003s] GC(229) Pause Full (G1 Compaction Pause) 506M->491M(512M) 220.088ms
[2022-03-28T17:23:13.262+0800][3608.004s] GC(229) User=1.61s Sys=0.00s Real=0.22s
[2022-03-28T17:23:13.262+0800][3608.004s] GC(227) Concurrent Mark From Roots 221.900ms
[2022-03-28T17:23:13.262+0800][3608.004s] GC(227) Concurrent Mark Abort
[2022-03-28T17:23:13.262+0800][3608.004s] GC(227) Concurrent Mark Cycle 222.556ms
[2022-03-28T17:23:13.273+0800][3608.015s] GC(230) Pause Young (Concurrent Start) (G1 Humongous Allocation)
[2022-03-28T17:23:13.273+0800][3608.015s] GC(230) Using 8 workers of 8 for evacuation
[2022-03-28T17:23:13.275+0800][3608.016s] GC(230)   Pre Evacuate Collection Set: 0.1ms
[2022-03-28T17:23:13.275+0800][3608.016s] GC(230)   Merge Heap Roots: 0.1ms
[2022-03-28T17:23:13.275+0800][3608.016s] GC(230)   Evacuate Collection Set: 0.6ms
[2022-03-28T17:23:13.275+0800][3608.016s] GC(230)   Post Evacuate Collection Set: 0.3ms
[2022-03-28T17:23:13.275+0800][3608.016s] GC(230)   Other: 0.2ms
[2022-03-28T17:23:13.275+0800][3608.016s] GC(230) Eden regions: 1->0(24)
[2022-03-28T17:23:13.275+0800][3608.016s] GC(230) Survivor regions: 0->1(1)
[2022-03-28T17:23:13.275+0800][3608.016s] GC(230) Old regions: 466->466
[2022-03-28T17:23:13.275+0800][3608.016s] GC(230) Archive regions: 0->0
[2022-03-28T17:23:13.275+0800][3608.016s] GC(230) Humongous regions: 44->44
[2022-03-28T17:23:13.275+0800][3608.016s] GC(230) Metaspace: 50548K(50880K)->50548K(50880K) NonClass: 44558K(44736K)->44558K(44736K) Class: 5990K(6144K)->5990K(6144K)
[2022-03-28T17:23:13.275+0800][3608.016s] GC(230) Pause Young (Concurrent Start) (G1 Humongous Allocation) 506M->506M(512M) 1.418ms
[2022-03-28T17:23:13.275+0800][3608.016s] GC(230) User=0.00s Sys=0.00s Real=0.00s
[2022-03-28T17:23:13.275+0800][3608.016s] GC(231) Concurrent Mark Cycle
[2022-03-28T17:23:13.275+0800][3608.016s] GC(231) Concurrent Clear Claimed Marks
[2022-03-28T17:23:13.275+0800][3608.017s] GC(231) Concurrent Clear Claimed Marks 0.019ms
[2022-03-28T17:23:13.275+0800][3608.017s] GC(231) Concurrent Scan Root Regions
[2022-03-28T17:23:13.275+0800][3608.017s] GC(231) Concurrent Scan Root Regions 0.131ms
[2022-03-28T17:23:13.275+0800][3608.017s] GC(232) Pause Young (Normal) (G1 Humongous Allocation)
[2022-03-28T17:23:13.275+0800][3608.017s] GC(231) Concurrent Mark
[2022-03-28T17:23:13.275+0800][3608.017s] GC(232) Using 8 workers of 8 for evacuation
[2022-03-28T17:23:13.275+0800][3608.017s] GC(231) Concurrent Mark From Roots
[2022-03-28T17:23:13.275+0800][3608.017s] GC(231) Using 2 workers of 2 for marking
[2022-03-28T17:23:13.276+0800][3608.018s] GC(232)   Pre Evacuate Collection Set: 0.2ms
[2022-03-28T17:23:13.276+0800][3608.018s] GC(232)   Merge Heap Roots: 0.0ms
[2022-03-28T17:23:13.276+0800][3608.018s] GC(232)   Evacuate Collection Set: 0.1ms
[2022-03-28T17:23:13.276+0800][3608.018s] GC(232)   Post Evacuate Collection Set: 0.4ms
[2022-03-28T17:23:13.276+0800][3608.018s] GC(232)   Other: 0.3ms
[2022-03-28T17:23:13.276+0800][3608.018s] GC(232) Eden regions: 0->0(24)
[2022-03-28T17:23:13.276+0800][3608.018s] GC(232) Survivor regions: 1->1(1)
[2022-03-28T17:23:13.276+0800][3608.018s] GC(232) Old regions: 466->466
[2022-03-28T17:23:13.276+0800][3608.018s] GC(232) Archive regions: 0->0
[2022-03-28T17:23:13.276+0800][3608.018s] GC(232) Humongous regions: 44->44
[2022-03-28T17:23:13.276+0800][3608.018s] GC(232) Metaspace: 50548K(50880K)->50548K(50880K) NonClass: 44558K(44736K)->44558K(44736K) Class: 5990K(6144K)->5990K(6144K)
[2022-03-28T17:23:13.276+0800][3608.018s] GC(232) Pause Young (Normal) (G1 Humongous Allocation) 506M->506M(512M) 1.026ms
[2022-03-28T17:23:13.276+0800][3608.018s] GC(232) User=0.00s Sys=0.00s Real=0.00s
[2022-03-28T17:23:13.276+0800][3608.018s] Attempting full compaction
[2022-03-28T17:23:13.276+0800][3608.018s] GC(233) Using 8 workers of 8 for full compaction
[2022-03-28T17:23:13.276+0800][3608.018s] GC(233) Pause Full (G1 Compaction Pause)
[2022-03-28T17:23:13.276+0800][3608.018s] GC(233) Phase 1: Mark live objects
[2022-03-28T17:23:13.473+0800][3608.215s] GC(233) Phase 1: Mark live objects 196.471ms
[2022-03-28T17:23:13.473+0800][3608.215s] GC(233) Phase 2: Prepare for compaction
[2022-03-28T17:23:13.474+0800][3608.216s] GC(233) Phase 2: Prepare for compaction 1.125ms
[2022-03-28T17:23:13.474+0800][3608.216s] GC(233) Phase 3: Adjust pointers
[2022-03-28T17:23:13.526+0800][3608.267s] GC(233) Phase 3: Adjust pointers 51.364ms
[2022-03-28T17:23:13.526+0800][3608.267s] GC(233) Phase 4: Compact heap
[2022-03-28T17:23:13.526+0800][3608.268s] GC(233) Phase 4: Compact heap 0.484ms
[2022-03-28T17:23:13.533+0800][3608.275s] GC(233) Eden regions: 0->0(25)
[2022-03-28T17:23:13.533+0800][3608.275s] GC(233) Survivor regions: 1->0(1)
[2022-03-28T17:23:13.533+0800][3608.275s] GC(233) Old regions: 466->467
[2022-03-28T17:23:13.533+0800][3608.275s] GC(233) Archive regions: 0->0
[2022-03-28T17:23:13.533+0800][3608.275s] GC(233) Humongous regions: 44->44
[2022-03-28T17:23:13.533+0800][3608.275s] GC(233) Metaspace: 50548K(50880K)->50548K(50880K) NonClass: 44558K(44736K)->44558K(44736K) Class: 5990K(6144K)->5990K(6144K)
[2022-03-28T17:23:13.533+0800][3608.275s] GC(233) Pause Full (G1 Compaction Pause) 506M->506M(512M) 257.518ms
[2022-03-28T17:23:13.534+0800][3608.276s] GC(233) User=1.91s Sys=0.00s Real=0.26s
[2022-03-28T17:23:13.534+0800][3608.276s] Attempting maximum full compaction clearing soft references
[2022-03-28T17:23:13.534+0800][3608.276s] GC(234) Using 8 workers of 8 for full compaction
[2022-03-28T17:23:13.534+0800][3608.276s] GC(234) Pause Full (G1 Compaction Pause)
[2022-03-28T17:23:13.534+0800][3608.276s] GC(234) Phase 1: Mark live objects
[2022-03-28T17:23:13.785+0800][3608.526s] GC(234) Phase 1: Mark live objects 249.975ms
[2022-03-28T17:23:13.785+0800][3608.527s] GC(234) Phase 2: Prepare for compaction
[2022-03-28T17:23:13.833+0800][3608.575s] GC(234) Phase 2: Prepare for compaction 48.019ms
[2022-03-28T17:23:13.833+0800][3608.575s] GC(234) Phase 3: Adjust pointers
[2022-03-28T17:23:13.899+0800][3608.641s] GC(234) Phase 3: Adjust pointers 66.705ms
[2022-03-28T17:23:13.899+0800][3608.641s] GC(234) Phase 4: Compact heap
[2022-03-28T17:23:13.947+0800][3608.690s] GC(234) Phase 4: Compact heap 48.122ms
[2022-03-28T17:23:13.954+0800][3608.696s] GC(234) Eden regions: 0->0(25)
[2022-03-28T17:23:13.954+0800][3608.696s] GC(234) Survivor regions: 0->0(1)
[2022-03-28T17:23:13.954+0800][3608.696s] GC(234) Old regions: 467->465
[2022-03-28T17:23:13.954+0800][3608.696s] GC(234) Archive regions: 0->0
[2022-03-28T17:23:13.954+0800][3608.696s] GC(234) Humongous regions: 44->44
[2022-03-28T17:23:13.954+0800][3608.696s] GC(234) Metaspace: 50548K(50880K)->50548K(50880K) NonClass: 44558K(44736K)->44558K(44736K) Class: 5990K(6144K)->5990K(6144K)
[2022-03-28T17:23:13.954+0800][3608.696s] GC(234) Pause Full (G1 Compaction Pause) 506M->506M(512M) 420.064ms
[2022-03-28T17:23:13.955+0800][3608.697s] GC(234) User=2.95s Sys=0.02s Real=0.42s
[2022-03-28T17:23:13.955+0800][3608.697s] GC(231) Concurrent Mark From Roots 680.236ms
[2022-03-28T17:23:13.955+0800][3608.697s] GC(231) Concurrent Mark Abort
[2022-03-28T17:23:13.955+0800][3608.697s] GC(231) Concurrent Mark Cycle 680.637ms
[2022-03-28T17:23:19.080+0800][3613.822s] GC(235) Pause Young (Normal) (G1 Preventive Collection)
[2022-03-28T17:23:19.080+0800][3613.822s] GC(235) Using 8 workers of 8 for evacuation
[2022-03-28T17:23:19.081+0800][3613.823s] GC(235)   Pre Evacuate Collection Set: 0.0ms
[2022-03-28T17:23:19.081+0800][3613.823s] GC(235)   Merge Heap Roots: 0.0ms
[2022-03-28T17:23:19.081+0800][3613.823s] GC(235)   Evacuate Collection Set: 0.8ms
[2022-03-28T17:23:19.081+0800][3613.823s] GC(235)   Post Evacuate Collection Set: 0.3ms
[2022-03-28T17:23:19.081+0800][3613.823s] GC(235)   Other: 0.1ms
[2022-03-28T17:23:19.081+0800][3613.823s] GC(235) Eden regions: 2->0(24)
[2022-03-28T17:23:19.081+0800][3613.823s] GC(235) Survivor regions: 0->1(1)
[2022-03-28T17:23:19.081+0800][3613.823s] GC(235) Old regions: 465->465
[2022-03-28T17:23:19.081+0800][3613.823s] GC(235) Archive regions: 0->0
[2022-03-28T17:23:19.081+0800][3613.823s] GC(235) Humongous regions: 44->44
[2022-03-28T17:23:19.081+0800][3613.823s] GC(235) Metaspace: 50659K(50944K)->50659K(50944K) NonClass: 44654K(44800K)->44654K(44800K) Class: 6005K(6144K)->6005K(6144K)
[2022-03-28T17:23:19.081+0800][3613.823s] GC(235) Pause Young (Normal) (G1 Preventive Collection) 508M->506M(512M) 1.444ms
[2022-03-28T17:23:19.081+0800][3613.823s] GC(235) User=0.00s Sys=0.00s Real=0.00s
[2022-03-28T17:23:19.113+0800][3613.855s] GC(236) Pause Young (Concurrent Start) (G1 Preventive Collection)
[2022-03-28T17:23:19.113+0800][3613.855s] GC(236) Using 8 workers of 8 for evacuation
[2022-03-28T17:23:19.114+0800][3613.856s] GC(236)   Pre Evacuate Collection Set: 0.1ms
[2022-03-28T17:23:19.114+0800][3613.856s] GC(236)   Merge Heap Roots: 0.0ms
[2022-03-28T17:23:19.114+0800][3613.856s] GC(236)   Evacuate Collection Set: 0.5ms
[2022-03-28T17:23:19.114+0800][3613.856s] GC(236)   Post Evacuate Collection Set: 0.3ms
[2022-03-28T17:23:19.114+0800][3613.856s] GC(236)   Other: 0.1ms
[2022-03-28T17:23:19.114+0800][3613.856s] GC(236) Eden regions: 1->0(24)
[2022-03-28T17:23:19.114+0800][3613.856s] GC(236) Survivor regions: 1->1(1)
[2022-03-28T17:23:19.114+0800][3613.856s] GC(236) Old regions: 465->465
[2022-03-28T17:23:19.114+0800][3613.856s] GC(236) Archive regions: 0->0
[2022-03-28T17:23:19.114+0800][3613.856s] GC(236) Humongous regions: 44->44
[2022-03-28T17:23:19.114+0800][3613.856s] GC(236) Metaspace: 50737K(51008K)->50737K(51008K) NonClass: 44714K(44864K)->44714K(44864K) Class: 6022K(6144K)->6022K(6144K)
[2022-03-28T17:23:19.114+0800][3613.856s] GC(236) Pause Young (Concurrent Start) (G1 Preventive Collection) 507M->506M(512M) 1.190ms
[2022-03-28T17:23:19.114+0800][3613.856s] GC(236) User=0.00s Sys=0.00s Real=0.00s
[2022-03-28T17:23:19.114+0800][3613.856s] GC(237) Concurrent Mark Cycle
[2022-03-28T17:23:19.114+0800][3613.856s] GC(237) Concurrent Clear Claimed Marks
[2022-03-28T17:23:19.114+0800][3613.856s] GC(237) Concurrent Clear Claimed Marks 0.023ms
[2022-03-28T17:23:19.114+0800][3613.856s] GC(237) Concurrent Scan Root Regions
[2022-03-28T17:23:19.115+0800][3613.857s] GC(237) Concurrent Scan Root Regions 0.791ms
[2022-03-28T17:23:19.115+0800][3613.857s] GC(237) Concurrent Mark
[2022-03-28T17:23:19.115+0800][3613.857s] GC(237) Concurrent Mark From Roots
[2022-03-28T17:23:19.115+0800][3613.857s] GC(237) Using 2 workers of 2 for marking
[2022-03-28T17:23:19.146+0800][3613.888s] GC(238) Pause Young (Normal) (G1 Preventive Collection)
[2022-03-28T17:23:19.146+0800][3613.888s] GC(238) Using 8 workers of 8 for evacuation
[2022-03-28T17:23:19.147+0800][3613.889s] GC(238)   Pre Evacuate Collection Set: 0.1ms
[2022-03-28T17:23:19.147+0800][3613.889s] GC(238)   Merge Heap Roots: 0.0ms
[2022-03-28T17:23:19.147+0800][3613.889s] GC(238)   Evacuate Collection Set: 0.8ms
[2022-03-28T17:23:19.147+0800][3613.889s] GC(238)   Post Evacuate Collection Set: 0.3ms
[2022-03-28T17:23:19.147+0800][3613.889s] GC(238)   Other: 0.1ms
[2022-03-28T17:23:19.147+0800][3613.889s] GC(238) Eden regions: 1->0(24)
[2022-03-28T17:23:19.147+0800][3613.889s] GC(238) Survivor regions: 1->1(1)
[2022-03-28T17:23:19.147+0800][3613.889s] GC(238) Old regions: 465->465
[2022-03-28T17:23:19.147+0800][3613.889s] GC(238) Archive regions: 0->0
[2022-03-28T17:23:19.147+0800][3613.889s] GC(238) Humongous regions: 44->44
[2022-03-28T17:23:19.147+0800][3613.889s] GC(238) Metaspace: 50778K(51072K)->50778K(51072K) NonClass: 44751K(44928K)->44751K(44928K) Class: 6027K(6144K)->6027K(6144K)
[2022-03-28T17:23:19.147+0800][3613.889s] GC(238) Pause Young (Normal) (G1 Preventive Collection) 507M->506M(512M) 1.470ms
[2022-03-28T17:23:19.147+0800][3613.890s] GC(238) User=0.00s Sys=0.00s Real=0.00s
[2022-03-28T17:23:19.193+0800][3613.935s] GC(239) Pause Young (Normal) (G1 Preventive Collection)
[2022-03-28T17:23:19.193+0800][3613.935s] GC(239) Using 8 workers of 8 for evacuation
[2022-03-28T17:23:19.194+0800][3613.936s] GC(239)   Pre Evacuate Collection Set: 0.1ms
[2022-03-28T17:23:19.194+0800][3613.936s] GC(239)   Merge Heap Roots: 0.0ms
[2022-03-28T17:23:19.194+0800][3613.936s] GC(239)   Evacuate Collection Set: 0.4ms
[2022-03-28T17:23:19.194+0800][3613.936s] GC(239)   Post Evacuate Collection Set: 0.3ms
[2022-03-28T17:23:19.194+0800][3613.936s] GC(239)   Other: 0.2ms
[2022-03-28T17:23:19.194+0800][3613.936s] GC(239) Eden regions: 1->0(24)
[2022-03-28T17:23:19.194+0800][3613.936s] GC(239) Survivor regions: 1->1(1)
[2022-03-28T17:23:19.194+0800][3613.936s] GC(239) Old regions: 465->465
[2022-03-28T17:23:19.194+0800][3613.936s] GC(239) Archive regions: 0->0
[2022-03-28T17:23:19.194+0800][3613.936s] GC(239) Humongous regions: 44->44
[2022-03-28T17:23:19.194+0800][3613.936s] GC(239) Metaspace: 50836K(51136K)->50836K(51136K) NonClass: 44802K(44992K)->44802K(44992K) Class: 6034K(6144K)->6034K(6144K)
[2022-03-28T17:23:19.194+0800][3613.936s] GC(239) Pause Young (Normal) (G1 Preventive Collection) 507M->506M(512M) 1.108ms
[2022-03-28T17:23:19.194+0800][3613.936s] GC(239) User=0.00s Sys=0.00s Real=0.00s
[2022-03-28T17:23:19.676+0800][3614.419s] GC(237) Concurrent Mark From Roots 561.274ms
[2022-03-28T17:23:19.676+0800][3614.419s] GC(237) Concurrent Preclean
[2022-03-28T17:23:19.677+0800][3614.419s] GC(237) Concurrent Preclean 0.154ms
[2022-03-28T17:23:19.677+0800][3614.419s] GC(237) Pause Remark
[2022-03-28T17:23:19.679+0800][3614.421s] GC(237) Pause Remark 507M->492M(512M) 2.257ms
[2022-03-28T17:23:19.679+0800][3614.421s] GC(237) User=0.00s Sys=0.00s Real=0.00s
[2022-03-28T17:23:19.679+0800][3614.421s] GC(237) Concurrent Mark 563.929ms
[2022-03-28T17:23:19.679+0800][3614.421s] GC(237) Concurrent Rebuild Remembered Sets
[2022-03-28T17:23:19.960+0800][3614.703s] GC(237) Concurrent Rebuild Remembered Sets 281.415ms
[2022-03-28T17:23:19.960+0800][3614.703s] GC(237) Pause Cleanup
[2022-03-28T17:23:19.960+0800][3614.703s] GC(237) Pause Cleanup 492M->492M(512M) 0.129ms
[2022-03-28T17:23:19.960+0800][3614.703s] GC(237) User=0.00s Sys=0.00s Real=0.00s
[2022-03-28T17:23:19.960+0800][3614.703s] GC(237) Concurrent Cleanup for Next Mark
[2022-03-28T17:23:19.961+0800][3614.703s] GC(237) Concurrent Cleanup for Next Mark 0.297ms
[2022-03-28T17:23:19.961+0800][3614.703s] GC(237) Concurrent Mark Cycle 846.934ms
[2022-03-28T17:23:19.961+0800][3614.703s] Heap
[2022-03-28T17:23:19.961+0800][3614.703s]  garbage-first heap   total 524288K, used 504744K [0x00000000e0000000, 0x0000000100000000)
[2022-03-28T17:23:19.961+0800][3614.703s]   region size 1024K, 2 young (2048K), 1 survivors (1024K)
[2022-03-28T17:23:19.961+0800][3614.703s]  Metaspace       used 50846K, committed 51136K, reserved 1097728K
[2022-03-28T17:23:19.961+0800][3614.703s]   class space    used 6037K, committed 6144K, reserved 1048576K
