[2022-03-30T20:49:51.391+0800][0.038s] Using G1
[2022-03-30T20:49:51.593+0800][0.241s] Version: 17.0.2+8-LTS-86 (release)
[2022-03-30T20:49:51.593+0800][0.241s] CPUs: 8 total, 8 available
[2022-03-30T20:49:51.593+0800][0.241s] Memory: 16075M
[2022-03-30T20:49:51.593+0800][0.241s] Large Page Support: Disabled
[2022-03-30T20:49:51.593+0800][0.241s] NUMA Support: Disabled
[2022-03-30T20:49:51.593+0800][0.241s] Compressed Oops: Enabled (32-bit)
[2022-03-30T20:49:51.593+0800][0.241s] Heap Region Size: 1M
[2022-03-30T20:49:51.593+0800][0.241s] Heap Min Capacity: 512M
[2022-03-30T20:49:51.593+0800][0.241s] Heap Initial Capacity: 512M
[2022-03-30T20:49:51.593+0800][0.241s] Heap Max Capacity: 512M
[2022-03-30T20:49:51.593+0800][0.241s] Pre-touch: Enabled
[2022-03-30T20:49:51.593+0800][0.241s] Parallel Workers: 8
[2022-03-30T20:49:51.593+0800][0.241s] Concurrent Workers: 2
[2022-03-30T20:49:51.593+0800][0.241s] Concurrent Refinement Workers: 8
[2022-03-30T20:49:51.593+0800][0.241s] Periodic GC: Disabled
[2022-03-30T20:49:51.594+0800][0.242s] CDS archive(s) mapped at: [0x0000000800000000-0x0000000800bc0000-0x0000000800bc0000), size 12320768, SharedBaseAddress: 0x0000000800000000, ArchiveRelocationMode: 0.
[2022-03-30T20:49:51.594+0800][0.242s] Compressed class space mapped at: 0x0000000800c00000-0x0000000840c00000, reserved size: 1073741824
[2022-03-30T20:49:51.594+0800][0.242s] Narrow klass base: 0x0000000800000000, Narrow klass shift: 0, Narrow klass range: 0x100000000
[2022-03-30T20:49:53.119+0800][1.767s] GC(0) Pause Young (Normal) (G1 Evacuation Pause)
[2022-03-30T20:49:53.120+0800][1.767s] GC(0) Using 8 workers of 8 for evacuation
[2022-03-30T20:49:53.125+0800][1.773s] GC(0)   Pre Evacuate Collection Set: 0.1ms
[2022-03-30T20:49:53.126+0800][1.773s] GC(0)   Merge Heap Roots: 0.0ms
[2022-03-30T20:49:53.126+0800][1.773s] GC(0)   Evacuate Collection Set: 5.3ms
[2022-03-30T20:49:53.126+0800][1.773s] GC(0)   Post Evacuate Collection Set: 0.5ms
[2022-03-30T20:49:53.126+0800][1.773s] GC(0)   Other: 0.7ms
[2022-03-30T20:49:53.126+0800][1.773s] GC(0) Eden regions: 29->0(39)
[2022-03-30T20:49:53.126+0800][1.773s] GC(0) Survivor regions: 0->4(4)
[2022-03-30T20:49:53.126+0800][1.773s] GC(0) Old regions: 0->1
[2022-03-30T20:49:53.126+0800][1.773s] GC(0) Archive regions: 0->0
[2022-03-30T20:49:53.126+0800][1.773s] GC(0) Humongous regions: 0->0
[2022-03-30T20:49:53.126+0800][1.773s] GC(0) Metaspace: 9524K(9728K)->9524K(9728K) NonClass: 8416K(8512K)->8416K(8512K) Class: 1107K(1216K)->1107K(1216K)
[2022-03-30T20:49:53.126+0800][1.773s] GC(0) Pause Young (Normal) (G1 Evacuation Pause) 29M->4M(512M) 6.848ms
[2022-03-30T20:49:53.126+0800][1.773s] GC(0) User=0.00s Sys=0.00s Real=0.01s
[2022-03-30T20:49:54.203+0800][2.851s] GC(1) Pause Young (Normal) (G1 Evacuation Pause)
[2022-03-30T20:49:54.203+0800][2.851s] GC(1) Using 8 workers of 8 for evacuation
[2022-03-30T20:49:54.212+0800][2.859s] GC(1)   Pre Evacuate Collection Set: 0.1ms
[2022-03-30T20:49:54.212+0800][2.859s] GC(1)   Merge Heap Roots: 0.1ms
[2022-03-30T20:49:54.212+0800][2.859s] GC(1)   Evacuate Collection Set: 7.3ms
[2022-03-30T20:49:54.212+0800][2.859s] GC(1)   Post Evacuate Collection Set: 0.6ms
[2022-03-30T20:49:54.212+0800][2.859s] GC(1)   Other: 0.1ms
[2022-03-30T20:49:54.212+0800][2.859s] GC(1) Eden regions: 38->0(60)
[2022-03-30T20:49:54.212+0800][2.859s] GC(1) Survivor regions: 4->6(6)
[2022-03-30T20:49:54.212+0800][2.859s] GC(1) Old regions: 1->10
[2022-03-30T20:49:54.212+0800][2.859s] GC(1) Archive regions: 0->0
[2022-03-30T20:49:54.212+0800][2.859s] GC(1) Humongous regions: 4->4
[2022-03-30T20:49:54.212+0800][2.859s] GC(1) Metaspace: 15599K(15808K)->15599K(15808K) NonClass: 13776K(13888K)->13776K(13888K) Class: 1822K(1920K)->1822K(1920K)
[2022-03-30T20:49:54.212+0800][2.859s] GC(1) Pause Young (Normal) (G1 Evacuation Pause) 46M->19M(512M) 8.450ms
[2022-03-30T20:49:54.212+0800][2.859s] GC(1) User=0.12s Sys=0.00s Real=0.01s
[2022-03-30T20:49:55.068+0800][3.716s] GC(2) Pause Young (Concurrent Start) (Metadata GC Threshold)
[2022-03-30T20:49:55.068+0800][3.716s] GC(2) Using 8 workers of 8 for evacuation
[2022-03-30T20:49:55.074+0800][3.721s] GC(2)   Pre Evacuate Collection Set: 0.1ms
[2022-03-30T20:49:55.074+0800][3.721s] GC(2)   Merge Heap Roots: 0.1ms
[2022-03-30T20:49:55.074+0800][3.721s] GC(2)   Evacuate Collection Set: 4.1ms
[2022-03-30T20:49:55.074+0800][3.721s] GC(2)   Post Evacuate Collection Set: 0.6ms
[2022-03-30T20:49:55.074+0800][3.721s] GC(2)   Other: 0.4ms
[2022-03-30T20:49:55.074+0800][3.721s] GC(2) Eden regions: 51->0(147)
[2022-03-30T20:49:55.074+0800][3.721s] GC(2) Survivor regions: 6->6(9)
[2022-03-30T20:49:55.074+0800][3.721s] GC(2) Old regions: 10->16
[2022-03-30T20:49:55.074+0800][3.721s] GC(2) Archive regions: 0->0
[2022-03-30T20:49:55.074+0800][3.721s] GC(2) Humongous regions: 4->4
[2022-03-30T20:49:55.074+0800][3.721s] GC(2) Metaspace: 21199K(21504K)->21199K(21504K) NonClass: 18805K(18944K)->18805K(18944K) Class: 2394K(2560K)->2394K(2560K)
[2022-03-30T20:49:55.074+0800][3.721s] GC(2) Pause Young (Concurrent Start) (Metadata GC Threshold) 69M->24M(512M) 5.456ms
[2022-03-30T20:49:55.074+0800][3.721s] GC(2) User=0.09s Sys=0.00s Real=0.01s
[2022-03-30T20:49:55.074+0800][3.721s] GC(3) Concurrent Mark Cycle
[2022-03-30T20:49:55.074+0800][3.722s] GC(3) Concurrent Clear Claimed Marks
[2022-03-30T20:49:55.074+0800][3.722s] GC(3) Concurrent Clear Claimed Marks 0.035ms
[2022-03-30T20:49:55.074+0800][3.722s] GC(3) Concurrent Scan Root Regions
[2022-03-30T20:49:55.079+0800][3.727s] GC(3) Concurrent Scan Root Regions 5.478ms
[2022-03-30T20:49:55.079+0800][3.727s] GC(3) Concurrent Mark
[2022-03-30T20:49:55.079+0800][3.727s] GC(3) Concurrent Mark From Roots
[2022-03-30T20:49:55.079+0800][3.727s] GC(3) Using 2 workers of 2 for marking
[2022-03-30T20:49:55.095+0800][3.743s] GC(3) Concurrent Mark From Roots 15.308ms
[2022-03-30T20:49:55.095+0800][3.743s] GC(3) Concurrent Preclean
[2022-03-30T20:49:55.095+0800][3.743s] GC(3) Concurrent Preclean 0.141ms
[2022-03-30T20:49:55.096+0800][3.743s] GC(3) Pause Remark
[2022-03-30T20:49:55.097+0800][3.744s] GC(3) Pause Remark 26M->26M(512M) 1.360ms
[2022-03-30T20:49:55.097+0800][3.744s] GC(3) User=0.00s Sys=0.00s Real=0.00s
[2022-03-30T20:49:55.097+0800][3.744s] GC(3) Concurrent Mark 17.142ms
[2022-03-30T20:49:55.097+0800][3.744s] GC(3) Concurrent Rebuild Remembered Sets
[2022-03-30T20:49:55.107+0800][3.754s] GC(3) Concurrent Rebuild Remembered Sets 10.078ms
[2022-03-30T20:49:55.107+0800][3.755s] GC(3) Pause Cleanup
[2022-03-30T20:49:55.107+0800][3.755s] GC(3) Pause Cleanup 26M->26M(512M) 0.133ms
[2022-03-30T20:49:55.107+0800][3.755s] GC(3) User=0.00s Sys=0.00s Real=0.00s
[2022-03-30T20:49:55.108+0800][3.756s] GC(3) Concurrent Cleanup for Next Mark
[2022-03-30T20:49:55.109+0800][3.756s] GC(3) Concurrent Cleanup for Next Mark 0.319ms
[2022-03-30T20:49:55.109+0800][3.756s] GC(3) Concurrent Mark Cycle 34.605ms
[2022-03-30T20:49:58.128+0800][6.775s] GC(4) Pause Young (Prepare Mixed) (Metadata GC Threshold)
[2022-03-30T20:49:58.128+0800][6.775s] GC(4) Using 8 workers of 8 for evacuation
[2022-03-30T20:49:58.134+0800][6.781s] GC(4)   Pre Evacuate Collection Set: 0.1ms
[2022-03-30T20:49:58.134+0800][6.781s] GC(4)   Merge Heap Roots: 0.1ms
[2022-03-30T20:49:58.134+0800][6.781s] GC(4)   Evacuate Collection Set: 4.7ms
[2022-03-30T20:49:58.134+0800][6.781s] GC(4)   Post Evacuate Collection Set: 0.6ms
[2022-03-30T20:49:58.134+0800][6.781s] GC(4)   Other: 0.2ms
[2022-03-30T20:49:58.134+0800][6.781s] GC(4) Eden regions: 96->0(13)
[2022-03-30T20:49:58.134+0800][6.781s] GC(4) Survivor regions: 6->12(22)
[2022-03-30T20:49:58.134+0800][6.781s] GC(4) Old regions: 16->16
[2022-03-30T20:49:58.134+0800][6.781s] GC(4) Archive regions: 0->0
[2022-03-30T20:49:58.134+0800][6.781s] GC(4) Humongous regions: 5->4
[2022-03-30T20:49:58.134+0800][6.781s] GC(4) Metaspace: 35909K(36160K)->35909K(36160K) NonClass: 31701K(31808K)->31701K(31808K) Class: 4207K(4352K)->4207K(4352K)
[2022-03-30T20:49:58.134+0800][6.781s] GC(4) Pause Young (Prepare Mixed) (Metadata GC Threshold) 121M->31M(512M) 5.934ms
[2022-03-30T20:49:58.134+0800][6.782s] GC(4) User=0.12s Sys=0.00s Real=0.01s
[2022-03-30T20:49:58.205+0800][6.852s] GC(5) Pause Young (Mixed) (Metadata GC Threshold)
[2022-03-30T20:49:58.205+0800][6.852s] GC(5) Using 8 workers of 8 for evacuation
[2022-03-30T20:49:58.211+0800][6.858s] GC(5)   Pre Evacuate Collection Set: 0.1ms
[2022-03-30T20:49:58.211+0800][6.858s] GC(5)   Merge Heap Roots: 0.1ms
[2022-03-30T20:49:58.211+0800][6.858s] GC(5)   Evacuate Collection Set: 5.7ms
[2022-03-30T20:49:58.211+0800][6.858s] GC(5)   Post Evacuate Collection Set: 0.3ms
[2022-03-30T20:49:58.211+0800][6.858s] GC(5)   Other: 0.2ms
[2022-03-30T20:49:58.211+0800][6.858s] GC(5) Eden regions: 3->0(306)
[2022-03-30T20:49:58.211+0800][6.858s] GC(5) Survivor regions: 12->1(4)
[2022-03-30T20:49:58.211+0800][6.858s] GC(5) Old regions: 16->27
[2022-03-30T20:49:58.211+0800][6.858s] GC(5) Archive regions: 0->0
[2022-03-30T20:49:58.211+0800][6.859s] GC(5) Humongous regions: 4->4
[2022-03-30T20:49:58.211+0800][6.859s] GC(5) Metaspace: 36150K(36480K)->36150K(36480K) NonClass: 31908K(32064K)->31908K(32064K) Class: 4241K(4416K)->4241K(4416K)
[2022-03-30T20:49:58.211+0800][6.859s] GC(5) Pause Young (Mixed) (Metadata GC Threshold) 33M->31M(512M) 6.622ms
[2022-03-30T20:49:58.211+0800][6.859s] GC(5) User=0.12s Sys=0.00s Real=0.01s
[2022-03-30T20:49:58.266+0800][6.914s] GC(6) Pause Young (Concurrent Start) (Metadata GC Threshold)
[2022-03-30T20:49:58.266+0800][6.914s] GC(6) Using 8 workers of 8 for evacuation
[2022-03-30T20:49:58.269+0800][6.916s] GC(6)   Pre Evacuate Collection Set: 0.1ms
[2022-03-30T20:49:58.269+0800][6.916s] GC(6)   Merge Heap Roots: 0.0ms
[2022-03-30T20:49:58.269+0800][6.916s] GC(6)   Evacuate Collection Set: 1.5ms
[2022-03-30T20:49:58.269+0800][6.916s] GC(6)   Post Evacuate Collection Set: 0.4ms
[2022-03-30T20:49:58.269+0800][6.916s] GC(6)   Other: 0.2ms
[2022-03-30T20:49:58.269+0800][6.916s] GC(6) Eden regions: 3->0(306)
[2022-03-30T20:49:58.269+0800][6.916s] GC(6) Survivor regions: 1->1(39)
[2022-03-30T20:49:58.269+0800][6.916s] GC(6) Old regions: 27->27
[2022-03-30T20:49:58.269+0800][6.916s] GC(6) Archive regions: 0->0
[2022-03-30T20:49:58.269+0800][6.916s] GC(6) Humongous regions: 4->4
[2022-03-30T20:49:58.269+0800][6.916s] GC(6) Metaspace: 36451K(36800K)->36451K(36800K) NonClass: 32166K(32320K)->32166K(32320K) Class: 4284K(4480K)->4284K(4480K)
[2022-03-30T20:49:58.269+0800][6.916s] GC(6) Pause Young (Concurrent Start) (Metadata GC Threshold) 33M->31M(512M) 2.593ms
[2022-03-30T20:49:58.269+0800][6.916s] GC(6) User=0.00s Sys=0.00s Real=0.00s
[2022-03-30T20:49:58.269+0800][6.916s] GC(7) Concurrent Mark Cycle
[2022-03-30T20:49:58.269+0800][6.917s] GC(7) Concurrent Clear Claimed Marks
[2022-03-30T20:49:58.269+0800][6.917s] GC(7) Concurrent Clear Claimed Marks 0.035ms
[2022-03-30T20:49:58.269+0800][6.917s] GC(7) Concurrent Scan Root Regions
[2022-03-30T20:49:58.270+0800][6.918s] GC(7) Concurrent Scan Root Regions 0.970ms
[2022-03-30T20:49:58.270+0800][6.918s] GC(7) Concurrent Mark
[2022-03-30T20:49:58.270+0800][6.918s] GC(7) Concurrent Mark From Roots
[2022-03-30T20:49:58.270+0800][6.918s] GC(7) Using 2 workers of 2 for marking
[2022-03-30T20:49:58.304+0800][6.952s] GC(7) Concurrent Mark From Roots 33.966ms
[2022-03-30T20:49:58.304+0800][6.952s] GC(7) Concurrent Preclean
[2022-03-30T20:49:58.304+0800][6.952s] GC(7) Concurrent Preclean 0.234ms
[2022-03-30T20:49:58.305+0800][6.952s] GC(7) Pause Remark
[2022-03-30T20:49:58.308+0800][6.955s] GC(7) Pause Remark 33M->33M(512M) 2.734ms
[2022-03-30T20:49:58.308+0800][6.955s] GC(7) User=0.00s Sys=0.00s Real=0.00s
[2022-03-30T20:49:58.309+0800][6.956s] GC(7) Concurrent Mark 38.572ms
[2022-03-30T20:49:58.309+0800][6.956s] GC(7) Concurrent Rebuild Remembered Sets
[2022-03-30T20:49:58.325+0800][6.973s] GC(7) Concurrent Rebuild Remembered Sets 16.309ms
[2022-03-30T20:49:58.325+0800][6.973s] GC(7) Pause Cleanup
[2022-03-30T20:49:58.325+0800][6.973s] GC(7) Pause Cleanup 34M->34M(512M) 0.155ms
[2022-03-30T20:49:58.325+0800][6.973s] GC(7) User=0.00s Sys=0.00s Real=0.00s
[2022-03-30T20:49:58.328+0800][6.976s] GC(7) Concurrent Cleanup for Next Mark
[2022-03-30T20:49:58.328+0800][6.976s] GC(7) Concurrent Cleanup for Next Mark 0.382ms
[2022-03-30T20:49:58.328+0800][6.976s] GC(7) Concurrent Mark Cycle 59.728ms
[2022-03-30T20:50:19.744+0800][28.392s] GC(8) Pause Young (Normal) (G1 Evacuation Pause)
[2022-03-30T20:50:19.745+0800][28.392s] GC(8) Using 8 workers of 8 for evacuation
[2022-03-30T20:50:19.856+0800][28.503s] GC(8) To-space exhausted
[2022-03-30T20:50:19.856+0800][28.503s] GC(8)   Pre Evacuate Collection Set: 0.1ms
[2022-03-30T20:50:19.856+0800][28.504s] GC(8)   Merge Heap Roots: 0.6ms
[2022-03-30T20:50:19.856+0800][28.504s] GC(8)   Evacuate Collection Set: 86.3ms
[2022-03-30T20:50:19.856+0800][28.504s] GC(8)   Post Evacuate Collection Set: 24.0ms
[2022-03-30T20:50:19.856+0800][28.504s] GC(8)   Other: 0.6ms
[2022-03-30T20:50:19.856+0800][28.504s] GC(8) Eden regions: 306->0(65)
[2022-03-30T20:50:19.856+0800][28.504s] GC(8) Survivor regions: 1->39(39)
[2022-03-30T20:50:19.856+0800][28.504s] GC(8) Old regions: 27->274
[2022-03-30T20:50:19.856+0800][28.504s] GC(8) Archive regions: 0->0
[2022-03-30T20:50:19.856+0800][28.504s] GC(8) Humongous regions: 80->29
[2022-03-30T20:50:19.856+0800][28.504s] GC(8) Metaspace: 48266K(48576K)->48266K(48576K) NonClass: 42470K(42624K)->42470K(42624K) Class: 5795K(5952K)->5795K(5952K)
[2022-03-30T20:50:19.856+0800][28.504s] GC(8) Pause Young (Normal) (G1 Evacuation Pause) 413M->341M(512M) 112.131ms
[2022-03-30T20:50:19.856+0800][28.504s] GC(8) User=0.84s Sys=0.00s Real=0.11s
[2022-03-30T20:50:21.033+0800][29.681s] GC(9) Pause Young (Concurrent Start) (G1 Evacuation Pause)
[2022-03-30T20:50:21.033+0800][29.681s] GC(9) Using 8 workers of 8 for evacuation
[2022-03-30T20:50:21.060+0800][29.707s] GC(9)   Pre Evacuate Collection Set: 0.1ms
[2022-03-30T20:50:21.060+0800][29.707s] GC(9)   Merge Heap Roots: 0.4ms
[2022-03-30T20:50:21.060+0800][29.707s] GC(9)   Evacuate Collection Set: 24.6ms
[2022-03-30T20:50:21.060+0800][29.707s] GC(9)   Post Evacuate Collection Set: 0.5ms
[2022-03-30T20:50:21.060+0800][29.707s] GC(9)   Other: 0.2ms
[2022-03-30T20:50:21.060+0800][29.707s] GC(9) Eden regions: 65->0(64)
[2022-03-30T20:50:21.060+0800][29.707s] GC(9) Survivor regions: 39->8(13)
[2022-03-30T20:50:21.060+0800][29.707s] GC(9) Old regions: 274->315
[2022-03-30T20:50:21.060+0800][29.707s] GC(9) Archive regions: 0->0
[2022-03-30T20:50:21.060+0800][29.707s] GC(9) Humongous regions: 29->29
[2022-03-30T20:50:21.060+0800][29.707s] GC(9) Metaspace: 49419K(49792K)->49419K(49792K) NonClass: 43522K(43712K)->43522K(43712K) Class: 5897K(6080K)->5897K(6080K)
[2022-03-30T20:50:21.060+0800][29.707s] GC(9) Pause Young (Concurrent Start) (G1 Evacuation Pause) 406M->350M(512M) 26.036ms
[2022-03-30T20:50:21.060+0800][29.707s] GC(9) User=0.25s Sys=0.00s Real=0.03s
[2022-03-30T20:50:21.060+0800][29.708s] GC(10) Concurrent Mark Cycle
[2022-03-30T20:50:21.060+0800][29.708s] GC(10) Concurrent Clear Claimed Marks
[2022-03-30T20:50:21.060+0800][29.708s] GC(10) Concurrent Clear Claimed Marks 0.040ms
[2022-03-30T20:50:21.060+0800][29.708s] GC(10) Concurrent Scan Root Regions
[2022-03-30T20:50:21.082+0800][29.729s] GC(10) Concurrent Scan Root Regions 21.746ms
[2022-03-30T20:50:21.082+0800][29.729s] GC(10) Concurrent Mark
[2022-03-30T20:50:21.082+0800][29.729s] GC(10) Concurrent Mark From Roots
[2022-03-30T20:50:21.082+0800][29.729s] GC(10) Using 2 workers of 2 for marking
[2022-03-30T20:50:21.222+0800][29.869s] GC(10) Concurrent Mark From Roots 139.581ms
[2022-03-30T20:50:21.222+0800][29.869s] GC(10) Concurrent Preclean
[2022-03-30T20:50:21.222+0800][29.869s] GC(10) Concurrent Preclean 0.239ms
[2022-03-30T20:50:21.222+0800][29.870s] GC(10) Pause Remark
[2022-03-30T20:50:21.225+0800][29.872s] GC(10) Pause Remark 362M->358M(512M) 2.887ms
[2022-03-30T20:50:21.225+0800][29.872s] GC(10) User=0.00s Sys=0.00s Real=0.00s
[2022-03-30T20:50:21.225+0800][29.873s] GC(10) Concurrent Mark 143.104ms
[2022-03-30T20:50:21.225+0800][29.873s] GC(10) Concurrent Rebuild Remembered Sets
[2022-03-30T20:50:21.327+0800][29.974s] GC(10) Concurrent Rebuild Remembered Sets 101.902ms
[2022-03-30T20:50:21.327+0800][29.975s] GC(10) Pause Cleanup
[2022-03-30T20:50:21.327+0800][29.975s] GC(10) Pause Cleanup 364M->364M(512M) 0.252ms
[2022-03-30T20:50:21.327+0800][29.975s] GC(10) User=0.00s Sys=0.00s Real=0.00s
[2022-03-30T20:50:21.327+0800][29.975s] GC(10) Concurrent Cleanup for Next Mark
[2022-03-30T20:50:21.327+0800][29.975s] GC(10) Concurrent Cleanup for Next Mark 0.337ms
[2022-03-30T20:50:21.327+0800][29.975s] GC(10) Concurrent Mark Cycle 267.878ms
[2022-03-30T20:50:21.790+0800][30.438s] GC(11) Pause Young (Prepare Mixed) (G1 Evacuation Pause)
[2022-03-30T20:50:21.790+0800][30.438s] GC(11) Using 8 workers of 8 for evacuation
[2022-03-30T20:50:21.798+0800][30.445s] GC(11)   Pre Evacuate Collection Set: 0.1ms
[2022-03-30T20:50:21.798+0800][30.445s] GC(11)   Merge Heap Roots: 0.1ms
[2022-03-30T20:50:21.798+0800][30.445s] GC(11)   Evacuate Collection Set: 6.1ms
[2022-03-30T20:50:21.798+0800][30.445s] GC(11)   Post Evacuate Collection Set: 0.3ms
[2022-03-30T20:50:21.798+0800][30.445s] GC(11)   Other: 0.2ms
[2022-03-30T20:50:21.798+0800][30.445s] GC(11) Eden regions: 64->0(22)
[2022-03-30T20:50:21.798+0800][30.445s] GC(11) Survivor regions: 8->3(9)
[2022-03-30T20:50:21.798+0800][30.445s] GC(11) Old regions: 315->321
[2022-03-30T20:50:21.798+0800][30.445s] GC(11) Archive regions: 0->0
[2022-03-30T20:50:21.798+0800][30.445s] GC(11) Humongous regions: 25->25
[2022-03-30T20:50:21.798+0800][30.445s] GC(11) Metaspace: 49457K(49856K)->49457K(49856K) NonClass: 43559K(43776K)->43559K(43776K) Class: 5897K(6080K)->5897K(6080K)
[2022-03-30T20:50:21.798+0800][30.445s] GC(11) Pause Young (Prepare Mixed) (G1 Evacuation Pause) 410M->347M(512M) 7.164ms
[2022-03-30T20:50:21.798+0800][30.445s] GC(11) User=0.00s Sys=0.00s Real=0.01s
[2022-03-30T20:50:21.991+0800][30.639s] GC(12) Pause Young (Mixed) (G1 Evacuation Pause)
[2022-03-30T20:50:21.991+0800][30.639s] GC(12) Using 8 workers of 8 for evacuation
[2022-03-30T20:50:21.993+0800][30.641s] GC(12)   Pre Evacuate Collection Set: 0.1ms
[2022-03-30T20:50:21.993+0800][30.641s] GC(12)   Merge Heap Roots: 0.0ms
[2022-03-30T20:50:21.993+0800][30.641s] GC(12)   Evacuate Collection Set: 1.7ms
[2022-03-30T20:50:21.993+0800][30.641s] GC(12)   Post Evacuate Collection Set: 0.2ms
[2022-03-30T20:50:21.993+0800][30.641s] GC(12)   Other: 0.1ms
[2022-03-30T20:50:21.993+0800][30.641s] GC(12) Eden regions: 22->0(24)
[2022-03-30T20:50:21.993+0800][30.641s] GC(12) Survivor regions: 3->1(4)
[2022-03-30T20:50:21.993+0800][30.641s] GC(12) Old regions: 321->272
[2022-03-30T20:50:21.993+0800][30.641s] GC(12) Archive regions: 0->0
[2022-03-30T20:50:21.993+0800][30.641s] GC(12) Humongous regions: 25->25
[2022-03-30T20:50:21.993+0800][30.641s] GC(12) Metaspace: 49490K(49856K)->49490K(49856K) NonClass: 43593K(43776K)->43593K(43776K) Class: 5897K(6080K)->5897K(6080K)
[2022-03-30T20:50:21.993+0800][30.641s] GC(12) Pause Young (Mixed) (G1 Evacuation Pause) 369M->297M(512M) 2.329ms
[2022-03-30T20:50:21.993+0800][30.641s] GC(12) User=0.00s Sys=0.00s Real=0.00s
[2022-03-30T20:50:22.194+0800][30.842s] GC(13) Pause Young (Mixed) (G1 Evacuation Pause)
[2022-03-30T20:50:22.194+0800][30.842s] GC(13) Using 8 workers of 8 for evacuation
[2022-03-30T20:50:22.202+0800][30.850s] GC(13)   Pre Evacuate Collection Set: 0.1ms
[2022-03-30T20:50:22.202+0800][30.850s] GC(13)   Merge Heap Roots: 0.1ms
[2022-03-30T20:50:22.202+0800][30.850s] GC(13)   Evacuate Collection Set: 6.6ms
[2022-03-30T20:50:22.202+0800][30.850s] GC(13)   Post Evacuate Collection Set: 0.3ms
[2022-03-30T20:50:22.202+0800][30.850s] GC(13)   Other: 0.2ms
[2022-03-30T20:50:22.202+0800][30.850s] GC(13) Eden regions: 24->0(23)
[2022-03-30T20:50:22.202+0800][30.850s] GC(13) Survivor regions: 1->2(4)
[2022-03-30T20:50:22.202+0800][30.850s] GC(13) Old regions: 272->223
[2022-03-30T20:50:22.202+0800][30.850s] GC(13) Archive regions: 0->0
[2022-03-30T20:50:22.202+0800][30.850s] GC(13) Humongous regions: 25->25
[2022-03-30T20:50:22.202+0800][30.850s] GC(13) Metaspace: 49491K(49856K)->49491K(49856K) NonClass: 43594K(43776K)->43594K(43776K) Class: 5897K(6080K)->5897K(6080K)
[2022-03-30T20:50:22.202+0800][30.850s] GC(13) Pause Young (Mixed) (G1 Evacuation Pause) 321M->249M(512M) 7.615ms
[2022-03-30T20:50:22.203+0800][30.850s] GC(13) User=0.00s Sys=0.00s Real=0.01s
[2022-03-30T20:50:22.390+0800][31.038s] GC(14) Pause Young (Mixed) (G1 Evacuation Pause)
[2022-03-30T20:50:22.390+0800][31.038s] GC(14) Using 8 workers of 8 for evacuation
[2022-03-30T20:50:22.394+0800][31.042s] GC(14)   Pre Evacuate Collection Set: 0.1ms
[2022-03-30T20:50:22.394+0800][31.042s] GC(14)   Merge Heap Roots: 0.1ms
[2022-03-30T20:50:22.394+0800][31.042s] GC(14)   Evacuate Collection Set: 3.2ms
[2022-03-30T20:50:22.394+0800][31.042s] GC(14)   Post Evacuate Collection Set: 0.3ms
[2022-03-30T20:50:22.394+0800][31.042s] GC(14)   Other: 0.2ms
[2022-03-30T20:50:22.394+0800][31.042s] GC(14) Eden regions: 23->0(24)
[2022-03-30T20:50:22.394+0800][31.042s] GC(14) Survivor regions: 2->1(4)
[2022-03-30T20:50:22.394+0800][31.042s] GC(14) Old regions: 223->175
[2022-03-30T20:50:22.394+0800][31.042s] GC(14) Archive regions: 0->0
[2022-03-30T20:50:22.394+0800][31.042s] GC(14) Humongous regions: 25->25
[2022-03-30T20:50:22.394+0800][31.042s] GC(14) Metaspace: 49497K(49856K)->49497K(49856K) NonClass: 43600K(43776K)->43600K(43776K) Class: 5897K(6080K)->5897K(6080K)
[2022-03-30T20:50:22.394+0800][31.042s] GC(14) Pause Young (Mixed) (G1 Evacuation Pause) 272M->200M(512M) 4.033ms
[2022-03-30T20:50:22.394+0800][31.042s] GC(14) User=0.00s Sys=0.00s Real=0.00s
[2022-03-30T20:50:22.570+0800][31.218s] GC(15) Pause Young (Mixed) (G1 Evacuation Pause)
[2022-03-30T20:50:22.570+0800][31.218s] GC(15) Using 8 workers of 8 for evacuation
[2022-03-30T20:50:22.572+0800][31.220s] GC(15)   Pre Evacuate Collection Set: 0.2ms
[2022-03-30T20:50:22.572+0800][31.220s] GC(15)   Merge Heap Roots: 0.1ms
[2022-03-30T20:50:22.572+0800][31.220s] GC(15)   Evacuate Collection Set: 0.6ms
[2022-03-30T20:50:22.572+0800][31.220s] GC(15)   Post Evacuate Collection Set: 0.3ms
[2022-03-30T20:50:22.572+0800][31.220s] GC(15)   Other: 0.1ms
[2022-03-30T20:50:22.572+0800][31.220s] GC(15) Eden regions: 24->0(153)
[2022-03-30T20:50:22.572+0800][31.220s] GC(15) Survivor regions: 1->1(4)
[2022-03-30T20:50:22.572+0800][31.220s] GC(15) Old regions: 175->174
[2022-03-30T20:50:22.572+0800][31.220s] GC(15) Archive regions: 0->0
[2022-03-30T20:50:22.572+0800][31.220s] GC(15) Humongous regions: 25->25
[2022-03-30T20:50:22.572+0800][31.220s] GC(15) Metaspace: 49498K(49856K)->49498K(49856K) NonClass: 43600K(43776K)->43600K(43776K) Class: 5897K(6080K)->5897K(6080K)
[2022-03-30T20:50:22.572+0800][31.220s] GC(15) Pause Young (Mixed) (G1 Evacuation Pause) 224M->199M(512M) 1.506ms
[2022-03-30T20:50:22.572+0800][31.220s] GC(15) User=0.00s Sys=0.00s Real=0.00s
[2022-03-30T20:51:37.784+0800][106.433s] GC(16) Pause Young (Normal) (G1 Evacuation Pause)
[2022-03-30T20:51:37.784+0800][106.433s] GC(16) Using 8 workers of 8 for evacuation
[2022-03-30T20:51:37.832+0800][106.479s] GC(16)   Pre Evacuate Collection Set: 0.1ms
[2022-03-30T20:51:37.832+0800][106.479s] GC(16)   Merge Heap Roots: 0.3ms
[2022-03-30T20:51:37.832+0800][106.480s] GC(16)   Evacuate Collection Set: 46.2ms
[2022-03-30T20:51:37.832+0800][106.480s] GC(16)   Post Evacuate Collection Set: 0.3ms
[2022-03-30T20:51:37.832+0800][106.480s] GC(16)   Other: 0.2ms
[2022-03-30T20:51:37.832+0800][106.480s] GC(16) Eden regions: 153->0(91)
[2022-03-30T20:51:37.832+0800][106.480s] GC(16) Survivor regions: 1->20(20)
[2022-03-30T20:51:37.832+0800][106.480s] GC(16) Old regions: 174->236
[2022-03-30T20:51:37.832+0800][106.480s] GC(16) Archive regions: 0->0
[2022-03-30T20:51:37.832+0800][106.480s] GC(16) Humongous regions: 54->31
[2022-03-30T20:51:37.832+0800][106.480s] GC(16) Metaspace: 49837K(50176K)->49837K(50176K) NonClass: 43888K(44096K)->43888K(44096K) Class: 5949K(6080K)->5949K(6080K)
[2022-03-30T20:51:37.832+0800][106.480s] GC(16) Pause Young (Normal) (G1 Evacuation Pause) 381M->286M(512M) 47.168ms
[2022-03-30T20:51:37.832+0800][106.480s] GC(16) User=0.36s Sys=0.00s Real=0.05s
[2022-03-30T20:51:38.530+0800][107.182s] GC(17) Pause Young (Concurrent Start) (G1 Evacuation Pause)
[2022-03-30T20:51:38.530+0800][107.183s] GC(17) Using 8 workers of 8 for evacuation
[2022-03-30T20:51:38.544+0800][107.191s] GC(17)   Pre Evacuate Collection Set: 0.1ms
[2022-03-30T20:51:38.544+0800][107.192s] GC(17)   Merge Heap Roots: 0.1ms
[2022-03-30T20:51:38.544+0800][107.192s] GC(17)   Evacuate Collection Set: 7.8ms
[2022-03-30T20:51:38.544+0800][107.192s] GC(17)   Post Evacuate Collection Set: 0.4ms
[2022-03-30T20:51:38.544+0800][107.192s] GC(17)   Other: 0.6ms
[2022-03-30T20:51:38.544+0800][107.192s] GC(17) Eden regions: 91->0(98)
[2022-03-30T20:51:38.544+0800][107.192s] GC(17) Survivor regions: 20->3(14)
[2022-03-30T20:51:38.544+0800][107.192s] GC(17) Old regions: 236->257
[2022-03-30T20:51:38.544+0800][107.192s] GC(17) Archive regions: 0->0
[2022-03-30T20:51:38.544+0800][107.192s] GC(17) Humongous regions: 31->31
[2022-03-30T20:51:38.544+0800][107.192s] GC(17) Metaspace: 49877K(50176K)->49877K(50176K) NonClass: 43927K(44096K)->43927K(44096K) Class: 5949K(6080K)->5949K(6080K)
[2022-03-30T20:51:38.544+0800][107.192s] GC(17) Pause Young (Concurrent Start) (G1 Evacuation Pause) 377M->290M(512M) 9.260ms
[2022-03-30T20:51:38.544+0800][107.192s] GC(17) User=0.12s Sys=0.00s Real=0.01s
[2022-03-30T20:51:38.544+0800][107.192s] GC(18) Concurrent Mark Cycle
[2022-03-30T20:51:38.544+0800][107.192s] GC(18) Concurrent Clear Claimed Marks
[2022-03-30T20:51:38.544+0800][107.192s] GC(18) Concurrent Clear Claimed Marks 0.035ms
[2022-03-30T20:51:38.544+0800][107.192s] GC(18) Concurrent Scan Root Regions
[2022-03-30T20:51:38.547+0800][107.199s] GC(18) Concurrent Scan Root Regions 6.667ms
[2022-03-30T20:51:38.547+0800][107.199s] GC(18) Concurrent Mark
[2022-03-30T20:51:38.547+0800][107.199s] GC(18) Concurrent Mark From Roots
[2022-03-30T20:51:38.547+0800][107.199s] GC(18) Using 2 workers of 2 for marking
[2022-03-30T20:51:38.782+0800][107.434s] GC(18) Concurrent Mark From Roots 235.168ms
[2022-03-30T20:51:38.782+0800][107.434s] GC(18) Concurrent Preclean
[2022-03-30T20:51:38.782+0800][107.434s] GC(18) Concurrent Preclean 0.195ms
[2022-03-30T20:51:38.782+0800][107.434s] GC(18) Pause Remark
[2022-03-30T20:51:38.789+0800][107.437s] GC(18) Pause Remark 316M->305M(512M) 2.262ms
[2022-03-30T20:51:38.789+0800][107.437s] GC(18) User=0.12s Sys=0.00s Real=0.01s
[2022-03-30T20:51:38.789+0800][107.437s] GC(18) Concurrent Mark 237.932ms
[2022-03-30T20:51:38.789+0800][107.437s] GC(18) Concurrent Rebuild Remembered Sets
[2022-03-30T20:51:38.915+0800][107.563s] GC(18) Concurrent Rebuild Remembered Sets 126.613ms
[2022-03-30T20:51:38.915+0800][107.563s] GC(18) Pause Cleanup
[2022-03-30T20:51:38.915+0800][107.564s] GC(18) Pause Cleanup 319M->319M(512M) 0.161ms
[2022-03-30T20:51:38.915+0800][107.564s] GC(18) User=0.00s Sys=0.00s Real=0.00s
[2022-03-30T20:51:38.915+0800][107.564s] GC(18) Concurrent Cleanup for Next Mark
[2022-03-30T20:51:38.915+0800][107.564s] GC(18) Concurrent Cleanup for Next Mark 0.700ms
[2022-03-30T20:51:38.915+0800][107.564s] GC(18) Concurrent Mark Cycle 372.523ms
[2022-03-30T20:51:39.442+0800][108.090s] GC(19) Pause Young (Prepare Mixed) (G1 Evacuation Pause)
[2022-03-30T20:51:39.442+0800][108.090s] GC(19) Using 8 workers of 8 for evacuation
[2022-03-30T20:51:39.444+0800][108.091s] GC(19)   Pre Evacuate Collection Set: 0.1ms
[2022-03-30T20:51:39.444+0800][108.091s] GC(19)   Merge Heap Roots: 0.1ms
[2022-03-30T20:51:39.444+0800][108.091s] GC(19)   Evacuate Collection Set: 0.7ms
[2022-03-30T20:51:39.444+0800][108.091s] GC(19)   Post Evacuate Collection Set: 0.4ms
[2022-03-30T20:51:39.444+0800][108.091s] GC(19)   Other: 0.2ms
[2022-03-30T20:51:39.444+0800][108.091s] GC(19) Eden regions: 98->0(23)
[2022-03-30T20:51:39.444+0800][108.091s] GC(19) Survivor regions: 3->2(13)
[2022-03-30T20:51:39.444+0800][108.091s] GC(19) Old regions: 257->257
[2022-03-30T20:51:39.444+0800][108.091s] GC(19) Archive regions: 0->0
[2022-03-30T20:51:39.444+0800][108.091s] GC(19) Humongous regions: 20->20
[2022-03-30T20:51:39.444+0800][108.091s] GC(19) Metaspace: 49903K(50240K)->49903K(50240K) NonClass: 43954K(44160K)->43954K(44160K) Class: 5949K(6080K)->5949K(6080K)
[2022-03-30T20:51:39.444+0800][108.091s] GC(19) Pause Young (Prepare Mixed) (G1 Evacuation Pause) 377M->278M(512M) 1.650ms
[2022-03-30T20:51:39.444+0800][108.091s] GC(19) User=0.00s Sys=0.00s Real=0.00s
[2022-03-30T20:51:39.606+0800][108.254s] GC(20) Pause Young (Mixed) (G1 Evacuation Pause)
[2022-03-30T20:51:39.606+0800][108.254s] GC(20) Using 8 workers of 8 for evacuation
[2022-03-30T20:51:39.606+0800][108.256s] GC(20)   Pre Evacuate Collection Set: 0.1ms
[2022-03-30T20:51:39.606+0800][108.256s] GC(20)   Merge Heap Roots: 0.1ms
[2022-03-30T20:51:39.606+0800][108.256s] GC(20)   Evacuate Collection Set: 1.2ms
[2022-03-30T20:51:39.606+0800][108.256s] GC(20)   Post Evacuate Collection Set: 0.5ms
[2022-03-30T20:51:39.606+0800][108.256s] GC(20)   Other: 0.1ms
[2022-03-30T20:51:39.606+0800][108.256s] GC(20) Eden regions: 23->0(117)
[2022-03-30T20:51:39.606+0800][108.256s] GC(20) Survivor regions: 2->2(4)
[2022-03-30T20:51:39.606+0800][108.256s] GC(20) Old regions: 257->252
[2022-03-30T20:51:39.606+0800][108.256s] GC(20) Archive regions: 0->0
[2022-03-30T20:51:39.606+0800][108.256s] GC(20) Humongous regions: 20->20
[2022-03-30T20:51:39.606+0800][108.256s] GC(20) Metaspace: 49908K(50240K)->49908K(50240K) NonClass: 43958K(44160K)->43958K(44160K) Class: 5949K(6080K)->5949K(6080K)
[2022-03-30T20:51:39.606+0800][108.256s] GC(20) Pause Young (Mixed) (G1 Evacuation Pause) 301M->272M(512M) 2.179ms
[2022-03-30T20:51:39.606+0800][108.256s] GC(20) User=0.00s Sys=0.00s Real=0.00s
[2022-03-30T20:52:55.604+0800][184.252s] GC(21) Pause Young (Concurrent Start) (G1 Evacuation Pause)
[2022-03-30T20:52:55.604+0800][184.252s] GC(21) Using 8 workers of 8 for evacuation
[2022-03-30T20:52:55.636+0800][184.284s] GC(21)   Pre Evacuate Collection Set: 0.1ms
[2022-03-30T20:52:55.636+0800][184.284s] GC(21)   Merge Heap Roots: 0.1ms
[2022-03-30T20:52:55.636+0800][184.284s] GC(21)   Evacuate Collection Set: 31.3ms
[2022-03-30T20:52:55.636+0800][184.284s] GC(21)   Post Evacuate Collection Set: 0.3ms
[2022-03-30T20:52:55.636+0800][184.284s] GC(21)   Other: 0.3ms
[2022-03-30T20:52:55.636+0800][184.284s] GC(21) Eden regions: 117->0(58)
[2022-03-30T20:52:55.636+0800][184.284s] GC(21) Survivor regions: 2->15(15)
[2022-03-30T20:52:55.636+0800][184.284s] GC(21) Old regions: 252->301
[2022-03-30T20:52:55.636+0800][184.284s] GC(21) Archive regions: 0->0
[2022-03-30T20:52:55.636+0800][184.284s] GC(21) Humongous regions: 49->34
[2022-03-30T20:52:55.636+0800][184.284s] GC(21) Metaspace: 49919K(50240K)->49919K(50240K) NonClass: 43969K(44160K)->43969K(44160K) Class: 5949K(6080K)->5949K(6080K)
[2022-03-30T20:52:55.636+0800][184.284s] GC(21) Pause Young (Concurrent Start) (G1 Evacuation Pause) 418M->349M(512M) 32.333ms
[2022-03-30T20:52:55.636+0800][184.284s] GC(21) User=0.25s Sys=0.00s Real=0.03s
[2022-03-30T20:52:55.637+0800][184.284s] GC(22) Concurrent Mark Cycle
[2022-03-30T20:52:55.637+0800][184.284s] GC(22) Concurrent Clear Claimed Marks
[2022-03-30T20:52:55.637+0800][184.284s] GC(22) Concurrent Clear Claimed Marks 0.033ms
[2022-03-30T20:52:55.637+0800][184.284s] GC(22) Concurrent Scan Root Regions
[2022-03-30T20:52:55.653+0800][184.301s] GC(22) Concurrent Scan Root Regions 16.670ms
[2022-03-30T20:52:55.653+0800][184.301s] GC(22) Concurrent Mark
[2022-03-30T20:52:55.653+0800][184.301s] GC(22) Concurrent Mark From Roots
[2022-03-30T20:52:55.653+0800][184.301s] GC(22) Using 2 workers of 2 for marking
[2022-03-30T20:52:55.832+0800][184.480s] GC(22) Concurrent Mark From Roots 178.905ms
[2022-03-30T20:52:55.832+0800][184.480s] GC(22) Concurrent Preclean
[2022-03-30T20:52:55.833+0800][184.480s] GC(22) Concurrent Preclean 0.558ms
[2022-03-30T20:52:55.833+0800][184.480s] GC(22) Pause Remark
[2022-03-30T20:52:55.838+0800][184.486s] GC(22) Pause Remark 382M->379M(512M) 5.555ms
[2022-03-30T20:52:55.838+0800][184.486s] GC(22) User=0.09s Sys=0.00s Real=0.01s
[2022-03-30T20:52:55.838+0800][184.486s] GC(22) Concurrent Mark 185.391ms
[2022-03-30T20:52:55.838+0800][184.486s] GC(22) Concurrent Rebuild Remembered Sets
[2022-03-30T20:52:55.965+0800][184.613s] GC(22) Concurrent Rebuild Remembered Sets 126.569ms
[2022-03-30T20:52:55.965+0800][184.613s] GC(22) Pause Cleanup
[2022-03-30T20:52:55.966+0800][184.613s] GC(22) Pause Cleanup 379M->379M(512M) 0.155ms
[2022-03-30T20:52:55.966+0800][184.613s] GC(22) User=0.00s Sys=0.00s Real=0.00s
[2022-03-30T20:52:55.966+0800][184.613s] GC(22) Concurrent Cleanup for Next Mark
[2022-03-30T20:52:55.966+0800][184.614s] GC(22) Concurrent Cleanup for Next Mark 0.853ms
[2022-03-30T20:52:55.966+0800][184.614s] GC(22) Concurrent Mark Cycle 330.049ms
[2022-03-30T20:52:57.559+0800][186.207s] GC(23) Pause Young (Prepare Mixed) (G1 Evacuation Pause)
[2022-03-30T20:52:57.559+0800][186.207s] GC(23) Using 8 workers of 8 for evacuation
[2022-03-30T20:52:57.576+0800][186.224s] GC(23)   Pre Evacuate Collection Set: 0.0ms
[2022-03-30T20:52:57.576+0800][186.224s] GC(23)   Merge Heap Roots: 0.2ms
[2022-03-30T20:52:57.576+0800][186.224s] GC(23)   Evacuate Collection Set: 16.3ms
[2022-03-30T20:52:57.576+0800][186.224s] GC(23)   Post Evacuate Collection Set: 0.3ms
[2022-03-30T20:52:57.576+0800][186.224s] GC(23)   Other: 0.2ms
[2022-03-30T20:52:57.576+0800][186.224s] GC(23) Eden regions: 58->0(15)
[2022-03-30T20:52:57.576+0800][186.224s] GC(23) Survivor regions: 15->10(10)
[2022-03-30T20:52:57.576+0800][186.224s] GC(23) Old regions: 301->325
[2022-03-30T20:52:57.576+0800][186.224s] GC(23) Archive regions: 0->0
[2022-03-30T20:52:57.576+0800][186.224s] GC(23) Humongous regions: 31->31
[2022-03-30T20:52:57.576+0800][186.224s] GC(23) Metaspace: 50169K(50624K)->50169K(50624K) NonClass: 44207K(44480K)->44207K(44480K) Class: 5962K(6144K)->5962K(6144K)
[2022-03-30T20:52:57.576+0800][186.224s] GC(23) Pause Young (Prepare Mixed) (G1 Evacuation Pause) 404M->366M(512M) 17.203ms
[2022-03-30T20:52:57.576+0800][186.224s] GC(23) User=0.12s Sys=0.00s Real=0.02s
[2022-03-30T20:52:57.661+0800][186.309s] GC(24) Pause Young (Mixed) (G1 Evacuation Pause)
[2022-03-30T20:52:57.661+0800][186.309s] GC(24) Using 8 workers of 8 for evacuation
[2022-03-30T20:52:57.670+0800][186.317s] GC(24)   Pre Evacuate Collection Set: 0.1ms
[2022-03-30T20:52:57.670+0800][186.317s] GC(24)   Merge Heap Roots: 0.1ms
[2022-03-30T20:52:57.670+0800][186.317s] GC(24)   Evacuate Collection Set: 8.1ms
[2022-03-30T20:52:57.670+0800][186.317s] GC(24)   Post Evacuate Collection Set: 0.2ms
[2022-03-30T20:52:57.670+0800][186.317s] GC(24)   Other: 0.2ms
[2022-03-30T20:52:57.670+0800][186.317s] GC(24) Eden regions: 15->0(51)
[2022-03-30T20:52:57.670+0800][186.317s] GC(24) Survivor regions: 10->2(4)
[2022-03-30T20:52:57.670+0800][186.317s] GC(24) Old regions: 325->331
[2022-03-30T20:52:57.670+0800][186.317s] GC(24) Archive regions: 0->0
[2022-03-30T20:52:57.670+0800][186.318s] GC(24) Humongous regions: 31->31
[2022-03-30T20:52:57.670+0800][186.318s] GC(24) Metaspace: 50169K(50624K)->50169K(50624K) NonClass: 44207K(44480K)->44207K(44480K) Class: 5962K(6144K)->5962K(6144K)
[2022-03-30T20:52:57.670+0800][186.318s] GC(24) Pause Young (Mixed) (G1 Evacuation Pause) 381M->363M(512M) 8.678ms
[2022-03-30T20:52:57.670+0800][186.318s] GC(24) User=0.12s Sys=0.00s Real=0.01s
[2022-03-30T20:52:57.958+0800][186.607s] GC(25) Pause Young (Normal) (G1 Evacuation Pause)
[2022-03-30T20:52:57.958+0800][186.607s] GC(25) Using 8 workers of 8 for evacuation
[2022-03-30T20:52:57.961+0800][186.609s] GC(25)   Pre Evacuate Collection Set: 0.1ms
[2022-03-30T20:52:57.961+0800][186.609s] GC(25)   Merge Heap Roots: 0.1ms
[2022-03-30T20:52:57.961+0800][186.609s] GC(25)   Evacuate Collection Set: 1.2ms
[2022-03-30T20:52:57.961+0800][186.609s] GC(25)   Post Evacuate Collection Set: 0.5ms
[2022-03-30T20:52:57.961+0800][186.609s] GC(25)   Other: 0.1ms
[2022-03-30T20:52:57.961+0800][186.609s] GC(25) Eden regions: 51->0(56)
[2022-03-30T20:52:57.961+0800][186.609s] GC(25) Survivor regions: 2->2(7)
[2022-03-30T20:52:57.961+0800][186.609s] GC(25) Old regions: 331->331
[2022-03-30T20:52:57.961+0800][186.609s] GC(25) Archive regions: 0->0
[2022-03-30T20:52:57.961+0800][186.609s] GC(25) Humongous regions: 31->31
[2022-03-30T20:52:57.961+0800][186.609s] GC(25) Metaspace: 50179K(50624K)->50179K(50624K) NonClass: 44217K(44480K)->44217K(44480K) Class: 5962K(6144K)->5962K(6144K)
[2022-03-30T20:52:57.961+0800][186.609s] GC(25) Pause Young (Normal) (G1 Evacuation Pause) 414M->363M(512M) 2.156ms
[2022-03-30T20:52:57.961+0800][186.609s] GC(25) User=0.09s Sys=0.00s Real=0.00s
[2022-03-30T20:52:58.290+0800][186.937s] GC(26) Pause Young (Normal) (G1 Evacuation Pause)
[2022-03-30T20:52:58.290+0800][186.937s] GC(26) Using 8 workers of 8 for evacuation
[2022-03-30T20:52:58.291+0800][186.938s] GC(26)   Pre Evacuate Collection Set: 0.1ms
[2022-03-30T20:52:58.291+0800][186.938s] GC(26)   Merge Heap Roots: 0.1ms
[2022-03-30T20:52:58.291+0800][186.938s] GC(26)   Evacuate Collection Set: 0.6ms
[2022-03-30T20:52:58.291+0800][186.939s] GC(26)   Post Evacuate Collection Set: 0.3ms
[2022-03-30T20:52:58.291+0800][186.939s] GC(26)   Other: 0.3ms
[2022-03-30T20:52:58.291+0800][186.939s] GC(26) Eden regions: 56->0(61)
[2022-03-30T20:52:58.291+0800][186.939s] GC(26) Survivor regions: 2->1(8)
[2022-03-30T20:52:58.291+0800][186.939s] GC(26) Old regions: 331->331
[2022-03-30T20:52:58.291+0800][186.939s] GC(26) Archive regions: 0->0
[2022-03-30T20:52:58.291+0800][186.939s] GC(26) Humongous regions: 31->31
[2022-03-30T20:52:58.291+0800][186.939s] GC(26) Metaspace: 50180K(50624K)->50180K(50624K) NonClass: 44218K(44480K)->44218K(44480K) Class: 5962K(6144K)->5962K(6144K)
[2022-03-30T20:52:58.291+0800][186.939s] GC(26) Pause Young (Normal) (G1 Evacuation Pause) 419M->363M(512M) 1.414ms
[2022-03-30T20:52:58.291+0800][186.939s] GC(26) User=0.00s Sys=0.00s Real=0.00s
[2022-03-30T20:52:58.657+0800][187.305s] GC(27) Pause Young (Concurrent Start) (G1 Evacuation Pause)
[2022-03-30T20:52:58.657+0800][187.305s] GC(27) Using 8 workers of 8 for evacuation
[2022-03-30T20:52:58.659+0800][187.307s] GC(27)   Pre Evacuate Collection Set: 0.1ms
[2022-03-30T20:52:58.659+0800][187.307s] GC(27)   Merge Heap Roots: 0.1ms
[2022-03-30T20:52:58.659+0800][187.307s] GC(27)   Evacuate Collection Set: 0.6ms
[2022-03-30T20:52:58.659+0800][187.307s] GC(27)   Post Evacuate Collection Set: 0.5ms
[2022-03-30T20:52:58.659+0800][187.307s] GC(27)   Other: 0.2ms
[2022-03-30T20:52:58.659+0800][187.307s] GC(27) Eden regions: 61->0(66)
[2022-03-30T20:52:58.659+0800][187.307s] GC(27) Survivor regions: 1->1(8)
[2022-03-30T20:52:58.659+0800][187.307s] GC(27) Old regions: 331->331
[2022-03-30T20:52:58.659+0800][187.307s] GC(27) Archive regions: 0->0
[2022-03-30T20:52:58.659+0800][187.307s] GC(27) Humongous regions: 31->31
[2022-03-30T20:52:58.659+0800][187.307s] GC(27) Metaspace: 50181K(50624K)->50181K(50624K) NonClass: 44219K(44480K)->44219K(44480K) Class: 5962K(6144K)->5962K(6144K)
[2022-03-30T20:52:58.659+0800][187.307s] GC(27) Pause Young (Concurrent Start) (G1 Evacuation Pause) 424M->362M(512M) 1.597ms
[2022-03-30T20:52:58.659+0800][187.307s] GC(27) User=0.00s Sys=0.00s Real=0.00s
[2022-03-30T20:52:58.659+0800][187.307s] GC(28) Concurrent Mark Cycle
[2022-03-30T20:52:58.659+0800][187.307s] GC(28) Concurrent Clear Claimed Marks
[2022-03-30T20:52:58.659+0800][187.307s] GC(28) Concurrent Clear Claimed Marks 0.015ms
[2022-03-30T20:52:58.659+0800][187.307s] GC(28) Concurrent Scan Root Regions
[2022-03-30T20:52:58.660+0800][187.308s] GC(28) Concurrent Scan Root Regions 0.727ms
[2022-03-30T20:52:58.660+0800][187.308s] GC(28) Concurrent Mark
[2022-03-30T20:52:58.660+0800][187.308s] GC(28) Concurrent Mark From Roots
[2022-03-30T20:52:58.660+0800][187.308s] GC(28) Using 2 workers of 2 for marking
[2022-03-30T20:52:58.922+0800][187.570s] GC(28) Concurrent Mark From Roots 262.596ms
[2022-03-30T20:52:58.922+0800][187.570s] GC(28) Concurrent Preclean
[2022-03-30T20:52:58.923+0800][187.571s] GC(28) Concurrent Preclean 0.242ms
[2022-03-30T20:52:58.923+0800][187.571s] GC(28) Pause Remark
[2022-03-30T20:52:58.926+0800][187.573s] GC(28) Pause Remark 371M->363M(512M) 2.561ms
[2022-03-30T20:52:58.926+0800][187.573s] GC(28) User=0.00s Sys=0.00s Real=0.00s
[2022-03-30T20:52:58.926+0800][187.573s] GC(28) Concurrent Mark 265.691ms
[2022-03-30T20:52:58.926+0800][187.573s] GC(28) Concurrent Rebuild Remembered Sets
[2022-03-30T20:52:59.075+0800][187.722s] GC(28) Concurrent Rebuild Remembered Sets 148.858ms
[2022-03-30T20:52:59.075+0800][187.722s] GC(28) Pause Cleanup
[2022-03-30T20:52:59.075+0800][187.723s] GC(28) Pause Cleanup 363M->363M(512M) 0.211ms
[2022-03-30T20:52:59.075+0800][187.723s] GC(28) User=0.00s Sys=0.00s Real=0.00s
[2022-03-30T20:52:59.075+0800][187.723s] GC(28) Concurrent Cleanup for Next Mark
[2022-03-30T20:52:59.076+0800][187.723s] GC(28) Concurrent Cleanup for Next Mark 0.564ms
[2022-03-30T20:52:59.076+0800][187.723s] GC(28) Concurrent Mark Cycle 416.461ms
[2022-03-30T20:55:10.262+0800][318.909s] GC(29) Pause Young (Prepare Mixed) (G1 Evacuation Pause)
[2022-03-30T20:55:10.262+0800][318.909s] GC(29) Using 8 workers of 8 for evacuation
[2022-03-30T20:55:10.278+0800][318.926s] GC(29)   Pre Evacuate Collection Set: 0.2ms
[2022-03-30T20:55:10.278+0800][318.926s] GC(29)   Merge Heap Roots: 0.1ms
[2022-03-30T20:55:10.278+0800][318.926s] GC(29)   Evacuate Collection Set: 15.5ms
[2022-03-30T20:55:10.278+0800][318.926s] GC(29)   Post Evacuate Collection Set: 0.3ms
[2022-03-30T20:55:10.278+0800][318.926s] GC(29)   Other: 0.2ms
[2022-03-30T20:55:10.278+0800][318.926s] GC(29) Eden regions: 66->0(16)
[2022-03-30T20:55:10.278+0800][318.926s] GC(29) Survivor regions: 1->9(9)
[2022-03-30T20:55:10.278+0800][318.926s] GC(29) Old regions: 331->355
[2022-03-30T20:55:10.278+0800][318.926s] GC(29) Archive regions: 0->0
[2022-03-30T20:55:10.278+0800][318.926s] GC(29) Humongous regions: 49->34
[2022-03-30T20:55:10.278+0800][318.926s] GC(29) Metaspace: 50191K(50624K)->50191K(50624K) NonClass: 44229K(44480K)->44229K(44480K) Class: 5962K(6144K)->5962K(6144K)
[2022-03-30T20:55:10.278+0800][318.926s] GC(29) Pause Young (Prepare Mixed) (G1 Evacuation Pause) 446M->397M(512M) 16.484ms
[2022-03-30T20:55:10.279+0800][318.926s] GC(29) User=0.12s Sys=0.00s Real=0.02s
[2022-03-30T20:55:10.292+0800][318.940s] GC(30) Pause Young (Mixed) (G1 Evacuation Pause)
[2022-03-30T20:55:10.292+0800][318.940s] GC(30) Using 8 workers of 8 for evacuation
[2022-03-30T20:55:10.302+0800][318.950s] GC(30)   Pre Evacuate Collection Set: 0.2ms
[2022-03-30T20:55:10.302+0800][318.950s] GC(30)   Merge Heap Roots: 0.2ms
[2022-03-30T20:55:10.302+0800][318.950s] GC(30)   Evacuate Collection Set: 9.2ms
[2022-03-30T20:55:10.302+0800][318.950s] GC(30)   Post Evacuate Collection Set: 0.2ms
[2022-03-30T20:55:10.302+0800][318.950s] GC(30)   Other: 0.1ms
[2022-03-30T20:55:10.302+0800][318.950s] GC(30) Eden regions: 16->0(29)
[2022-03-30T20:55:10.302+0800][318.950s] GC(30) Survivor regions: 9->4(4)
[2022-03-30T20:55:10.302+0800][318.950s] GC(30) Old regions: 355->365
[2022-03-30T20:55:10.302+0800][318.950s] GC(30) Archive regions: 0->0
[2022-03-30T20:55:10.302+0800][318.950s] GC(30) Humongous regions: 34->34
[2022-03-30T20:55:10.302+0800][318.950s] GC(30) Metaspace: 50191K(50624K)->50191K(50624K) NonClass: 44229K(44480K)->44229K(44480K) Class: 5962K(6144K)->5962K(6144K)
[2022-03-30T20:55:10.303+0800][318.950s] GC(30) Pause Young (Mixed) (G1 Evacuation Pause) 413M->402M(512M) 10.197ms
[2022-03-30T20:55:10.303+0800][318.950s] GC(30) User=0.00s Sys=0.00s Real=0.01s
[2022-03-30T20:55:10.318+0800][318.965s] GC(31) Pause Young (Concurrent Start) (G1 Humongous Allocation)
[2022-03-30T20:55:10.318+0800][318.965s] GC(31) Using 8 workers of 8 for evacuation
[2022-03-30T20:55:10.328+0800][318.975s] GC(31)   Pre Evacuate Collection Set: 0.1ms
[2022-03-30T20:55:10.328+0800][318.975s] GC(31)   Merge Heap Roots: 0.2ms
[2022-03-30T20:55:10.328+0800][318.975s] GC(31)   Evacuate Collection Set: 8.8ms
[2022-03-30T20:55:10.328+0800][318.975s] GC(31)   Post Evacuate Collection Set: 0.5ms
[2022-03-30T20:55:10.328+0800][318.975s] GC(31)   Other: 0.2ms
[2022-03-30T20:55:10.328+0800][318.975s] GC(31) Eden regions: 22->0(20)
[2022-03-30T20:55:10.328+0800][318.975s] GC(31) Survivor regions: 4->5(5)
[2022-03-30T20:55:10.328+0800][318.975s] GC(31) Old regions: 365->378
[2022-03-30T20:55:10.328+0800][318.975s] GC(31) Archive regions: 0->0
[2022-03-30T20:55:10.328+0800][318.975s] GC(31) Humongous regions: 34->34
[2022-03-30T20:55:10.328+0800][318.975s] GC(31) Metaspace: 50191K(50624K)->50191K(50624K) NonClass: 44229K(44480K)->44229K(44480K) Class: 5962K(6144K)->5962K(6144K)
[2022-03-30T20:55:10.328+0800][318.975s] GC(31) Pause Young (Concurrent Start) (G1 Humongous Allocation) 424M->416M(512M) 9.865ms
[2022-03-30T20:55:10.328+0800][318.975s] GC(31) User=0.12s Sys=0.00s Real=0.01s
[2022-03-30T20:55:10.328+0800][318.975s] GC(32) Concurrent Mark Cycle
[2022-03-30T20:55:10.328+0800][318.975s] GC(32) Concurrent Clear Claimed Marks
[2022-03-30T20:55:10.328+0800][318.975s] GC(32) Concurrent Clear Claimed Marks 0.026ms
[2022-03-30T20:55:10.328+0800][318.975s] GC(32) Concurrent Scan Root Regions
[2022-03-30T20:55:10.332+0800][318.979s] GC(32) Concurrent Scan Root Regions 4.063ms
[2022-03-30T20:55:10.332+0800][318.980s] GC(32) Concurrent Mark
[2022-03-30T20:55:10.332+0800][318.980s] GC(32) Concurrent Mark From Roots
[2022-03-30T20:55:10.332+0800][318.980s] GC(32) Using 2 workers of 2 for marking
[2022-03-30T20:55:10.359+0800][319.006s] GC(33) Pause Young (Normal) (G1 Evacuation Pause)
[2022-03-30T20:55:10.359+0800][319.006s] GC(33) Using 8 workers of 8 for evacuation
[2022-03-30T20:55:10.370+0800][319.017s] GC(33)   Pre Evacuate Collection Set: 0.1ms
[2022-03-30T20:55:10.370+0800][319.017s] GC(33)   Merge Heap Roots: 0.1ms
[2022-03-30T20:55:10.370+0800][319.017s] GC(33)   Evacuate Collection Set: 10.3ms
[2022-03-30T20:55:10.370+0800][319.017s] GC(33)   Post Evacuate Collection Set: 0.2ms
[2022-03-30T20:55:10.370+0800][319.017s] GC(33)   Other: 0.3ms
[2022-03-30T20:55:10.370+0800][319.017s] GC(33) Eden regions: 20->0(21)
[2022-03-30T20:55:10.370+0800][319.017s] GC(33) Survivor regions: 5->4(4)
[2022-03-30T20:55:10.370+0800][319.017s] GC(33) Old regions: 378->392
[2022-03-30T20:55:10.370+0800][319.017s] GC(33) Archive regions: 0->0
[2022-03-30T20:55:10.370+0800][319.017s] GC(33) Humongous regions: 37->37
[2022-03-30T20:55:10.370+0800][319.017s] GC(33) Metaspace: 50191K(50624K)->50191K(50624K) NonClass: 44229K(44480K)->44229K(44480K) Class: 5962K(6144K)->5962K(6144K)
[2022-03-30T20:55:10.370+0800][319.017s] GC(33) Pause Young (Normal) (G1 Evacuation Pause) 439M->432M(512M) 11.262ms
[2022-03-30T20:55:10.370+0800][319.017s] GC(33) User=0.09s Sys=0.00s Real=0.01s
[2022-03-30T20:55:10.388+0800][319.036s] GC(34) Pause Young (Normal) (G1 Evacuation Pause)
[2022-03-30T20:55:10.388+0800][319.036s] GC(34) Using 8 workers of 8 for evacuation
[2022-03-30T20:55:10.399+0800][319.046s] GC(34)   Pre Evacuate Collection Set: 0.1ms
[2022-03-30T20:55:10.399+0800][319.046s] GC(34)   Merge Heap Roots: 0.1ms
[2022-03-30T20:55:10.399+0800][319.046s] GC(34)   Evacuate Collection Set: 9.4ms
[2022-03-30T20:55:10.399+0800][319.046s] GC(34)   Post Evacuate Collection Set: 0.3ms
[2022-03-30T20:55:10.399+0800][319.046s] GC(34)   Other: 0.1ms
[2022-03-30T20:55:10.399+0800][319.046s] GC(34) Eden regions: 21->0(21)
[2022-03-30T20:55:10.399+0800][319.046s] GC(34) Survivor regions: 4->4(4)
[2022-03-30T20:55:10.399+0800][319.046s] GC(34) Old regions: 392->405
[2022-03-30T20:55:10.399+0800][319.046s] GC(34) Archive regions: 0->0
[2022-03-30T20:55:10.399+0800][319.047s] GC(34) Humongous regions: 37->37
[2022-03-30T20:55:10.399+0800][319.047s] GC(34) Metaspace: 50191K(50624K)->50191K(50624K) NonClass: 44229K(44480K)->44229K(44480K) Class: 5962K(6144K)->5962K(6144K)
[2022-03-30T20:55:10.399+0800][319.047s] GC(34) Pause Young (Normal) (G1 Evacuation Pause) 453M->445M(512M) 10.374ms
[2022-03-30T20:55:10.399+0800][319.047s] GC(34) User=0.12s Sys=0.00s Real=0.01s
[2022-03-30T20:55:10.523+0800][319.171s] GC(35) Pause Young (Normal) (G1 Evacuation Pause)
[2022-03-30T20:55:10.523+0800][319.171s] GC(35) Using 8 workers of 8 for evacuation
[2022-03-30T20:55:10.530+0800][319.177s] GC(35)   Pre Evacuate Collection Set: 0.0ms
[2022-03-30T20:55:10.530+0800][319.177s] GC(35)   Merge Heap Roots: 0.1ms
[2022-03-30T20:55:10.530+0800][319.177s] GC(35)   Evacuate Collection Set: 6.1ms
[2022-03-30T20:55:10.530+0800][319.177s] GC(35)   Post Evacuate Collection Set: 0.3ms
[2022-03-30T20:55:10.530+0800][319.177s] GC(35)   Other: 0.1ms
[2022-03-30T20:55:10.530+0800][319.177s] GC(35) Eden regions: 21->0(21)
[2022-03-30T20:55:10.530+0800][319.177s] GC(35) Survivor regions: 4->4(4)
[2022-03-30T20:55:10.530+0800][319.177s] GC(35) Old regions: 405->411
[2022-03-30T20:55:10.530+0800][319.177s] GC(35) Archive regions: 0->0
[2022-03-30T20:55:10.530+0800][319.177s] GC(35) Humongous regions: 37->37
[2022-03-30T20:55:10.530+0800][319.177s] GC(35) Metaspace: 50448K(50752K)->50448K(50752K) NonClass: 44449K(44608K)->44449K(44608K) Class: 5998K(6144K)->5998K(6144K)
[2022-03-30T20:55:10.530+0800][319.177s] GC(35) Pause Young (Normal) (G1 Evacuation Pause) 466M->452M(512M) 6.731ms
[2022-03-30T20:55:10.530+0800][319.177s] GC(35) User=0.00s Sys=0.00s Real=0.01s
[2022-03-30T20:55:10.617+0800][319.265s] GC(32) Concurrent Mark From Roots 285.004ms
[2022-03-30T20:55:10.617+0800][319.265s] GC(32) Concurrent Preclean
[2022-03-30T20:55:10.617+0800][319.265s] GC(32) Concurrent Preclean 0.113ms
[2022-03-30T20:55:10.617+0800][319.265s] GC(32) Pause Remark
[2022-03-30T20:55:10.619+0800][319.267s] GC(32) Pause Remark 466M->465M(512M) 1.916ms
[2022-03-30T20:55:10.619+0800][319.267s] GC(32) User=0.00s Sys=0.00s Real=0.00s
[2022-03-30T20:55:10.619+0800][319.267s] GC(32) Concurrent Mark 287.235ms
[2022-03-30T20:55:10.619+0800][319.267s] GC(32) Concurrent Rebuild Remembered Sets
[2022-03-30T20:55:10.743+0800][319.390s] GC(32) Concurrent Rebuild Remembered Sets 123.261ms
[2022-03-30T20:55:10.743+0800][319.390s] GC(32) Pause Cleanup
[2022-03-30T20:55:10.743+0800][319.390s] GC(32) Pause Cleanup 469M->469M(512M) 0.175ms
[2022-03-30T20:55:10.743+0800][319.390s] GC(32) User=0.00s Sys=0.00s Real=0.00s
[2022-03-30T20:55:10.743+0800][319.390s] GC(32) Concurrent Cleanup for Next Mark
[2022-03-30T20:55:10.743+0800][319.391s] GC(32) Concurrent Cleanup for Next Mark 0.485ms
[2022-03-30T20:55:10.743+0800][319.391s] GC(32) Concurrent Mark Cycle 415.582ms
[2022-03-30T20:55:59.317+0800][367.965s] GC(36) Pause Young (Prepare Mixed) (G1 Preventive Collection)
[2022-03-30T20:55:59.317+0800][367.965s] GC(36) Using 8 workers of 8 for evacuation
[2022-03-30T20:55:59.322+0800][367.969s] GC(36)   Pre Evacuate Collection Set: 0.1ms
[2022-03-30T20:55:59.322+0800][367.969s] GC(36)   Merge Heap Roots: 0.1ms
[2022-03-30T20:55:59.322+0800][367.969s] GC(36)   Evacuate Collection Set: 3.3ms
[2022-03-30T20:55:59.322+0800][367.969s] GC(36)   Post Evacuate Collection Set: 0.5ms
[2022-03-30T20:55:59.322+0800][367.969s] GC(36)   Other: 0.1ms
[2022-03-30T20:55:59.322+0800][367.969s] GC(36) Eden regions: 21->0(23)
[2022-03-30T20:55:59.322+0800][367.969s] GC(36) Survivor regions: 4->2(4)
[2022-03-30T20:55:59.322+0800][367.969s] GC(36) Old regions: 411->415
[2022-03-30T20:55:59.322+0800][367.969s] GC(36) Archive regions: 0->0
[2022-03-30T20:55:59.322+0800][367.969s] GC(36) Humongous regions: 59->44
[2022-03-30T20:55:59.322+0800][367.969s] GC(36) Metaspace: 50449K(50752K)->50449K(50752K) NonClass: 44451K(44608K)->44451K(44608K) Class: 5998K(6144K)->5998K(6144K)
[2022-03-30T20:55:59.322+0800][367.970s] GC(36) Pause Young (Prepare Mixed) (G1 Preventive Collection) 495M->460M(512M) 4.204ms
[2022-03-30T20:55:59.322+0800][367.970s] GC(36) User=0.12s Sys=0.00s Real=0.01s
[2022-03-30T20:55:59.347+0800][367.995s] GC(37) Pause Young (Mixed) (G1 Evacuation Pause)
[2022-03-30T20:55:59.347+0800][367.995s] GC(37) Using 8 workers of 8 for evacuation
[2022-03-30T20:55:59.356+0800][368.003s] GC(37)   Pre Evacuate Collection Set: 0.1ms
[2022-03-30T20:55:59.356+0800][368.003s] GC(37)   Merge Heap Roots: 0.0ms
[2022-03-30T20:55:59.356+0800][368.003s] GC(37)   Evacuate Collection Set: 7.9ms
[2022-03-30T20:55:59.356+0800][368.003s] GC(37)   Post Evacuate Collection Set: 0.3ms
[2022-03-30T20:55:59.356+0800][368.003s] GC(37)   Other: 0.2ms
[2022-03-30T20:55:59.356+0800][368.003s] GC(37) Eden regions: 23->0(21)
[2022-03-30T20:55:59.356+0800][368.003s] GC(37) Survivor regions: 2->4(4)
[2022-03-30T20:55:59.356+0800][368.003s] GC(37) Old regions: 415->421
[2022-03-30T20:55:59.356+0800][368.003s] GC(37) Archive regions: 0->0
[2022-03-30T20:55:59.356+0800][368.003s] GC(37) Humongous regions: 45->45
[2022-03-30T20:55:59.356+0800][368.003s] GC(37) Metaspace: 50449K(50752K)->50449K(50752K) NonClass: 44451K(44608K)->44451K(44608K) Class: 5998K(6144K)->5998K(6144K)
[2022-03-30T20:55:59.356+0800][368.003s] GC(37) Pause Young (Mixed) (G1 Evacuation Pause) 484M->469M(512M) 8.687ms
[2022-03-30T20:55:59.356+0800][368.003s] GC(37) User=0.12s Sys=0.00s Real=0.01s
[2022-03-30T20:55:59.374+0800][368.021s] GC(38) Pause Young (Concurrent Start) (G1 Evacuation Pause)
[2022-03-30T20:55:59.374+0800][368.021s] GC(38) Using 8 workers of 8 for evacuation
[2022-03-30T20:55:59.384+0800][368.032s] GC(38)   Pre Evacuate Collection Set: 0.1ms
[2022-03-30T20:55:59.384+0800][368.032s] GC(38)   Merge Heap Roots: 0.1ms
[2022-03-30T20:55:59.384+0800][368.032s] GC(38)   Evacuate Collection Set: 10.0ms
[2022-03-30T20:55:59.384+0800][368.032s] GC(38)   Post Evacuate Collection Set: 0.3ms
[2022-03-30T20:55:59.384+0800][368.032s] GC(38)   Other: 0.2ms
[2022-03-30T20:55:59.384+0800][368.032s] GC(38) Eden regions: 21->0(21)
[2022-03-30T20:55:59.384+0800][368.032s] GC(38) Survivor regions: 4->4(4)
[2022-03-30T20:55:59.384+0800][368.032s] GC(38) Old regions: 421->434
[2022-03-30T20:55:59.384+0800][368.032s] GC(38) Archive regions: 0->0
[2022-03-30T20:55:59.384+0800][368.032s] GC(38) Humongous regions: 45->45
[2022-03-30T20:55:59.384+0800][368.032s] GC(38) Metaspace: 50449K(50752K)->50449K(50752K) NonClass: 44451K(44608K)->44451K(44608K) Class: 5998K(6144K)->5998K(6144K)
[2022-03-30T20:55:59.385+0800][368.032s] GC(38) Pause Young (Concurrent Start) (G1 Evacuation Pause) 490M->482M(512M) 10.790ms
[2022-03-30T20:55:59.385+0800][368.032s] GC(38) User=0.08s Sys=0.00s Real=0.01s
[2022-03-30T20:55:59.385+0800][368.032s] GC(39) Concurrent Mark Cycle
[2022-03-30T20:55:59.385+0800][368.032s] GC(39) Concurrent Clear Claimed Marks
[2022-03-30T20:55:59.385+0800][368.032s] GC(39) Concurrent Clear Claimed Marks 0.033ms
[2022-03-30T20:55:59.385+0800][368.032s] GC(39) Concurrent Scan Root Regions
[2022-03-30T20:55:59.390+0800][368.038s] GC(39) Concurrent Scan Root Regions 5.426ms
[2022-03-30T20:55:59.390+0800][368.038s] GC(39) Concurrent Mark
[2022-03-30T20:55:59.390+0800][368.038s] GC(39) Concurrent Mark From Roots
[2022-03-30T20:55:59.390+0800][368.038s] GC(39) Using 2 workers of 2 for marking
[2022-03-30T20:55:59.404+0800][368.051s] GC(40) Pause Young (Normal) (G1 Preventive Collection)
[2022-03-30T20:55:59.404+0800][368.051s] GC(40) Using 8 workers of 8 for evacuation
[2022-03-30T20:55:59.414+0800][368.061s] GC(40) To-space exhausted
[2022-03-30T20:55:59.414+0800][368.061s] GC(40)   Pre Evacuate Collection Set: 0.0ms
[2022-03-30T20:55:59.414+0800][368.061s] GC(40)   Merge Heap Roots: 0.1ms
[2022-03-30T20:55:59.414+0800][368.061s] GC(40)   Evacuate Collection Set: 7.8ms
[2022-03-30T20:55:59.414+0800][368.061s] GC(40)   Post Evacuate Collection Set: 1.9ms
[2022-03-30T20:55:59.414+0800][368.061s] GC(40)   Other: 0.2ms
[2022-03-30T20:55:59.414+0800][368.061s] GC(40) Eden regions: 14->0(21)
[2022-03-30T20:55:59.414+0800][368.061s] GC(40) Survivor regions: 4->4(4)
[2022-03-30T20:55:59.414+0800][368.061s] GC(40) Old regions: 434->459
[2022-03-30T20:55:59.414+0800][368.061s] GC(40) Archive regions: 0->0
[2022-03-30T20:55:59.414+0800][368.061s] GC(40) Humongous regions: 47->47
[2022-03-30T20:55:59.414+0800][368.061s] GC(40) Metaspace: 50449K(50752K)->50449K(50752K) NonClass: 44451K(44608K)->44451K(44608K) Class: 5998K(6144K)->5998K(6144K)
[2022-03-30T20:55:59.414+0800][368.061s] GC(40) Pause Young (Normal) (G1 Preventive Collection) 498M->510M(512M) 10.204ms
[2022-03-30T20:55:59.414+0800][368.061s] GC(40) User=0.06s Sys=0.00s Real=0.01s
[2022-03-30T20:55:59.416+0800][368.063s] GC(41) Pause Young (Normal) (G1 Preventive Collection)
[2022-03-30T20:55:59.416+0800][368.063s] GC(41) Using 8 workers of 8 for evacuation
[2022-03-30T20:55:59.423+0800][368.071s] GC(41) To-space exhausted
[2022-03-30T20:55:59.423+0800][368.071s] GC(41)   Pre Evacuate Collection Set: 0.0ms
[2022-03-30T20:55:59.423+0800][368.071s] GC(41)   Merge Heap Roots: 0.1ms
[2022-03-30T20:55:59.424+0800][368.071s] GC(41)   Evacuate Collection Set: 6.0ms
[2022-03-30T20:55:59.424+0800][368.071s] GC(41)   Post Evacuate Collection Set: 2.1ms
[2022-03-30T20:55:59.424+0800][368.071s] GC(41)   Other: 0.2ms
[2022-03-30T20:55:59.424+0800][368.071s] GC(41) Eden regions: 1->0(24)
[2022-03-30T20:55:59.424+0800][368.071s] GC(41) Survivor regions: 4->1(1)
[2022-03-30T20:55:59.424+0800][368.071s] GC(41) Old regions: 459->463
[2022-03-30T20:55:59.424+0800][368.071s] GC(41) Archive regions: 0->0
[2022-03-30T20:55:59.424+0800][368.071s] GC(41) Humongous regions: 47->47
[2022-03-30T20:55:59.424+0800][368.071s] GC(41) Metaspace: 50449K(50752K)->50449K(50752K) NonClass: 44451K(44608K)->44451K(44608K) Class: 5998K(6144K)->5998K(6144K)
[2022-03-30T20:55:59.424+0800][368.071s] GC(41) Pause Young (Normal) (G1 Preventive Collection) 511M->510M(512M) 8.426ms
[2022-03-30T20:55:59.424+0800][368.071s] GC(41) User=0.00s Sys=0.00s Real=0.01s
[2022-03-30T20:55:59.425+0800][368.073s] GC(42) Pause Young (Normal) (G1 Evacuation Pause)
[2022-03-30T20:55:59.425+0800][368.073s] GC(42) Using 8 workers of 8 for evacuation
[2022-03-30T20:55:59.429+0800][368.077s] GC(42) To-space exhausted
[2022-03-30T20:55:59.429+0800][368.077s] GC(42)   Pre Evacuate Collection Set: 0.0ms
[2022-03-30T20:55:59.429+0800][368.077s] GC(42)   Merge Heap Roots: 0.0ms
[2022-03-30T20:55:59.429+0800][368.077s] GC(42)   Evacuate Collection Set: 1.9ms
[2022-03-30T20:55:59.429+0800][368.077s] GC(42)   Post Evacuate Collection Set: 1.6ms
[2022-03-30T20:55:59.429+0800][368.077s] GC(42)   Other: 0.1ms
[2022-03-30T20:55:59.429+0800][368.077s] GC(42) Eden regions: 1->0(25)
[2022-03-30T20:55:59.429+0800][368.077s] GC(42) Survivor regions: 1->0(0)
[2022-03-30T20:55:59.429+0800][368.077s] GC(42) Old regions: 463->465
[2022-03-30T20:55:59.429+0800][368.077s] GC(42) Archive regions: 0->0
[2022-03-30T20:55:59.429+0800][368.077s] GC(42) Humongous regions: 47->47
[2022-03-30T20:55:59.429+0800][368.077s] GC(42) Metaspace: 50449K(50752K)->50449K(50752K) NonClass: 44451K(44608K)->44451K(44608K) Class: 5998K(6144K)->5998K(6144K)
[2022-03-30T20:55:59.429+0800][368.077s] GC(42) Pause Young (Normal) (G1 Evacuation Pause) 511M->511M(512M) 3.896ms
[2022-03-30T20:55:59.429+0800][368.077s] GC(42) User=0.03s Sys=0.00s Real=0.00s
[2022-03-30T20:55:59.429+0800][368.077s] Attempting full compaction
[2022-03-30T20:55:59.430+0800][368.078s] GC(43) Using 8 workers of 8 for full compaction
[2022-03-30T20:55:59.431+0800][368.078s] GC(43) Pause Full (G1 Compaction Pause)
[2022-03-30T20:55:59.431+0800][368.079s] GC(43) Phase 1: Mark live objects
[2022-03-30T20:55:59.592+0800][368.240s] GC(43) Phase 1: Mark live objects 160.998ms
[2022-03-30T20:55:59.592+0800][368.240s] GC(43) Phase 2: Prepare for compaction
[2022-03-30T20:55:59.598+0800][368.246s] GC(43) Phase 2: Prepare for compaction 5.960ms
[2022-03-30T20:55:59.598+0800][368.246s] GC(43) Phase 3: Adjust pointers
[2022-03-30T20:55:59.644+0800][368.292s] GC(43) Phase 3: Adjust pointers 46.001ms
[2022-03-30T20:55:59.644+0800][368.292s] GC(43) Phase 4: Compact heap
[2022-03-30T20:55:59.652+0800][368.300s] GC(43) Phase 4: Compact heap 8.358ms
[2022-03-30T20:55:59.657+0800][368.304s] GC(43) Eden regions: 0->0(25)
[2022-03-30T20:55:59.657+0800][368.304s] GC(43) Survivor regions: 0->0(0)
[2022-03-30T20:55:59.657+0800][368.304s] GC(43) Old regions: 465->424
[2022-03-30T20:55:59.657+0800][368.304s] GC(43) Archive regions: 0->0
[2022-03-30T20:55:59.657+0800][368.304s] GC(43) Humongous regions: 47->36
[2022-03-30T20:55:59.657+0800][368.304s] GC(43) Metaspace: 50449K(50752K)->50449K(50752K) NonClass: 44451K(44608K)->44451K(44608K) Class: 5998K(6144K)->5998K(6144K)
[2022-03-30T20:55:59.657+0800][368.304s] GC(43) Pause Full (G1 Compaction Pause) 511M->454M(512M) 225.946ms
[2022-03-30T20:55:59.657+0800][368.305s] GC(43) User=1.47s Sys=0.00s Real=0.23s
[2022-03-30T20:55:59.657+0800][368.305s] GC(39) Concurrent Mark From Roots 266.864ms
[2022-03-30T20:55:59.657+0800][368.305s] GC(39) Concurrent Mark Abort
[2022-03-30T20:55:59.657+0800][368.305s] GC(39) Concurrent Mark Cycle 272.516ms
[2022-03-30T20:55:59.689+0800][368.336s] GC(44) Pause Young (Normal) (G1 Evacuation Pause)
[2022-03-30T20:55:59.689+0800][368.336s] GC(44) Using 8 workers of 8 for evacuation
[2022-03-30T20:55:59.700+0800][368.348s] GC(44)   Pre Evacuate Collection Set: 0.1ms
[2022-03-30T20:55:59.700+0800][368.348s] GC(44)   Merge Heap Roots: 0.1ms
[2022-03-30T20:55:59.700+0800][368.348s] GC(44)   Evacuate Collection Set: 11.2ms
[2022-03-30T20:55:59.700+0800][368.348s] GC(44)   Post Evacuate Collection Set: 0.3ms
[2022-03-30T20:55:59.700+0800][368.348s] GC(44)   Other: 0.2ms
[2022-03-30T20:55:59.700+0800][368.348s] GC(44) Eden regions: 25->0(21)
[2022-03-30T20:55:59.700+0800][368.348s] GC(44) Survivor regions: 0->4(4)
[2022-03-30T20:55:59.700+0800][368.348s] GC(44) Old regions: 424->435
[2022-03-30T20:55:59.701+0800][368.348s] GC(44) Archive regions: 0->0
[2022-03-30T20:55:59.701+0800][368.348s] GC(44) Humongous regions: 36->36
[2022-03-30T20:55:59.701+0800][368.348s] GC(44) Metaspace: 50449K(50752K)->50449K(50752K) NonClass: 44451K(44608K)->44451K(44608K) Class: 5998K(6144K)->5998K(6144K)
[2022-03-30T20:55:59.701+0800][368.348s] GC(44) Pause Young (Normal) (G1 Evacuation Pause) 479M->468M(512M) 12.052ms
[2022-03-30T20:55:59.701+0800][368.348s] GC(44) User=0.12s Sys=0.00s Real=0.01s
[2022-03-30T20:55:59.707+0800][368.354s] GC(45) Pause Young (Concurrent Start) (G1 Humongous Allocation)
[2022-03-30T20:55:59.707+0800][368.354s] GC(45) Using 8 workers of 8 for evacuation
[2022-03-30T20:55:59.714+0800][368.361s] GC(45)   Pre Evacuate Collection Set: 0.1ms
[2022-03-30T20:55:59.714+0800][368.361s] GC(45)   Merge Heap Roots: 0.1ms
[2022-03-30T20:55:59.714+0800][368.361s] GC(45)   Evacuate Collection Set: 6.3ms
[2022-03-30T20:55:59.714+0800][368.361s] GC(45)   Post Evacuate Collection Set: 0.3ms
[2022-03-30T20:55:59.714+0800][368.361s] GC(45)   Other: 0.2ms
[2022-03-30T20:55:59.714+0800][368.361s] GC(45) Eden regions: 6->0(21)
[2022-03-30T20:55:59.714+0800][368.361s] GC(45) Survivor regions: 4->4(4)
[2022-03-30T20:55:59.714+0800][368.361s] GC(45) Old regions: 435->440
[2022-03-30T20:55:59.714+0800][368.361s] GC(45) Archive regions: 0->0
[2022-03-30T20:55:59.714+0800][368.361s] GC(45) Humongous regions: 36->36
[2022-03-30T20:55:59.714+0800][368.361s] GC(45) Metaspace: 50449K(50752K)->50449K(50752K) NonClass: 44451K(44608K)->44451K(44608K) Class: 5998K(6144K)->5998K(6144K)
[2022-03-30T20:55:59.714+0800][368.362s] GC(45) Pause Young (Concurrent Start) (G1 Humongous Allocation) 474M->473M(512M) 7.204ms
[2022-03-30T20:55:59.714+0800][368.362s] GC(45) User=0.11s Sys=0.00s Real=0.01s
[2022-03-30T20:55:59.714+0800][368.362s] GC(46) Concurrent Mark Cycle
[2022-03-30T20:55:59.714+0800][368.362s] GC(46) Concurrent Clear Claimed Marks
[2022-03-30T20:55:59.714+0800][368.362s] GC(46) Concurrent Clear Claimed Marks 0.037ms
[2022-03-30T20:55:59.714+0800][368.362s] GC(46) Concurrent Scan Root Regions
[2022-03-30T20:55:59.716+0800][368.365s] GC(46) Concurrent Scan Root Regions 2.891ms
[2022-03-30T20:55:59.716+0800][368.365s] GC(46) Concurrent Mark
[2022-03-30T20:55:59.716+0800][368.365s] GC(46) Concurrent Mark From Roots
[2022-03-30T20:55:59.716+0800][368.365s] GC(46) Using 2 workers of 2 for marking
[2022-03-30T20:55:59.750+0800][368.398s] GC(47) Pause Young (Normal) (G1 Preventive Collection)
[2022-03-30T20:55:59.750+0800][368.398s] GC(47) Using 8 workers of 8 for evacuation
[2022-03-30T20:55:59.761+0800][368.409s] GC(47)   Pre Evacuate Collection Set: 0.0ms
[2022-03-30T20:55:59.761+0800][368.409s] GC(47)   Merge Heap Roots: 0.1ms
[2022-03-30T20:55:59.761+0800][368.409s] GC(47)   Evacuate Collection Set: 10.2ms
[2022-03-30T20:55:59.761+0800][368.409s] GC(47)   Post Evacuate Collection Set: 0.3ms
[2022-03-30T20:55:59.761+0800][368.409s] GC(47)   Other: 0.2ms
[2022-03-30T20:55:59.761+0800][368.409s] GC(47) Eden regions: 15->0(21)
[2022-03-30T20:55:59.761+0800][368.409s] GC(47) Survivor regions: 4->4(4)
[2022-03-30T20:55:59.761+0800][368.409s] GC(47) Old regions: 440->448
[2022-03-30T20:55:59.761+0800][368.409s] GC(47) Archive regions: 0->0
[2022-03-30T20:55:59.761+0800][368.409s] GC(47) Humongous regions: 39->39
[2022-03-30T20:55:59.761+0800][368.409s] GC(47) Metaspace: 50449K(50752K)->50449K(50752K) NonClass: 44451K(44608K)->44451K(44608K) Class: 5998K(6144K)->5998K(6144K)
[2022-03-30T20:55:59.761+0800][368.409s] GC(47) Pause Young (Normal) (G1 Preventive Collection) 491M->484M(512M) 11.036ms
[2022-03-30T20:55:59.761+0800][368.409s] GC(47) User=0.11s Sys=0.00s Real=0.01s
[2022-03-30T20:55:59.775+0800][368.423s] GC(48) Pause Young (Normal) (G1 Preventive Collection)
[2022-03-30T20:55:59.776+0800][368.423s] GC(48) Using 8 workers of 8 for evacuation
[2022-03-30T20:55:59.786+0800][368.433s] GC(48)   Pre Evacuate Collection Set: 0.0ms
[2022-03-30T20:55:59.786+0800][368.433s] GC(48)   Merge Heap Roots: 0.1ms
[2022-03-30T20:55:59.786+0800][368.433s] GC(48)   Evacuate Collection Set: 9.2ms
[2022-03-30T20:55:59.786+0800][368.433s] GC(48)   Post Evacuate Collection Set: 0.3ms
[2022-03-30T20:55:59.786+0800][368.433s] GC(48)   Other: 0.1ms
[2022-03-30T20:55:59.786+0800][368.433s] GC(48) Eden regions: 10->0(21)
[2022-03-30T20:55:59.786+0800][368.433s] GC(48) Survivor regions: 4->4(4)
[2022-03-30T20:55:59.786+0800][368.433s] GC(48) Old regions: 448->455
[2022-03-30T20:55:59.786+0800][368.433s] GC(48) Archive regions: 0->0
[2022-03-30T20:55:59.786+0800][368.433s] GC(48) Humongous regions: 39->39
[2022-03-30T20:55:59.786+0800][368.433s] GC(48) Metaspace: 50449K(50752K)->50449K(50752K) NonClass: 44451K(44608K)->44451K(44608K) Class: 5998K(6144K)->5998K(6144K)
[2022-03-30T20:55:59.786+0800][368.433s] GC(48) Pause Young (Normal) (G1 Preventive Collection) 494M->491M(512M) 10.028ms
[2022-03-30T20:55:59.786+0800][368.433s] GC(48) User=0.00s Sys=0.00s Real=0.01s
[2022-03-30T20:55:59.793+0800][368.440s] GC(49) Pause Young (Normal) (G1 Preventive Collection)
[2022-03-30T20:55:59.793+0800][368.440s] GC(49) Using 8 workers of 8 for evacuation
[2022-03-30T20:55:59.801+0800][368.449s] GC(49)   Pre Evacuate Collection Set: 0.1ms
[2022-03-30T20:55:59.802+0800][368.449s] GC(49)   Merge Heap Roots: 0.1ms
[2022-03-30T20:55:59.802+0800][368.449s] GC(49)   Evacuate Collection Set: 8.4ms
[2022-03-30T20:55:59.802+0800][368.449s] GC(49)   Post Evacuate Collection Set: 0.3ms
[2022-03-30T20:55:59.802+0800][368.449s] GC(49)   Other: 0.2ms
[2022-03-30T20:55:59.802+0800][368.449s] GC(49) Eden regions: 5->0(21)
[2022-03-30T20:55:59.802+0800][368.449s] GC(49) Survivor regions: 4->4(4)
[2022-03-30T20:55:59.802+0800][368.449s] GC(49) Old regions: 455->459
[2022-03-30T20:55:59.802+0800][368.449s] GC(49) Archive regions: 0->0
[2022-03-30T20:55:59.802+0800][368.449s] GC(49) Humongous regions: 39->39
[2022-03-30T20:55:59.802+0800][368.449s] GC(49) Metaspace: 50449K(50752K)->50449K(50752K) NonClass: 44451K(44608K)->44451K(44608K) Class: 5998K(6144K)->5998K(6144K)
[2022-03-30T20:55:59.802+0800][368.449s] GC(49) Pause Young (Normal) (G1 Preventive Collection) 496M->495M(512M) 9.247ms
[2022-03-30T20:55:59.802+0800][368.449s] GC(49) User=0.00s Sys=0.00s Real=0.01s
[2022-03-30T20:55:59.805+0800][368.453s] GC(50) Pause Young (Normal) (G1 Preventive Collection)
[2022-03-30T20:55:59.805+0800][368.453s] GC(50) Using 8 workers of 8 for evacuation
[2022-03-30T20:55:59.810+0800][368.458s] GC(50)   Pre Evacuate Collection Set: 0.0ms
[2022-03-30T20:55:59.810+0800][368.458s] GC(50)   Merge Heap Roots: 0.1ms
[2022-03-30T20:55:59.810+0800][368.458s] GC(50)   Evacuate Collection Set: 4.7ms
[2022-03-30T20:55:59.810+0800][368.458s] GC(50)   Post Evacuate Collection Set: 0.2ms
[2022-03-30T20:55:59.810+0800][368.458s] GC(50)   Other: 0.1ms
[2022-03-30T20:55:59.810+0800][368.458s] GC(50) Eden regions: 3->0(23)
[2022-03-30T20:55:59.810+0800][368.458s] GC(50) Survivor regions: 4->2(4)
[2022-03-30T20:55:59.810+0800][368.458s] GC(50) Old regions: 459->463
[2022-03-30T20:55:59.810+0800][368.458s] GC(50) Archive regions: 0->0
[2022-03-30T20:55:59.810+0800][368.458s] GC(50) Humongous regions: 39->39
[2022-03-30T20:55:59.810+0800][368.458s] GC(50) Metaspace: 50449K(50752K)->50449K(50752K) NonClass: 44451K(44608K)->44451K(44608K) Class: 5998K(6144K)->5998K(6144K)
[2022-03-30T20:55:59.810+0800][368.458s] GC(50) Pause Young (Normal) (G1 Preventive Collection) 498M->497M(512M) 5.237ms
[2022-03-30T20:55:59.810+0800][368.458s] GC(50) User=0.00s Sys=0.00s Real=0.00s
[2022-03-30T20:55:59.816+0800][368.463s] GC(51) Pause Young (Normal) (G1 Preventive Collection)
[2022-03-30T20:55:59.816+0800][368.463s] GC(51) Using 8 workers of 8 for evacuation
[2022-03-30T20:55:59.820+0800][368.468s] GC(51)   Pre Evacuate Collection Set: 0.1ms
[2022-03-30T20:55:59.820+0800][368.468s] GC(51)   Merge Heap Roots: 0.1ms
[2022-03-30T20:55:59.820+0800][368.468s] GC(51)   Evacuate Collection Set: 3.7ms
[2022-03-30T20:55:59.820+0800][368.468s] GC(51)   Post Evacuate Collection Set: 0.2ms
[2022-03-30T20:55:59.820+0800][368.468s] GC(51)   Other: 0.1ms
[2022-03-30T20:55:59.820+0800][368.468s] GC(51) Eden regions: 3->0(21)
[2022-03-30T20:55:59.820+0800][368.468s] GC(51) Survivor regions: 2->4(4)
[2022-03-30T20:55:59.820+0800][368.468s] GC(51) Old regions: 463->463
[2022-03-30T20:55:59.820+0800][368.468s] GC(51) Archive regions: 0->0
[2022-03-30T20:55:59.820+0800][368.468s] GC(51) Humongous regions: 39->39
[2022-03-30T20:55:59.820+0800][368.468s] GC(51) Metaspace: 50449K(50752K)->50449K(50752K) NonClass: 44451K(44608K)->44451K(44608K) Class: 5998K(6144K)->5998K(6144K)
[2022-03-30T20:55:59.820+0800][368.468s] GC(51) Pause Young (Normal) (G1 Preventive Collection) 500M->499M(512M) 4.365ms
[2022-03-30T20:55:59.820+0800][368.468s] GC(51) User=0.12s Sys=0.00s Real=0.00s
[2022-03-30T20:55:59.822+0800][368.470s] GC(52) Pause Young (Normal) (G1 Preventive Collection)
[2022-03-30T20:55:59.822+0800][368.470s] GC(52) Using 8 workers of 8 for evacuation
[2022-03-30T20:55:59.826+0800][368.474s] GC(52)   Pre Evacuate Collection Set: 0.0ms
[2022-03-30T20:55:59.826+0800][368.474s] GC(52)   Merge Heap Roots: 0.1ms
[2022-03-30T20:55:59.826+0800][368.474s] GC(52)   Evacuate Collection Set: 3.6ms
[2022-03-30T20:55:59.826+0800][368.474s] GC(52)   Post Evacuate Collection Set: 0.2ms
[2022-03-30T20:55:59.826+0800][368.474s] GC(52)   Other: 0.1ms
[2022-03-30T20:55:59.826+0800][368.474s] GC(52) Eden regions: 1->0(22)
[2022-03-30T20:55:59.826+0800][368.474s] GC(52) Survivor regions: 4->3(4)
[2022-03-30T20:55:59.826+0800][368.474s] GC(52) Old regions: 463->465
[2022-03-30T20:55:59.826+0800][368.474s] GC(52) Archive regions: 0->0
[2022-03-30T20:55:59.826+0800][368.474s] GC(52) Humongous regions: 39->39
[2022-03-30T20:55:59.826+0800][368.474s] GC(52) Metaspace: 50449K(50752K)->50449K(50752K) NonClass: 44451K(44608K)->44451K(44608K) Class: 5998K(6144K)->5998K(6144K)
[2022-03-30T20:55:59.826+0800][368.474s] GC(52) Pause Young (Normal) (G1 Preventive Collection) 500M->500M(512M) 4.164ms
[2022-03-30T20:55:59.826+0800][368.474s] GC(52) User=0.00s Sys=0.00s Real=0.00s
[2022-03-30T20:55:59.828+0800][368.476s] GC(53) Pause Young (Normal) (G1 Preventive Collection)
[2022-03-30T20:55:59.828+0800][368.476s] GC(53) Using 8 workers of 8 for evacuation
[2022-03-30T20:55:59.833+0800][368.480s] GC(53)   Pre Evacuate Collection Set: 0.1ms
[2022-03-30T20:55:59.833+0800][368.480s] GC(53)   Merge Heap Roots: 0.1ms
[2022-03-30T20:55:59.833+0800][368.480s] GC(53)   Evacuate Collection Set: 3.9ms
[2022-03-30T20:55:59.833+0800][368.480s] GC(53)   Post Evacuate Collection Set: 0.2ms
[2022-03-30T20:55:59.833+0800][368.480s] GC(53)   Other: 0.1ms
[2022-03-30T20:55:59.833+0800][368.480s] GC(53) Eden regions: 1->0(23)
[2022-03-30T20:55:59.833+0800][368.480s] GC(53) Survivor regions: 3->2(4)
[2022-03-30T20:55:59.833+0800][368.480s] GC(53) Old regions: 465->467
[2022-03-30T20:55:59.833+0800][368.480s] GC(53) Archive regions: 0->0
[2022-03-30T20:55:59.833+0800][368.481s] GC(53) Humongous regions: 39->39
[2022-03-30T20:55:59.833+0800][368.481s] GC(53) Metaspace: 50449K(50752K)->50449K(50752K) NonClass: 44451K(44608K)->44451K(44608K) Class: 5998K(6144K)->5998K(6144K)
[2022-03-30T20:55:59.833+0800][368.481s] GC(53) Pause Young (Normal) (G1 Preventive Collection) 501M->500M(512M) 4.540ms
[2022-03-30T20:55:59.833+0800][368.481s] GC(53) User=0.00s Sys=0.00s Real=0.00s
[2022-03-30T20:55:59.834+0800][368.482s] GC(54) Pause Young (Normal) (G1 Preventive Collection)
[2022-03-30T20:55:59.834+0800][368.482s] GC(54) Using 8 workers of 8 for evacuation
[2022-03-30T20:55:59.836+0800][368.484s] GC(54)   Pre Evacuate Collection Set: 0.0ms
[2022-03-30T20:55:59.836+0800][368.484s] GC(54)   Merge Heap Roots: 0.1ms
[2022-03-30T20:55:59.836+0800][368.484s] GC(54)   Evacuate Collection Set: 1.9ms
[2022-03-30T20:55:59.836+0800][368.484s] GC(54)   Post Evacuate Collection Set: 0.2ms
[2022-03-30T20:55:59.836+0800][368.484s] GC(54)   Other: 0.1ms
[2022-03-30T20:55:59.836+0800][368.484s] GC(54) Eden regions: 1->0(23)
[2022-03-30T20:55:59.836+0800][368.484s] GC(54) Survivor regions: 2->2(3)
[2022-03-30T20:55:59.836+0800][368.484s] GC(54) Old regions: 467->467
[2022-03-30T20:55:59.836+0800][368.484s] GC(54) Archive regions: 0->0
[2022-03-30T20:55:59.836+0800][368.484s] GC(54) Humongous regions: 39->39
[2022-03-30T20:55:59.836+0800][368.484s] GC(54) Metaspace: 50449K(50752K)->50449K(50752K) NonClass: 44451K(44608K)->44451K(44608K) Class: 5998K(6144K)->5998K(6144K)
[2022-03-30T20:55:59.836+0800][368.484s] GC(54) Pause Young (Normal) (G1 Preventive Collection) 501M->501M(512M) 2.458ms
[2022-03-30T20:55:59.836+0800][368.484s] GC(54) User=0.12s Sys=0.00s Real=0.00s
[2022-03-30T20:55:59.839+0800][368.486s] GC(55) Pause Young (Normal) (G1 Preventive Collection)
[2022-03-30T20:55:59.839+0800][368.486s] GC(55) Using 8 workers of 8 for evacuation
[2022-03-30T20:55:59.841+0800][368.489s] GC(55)   Pre Evacuate Collection Set: 0.0ms
[2022-03-30T20:55:59.841+0800][368.489s] GC(55)   Merge Heap Roots: 0.1ms
[2022-03-30T20:55:59.841+0800][368.489s] GC(55)   Evacuate Collection Set: 2.3ms
[2022-03-30T20:55:59.841+0800][368.489s] GC(55)   Post Evacuate Collection Set: 0.2ms
[2022-03-30T20:55:59.841+0800][368.489s] GC(55)   Other: 0.1ms
[2022-03-30T20:55:59.841+0800][368.489s] GC(55) Eden regions: 1->0(22)
[2022-03-30T20:55:59.841+0800][368.489s] GC(55) Survivor regions: 2->3(3)
[2022-03-30T20:55:59.841+0800][368.489s] GC(55) Old regions: 467->467
[2022-03-30T20:55:59.841+0800][368.489s] GC(55) Archive regions: 0->0
[2022-03-30T20:55:59.841+0800][368.489s] GC(55) Humongous regions: 39->39
[2022-03-30T20:55:59.841+0800][368.489s] GC(55) Metaspace: 50449K(50752K)->50449K(50752K) NonClass: 44451K(44608K)->44451K(44608K) Class: 5998K(6144K)->5998K(6144K)
[2022-03-30T20:55:59.841+0800][368.489s] GC(55) Pause Young (Normal) (G1 Preventive Collection) 502M->501M(512M) 2.825ms
[2022-03-30T20:55:59.841+0800][368.489s] GC(55) User=0.00s Sys=0.00s Real=0.00s
[2022-03-30T20:55:59.843+0800][368.491s] GC(56) Pause Young (Normal) (G1 Preventive Collection)
[2022-03-30T20:55:59.843+0800][368.491s] GC(56) Using 8 workers of 8 for evacuation
[2022-03-30T20:55:59.847+0800][368.495s] GC(56)   Pre Evacuate Collection Set: 0.0ms
[2022-03-30T20:55:59.847+0800][368.495s] GC(56)   Merge Heap Roots: 0.1ms
[2022-03-30T20:55:59.847+0800][368.495s] GC(56)   Evacuate Collection Set: 3.3ms
[2022-03-30T20:55:59.847+0800][368.495s] GC(56)   Post Evacuate Collection Set: 0.2ms
[2022-03-30T20:55:59.847+0800][368.495s] GC(56)   Other: 0.1ms
[2022-03-30T20:55:59.847+0800][368.495s] GC(56) Eden regions: 1->0(23)
[2022-03-30T20:55:59.847+0800][368.495s] GC(56) Survivor regions: 3->2(2)
[2022-03-30T20:55:59.847+0800][368.495s] GC(56) Old regions: 467->467
[2022-03-30T20:55:59.847+0800][368.495s] GC(56) Archive regions: 0->0
[2022-03-30T20:55:59.847+0800][368.495s] GC(56) Humongous regions: 39->39
[2022-03-30T20:55:59.847+0800][368.495s] GC(56) Metaspace: 50449K(50752K)->50449K(50752K) NonClass: 44451K(44608K)->44451K(44608K) Class: 5998K(6144K)->5998K(6144K)
[2022-03-30T20:55:59.847+0800][368.495s] GC(56) Pause Young (Normal) (G1 Preventive Collection) 502M->502M(512M) 3.918ms
[2022-03-30T20:55:59.847+0800][368.495s] GC(56) User=0.00s Sys=0.00s Real=0.00s
[2022-03-30T20:55:59.849+0800][368.496s] GC(57) Pause Young (Normal) (G1 Preventive Collection)
[2022-03-30T20:55:59.849+0800][368.496s] GC(57) Using 8 workers of 8 for evacuation
[2022-03-30T20:55:59.852+0800][368.499s] GC(57)   Pre Evacuate Collection Set: 0.0ms
[2022-03-30T20:55:59.852+0800][368.499s] GC(57)   Merge Heap Roots: 0.1ms
[2022-03-30T20:55:59.852+0800][368.499s] GC(57)   Evacuate Collection Set: 2.9ms
[2022-03-30T20:55:59.852+0800][368.500s] GC(57)   Post Evacuate Collection Set: 0.2ms
[2022-03-30T20:55:59.852+0800][368.500s] GC(57)   Other: 0.1ms
[2022-03-30T20:55:59.852+0800][368.500s] GC(57) Eden regions: 1->0(22)
[2022-03-30T20:55:59.852+0800][368.500s] GC(57) Survivor regions: 2->3(3)
[2022-03-30T20:55:59.852+0800][368.500s] GC(57) Old regions: 467->467
[2022-03-30T20:55:59.852+0800][368.500s] GC(57) Archive regions: 0->0
[2022-03-30T20:55:59.852+0800][368.500s] GC(57) Humongous regions: 39->39
[2022-03-30T20:55:59.852+0800][368.500s] GC(57) Metaspace: 50449K(50752K)->50449K(50752K) NonClass: 44451K(44608K)->44451K(44608K) Class: 5998K(6144K)->5998K(6144K)
[2022-03-30T20:55:59.852+0800][368.500s] GC(57) Pause Young (Normal) (G1 Preventive Collection) 503M->502M(512M) 3.509ms
[2022-03-30T20:55:59.852+0800][368.500s] GC(57) User=0.11s Sys=0.00s Real=0.00s
[2022-03-30T20:55:59.854+0800][368.501s] GC(58) Pause Young (Normal) (G1 Preventive Collection)
[2022-03-30T20:55:59.854+0800][368.501s] GC(58) Using 8 workers of 8 for evacuation
[2022-03-30T20:55:59.858+0800][368.506s] GC(58) To-space exhausted
[2022-03-30T20:55:59.858+0800][368.506s] GC(58)   Pre Evacuate Collection Set: 0.0ms
[2022-03-30T20:55:59.858+0800][368.506s] GC(58)   Merge Heap Roots: 0.1ms
[2022-03-30T20:55:59.858+0800][368.506s] GC(58)   Evacuate Collection Set: 3.1ms
[2022-03-30T20:55:59.858+0800][368.506s] GC(58)   Post Evacuate Collection Set: 1.6ms
[2022-03-30T20:55:59.858+0800][368.506s] GC(58)   Other: 0.1ms
[2022-03-30T20:55:59.858+0800][368.506s] GC(58) Eden regions: 1->0(24)
[2022-03-30T20:55:59.858+0800][368.506s] GC(58) Survivor regions: 3->1(2)
[2022-03-30T20:55:59.858+0800][368.506s] GC(58) Old regions: 467->472
[2022-03-30T20:55:59.858+0800][368.506s] GC(58) Archive regions: 0->0
[2022-03-30T20:55:59.858+0800][368.506s] GC(58) Humongous regions: 39->39
[2022-03-30T20:55:59.858+0800][368.506s] GC(58) Metaspace: 50449K(50752K)->50449K(50752K) NonClass: 44451K(44608K)->44451K(44608K) Class: 5998K(6144K)->5998K(6144K)
[2022-03-30T20:55:59.858+0800][368.506s] GC(58) Pause Young (Normal) (G1 Preventive Collection) 503M->506M(512M) 5.157ms
[2022-03-30T20:55:59.858+0800][368.506s] GC(58) User=0.00s Sys=0.00s Real=0.00s
[2022-03-30T20:55:59.858+0800][368.506s] Attempting full compaction
[2022-03-30T20:55:59.858+0800][368.506s] GC(59) Using 8 workers of 8 for full compaction
[2022-03-30T20:55:59.858+0800][368.506s] GC(59) Pause Full (G1 Compaction Pause)
[2022-03-30T20:55:59.859+0800][368.507s] GC(59) Phase 1: Mark live objects
[2022-03-30T20:56:00.049+0800][368.697s] GC(59) Phase 1: Mark live objects 189.961ms
[2022-03-30T20:56:00.049+0800][368.697s] GC(59) Phase 2: Prepare for compaction
[2022-03-30T20:56:00.052+0800][368.699s] GC(59) Phase 2: Prepare for compaction 2.659ms
[2022-03-30T20:56:00.052+0800][368.699s] GC(59) Phase 3: Adjust pointers
[2022-03-30T20:56:00.109+0800][368.756s] GC(59) Phase 3: Adjust pointers 57.086ms
[2022-03-30T20:56:00.109+0800][368.757s] GC(59) Phase 4: Compact heap
[2022-03-30T20:56:00.111+0800][368.759s] GC(59) Phase 4: Compact heap 1.957ms
[2022-03-30T20:56:00.117+0800][368.765s] GC(59) Eden regions: 0->0(25)
[2022-03-30T20:56:00.117+0800][368.765s] GC(59) Survivor regions: 1->0(2)
[2022-03-30T20:56:00.117+0800][368.765s] GC(59) Old regions: 472->465
[2022-03-30T20:56:00.117+0800][368.765s] GC(59) Archive regions: 0->0
[2022-03-30T20:56:00.117+0800][368.765s] GC(59) Humongous regions: 39->37
[2022-03-30T20:56:00.117+0800][368.765s] GC(59) Metaspace: 50449K(50752K)->50449K(50752K) NonClass: 44451K(44608K)->44451K(44608K) Class: 5998K(6144K)->5998K(6144K)
[2022-03-30T20:56:00.117+0800][368.765s] GC(59) Pause Full (G1 Compaction Pause) 506M->497M(512M) 258.709ms
[2022-03-30T20:56:00.118+0800][368.766s] GC(59) User=1.78s Sys=0.00s Real=0.26s
[2022-03-30T20:56:00.118+0800][368.766s] GC(46) Concurrent Mark From Roots 401.000ms
[2022-03-30T20:56:00.118+0800][368.766s] GC(46) Concurrent Mark Abort
[2022-03-30T20:56:00.118+0800][368.766s] GC(46) Concurrent Mark Cycle 404.097ms
[2022-03-30T20:56:00.135+0800][368.783s] GC(60) Pause Young (Normal) (G1 Preventive Collection)
[2022-03-30T20:56:00.136+0800][368.783s] GC(60) Using 8 workers of 8 for evacuation
[2022-03-30T20:56:00.140+0800][368.787s] GC(60)   Pre Evacuate Collection Set: 0.1ms
[2022-03-30T20:56:00.140+0800][368.787s] GC(60)   Merge Heap Roots: 0.1ms
[2022-03-30T20:56:00.140+0800][368.787s] GC(60)   Evacuate Collection Set: 3.6ms
[2022-03-30T20:56:00.140+0800][368.787s] GC(60)   Post Evacuate Collection Set: 0.4ms
[2022-03-30T20:56:00.140+0800][368.787s] GC(60)   Other: 0.2ms
[2022-03-30T20:56:00.140+0800][368.787s] GC(60) Eden regions: 6->0(21)
[2022-03-30T20:56:00.140+0800][368.787s] GC(60) Survivor regions: 0->4(4)
[2022-03-30T20:56:00.140+0800][368.787s] GC(60) Old regions: 465->465
[2022-03-30T20:56:00.140+0800][368.787s] GC(60) Archive regions: 0->0
[2022-03-30T20:56:00.140+0800][368.787s] GC(60) Humongous regions: 37->37
[2022-03-30T20:56:00.140+0800][368.787s] GC(60) Metaspace: 50474K(50816K)->50474K(50816K) NonClass: 44475K(44672K)->44475K(44672K) Class: 5998K(6144K)->5998K(6144K)
[2022-03-30T20:56:00.140+0800][368.787s] GC(60) Pause Young (Normal) (G1 Preventive Collection) 503M->501M(512M) 4.618ms
[2022-03-30T20:56:00.140+0800][368.787s] GC(60) User=0.00s Sys=0.00s Real=0.01s
[2022-03-30T20:56:00.172+0800][368.820s] GC(61) Pause Young (Concurrent Start) (G1 Preventive Collection)
[2022-03-30T20:56:00.172+0800][368.820s] GC(61) Using 8 workers of 8 for evacuation
[2022-03-30T20:56:00.179+0800][368.827s] GC(61) To-space exhausted
[2022-03-30T20:56:00.179+0800][368.827s] GC(61)   Pre Evacuate Collection Set: 0.1ms
[2022-03-30T20:56:00.179+0800][368.827s] GC(61)   Merge Heap Roots: 0.1ms
[2022-03-30T20:56:00.179+0800][368.827s] GC(61)   Evacuate Collection Set: 3.5ms
[2022-03-30T20:56:00.179+0800][368.827s] GC(61)   Post Evacuate Collection Set: 2.7ms
[2022-03-30T20:56:00.179+0800][368.827s] GC(61)   Other: 0.3ms
[2022-03-30T20:56:00.179+0800][368.827s] GC(61) Eden regions: 3->0(24)
[2022-03-30T20:56:00.179+0800][368.827s] GC(61) Survivor regions: 4->1(3)
[2022-03-30T20:56:00.179+0800][368.827s] GC(61) Old regions: 465->471
[2022-03-30T20:56:00.179+0800][368.827s] GC(61) Archive regions: 0->0
[2022-03-30T20:56:00.179+0800][368.827s] GC(61) Humongous regions: 37->37
[2022-03-30T20:56:00.179+0800][368.827s] GC(61) Metaspace: 50474K(50816K)->50474K(50816K) NonClass: 44475K(44672K)->44475K(44672K) Class: 5998K(6144K)->5998K(6144K)
[2022-03-30T20:56:00.179+0800][368.827s] GC(61) Pause Young (Concurrent Start) (G1 Preventive Collection) 504M->503M(512M) 6.851ms
[2022-03-30T20:56:00.179+0800][368.827s] GC(61) User=0.02s Sys=0.00s Real=0.01s
[2022-03-30T20:56:00.180+0800][368.827s] GC(62) Concurrent Mark Cycle
[2022-03-30T20:56:00.180+0800][368.827s] GC(62) Concurrent Clear Claimed Marks
[2022-03-30T20:56:00.180+0800][368.827s] GC(62) Concurrent Clear Claimed Marks 0.067ms
[2022-03-30T20:56:00.180+0800][368.827s] GC(62) Concurrent Scan Root Regions
[2022-03-30T20:56:00.182+0800][368.829s] GC(62) Concurrent Scan Root Regions 1.496ms
[2022-03-30T20:56:00.182+0800][368.829s] GC(62) Concurrent Mark
[2022-03-30T20:56:00.182+0800][368.829s] GC(62) Concurrent Mark From Roots
[2022-03-30T20:56:00.182+0800][368.829s] GC(62) Using 2 workers of 2 for marking
[2022-03-30T20:56:00.191+0800][368.839s] GC(63) Pause Young (Normal) (G1 Preventive Collection)
[2022-03-30T20:56:00.191+0800][368.839s] GC(63) Using 8 workers of 8 for evacuation
[2022-03-30T20:56:00.193+0800][368.840s] GC(63)   Pre Evacuate Collection Set: 0.1ms
[2022-03-30T20:56:00.193+0800][368.840s] GC(63)   Merge Heap Roots: 0.1ms
[2022-03-30T20:56:00.193+0800][368.840s] GC(63)   Evacuate Collection Set: 1.1ms
[2022-03-30T20:56:00.193+0800][368.840s] GC(63)   Post Evacuate Collection Set: 0.2ms
[2022-03-30T20:56:00.193+0800][368.840s] GC(63)   Other: 0.1ms
[2022-03-30T20:56:00.193+0800][368.840s] GC(63) Eden regions: 1->0(24)
[2022-03-30T20:56:00.193+0800][368.840s] GC(63) Survivor regions: 1->1(2)
[2022-03-30T20:56:00.193+0800][368.840s] GC(63) Old regions: 471->471
[2022-03-30T20:56:00.193+0800][368.840s] GC(63) Archive regions: 0->0
[2022-03-30T20:56:00.193+0800][368.840s] GC(63) Humongous regions: 37->37
[2022-03-30T20:56:00.193+0800][368.840s] GC(63) Metaspace: 50474K(50816K)->50474K(50816K) NonClass: 44475K(44672K)->44475K(44672K) Class: 5998K(6144K)->5998K(6144K)
[2022-03-30T20:56:00.193+0800][368.841s] GC(63) Pause Young (Normal) (G1 Preventive Collection) 504M->503M(512M) 1.719ms
[2022-03-30T20:56:00.193+0800][368.841s] GC(63) User=0.00s Sys=0.00s Real=0.00s
[2022-03-30T20:56:00.206+0800][368.854s] GC(64) Pause Young (Normal) (G1 Preventive Collection)
[2022-03-30T20:56:00.206+0800][368.854s] GC(64) Using 8 workers of 8 for evacuation
[2022-03-30T20:56:00.207+0800][368.855s] GC(64)   Pre Evacuate Collection Set: 0.1ms
[2022-03-30T20:56:00.207+0800][368.855s] GC(64)   Merge Heap Roots: 0.1ms
[2022-03-30T20:56:00.207+0800][368.855s] GC(64)   Evacuate Collection Set: 0.2ms
[2022-03-30T20:56:00.207+0800][368.855s] GC(64)   Post Evacuate Collection Set: 0.2ms
[2022-03-30T20:56:00.207+0800][368.855s] GC(64)   Other: 0.1ms
[2022-03-30T20:56:00.207+0800][368.855s] GC(64) Eden regions: 1->0(24)
[2022-03-30T20:56:00.207+0800][368.855s] GC(64) Survivor regions: 1->1(2)
[2022-03-30T20:56:00.207+0800][368.855s] GC(64) Old regions: 471->471
[2022-03-30T20:56:00.207+0800][368.855s] GC(64) Archive regions: 0->0
[2022-03-30T20:56:00.207+0800][368.855s] GC(64) Humongous regions: 37->37
[2022-03-30T20:56:00.207+0800][368.855s] GC(64) Metaspace: 50474K(50816K)->50474K(50816K) NonClass: 44475K(44672K)->44475K(44672K) Class: 5998K(6144K)->5998K(6144K)
[2022-03-30T20:56:00.207+0800][368.855s] GC(64) Pause Young (Normal) (G1 Preventive Collection) 504M->503M(512M) 0.852ms
[2022-03-30T20:56:00.207+0800][368.855s] GC(64) User=0.00s Sys=0.00s Real=0.00s
[2022-03-30T20:56:00.235+0800][368.883s] GC(65) Pause Young (Normal) (G1 Preventive Collection)
[2022-03-30T20:56:00.235+0800][368.883s] GC(65) Using 8 workers of 8 for evacuation
[2022-03-30T20:56:00.236+0800][368.884s] GC(65)   Pre Evacuate Collection Set: 0.1ms
[2022-03-30T20:56:00.236+0800][368.884s] GC(65)   Merge Heap Roots: 0.0ms
[2022-03-30T20:56:00.236+0800][368.884s] GC(65)   Evacuate Collection Set: 0.3ms
[2022-03-30T20:56:00.236+0800][368.884s] GC(65)   Post Evacuate Collection Set: 0.3ms
[2022-03-30T20:56:00.236+0800][368.884s] GC(65)   Other: 0.2ms
[2022-03-30T20:56:00.236+0800][368.884s] GC(65) Eden regions: 2->0(24)
[2022-03-30T20:56:00.236+0800][368.884s] GC(65) Survivor regions: 1->1(1)
[2022-03-30T20:56:00.236+0800][368.884s] GC(65) Old regions: 471->471
[2022-03-30T20:56:00.236+0800][368.884s] GC(65) Archive regions: 0->0
[2022-03-30T20:56:00.236+0800][368.884s] GC(65) Humongous regions: 37->37
[2022-03-30T20:56:00.236+0800][368.884s] GC(65) Metaspace: 50474K(50816K)->50474K(50816K) NonClass: 44475K(44672K)->44475K(44672K) Class: 5998K(6144K)->5998K(6144K)
[2022-03-30T20:56:00.236+0800][368.884s] GC(65) Pause Young (Normal) (G1 Preventive Collection) 505M->503M(512M) 0.948ms
[2022-03-30T20:56:00.236+0800][368.884s] GC(65) User=0.00s Sys=0.00s Real=0.00s
[2022-03-30T20:56:00.264+0800][368.911s] GC(66) Pause Young (Normal) (G1 Preventive Collection)
[2022-03-30T20:56:00.264+0800][368.912s] GC(66) Using 8 workers of 8 for evacuation
[2022-03-30T20:56:00.265+0800][368.912s] GC(66)   Pre Evacuate Collection Set: 0.1ms
[2022-03-30T20:56:00.265+0800][368.912s] GC(66)   Merge Heap Roots: 0.1ms
[2022-03-30T20:56:00.265+0800][368.912s] GC(66)   Evacuate Collection Set: 0.3ms
[2022-03-30T20:56:00.265+0800][368.912s] GC(66)   Post Evacuate Collection Set: 0.3ms
[2022-03-30T20:56:00.265+0800][368.913s] GC(66)   Other: 0.2ms
[2022-03-30T20:56:00.265+0800][368.913s] GC(66) Eden regions: 2->0(24)
[2022-03-30T20:56:00.265+0800][368.913s] GC(66) Survivor regions: 1->1(1)
[2022-03-30T20:56:00.265+0800][368.913s] GC(66) Old regions: 471->471
[2022-03-30T20:56:00.265+0800][368.913s] GC(66) Archive regions: 0->0
[2022-03-30T20:56:00.265+0800][368.913s] GC(66) Humongous regions: 37->37
[2022-03-30T20:56:00.265+0800][368.913s] GC(66) Metaspace: 50474K(50816K)->50474K(50816K) NonClass: 44475K(44672K)->44475K(44672K) Class: 5998K(6144K)->5998K(6144K)
[2022-03-30T20:56:00.265+0800][368.913s] GC(66) Pause Young (Normal) (G1 Preventive Collection) 505M->503M(512M) 1.181ms
[2022-03-30T20:56:00.265+0800][368.913s] GC(66) User=0.00s Sys=0.00s Real=0.00s
[2022-03-30T20:56:00.294+0800][368.942s] GC(67) Pause Young (Normal) (G1 Preventive Collection)
[2022-03-30T20:56:00.294+0800][368.942s] GC(67) Using 8 workers of 8 for evacuation
[2022-03-30T20:56:00.295+0800][368.943s] GC(67)   Pre Evacuate Collection Set: 0.1ms
[2022-03-30T20:56:00.295+0800][368.943s] GC(67)   Merge Heap Roots: 0.0ms
[2022-03-30T20:56:00.295+0800][368.943s] GC(67)   Evacuate Collection Set: 0.3ms
[2022-03-30T20:56:00.295+0800][368.943s] GC(67)   Post Evacuate Collection Set: 0.3ms
[2022-03-30T20:56:00.295+0800][368.943s] GC(67)   Other: 0.1ms
[2022-03-30T20:56:00.295+0800][368.943s] GC(67) Eden regions: 2->0(24)
[2022-03-30T20:56:00.295+0800][368.943s] GC(67) Survivor regions: 1->1(1)
[2022-03-30T20:56:00.295+0800][368.943s] GC(67) Old regions: 471->471
[2022-03-30T20:56:00.295+0800][368.943s] GC(67) Archive regions: 0->0
[2022-03-30T20:56:00.295+0800][368.943s] GC(67) Humongous regions: 37->37
[2022-03-30T20:56:00.295+0800][368.943s] GC(67) Metaspace: 50474K(50816K)->50474K(50816K) NonClass: 44475K(44672K)->44475K(44672K) Class: 5998K(6144K)->5998K(6144K)
[2022-03-30T20:56:00.295+0800][368.943s] GC(67) Pause Young (Normal) (G1 Preventive Collection) 505M->503M(512M) 0.977ms
[2022-03-30T20:56:00.295+0800][368.943s] GC(67) User=0.00s Sys=0.00s Real=0.00s
[2022-03-30T20:56:00.324+0800][368.972s] GC(68) Pause Young (Normal) (G1 Preventive Collection)
[2022-03-30T20:56:00.324+0800][368.972s] GC(68) Using 8 workers of 8 for evacuation
[2022-03-30T20:56:00.326+0800][368.973s] GC(68)   Pre Evacuate Collection Set: 0.1ms
[2022-03-30T20:56:00.326+0800][368.973s] GC(68)   Merge Heap Roots: 0.0ms
[2022-03-30T20:56:00.326+0800][368.973s] GC(68)   Evacuate Collection Set: 0.5ms
[2022-03-30T20:56:00.326+0800][368.973s] GC(68)   Post Evacuate Collection Set: 0.4ms
[2022-03-30T20:56:00.326+0800][368.973s] GC(68)   Other: 0.1ms
[2022-03-30T20:56:00.326+0800][368.974s] GC(68) Eden regions: 2->0(24)
[2022-03-30T20:56:00.326+0800][368.974s] GC(68) Survivor regions: 1->1(1)
[2022-03-30T20:56:00.326+0800][368.974s] GC(68) Old regions: 471->471
[2022-03-30T20:56:00.326+0800][368.974s] GC(68) Archive regions: 0->0
[2022-03-30T20:56:00.326+0800][368.974s] GC(68) Humongous regions: 37->37
[2022-03-30T20:56:00.326+0800][368.974s] GC(68) Metaspace: 50492K(50816K)->50492K(50816K) NonClass: 44489K(44672K)->44489K(44672K) Class: 6003K(6144K)->6003K(6144K)
[2022-03-30T20:56:00.326+0800][368.974s] GC(68) Pause Young (Normal) (G1 Preventive Collection) 505M->503M(512M) 1.436ms
[2022-03-30T20:56:00.326+0800][368.974s] GC(68) User=0.00s Sys=0.00s Real=0.00s
[2022-03-30T20:56:00.359+0800][369.007s] GC(69) Pause Young (Normal) (G1 Preventive Collection)
[2022-03-30T20:56:00.359+0800][369.007s] GC(69) Using 8 workers of 8 for evacuation
[2022-03-30T20:56:00.360+0800][369.008s] GC(69)   Pre Evacuate Collection Set: 0.1ms
[2022-03-30T20:56:00.360+0800][369.008s] GC(69)   Merge Heap Roots: 0.0ms
[2022-03-30T20:56:00.360+0800][369.008s] GC(69)   Evacuate Collection Set: 0.4ms
[2022-03-30T20:56:00.360+0800][369.008s] GC(69)   Post Evacuate Collection Set: 0.3ms
[2022-03-30T20:56:00.360+0800][369.008s] GC(69)   Other: 0.2ms
[2022-03-30T20:56:00.360+0800][369.008s] GC(69) Eden regions: 2->0(24)
[2022-03-30T20:56:00.360+0800][369.008s] GC(69) Survivor regions: 1->1(1)
[2022-03-30T20:56:00.360+0800][369.008s] GC(69) Old regions: 471->471
[2022-03-30T20:56:00.360+0800][369.008s] GC(69) Archive regions: 0->0
[2022-03-30T20:56:00.360+0800][369.008s] GC(69) Humongous regions: 37->37
[2022-03-30T20:56:00.360+0800][369.008s] GC(69) Metaspace: 50498K(50816K)->50498K(50816K) NonClass: 44495K(44672K)->44495K(44672K) Class: 6003K(6144K)->6003K(6144K)
[2022-03-30T20:56:00.360+0800][369.008s] GC(69) Pause Young (Normal) (G1 Preventive Collection) 505M->503M(512M) 1.088ms
[2022-03-30T20:56:00.360+0800][369.008s] GC(69) User=0.00s Sys=0.00s Real=0.00s
[2022-03-30T20:56:00.388+0800][369.036s] GC(70) Pause Young (Normal) (G1 Preventive Collection)
[2022-03-30T20:56:00.388+0800][369.036s] GC(70) Using 8 workers of 8 for evacuation
[2022-03-30T20:56:00.391+0800][369.038s] GC(70)   Pre Evacuate Collection Set: 0.1ms
[2022-03-30T20:56:00.391+0800][369.039s] GC(70)   Merge Heap Roots: 0.0ms
[2022-03-30T20:56:00.391+0800][369.039s] GC(70)   Evacuate Collection Set: 1.7ms
[2022-03-30T20:56:00.391+0800][369.039s] GC(70)   Post Evacuate Collection Set: 0.3ms
[2022-03-30T20:56:00.391+0800][369.039s] GC(70)   Other: 0.2ms
[2022-03-30T20:56:00.391+0800][369.039s] GC(70) Eden regions: 2->0(24)
[2022-03-30T20:56:00.391+0800][369.039s] GC(70) Survivor regions: 1->1(1)
[2022-03-30T20:56:00.391+0800][369.039s] GC(70) Old regions: 471->471
[2022-03-30T20:56:00.391+0800][369.039s] GC(70) Archive regions: 0->0
[2022-03-30T20:56:00.391+0800][369.039s] GC(70) Humongous regions: 37->37
[2022-03-30T20:56:00.391+0800][369.039s] GC(70) Metaspace: 50498K(50816K)->50498K(50816K) NonClass: 44495K(44672K)->44495K(44672K) Class: 6003K(6144K)->6003K(6144K)
[2022-03-30T20:56:00.391+0800][369.039s] GC(70) Pause Young (Normal) (G1 Preventive Collection) 505M->503M(512M) 2.399ms
[2022-03-30T20:56:00.391+0800][369.039s] GC(70) User=0.00s Sys=0.00s Real=0.00s
[2022-03-30T20:56:00.416+0800][369.063s] GC(71) Pause Young (Normal) (G1 Preventive Collection)
[2022-03-30T20:56:00.416+0800][369.063s] GC(71) Using 8 workers of 8 for evacuation
[2022-03-30T20:56:00.417+0800][369.064s] GC(71)   Pre Evacuate Collection Set: 0.1ms
[2022-03-30T20:56:00.417+0800][369.064s] GC(71)   Merge Heap Roots: 0.0ms
[2022-03-30T20:56:00.417+0800][369.064s] GC(71)   Evacuate Collection Set: 0.5ms
[2022-03-30T20:56:00.417+0800][369.064s] GC(71)   Post Evacuate Collection Set: 0.3ms
[2022-03-30T20:56:00.417+0800][369.064s] GC(71)   Other: 0.2ms
[2022-03-30T20:56:00.417+0800][369.064s] GC(71) Eden regions: 2->0(24)
[2022-03-30T20:56:00.417+0800][369.064s] GC(71) Survivor regions: 1->1(1)
[2022-03-30T20:56:00.417+0800][369.064s] GC(71) Old regions: 471->471
[2022-03-30T20:56:00.417+0800][369.064s] GC(71) Archive regions: 0->0
[2022-03-30T20:56:00.417+0800][369.064s] GC(71) Humongous regions: 37->37
[2022-03-30T20:56:00.417+0800][369.065s] GC(71) Metaspace: 50498K(50816K)->50498K(50816K) NonClass: 44495K(44672K)->44495K(44672K) Class: 6003K(6144K)->6003K(6144K)
[2022-03-30T20:56:00.417+0800][369.065s] GC(71) Pause Young (Normal) (G1 Preventive Collection) 505M->503M(512M) 1.390ms
[2022-03-30T20:56:00.417+0800][369.065s] GC(71) User=0.00s Sys=0.00s Real=0.00s
[2022-03-30T20:56:00.443+0800][369.090s] GC(72) Pause Young (Normal) (G1 Preventive Collection)
[2022-03-30T20:56:00.443+0800][369.090s] GC(72) Using 8 workers of 8 for evacuation
[2022-03-30T20:56:00.445+0800][369.093s] GC(72)   Pre Evacuate Collection Set: 0.0ms
[2022-03-30T20:56:00.445+0800][369.093s] GC(72)   Merge Heap Roots: 0.0ms
[2022-03-30T20:56:00.445+0800][369.093s] GC(72)   Evacuate Collection Set: 2.3ms
[2022-03-30T20:56:00.445+0800][369.093s] GC(72)   Post Evacuate Collection Set: 0.2ms
[2022-03-30T20:56:00.445+0800][369.093s] GC(72)   Other: 0.2ms
[2022-03-30T20:56:00.445+0800][369.093s] GC(72) Eden regions: 2->0(24)
[2022-03-30T20:56:00.445+0800][369.093s] GC(72) Survivor regions: 1->1(1)
[2022-03-30T20:56:00.445+0800][369.093s] GC(72) Old regions: 471->471
[2022-03-30T20:56:00.445+0800][369.093s] GC(72) Archive regions: 0->0
[2022-03-30T20:56:00.446+0800][369.093s] GC(72) Humongous regions: 37->37
[2022-03-30T20:56:00.446+0800][369.093s] GC(72) Metaspace: 50498K(50816K)->50498K(50816K) NonClass: 44495K(44672K)->44495K(44672K) Class: 6003K(6144K)->6003K(6144K)
[2022-03-30T20:56:00.446+0800][369.093s] GC(72) Pause Young (Normal) (G1 Preventive Collection) 505M->503M(512M) 2.933ms
[2022-03-30T20:56:00.446+0800][369.093s] GC(72) User=0.05s Sys=0.00s Real=0.00s
[2022-03-30T20:56:00.471+0800][369.119s] GC(73) Pause Young (Normal) (G1 Preventive Collection)
[2022-03-30T20:56:00.471+0800][369.119s] GC(73) Using 8 workers of 8 for evacuation
[2022-03-30T20:56:00.472+0800][369.120s] GC(73)   Pre Evacuate Collection Set: 0.1ms
[2022-03-30T20:56:00.472+0800][369.120s] GC(73)   Merge Heap Roots: 0.0ms
[2022-03-30T20:56:00.472+0800][369.120s] GC(73)   Evacuate Collection Set: 0.4ms
[2022-03-30T20:56:00.472+0800][369.120s] GC(73)   Post Evacuate Collection Set: 0.2ms
[2022-03-30T20:56:00.472+0800][369.120s] GC(73)   Other: 0.2ms
[2022-03-30T20:56:00.472+0800][369.120s] GC(73) Eden regions: 2->0(24)
[2022-03-30T20:56:00.472+0800][369.120s] GC(73) Survivor regions: 1->1(1)
[2022-03-30T20:56:00.472+0800][369.120s] GC(73) Old regions: 471->471
[2022-03-30T20:56:00.472+0800][369.120s] GC(73) Archive regions: 0->0
[2022-03-30T20:56:00.472+0800][369.120s] GC(73) Humongous regions: 37->37
[2022-03-30T20:56:00.472+0800][369.120s] GC(73) Metaspace: 50498K(50816K)->50498K(50816K) NonClass: 44495K(44672K)->44495K(44672K) Class: 6003K(6144K)->6003K(6144K)
[2022-03-30T20:56:00.472+0800][369.120s] GC(73) Pause Young (Normal) (G1 Preventive Collection) 505M->503M(512M) 1.071ms
[2022-03-30T20:56:00.472+0800][369.120s] GC(73) User=0.00s Sys=0.00s Real=0.00s
[2022-03-30T20:56:00.499+0800][369.146s] GC(74) Pause Young (Normal) (G1 Preventive Collection)
[2022-03-30T20:56:00.499+0800][369.147s] GC(74) Using 8 workers of 8 for evacuation
[2022-03-30T20:56:00.500+0800][369.147s] GC(74)   Pre Evacuate Collection Set: 0.0ms
[2022-03-30T20:56:00.500+0800][369.147s] GC(74)   Merge Heap Roots: 0.0ms
[2022-03-30T20:56:00.500+0800][369.147s] GC(74)   Evacuate Collection Set: 0.5ms
[2022-03-30T20:56:00.500+0800][369.147s] GC(74)   Post Evacuate Collection Set: 0.3ms
[2022-03-30T20:56:00.500+0800][369.147s] GC(74)   Other: 0.1ms
[2022-03-30T20:56:00.500+0800][369.147s] GC(74) Eden regions: 2->0(24)
[2022-03-30T20:56:00.500+0800][369.147s] GC(74) Survivor regions: 1->1(1)
[2022-03-30T20:56:00.500+0800][369.148s] GC(74) Old regions: 471->471
[2022-03-30T20:56:00.500+0800][369.148s] GC(74) Archive regions: 0->0
[2022-03-30T20:56:00.500+0800][369.148s] GC(74) Humongous regions: 37->37
[2022-03-30T20:56:00.500+0800][369.148s] GC(74) Metaspace: 50498K(50816K)->50498K(50816K) NonClass: 44495K(44672K)->44495K(44672K) Class: 6003K(6144K)->6003K(6144K)
[2022-03-30T20:56:00.500+0800][369.148s] GC(74) Pause Young (Normal) (G1 Preventive Collection) 505M->503M(512M) 1.114ms
[2022-03-30T20:56:00.500+0800][369.148s] GC(74) User=0.00s Sys=0.00s Real=0.00s
[2022-03-30T20:56:00.520+0800][369.168s] GC(75) Pause Young (Normal) (G1 Preventive Collection)
[2022-03-30T20:56:00.520+0800][369.168s] GC(75) Using 8 workers of 8 for evacuation
[2022-03-30T20:56:00.521+0800][369.169s] GC(75)   Pre Evacuate Collection Set: 0.0ms
[2022-03-30T20:56:00.521+0800][369.169s] GC(75)   Merge Heap Roots: 0.0ms
[2022-03-30T20:56:00.521+0800][369.169s] GC(75)   Evacuate Collection Set: 0.5ms
[2022-03-30T20:56:00.521+0800][369.169s] GC(75)   Post Evacuate Collection Set: 0.2ms
[2022-03-30T20:56:00.521+0800][369.169s] GC(75)   Other: 0.1ms
[2022-03-30T20:56:00.521+0800][369.169s] GC(75) Eden regions: 2->0(24)
[2022-03-30T20:56:00.521+0800][369.169s] GC(75) Survivor regions: 1->1(1)
[2022-03-30T20:56:00.521+0800][369.169s] GC(75) Old regions: 471->471
[2022-03-30T20:56:00.521+0800][369.169s] GC(75) Archive regions: 0->0
[2022-03-30T20:56:00.521+0800][369.169s] GC(75) Humongous regions: 37->37
[2022-03-30T20:56:00.521+0800][369.169s] GC(75) Metaspace: 50498K(50816K)->50498K(50816K) NonClass: 44495K(44672K)->44495K(44672K) Class: 6003K(6144K)->6003K(6144K)
[2022-03-30T20:56:00.521+0800][369.169s] GC(75) Pause Young (Normal) (G1 Preventive Collection) 505M->503M(512M) 1.151ms
[2022-03-30T20:56:00.521+0800][369.169s] GC(75) User=0.00s Sys=0.00s Real=0.00s
[2022-03-30T20:56:00.549+0800][369.196s] GC(76) Pause Young (Normal) (G1 Preventive Collection)
[2022-03-30T20:56:00.549+0800][369.196s] GC(76) Using 8 workers of 8 for evacuation
[2022-03-30T20:56:00.550+0800][369.197s] GC(76)   Pre Evacuate Collection Set: 0.1ms
[2022-03-30T20:56:00.550+0800][369.197s] GC(76)   Merge Heap Roots: 0.0ms
[2022-03-30T20:56:00.550+0800][369.197s] GC(76)   Evacuate Collection Set: 0.6ms
[2022-03-30T20:56:00.550+0800][369.197s] GC(76)   Post Evacuate Collection Set: 0.3ms
[2022-03-30T20:56:00.550+0800][369.197s] GC(76)   Other: 0.1ms
[2022-03-30T20:56:00.550+0800][369.198s] GC(76) Eden regions: 2->0(24)
[2022-03-30T20:56:00.550+0800][369.198s] GC(76) Survivor regions: 1->1(1)
[2022-03-30T20:56:00.550+0800][369.198s] GC(76) Old regions: 471->471
[2022-03-30T20:56:00.550+0800][369.198s] GC(76) Archive regions: 0->0
[2022-03-30T20:56:00.550+0800][369.198s] GC(76) Humongous regions: 37->37
[2022-03-30T20:56:00.550+0800][369.198s] GC(76) Metaspace: 50498K(50816K)->50498K(50816K) NonClass: 44495K(44672K)->44495K(44672K) Class: 6003K(6144K)->6003K(6144K)
[2022-03-30T20:56:00.550+0800][369.198s] GC(76) Pause Young (Normal) (G1 Preventive Collection) 505M->503M(512M) 1.286ms
[2022-03-30T20:56:00.550+0800][369.198s] GC(76) User=0.00s Sys=0.00s Real=0.00s
[2022-03-30T20:56:00.575+0800][369.222s] GC(77) Pause Young (Normal) (G1 Preventive Collection)
[2022-03-30T20:56:00.575+0800][369.222s] GC(77) Using 8 workers of 8 for evacuation
[2022-03-30T20:56:00.576+0800][369.224s] GC(77) To-space exhausted
[2022-03-30T20:56:00.576+0800][369.224s] GC(77)   Pre Evacuate Collection Set: 0.1ms
[2022-03-30T20:56:00.576+0800][369.224s] GC(77)   Merge Heap Roots: 0.0ms
[2022-03-30T20:56:00.576+0800][369.224s] GC(77)   Evacuate Collection Set: 0.5ms
[2022-03-30T20:56:00.576+0800][369.224s] GC(77)   Post Evacuate Collection Set: 0.6ms
[2022-03-30T20:56:00.576+0800][369.224s] GC(77)   Other: 0.2ms
[2022-03-30T20:56:00.576+0800][369.224s] GC(77) Eden regions: 2->0(24)
[2022-03-30T20:56:00.576+0800][369.224s] GC(77) Survivor regions: 1->1(1)
[2022-03-30T20:56:00.576+0800][369.224s] GC(77) Old regions: 471->472
[2022-03-30T20:56:00.576+0800][369.224s] GC(77) Archive regions: 0->0
[2022-03-30T20:56:00.576+0800][369.224s] GC(77) Humongous regions: 37->37
[2022-03-30T20:56:00.576+0800][369.224s] GC(77) Metaspace: 50498K(50816K)->50498K(50816K) NonClass: 44495K(44672K)->44495K(44672K) Class: 6003K(6144K)->6003K(6144K)
[2022-03-30T20:56:00.576+0800][369.224s] GC(77) Pause Young (Normal) (G1 Preventive Collection) 505M->504M(512M) 1.484ms
[2022-03-30T20:56:00.576+0800][369.224s] GC(77) User=0.00s Sys=0.00s Real=0.00s
[2022-03-30T20:56:00.589+0800][369.237s] GC(78) Pause Young (Normal) (G1 Preventive Collection)
[2022-03-30T20:56:00.589+0800][369.237s] GC(78) Using 8 workers of 8 for evacuation
[2022-03-30T20:56:00.591+0800][369.238s] GC(78) To-space exhausted
[2022-03-30T20:56:00.591+0800][369.238s] GC(78)   Pre Evacuate Collection Set: 0.0ms
[2022-03-30T20:56:00.591+0800][369.238s] GC(78)   Merge Heap Roots: 0.0ms
[2022-03-30T20:56:00.591+0800][369.238s] GC(78)   Evacuate Collection Set: 0.5ms
[2022-03-30T20:56:00.591+0800][369.238s] GC(78)   Post Evacuate Collection Set: 0.7ms
[2022-03-30T20:56:00.591+0800][369.238s] GC(78)   Other: 0.2ms
[2022-03-30T20:56:00.591+0800][369.238s] GC(78) Eden regions: 1->0(24)
[2022-03-30T20:56:00.591+0800][369.238s] GC(78) Survivor regions: 1->1(1)
[2022-03-30T20:56:00.591+0800][369.238s] GC(78) Old regions: 472->473
[2022-03-30T20:56:00.591+0800][369.238s] GC(78) Archive regions: 0->0
[2022-03-30T20:56:00.591+0800][369.238s] GC(78) Humongous regions: 37->37
[2022-03-30T20:56:00.591+0800][369.238s] GC(78) Metaspace: 50498K(50816K)->50498K(50816K) NonClass: 44495K(44672K)->44495K(44672K) Class: 6003K(6144K)->6003K(6144K)
[2022-03-30T20:56:00.591+0800][369.238s] GC(78) Pause Young (Normal) (G1 Preventive Collection) 505M->505M(512M) 1.593ms
[2022-03-30T20:56:00.591+0800][369.238s] GC(78) User=0.00s Sys=0.00s Real=0.00s
[2022-03-30T20:56:00.603+0800][369.251s] GC(79) Pause Young (Normal) (GCLocker Initiated GC)
[2022-03-30T20:56:00.603+0800][369.251s] GC(79) Using 8 workers of 8 for evacuation
[2022-03-30T20:56:00.605+0800][369.253s] GC(79) To-space exhausted
[2022-03-30T20:56:00.605+0800][369.253s] GC(79)   Pre Evacuate Collection Set: 0.1ms
[2022-03-30T20:56:00.605+0800][369.253s] GC(79)   Merge Heap Roots: 0.0ms
[2022-03-30T20:56:00.605+0800][369.253s] GC(79)   Evacuate Collection Set: 0.7ms
[2022-03-30T20:56:00.605+0800][369.253s] GC(79)   Post Evacuate Collection Set: 1.4ms
[2022-03-30T20:56:00.605+0800][369.253s] GC(79)   Other: 0.2ms
[2022-03-30T20:56:00.605+0800][369.253s] GC(79) Eden regions: 1->0(25)
[2022-03-30T20:56:00.605+0800][369.253s] GC(79) Survivor regions: 1->0(0)
[2022-03-30T20:56:00.605+0800][369.253s] GC(79) Old regions: 473->475
[2022-03-30T20:56:00.605+0800][369.253s] GC(79) Archive regions: 0->0
[2022-03-30T20:56:00.605+0800][369.253s] GC(79) Humongous regions: 37->37
[2022-03-30T20:56:00.605+0800][369.253s] GC(79) Metaspace: 50498K(50816K)->50498K(50816K) NonClass: 44495K(44672K)->44495K(44672K) Class: 6003K(6144K)->6003K(6144K)
[2022-03-30T20:56:00.605+0800][369.253s] GC(79) Pause Young (Normal) (GCLocker Initiated GC) 506M->506M(512M) 2.520ms
[2022-03-30T20:56:00.605+0800][369.253s] GC(79) User=0.00s Sys=0.00s Real=0.00s
[2022-03-30T20:56:00.605+0800][369.253s] Attempting full compaction clearing soft references
[2022-03-30T20:56:00.605+0800][369.253s] GC(80) Using 8 workers of 8 for full compaction
[2022-03-30T20:56:00.606+0800][369.253s] GC(80) Pause Full (G1 Compaction Pause)
[2022-03-30T20:56:00.606+0800][369.254s] GC(80) Phase 1: Mark live objects
[2022-03-30T20:56:00.808+0800][369.455s] GC(80) Phase 1: Mark live objects 201.813ms
[2022-03-30T20:56:00.808+0800][369.455s] GC(80) Phase 2: Prepare for compaction
[2022-03-30T20:56:00.809+0800][369.457s] GC(80) Phase 2: Prepare for compaction 1.494ms
[2022-03-30T20:56:00.809+0800][369.457s] GC(80) Phase 3: Adjust pointers
[2022-03-30T20:56:00.864+0800][369.512s] GC(80) Phase 3: Adjust pointers 54.488ms
[2022-03-30T20:56:00.864+0800][369.512s] GC(80) Phase 4: Compact heap
[2022-03-30T20:56:00.865+0800][369.513s] GC(80) Phase 4: Compact heap 1.098ms
[2022-03-30T20:56:00.870+0800][369.518s] GC(80) Eden regions: 0->0(25)
[2022-03-30T20:56:00.870+0800][369.518s] GC(80) Survivor regions: 0->0(0)
[2022-03-30T20:56:00.870+0800][369.518s] GC(80) Old regions: 475->466
[2022-03-30T20:56:00.871+0800][369.518s] GC(80) Archive regions: 0->0
[2022-03-30T20:56:00.871+0800][369.518s] GC(80) Humongous regions: 37->29
[2022-03-30T20:56:00.871+0800][369.518s] GC(80) Metaspace: 50498K(50816K)->50498K(50816K) NonClass: 44495K(44672K)->44495K(44672K) Class: 6003K(6144K)->6003K(6144K)
[2022-03-30T20:56:00.871+0800][369.518s] GC(80) Pause Full (G1 Compaction Pause) 506M->492M(512M) 265.076ms
[2022-03-30T20:56:00.872+0800][369.519s] GC(80) User=1.95s Sys=0.00s Real=0.27s
[2022-03-30T20:56:00.872+0800][369.519s] GC(62) Concurrent Mark From Roots 689.892ms
[2022-03-30T20:56:00.872+0800][369.519s] GC(62) Concurrent Mark Abort
[2022-03-30T20:56:00.872+0800][369.519s] GC(62) Concurrent Mark Cycle 691.875ms
[2022-03-30T20:56:16.174+0800][384.822s] GC(81) Pause Young (Normal) (G1 Preventive Collection)
[2022-03-30T20:56:16.174+0800][384.822s] GC(81) Using 8 workers of 8 for evacuation
[2022-03-30T20:56:16.175+0800][384.824s] GC(81)   Pre Evacuate Collection Set: 0.1ms
[2022-03-30T20:56:16.175+0800][384.824s] GC(81)   Merge Heap Roots: 0.1ms
[2022-03-30T20:56:16.175+0800][384.824s] GC(81)   Evacuate Collection Set: 0.3ms
[2022-03-30T20:56:16.175+0800][384.824s] GC(81)   Post Evacuate Collection Set: 0.6ms
[2022-03-30T20:56:16.175+0800][384.824s] GC(81)   Other: 0.1ms
[2022-03-30T20:56:16.175+0800][384.824s] GC(81) Eden regions: 11->0(24)
[2022-03-30T20:56:16.175+0800][384.824s] GC(81) Survivor regions: 0->1(4)
[2022-03-30T20:56:16.175+0800][384.824s] GC(81) Old regions: 466->466
[2022-03-30T20:56:16.175+0800][384.824s] GC(81) Archive regions: 0->0
[2022-03-30T20:56:16.175+0800][384.824s] GC(81) Humongous regions: 29->29
[2022-03-30T20:56:16.175+0800][384.824s] GC(81) Metaspace: 50524K(50816K)->50524K(50816K) NonClass: 44521K(44672K)->44521K(44672K) Class: 6003K(6144K)->6003K(6144K)
[2022-03-30T20:56:16.175+0800][384.824s] GC(81) Pause Young (Normal) (G1 Preventive Collection) 503M->493M(512M) 1.276ms
[2022-03-30T20:56:16.175+0800][384.824s] GC(81) User=0.00s Sys=0.00s Real=0.00s
[2022-03-30T20:56:16.247+0800][384.900s] GC(82) Pause Young (Concurrent Start) (G1 Preventive Collection)
[2022-03-30T20:56:16.247+0800][384.901s] GC(82) Using 8 workers of 8 for evacuation
[2022-03-30T20:56:16.254+0800][384.902s] GC(82)   Pre Evacuate Collection Set: 0.1ms
[2022-03-30T20:56:16.254+0800][384.902s] GC(82)   Merge Heap Roots: 0.1ms
[2022-03-30T20:56:16.254+0800][384.902s] GC(82)   Evacuate Collection Set: 0.5ms
[2022-03-30T20:56:16.254+0800][384.902s] GC(82)   Post Evacuate Collection Set: 0.2ms
[2022-03-30T20:56:16.254+0800][384.902s] GC(82)   Other: 0.1ms
[2022-03-30T20:56:16.254+0800][384.902s] GC(82) Eden regions: 11->0(24)
[2022-03-30T20:56:16.254+0800][384.902s] GC(82) Survivor regions: 1->1(4)
[2022-03-30T20:56:16.254+0800][384.902s] GC(82) Old regions: 466->466
[2022-03-30T20:56:16.254+0800][384.902s] GC(82) Archive regions: 0->0
[2022-03-30T20:56:16.254+0800][384.902s] GC(82) Humongous regions: 29->29
[2022-03-30T20:56:16.254+0800][384.902s] GC(82) Metaspace: 50524K(50816K)->50524K(50816K) NonClass: 44521K(44672K)->44521K(44672K) Class: 6003K(6144K)->6003K(6144K)
[2022-03-30T20:56:16.254+0800][384.902s] GC(82) Pause Young (Concurrent Start) (G1 Preventive Collection) 504M->493M(512M) 1.236ms
[2022-03-30T20:56:16.254+0800][384.902s] GC(82) User=0.00s Sys=0.00s Real=0.01s
[2022-03-30T20:56:16.255+0800][384.902s] GC(83) Concurrent Mark Cycle
[2022-03-30T20:56:16.255+0800][384.902s] GC(83) Concurrent Clear Claimed Marks
[2022-03-30T20:56:16.255+0800][384.902s] GC(83) Concurrent Clear Claimed Marks 0.017ms
[2022-03-30T20:56:16.255+0800][384.902s] GC(83) Concurrent Scan Root Regions
[2022-03-30T20:56:16.255+0800][384.903s] GC(83) Concurrent Scan Root Regions 0.815ms
[2022-03-30T20:56:16.255+0800][384.903s] GC(83) Concurrent Mark
[2022-03-30T20:56:16.255+0800][384.903s] GC(83) Concurrent Mark From Roots
[2022-03-30T20:56:16.255+0800][384.903s] GC(83) Using 2 workers of 2 for marking
[2022-03-30T20:56:16.347+0800][384.995s] GC(84) Pause Young (Normal) (G1 Preventive Collection)
[2022-03-30T20:56:16.347+0800][384.995s] GC(84) Using 8 workers of 8 for evacuation
[2022-03-30T20:56:16.348+0800][384.996s] GC(84)   Pre Evacuate Collection Set: 0.1ms
[2022-03-30T20:56:16.348+0800][384.996s] GC(84)   Merge Heap Roots: 0.0ms
[2022-03-30T20:56:16.348+0800][384.996s] GC(84)   Evacuate Collection Set: 0.6ms
[2022-03-30T20:56:16.348+0800][384.996s] GC(84)   Post Evacuate Collection Set: 0.2ms
[2022-03-30T20:56:16.348+0800][384.996s] GC(84)   Other: 0.1ms
[2022-03-30T20:56:16.348+0800][384.996s] GC(84) Eden regions: 11->0(23)
[2022-03-30T20:56:16.348+0800][384.996s] GC(84) Survivor regions: 1->2(4)
[2022-03-30T20:56:16.348+0800][384.996s] GC(84) Old regions: 466->466
[2022-03-30T20:56:16.348+0800][384.996s] GC(84) Archive regions: 0->0
[2022-03-30T20:56:16.348+0800][384.996s] GC(84) Humongous regions: 29->29
[2022-03-30T20:56:16.348+0800][384.996s] GC(84) Metaspace: 50524K(50816K)->50524K(50816K) NonClass: 44521K(44672K)->44521K(44672K) Class: 6003K(6144K)->6003K(6144K)
[2022-03-30T20:56:16.348+0800][384.996s] GC(84) Pause Young (Normal) (G1 Preventive Collection) 504M->493M(512M) 1.184ms
[2022-03-30T20:56:16.348+0800][384.996s] GC(84) User=0.00s Sys=0.00s Real=0.00s
[2022-03-30T20:56:16.454+0800][385.103s] GC(85) Pause Young (Normal) (G1 Preventive Collection)
[2022-03-30T20:56:16.454+0800][385.104s] GC(85) Using 8 workers of 8 for evacuation
[2022-03-30T20:56:16.454+0800][385.104s] GC(85)   Pre Evacuate Collection Set: 0.1ms
[2022-03-30T20:56:16.454+0800][385.104s] GC(85)   Merge Heap Roots: 0.0ms
[2022-03-30T20:56:16.454+0800][385.104s] GC(85)   Evacuate Collection Set: 0.5ms
[2022-03-30T20:56:16.454+0800][385.104s] GC(85)   Post Evacuate Collection Set: 0.2ms
[2022-03-30T20:56:16.454+0800][385.104s] GC(85)   Other: 0.1ms
[2022-03-30T20:56:16.454+0800][385.104s] GC(85) Eden regions: 11->0(23)
[2022-03-30T20:56:16.454+0800][385.105s] GC(85) Survivor regions: 2->2(4)
[2022-03-30T20:56:16.454+0800][385.105s] GC(85) Old regions: 466->466
[2022-03-30T20:56:16.454+0800][385.105s] GC(85) Archive regions: 0->0
[2022-03-30T20:56:16.454+0800][385.105s] GC(85) Humongous regions: 29->29
[2022-03-30T20:56:16.454+0800][385.105s] GC(85) Metaspace: 50524K(50816K)->50524K(50816K) NonClass: 44521K(44672K)->44521K(44672K) Class: 6003K(6144K)->6003K(6144K)
[2022-03-30T20:56:16.454+0800][385.105s] GC(85) Pause Young (Normal) (G1 Preventive Collection) 504M->493M(512M) 1.067ms
[2022-03-30T20:56:16.454+0800][385.105s] GC(85) User=0.00s Sys=0.00s Real=0.00s
[2022-03-30T20:56:16.716+0800][385.368s] GC(83) Concurrent Mark From Roots 465.627ms
[2022-03-30T20:56:16.716+0800][385.368s] GC(83) Concurrent Preclean
[2022-03-30T20:56:16.716+0800][385.369s] GC(83) Concurrent Preclean 0.235ms
[2022-03-30T20:56:16.716+0800][385.369s] GC(83) Pause Remark
[2022-03-30T20:56:16.716+0800][385.371s] GC(83) Pause Remark 501M->501M(512M) 1.748ms
[2022-03-30T20:56:16.716+0800][385.371s] GC(83) User=0.00s Sys=0.00s Real=0.00s
[2022-03-30T20:56:16.716+0800][385.371s] GC(83) Concurrent Mark 467.846ms
[2022-03-30T20:56:16.716+0800][385.371s] GC(83) Concurrent Rebuild Remembered Sets
[2022-03-30T20:56:16.946+0800][385.595s] GC(83) Concurrent Rebuild Remembered Sets 223.950ms
[2022-03-30T20:56:16.946+0800][385.595s] GC(83) Pause Cleanup
[2022-03-30T20:56:16.946+0800][385.595s] GC(83) Pause Cleanup 501M->501M(512M) 0.135ms
[2022-03-30T20:56:16.946+0800][385.595s] GC(83) User=0.00s Sys=0.00s Real=0.00s
[2022-03-30T20:56:16.946+0800][385.595s] GC(83) Concurrent Cleanup for Next Mark
[2022-03-30T20:56:16.946+0800][385.595s] GC(83) Concurrent Cleanup for Next Mark 0.473ms
[2022-03-30T20:56:16.946+0800][385.595s] GC(83) Concurrent Mark Cycle 693.610ms
[2022-03-30T20:56:34.261+0800][402.908s] GC(86) Pause Young (Normal) (G1 Preventive Collection)
[2022-03-30T20:56:34.261+0800][402.909s] GC(86) Using 8 workers of 8 for evacuation
[2022-03-30T20:56:34.262+0800][402.909s] GC(86)   Pre Evacuate Collection Set: 0.1ms
[2022-03-30T20:56:34.262+0800][402.910s] GC(86)   Merge Heap Roots: 0.0ms
[2022-03-30T20:56:34.262+0800][402.910s] GC(86)   Evacuate Collection Set: 0.6ms
[2022-03-30T20:56:34.262+0800][402.910s] GC(86)   Post Evacuate Collection Set: 0.2ms
[2022-03-30T20:56:34.262+0800][402.910s] GC(86)   Other: 0.1ms
[2022-03-30T20:56:34.262+0800][402.910s] GC(86) Eden regions: 11->0(24)
[2022-03-30T20:56:34.262+0800][402.910s] GC(86) Survivor regions: 2->1(4)
[2022-03-30T20:56:34.262+0800][402.910s] GC(86) Old regions: 466->466
[2022-03-30T20:56:34.262+0800][402.910s] GC(86) Archive regions: 0->0
[2022-03-30T20:56:34.262+0800][402.910s] GC(86) Humongous regions: 29->29
[2022-03-30T20:56:34.262+0800][402.910s] GC(86) Metaspace: 50526K(50816K)->50526K(50816K) NonClass: 44523K(44672K)->44523K(44672K) Class: 6003K(6144K)->6003K(6144K)
[2022-03-30T20:56:34.262+0800][402.910s] GC(86) Pause Young (Normal) (G1 Preventive Collection) 504M->493M(512M) 1.194ms
[2022-03-30T20:56:34.262+0800][402.910s] GC(86) User=0.00s Sys=0.00s Real=0.00s
[2022-03-30T20:56:34.343+0800][402.990s] GC(87) Pause Young (Concurrent Start) (G1 Preventive Collection)
[2022-03-30T20:56:34.343+0800][402.990s] GC(87) Using 8 workers of 8 for evacuation
[2022-03-30T20:56:34.344+0800][402.991s] GC(87)   Pre Evacuate Collection Set: 0.1ms
[2022-03-30T20:56:34.344+0800][402.991s] GC(87)   Merge Heap Roots: 0.1ms
[2022-03-30T20:56:34.344+0800][402.991s] GC(87)   Evacuate Collection Set: 0.5ms
[2022-03-30T20:56:34.344+0800][402.991s] GC(87)   Post Evacuate Collection Set: 0.5ms
[2022-03-30T20:56:34.344+0800][402.991s] GC(87)   Other: 0.2ms
[2022-03-30T20:56:34.344+0800][402.991s] GC(87) Eden regions: 13->0(23)
[2022-03-30T20:56:34.344+0800][402.992s] GC(87) Survivor regions: 1->2(3)
[2022-03-30T20:56:34.344+0800][402.992s] GC(87) Old regions: 466->466
[2022-03-30T20:56:34.344+0800][402.992s] GC(87) Archive regions: 0->0
[2022-03-30T20:56:34.344+0800][402.992s] GC(87) Humongous regions: 29->29
[2022-03-30T20:56:34.344+0800][402.992s] GC(87) Metaspace: 50526K(50816K)->50526K(50816K) NonClass: 44523K(44672K)->44523K(44672K) Class: 6003K(6144K)->6003K(6144K)
[2022-03-30T20:56:34.344+0800][402.992s] GC(87) Pause Young (Concurrent Start) (G1 Preventive Collection) 506M->493M(512M) 1.378ms
[2022-03-30T20:56:34.344+0800][402.992s] GC(87) User=0.00s Sys=0.00s Real=0.00s
[2022-03-30T20:56:34.344+0800][402.992s] GC(88) Concurrent Mark Cycle
[2022-03-30T20:56:34.344+0800][402.992s] GC(88) Concurrent Clear Claimed Marks
[2022-03-30T20:56:34.344+0800][402.992s] GC(88) Concurrent Clear Claimed Marks 0.031ms
[2022-03-30T20:56:34.344+0800][402.992s] GC(88) Concurrent Scan Root Regions
[2022-03-30T20:56:34.345+0800][402.993s] GC(88) Concurrent Scan Root Regions 1.204ms
[2022-03-30T20:56:34.345+0800][402.993s] GC(88) Concurrent Mark
[2022-03-30T20:56:34.345+0800][402.993s] GC(88) Concurrent Mark From Roots
[2022-03-30T20:56:34.345+0800][402.993s] GC(88) Using 2 workers of 2 for marking
[2022-03-30T20:56:34.420+0800][403.068s] GC(89) Pause Young (Normal) (G1 Preventive Collection)
[2022-03-30T20:56:34.420+0800][403.068s] GC(89) Using 8 workers of 8 for evacuation
[2022-03-30T20:56:34.421+0800][403.069s] GC(89)   Pre Evacuate Collection Set: 0.0ms
[2022-03-30T20:56:34.421+0800][403.069s] GC(89)   Merge Heap Roots: 0.1ms
[2022-03-30T20:56:34.421+0800][403.069s] GC(89)   Evacuate Collection Set: 0.5ms
[2022-03-30T20:56:34.421+0800][403.069s] GC(89)   Post Evacuate Collection Set: 0.2ms
[2022-03-30T20:56:34.421+0800][403.069s] GC(89)   Other: 0.1ms
[2022-03-30T20:56:34.421+0800][403.069s] GC(89) Eden regions: 12->0(23)
[2022-03-30T20:56:34.421+0800][403.069s] GC(89) Survivor regions: 2->2(3)
[2022-03-30T20:56:34.421+0800][403.069s] GC(89) Old regions: 466->466
[2022-03-30T20:56:34.421+0800][403.069s] GC(89) Archive regions: 0->0
[2022-03-30T20:56:34.421+0800][403.069s] GC(89) Humongous regions: 29->29
[2022-03-30T20:56:34.421+0800][403.069s] GC(89) Metaspace: 50526K(50816K)->50526K(50816K) NonClass: 44523K(44672K)->44523K(44672K) Class: 6003K(6144K)->6003K(6144K)
[2022-03-30T20:56:34.421+0800][403.069s] GC(89) Pause Young (Normal) (G1 Preventive Collection) 505M->493M(512M) 1.079ms
[2022-03-30T20:56:34.421+0800][403.069s] GC(89) User=0.00s Sys=0.00s Real=0.00s
[2022-03-30T20:56:34.507+0800][403.155s] GC(90) Pause Young (Normal) (G1 Preventive Collection)
[2022-03-30T20:56:34.507+0800][403.155s] GC(90) Using 8 workers of 8 for evacuation
[2022-03-30T20:56:34.508+0800][403.156s] GC(90)   Pre Evacuate Collection Set: 0.1ms
[2022-03-30T20:56:34.508+0800][403.156s] GC(90)   Merge Heap Roots: 0.1ms
[2022-03-30T20:56:34.508+0800][403.156s] GC(90)   Evacuate Collection Set: 0.4ms
[2022-03-30T20:56:34.508+0800][403.156s] GC(90)   Post Evacuate Collection Set: 0.3ms
[2022-03-30T20:56:34.508+0800][403.156s] GC(90)   Other: 0.1ms
[2022-03-30T20:56:34.508+0800][403.156s] GC(90) Eden regions: 12->0(23)
[2022-03-30T20:56:34.508+0800][403.156s] GC(90) Survivor regions: 2->2(3)
[2022-03-30T20:56:34.508+0800][403.156s] GC(90) Old regions: 466->466
[2022-03-30T20:56:34.509+0800][403.156s] GC(90) Archive regions: 0->0
[2022-03-30T20:56:34.509+0800][403.156s] GC(90) Humongous regions: 29->29
[2022-03-30T20:56:34.509+0800][403.156s] GC(90) Metaspace: 50526K(50816K)->50526K(50816K) NonClass: 44523K(44672K)->44523K(44672K) Class: 6003K(6144K)->6003K(6144K)
[2022-03-30T20:56:34.509+0800][403.156s] GC(90) Pause Young (Normal) (G1 Preventive Collection) 505M->493M(512M) 1.148ms
[2022-03-30T20:56:34.509+0800][403.156s] GC(90) User=0.00s Sys=0.00s Real=0.00s
[2022-03-30T20:56:34.741+0800][403.388s] GC(88) Concurrent Mark From Roots 395.111ms
[2022-03-30T20:56:34.741+0800][403.388s] GC(88) Concurrent Preclean
[2022-03-30T20:56:34.741+0800][403.388s] GC(88) Concurrent Preclean 0.212ms
[2022-03-30T20:56:34.741+0800][403.388s] GC(88) Pause Remark
[2022-03-30T20:56:34.743+0800][403.391s] GC(88) Pause Remark 497M->497M(512M) 2.153ms
[2022-03-30T20:56:34.743+0800][403.391s] GC(88) User=0.05s Sys=0.00s Real=0.00s
[2022-03-30T20:56:34.743+0800][403.391s] GC(88) Concurrent Mark 397.770ms
[2022-03-30T20:56:34.743+0800][403.391s] GC(88) Concurrent Rebuild Remembered Sets
[2022-03-30T20:56:34.975+0800][403.623s] GC(88) Concurrent Rebuild Remembered Sets 232.008ms
[2022-03-30T20:56:34.975+0800][403.623s] GC(88) Pause Cleanup
[2022-03-30T20:56:34.976+0800][403.623s] GC(88) Pause Cleanup 497M->497M(512M) 0.169ms
[2022-03-30T20:56:34.976+0800][403.623s] GC(88) User=0.00s Sys=0.02s Real=0.00s
[2022-03-30T20:56:34.976+0800][403.623s] GC(88) Concurrent Cleanup for Next Mark
[2022-03-30T20:56:34.976+0800][403.623s] GC(88) Concurrent Cleanup for Next Mark 0.270ms
[2022-03-30T20:56:34.976+0800][403.623s] GC(88) Concurrent Mark Cycle 631.804ms
[2022-03-30T20:56:58.753+0800][427.401s] GC(91) Pause Young (Concurrent Start) (G1 Humongous Allocation)
[2022-03-30T20:56:58.753+0800][427.401s] GC(91) Using 8 workers of 8 for evacuation
[2022-03-30T20:56:58.755+0800][427.402s] GC(91)   Pre Evacuate Collection Set: 0.1ms
[2022-03-30T20:56:58.755+0800][427.402s] GC(91)   Merge Heap Roots: 0.2ms
[2022-03-30T20:56:58.755+0800][427.402s] GC(91)   Evacuate Collection Set: 0.6ms
[2022-03-30T20:56:58.755+0800][427.402s] GC(91)   Post Evacuate Collection Set: 0.5ms
[2022-03-30T20:56:58.755+0800][427.402s] GC(91)   Other: 0.2ms
[2022-03-30T20:56:58.755+0800][427.402s] GC(91) Eden regions: 5->0(24)
[2022-03-30T20:56:58.755+0800][427.402s] GC(91) Survivor regions: 2->1(4)
[2022-03-30T20:56:58.755+0800][427.402s] GC(91) Old regions: 466->466
[2022-03-30T20:56:58.755+0800][427.402s] GC(91) Archive regions: 0->0
[2022-03-30T20:56:58.755+0800][427.402s] GC(91) Humongous regions: 29->29
[2022-03-30T20:56:58.755+0800][427.402s] GC(91) Metaspace: 50537K(50880K)->50537K(50880K) NonClass: 44533K(44736K)->44533K(44736K) Class: 6003K(6144K)->6003K(6144K)
[2022-03-30T20:56:58.755+0800][427.402s] GC(91) Pause Young (Concurrent Start) (G1 Humongous Allocation) 498M->493M(512M) 1.667ms
[2022-03-30T20:56:58.755+0800][427.402s] GC(91) User=0.00s Sys=0.00s Real=0.00s
[2022-03-30T20:56:58.755+0800][427.402s] GC(92) Concurrent Mark Cycle
[2022-03-30T20:56:58.755+0800][427.403s] GC(92) Concurrent Clear Claimed Marks
[2022-03-30T20:56:58.755+0800][427.403s] GC(92) Concurrent Clear Claimed Marks 0.035ms
[2022-03-30T20:56:58.755+0800][427.403s] GC(92) Concurrent Scan Root Regions
[2022-03-30T20:56:58.756+0800][427.403s] GC(92) Concurrent Scan Root Regions 0.765ms
[2022-03-30T20:56:58.756+0800][427.403s] GC(92) Concurrent Mark
[2022-03-30T20:56:58.756+0800][427.403s] GC(92) Concurrent Mark From Roots
[2022-03-30T20:56:58.756+0800][427.403s] GC(93) Pause Young (Normal) (G1 Humongous Allocation)
[2022-03-30T20:56:58.756+0800][427.403s] GC(92) Using 2 workers of 2 for marking
[2022-03-30T20:56:58.756+0800][427.404s] GC(93) Using 8 workers of 8 for evacuation
[2022-03-30T20:56:58.758+0800][427.405s] GC(93)   Pre Evacuate Collection Set: 0.8ms
[2022-03-30T20:56:58.758+0800][427.405s] GC(93)   Merge Heap Roots: 0.1ms
[2022-03-30T20:56:58.758+0800][427.405s] GC(93)   Evacuate Collection Set: 0.5ms
[2022-03-30T20:56:58.758+0800][427.405s] GC(93)   Post Evacuate Collection Set: 0.6ms
[2022-03-30T20:56:58.758+0800][427.405s] GC(93)   Other: 0.2ms
[2022-03-30T20:56:58.758+0800][427.405s] GC(93) Eden regions: 0->0(24)
[2022-03-30T20:56:58.758+0800][427.405s] GC(93) Survivor regions: 1->1(4)
[2022-03-30T20:56:58.758+0800][427.405s] GC(93) Old regions: 466->466
[2022-03-30T20:56:58.758+0800][427.405s] GC(93) Archive regions: 0->0
[2022-03-30T20:56:58.758+0800][427.405s] GC(93) Humongous regions: 29->29
[2022-03-30T20:56:58.758+0800][427.405s] GC(93) Metaspace: 50537K(50880K)->50537K(50880K) NonClass: 44533K(44736K)->44533K(44736K) Class: 6003K(6144K)->6003K(6144K)
[2022-03-30T20:56:58.758+0800][427.405s] GC(93) Pause Young (Normal) (G1 Humongous Allocation) 493M->493M(512M) 1.644ms
[2022-03-30T20:56:58.758+0800][427.405s] GC(93) User=0.12s Sys=0.00s Real=0.00s
[2022-03-30T20:56:58.758+0800][427.405s] Attempting full compaction
[2022-03-30T20:56:58.758+0800][427.405s] GC(94) Using 8 workers of 8 for full compaction
[2022-03-30T20:56:58.758+0800][427.405s] GC(94) Pause Full (G1 Compaction Pause)
[2022-03-30T20:56:58.758+0800][427.406s] GC(94) Phase 1: Mark live objects
[2022-03-30T20:56:58.961+0800][427.609s] GC(94) Phase 1: Mark live objects 203.506ms
[2022-03-30T20:56:58.962+0800][427.609s] GC(94) Phase 2: Prepare for compaction
[2022-03-30T20:56:58.963+0800][427.610s] GC(94) Phase 2: Prepare for compaction 1.200ms
[2022-03-30T20:56:58.963+0800][427.610s] GC(94) Phase 3: Adjust pointers
[2022-03-30T20:56:59.062+0800][427.709s] GC(94) Phase 3: Adjust pointers 99.006ms
[2022-03-30T20:56:59.062+0800][427.709s] GC(94) Phase 4: Compact heap
[2022-03-30T20:56:59.063+0800][427.710s] GC(94) Phase 4: Compact heap 0.939ms
[2022-03-30T20:56:59.069+0800][427.717s] GC(94) Eden regions: 0->0(25)
[2022-03-30T20:56:59.069+0800][427.717s] GC(94) Survivor regions: 1->0(4)
[2022-03-30T20:56:59.069+0800][427.717s] GC(94) Old regions: 466->466
[2022-03-30T20:56:59.069+0800][427.717s] GC(94) Archive regions: 0->0
[2022-03-30T20:56:59.069+0800][427.717s] GC(94) Humongous regions: 29->29
[2022-03-30T20:56:59.069+0800][427.717s] GC(94) Metaspace: 50537K(50880K)->50537K(50880K) NonClass: 44533K(44736K)->44533K(44736K) Class: 6003K(6144K)->6003K(6144K)
[2022-03-30T20:56:59.069+0800][427.717s] GC(94) Pause Full (G1 Compaction Pause) 493M->492M(512M) 311.996ms
[2022-03-30T20:56:59.070+0800][427.718s] GC(94) User=2.03s Sys=0.02s Real=0.31s
[2022-03-30T20:56:59.070+0800][427.718s] Attempting maximum full compaction clearing soft references
[2022-03-30T20:56:59.070+0800][427.718s] GC(95) Using 8 workers of 8 for full compaction
[2022-03-30T20:56:59.071+0800][427.719s] GC(95) Pause Full (G1 Compaction Pause)
[2022-03-30T20:56:59.071+0800][427.719s] GC(95) Phase 1: Mark live objects
[2022-03-30T20:56:59.278+0800][427.926s] GC(95) Phase 1: Mark live objects 206.829ms
[2022-03-30T20:56:59.278+0800][427.926s] GC(95) Phase 2: Prepare for compaction
[2022-03-30T20:56:59.322+0800][427.970s] GC(95) Phase 2: Prepare for compaction 43.706ms
[2022-03-30T20:56:59.322+0800][427.970s] GC(95) Phase 3: Adjust pointers
[2022-03-30T20:56:59.388+0800][428.035s] GC(95) Phase 3: Adjust pointers 65.557ms
[2022-03-30T20:56:59.388+0800][428.035s] GC(95) Phase 4: Compact heap
[2022-03-30T20:56:59.443+0800][428.091s] GC(95) Phase 4: Compact heap 55.403ms
[2022-03-30T20:56:59.449+0800][428.097s] GC(95) Eden regions: 0->0(25)
[2022-03-30T20:56:59.450+0800][428.097s] GC(95) Survivor regions: 0->0(4)
[2022-03-30T20:56:59.450+0800][428.097s] GC(95) Old regions: 466->465
[2022-03-30T20:56:59.450+0800][428.097s] GC(95) Archive regions: 0->0
[2022-03-30T20:56:59.450+0800][428.097s] GC(95) Humongous regions: 29->29
[2022-03-30T20:56:59.450+0800][428.097s] GC(95) Metaspace: 50537K(50880K)->50537K(50880K) NonClass: 44533K(44736K)->44533K(44736K) Class: 6003K(6144K)->6003K(6144K)
[2022-03-30T20:56:59.450+0800][428.097s] GC(95) Pause Full (G1 Compaction Pause) 492M->491M(512M) 378.474ms
[2022-03-30T20:56:59.450+0800][428.098s] GC(95) User=2.66s Sys=0.00s Real=0.38s
[2022-03-30T20:56:59.450+0800][428.098s] GC(92) Concurrent Mark From Roots 694.937ms
[2022-03-30T20:56:59.450+0800][428.098s] GC(92) Concurrent Mark Abort
[2022-03-30T20:56:59.451+0800][428.098s] GC(92) Concurrent Mark Cycle 696.014ms
[2022-03-30T20:57:12.782+0800][441.430s] Heap
[2022-03-30T20:57:12.782+0800][441.430s]  garbage-first heap   total 524288K, used 510772K [0x00000000e0000000, 0x0000000100000000)
[2022-03-30T20:57:12.782+0800][441.430s]   region size 1024K, 8 young (8192K), 0 survivors (0K)
[2022-03-30T20:57:12.782+0800][441.430s]  Metaspace       used 50965K, committed 51328K, reserved 1097728K
[2022-03-30T20:57:12.782+0800][441.430s]   class space    used 6071K, committed 6272K, reserved 1048576K
