[2022-03-30T23:36:32.597+0800][0.014s] Using G1
[2022-03-30T23:36:32.705+0800][0.123s] Version: 17.0.2+8-LTS-86 (release)
[2022-03-30T23:36:32.705+0800][0.123s] CPUs: 8 total, 8 available
[2022-03-30T23:36:32.705+0800][0.123s] Memory: 16075M
[2022-03-30T23:36:32.705+0800][0.123s] Large Page Support: Disabled
[2022-03-30T23:36:32.705+0800][0.123s] NUMA Support: Disabled
[2022-03-30T23:36:32.705+0800][0.123s] Compressed Oops: Enabled (32-bit)
[2022-03-30T23:36:32.705+0800][0.123s] Heap Region Size: 1M
[2022-03-30T23:36:32.705+0800][0.123s] Heap Min Capacity: 512M
[2022-03-30T23:36:32.705+0800][0.123s] Heap Initial Capacity: 512M
[2022-03-30T23:36:32.705+0800][0.123s] Heap Max Capacity: 512M
[2022-03-30T23:36:32.705+0800][0.123s] Pre-touch: Enabled
[2022-03-30T23:36:32.706+0800][0.124s] Parallel Workers: 8
[2022-03-30T23:36:32.706+0800][0.124s] Concurrent Workers: 2
[2022-03-30T23:36:32.706+0800][0.124s] Concurrent Refinement Workers: 8
[2022-03-30T23:36:32.706+0800][0.124s] Periodic GC: Disabled
[2022-03-30T23:36:32.707+0800][0.124s] CDS archive(s) mapped at: [0x0000000800000000-0x0000000800bc0000-0x0000000800bc0000), size 12320768, SharedBaseAddress: 0x0000000800000000, ArchiveRelocationMode: 0.
[2022-03-30T23:36:32.707+0800][0.124s] Compressed class space mapped at: 0x0000000800c00000-0x0000000840c00000, reserved size: 1073741824
[2022-03-30T23:36:32.707+0800][0.124s] Narrow klass base: 0x0000000800000000, Narrow klass shift: 0, Narrow klass range: 0x100000000
[2022-03-30T23:36:33.535+0800][0.953s] GC(0) Pause Young (Normal) (G1 Evacuation Pause)
[2022-03-30T23:36:33.536+0800][0.954s] GC(0) Using 8 workers of 8 for evacuation
[2022-03-30T23:36:33.540+0800][0.958s] GC(0)   Pre Evacuate Collection Set: 0.1ms
[2022-03-30T23:36:33.540+0800][0.958s] GC(0)   Merge Heap Roots: 0.0ms
[2022-03-30T23:36:33.540+0800][0.958s] GC(0)   Evacuate Collection Set: 3.6ms
[2022-03-30T23:36:33.540+0800][0.958s] GC(0)   Post Evacuate Collection Set: 0.4ms
[2022-03-30T23:36:33.541+0800][0.958s] GC(0)   Other: 0.5ms
[2022-03-30T23:36:33.541+0800][0.958s] GC(0) Eden regions: 29->0(39)
[2022-03-30T23:36:33.541+0800][0.958s] GC(0) Survivor regions: 0->4(4)
[2022-03-30T23:36:33.541+0800][0.958s] GC(0) Old regions: 0->1
[2022-03-30T23:36:33.541+0800][0.958s] GC(0) Archive regions: 0->0
[2022-03-30T23:36:33.541+0800][0.958s] GC(0) Humongous regions: 0->0
[2022-03-30T23:36:33.541+0800][0.958s] GC(0) Metaspace: 9544K(9792K)->9544K(9792K) NonClass: 8435K(8576K)->8435K(8576K) Class: 1109K(1216K)->1109K(1216K)
[2022-03-30T23:36:33.541+0800][0.958s] GC(0) Pause Young (Normal) (G1 Evacuation Pause) 29M->4M(512M) 4.765ms
[2022-03-30T23:36:33.541+0800][0.958s] GC(0) User=0.08s Sys=0.00s Real=0.01s
[2022-03-30T23:36:34.061+0800][1.478s] GC(1) Pause Young (Normal) (G1 Evacuation Pause)
[2022-03-30T23:36:34.061+0800][1.478s] GC(1) Using 8 workers of 8 for evacuation
[2022-03-30T23:36:34.068+0800][1.486s] GC(1)   Pre Evacuate Collection Set: 0.1ms
[2022-03-30T23:36:34.068+0800][1.486s] GC(1)   Merge Heap Roots: 0.0ms
[2022-03-30T23:36:34.068+0800][1.486s] GC(1)   Evacuate Collection Set: 6.4ms
[2022-03-30T23:36:34.068+0800][1.486s] GC(1)   Post Evacuate Collection Set: 0.5ms
[2022-03-30T23:36:34.068+0800][1.486s] GC(1)   Other: 0.1ms
[2022-03-30T23:36:34.068+0800][1.486s] GC(1) Eden regions: 36->0(59)
[2022-03-30T23:36:34.068+0800][1.486s] GC(1) Survivor regions: 4->5(5)
[2022-03-30T23:36:34.068+0800][1.486s] GC(1) Old regions: 1->10
[2022-03-30T23:36:34.068+0800][1.486s] GC(1) Archive regions: 0->0
[2022-03-30T23:36:34.068+0800][1.486s] GC(1) Humongous regions: 4->4
[2022-03-30T23:36:34.068+0800][1.486s] GC(1) Metaspace: 15593K(15808K)->15593K(15808K) NonClass: 13770K(13888K)->13770K(13888K) Class: 1822K(1920K)->1822K(1920K)
[2022-03-30T23:36:34.068+0800][1.486s] GC(1) Pause Young (Normal) (G1 Evacuation Pause) 44M->18M(512M) 7.247ms
[2022-03-30T23:36:34.068+0800][1.486s] GC(1) User=0.00s Sys=0.00s Real=0.01s
[2022-03-30T23:36:34.510+0800][1.934s] GC(2) Pause Young (Concurrent Start) (Metadata GC Threshold)
[2022-03-30T23:36:34.510+0800][1.934s] GC(2) Using 8 workers of 8 for evacuation
[2022-03-30T23:36:34.520+0800][1.937s] GC(2)   Pre Evacuate Collection Set: 0.1ms
[2022-03-30T23:36:34.520+0800][1.938s] GC(2)   Merge Heap Roots: 0.1ms
[2022-03-30T23:36:34.520+0800][1.938s] GC(2)   Evacuate Collection Set: 2.9ms
[2022-03-30T23:36:34.520+0800][1.938s] GC(2)   Post Evacuate Collection Set: 0.3ms
[2022-03-30T23:36:34.520+0800][1.938s] GC(2)   Other: 0.5ms
[2022-03-30T23:36:34.520+0800][1.938s] GC(2) Eden regions: 53->0(88)
[2022-03-30T23:36:34.520+0800][1.938s] GC(2) Survivor regions: 5->6(8)
[2022-03-30T23:36:34.520+0800][1.938s] GC(2) Old regions: 10->16
[2022-03-30T23:36:34.520+0800][1.938s] GC(2) Archive regions: 0->0
[2022-03-30T23:36:34.520+0800][1.938s] GC(2) Humongous regions: 4->4
[2022-03-30T23:36:34.520+0800][1.938s] GC(2) Metaspace: 21258K(21504K)->21258K(21504K) NonClass: 18852K(18944K)->18852K(18944K) Class: 2405K(2560K)->2405K(2560K)
[2022-03-30T23:36:34.520+0800][1.938s] GC(2) Pause Young (Concurrent Start) (Metadata GC Threshold) 71M->25M(512M) 3.999ms
[2022-03-30T23:36:34.520+0800][1.938s] GC(2) User=0.00s Sys=0.00s Real=0.01s
[2022-03-30T23:36:34.520+0800][1.938s] GC(3) Concurrent Mark Cycle
[2022-03-30T23:36:34.520+0800][1.938s] GC(3) Concurrent Clear Claimed Marks
[2022-03-30T23:36:34.520+0800][1.938s] GC(3) Concurrent Clear Claimed Marks 0.017ms
[2022-03-30T23:36:34.520+0800][1.938s] GC(3) Concurrent Scan Root Regions
[2022-03-30T23:36:34.522+0800][1.940s] GC(3) Concurrent Scan Root Regions 1.801ms
[2022-03-30T23:36:34.522+0800][1.940s] GC(3) Concurrent Mark
[2022-03-30T23:36:34.522+0800][1.940s] GC(3) Concurrent Mark From Roots
[2022-03-30T23:36:34.522+0800][1.940s] GC(3) Using 2 workers of 2 for marking
[2022-03-30T23:36:34.526+0800][1.947s] GC(3) Concurrent Mark From Roots 7.095ms
[2022-03-30T23:36:34.526+0800][1.947s] GC(3) Concurrent Preclean
[2022-03-30T23:36:34.526+0800][1.947s] GC(3) Concurrent Preclean 0.057ms
[2022-03-30T23:36:34.526+0800][1.947s] GC(3) Pause Remark
[2022-03-30T23:36:34.530+0800][1.948s] GC(3) Pause Remark 26M->26M(512M) 0.903ms
[2022-03-30T23:36:34.530+0800][1.948s] GC(3) User=0.00s Sys=0.00s Real=0.00s
[2022-03-30T23:36:34.530+0800][1.948s] GC(3) Concurrent Mark 8.229ms
[2022-03-30T23:36:34.530+0800][1.948s] GC(3) Concurrent Rebuild Remembered Sets
[2022-03-30T23:36:34.531+0800][1.955s] GC(3) Concurrent Rebuild Remembered Sets 7.153ms
[2022-03-30T23:36:34.531+0800][1.955s] GC(3) Pause Cleanup
[2022-03-30T23:36:34.531+0800][1.955s] GC(3) Pause Cleanup 27M->27M(512M) 0.098ms
[2022-03-30T23:36:34.531+0800][1.955s] GC(3) User=0.00s Sys=0.00s Real=0.00s
[2022-03-30T23:36:34.531+0800][1.955s] GC(3) Concurrent Cleanup for Next Mark
[2022-03-30T23:36:34.531+0800][1.956s] GC(3) Concurrent Cleanup for Next Mark 0.224ms
[2022-03-30T23:36:34.531+0800][1.956s] GC(3) Concurrent Mark Cycle 17.906ms
[2022-03-30T23:36:36.190+0800][3.607s] GC(4) Pause Young (Normal) (G1 Evacuation Pause)
[2022-03-30T23:36:36.190+0800][3.607s] GC(4) Using 8 workers of 8 for evacuation
[2022-03-30T23:36:36.195+0800][3.613s] GC(4)   Pre Evacuate Collection Set: 0.1ms
[2022-03-30T23:36:36.195+0800][3.613s] GC(4)   Merge Heap Roots: 0.1ms
[2022-03-30T23:36:36.195+0800][3.613s] GC(4)   Evacuate Collection Set: 5.0ms
[2022-03-30T23:36:36.195+0800][3.613s] GC(4)   Post Evacuate Collection Set: 0.5ms
[2022-03-30T23:36:36.195+0800][3.613s] GC(4)   Other: 0.2ms
[2022-03-30T23:36:36.195+0800][3.613s] GC(4) Eden regions: 88->0(295)
[2022-03-30T23:36:36.195+0800][3.613s] GC(4) Survivor regions: 6->12(12)
[2022-03-30T23:36:36.195+0800][3.613s] GC(4) Old regions: 16->17
[2022-03-30T23:36:36.195+0800][3.613s] GC(4) Archive regions: 0->0
[2022-03-30T23:36:36.195+0800][3.613s] GC(4) Humongous regions: 5->4
[2022-03-30T23:36:36.195+0800][3.613s] GC(4) Metaspace: 35813K(36096K)->35813K(36096K) NonClass: 31611K(31744K)->31611K(31744K) Class: 4201K(4352K)->4201K(4352K)
[2022-03-30T23:36:36.195+0800][3.613s] GC(4) Pause Young (Normal) (G1 Evacuation Pause) 114M->32M(512M) 6.022ms
[2022-03-30T23:36:36.195+0800][3.613s] GC(4) User=0.06s Sys=0.05s Real=0.00s
[2022-03-30T23:36:36.212+0800][3.630s] GC(5) Pause Young (Concurrent Start) (Metadata GC Threshold)
[2022-03-30T23:36:36.212+0800][3.630s] GC(5) Using 8 workers of 8 for evacuation
[2022-03-30T23:36:36.217+0800][3.634s] GC(5)   Pre Evacuate Collection Set: 0.1ms
[2022-03-30T23:36:36.217+0800][3.634s] GC(5)   Merge Heap Roots: 0.0ms
[2022-03-30T23:36:36.217+0800][3.634s] GC(5)   Evacuate Collection Set: 3.9ms
[2022-03-30T23:36:36.217+0800][3.634s] GC(5)   Post Evacuate Collection Set: 0.4ms
[2022-03-30T23:36:36.217+0800][3.634s] GC(5)   Other: 0.2ms
[2022-03-30T23:36:36.217+0800][3.634s] GC(5) Eden regions: 3->0(295)
[2022-03-30T23:36:36.217+0800][3.634s] GC(5) Survivor regions: 12->12(39)
[2022-03-30T23:36:36.217+0800][3.634s] GC(5) Old regions: 17->17
[2022-03-30T23:36:36.217+0800][3.634s] GC(5) Archive regions: 0->0
[2022-03-30T23:36:36.217+0800][3.634s] GC(5) Humongous regions: 4->4
[2022-03-30T23:36:36.217+0800][3.635s] GC(5) Metaspace: 35995K(36288K)->35995K(36288K) NonClass: 31757K(31872K)->31757K(31872K) Class: 4237K(4416K)->4237K(4416K)
[2022-03-30T23:36:36.217+0800][3.635s] GC(5) Pause Young (Concurrent Start) (Metadata GC Threshold) 35M->32M(512M) 4.861ms
[2022-03-30T23:36:36.217+0800][3.635s] GC(5) User=0.00s Sys=0.00s Real=0.01s
[2022-03-30T23:36:36.217+0800][3.635s] GC(6) Concurrent Mark Cycle
[2022-03-30T23:36:36.218+0800][3.635s] GC(6) Concurrent Clear Claimed Marks
[2022-03-30T23:36:36.218+0800][3.635s] GC(6) Concurrent Clear Claimed Marks 0.033ms
[2022-03-30T23:36:36.218+0800][3.635s] GC(6) Concurrent Scan Root Regions
[2022-03-30T23:36:36.221+0800][3.638s] GC(6) Concurrent Scan Root Regions 3.733ms
[2022-03-30T23:36:36.221+0800][3.639s] GC(6) Concurrent Mark
[2022-03-30T23:36:36.221+0800][3.639s] GC(6) Concurrent Mark From Roots
[2022-03-30T23:36:36.221+0800][3.639s] GC(6) Using 2 workers of 2 for marking
[2022-03-30T23:36:36.242+0800][3.659s] GC(6) Concurrent Mark From Roots 20.420ms
[2022-03-30T23:36:36.242+0800][3.659s] GC(6) Concurrent Preclean
[2022-03-30T23:36:36.242+0800][3.659s] GC(6) Concurrent Preclean 0.140ms
[2022-03-30T23:36:36.242+0800][3.659s] GC(6) Pause Remark
[2022-03-30T23:36:36.244+0800][3.662s] GC(6) Pause Remark 35M->35M(512M) 2.256ms
[2022-03-30T23:36:36.244+0800][3.662s] GC(6) User=0.00s Sys=0.00s Real=0.00s
[2022-03-30T23:36:36.244+0800][3.662s] GC(6) Concurrent Mark 23.192ms
[2022-03-30T23:36:36.244+0800][3.662s] GC(6) Concurrent Rebuild Remembered Sets
[2022-03-30T23:36:36.255+0800][3.672s] GC(6) Concurrent Rebuild Remembered Sets 10.437ms
[2022-03-30T23:36:36.255+0800][3.672s] GC(6) Pause Cleanup
[2022-03-30T23:36:36.255+0800][3.672s] GC(6) Pause Cleanup 36M->36M(512M) 0.156ms
[2022-03-30T23:36:36.255+0800][3.673s] GC(6) User=0.00s Sys=0.00s Real=0.00s
[2022-03-30T23:36:36.255+0800][3.673s] GC(6) Concurrent Cleanup for Next Mark
[2022-03-30T23:36:36.256+0800][3.673s] GC(6) Concurrent Cleanup for Next Mark 0.320ms
[2022-03-30T23:36:36.256+0800][3.673s] GC(6) Concurrent Mark Cycle 38.434ms
[2022-03-30T23:37:24.394+0800][51.811s] GC(7) Pause Young (Normal) (G1 Evacuation Pause)
[2022-03-30T23:37:24.394+0800][51.811s] GC(7) Using 8 workers of 8 for evacuation
[2022-03-30T23:37:24.480+0800][51.897s] GC(7) To-space exhausted
[2022-03-30T23:37:24.480+0800][51.897s] GC(7)   Pre Evacuate Collection Set: 0.1ms
[2022-03-30T23:37:24.480+0800][51.897s] GC(7)   Merge Heap Roots: 0.3ms
[2022-03-30T23:37:24.480+0800][51.897s] GC(7)   Evacuate Collection Set: 69.8ms
[2022-03-30T23:37:24.480+0800][51.897s] GC(7)   Post Evacuate Collection Set: 16.0ms
[2022-03-30T23:37:24.480+0800][51.897s] GC(7)   Other: 0.4ms
[2022-03-30T23:37:24.480+0800][51.897s] GC(7) Eden regions: 295->0(90)
[2022-03-30T23:37:24.480+0800][51.898s] GC(7) Survivor regions: 12->39(39)
[2022-03-30T23:37:24.480+0800][51.898s] GC(7) Old regions: 17->231
[2022-03-30T23:37:24.480+0800][51.898s] GC(7) Archive regions: 0->0
[2022-03-30T23:37:24.480+0800][51.898s] GC(7) Humongous regions: 80->29
[2022-03-30T23:37:24.480+0800][51.898s] GC(7) Metaspace: 47295K(47680K)->47295K(47680K) NonClass: 41611K(41792K)->41611K(41792K) Class: 5683K(5888K)->5683K(5888K)
[2022-03-30T23:37:24.480+0800][51.898s] GC(7) Pause Young (Normal) (G1 Evacuation Pause) 403M->299M(512M) 87.075ms
[2022-03-30T23:37:24.480+0800][51.898s] GC(7) User=0.75s Sys=0.00s Real=0.09s
[2022-03-30T23:37:39.399+0800][66.820s] GC(8) Pause Young (Concurrent Start) (G1 Humongous Allocation)
[2022-03-30T23:37:39.399+0800][66.821s] GC(8) Using 8 workers of 8 for evacuation
[2022-03-30T23:37:39.423+0800][66.841s] GC(8)   Pre Evacuate Collection Set: 0.3ms
[2022-03-30T23:37:39.424+0800][66.841s] GC(8)   Merge Heap Roots: 0.3ms
[2022-03-30T23:37:39.424+0800][66.841s] GC(8)   Evacuate Collection Set: 19.1ms
[2022-03-30T23:37:39.424+0800][66.841s] GC(8)   Post Evacuate Collection Set: 0.4ms
[2022-03-30T23:37:39.424+0800][66.841s] GC(8)   Other: 0.2ms
[2022-03-30T23:37:39.424+0800][66.841s] GC(8) Eden regions: 22->0(77)
[2022-03-30T23:37:39.424+0800][66.841s] GC(8) Survivor regions: 39->10(15)
[2022-03-30T23:37:39.424+0800][66.841s] GC(8) Old regions: 231->272
[2022-03-30T23:37:39.424+0800][66.841s] GC(8) Archive regions: 0->0
[2022-03-30T23:37:39.424+0800][66.841s] GC(8) Humongous regions: 29->29
[2022-03-30T23:37:39.424+0800][66.841s] GC(8) Metaspace: 48852K(49216K)->48852K(49216K) NonClass: 42968K(43136K)->42968K(43136K) Class: 5884K(6080K)->5884K(6080K)
[2022-03-30T23:37:39.424+0800][66.841s] GC(8) Pause Young (Concurrent Start) (G1 Humongous Allocation) 320M->310M(512M) 20.485ms
[2022-03-30T23:37:39.424+0800][66.841s] GC(8) User=0.12s Sys=0.00s Real=0.03s
[2022-03-30T23:37:39.424+0800][66.841s] GC(9) Concurrent Mark Cycle
[2022-03-30T23:37:39.424+0800][66.841s] GC(9) Concurrent Clear Claimed Marks
[2022-03-30T23:37:39.424+0800][66.841s] GC(9) Concurrent Clear Claimed Marks 0.035ms
[2022-03-30T23:37:39.424+0800][66.841s] GC(9) Concurrent Scan Root Regions
[2022-03-30T23:37:39.424+0800][66.853s] GC(9) Concurrent Scan Root Regions 11.878ms
[2022-03-30T23:37:39.424+0800][66.853s] GC(9) Concurrent Mark
[2022-03-30T23:37:39.424+0800][66.853s] GC(9) Concurrent Mark From Roots
[2022-03-30T23:37:39.424+0800][66.853s] GC(9) Using 2 workers of 2 for marking
[2022-03-30T23:37:39.524+0800][66.944s] GC(9) Concurrent Mark From Roots 90.390ms
[2022-03-30T23:37:39.524+0800][66.944s] GC(9) Concurrent Preclean
[2022-03-30T23:37:39.524+0800][66.944s] GC(9) Concurrent Preclean 0.089ms
[2022-03-30T23:37:39.524+0800][66.944s] GC(9) Pause Remark
[2022-03-30T23:37:39.524+0800][66.945s] GC(9) Pause Remark 398M->391M(512M) 1.508ms
[2022-03-30T23:37:39.524+0800][66.945s] GC(9) User=0.00s Sys=0.00s Real=0.00s
[2022-03-30T23:37:39.524+0800][66.945s] GC(9) Concurrent Mark 92.212ms
[2022-03-30T23:37:39.524+0800][66.945s] GC(9) Concurrent Rebuild Remembered Sets
[2022-03-30T23:37:39.540+0800][66.958s] GC(10) Pause Young (Normal) (G1 Evacuation Pause)
[2022-03-30T23:37:39.540+0800][66.958s] GC(10) Using 8 workers of 8 for evacuation
[2022-03-30T23:37:39.571+0800][66.988s] GC(10)   Pre Evacuate Collection Set: 0.1ms
[2022-03-30T23:37:39.571+0800][66.988s] GC(10)   Merge Heap Roots: 0.1ms
[2022-03-30T23:37:39.571+0800][66.988s] GC(10)   Evacuate Collection Set: 29.3ms
[2022-03-30T23:37:39.571+0800][66.988s] GC(10)   Post Evacuate Collection Set: 0.3ms
[2022-03-30T23:37:39.571+0800][66.988s] GC(10)   Other: 0.1ms
[2022-03-30T23:37:39.571+0800][66.988s] GC(10) Eden regions: 77->0(47)
[2022-03-30T23:37:39.571+0800][66.988s] GC(10) Survivor regions: 10->11(11)
[2022-03-30T23:37:39.571+0800][66.988s] GC(10) Old regions: 269->312
[2022-03-30T23:37:39.571+0800][66.988s] GC(10) Archive regions: 0->0
[2022-03-30T23:37:39.571+0800][66.988s] GC(10) Humongous regions: 51->36
[2022-03-30T23:37:39.571+0800][66.988s] GC(10) Metaspace: 48854K(49216K)->48854K(49216K) NonClass: 42969K(43136K)->42969K(43136K) Class: 5884K(6080K)->5884K(6080K)
[2022-03-30T23:37:39.571+0800][66.988s] GC(10) Pause Young (Normal) (G1 Evacuation Pause) 406M->358M(512M) 30.188ms
[2022-03-30T23:37:39.571+0800][66.988s] GC(10) User=0.14s Sys=0.00s Real=0.03s
[2022-03-30T23:37:39.624+0800][67.048s] GC(9) Concurrent Rebuild Remembered Sets 102.813ms
[2022-03-30T23:37:39.624+0800][67.048s] GC(9) Pause Cleanup
[2022-03-30T23:37:39.624+0800][67.049s] GC(9) Pause Cleanup 390M->390M(512M) 0.162ms
[2022-03-30T23:37:39.624+0800][67.049s] GC(9) User=0.00s Sys=0.00s Real=0.00s
[2022-03-30T23:37:39.624+0800][67.049s] GC(9) Concurrent Cleanup for Next Mark
[2022-03-30T23:37:39.624+0800][67.049s] GC(9) Concurrent Cleanup for Next Mark 0.260ms
[2022-03-30T23:37:39.624+0800][67.049s] GC(9) Concurrent Mark Cycle 207.783ms
[2022-03-30T23:37:39.652+0800][67.070s] GC(11) Pause Young (Prepare Mixed) (G1 Evacuation Pause)
[2022-03-30T23:37:39.652+0800][67.070s] GC(11) Using 8 workers of 8 for evacuation
[2022-03-30T23:37:39.675+0800][67.092s] GC(11)   Pre Evacuate Collection Set: 0.0ms
[2022-03-30T23:37:39.675+0800][67.092s] GC(11)   Merge Heap Roots: 0.3ms
[2022-03-30T23:37:39.675+0800][67.092s] GC(11)   Evacuate Collection Set: 21.8ms
[2022-03-30T23:37:39.675+0800][67.092s] GC(11)   Post Evacuate Collection Set: 0.3ms
[2022-03-30T23:37:39.675+0800][67.093s] GC(11)   Other: 0.1ms
[2022-03-30T23:37:39.675+0800][67.093s] GC(11) Eden regions: 47->0(17)
[2022-03-30T23:37:39.675+0800][67.093s] GC(11) Survivor regions: 11->8(8)
[2022-03-30T23:37:39.675+0800][67.093s] GC(11) Old regions: 312->344
[2022-03-30T23:37:39.675+0800][67.093s] GC(11) Archive regions: 0->0
[2022-03-30T23:37:39.675+0800][67.093s] GC(11) Humongous regions: 39->39
[2022-03-30T23:37:39.675+0800][67.093s] GC(11) Metaspace: 48854K(49216K)->48854K(49216K) NonClass: 42969K(43136K)->42969K(43136K) Class: 5884K(6080K)->5884K(6080K)
[2022-03-30T23:37:39.675+0800][67.093s] GC(11) Pause Young (Prepare Mixed) (G1 Evacuation Pause) 408M->390M(512M) 22.805ms
[2022-03-30T23:37:39.676+0800][67.093s] GC(11) User=0.12s Sys=0.00s Real=0.02s
[2022-03-30T23:37:39.710+0800][67.132s] GC(12) Pause Young (Mixed) (G1 Evacuation Pause)
[2022-03-30T23:37:39.710+0800][67.132s] GC(12) Using 8 workers of 8 for evacuation
[2022-03-30T23:37:39.730+0800][67.148s] GC(12)   Pre Evacuate Collection Set: 0.1ms
[2022-03-30T23:37:39.730+0800][67.148s] GC(12)   Merge Heap Roots: 0.3ms
[2022-03-30T23:37:39.730+0800][67.148s] GC(12)   Evacuate Collection Set: 14.8ms
[2022-03-30T23:37:39.730+0800][67.148s] GC(12)   Post Evacuate Collection Set: 0.3ms
[2022-03-30T23:37:39.730+0800][67.148s] GC(12)   Other: 0.3ms
[2022-03-30T23:37:39.730+0800][67.148s] GC(12) Eden regions: 17->0(21)
[2022-03-30T23:37:39.730+0800][67.148s] GC(12) Survivor regions: 8->4(4)
[2022-03-30T23:37:39.730+0800][67.148s] GC(12) Old regions: 344->310
[2022-03-30T23:37:39.730+0800][67.148s] GC(12) Archive regions: 0->0
[2022-03-30T23:37:39.730+0800][67.148s] GC(12) Humongous regions: 39->39
[2022-03-30T23:37:39.730+0800][67.148s] GC(12) Metaspace: 48897K(49280K)->48897K(49280K) NonClass: 43005K(43200K)->43005K(43200K) Class: 5892K(6080K)->5892K(6080K)
[2022-03-30T23:37:39.730+0800][67.148s] GC(12) Pause Young (Mixed) (G1 Evacuation Pause) 407M->353M(512M) 16.074ms
[2022-03-30T23:37:39.731+0800][67.148s] GC(12) User=0.12s Sys=0.00s Real=0.02s
[2022-03-30T23:37:39.894+0800][67.312s] GC(13) Pause Young (Mixed) (G1 Evacuation Pause)
[2022-03-30T23:37:39.894+0800][67.312s] GC(13) Using 8 workers of 8 for evacuation
[2022-03-30T23:37:39.906+0800][67.325s] GC(13)   Pre Evacuate Collection Set: 0.1ms
[2022-03-30T23:37:39.906+0800][67.325s] GC(13)   Merge Heap Roots: 0.1ms
[2022-03-30T23:37:39.906+0800][67.325s] GC(13)   Evacuate Collection Set: 12.5ms
[2022-03-30T23:37:39.906+0800][67.325s] GC(13)   Post Evacuate Collection Set: 0.3ms
[2022-03-30T23:37:39.906+0800][67.325s] GC(13)   Other: 0.1ms
[2022-03-30T23:37:39.906+0800][67.325s] GC(13) Eden regions: 21->0(24)
[2022-03-30T23:37:39.906+0800][67.325s] GC(13) Survivor regions: 4->1(4)
[2022-03-30T23:37:39.906+0800][67.325s] GC(13) Old regions: 310->268
[2022-03-30T23:37:39.906+0800][67.325s] GC(13) Archive regions: 0->0
[2022-03-30T23:37:39.906+0800][67.325s] GC(13) Humongous regions: 39->39
[2022-03-30T23:37:39.906+0800][67.325s] GC(13) Metaspace: 49223K(49600K)->49223K(49600K) NonClass: 43317K(43520K)->43317K(43520K) Class: 5905K(6080K)->5905K(6080K)
[2022-03-30T23:37:39.906+0800][67.325s] GC(13) Pause Young (Mixed) (G1 Evacuation Pause) 374M->307M(512M) 13.311ms
[2022-03-30T23:37:39.906+0800][67.325s] GC(13) User=0.11s Sys=0.00s Real=0.01s
[2022-03-30T23:37:40.019+0800][67.436s] GC(14) Pause Young (Mixed) (G1 Evacuation Pause)
[2022-03-30T23:37:40.019+0800][67.436s] GC(14) Using 8 workers of 8 for evacuation
[2022-03-30T23:37:40.021+0800][67.439s] GC(14)   Pre Evacuate Collection Set: 0.1ms
[2022-03-30T23:37:40.021+0800][67.439s] GC(14)   Merge Heap Roots: 0.0ms
[2022-03-30T23:37:40.021+0800][67.439s] GC(14)   Evacuate Collection Set: 2.3ms
[2022-03-30T23:37:40.021+0800][67.439s] GC(14)   Post Evacuate Collection Set: 0.2ms
[2022-03-30T23:37:40.021+0800][67.439s] GC(14)   Other: 0.2ms
[2022-03-30T23:37:40.021+0800][67.439s] GC(14) Eden regions: 24->0(76)
[2022-03-30T23:37:40.021+0800][67.439s] GC(14) Survivor regions: 1->1(4)
[2022-03-30T23:37:40.021+0800][67.439s] GC(14) Old regions: 268->259
[2022-03-30T23:37:40.021+0800][67.439s] GC(14) Archive regions: 0->0
[2022-03-30T23:37:40.021+0800][67.439s] GC(14) Humongous regions: 39->39
[2022-03-30T23:37:40.021+0800][67.439s] GC(14) Metaspace: 49374K(49728K)->49374K(49728K) NonClass: 43468K(43648K)->43468K(43648K) Class: 5906K(6080K)->5906K(6080K)
[2022-03-30T23:37:40.021+0800][67.439s] GC(14) Pause Young (Mixed) (G1 Evacuation Pause) 331M->298M(512M) 3.048ms
[2022-03-30T23:37:40.021+0800][67.439s] GC(14) User=0.00s Sys=0.00s Real=0.00s
[2022-03-30T23:37:40.336+0800][67.763s] GC(15) Pause Young (Concurrent Start) (G1 Evacuation Pause)
[2022-03-30T23:37:40.336+0800][67.763s] GC(15) Using 8 workers of 8 for evacuation
[2022-03-30T23:37:40.336+0800][67.765s] GC(15)   Pre Evacuate Collection Set: 0.1ms
[2022-03-30T23:37:40.336+0800][67.765s] GC(15)   Merge Heap Roots: 0.1ms
[2022-03-30T23:37:40.336+0800][67.765s] GC(15)   Evacuate Collection Set: 0.6ms
[2022-03-30T23:37:40.336+0800][67.765s] GC(15)   Post Evacuate Collection Set: 0.3ms
[2022-03-30T23:37:40.336+0800][67.765s] GC(15)   Other: 0.3ms
[2022-03-30T23:37:40.336+0800][67.765s] GC(15) Eden regions: 76->0(85)
[2022-03-30T23:37:40.336+0800][67.765s] GC(15) Survivor regions: 1->1(10)
[2022-03-30T23:37:40.336+0800][67.765s] GC(15) Old regions: 259->259
[2022-03-30T23:37:40.336+0800][67.765s] GC(15) Archive regions: 0->0
[2022-03-30T23:37:40.336+0800][67.765s] GC(15) Humongous regions: 39->39
[2022-03-30T23:37:40.336+0800][67.765s] GC(15) Metaspace: 49549K(49920K)->49549K(49920K) NonClass: 43642K(43840K)->43642K(43840K) Class: 5906K(6080K)->5906K(6080K)
[2022-03-30T23:37:40.336+0800][67.765s] GC(15) Pause Young (Concurrent Start) (G1 Evacuation Pause) 374M->298M(512M) 1.547ms
[2022-03-30T23:37:40.336+0800][67.765s] GC(15) User=0.00s Sys=0.00s Real=0.00s
[2022-03-30T23:37:40.336+0800][67.765s] GC(16) Concurrent Mark Cycle
[2022-03-30T23:37:40.336+0800][67.765s] GC(16) Concurrent Clear Claimed Marks
[2022-03-30T23:37:40.336+0800][67.765s] GC(16) Concurrent Clear Claimed Marks 0.023ms
[2022-03-30T23:37:40.336+0800][67.765s] GC(16) Concurrent Scan Root Regions
[2022-03-30T23:37:40.336+0800][67.766s] GC(16) Concurrent Scan Root Regions 0.589ms
[2022-03-30T23:37:40.336+0800][67.766s] GC(16) Concurrent Mark
[2022-03-30T23:37:40.336+0800][67.766s] GC(16) Concurrent Mark From Roots
[2022-03-30T23:37:40.336+0800][67.766s] GC(16) Using 2 workers of 2 for marking
[2022-03-30T23:37:40.680+0800][68.105s] GC(16) Concurrent Mark From Roots 339.551ms
[2022-03-30T23:37:40.680+0800][68.105s] GC(16) Concurrent Preclean
[2022-03-30T23:37:40.680+0800][68.105s] GC(16) Concurrent Preclean 0.177ms
[2022-03-30T23:37:40.688+0800][68.106s] GC(16) Pause Remark
[2022-03-30T23:37:40.691+0800][68.108s] GC(16) Pause Remark 358M->339M(512M) 2.858ms
[2022-03-30T23:37:40.691+0800][68.108s] GC(16) User=0.00s Sys=0.00s Real=0.00s
[2022-03-30T23:37:40.691+0800][68.109s] GC(16) Concurrent Mark 342.976ms
[2022-03-30T23:37:40.691+0800][68.109s] GC(16) Concurrent Rebuild Remembered Sets
[2022-03-30T23:37:40.833+0800][68.250s] GC(17) Pause Young (Normal) (G1 Evacuation Pause)
[2022-03-30T23:37:40.833+0800][68.250s] GC(17) Using 8 workers of 8 for evacuation
[2022-03-30T23:37:40.833+0800][68.252s] GC(17)   Pre Evacuate Collection Set: 0.1ms
[2022-03-30T23:37:40.833+0800][68.252s] GC(17)   Merge Heap Roots: 0.1ms
[2022-03-30T23:37:40.833+0800][68.252s] GC(17)   Evacuate Collection Set: 0.8ms
[2022-03-30T23:37:40.833+0800][68.252s] GC(17)   Post Evacuate Collection Set: 0.3ms
[2022-03-30T23:37:40.833+0800][68.252s] GC(17)   Other: 0.2ms
[2022-03-30T23:37:40.833+0800][68.252s] GC(17) Eden regions: 85->0(102)
[2022-03-30T23:37:40.833+0800][68.252s] GC(17) Survivor regions: 1->1(11)
[2022-03-30T23:37:40.833+0800][68.252s] GC(17) Old regions: 259->259
[2022-03-30T23:37:40.833+0800][68.252s] GC(17) Archive regions: 0->0
[2022-03-30T23:37:40.833+0800][68.252s] GC(17) Humongous regions: 20->20
[2022-03-30T23:37:40.833+0800][68.252s] GC(17) Metaspace: 49619K(49984K)->49619K(49984K) NonClass: 43713K(43904K)->43713K(43904K) Class: 5906K(6080K)->5906K(6080K)
[2022-03-30T23:37:40.833+0800][68.252s] GC(17) Pause Young (Normal) (G1 Evacuation Pause) 364M->279M(512M) 1.623ms
[2022-03-30T23:37:40.833+0800][68.252s] GC(17) User=0.00s Sys=0.00s Real=0.00s
[2022-03-30T23:37:40.855+0800][68.273s] GC(16) Concurrent Rebuild Remembered Sets 164.206ms
[2022-03-30T23:37:40.856+0800][68.273s] GC(16) Pause Cleanup
[2022-03-30T23:37:40.856+0800][68.273s] GC(16) Pause Cleanup 285M->285M(512M) 0.197ms
[2022-03-30T23:37:40.856+0800][68.273s] GC(16) User=0.00s Sys=0.00s Real=0.00s
[2022-03-30T23:37:40.856+0800][68.273s] GC(16) Concurrent Cleanup for Next Mark
[2022-03-30T23:37:40.856+0800][68.274s] GC(16) Concurrent Cleanup for Next Mark 0.318ms
[2022-03-30T23:37:40.856+0800][68.274s] GC(16) Concurrent Mark Cycle 508.739ms
[2022-03-30T23:37:41.322+0800][68.739s] GC(18) Pause Young (Prepare Mixed) (G1 Evacuation Pause)
[2022-03-30T23:37:41.322+0800][68.739s] GC(18) Using 8 workers of 8 for evacuation
[2022-03-30T23:37:41.323+0800][68.741s] GC(18)   Pre Evacuate Collection Set: 0.1ms
[2022-03-30T23:37:41.324+0800][68.741s] GC(18)   Merge Heap Roots: 0.1ms
[2022-03-30T23:37:41.324+0800][68.741s] GC(18)   Evacuate Collection Set: 0.9ms
[2022-03-30T23:37:41.324+0800][68.741s] GC(18)   Post Evacuate Collection Set: 0.4ms
[2022-03-30T23:37:41.324+0800][68.741s] GC(18)   Other: 0.2ms
[2022-03-30T23:37:41.324+0800][68.741s] GC(18) Eden regions: 102->0(24)
[2022-03-30T23:37:41.324+0800][68.741s] GC(18) Survivor regions: 1->1(13)
[2022-03-30T23:37:41.324+0800][68.741s] GC(18) Old regions: 259->259
[2022-03-30T23:37:41.324+0800][68.741s] GC(18) Archive regions: 0->0
[2022-03-30T23:37:41.324+0800][68.741s] GC(18) Humongous regions: 20->20
[2022-03-30T23:37:41.324+0800][68.741s] GC(18) Metaspace: 49667K(49984K)->49667K(49984K) NonClass: 43761K(43904K)->43761K(43904K) Class: 5906K(6080K)->5906K(6080K)
[2022-03-30T23:37:41.324+0800][68.741s] GC(18) Pause Young (Prepare Mixed) (G1 Evacuation Pause) 381M->279M(512M) 2.004ms
[2022-03-30T23:37:41.324+0800][68.741s] GC(18) User=0.00s Sys=0.00s Real=0.00s
[2022-03-30T23:37:41.442+0800][68.859s] GC(19) Pause Young (Mixed) (G1 Evacuation Pause)
[2022-03-30T23:37:41.442+0800][68.859s] GC(19) Using 8 workers of 8 for evacuation
[2022-03-30T23:37:41.444+0800][68.861s] GC(19)   Pre Evacuate Collection Set: 0.1ms
[2022-03-30T23:37:41.444+0800][68.862s] GC(19)   Merge Heap Roots: 0.1ms
[2022-03-30T23:37:41.444+0800][68.862s] GC(19)   Evacuate Collection Set: 1.9ms
[2022-03-30T23:37:41.444+0800][68.862s] GC(19)   Post Evacuate Collection Set: 0.3ms
[2022-03-30T23:37:41.444+0800][68.862s] GC(19)   Other: 0.3ms
[2022-03-30T23:37:41.444+0800][68.862s] GC(19) Eden regions: 24->0(118)
[2022-03-30T23:37:41.444+0800][68.862s] GC(19) Survivor regions: 1->1(4)
[2022-03-30T23:37:41.444+0800][68.862s] GC(19) Old regions: 259->249
[2022-03-30T23:37:41.444+0800][68.862s] GC(19) Archive regions: 0->0
[2022-03-30T23:37:41.444+0800][68.862s] GC(19) Humongous regions: 20->20
[2022-03-30T23:37:41.444+0800][68.862s] GC(19) Metaspace: 49716K(50112K)->49716K(50112K) NonClass: 43810K(44032K)->43810K(44032K) Class: 5906K(6080K)->5906K(6080K)
[2022-03-30T23:37:41.444+0800][68.862s] GC(19) Pause Young (Mixed) (G1 Evacuation Pause) 303M->269M(512M) 2.781ms
[2022-03-30T23:37:41.444+0800][68.862s] GC(19) User=0.03s Sys=0.00s Real=0.00s
[2022-03-30T23:37:41.885+0800][69.308s] GC(20) Pause Young (Concurrent Start) (G1 Evacuation Pause)
[2022-03-30T23:37:41.885+0800][69.308s] GC(20) Using 8 workers of 8 for evacuation
[2022-03-30T23:37:41.885+0800][69.309s] GC(20)   Pre Evacuate Collection Set: 0.1ms
[2022-03-30T23:37:41.885+0800][69.309s] GC(20)   Merge Heap Roots: 0.0ms
[2022-03-30T23:37:41.885+0800][69.309s] GC(20)   Evacuate Collection Set: 0.8ms
[2022-03-30T23:37:41.885+0800][69.309s] GC(20)   Post Evacuate Collection Set: 0.3ms
[2022-03-30T23:37:41.885+0800][69.309s] GC(20)   Other: 0.2ms
[2022-03-30T23:37:41.885+0800][69.309s] GC(20) Eden regions: 118->0(126)
[2022-03-30T23:37:41.885+0800][69.309s] GC(20) Survivor regions: 1->2(15)
[2022-03-30T23:37:41.885+0800][69.309s] GC(20) Old regions: 249->249
[2022-03-30T23:37:41.885+0800][69.309s] GC(20) Archive regions: 0->0
[2022-03-30T23:37:41.885+0800][69.310s] GC(20) Humongous regions: 20->20
[2022-03-30T23:37:41.885+0800][69.310s] GC(20) Metaspace: 49747K(50112K)->49747K(50112K) NonClass: 43840K(44032K)->43840K(44032K) Class: 5906K(6080K)->5906K(6080K)
[2022-03-30T23:37:41.885+0800][69.310s] GC(20) Pause Young (Concurrent Start) (G1 Evacuation Pause) 387M->269M(512M) 1.643ms
[2022-03-30T23:37:41.885+0800][69.310s] GC(20) User=0.00s Sys=0.00s Real=0.00s
[2022-03-30T23:37:41.885+0800][69.310s] GC(21) Concurrent Mark Cycle
[2022-03-30T23:37:41.885+0800][69.310s] GC(21) Concurrent Clear Claimed Marks
[2022-03-30T23:37:41.885+0800][69.310s] GC(21) Concurrent Clear Claimed Marks 0.033ms
[2022-03-30T23:37:41.885+0800][69.310s] GC(21) Concurrent Scan Root Regions
[2022-03-30T23:37:41.885+0800][69.310s] GC(21) Concurrent Scan Root Regions 0.589ms
[2022-03-30T23:37:41.885+0800][69.310s] GC(21) Concurrent Mark
[2022-03-30T23:37:41.885+0800][69.310s] GC(21) Concurrent Mark From Roots
[2022-03-30T23:37:41.885+0800][69.310s] GC(21) Using 2 workers of 2 for marking
[2022-03-30T23:37:42.190+0800][69.608s] GC(21) Concurrent Mark From Roots 297.758ms
[2022-03-30T23:37:42.190+0800][69.608s] GC(21) Concurrent Preclean
[2022-03-30T23:37:42.190+0800][69.608s] GC(21) Concurrent Preclean 0.174ms
[2022-03-30T23:37:42.191+0800][69.609s] GC(21) Pause Remark
[2022-03-30T23:37:42.193+0800][69.611s] GC(21) Pause Remark 346M->346M(512M) 2.692ms
[2022-03-30T23:37:42.193+0800][69.611s] GC(21) User=0.00s Sys=0.00s Real=0.00s
[2022-03-30T23:37:42.193+0800][69.611s] GC(21) Concurrent Mark 300.983ms
[2022-03-30T23:37:42.193+0800][69.611s] GC(21) Concurrent Rebuild Remembered Sets
[2022-03-30T23:37:42.342+0800][69.766s] GC(21) Concurrent Rebuild Remembered Sets 154.680ms
[2022-03-30T23:37:42.349+0800][69.766s] GC(21) Pause Cleanup
[2022-03-30T23:37:42.349+0800][69.767s] GC(21) Pause Cleanup 384M->384M(512M) 0.232ms
[2022-03-30T23:37:42.349+0800][69.767s] GC(21) User=0.00s Sys=0.00s Real=0.00s
[2022-03-30T23:37:42.349+0800][69.767s] GC(21) Concurrent Cleanup for Next Mark
[2022-03-30T23:37:42.350+0800][69.767s] GC(21) Concurrent Cleanup for Next Mark 0.373ms
[2022-03-30T23:37:42.350+0800][69.767s] GC(21) Concurrent Mark Cycle 457.380ms
[2022-03-30T23:37:42.375+0800][69.800s] GC(22) Pause Young (Prepare Mixed) (G1 Evacuation Pause)
[2022-03-30T23:37:42.375+0800][69.800s] GC(22) Using 8 workers of 8 for evacuation
[2022-03-30T23:37:42.385+0800][69.802s] GC(22)   Pre Evacuate Collection Set: 0.1ms
[2022-03-30T23:37:42.385+0800][69.802s] GC(22)   Merge Heap Roots: 0.1ms
[2022-03-30T23:37:42.385+0800][69.802s] GC(22)   Evacuate Collection Set: 1.2ms
[2022-03-30T23:37:42.385+0800][69.802s] GC(22)   Post Evacuate Collection Set: 0.4ms
[2022-03-30T23:37:42.385+0800][69.802s] GC(22)   Other: 0.2ms
[2022-03-30T23:37:42.385+0800][69.802s] GC(22) Eden regions: 126->0(23)
[2022-03-30T23:37:42.385+0800][69.802s] GC(22) Survivor regions: 2->2(16)
[2022-03-30T23:37:42.385+0800][69.802s] GC(22) Old regions: 249->249
[2022-03-30T23:37:42.385+0800][69.802s] GC(22) Archive regions: 0->0
[2022-03-30T23:37:42.385+0800][69.802s] GC(22) Humongous regions: 20->20
[2022-03-30T23:37:42.385+0800][69.802s] GC(22) Metaspace: 49807K(50176K)->49807K(50176K) NonClass: 43901K(44096K)->43901K(44096K) Class: 5906K(6080K)->5906K(6080K)
[2022-03-30T23:37:42.385+0800][69.802s] GC(22) Pause Young (Prepare Mixed) (G1 Evacuation Pause) 395M->269M(512M) 2.169ms
[2022-03-30T23:37:42.385+0800][69.802s] GC(22) User=0.05s Sys=0.00s Real=0.01s
[2022-03-30T23:37:42.454+0800][69.877s] GC(23) Pause Young (Mixed) (G1 Evacuation Pause)
[2022-03-30T23:37:42.454+0800][69.877s] GC(23) Using 8 workers of 8 for evacuation
[2022-03-30T23:37:42.463+0800][69.880s] GC(23)   Pre Evacuate Collection Set: 0.1ms
[2022-03-30T23:37:42.463+0800][69.880s] GC(23)   Merge Heap Roots: 0.0ms
[2022-03-30T23:37:42.463+0800][69.880s] GC(23)   Evacuate Collection Set: 1.8ms
[2022-03-30T23:37:42.463+0800][69.880s] GC(23)   Post Evacuate Collection Set: 0.4ms
[2022-03-30T23:37:42.463+0800][69.880s] GC(23)   Other: 0.2ms
[2022-03-30T23:37:42.463+0800][69.880s] GC(23) Eden regions: 23->0(140)
[2022-03-30T23:37:42.463+0800][69.880s] GC(23) Survivor regions: 2->2(4)
[2022-03-30T23:37:42.463+0800][69.880s] GC(23) Old regions: 249->244
[2022-03-30T23:37:42.463+0800][69.880s] GC(23) Archive regions: 0->0
[2022-03-30T23:37:42.463+0800][69.880s] GC(23) Humongous regions: 20->20
[2022-03-30T23:37:42.463+0800][69.880s] GC(23) Metaspace: 49808K(50176K)->49808K(50176K) NonClass: 43901K(44096K)->43901K(44096K) Class: 5906K(6080K)->5906K(6080K)
[2022-03-30T23:37:42.463+0800][69.880s] GC(23) Pause Young (Mixed) (G1 Evacuation Pause) 292M->265M(512M) 2.840ms
[2022-03-30T23:37:42.463+0800][69.880s] GC(23) User=0.03s Sys=0.02s Real=0.01s
[2022-03-30T23:37:42.850+0800][70.270s] GC(24) Pause Young (Concurrent Start) (G1 Evacuation Pause)
[2022-03-30T23:37:42.850+0800][70.270s] GC(24) Using 8 workers of 8 for evacuation
[2022-03-30T23:37:42.855+0800][70.272s] GC(24)   Pre Evacuate Collection Set: 0.1ms
[2022-03-30T23:37:42.855+0800][70.272s] GC(24)   Merge Heap Roots: 0.1ms
[2022-03-30T23:37:42.855+0800][70.272s] GC(24)   Evacuate Collection Set: 1.1ms
[2022-03-30T23:37:42.855+0800][70.272s] GC(24)   Post Evacuate Collection Set: 0.4ms
[2022-03-30T23:37:42.855+0800][70.272s] GC(24)   Other: 0.2ms
[2022-03-30T23:37:42.855+0800][70.272s] GC(24) Eden regions: 140->0(148)
[2022-03-30T23:37:42.855+0800][70.272s] GC(24) Survivor regions: 2->2(18)
[2022-03-30T23:37:42.855+0800][70.272s] GC(24) Old regions: 244->244
[2022-03-30T23:37:42.855+0800][70.272s] GC(24) Archive regions: 0->0
[2022-03-30T23:37:42.855+0800][70.272s] GC(24) Humongous regions: 20->20
[2022-03-30T23:37:42.855+0800][70.272s] GC(24) Metaspace: 49870K(50240K)->49870K(50240K) NonClass: 43963K(44160K)->43963K(44160K) Class: 5907K(6080K)->5907K(6080K)
[2022-03-30T23:37:42.855+0800][70.272s] GC(24) Pause Young (Concurrent Start) (G1 Evacuation Pause) 405M->265M(512M) 1.949ms
[2022-03-30T23:37:42.855+0800][70.272s] GC(24) User=0.00s Sys=0.00s Real=0.01s
[2022-03-30T23:37:42.855+0800][70.272s] GC(25) Concurrent Mark Cycle
[2022-03-30T23:37:42.855+0800][70.272s] GC(25) Concurrent Clear Claimed Marks
[2022-03-30T23:37:42.855+0800][70.272s] GC(25) Concurrent Clear Claimed Marks 0.031ms
[2022-03-30T23:37:42.855+0800][70.272s] GC(25) Concurrent Scan Root Regions
[2022-03-30T23:37:42.855+0800][70.273s] GC(25) Concurrent Scan Root Regions 0.608ms
[2022-03-30T23:37:42.855+0800][70.273s] GC(25) Concurrent Mark
[2022-03-30T23:37:42.855+0800][70.273s] GC(25) Concurrent Mark From Roots
[2022-03-30T23:37:42.855+0800][70.273s] GC(25) Using 2 workers of 2 for marking
[2022-03-30T23:37:43.156+0800][70.576s] GC(25) Concurrent Mark From Roots 303.087ms
[2022-03-30T23:37:43.156+0800][70.576s] GC(25) Concurrent Preclean
[2022-03-30T23:37:43.156+0800][70.576s] GC(25) Concurrent Preclean 0.133ms
[2022-03-30T23:37:43.156+0800][70.576s] GC(25) Pause Remark
[2022-03-30T23:37:43.161+0800][70.579s] GC(25) Pause Remark 361M->361M(512M) 2.218ms
[2022-03-30T23:37:43.161+0800][70.579s] GC(25) User=0.00s Sys=0.00s Real=0.01s
[2022-03-30T23:37:43.161+0800][70.579s] GC(25) Concurrent Mark 305.721ms
[2022-03-30T23:37:43.161+0800][70.579s] GC(25) Concurrent Rebuild Remembered Sets
[2022-03-30T23:37:43.293+0800][70.710s] GC(25) Concurrent Rebuild Remembered Sets 131.064ms
[2022-03-30T23:37:43.293+0800][70.710s] GC(25) Pause Cleanup
[2022-03-30T23:37:43.293+0800][70.710s] GC(25) Pause Cleanup 405M->405M(512M) 0.137ms
[2022-03-30T23:37:43.293+0800][70.710s] GC(25) User=0.00s Sys=0.00s Real=0.00s
[2022-03-30T23:37:43.293+0800][70.710s] GC(25) Concurrent Cleanup for Next Mark
[2022-03-30T23:37:43.293+0800][70.711s] GC(25) Concurrent Cleanup for Next Mark 0.438ms
[2022-03-30T23:37:43.293+0800][70.711s] GC(25) Concurrent Mark Cycle 438.437ms
[2022-03-30T23:37:43.309+0800][70.730s] GC(26) Pause Young (Prepare Mixed) (G1 Evacuation Pause)
[2022-03-30T23:37:43.309+0800][70.730s] GC(26) Using 8 workers of 8 for evacuation
[2022-03-30T23:37:43.309+0800][70.732s] GC(26)   Pre Evacuate Collection Set: 0.1ms
[2022-03-30T23:37:43.309+0800][70.732s] GC(26)   Merge Heap Roots: 0.1ms
[2022-03-30T23:37:43.309+0800][70.732s] GC(26)   Evacuate Collection Set: 1.0ms
[2022-03-30T23:37:43.309+0800][70.732s] GC(26)   Post Evacuate Collection Set: 0.3ms
[2022-03-30T23:37:43.309+0800][70.732s] GC(26)   Other: 0.2ms
[2022-03-30T23:37:43.309+0800][70.732s] GC(26) Eden regions: 148->0(23)
[2022-03-30T23:37:43.309+0800][70.732s] GC(26) Survivor regions: 2->2(19)
[2022-03-30T23:37:43.309+0800][70.732s] GC(26) Old regions: 244->244
[2022-03-30T23:37:43.309+0800][70.732s] GC(26) Archive regions: 0->0
[2022-03-30T23:37:43.309+0800][70.732s] GC(26) Humongous regions: 20->20
[2022-03-30T23:37:43.309+0800][70.732s] GC(26) Metaspace: 49877K(50240K)->49877K(50240K) NonClass: 43969K(44160K)->43969K(44160K) Class: 5907K(6080K)->5907K(6080K)
[2022-03-30T23:37:43.309+0800][70.732s] GC(26) Pause Young (Prepare Mixed) (G1 Evacuation Pause) 413M->265M(512M) 1.813ms
[2022-03-30T23:37:43.309+0800][70.732s] GC(26) User=0.00s Sys=0.00s Real=0.00s
[2022-03-30T23:37:43.359+0800][70.782s] GC(27) Pause Young (Mixed) (G1 Evacuation Pause)
[2022-03-30T23:37:43.359+0800][70.782s] GC(27) Using 8 workers of 8 for evacuation
[2022-03-30T23:37:43.367+0800][70.784s] GC(27)   Pre Evacuate Collection Set: 0.1ms
[2022-03-30T23:37:43.367+0800][70.784s] GC(27)   Merge Heap Roots: 0.1ms
[2022-03-30T23:37:43.367+0800][70.784s] GC(27)   Evacuate Collection Set: 1.5ms
[2022-03-30T23:37:43.367+0800][70.784s] GC(27)   Post Evacuate Collection Set: 0.3ms
[2022-03-30T23:37:43.367+0800][70.784s] GC(27)   Other: 0.2ms
[2022-03-30T23:37:43.367+0800][70.784s] GC(27) Eden regions: 23->0(159)
[2022-03-30T23:37:43.367+0800][70.784s] GC(27) Survivor regions: 2->2(4)
[2022-03-30T23:37:43.367+0800][70.784s] GC(27) Old regions: 244->241
[2022-03-30T23:37:43.367+0800][70.784s] GC(27) Archive regions: 0->0
[2022-03-30T23:37:43.367+0800][70.784s] GC(27) Humongous regions: 20->20
[2022-03-30T23:37:43.367+0800][70.784s] GC(27) Metaspace: 49877K(50240K)->49877K(50240K) NonClass: 43969K(44160K)->43969K(44160K) Class: 5907K(6080K)->5907K(6080K)
[2022-03-30T23:37:43.367+0800][70.784s] GC(27) Pause Young (Mixed) (G1 Evacuation Pause) 288M->262M(512M) 2.312ms
[2022-03-30T23:37:43.367+0800][70.784s] GC(27) User=0.03s Sys=0.00s Real=0.01s
[2022-03-30T23:37:43.684+0800][71.108s] GC(28) Pause Young (Normal) (G1 Evacuation Pause)
[2022-03-30T23:37:43.684+0800][71.108s] GC(28) Using 8 workers of 8 for evacuation
[2022-03-30T23:37:43.692+0800][71.110s] GC(28)   Pre Evacuate Collection Set: 0.1ms
[2022-03-30T23:37:43.692+0800][71.110s] GC(28)   Merge Heap Roots: 0.1ms
[2022-03-30T23:37:43.692+0800][71.110s] GC(28)   Evacuate Collection Set: 0.9ms
[2022-03-30T23:37:43.692+0800][71.110s] GC(28)   Post Evacuate Collection Set: 0.3ms
[2022-03-30T23:37:43.692+0800][71.110s] GC(28)   Other: 0.1ms
[2022-03-30T23:37:43.692+0800][71.110s] GC(28) Eden regions: 159->0(164)
[2022-03-30T23:37:43.692+0800][71.110s] GC(28) Survivor regions: 2->3(21)
[2022-03-30T23:37:43.692+0800][71.110s] GC(28) Old regions: 241->241
[2022-03-30T23:37:43.692+0800][71.110s] GC(28) Archive regions: 0->0
[2022-03-30T23:37:43.692+0800][71.110s] GC(28) Humongous regions: 20->20
[2022-03-30T23:37:43.692+0800][71.110s] GC(28) Metaspace: 49884K(50240K)->49884K(50240K) NonClass: 43976K(44160K)->43976K(44160K) Class: 5907K(6080K)->5907K(6080K)
[2022-03-30T23:37:43.692+0800][71.110s] GC(28) Pause Young (Normal) (G1 Evacuation Pause) 421M->262M(512M) 1.623ms
[2022-03-30T23:37:43.692+0800][71.110s] GC(28) User=0.00s Sys=0.00s Real=0.01s
[2022-03-30T23:37:43.968+0800][71.386s] GC(29) Pause Young (Normal) (G1 Evacuation Pause)
[2022-03-30T23:37:43.968+0800][71.386s] GC(29) Using 8 workers of 8 for evacuation
[2022-03-30T23:37:43.970+0800][71.387s] GC(29)   Pre Evacuate Collection Set: 0.1ms
[2022-03-30T23:37:43.970+0800][71.387s] GC(29)   Merge Heap Roots: 0.0ms
[2022-03-30T23:37:43.970+0800][71.387s] GC(29)   Evacuate Collection Set: 0.8ms
[2022-03-30T23:37:43.970+0800][71.387s] GC(29)   Post Evacuate Collection Set: 0.4ms
[2022-03-30T23:37:43.970+0800][71.387s] GC(29)   Other: 0.1ms
[2022-03-30T23:37:43.970+0800][71.387s] GC(29) Eden regions: 164->0(169)
[2022-03-30T23:37:43.970+0800][71.387s] GC(29) Survivor regions: 3->3(21)
[2022-03-30T23:37:43.970+0800][71.387s] GC(29) Old regions: 241->241
[2022-03-30T23:37:43.970+0800][71.387s] GC(29) Archive regions: 0->0
[2022-03-30T23:37:43.970+0800][71.387s] GC(29) Humongous regions: 20->20
[2022-03-30T23:37:43.970+0800][71.387s] GC(29) Metaspace: 49889K(50240K)->49889K(50240K) NonClass: 43982K(44160K)->43982K(44160K) Class: 5907K(6080K)->5907K(6080K)
[2022-03-30T23:37:43.970+0800][71.387s] GC(29) Pause Young (Normal) (G1 Evacuation Pause) 426M->262M(512M) 1.585ms
[2022-03-30T23:37:43.970+0800][71.387s] GC(29) User=0.00s Sys=0.00s Real=0.00s
[2022-03-30T23:37:44.252+0800][71.673s] GC(30) Pause Young (Concurrent Start) (G1 Evacuation Pause)
[2022-03-30T23:37:44.252+0800][71.673s] GC(30) Using 8 workers of 8 for evacuation
[2022-03-30T23:37:44.258+0800][71.675s] GC(30)   Pre Evacuate Collection Set: 0.1ms
[2022-03-30T23:37:44.258+0800][71.675s] GC(30)   Merge Heap Roots: 0.1ms
[2022-03-30T23:37:44.258+0800][71.675s] GC(30)   Evacuate Collection Set: 0.8ms
[2022-03-30T23:37:44.258+0800][71.675s] GC(30)   Post Evacuate Collection Set: 0.4ms
[2022-03-30T23:37:44.258+0800][71.675s] GC(30)   Other: 0.2ms
[2022-03-30T23:37:44.258+0800][71.675s] GC(30) Eden regions: 169->0(173)
[2022-03-30T23:37:44.258+0800][71.675s] GC(30) Survivor regions: 3->3(22)
[2022-03-30T23:37:44.258+0800][71.675s] GC(30) Old regions: 241->241
[2022-03-30T23:37:44.258+0800][71.675s] GC(30) Archive regions: 0->0
[2022-03-30T23:37:44.258+0800][71.675s] GC(30) Humongous regions: 20->20
[2022-03-30T23:37:44.258+0800][71.675s] GC(30) Metaspace: 49895K(50240K)->49895K(50240K) NonClass: 43987K(44160K)->43987K(44160K) Class: 5907K(6080K)->5907K(6080K)
[2022-03-30T23:37:44.258+0800][71.675s] GC(30) Pause Young (Concurrent Start) (G1 Evacuation Pause) 431M->262M(512M) 1.642ms
[2022-03-30T23:37:44.258+0800][71.675s] GC(30) User=0.12s Sys=0.00s Real=0.01s
[2022-03-30T23:37:44.258+0800][71.675s] GC(31) Concurrent Mark Cycle
[2022-03-30T23:37:44.258+0800][71.675s] GC(31) Concurrent Clear Claimed Marks
[2022-03-30T23:37:44.258+0800][71.675s] GC(31) Concurrent Clear Claimed Marks 0.016ms
[2022-03-30T23:37:44.258+0800][71.675s] GC(31) Concurrent Scan Root Regions
[2022-03-30T23:37:44.258+0800][71.675s] GC(31) Concurrent Scan Root Regions 0.533ms
[2022-03-30T23:37:44.258+0800][71.675s] GC(31) Concurrent Mark
[2022-03-30T23:37:44.258+0800][71.676s] GC(31) Concurrent Mark From Roots
[2022-03-30T23:37:44.258+0800][71.676s] GC(31) Using 2 workers of 2 for marking
[2022-03-30T23:37:44.458+0800][71.883s] GC(31) Concurrent Mark From Roots 207.803ms
[2022-03-30T23:37:44.458+0800][71.883s] GC(31) Concurrent Preclean
[2022-03-30T23:37:44.458+0800][71.883s] GC(31) Concurrent Preclean 0.116ms
[2022-03-30T23:37:44.458+0800][71.884s] GC(31) Pause Remark
[2022-03-30T23:37:44.458+0800][71.885s] GC(31) Pause Remark 350M->350M(512M) 1.787ms
[2022-03-30T23:37:44.458+0800][71.885s] GC(31) User=0.00s Sys=0.00s Real=0.00s
[2022-03-30T23:37:44.458+0800][71.885s] GC(31) Concurrent Mark 210.000ms
[2022-03-30T23:37:44.458+0800][71.886s] GC(31) Concurrent Rebuild Remembered Sets
[2022-03-30T23:37:44.574+0800][72.003s] GC(31) Concurrent Rebuild Remembered Sets 117.373ms
[2022-03-30T23:37:44.574+0800][72.003s] GC(31) Pause Cleanup
[2022-03-30T23:37:44.574+0800][72.003s] GC(31) Pause Cleanup 400M->400M(512M) 0.148ms
[2022-03-30T23:37:44.574+0800][72.003s] GC(31) User=0.00s Sys=0.00s Real=0.00s
[2022-03-30T23:37:44.574+0800][72.003s] GC(31) Concurrent Cleanup for Next Mark
[2022-03-30T23:37:44.574+0800][72.004s] GC(31) Concurrent Cleanup for Next Mark 0.444ms
[2022-03-30T23:37:44.574+0800][72.004s] GC(31) Concurrent Mark Cycle 328.911ms
[2022-03-30T23:37:44.657+0800][72.077s] GC(32) Pause Young (Prepare Mixed) (G1 Evacuation Pause)
[2022-03-30T23:37:44.657+0800][72.077s] GC(32) Using 8 workers of 8 for evacuation
[2022-03-30T23:37:44.657+0800][72.078s] GC(32)   Pre Evacuate Collection Set: 0.1ms
[2022-03-30T23:37:44.657+0800][72.078s] GC(32)   Merge Heap Roots: 0.1ms
[2022-03-30T23:37:44.657+0800][72.078s] GC(32)   Evacuate Collection Set: 0.9ms
[2022-03-30T23:37:44.657+0800][72.078s] GC(32)   Post Evacuate Collection Set: 0.4ms
[2022-03-30T23:37:44.657+0800][72.078s] GC(32)   Other: 0.1ms
[2022-03-30T23:37:44.657+0800][72.078s] GC(32) Eden regions: 173->0(22)
[2022-03-30T23:37:44.657+0800][72.078s] GC(32) Survivor regions: 3->3(22)
[2022-03-30T23:37:44.657+0800][72.078s] GC(32) Old regions: 241->241
[2022-03-30T23:37:44.657+0800][72.078s] GC(32) Archive regions: 0->0
[2022-03-30T23:37:44.657+0800][72.078s] GC(32) Humongous regions: 20->20
[2022-03-30T23:37:44.657+0800][72.078s] GC(32) Metaspace: 49895K(50240K)->49895K(50240K) NonClass: 43987K(44160K)->43987K(44160K) Class: 5907K(6080K)->5907K(6080K)
[2022-03-30T23:37:44.657+0800][72.078s] GC(32) Pause Young (Prepare Mixed) (G1 Evacuation Pause) 435M->263M(512M) 1.625ms
[2022-03-30T23:37:44.657+0800][72.078s] GC(32) User=0.00s Sys=0.00s Real=0.00s
[2022-03-30T23:37:44.697+0800][72.117s] GC(33) Pause Young (Mixed) (G1 Evacuation Pause)
[2022-03-30T23:37:44.697+0800][72.117s] GC(33) Using 8 workers of 8 for evacuation
[2022-03-30T23:37:44.697+0800][72.119s] GC(33)   Pre Evacuate Collection Set: 0.1ms
[2022-03-30T23:37:44.697+0800][72.119s] GC(33)   Merge Heap Roots: 0.2ms
[2022-03-30T23:37:44.697+0800][72.119s] GC(33)   Evacuate Collection Set: 1.3ms
[2022-03-30T23:37:44.697+0800][72.119s] GC(33)   Post Evacuate Collection Set: 0.3ms
[2022-03-30T23:37:44.697+0800][72.119s] GC(33)   Other: 0.2ms
[2022-03-30T23:37:44.697+0800][72.119s] GC(33) Eden regions: 22->0(178)
[2022-03-30T23:37:44.697+0800][72.120s] GC(33) Survivor regions: 3->3(4)
[2022-03-30T23:37:44.697+0800][72.120s] GC(33) Old regions: 241->239
[2022-03-30T23:37:44.697+0800][72.120s] GC(33) Archive regions: 0->0
[2022-03-30T23:37:44.697+0800][72.120s] GC(33) Humongous regions: 20->20
[2022-03-30T23:37:44.697+0800][72.120s] GC(33) Metaspace: 49895K(50240K)->49895K(50240K) NonClass: 43987K(44160K)->43987K(44160K) Class: 5907K(6080K)->5907K(6080K)
[2022-03-30T23:37:44.697+0800][72.120s] GC(33) Pause Young (Mixed) (G1 Evacuation Pause) 285M->260M(512M) 2.199ms
[2022-03-30T23:37:44.697+0800][72.120s] GC(33) User=0.00s Sys=0.00s Real=0.00s
[2022-03-30T23:37:45.007+0800][72.425s] GC(34) Pause Young (Normal) (G1 Evacuation Pause)
[2022-03-30T23:37:45.007+0800][72.425s] GC(34) Using 8 workers of 8 for evacuation
[2022-03-30T23:37:45.009+0800][72.427s] GC(34)   Pre Evacuate Collection Set: 0.1ms
[2022-03-30T23:37:45.009+0800][72.427s] GC(34)   Merge Heap Roots: 0.1ms
[2022-03-30T23:37:45.009+0800][72.427s] GC(34)   Evacuate Collection Set: 0.4ms
[2022-03-30T23:37:45.009+0800][72.427s] GC(34)   Post Evacuate Collection Set: 0.5ms
[2022-03-30T23:37:45.009+0800][72.427s] GC(34)   Other: 0.1ms
[2022-03-30T23:37:45.009+0800][72.427s] GC(34) Eden regions: 178->0(181)
[2022-03-30T23:37:45.009+0800][72.427s] GC(34) Survivor regions: 3->3(23)
[2022-03-30T23:37:45.009+0800][72.427s] GC(34) Old regions: 239->239
[2022-03-30T23:37:45.009+0800][72.427s] GC(34) Archive regions: 0->0
[2022-03-30T23:37:45.009+0800][72.427s] GC(34) Humongous regions: 20->20
[2022-03-30T23:37:45.009+0800][72.427s] GC(34) Metaspace: 49899K(50240K)->49899K(50240K) NonClass: 43992K(44160K)->43992K(44160K) Class: 5907K(6080K)->5907K(6080K)
[2022-03-30T23:37:45.009+0800][72.427s] GC(34) Pause Young (Normal) (G1 Evacuation Pause) 438M->260M(512M) 1.370ms
[2022-03-30T23:37:45.009+0800][72.427s] GC(34) User=0.00s Sys=0.00s Real=0.00s
[2022-03-30T23:37:45.299+0800][72.722s] GC(35) Pause Young (Normal) (G1 Evacuation Pause)
[2022-03-30T23:37:45.299+0800][72.722s] GC(35) Using 8 workers of 8 for evacuation
[2022-03-30T23:37:45.299+0800][72.724s] GC(35)   Pre Evacuate Collection Set: 0.1ms
[2022-03-30T23:37:45.299+0800][72.724s] GC(35)   Merge Heap Roots: 0.1ms
[2022-03-30T23:37:45.299+0800][72.724s] GC(35)   Evacuate Collection Set: 0.5ms
[2022-03-30T23:37:45.299+0800][72.724s] GC(35)   Post Evacuate Collection Set: 0.5ms
[2022-03-30T23:37:45.299+0800][72.724s] GC(35)   Other: 0.1ms
[2022-03-30T23:37:45.299+0800][72.724s] GC(35) Eden regions: 181->0(183)
[2022-03-30T23:37:45.299+0800][72.724s] GC(35) Survivor regions: 3->3(23)
[2022-03-30T23:37:45.299+0800][72.724s] GC(35) Old regions: 239->239
[2022-03-30T23:37:45.299+0800][72.724s] GC(35) Archive regions: 0->0
[2022-03-30T23:37:45.299+0800][72.724s] GC(35) Humongous regions: 20->20
[2022-03-30T23:37:45.299+0800][72.724s] GC(35) Metaspace: 49899K(50240K)->49899K(50240K) NonClass: 43992K(44160K)->43992K(44160K) Class: 5907K(6080K)->5907K(6080K)
[2022-03-30T23:37:45.299+0800][72.724s] GC(35) Pause Young (Normal) (G1 Evacuation Pause) 441M->260M(512M) 1.395ms
[2022-03-30T23:37:45.299+0800][72.724s] GC(35) User=0.00s Sys=0.00s Real=0.00s
[2022-03-30T23:37:45.571+0800][72.990s] GC(36) Pause Young (Concurrent Start) (G1 Evacuation Pause)
[2022-03-30T23:37:45.571+0800][72.990s] GC(36) Using 8 workers of 8 for evacuation
[2022-03-30T23:37:45.574+0800][72.991s] GC(36)   Pre Evacuate Collection Set: 0.1ms
[2022-03-30T23:37:45.574+0800][72.991s] GC(36)   Merge Heap Roots: 0.1ms
[2022-03-30T23:37:45.574+0800][72.991s] GC(36)   Evacuate Collection Set: 0.6ms
[2022-03-30T23:37:45.574+0800][72.991s] GC(36)   Post Evacuate Collection Set: 0.4ms
[2022-03-30T23:37:45.574+0800][72.991s] GC(36)   Other: 0.2ms
[2022-03-30T23:37:45.574+0800][72.991s] GC(36) Eden regions: 183->0(185)
[2022-03-30T23:37:45.574+0800][72.991s] GC(36) Survivor regions: 3->3(24)
[2022-03-30T23:37:45.574+0800][72.991s] GC(36) Old regions: 239->239
[2022-03-30T23:37:45.574+0800][72.991s] GC(36) Archive regions: 0->0
[2022-03-30T23:37:45.574+0800][72.991s] GC(36) Humongous regions: 20->20
[2022-03-30T23:37:45.574+0800][72.991s] GC(36) Metaspace: 49899K(50240K)->49899K(50240K) NonClass: 43992K(44160K)->43992K(44160K) Class: 5907K(6080K)->5907K(6080K)
[2022-03-30T23:37:45.574+0800][72.991s] GC(36) Pause Young (Concurrent Start) (G1 Evacuation Pause) 443M->261M(512M) 1.461ms
[2022-03-30T23:37:45.574+0800][72.991s] GC(36) User=0.00s Sys=0.00s Real=0.00s
[2022-03-30T23:37:45.574+0800][72.991s] GC(37) Concurrent Mark Cycle
[2022-03-30T23:37:45.574+0800][72.991s] GC(37) Concurrent Clear Claimed Marks
[2022-03-30T23:37:45.574+0800][72.991s] GC(37) Concurrent Clear Claimed Marks 0.016ms
[2022-03-30T23:37:45.574+0800][72.991s] GC(37) Concurrent Scan Root Regions
[2022-03-30T23:37:45.574+0800][72.992s] GC(37) Concurrent Scan Root Regions 0.572ms
[2022-03-30T23:37:45.574+0800][72.992s] GC(37) Concurrent Mark
[2022-03-30T23:37:45.574+0800][72.992s] GC(37) Concurrent Mark From Roots
[2022-03-30T23:37:45.574+0800][72.992s] GC(37) Using 2 workers of 2 for marking
[2022-03-30T23:37:45.758+0800][73.176s] GC(37) Concurrent Mark From Roots 184.159ms
[2022-03-30T23:37:45.758+0800][73.176s] GC(37) Concurrent Preclean
[2022-03-30T23:37:45.758+0800][73.176s] GC(37) Concurrent Preclean 0.111ms
[2022-03-30T23:37:45.758+0800][73.176s] GC(37) Pause Remark
[2022-03-30T23:37:45.758+0800][73.178s] GC(37) Pause Remark 351M->351M(512M) 1.948ms
[2022-03-30T23:37:45.758+0800][73.178s] GC(37) User=0.00s Sys=0.00s Real=0.00s
[2022-03-30T23:37:45.758+0800][73.178s] GC(37) Concurrent Mark 186.513ms
[2022-03-30T23:37:45.758+0800][73.178s] GC(37) Concurrent Rebuild Remembered Sets
[2022-03-30T23:37:45.849+0800][73.270s] GC(37) Concurrent Rebuild Remembered Sets 91.453ms
[2022-03-30T23:37:45.849+0800][73.270s] GC(37) Pause Cleanup
[2022-03-30T23:37:45.849+0800][73.270s] GC(37) Pause Cleanup 387M->387M(512M) 0.150ms
[2022-03-30T23:37:45.849+0800][73.270s] GC(37) User=0.00s Sys=0.00s Real=0.00s
[2022-03-30T23:37:45.849+0800][73.270s] GC(37) Concurrent Cleanup for Next Mark
[2022-03-30T23:37:45.849+0800][73.271s] GC(37) Concurrent Cleanup for Next Mark 0.255ms
[2022-03-30T23:37:45.849+0800][73.271s] GC(37) Concurrent Mark Cycle 279.347ms
[2022-03-30T23:37:45.962+0800][73.381s] GC(38) Pause Young (Prepare Mixed) (G1 Evacuation Pause)
[2022-03-30T23:37:45.962+0800][73.381s] GC(38) Using 8 workers of 8 for evacuation
[2022-03-30T23:37:45.965+0800][73.383s] GC(38)   Pre Evacuate Collection Set: 0.1ms
[2022-03-30T23:37:45.965+0800][73.383s] GC(38)   Merge Heap Roots: 0.1ms
[2022-03-30T23:37:45.965+0800][73.383s] GC(38)   Evacuate Collection Set: 0.7ms
[2022-03-30T23:37:45.965+0800][73.383s] GC(38)   Post Evacuate Collection Set: 0.4ms
[2022-03-30T23:37:45.965+0800][73.383s] GC(38)   Other: 0.2ms
[2022-03-30T23:37:45.965+0800][73.383s] GC(38) Eden regions: 185->0(21)
[2022-03-30T23:37:45.965+0800][73.383s] GC(38) Survivor regions: 3->4(24)
[2022-03-30T23:37:45.965+0800][73.383s] GC(38) Old regions: 239->239
[2022-03-30T23:37:45.965+0800][73.383s] GC(38) Archive regions: 0->0
[2022-03-30T23:37:45.965+0800][73.383s] GC(38) Humongous regions: 20->20
[2022-03-30T23:37:45.965+0800][73.383s] GC(38) Metaspace: 49921K(50240K)->49921K(50240K) NonClass: 44013K(44160K)->44013K(44160K) Class: 5907K(6080K)->5907K(6080K)
[2022-03-30T23:37:45.965+0800][73.383s] GC(38) Pause Young (Prepare Mixed) (G1 Evacuation Pause) 446M->261M(512M) 1.516ms
[2022-03-30T23:37:45.965+0800][73.383s] GC(38) User=0.00s Sys=0.00s Real=0.00s
[2022-03-30T23:37:46.014+0800][73.431s] GC(39) Pause Young (Mixed) (G1 Evacuation Pause)
[2022-03-30T23:37:46.014+0800][73.431s] GC(39) Using 8 workers of 8 for evacuation
[2022-03-30T23:37:46.016+0800][73.433s] GC(39)   Pre Evacuate Collection Set: 0.1ms
[2022-03-30T23:37:46.016+0800][73.433s] GC(39)   Merge Heap Roots: 0.0ms
[2022-03-30T23:37:46.016+0800][73.433s] GC(39)   Evacuate Collection Set: 1.4ms
[2022-03-30T23:37:46.016+0800][73.433s] GC(39)   Post Evacuate Collection Set: 0.3ms
[2022-03-30T23:37:46.016+0800][73.433s] GC(39)   Other: 0.1ms
[2022-03-30T23:37:46.016+0800][73.433s] GC(39) Eden regions: 21->0(187)
[2022-03-30T23:37:46.016+0800][73.433s] GC(39) Survivor regions: 4->3(4)
[2022-03-30T23:37:46.016+0800][73.433s] GC(39) Old regions: 239->238
[2022-03-30T23:37:46.016+0800][73.433s] GC(39) Archive regions: 0->0
[2022-03-30T23:37:46.016+0800][73.433s] GC(39) Humongous regions: 20->20
[2022-03-30T23:37:46.016+0800][73.433s] GC(39) Metaspace: 49921K(50240K)->49921K(50240K) NonClass: 44013K(44160K)->44013K(44160K) Class: 5907K(6080K)->5907K(6080K)
[2022-03-30T23:37:46.016+0800][73.433s] GC(39) Pause Young (Mixed) (G1 Evacuation Pause) 282M->259M(512M) 2.107ms
[2022-03-30T23:37:46.016+0800][73.433s] GC(39) User=0.00s Sys=0.00s Real=0.00s
[2022-03-30T23:37:46.320+0800][73.737s] GC(40) Pause Young (Normal) (G1 Evacuation Pause)
[2022-03-30T23:37:46.320+0800][73.738s] GC(40) Using 8 workers of 8 for evacuation
[2022-03-30T23:37:46.321+0800][73.739s] GC(40)   Pre Evacuate Collection Set: 0.1ms
[2022-03-30T23:37:46.321+0800][73.739s] GC(40)   Merge Heap Roots: 0.1ms
[2022-03-30T23:37:46.321+0800][73.739s] GC(40)   Evacuate Collection Set: 0.5ms
[2022-03-30T23:37:46.321+0800][73.739s] GC(40)   Post Evacuate Collection Set: 0.5ms
[2022-03-30T23:37:46.321+0800][73.739s] GC(40)   Other: 0.1ms
[2022-03-30T23:37:46.321+0800][73.739s] GC(40) Eden regions: 187->0(189)
[2022-03-30T23:37:46.321+0800][73.739s] GC(40) Survivor regions: 3->3(24)
[2022-03-30T23:37:46.321+0800][73.739s] GC(40) Old regions: 238->238
[2022-03-30T23:37:46.321+0800][73.739s] GC(40) Archive regions: 0->0
[2022-03-30T23:37:46.321+0800][73.739s] GC(40) Humongous regions: 20->20
[2022-03-30T23:37:46.321+0800][73.739s] GC(40) Metaspace: 49952K(50304K)->49952K(50304K) NonClass: 44044K(44224K)->44044K(44224K) Class: 5907K(6080K)->5907K(6080K)
[2022-03-30T23:37:46.321+0800][73.739s] GC(40) Pause Young (Normal) (G1 Evacuation Pause) 446M->260M(512M) 1.376ms
[2022-03-30T23:37:46.321+0800][73.739s] GC(40) User=0.00s Sys=0.00s Real=0.00s
[2022-03-30T23:37:46.602+0800][74.029s] GC(41) Pause Young (Normal) (G1 Evacuation Pause)
[2022-03-30T23:37:46.602+0800][74.029s] GC(41) Using 8 workers of 8 for evacuation
[2022-03-30T23:37:46.613+0800][74.030s] GC(41)   Pre Evacuate Collection Set: 0.1ms
[2022-03-30T23:37:46.613+0800][74.030s] GC(41)   Merge Heap Roots: 0.1ms
[2022-03-30T23:37:46.613+0800][74.030s] GC(41)   Evacuate Collection Set: 0.5ms
[2022-03-30T23:37:46.613+0800][74.030s] GC(41)   Post Evacuate Collection Set: 0.4ms
[2022-03-30T23:37:46.613+0800][74.030s] GC(41)   Other: 0.1ms
[2022-03-30T23:37:46.613+0800][74.030s] GC(41) Eden regions: 189->0(190)
[2022-03-30T23:37:46.613+0800][74.030s] GC(41) Survivor regions: 3->3(24)
[2022-03-30T23:37:46.613+0800][74.030s] GC(41) Old regions: 238->238
[2022-03-30T23:37:46.613+0800][74.030s] GC(41) Archive regions: 0->0
[2022-03-30T23:37:46.613+0800][74.030s] GC(41) Humongous regions: 20->20
[2022-03-30T23:37:46.613+0800][74.030s] GC(41) Metaspace: 49952K(50304K)->49952K(50304K) NonClass: 44044K(44224K)->44044K(44224K) Class: 5907K(6080K)->5907K(6080K)
[2022-03-30T23:37:46.613+0800][74.030s] GC(41) Pause Young (Normal) (G1 Evacuation Pause) 449M->260M(512M) 1.355ms
[2022-03-30T23:37:46.613+0800][74.030s] GC(41) User=0.00s Sys=0.00s Real=0.01s
[2022-03-30T23:37:46.899+0800][74.320s] GC(42) Pause Young (Concurrent Start) (G1 Evacuation Pause)
[2022-03-30T23:37:46.899+0800][74.320s] GC(42) Using 8 workers of 8 for evacuation
[2022-03-30T23:37:46.904+0800][74.322s] GC(42)   Pre Evacuate Collection Set: 0.2ms
[2022-03-30T23:37:46.904+0800][74.322s] GC(42)   Merge Heap Roots: 0.1ms
[2022-03-30T23:37:46.904+0800][74.322s] GC(42)   Evacuate Collection Set: 0.7ms
[2022-03-30T23:37:46.904+0800][74.322s] GC(42)   Post Evacuate Collection Set: 0.4ms
[2022-03-30T23:37:46.904+0800][74.322s] GC(42)   Other: 0.3ms
[2022-03-30T23:37:46.904+0800][74.322s] GC(42) Eden regions: 190->0(191)
[2022-03-30T23:37:46.904+0800][74.322s] GC(42) Survivor regions: 3->3(25)
[2022-03-30T23:37:46.904+0800][74.322s] GC(42) Old regions: 238->238
[2022-03-30T23:37:46.904+0800][74.322s] GC(42) Archive regions: 0->0
[2022-03-30T23:37:46.904+0800][74.322s] GC(42) Humongous regions: 20->20
[2022-03-30T23:37:46.904+0800][74.322s] GC(42) Metaspace: 49953K(50304K)->49953K(50304K) NonClass: 44045K(44224K)->44045K(44224K) Class: 5907K(6080K)->5907K(6080K)
[2022-03-30T23:37:46.904+0800][74.322s] GC(42) Pause Young (Concurrent Start) (G1 Evacuation Pause) 450M->260M(512M) 1.832ms
[2022-03-30T23:37:46.904+0800][74.322s] GC(42) User=0.00s Sys=0.00s Real=0.01s
[2022-03-30T23:37:46.904+0800][74.322s] GC(43) Concurrent Mark Cycle
[2022-03-30T23:37:46.904+0800][74.322s] GC(43) Concurrent Clear Claimed Marks
[2022-03-30T23:37:46.904+0800][74.322s] GC(43) Concurrent Clear Claimed Marks 0.018ms
[2022-03-30T23:37:46.904+0800][74.322s] GC(43) Concurrent Scan Root Regions
[2022-03-30T23:37:46.904+0800][74.323s] GC(43) Concurrent Scan Root Regions 0.517ms
[2022-03-30T23:37:46.904+0800][74.323s] GC(43) Concurrent Mark
[2022-03-30T23:37:46.904+0800][74.323s] GC(43) Concurrent Mark From Roots
[2022-03-30T23:37:46.904+0800][74.323s] GC(43) Using 2 workers of 2 for marking
[2022-03-30T23:37:47.082+0800][74.514s] GC(43) Concurrent Mark From Roots 191.006ms
[2022-03-30T23:37:47.082+0800][74.514s] GC(43) Concurrent Preclean
[2022-03-30T23:37:47.082+0800][74.514s] GC(43) Concurrent Preclean 0.112ms
[2022-03-30T23:37:47.082+0800][74.514s] GC(43) Pause Remark
[2022-03-30T23:37:47.098+0800][74.516s] GC(43) Pause Remark 350M->350M(512M) 1.849ms
[2022-03-30T23:37:47.099+0800][74.516s] GC(43) User=0.08s Sys=0.02s Real=0.02s
[2022-03-30T23:37:47.099+0800][74.516s] GC(43) Concurrent Mark 193.236ms
[2022-03-30T23:37:47.099+0800][74.516s] GC(43) Concurrent Rebuild Remembered Sets
[2022-03-30T23:37:47.196+0800][74.616s] GC(43) Concurrent Rebuild Remembered Sets 100.496ms
[2022-03-30T23:37:47.196+0800][74.617s] GC(43) Pause Cleanup
[2022-03-30T23:37:47.200+0800][74.617s] GC(43) Pause Cleanup 400M->400M(512M) 0.131ms
[2022-03-30T23:37:47.200+0800][74.617s] GC(43) User=0.00s Sys=0.00s Real=0.00s
[2022-03-30T23:37:47.200+0800][74.617s] GC(43) Concurrent Cleanup for Next Mark
[2022-03-30T23:37:47.200+0800][74.617s] GC(43) Concurrent Cleanup for Next Mark 0.283ms
[2022-03-30T23:37:47.200+0800][74.617s] GC(43) Concurrent Mark Cycle 295.062ms
[2022-03-30T23:37:47.284+0800][74.701s] GC(44) Pause Young (Prepare Mixed) (G1 Evacuation Pause)
[2022-03-30T23:37:47.284+0800][74.701s] GC(44) Using 8 workers of 8 for evacuation
[2022-03-30T23:37:47.285+0800][74.702s] GC(44)   Pre Evacuate Collection Set: 0.2ms
[2022-03-30T23:37:47.285+0800][74.702s] GC(44)   Merge Heap Roots: 0.1ms
[2022-03-30T23:37:47.285+0800][74.702s] GC(44)   Evacuate Collection Set: 0.7ms
[2022-03-30T23:37:47.285+0800][74.702s] GC(44)   Post Evacuate Collection Set: 0.4ms
[2022-03-30T23:37:47.285+0800][74.702s] GC(44)   Other: 0.1ms
[2022-03-30T23:37:47.285+0800][74.702s] GC(44) Eden regions: 191->0(21)
[2022-03-30T23:37:47.285+0800][74.702s] GC(44) Survivor regions: 3->4(25)
[2022-03-30T23:37:47.285+0800][74.702s] GC(44) Old regions: 238->238
[2022-03-30T23:37:47.285+0800][74.702s] GC(44) Archive regions: 0->0
[2022-03-30T23:37:47.285+0800][74.702s] GC(44) Humongous regions: 20->20
[2022-03-30T23:37:47.285+0800][74.702s] GC(44) Metaspace: 49953K(50304K)->49953K(50304K) NonClass: 44045K(44224K)->44045K(44224K) Class: 5907K(6080K)->5907K(6080K)
[2022-03-30T23:37:47.285+0800][74.702s] GC(44) Pause Young (Prepare Mixed) (G1 Evacuation Pause) 451M->260M(512M) 1.631ms
[2022-03-30T23:37:47.285+0800][74.702s] GC(44) User=0.00s Sys=0.00s Real=0.00s
[2022-03-30T23:37:47.318+0800][74.741s] GC(45) Pause Young (Mixed) (G1 Evacuation Pause)
[2022-03-30T23:37:47.318+0800][74.741s] GC(45) Using 8 workers of 8 for evacuation
[2022-03-30T23:37:47.318+0800][74.743s] GC(45)   Pre Evacuate Collection Set: 0.1ms
[2022-03-30T23:37:47.318+0800][74.743s] GC(45)   Merge Heap Roots: 0.1ms
[2022-03-30T23:37:47.318+0800][74.743s] GC(45)   Evacuate Collection Set: 1.7ms
[2022-03-30T23:37:47.318+0800][74.743s] GC(45)   Post Evacuate Collection Set: 0.5ms
[2022-03-30T23:37:47.318+0800][74.743s] GC(45)   Other: 0.1ms
[2022-03-30T23:37:47.318+0800][74.743s] GC(45) Eden regions: 21->0(192)
[2022-03-30T23:37:47.318+0800][74.743s] GC(45) Survivor regions: 4->3(4)
[2022-03-30T23:37:47.318+0800][74.743s] GC(45) Old regions: 238->237
[2022-03-30T23:37:47.318+0800][74.743s] GC(45) Archive regions: 0->0
[2022-03-30T23:37:47.318+0800][74.743s] GC(45) Humongous regions: 20->20
[2022-03-30T23:37:47.318+0800][74.743s] GC(45) Metaspace: 49953K(50304K)->49953K(50304K) NonClass: 44045K(44224K)->44045K(44224K) Class: 5907K(6080K)->5907K(6080K)
[2022-03-30T23:37:47.318+0800][74.743s] GC(45) Pause Young (Mixed) (G1 Evacuation Pause) 281M->258M(512M) 2.611ms
[2022-03-30T23:37:47.318+0800][74.743s] GC(45) User=0.00s Sys=0.00s Real=0.00s
[2022-03-30T23:37:47.612+0800][75.039s] GC(46) Pause Young (Normal) (G1 Evacuation Pause)
[2022-03-30T23:37:47.612+0800][75.039s] GC(46) Using 8 workers of 8 for evacuation
[2022-03-30T23:37:47.612+0800][75.041s] GC(46)   Pre Evacuate Collection Set: 0.2ms
[2022-03-30T23:37:47.612+0800][75.041s] GC(46)   Merge Heap Roots: 0.1ms
[2022-03-30T23:37:47.612+0800][75.041s] GC(46)   Evacuate Collection Set: 0.7ms
[2022-03-30T23:37:47.612+0800][75.041s] GC(46)   Post Evacuate Collection Set: 0.5ms
[2022-03-30T23:37:47.612+0800][75.041s] GC(46)   Other: 0.1ms
[2022-03-30T23:37:47.612+0800][75.041s] GC(46) Eden regions: 192->0(193)
[2022-03-30T23:37:47.612+0800][75.041s] GC(46) Survivor regions: 3->3(25)
[2022-03-30T23:37:47.612+0800][75.041s] GC(46) Old regions: 237->237
[2022-03-30T23:37:47.612+0800][75.041s] GC(46) Archive regions: 0->0
[2022-03-30T23:37:47.612+0800][75.041s] GC(46) Humongous regions: 20->20
[2022-03-30T23:37:47.612+0800][75.041s] GC(46) Metaspace: 49953K(50304K)->49953K(50304K) NonClass: 44045K(44224K)->44045K(44224K) Class: 5907K(6080K)->5907K(6080K)
[2022-03-30T23:37:47.612+0800][75.041s] GC(46) Pause Young (Normal) (G1 Evacuation Pause) 450M->259M(512M) 1.731ms
[2022-03-30T23:37:47.612+0800][75.041s] GC(46) User=0.00s Sys=0.00s Real=0.00s
[2022-03-30T23:37:47.934+0800][75.364s] GC(47) Pause Young (Normal) (G1 Evacuation Pause)
[2022-03-30T23:37:47.934+0800][75.364s] GC(47) Using 8 workers of 8 for evacuation
[2022-03-30T23:37:47.948+0800][75.366s] GC(47)   Pre Evacuate Collection Set: 0.1ms
[2022-03-30T23:37:47.948+0800][75.366s] GC(47)   Merge Heap Roots: 0.1ms
[2022-03-30T23:37:47.948+0800][75.366s] GC(47)   Evacuate Collection Set: 0.8ms
[2022-03-30T23:37:47.948+0800][75.366s] GC(47)   Post Evacuate Collection Set: 0.2ms
[2022-03-30T23:37:47.948+0800][75.366s] GC(47)   Other: 0.3ms
[2022-03-30T23:37:47.948+0800][75.366s] GC(47) Eden regions: 193->0(193)
[2022-03-30T23:37:47.948+0800][75.366s] GC(47) Survivor regions: 3->3(25)
[2022-03-30T23:37:47.948+0800][75.366s] GC(47) Old regions: 237->237
[2022-03-30T23:37:47.948+0800][75.366s] GC(47) Archive regions: 0->0
[2022-03-30T23:37:47.948+0800][75.366s] GC(47) Humongous regions: 20->20
[2022-03-30T23:37:47.948+0800][75.366s] GC(47) Metaspace: 49956K(50304K)->49956K(50304K) NonClass: 44049K(44224K)->44049K(44224K) Class: 5907K(6080K)->5907K(6080K)
[2022-03-30T23:37:47.948+0800][75.366s] GC(47) Pause Young (Normal) (G1 Evacuation Pause) 452M->259M(512M) 1.600ms
[2022-03-30T23:37:47.949+0800][75.366s] GC(47) User=0.03s Sys=0.00s Real=0.01s
[2022-03-30T23:37:48.317+0800][75.738s] GC(48) Pause Young (Concurrent Start) (G1 Evacuation Pause)
[2022-03-30T23:37:48.317+0800][75.738s] GC(48) Using 8 workers of 8 for evacuation
[2022-03-30T23:37:48.317+0800][75.740s] GC(48)   Pre Evacuate Collection Set: 0.1ms
[2022-03-30T23:37:48.317+0800][75.740s] GC(48)   Merge Heap Roots: 0.1ms
[2022-03-30T23:37:48.317+0800][75.740s] GC(48)   Evacuate Collection Set: 0.8ms
[2022-03-30T23:37:48.317+0800][75.740s] GC(48)   Post Evacuate Collection Set: 0.4ms
[2022-03-30T23:37:48.317+0800][75.740s] GC(48)   Other: 0.2ms
[2022-03-30T23:37:48.317+0800][75.740s] GC(48) Eden regions: 193->0(193)
[2022-03-30T23:37:48.317+0800][75.740s] GC(48) Survivor regions: 3->4(25)
[2022-03-30T23:37:48.317+0800][75.740s] GC(48) Old regions: 237->237
[2022-03-30T23:37:48.317+0800][75.740s] GC(48) Archive regions: 0->0
[2022-03-30T23:37:48.317+0800][75.740s] GC(48) Humongous regions: 20->20
[2022-03-30T23:37:48.317+0800][75.740s] GC(48) Metaspace: 49998K(50368K)->49998K(50368K) NonClass: 44090K(44288K)->44090K(44288K) Class: 5907K(6080K)->5907K(6080K)
[2022-03-30T23:37:48.317+0800][75.740s] GC(48) Pause Young (Concurrent Start) (G1 Evacuation Pause) 452M->259M(512M) 1.642ms
[2022-03-30T23:37:48.317+0800][75.740s] GC(48) User=0.00s Sys=0.00s Real=0.00s
[2022-03-30T23:37:48.317+0800][75.740s] GC(49) Concurrent Mark Cycle
[2022-03-30T23:37:48.317+0800][75.740s] GC(49) Concurrent Clear Claimed Marks
[2022-03-30T23:37:48.317+0800][75.740s] GC(49) Concurrent Clear Claimed Marks 0.021ms
[2022-03-30T23:37:48.317+0800][75.740s] GC(49) Concurrent Scan Root Regions
[2022-03-30T23:37:48.317+0800][75.741s] GC(49) Concurrent Scan Root Regions 0.473ms
[2022-03-30T23:37:48.317+0800][75.741s] GC(49) Concurrent Mark
[2022-03-30T23:37:48.317+0800][75.741s] GC(49) Concurrent Mark From Roots
[2022-03-30T23:37:48.317+0800][75.741s] GC(49) Using 2 workers of 2 for marking
[2022-03-30T23:37:48.538+0800][75.956s] GC(49) Concurrent Mark From Roots 215.924ms
[2022-03-30T23:37:48.538+0800][75.957s] GC(49) Concurrent Preclean
[2022-03-30T23:37:48.538+0800][75.957s] GC(49) Concurrent Preclean 0.138ms
[2022-03-30T23:37:48.538+0800][75.957s] GC(49) Pause Remark
[2022-03-30T23:37:48.542+0800][75.959s] GC(49) Pause Remark 362M->362M(512M) 2.397ms
[2022-03-30T23:37:48.542+0800][75.959s] GC(49) User=0.00s Sys=0.00s Real=0.00s
[2022-03-30T23:37:48.542+0800][75.959s] GC(49) Concurrent Mark 218.720ms
[2022-03-30T23:37:48.542+0800][75.959s] GC(49) Concurrent Rebuild Remembered Sets
[2022-03-30T23:37:48.639+0800][76.065s] GC(49) Concurrent Rebuild Remembered Sets 106.100ms
[2022-03-30T23:37:48.639+0800][76.065s] GC(49) Pause Cleanup
[2022-03-30T23:37:48.639+0800][76.066s] GC(49) Pause Cleanup 411M->411M(512M) 0.152ms
[2022-03-30T23:37:48.639+0800][76.066s] GC(49) User=0.00s Sys=0.00s Real=0.00s
[2022-03-30T23:37:48.639+0800][76.066s] GC(49) Concurrent Cleanup for Next Mark
[2022-03-30T23:37:48.639+0800][76.066s] GC(49) Concurrent Cleanup for Next Mark 0.336ms
[2022-03-30T23:37:48.639+0800][76.066s] GC(49) Concurrent Mark Cycle 326.129ms
[2022-03-30T23:37:48.719+0800][76.142s] GC(50) Pause Young (Prepare Mixed) (G1 Evacuation Pause)
[2022-03-30T23:37:48.719+0800][76.142s] GC(50) Using 8 workers of 8 for evacuation
[2022-03-30T23:37:48.719+0800][76.143s] GC(50)   Pre Evacuate Collection Set: 0.1ms
[2022-03-30T23:37:48.719+0800][76.143s] GC(50)   Merge Heap Roots: 0.1ms
[2022-03-30T23:37:48.719+0800][76.143s] GC(50)   Evacuate Collection Set: 0.9ms
[2022-03-30T23:37:48.719+0800][76.143s] GC(50)   Post Evacuate Collection Set: 0.3ms
[2022-03-30T23:37:48.719+0800][76.143s] GC(50)   Other: 0.1ms
[2022-03-30T23:37:48.719+0800][76.143s] GC(50) Eden regions: 193->0(21)
[2022-03-30T23:37:48.719+0800][76.143s] GC(50) Survivor regions: 4->4(25)
[2022-03-30T23:37:48.719+0800][76.143s] GC(50) Old regions: 237->237
[2022-03-30T23:37:48.719+0800][76.143s] GC(50) Archive regions: 0->0
[2022-03-30T23:37:48.719+0800][76.143s] GC(50) Humongous regions: 20->20
[2022-03-30T23:37:48.719+0800][76.143s] GC(50) Metaspace: 50000K(50368K)->50000K(50368K) NonClass: 44092K(44288K)->44092K(44288K) Class: 5907K(6080K)->5907K(6080K)
[2022-03-30T23:37:48.719+0800][76.143s] GC(50) Pause Young (Prepare Mixed) (G1 Evacuation Pause) 452M->259M(512M) 1.576ms
[2022-03-30T23:37:48.719+0800][76.143s] GC(50) User=0.00s Sys=0.00s Real=0.00s
[2022-03-30T23:37:48.751+0800][76.177s] GC(51) Pause Young (Mixed) (G1 Evacuation Pause)
[2022-03-30T23:37:48.751+0800][76.177s] GC(51) Using 8 workers of 8 for evacuation
[2022-03-30T23:37:48.762+0800][76.179s] GC(51)   Pre Evacuate Collection Set: 0.1ms
[2022-03-30T23:37:48.762+0800][76.179s] GC(51)   Merge Heap Roots: 0.0ms
[2022-03-30T23:37:48.762+0800][76.179s] GC(51)   Evacuate Collection Set: 1.6ms
[2022-03-30T23:37:48.762+0800][76.179s] GC(51)   Post Evacuate Collection Set: 0.3ms
[2022-03-30T23:37:48.762+0800][76.179s] GC(51)   Other: 0.1ms
[2022-03-30T23:37:48.762+0800][76.179s] GC(51) Eden regions: 21->0(195)
[2022-03-30T23:37:48.762+0800][76.179s] GC(51) Survivor regions: 4->2(4)
[2022-03-30T23:37:48.762+0800][76.179s] GC(51) Old regions: 237->237
[2022-03-30T23:37:48.762+0800][76.179s] GC(51) Archive regions: 0->0
[2022-03-30T23:37:48.762+0800][76.179s] GC(51) Humongous regions: 20->20
[2022-03-30T23:37:48.762+0800][76.179s] GC(51) Metaspace: 50000K(50368K)->50000K(50368K) NonClass: 44092K(44288K)->44092K(44288K) Class: 5907K(6080K)->5907K(6080K)
[2022-03-30T23:37:48.762+0800][76.179s] GC(51) Pause Young (Mixed) (G1 Evacuation Pause) 280M->258M(512M) 2.266ms
[2022-03-30T23:37:48.762+0800][76.179s] GC(51) User=0.02s Sys=0.03s Real=0.01s
[2022-03-30T23:37:49.078+0800][76.502s] GC(52) Pause Young (Normal) (G1 Evacuation Pause)
[2022-03-30T23:37:49.078+0800][76.502s] GC(52) Using 8 workers of 8 for evacuation
[2022-03-30T23:37:49.086+0800][76.503s] GC(52)   Pre Evacuate Collection Set: 0.0ms
[2022-03-30T23:37:49.086+0800][76.503s] GC(52)   Merge Heap Roots: 0.1ms
[2022-03-30T23:37:49.086+0800][76.503s] GC(52)   Evacuate Collection Set: 0.6ms
[2022-03-30T23:37:49.086+0800][76.503s] GC(52)   Post Evacuate Collection Set: 0.3ms
[2022-03-30T23:37:49.086+0800][76.503s] GC(52)   Other: 0.1ms
[2022-03-30T23:37:49.086+0800][76.503s] GC(52) Eden regions: 195->0(196)
[2022-03-30T23:37:49.086+0800][76.503s] GC(52) Survivor regions: 2->2(25)
[2022-03-30T23:37:49.086+0800][76.503s] GC(52) Old regions: 237->237
[2022-03-30T23:37:49.086+0800][76.503s] GC(52) Archive regions: 0->0
[2022-03-30T23:37:49.086+0800][76.503s] GC(52) Humongous regions: 20->20
[2022-03-30T23:37:49.086+0800][76.503s] GC(52) Metaspace: 50001K(50368K)->50001K(50368K) NonClass: 44093K(44288K)->44093K(44288K) Class: 5907K(6080K)->5907K(6080K)
[2022-03-30T23:37:49.086+0800][76.503s] GC(52) Pause Young (Normal) (G1 Evacuation Pause) 453M->258M(512M) 1.321ms
[2022-03-30T23:37:49.086+0800][76.503s] GC(52) User=0.11s Sys=0.00s Real=0.01s
[2022-03-30T23:37:49.418+0800][76.844s] GC(53) Pause Young (Normal) (G1 Evacuation Pause)
[2022-03-30T23:37:49.418+0800][76.844s] GC(53) Using 8 workers of 8 for evacuation
[2022-03-30T23:37:49.427+0800][76.845s] GC(53)   Pre Evacuate Collection Set: 0.1ms
[2022-03-30T23:37:49.427+0800][76.845s] GC(53)   Merge Heap Roots: 0.1ms
[2022-03-30T23:37:49.427+0800][76.845s] GC(53)   Evacuate Collection Set: 0.6ms
[2022-03-30T23:37:49.427+0800][76.845s] GC(53)   Post Evacuate Collection Set: 0.3ms
[2022-03-30T23:37:49.427+0800][76.845s] GC(53)   Other: 0.1ms
[2022-03-30T23:37:49.427+0800][76.845s] GC(53) Eden regions: 196->0(194)
[2022-03-30T23:37:49.427+0800][76.845s] GC(53) Survivor regions: 2->3(25)
[2022-03-30T23:37:49.427+0800][76.845s] GC(53) Old regions: 237->237
[2022-03-30T23:37:49.427+0800][76.845s] GC(53) Archive regions: 0->0
[2022-03-30T23:37:49.427+0800][76.845s] GC(53) Humongous regions: 20->20
[2022-03-30T23:37:49.427+0800][76.845s] GC(53) Metaspace: 50001K(50368K)->50001K(50368K) NonClass: 44093K(44288K)->44093K(44288K) Class: 5907K(6080K)->5907K(6080K)
[2022-03-30T23:37:49.428+0800][76.845s] GC(53) Pause Young (Normal) (G1 Evacuation Pause) 454M->258M(512M) 1.398ms
[2022-03-30T23:37:49.428+0800][76.845s] GC(53) User=0.00s Sys=0.00s Real=0.01s
[2022-03-30T23:37:49.710+0800][77.138s] GC(54) Pause Young (Concurrent Start) (G1 Evacuation Pause)
[2022-03-30T23:37:49.710+0800][77.138s] GC(54) Using 8 workers of 8 for evacuation
[2022-03-30T23:37:49.722+0800][77.140s] GC(54)   Pre Evacuate Collection Set: 0.1ms
[2022-03-30T23:37:49.722+0800][77.140s] GC(54)   Merge Heap Roots: 0.1ms
[2022-03-30T23:37:49.722+0800][77.140s] GC(54)   Evacuate Collection Set: 0.8ms
[2022-03-30T23:37:49.722+0800][77.140s] GC(54)   Post Evacuate Collection Set: 0.4ms
[2022-03-30T23:37:49.722+0800][77.140s] GC(54)   Other: 0.2ms
[2022-03-30T23:37:49.722+0800][77.140s] GC(54) Eden regions: 194->0(195)
[2022-03-30T23:37:49.722+0800][77.140s] GC(54) Survivor regions: 3->3(25)
[2022-03-30T23:37:49.722+0800][77.140s] GC(54) Old regions: 237->237
[2022-03-30T23:37:49.722+0800][77.140s] GC(54) Archive regions: 0->0
[2022-03-30T23:37:49.722+0800][77.140s] GC(54) Humongous regions: 20->20
[2022-03-30T23:37:49.722+0800][77.140s] GC(54) Metaspace: 50001K(50368K)->50001K(50368K) NonClass: 44093K(44288K)->44093K(44288K) Class: 5907K(6080K)->5907K(6080K)
[2022-03-30T23:37:49.722+0800][77.140s] GC(54) Pause Young (Concurrent Start) (G1 Evacuation Pause) 452M->259M(512M) 1.725ms
[2022-03-30T23:37:49.722+0800][77.140s] GC(54) User=0.00s Sys=0.00s Real=0.01s
[2022-03-30T23:37:49.722+0800][77.140s] GC(55) Concurrent Mark Cycle
[2022-03-30T23:37:49.722+0800][77.140s] GC(55) Concurrent Clear Claimed Marks
[2022-03-30T23:37:49.722+0800][77.140s] GC(55) Concurrent Clear Claimed Marks 0.022ms
[2022-03-30T23:37:49.722+0800][77.140s] GC(55) Concurrent Scan Root Regions
[2022-03-30T23:37:49.723+0800][77.140s] GC(55) Concurrent Scan Root Regions 0.459ms
[2022-03-30T23:37:49.723+0800][77.140s] GC(55) Concurrent Mark
[2022-03-30T23:37:49.723+0800][77.140s] GC(55) Concurrent Mark From Roots
[2022-03-30T23:37:49.723+0800][77.140s] GC(55) Using 2 workers of 2 for marking
[2022-03-30T23:37:49.919+0800][77.348s] GC(55) Concurrent Mark From Roots 207.392ms
[2022-03-30T23:37:49.919+0800][77.348s] GC(55) Concurrent Preclean
[2022-03-30T23:37:49.919+0800][77.348s] GC(55) Concurrent Preclean 0.114ms
[2022-03-30T23:37:49.919+0800][77.348s] GC(55) Pause Remark
[2022-03-30T23:37:49.933+0800][77.350s] GC(55) Pause Remark 353M->353M(512M) 2.161ms
[2022-03-30T23:37:49.933+0800][77.350s] GC(55) User=0.05s Sys=0.00s Real=0.01s
[2022-03-30T23:37:49.933+0800][77.350s] GC(55) Concurrent Mark 209.910ms
[2022-03-30T23:37:49.933+0800][77.350s] GC(55) Concurrent Rebuild Remembered Sets
[2022-03-30T23:37:50.035+0800][77.452s] GC(55) Concurrent Rebuild Remembered Sets 102.011ms
[2022-03-30T23:37:50.035+0800][77.452s] GC(55) Pause Cleanup
[2022-03-30T23:37:50.035+0800][77.453s] GC(55) Pause Cleanup 408M->408M(512M) 0.144ms
[2022-03-30T23:37:50.035+0800][77.453s] GC(55) User=0.00s Sys=0.00s Real=0.00s
[2022-03-30T23:37:50.035+0800][77.453s] GC(55) Concurrent Cleanup for Next Mark
[2022-03-30T23:37:50.035+0800][77.453s] GC(55) Concurrent Cleanup for Next Mark 0.241ms
[2022-03-30T23:37:50.035+0800][77.453s] GC(55) Concurrent Mark Cycle 313.120ms
[2022-03-30T23:37:50.101+0800][77.530s] GC(56) Pause Young (Prepare Mixed) (G1 Evacuation Pause)
[2022-03-30T23:37:50.101+0800][77.530s] GC(56) Using 8 workers of 8 for evacuation
[2022-03-30T23:37:50.114+0800][77.531s] GC(56)   Pre Evacuate Collection Set: 0.1ms
[2022-03-30T23:37:50.114+0800][77.531s] GC(56)   Merge Heap Roots: 0.1ms
[2022-03-30T23:37:50.114+0800][77.531s] GC(56)   Evacuate Collection Set: 0.8ms
[2022-03-30T23:37:50.114+0800][77.531s] GC(56)   Post Evacuate Collection Set: 0.3ms
[2022-03-30T23:37:50.114+0800][77.531s] GC(56)   Other: 0.1ms
[2022-03-30T23:37:50.114+0800][77.531s] GC(56) Eden regions: 195->0(22)
[2022-03-30T23:37:50.114+0800][77.531s] GC(56) Survivor regions: 3->3(25)
[2022-03-30T23:37:50.114+0800][77.531s] GC(56) Old regions: 237->237
[2022-03-30T23:37:50.114+0800][77.531s] GC(56) Archive regions: 0->0
[2022-03-30T23:37:50.114+0800][77.531s] GC(56) Humongous regions: 20->20
[2022-03-30T23:37:50.114+0800][77.531s] GC(56) Metaspace: 50003K(50368K)->50003K(50368K) NonClass: 44095K(44288K)->44095K(44288K) Class: 5908K(6080K)->5908K(6080K)
[2022-03-30T23:37:50.114+0800][77.531s] GC(56) Pause Young (Prepare Mixed) (G1 Evacuation Pause) 454M->259M(512M) 1.492ms
[2022-03-30T23:37:50.114+0800][77.531s] GC(56) User=0.00s Sys=0.00s Real=0.01s
[2022-03-30T23:37:50.147+0800][77.568s] GC(57) Pause Young (Mixed) (G1 Evacuation Pause)
[2022-03-30T23:37:50.147+0800][77.568s] GC(57) Using 8 workers of 8 for evacuation
[2022-03-30T23:37:50.153+0800][77.570s] GC(57)   Pre Evacuate Collection Set: 0.1ms
[2022-03-30T23:37:50.153+0800][77.570s] GC(57)   Merge Heap Roots: 0.1ms
[2022-03-30T23:37:50.153+0800][77.570s] GC(57)   Evacuate Collection Set: 1.4ms
[2022-03-30T23:37:50.153+0800][77.570s] GC(57)   Post Evacuate Collection Set: 0.2ms
[2022-03-30T23:37:50.153+0800][77.570s] GC(57)   Other: 0.2ms
[2022-03-30T23:37:50.153+0800][77.570s] GC(57) Eden regions: 22->0(196)
[2022-03-30T23:37:50.153+0800][77.570s] GC(57) Survivor regions: 3->2(4)
[2022-03-30T23:37:50.153+0800][77.570s] GC(57) Old regions: 237->237
[2022-03-30T23:37:50.153+0800][77.570s] GC(57) Archive regions: 0->0
[2022-03-30T23:37:50.153+0800][77.570s] GC(57) Humongous regions: 20->20
[2022-03-30T23:37:50.153+0800][77.570s] GC(57) Metaspace: 50004K(50368K)->50004K(50368K) NonClass: 44096K(44288K)->44096K(44288K) Class: 5908K(6080K)->5908K(6080K)
[2022-03-30T23:37:50.153+0800][77.570s] GC(57) Pause Young (Mixed) (G1 Evacuation Pause) 281M->258M(512M) 2.146ms
[2022-03-30T23:37:50.153+0800][77.570s] GC(57) User=0.00s Sys=0.00s Real=0.01s
[2022-03-30T23:37:50.464+0800][77.882s] GC(58) Pause Young (Normal) (G1 Evacuation Pause)
[2022-03-30T23:37:50.464+0800][77.882s] GC(58) Using 8 workers of 8 for evacuation
[2022-03-30T23:37:50.465+0800][77.883s] GC(58)   Pre Evacuate Collection Set: 0.1ms
[2022-03-30T23:37:50.466+0800][77.883s] GC(58)   Merge Heap Roots: 0.1ms
[2022-03-30T23:37:50.466+0800][77.883s] GC(58)   Evacuate Collection Set: 0.5ms
[2022-03-30T23:37:50.466+0800][77.883s] GC(58)   Post Evacuate Collection Set: 0.4ms
[2022-03-30T23:37:50.466+0800][77.883s] GC(58)   Other: 0.1ms
[2022-03-30T23:37:50.466+0800][77.883s] GC(58) Eden regions: 196->0(196)
[2022-03-30T23:37:50.466+0800][77.883s] GC(58) Survivor regions: 2->2(25)
[2022-03-30T23:37:50.466+0800][77.883s] GC(58) Old regions: 237->237
[2022-03-30T23:37:50.466+0800][77.883s] GC(58) Archive regions: 0->0
[2022-03-30T23:37:50.466+0800][77.883s] GC(58) Humongous regions: 20->20
[2022-03-30T23:37:50.466+0800][77.883s] GC(58) Metaspace: 50009K(50368K)->50009K(50368K) NonClass: 44101K(44288K)->44101K(44288K) Class: 5908K(6080K)->5908K(6080K)
[2022-03-30T23:37:50.466+0800][77.883s] GC(58) Pause Young (Normal) (G1 Evacuation Pause) 454M->258M(512M) 1.313ms
[2022-03-30T23:37:50.466+0800][77.883s] GC(58) User=0.00s Sys=0.00s Real=0.00s
[2022-03-30T23:37:50.744+0800][78.172s] GC(59) Pause Young (Normal) (G1 Evacuation Pause)
[2022-03-30T23:37:50.744+0800][78.172s] GC(59) Using 8 workers of 8 for evacuation
[2022-03-30T23:37:50.744+0800][78.174s] GC(59)   Pre Evacuate Collection Set: 0.1ms
[2022-03-30T23:37:50.744+0800][78.174s] GC(59)   Merge Heap Roots: 0.2ms
[2022-03-30T23:37:50.744+0800][78.174s] GC(59)   Evacuate Collection Set: 0.5ms
[2022-03-30T23:37:50.744+0800][78.174s] GC(59)   Post Evacuate Collection Set: 0.4ms
[2022-03-30T23:37:50.744+0800][78.174s] GC(59)   Other: 0.1ms
[2022-03-30T23:37:50.744+0800][78.174s] GC(59) Eden regions: 196->0(196)
[2022-03-30T23:37:50.744+0800][78.174s] GC(59) Survivor regions: 2->3(25)
[2022-03-30T23:37:50.744+0800][78.174s] GC(59) Old regions: 237->237
[2022-03-30T23:37:50.744+0800][78.174s] GC(59) Archive regions: 0->0
[2022-03-30T23:37:50.744+0800][78.174s] GC(59) Humongous regions: 20->20
[2022-03-30T23:37:50.744+0800][78.174s] GC(59) Metaspace: 50010K(50368K)->50010K(50368K) NonClass: 44102K(44288K)->44102K(44288K) Class: 5908K(6080K)->5908K(6080K)
[2022-03-30T23:37:50.744+0800][78.174s] GC(59) Pause Young (Normal) (G1 Evacuation Pause) 454M->259M(512M) 1.403ms
[2022-03-30T23:37:50.744+0800][78.174s] GC(59) User=0.00s Sys=0.00s Real=0.00s
[2022-03-30T23:37:51.066+0800][78.495s] GC(60) Pause Young (Concurrent Start) (G1 Evacuation Pause)
[2022-03-30T23:37:51.066+0800][78.495s] GC(60) Using 8 workers of 8 for evacuation
[2022-03-30T23:37:51.079+0800][78.496s] GC(60)   Pre Evacuate Collection Set: 0.1ms
[2022-03-30T23:37:51.079+0800][78.496s] GC(60)   Merge Heap Roots: 0.0ms
[2022-03-30T23:37:51.079+0800][78.496s] GC(60)   Evacuate Collection Set: 0.6ms
[2022-03-30T23:37:51.079+0800][78.496s] GC(60)   Post Evacuate Collection Set: 0.2ms
[2022-03-30T23:37:51.079+0800][78.496s] GC(60)   Other: 0.3ms
[2022-03-30T23:37:51.079+0800][78.496s] GC(60) Eden regions: 196->0(194)
[2022-03-30T23:37:51.079+0800][78.496s] GC(60) Survivor regions: 3->4(25)
[2022-03-30T23:37:51.079+0800][78.496s] GC(60) Old regions: 237->237
[2022-03-30T23:37:51.079+0800][78.496s] GC(60) Archive regions: 0->0
[2022-03-30T23:37:51.079+0800][78.496s] GC(60) Humongous regions: 20->20
[2022-03-30T23:37:51.079+0800][78.496s] GC(60) Metaspace: 50010K(50368K)->50010K(50368K) NonClass: 44102K(44288K)->44102K(44288K) Class: 5908K(6080K)->5908K(6080K)
[2022-03-30T23:37:51.079+0800][78.496s] GC(60) Pause Young (Concurrent Start) (G1 Evacuation Pause) 455M->260M(512M) 1.374ms
[2022-03-30T23:37:51.079+0800][78.496s] GC(60) User=0.00s Sys=0.00s Real=0.01s
[2022-03-30T23:37:51.079+0800][78.496s] GC(61) Concurrent Mark Cycle
[2022-03-30T23:37:51.079+0800][78.496s] GC(61) Concurrent Clear Claimed Marks
[2022-03-30T23:37:51.079+0800][78.496s] GC(61) Concurrent Clear Claimed Marks 0.016ms
[2022-03-30T23:37:51.079+0800][78.496s] GC(61) Concurrent Scan Root Regions
[2022-03-30T23:37:51.080+0800][78.498s] GC(61) Concurrent Scan Root Regions 1.380ms
[2022-03-30T23:37:51.080+0800][78.498s] GC(61) Concurrent Mark
[2022-03-30T23:37:51.080+0800][78.498s] GC(61) Concurrent Mark From Roots
[2022-03-30T23:37:51.080+0800][78.498s] GC(61) Using 2 workers of 2 for marking
[2022-03-30T23:37:51.286+0800][78.703s] GC(61) Concurrent Mark From Roots 205.535ms
[2022-03-30T23:37:51.286+0800][78.703s] GC(61) Concurrent Preclean
[2022-03-30T23:37:51.286+0800][78.704s] GC(61) Concurrent Preclean 0.112ms
[2022-03-30T23:37:51.286+0800][78.704s] GC(61) Pause Remark
[2022-03-30T23:37:51.288+0800][78.706s] GC(61) Pause Remark 353M->353M(512M) 1.910ms
[2022-03-30T23:37:51.288+0800][78.706s] GC(61) User=0.12s Sys=0.00s Real=0.00s
[2022-03-30T23:37:51.288+0800][78.706s] GC(61) Concurrent Mark 207.796ms
[2022-03-30T23:37:51.288+0800][78.706s] GC(61) Concurrent Rebuild Remembered Sets
[2022-03-30T23:37:51.386+0800][78.804s] GC(61) Concurrent Rebuild Remembered Sets 97.922ms
[2022-03-30T23:37:51.386+0800][78.804s] GC(61) Pause Cleanup
[2022-03-30T23:37:51.386+0800][78.804s] GC(61) Pause Cleanup 410M->410M(512M) 0.115ms
[2022-03-30T23:37:51.386+0800][78.804s] GC(61) User=0.00s Sys=0.00s Real=0.00s
[2022-03-30T23:37:51.386+0800][78.804s] GC(61) Concurrent Cleanup for Next Mark
[2022-03-30T23:37:51.386+0800][78.804s] GC(61) Concurrent Cleanup for Next Mark 0.280ms
[2022-03-30T23:37:51.386+0800][78.804s] GC(61) Concurrent Mark Cycle 307.867ms
[2022-03-30T23:37:51.462+0800][78.880s] GC(62) Pause Young (Prepare Mixed) (G1 Evacuation Pause)
[2022-03-30T23:37:51.462+0800][78.880s] GC(62) Using 8 workers of 8 for evacuation
[2022-03-30T23:37:51.464+0800][78.881s] GC(62)   Pre Evacuate Collection Set: 0.1ms
[2022-03-30T23:37:51.464+0800][78.881s] GC(62)   Merge Heap Roots: 0.1ms
[2022-03-30T23:37:51.464+0800][78.881s] GC(62)   Evacuate Collection Set: 0.9ms
[2022-03-30T23:37:51.464+0800][78.881s] GC(62)   Post Evacuate Collection Set: 0.4ms
[2022-03-30T23:37:51.464+0800][78.882s] GC(62)   Other: 0.2ms
[2022-03-30T23:37:51.464+0800][78.882s] GC(62) Eden regions: 194->0(21)
[2022-03-30T23:37:51.464+0800][78.882s] GC(62) Survivor regions: 4->4(25)
[2022-03-30T23:37:51.464+0800][78.882s] GC(62) Old regions: 237->237
[2022-03-30T23:37:51.464+0800][78.882s] GC(62) Archive regions: 0->0
[2022-03-30T23:37:51.464+0800][78.882s] GC(62) Humongous regions: 20->20
[2022-03-30T23:37:51.464+0800][78.882s] GC(62) Metaspace: 50010K(50368K)->50010K(50368K) NonClass: 44102K(44288K)->44102K(44288K) Class: 5908K(6080K)->5908K(6080K)
[2022-03-30T23:37:51.464+0800][78.882s] GC(62) Pause Young (Prepare Mixed) (G1 Evacuation Pause) 454M->260M(512M) 1.815ms
[2022-03-30T23:37:51.464+0800][78.882s] GC(62) User=0.00s Sys=0.00s Real=0.00s
[2022-03-30T23:37:51.490+0800][78.916s] GC(63) Pause Young (Mixed) (G1 Evacuation Pause)
[2022-03-30T23:37:51.490+0800][78.916s] GC(63) Using 8 workers of 8 for evacuation
[2022-03-30T23:37:51.490+0800][78.918s] GC(63)   Pre Evacuate Collection Set: 0.1ms
[2022-03-30T23:37:51.490+0800][78.918s] GC(63)   Merge Heap Roots: 0.1ms
[2022-03-30T23:37:51.490+0800][78.918s] GC(63)   Evacuate Collection Set: 1.1ms
[2022-03-30T23:37:51.490+0800][78.918s] GC(63)   Post Evacuate Collection Set: 0.5ms
[2022-03-30T23:37:51.490+0800][78.918s] GC(63)   Other: 0.1ms
[2022-03-30T23:37:51.490+0800][78.918s] GC(63) Eden regions: 21->0(194)
[2022-03-30T23:37:51.490+0800][78.918s] GC(63) Survivor regions: 4->3(4)
[2022-03-30T23:37:51.490+0800][78.918s] GC(63) Old regions: 237->238
[2022-03-30T23:37:51.490+0800][78.918s] GC(63) Archive regions: 0->0
[2022-03-30T23:37:51.490+0800][78.918s] GC(63) Humongous regions: 20->20
[2022-03-30T23:37:51.490+0800][78.918s] GC(63) Metaspace: 50010K(50368K)->50010K(50368K) NonClass: 44102K(44288K)->44102K(44288K) Class: 5908K(6080K)->5908K(6080K)
[2022-03-30T23:37:51.490+0800][78.918s] GC(63) Pause Young (Mixed) (G1 Evacuation Pause) 281M->259M(512M) 2.054ms
[2022-03-30T23:37:51.490+0800][78.918s] GC(63) User=0.00s Sys=0.00s Real=0.00s
[2022-03-30T23:37:51.794+0800][79.212s] GC(64) Pause Young (Normal) (G1 Evacuation Pause)
[2022-03-30T23:37:51.794+0800][79.212s] GC(64) Using 8 workers of 8 for evacuation
[2022-03-30T23:37:51.796+0800][79.214s] GC(64)   Pre Evacuate Collection Set: 0.1ms
[2022-03-30T23:37:51.796+0800][79.214s] GC(64)   Merge Heap Roots: 0.1ms
[2022-03-30T23:37:51.796+0800][79.214s] GC(64)   Evacuate Collection Set: 0.6ms
[2022-03-30T23:37:51.796+0800][79.214s] GC(64)   Post Evacuate Collection Set: 0.4ms
[2022-03-30T23:37:51.796+0800][79.214s] GC(64)   Other: 0.1ms
[2022-03-30T23:37:51.796+0800][79.214s] GC(64) Eden regions: 194->0(195)
[2022-03-30T23:37:51.796+0800][79.214s] GC(64) Survivor regions: 3->3(25)
[2022-03-30T23:37:51.796+0800][79.214s] GC(64) Old regions: 238->238
[2022-03-30T23:37:51.796+0800][79.214s] GC(64) Archive regions: 0->0
[2022-03-30T23:37:51.796+0800][79.214s] GC(64) Humongous regions: 20->20
[2022-03-30T23:37:51.796+0800][79.214s] GC(64) Metaspace: 50010K(50368K)->50010K(50368K) NonClass: 44102K(44288K)->44102K(44288K) Class: 5908K(6080K)->5908K(6080K)
[2022-03-30T23:37:51.796+0800][79.214s] GC(64) Pause Young (Normal) (G1 Evacuation Pause) 453M->259M(512M) 1.519ms
[2022-03-30T23:37:51.796+0800][79.214s] GC(64) User=0.00s Sys=0.00s Real=0.00s
[2022-03-30T23:37:52.116+0800][79.548s] GC(65) Pause Young (Normal) (G1 Evacuation Pause)
[2022-03-30T23:37:52.116+0800][79.548s] GC(65) Using 8 workers of 8 for evacuation
[2022-03-30T23:37:52.116+0800][79.549s] GC(65)   Pre Evacuate Collection Set: 0.1ms
[2022-03-30T23:37:52.116+0800][79.549s] GC(65)   Merge Heap Roots: 0.1ms
[2022-03-30T23:37:52.116+0800][79.549s] GC(65)   Evacuate Collection Set: 0.6ms
[2022-03-30T23:37:52.116+0800][79.549s] GC(65)   Post Evacuate Collection Set: 0.4ms
[2022-03-30T23:37:52.116+0800][79.549s] GC(65)   Other: 0.1ms
[2022-03-30T23:37:52.116+0800][79.549s] GC(65) Eden regions: 195->0(195)
[2022-03-30T23:37:52.116+0800][79.549s] GC(65) Survivor regions: 3->3(25)
[2022-03-30T23:37:52.116+0800][79.549s] GC(65) Old regions: 238->238
[2022-03-30T23:37:52.116+0800][79.549s] GC(65) Archive regions: 0->0
[2022-03-30T23:37:52.116+0800][79.549s] GC(65) Humongous regions: 20->20
[2022-03-30T23:37:52.116+0800][79.549s] GC(65) Metaspace: 50011K(50368K)->50011K(50368K) NonClass: 44103K(44288K)->44103K(44288K) Class: 5908K(6080K)->5908K(6080K)
[2022-03-30T23:37:52.116+0800][79.549s] GC(65) Pause Young (Normal) (G1 Evacuation Pause) 454M->259M(512M) 1.512ms
[2022-03-30T23:37:52.116+0800][79.549s] GC(65) User=0.00s Sys=0.00s Real=0.00s
[2022-03-30T23:37:52.412+0800][79.831s] GC(66) Pause Young (Concurrent Start) (G1 Evacuation Pause)
[2022-03-30T23:37:52.412+0800][79.831s] GC(66) Using 8 workers of 8 for evacuation
[2022-03-30T23:37:52.412+0800][79.832s] GC(66)   Pre Evacuate Collection Set: 0.1ms
[2022-03-30T23:37:52.412+0800][79.832s] GC(66)   Merge Heap Roots: 0.1ms
[2022-03-30T23:37:52.412+0800][79.832s] GC(66)   Evacuate Collection Set: 0.7ms
[2022-03-30T23:37:52.412+0800][79.832s] GC(66)   Post Evacuate Collection Set: 0.4ms
[2022-03-30T23:37:52.412+0800][79.832s] GC(66)   Other: 0.1ms
[2022-03-30T23:37:52.412+0800][79.832s] GC(66) Eden regions: 195->0(195)
[2022-03-30T23:37:52.412+0800][79.832s] GC(66) Survivor regions: 3->3(25)
[2022-03-30T23:37:52.412+0800][79.832s] GC(66) Old regions: 238->238
[2022-03-30T23:37:52.412+0800][79.832s] GC(66) Archive regions: 0->0
[2022-03-30T23:37:52.412+0800][79.832s] GC(66) Humongous regions: 20->20
[2022-03-30T23:37:52.412+0800][79.832s] GC(66) Metaspace: 50012K(50368K)->50012K(50368K) NonClass: 44104K(44288K)->44104K(44288K) Class: 5908K(6080K)->5908K(6080K)
[2022-03-30T23:37:52.412+0800][79.832s] GC(66) Pause Young (Concurrent Start) (G1 Evacuation Pause) 454M->259M(512M) 1.696ms
[2022-03-30T23:37:52.412+0800][79.832s] GC(66) User=0.00s Sys=0.00s Real=0.00s
[2022-03-30T23:37:52.412+0800][79.832s] GC(67) Concurrent Mark Cycle
[2022-03-30T23:37:52.412+0800][79.832s] GC(67) Concurrent Clear Claimed Marks
[2022-03-30T23:37:52.412+0800][79.832s] GC(67) Concurrent Clear Claimed Marks 0.032ms
[2022-03-30T23:37:52.412+0800][79.833s] GC(67) Concurrent Scan Root Regions
[2022-03-30T23:37:52.412+0800][79.833s] GC(67) Concurrent Scan Root Regions 0.275ms
[2022-03-30T23:37:52.412+0800][79.833s] GC(67) Concurrent Mark
[2022-03-30T23:37:52.412+0800][79.833s] GC(67) Concurrent Mark From Roots
[2022-03-30T23:37:52.412+0800][79.833s] GC(67) Using 2 workers of 2 for marking
[2022-03-30T23:37:52.591+0800][80.008s] GC(67) Concurrent Mark From Roots 175.517ms
[2022-03-30T23:37:52.591+0800][80.008s] GC(67) Concurrent Preclean
[2022-03-30T23:37:52.591+0800][80.009s] GC(67) Concurrent Preclean 0.107ms
[2022-03-30T23:37:52.591+0800][80.009s] GC(67) Pause Remark
[2022-03-30T23:37:52.593+0800][80.011s] GC(67) Pause Remark 360M->360M(512M) 2.057ms
[2022-03-30T23:37:52.593+0800][80.011s] GC(67) User=0.00s Sys=0.00s Real=0.00s
[2022-03-30T23:37:52.593+0800][80.011s] GC(67) Concurrent Mark 178.074ms
[2022-03-30T23:37:52.593+0800][80.011s] GC(67) Concurrent Rebuild Remembered Sets
[2022-03-30T23:37:52.683+0800][80.106s] GC(67) Concurrent Rebuild Remembered Sets 95.178ms
[2022-03-30T23:37:52.683+0800][80.106s] GC(67) Pause Cleanup
[2022-03-30T23:37:52.683+0800][80.106s] GC(67) Pause Cleanup 412M->412M(512M) 0.131ms
[2022-03-30T23:37:52.683+0800][80.107s] GC(67) User=0.00s Sys=0.00s Real=0.00s
[2022-03-30T23:37:52.683+0800][80.107s] GC(67) Concurrent Cleanup for Next Mark
[2022-03-30T23:37:52.683+0800][80.107s] GC(67) Concurrent Cleanup for Next Mark 0.253ms
[2022-03-30T23:37:52.683+0800][80.107s] GC(67) Concurrent Mark Cycle 274.415ms
[2022-03-30T23:37:52.747+0800][80.177s] GC(68) Pause Young (Prepare Mixed) (G1 Evacuation Pause)
[2022-03-30T23:37:52.747+0800][80.177s] GC(68) Using 8 workers of 8 for evacuation
[2022-03-30T23:37:52.760+0800][80.179s] GC(68)   Pre Evacuate Collection Set: 0.2ms
[2022-03-30T23:37:52.760+0800][80.179s] GC(68)   Merge Heap Roots: 0.1ms
[2022-03-30T23:37:52.760+0800][80.179s] GC(68)   Evacuate Collection Set: 0.8ms
[2022-03-30T23:37:52.760+0800][80.179s] GC(68)   Post Evacuate Collection Set: 0.6ms
[2022-03-30T23:37:52.760+0800][80.179s] GC(68)   Other: 0.1ms
[2022-03-30T23:37:52.760+0800][80.179s] GC(68) Eden regions: 195->0(20)
[2022-03-30T23:37:52.760+0800][80.179s] GC(68) Survivor regions: 3->5(25)
[2022-03-30T23:37:52.760+0800][80.179s] GC(68) Old regions: 238->238
[2022-03-30T23:37:52.760+0800][80.179s] GC(68) Archive regions: 0->0
[2022-03-30T23:37:52.760+0800][80.179s] GC(68) Humongous regions: 20->20
[2022-03-30T23:37:52.760+0800][80.179s] GC(68) Metaspace: 50013K(50368K)->50013K(50368K) NonClass: 44105K(44288K)->44105K(44288K) Class: 5908K(6080K)->5908K(6080K)
[2022-03-30T23:37:52.760+0800][80.179s] GC(68) Pause Young (Prepare Mixed) (G1 Evacuation Pause) 454M->261M(512M) 1.815ms
[2022-03-30T23:37:52.760+0800][80.179s] GC(68) User=0.03s Sys=0.00s Real=0.01s
[2022-03-30T23:37:52.786+0800][80.211s] GC(69) Pause Young (Mixed) (G1 Evacuation Pause)
[2022-03-30T23:37:52.786+0800][80.211s] GC(69) Using 8 workers of 8 for evacuation
[2022-03-30T23:37:52.795+0800][80.213s] GC(69)   Pre Evacuate Collection Set: 0.1ms
[2022-03-30T23:37:52.795+0800][80.213s] GC(69)   Merge Heap Roots: 0.2ms
[2022-03-30T23:37:52.795+0800][80.213s] GC(69)   Evacuate Collection Set: 1.1ms
[2022-03-30T23:37:52.795+0800][80.213s] GC(69)   Post Evacuate Collection Set: 0.3ms
[2022-03-30T23:37:52.795+0800][80.213s] GC(69)   Other: 0.2ms
[2022-03-30T23:37:52.795+0800][80.213s] GC(69) Eden regions: 20->0(192)
[2022-03-30T23:37:52.795+0800][80.213s] GC(69) Survivor regions: 5->3(4)
[2022-03-30T23:37:52.795+0800][80.213s] GC(69) Old regions: 238->239
[2022-03-30T23:37:52.795+0800][80.213s] GC(69) Archive regions: 0->0
[2022-03-30T23:37:52.795+0800][80.213s] GC(69) Humongous regions: 20->20
[2022-03-30T23:37:52.795+0800][80.213s] GC(69) Metaspace: 50013K(50368K)->50013K(50368K) NonClass: 44105K(44288K)->44105K(44288K) Class: 5908K(6080K)->5908K(6080K)
[2022-03-30T23:37:52.795+0800][80.213s] GC(69) Pause Young (Mixed) (G1 Evacuation Pause) 281M->260M(512M) 2.119ms
[2022-03-30T23:37:52.795+0800][80.213s] GC(69) User=0.06s Sys=0.00s Real=0.01s
[2022-03-30T23:37:53.099+0800][80.520s] GC(70) Pause Young (Normal) (G1 Evacuation Pause)
[2022-03-30T23:37:53.099+0800][80.520s] GC(70) Using 8 workers of 8 for evacuation
[2022-03-30T23:37:53.099+0800][80.521s] GC(70)   Pre Evacuate Collection Set: 0.1ms
[2022-03-30T23:37:53.099+0800][80.521s] GC(70)   Merge Heap Roots: 0.1ms
[2022-03-30T23:37:53.099+0800][80.521s] GC(70)   Evacuate Collection Set: 0.4ms
[2022-03-30T23:37:53.099+0800][80.521s] GC(70)   Post Evacuate Collection Set: 0.4ms
[2022-03-30T23:37:53.099+0800][80.521s] GC(70)   Other: 0.1ms
[2022-03-30T23:37:53.099+0800][80.521s] GC(70) Eden regions: 192->0(193)
[2022-03-30T23:37:53.099+0800][80.521s] GC(70) Survivor regions: 3->3(25)
[2022-03-30T23:37:53.099+0800][80.521s] GC(70) Old regions: 239->239
[2022-03-30T23:37:53.099+0800][80.521s] GC(70) Archive regions: 0->0
[2022-03-30T23:37:53.099+0800][80.521s] GC(70) Humongous regions: 20->20
[2022-03-30T23:37:53.099+0800][80.521s] GC(70) Metaspace: 50013K(50368K)->50013K(50368K) NonClass: 44105K(44288K)->44105K(44288K) Class: 5908K(6080K)->5908K(6080K)
[2022-03-30T23:37:53.099+0800][80.521s] GC(70) Pause Young (Normal) (G1 Evacuation Pause) 452M->260M(512M) 1.297ms
[2022-03-30T23:37:53.099+0800][80.521s] GC(70) User=0.00s Sys=0.00s Real=0.00s
[2022-03-30T23:37:53.398+0800][80.822s] GC(71) Pause Young (Normal) (G1 Evacuation Pause)
[2022-03-30T23:37:53.398+0800][80.822s] GC(71) Using 8 workers of 8 for evacuation
[2022-03-30T23:37:53.398+0800][80.823s] GC(71)   Pre Evacuate Collection Set: 0.2ms
[2022-03-30T23:37:53.398+0800][80.823s] GC(71)   Merge Heap Roots: 0.1ms
[2022-03-30T23:37:53.398+0800][80.823s] GC(71)   Evacuate Collection Set: 0.5ms
[2022-03-30T23:37:53.398+0800][80.823s] GC(71)   Post Evacuate Collection Set: 0.4ms
[2022-03-30T23:37:53.398+0800][80.823s] GC(71)   Other: 0.1ms
[2022-03-30T23:37:53.398+0800][80.823s] GC(71) Eden regions: 193->0(194)
[2022-03-30T23:37:53.398+0800][80.823s] GC(71) Survivor regions: 3->3(25)
[2022-03-30T23:37:53.398+0800][80.823s] GC(71) Old regions: 239->239
[2022-03-30T23:37:53.398+0800][80.823s] GC(71) Archive regions: 0->0
[2022-03-30T23:37:53.398+0800][80.823s] GC(71) Humongous regions: 20->20
[2022-03-30T23:37:53.398+0800][80.824s] GC(71) Metaspace: 50015K(50368K)->50015K(50368K) NonClass: 44107K(44288K)->44107K(44288K) Class: 5908K(6080K)->5908K(6080K)
[2022-03-30T23:37:53.398+0800][80.824s] GC(71) Pause Young (Normal) (G1 Evacuation Pause) 453M->260M(512M) 1.415ms
[2022-03-30T23:37:53.398+0800][80.824s] GC(71) User=0.00s Sys=0.00s Real=0.00s
[2022-03-30T23:37:53.670+0800][81.091s] GC(72) Pause Young (Concurrent Start) (G1 Evacuation Pause)
[2022-03-30T23:37:53.670+0800][81.091s] GC(72) Using 8 workers of 8 for evacuation
[2022-03-30T23:37:53.675+0800][81.092s] GC(72)   Pre Evacuate Collection Set: 0.2ms
[2022-03-30T23:37:53.675+0800][81.092s] GC(72)   Merge Heap Roots: 0.1ms
[2022-03-30T23:37:53.675+0800][81.092s] GC(72)   Evacuate Collection Set: 0.6ms
[2022-03-30T23:37:53.675+0800][81.092s] GC(72)   Post Evacuate Collection Set: 0.4ms
[2022-03-30T23:37:53.675+0800][81.092s] GC(72)   Other: 0.3ms
[2022-03-30T23:37:53.675+0800][81.092s] GC(72) Eden regions: 194->0(193)
[2022-03-30T23:37:53.675+0800][81.092s] GC(72) Survivor regions: 3->4(25)
[2022-03-30T23:37:53.675+0800][81.092s] GC(72) Old regions: 239->239
[2022-03-30T23:37:53.675+0800][81.092s] GC(72) Archive regions: 0->0
[2022-03-30T23:37:53.675+0800][81.092s] GC(72) Humongous regions: 20->20
[2022-03-30T23:37:53.675+0800][81.092s] GC(72) Metaspace: 50018K(50368K)->50018K(50368K) NonClass: 44109K(44288K)->44109K(44288K) Class: 5908K(6080K)->5908K(6080K)
[2022-03-30T23:37:53.675+0800][81.092s] GC(72) Pause Young (Concurrent Start) (G1 Evacuation Pause) 454M->261M(512M) 1.664ms
[2022-03-30T23:37:53.675+0800][81.092s] GC(72) User=0.00s Sys=0.00s Real=0.00s
[2022-03-30T23:37:53.675+0800][81.092s] GC(73) Concurrent Mark Cycle
[2022-03-30T23:37:53.675+0800][81.092s] GC(73) Concurrent Clear Claimed Marks
[2022-03-30T23:37:53.675+0800][81.092s] GC(73) Concurrent Clear Claimed Marks 0.021ms
[2022-03-30T23:37:53.675+0800][81.092s] GC(73) Concurrent Scan Root Regions
[2022-03-30T23:37:53.675+0800][81.093s] GC(73) Concurrent Scan Root Regions 0.323ms
[2022-03-30T23:37:53.675+0800][81.093s] GC(73) Concurrent Mark
[2022-03-30T23:37:53.675+0800][81.093s] GC(73) Concurrent Mark From Roots
[2022-03-30T23:37:53.675+0800][81.093s] GC(73) Using 2 workers of 2 for marking
[2022-03-30T23:37:53.839+0800][81.270s] GC(73) Concurrent Mark From Roots 177.680ms
[2022-03-30T23:37:53.839+0800][81.270s] GC(73) Concurrent Preclean
[2022-03-30T23:37:53.839+0800][81.271s] GC(73) Concurrent Preclean 0.112ms
[2022-03-30T23:37:53.839+0800][81.271s] GC(73) Pause Remark
[2022-03-30T23:37:53.856+0800][81.273s] GC(73) Pause Remark 355M->355M(512M) 2.015ms
[2022-03-30T23:37:53.856+0800][81.273s] GC(73) User=0.11s Sys=0.02s Real=0.02s
[2022-03-30T23:37:53.856+0800][81.273s] GC(73) Concurrent Mark 180.112ms
[2022-03-30T23:37:53.856+0800][81.273s] GC(73) Concurrent Rebuild Remembered Sets
[2022-03-30T23:37:53.951+0800][81.379s] GC(73) Concurrent Rebuild Remembered Sets 106.279ms
[2022-03-30T23:37:53.951+0800][81.379s] GC(73) Pause Cleanup
[2022-03-30T23:37:53.951+0800][81.380s] GC(73) Pause Cleanup 409M->409M(512M) 0.145ms
[2022-03-30T23:37:53.951+0800][81.380s] GC(73) User=0.00s Sys=0.00s Real=0.00s
[2022-03-30T23:37:53.951+0800][81.380s] GC(73) Concurrent Cleanup for Next Mark
[2022-03-30T23:37:53.951+0800][81.380s] GC(73) Concurrent Cleanup for Next Mark 0.263ms
[2022-03-30T23:37:53.951+0800][81.380s] GC(73) Concurrent Mark Cycle 287.516ms
[2022-03-30T23:37:54.035+0800][81.464s] GC(74) Pause Young (Prepare Mixed) (G1 Evacuation Pause)
[2022-03-30T23:37:54.035+0800][81.465s] GC(74) Using 8 workers of 8 for evacuation
[2022-03-30T23:37:54.035+0800][81.466s] GC(74)   Pre Evacuate Collection Set: 0.0ms
[2022-03-30T23:37:54.035+0800][81.466s] GC(74)   Merge Heap Roots: 0.1ms
[2022-03-30T23:37:54.035+0800][81.466s] GC(74)   Evacuate Collection Set: 0.7ms
[2022-03-30T23:37:54.035+0800][81.466s] GC(74)   Post Evacuate Collection Set: 0.4ms
[2022-03-30T23:37:54.035+0800][81.466s] GC(74)   Other: 0.1ms
[2022-03-30T23:37:54.035+0800][81.466s] GC(74) Eden regions: 193->0(20)
[2022-03-30T23:37:54.035+0800][81.466s] GC(74) Survivor regions: 4->5(25)
[2022-03-30T23:37:54.035+0800][81.466s] GC(74) Old regions: 239->239
[2022-03-30T23:37:54.035+0800][81.466s] GC(74) Archive regions: 0->0
[2022-03-30T23:37:54.035+0800][81.466s] GC(74) Humongous regions: 20->20
[2022-03-30T23:37:54.035+0800][81.466s] GC(74) Metaspace: 50018K(50368K)->50018K(50368K) NonClass: 44109K(44288K)->44109K(44288K) Class: 5908K(6080K)->5908K(6080K)
[2022-03-30T23:37:54.035+0800][81.466s] GC(74) Pause Young (Prepare Mixed) (G1 Evacuation Pause) 454M->262M(512M) 1.485ms
[2022-03-30T23:37:54.035+0800][81.466s] GC(74) User=0.00s Sys=0.00s Real=0.00s
[2022-03-30T23:37:54.070+0800][81.498s] GC(75) Pause Young (Mixed) (G1 Evacuation Pause)
[2022-03-30T23:37:54.070+0800][81.498s] GC(75) Using 8 workers of 8 for evacuation
[2022-03-30T23:37:54.082+0800][81.499s] GC(75)   Pre Evacuate Collection Set: 0.1ms
[2022-03-30T23:37:54.082+0800][81.499s] GC(75)   Merge Heap Roots: 0.0ms
[2022-03-30T23:37:54.082+0800][81.499s] GC(75)   Evacuate Collection Set: 0.9ms
[2022-03-30T23:37:54.082+0800][81.499s] GC(75)   Post Evacuate Collection Set: 0.3ms
[2022-03-30T23:37:54.082+0800][81.499s] GC(75)   Other: 0.1ms
[2022-03-30T23:37:54.082+0800][81.499s] GC(75) Eden regions: 20->0(194)
[2022-03-30T23:37:54.082+0800][81.499s] GC(75) Survivor regions: 5->2(4)
[2022-03-30T23:37:54.082+0800][81.499s] GC(75) Old regions: 239->240
[2022-03-30T23:37:54.082+0800][81.500s] GC(75) Archive regions: 0->0
[2022-03-30T23:37:54.082+0800][81.500s] GC(75) Humongous regions: 20->20
[2022-03-30T23:37:54.082+0800][81.500s] GC(75) Metaspace: 50018K(50368K)->50018K(50368K) NonClass: 44109K(44288K)->44109K(44288K) Class: 5908K(6080K)->5908K(6080K)
[2022-03-30T23:37:54.082+0800][81.500s] GC(75) Pause Young (Mixed) (G1 Evacuation Pause) 282M->261M(512M) 1.693ms
[2022-03-30T23:37:54.082+0800][81.500s] GC(75) User=0.00s Sys=0.00s Real=0.01s
[2022-03-30T23:37:54.395+0800][81.825s] GC(76) Pause Young (Normal) (G1 Evacuation Pause)
[2022-03-30T23:37:54.395+0800][81.826s] GC(76) Using 8 workers of 8 for evacuation
[2022-03-30T23:37:54.410+0800][81.827s] GC(76)   Pre Evacuate Collection Set: 0.2ms
[2022-03-30T23:37:54.410+0800][81.827s] GC(76)   Merge Heap Roots: 0.1ms
[2022-03-30T23:37:54.410+0800][81.827s] GC(76)   Evacuate Collection Set: 0.7ms
[2022-03-30T23:37:54.410+0800][81.827s] GC(76)   Post Evacuate Collection Set: 0.5ms
[2022-03-30T23:37:54.410+0800][81.827s] GC(76)   Other: 0.1ms
[2022-03-30T23:37:54.410+0800][81.827s] GC(76) Eden regions: 194->0(193)
[2022-03-30T23:37:54.410+0800][81.827s] GC(76) Survivor regions: 2->3(25)
[2022-03-30T23:37:54.410+0800][81.827s] GC(76) Old regions: 240->240
[2022-03-30T23:37:54.410+0800][81.827s] GC(76) Archive regions: 0->0
[2022-03-30T23:37:54.410+0800][81.827s] GC(76) Humongous regions: 20->20
[2022-03-30T23:37:54.410+0800][81.827s] GC(76) Metaspace: 50021K(50368K)->50021K(50368K) NonClass: 44113K(44288K)->44113K(44288K) Class: 5908K(6080K)->5908K(6080K)
[2022-03-30T23:37:54.410+0800][81.827s] GC(76) Pause Young (Normal) (G1 Evacuation Pause) 455M->261M(512M) 1.675ms
[2022-03-30T23:37:54.410+0800][81.827s] GC(76) User=0.02s Sys=0.00s Real=0.02s
[2022-03-30T23:37:54.684+0800][82.111s] GC(77) Pause Young (Normal) (G1 Evacuation Pause)
[2022-03-30T23:37:54.684+0800][82.111s] GC(77) Using 8 workers of 8 for evacuation
[2022-03-30T23:37:54.695+0800][82.112s] GC(77)   Pre Evacuate Collection Set: 0.2ms
[2022-03-30T23:37:54.695+0800][82.112s] GC(77)   Merge Heap Roots: 0.1ms
[2022-03-30T23:37:54.695+0800][82.112s] GC(77)   Evacuate Collection Set: 0.7ms
[2022-03-30T23:37:54.695+0800][82.112s] GC(77)   Post Evacuate Collection Set: 0.5ms
[2022-03-30T23:37:54.695+0800][82.112s] GC(77)   Other: 0.2ms
[2022-03-30T23:37:54.695+0800][82.112s] GC(77) Eden regions: 193->0(192)
[2022-03-30T23:37:54.695+0800][82.112s] GC(77) Survivor regions: 3->4(25)
[2022-03-30T23:37:54.695+0800][82.112s] GC(77) Old regions: 240->240
[2022-03-30T23:37:54.695+0800][82.112s] GC(77) Archive regions: 0->0
[2022-03-30T23:37:54.695+0800][82.112s] GC(77) Humongous regions: 20->20
[2022-03-30T23:37:54.695+0800][82.112s] GC(77) Metaspace: 50021K(50368K)->50021K(50368K) NonClass: 44113K(44288K)->44113K(44288K) Class: 5908K(6080K)->5908K(6080K)
[2022-03-30T23:37:54.695+0800][82.112s] GC(77) Pause Young (Normal) (G1 Evacuation Pause) 454M->262M(512M) 1.743ms
[2022-03-30T23:37:54.695+0800][82.112s] GC(77) User=0.00s Sys=0.00s Real=0.01s
[2022-03-30T23:37:55.153+0800][82.570s] GC(78) Pause Young (Concurrent Start) (G1 Evacuation Pause)
[2022-03-30T23:37:55.153+0800][82.570s] GC(78) Using 8 workers of 8 for evacuation
[2022-03-30T23:37:55.156+0800][82.573s] GC(78)   Pre Evacuate Collection Set: 0.1ms
[2022-03-30T23:37:55.156+0800][82.573s] GC(78)   Merge Heap Roots: 0.1ms
[2022-03-30T23:37:55.156+0800][82.573s] GC(78)   Evacuate Collection Set: 2.2ms
[2022-03-30T23:37:55.156+0800][82.573s] GC(78)   Post Evacuate Collection Set: 0.4ms
[2022-03-30T23:37:55.156+0800][82.573s] GC(78)   Other: 0.3ms
[2022-03-30T23:37:55.156+0800][82.573s] GC(78) Eden regions: 192->0(190)
[2022-03-30T23:37:55.156+0800][82.573s] GC(78) Survivor regions: 4->5(25)
[2022-03-30T23:37:55.156+0800][82.573s] GC(78) Old regions: 240->240
[2022-03-30T23:37:55.156+0800][82.573s] GC(78) Archive regions: 0->0
[2022-03-30T23:37:55.156+0800][82.573s] GC(78) Humongous regions: 20->20
[2022-03-30T23:37:55.156+0800][82.573s] GC(78) Metaspace: 50562K(50944K)->50562K(50944K) NonClass: 44599K(44800K)->44599K(44800K) Class: 5963K(6144K)->5963K(6144K)
[2022-03-30T23:37:55.156+0800][82.573s] GC(78) Pause Young (Concurrent Start) (G1 Evacuation Pause) 454M->263M(512M) 3.116ms
[2022-03-30T23:37:55.156+0800][82.573s] GC(78) User=0.00s Sys=0.00s Real=0.00s
[2022-03-30T23:37:55.156+0800][82.573s] GC(79) Concurrent Mark Cycle
[2022-03-30T23:37:55.156+0800][82.573s] GC(79) Concurrent Clear Claimed Marks
[2022-03-30T23:37:55.156+0800][82.573s] GC(79) Concurrent Clear Claimed Marks 0.037ms
[2022-03-30T23:37:55.156+0800][82.573s] GC(79) Concurrent Scan Root Regions
[2022-03-30T23:37:55.156+0800][82.574s] GC(79) Concurrent Scan Root Regions 1.113ms
[2022-03-30T23:37:55.156+0800][82.574s] GC(79) Concurrent Mark
[2022-03-30T23:37:55.156+0800][82.574s] GC(79) Concurrent Mark From Roots
[2022-03-30T23:37:55.156+0800][82.574s] GC(79) Using 2 workers of 2 for marking
[2022-03-30T23:37:55.505+0800][82.922s] GC(79) Concurrent Mark From Roots 347.967ms
[2022-03-30T23:37:55.505+0800][82.923s] GC(79) Concurrent Preclean
[2022-03-30T23:37:55.505+0800][82.923s] GC(79) Concurrent Preclean 0.195ms
[2022-03-30T23:37:55.506+0800][82.923s] GC(79) Pause Remark
[2022-03-30T23:37:55.508+0800][82.926s] GC(79) Pause Remark 352M->352M(512M) 2.752ms
[2022-03-30T23:37:55.508+0800][82.926s] GC(79) User=0.12s Sys=0.00s Real=0.00s
[2022-03-30T23:37:55.508+0800][82.926s] GC(79) Concurrent Mark 351.381ms
[2022-03-30T23:37:55.508+0800][82.926s] GC(79) Concurrent Rebuild Remembered Sets
[2022-03-30T23:37:55.680+0800][83.097s] GC(79) Concurrent Rebuild Remembered Sets 171.290ms
[2022-03-30T23:37:55.680+0800][83.097s] GC(79) Pause Cleanup
[2022-03-30T23:37:55.680+0800][83.098s] GC(79) Pause Cleanup 421M->421M(512M) 0.217ms
[2022-03-30T23:37:55.680+0800][83.098s] GC(79) User=0.00s Sys=0.00s Real=0.00s
[2022-03-30T23:37:55.680+0800][83.098s] GC(79) Concurrent Cleanup for Next Mark
[2022-03-30T23:37:55.681+0800][83.098s] GC(79) Concurrent Cleanup for Next Mark 0.334ms
[2022-03-30T23:37:55.681+0800][83.098s] GC(79) Concurrent Mark Cycle 524.841ms
[2022-03-30T23:37:55.743+0800][83.175s] GC(80) Pause Young (Prepare Mixed) (G1 Evacuation Pause)
[2022-03-30T23:37:55.743+0800][83.175s] GC(80) Using 8 workers of 8 for evacuation
[2022-03-30T23:37:55.759+0800][83.177s] GC(80)   Pre Evacuate Collection Set: 0.1ms
[2022-03-30T23:37:55.759+0800][83.177s] GC(80)   Merge Heap Roots: 0.1ms
[2022-03-30T23:37:55.759+0800][83.177s] GC(80)   Evacuate Collection Set: 1.4ms
[2022-03-30T23:37:55.760+0800][83.177s] GC(80)   Post Evacuate Collection Set: 0.4ms
[2022-03-30T23:37:55.760+0800][83.177s] GC(80)   Other: 0.2ms
[2022-03-30T23:37:55.760+0800][83.177s] GC(80) Eden regions: 190->0(20)
[2022-03-30T23:37:55.760+0800][83.177s] GC(80) Survivor regions: 5->5(25)
[2022-03-30T23:37:55.760+0800][83.177s] GC(80) Old regions: 240->240
[2022-03-30T23:37:55.760+0800][83.177s] GC(80) Archive regions: 0->0
[2022-03-30T23:37:55.760+0800][83.177s] GC(80) Humongous regions: 20->20
[2022-03-30T23:37:55.760+0800][83.177s] GC(80) Metaspace: 50898K(51264K)->50898K(51264K) NonClass: 44911K(45120K)->44911K(45120K) Class: 5987K(6144K)->5987K(6144K)
[2022-03-30T23:37:55.760+0800][83.177s] GC(80) Pause Young (Prepare Mixed) (G1 Evacuation Pause) 453M->263M(512M) 2.439ms
[2022-03-30T23:37:55.760+0800][83.177s] GC(80) User=0.12s Sys=0.00s Real=0.02s
[2022-03-30T23:37:55.801+0800][83.228s] GC(81) Pause Young (Mixed) (G1 Evacuation Pause)
[2022-03-30T23:37:55.801+0800][83.228s] GC(81) Using 8 workers of 8 for evacuation
[2022-03-30T23:37:55.801+0800][83.230s] GC(81)   Pre Evacuate Collection Set: 0.1ms
[2022-03-30T23:37:55.801+0800][83.230s] GC(81)   Merge Heap Roots: 0.0ms
[2022-03-30T23:37:55.801+0800][83.230s] GC(81)   Evacuate Collection Set: 1.6ms
[2022-03-30T23:37:55.801+0800][83.230s] GC(81)   Post Evacuate Collection Set: 0.3ms
[2022-03-30T23:37:55.801+0800][83.230s] GC(81)   Other: 0.1ms
[2022-03-30T23:37:55.801+0800][83.230s] GC(81) Eden regions: 20->0(191)
[2022-03-30T23:37:55.801+0800][83.230s] GC(81) Survivor regions: 5->2(4)
[2022-03-30T23:37:55.801+0800][83.230s] GC(81) Old regions: 240->242
[2022-03-30T23:37:55.801+0800][83.230s] GC(81) Archive regions: 0->0
[2022-03-30T23:37:55.801+0800][83.230s] GC(81) Humongous regions: 20->20
[2022-03-30T23:37:55.801+0800][83.230s] GC(81) Metaspace: 50904K(51264K)->50904K(51264K) NonClass: 44916K(45120K)->44916K(45120K) Class: 5987K(6144K)->5987K(6144K)
[2022-03-30T23:37:55.801+0800][83.230s] GC(81) Pause Young (Mixed) (G1 Evacuation Pause) 283M->262M(512M) 2.268ms
[2022-03-30T23:37:55.801+0800][83.230s] GC(81) User=0.00s Sys=0.00s Real=0.00s
[2022-03-30T23:37:56.354+0800][83.772s] GC(82) Pause Young (Normal) (G1 Evacuation Pause)
[2022-03-30T23:37:56.354+0800][83.772s] GC(82) Using 8 workers of 8 for evacuation
[2022-03-30T23:37:56.356+0800][83.773s] GC(82)   Pre Evacuate Collection Set: 0.1ms
[2022-03-30T23:37:56.356+0800][83.773s] GC(82)   Merge Heap Roots: 0.1ms
[2022-03-30T23:37:56.356+0800][83.773s] GC(82)   Evacuate Collection Set: 0.8ms
[2022-03-30T23:37:56.356+0800][83.773s] GC(82)   Post Evacuate Collection Set: 0.4ms
[2022-03-30T23:37:56.356+0800][83.773s] GC(82)   Other: 0.2ms
[2022-03-30T23:37:56.356+0800][83.773s] GC(82) Eden regions: 191->0(191)
[2022-03-30T23:37:56.356+0800][83.773s] GC(82) Survivor regions: 2->2(25)
[2022-03-30T23:37:56.356+0800][83.773s] GC(82) Old regions: 242->242
[2022-03-30T23:37:56.356+0800][83.773s] GC(82) Archive regions: 0->0
[2022-03-30T23:37:56.356+0800][83.773s] GC(82) Humongous regions: 20->20
[2022-03-30T23:37:56.356+0800][83.773s] GC(82) Metaspace: 51435K(51776K)->51435K(51776K) NonClass: 45371K(45568K)->45371K(45568K) Class: 6064K(6208K)->6064K(6208K)
[2022-03-30T23:37:56.356+0800][83.773s] GC(82) Pause Young (Normal) (G1 Evacuation Pause) 453M->262M(512M) 1.639ms
[2022-03-30T23:37:56.356+0800][83.773s] GC(82) User=0.00s Sys=0.00s Real=0.00s
[2022-03-30T23:37:56.844+0800][84.261s] GC(83) Pause Young (Normal) (G1 Evacuation Pause)
[2022-03-30T23:37:56.844+0800][84.261s] GC(83) Using 8 workers of 8 for evacuation
[2022-03-30T23:37:56.845+0800][84.262s] GC(83)   Pre Evacuate Collection Set: 0.1ms
[2022-03-30T23:37:56.845+0800][84.262s] GC(83)   Merge Heap Roots: 0.1ms
[2022-03-30T23:37:56.845+0800][84.262s] GC(83)   Evacuate Collection Set: 0.6ms
[2022-03-30T23:37:56.845+0800][84.262s] GC(83)   Post Evacuate Collection Set: 0.4ms
[2022-03-30T23:37:56.845+0800][84.262s] GC(83)   Other: 0.2ms
[2022-03-30T23:37:56.845+0800][84.262s] GC(83) Eden regions: 191->0(192)
[2022-03-30T23:37:56.845+0800][84.262s] GC(83) Survivor regions: 2->2(25)
[2022-03-30T23:37:56.845+0800][84.262s] GC(83) Old regions: 242->242
[2022-03-30T23:37:56.845+0800][84.262s] GC(83) Archive regions: 0->0
[2022-03-30T23:37:56.845+0800][84.262s] GC(83) Humongous regions: 20->20
[2022-03-30T23:37:56.845+0800][84.262s] GC(83) Metaspace: 51435K(51776K)->51435K(51776K) NonClass: 45371K(45568K)->45371K(45568K) Class: 6064K(6208K)->6064K(6208K)
[2022-03-30T23:37:56.845+0800][84.262s] GC(83) Pause Young (Normal) (G1 Evacuation Pause) 453M->262M(512M) 1.530ms
[2022-03-30T23:37:56.845+0800][84.262s] GC(83) User=0.00s Sys=0.00s Real=0.00s
[2022-03-30T23:37:57.298+0800][84.718s] GC(84) Pause Young (Concurrent Start) (G1 Evacuation Pause)
[2022-03-30T23:37:57.298+0800][84.718s] GC(84) Using 8 workers of 8 for evacuation
[2022-03-30T23:37:57.302+0800][84.719s] GC(84)   Pre Evacuate Collection Set: 0.1ms
[2022-03-30T23:37:57.302+0800][84.719s] GC(84)   Merge Heap Roots: 0.1ms
[2022-03-30T23:37:57.302+0800][84.719s] GC(84)   Evacuate Collection Set: 0.7ms
[2022-03-30T23:37:57.302+0800][84.719s] GC(84)   Post Evacuate Collection Set: 0.3ms
[2022-03-30T23:37:57.302+0800][84.719s] GC(84)   Other: 0.2ms
[2022-03-30T23:37:57.302+0800][84.719s] GC(84) Eden regions: 192->0(192)
[2022-03-30T23:37:57.302+0800][84.719s] GC(84) Survivor regions: 2->2(25)
[2022-03-30T23:37:57.302+0800][84.719s] GC(84) Old regions: 242->242
[2022-03-30T23:37:57.302+0800][84.719s] GC(84) Archive regions: 0->0
[2022-03-30T23:37:57.302+0800][84.719s] GC(84) Humongous regions: 20->20
[2022-03-30T23:37:57.302+0800][84.719s] GC(84) Metaspace: 51437K(51776K)->51437K(51776K) NonClass: 45373K(45568K)->45373K(45568K) Class: 6064K(6208K)->6064K(6208K)
[2022-03-30T23:37:57.302+0800][84.719s] GC(84) Pause Young (Concurrent Start) (G1 Evacuation Pause) 454M->263M(512M) 1.666ms
[2022-03-30T23:37:57.302+0800][84.719s] GC(84) User=0.00s Sys=0.00s Real=0.00s
[2022-03-30T23:37:57.302+0800][84.719s] GC(85) Concurrent Mark Cycle
[2022-03-30T23:37:57.302+0800][84.719s] GC(85) Concurrent Clear Claimed Marks
[2022-03-30T23:37:57.302+0800][84.720s] GC(85) Concurrent Clear Claimed Marks 0.026ms
[2022-03-30T23:37:57.302+0800][84.720s] GC(85) Concurrent Scan Root Regions
[2022-03-30T23:37:57.303+0800][84.720s] GC(85) Concurrent Scan Root Regions 0.794ms
[2022-03-30T23:37:57.303+0800][84.720s] GC(85) Concurrent Mark
[2022-03-30T23:37:57.303+0800][84.720s] GC(85) Concurrent Mark From Roots
[2022-03-30T23:37:57.303+0800][84.720s] GC(85) Using 2 workers of 2 for marking
[2022-03-30T23:37:57.622+0800][85.041s] GC(85) Concurrent Mark From Roots 320.857ms
[2022-03-30T23:37:57.622+0800][85.041s] GC(85) Concurrent Preclean
[2022-03-30T23:37:57.622+0800][85.041s] GC(85) Concurrent Preclean 0.172ms
[2022-03-30T23:37:57.624+0800][85.042s] GC(85) Pause Remark
[2022-03-30T23:37:57.627+0800][85.044s] GC(85) Pause Remark 327M->327M(512M) 2.337ms
[2022-03-30T23:37:57.627+0800][85.044s] GC(85) User=0.00s Sys=0.00s Real=0.00s
[2022-03-30T23:37:57.627+0800][85.044s] GC(85) Concurrent Mark 323.688ms
[2022-03-30T23:37:57.627+0800][85.044s] GC(85) Concurrent Rebuild Remembered Sets
[2022-03-30T23:37:57.741+0800][85.172s] GC(85) Concurrent Rebuild Remembered Sets 128.195ms
[2022-03-30T23:37:57.741+0800][85.172s] GC(85) Pause Cleanup
[2022-03-30T23:37:57.741+0800][85.173s] GC(85) Pause Cleanup 369M->369M(512M) 0.195ms
[2022-03-30T23:37:57.741+0800][85.173s] GC(85) User=0.00s Sys=0.00s Real=0.00s
[2022-03-30T23:37:57.741+0800][85.173s] GC(85) Concurrent Cleanup for Next Mark
[2022-03-30T23:37:57.741+0800][85.173s] GC(85) Concurrent Cleanup for Next Mark 0.300ms
[2022-03-30T23:37:57.741+0800][85.173s] GC(85) Concurrent Mark Cycle 453.651ms
[2022-03-30T23:37:57.933+0800][85.356s] GC(86) Pause Young (Prepare Mixed) (G1 Evacuation Pause)
[2022-03-30T23:37:57.933+0800][85.356s] GC(86) Using 8 workers of 8 for evacuation
[2022-03-30T23:37:57.933+0800][85.357s] GC(86)   Pre Evacuate Collection Set: 0.1ms
[2022-03-30T23:37:57.933+0800][85.357s] GC(86)   Merge Heap Roots: 0.1ms
[2022-03-30T23:37:57.933+0800][85.357s] GC(86)   Evacuate Collection Set: 0.6ms
[2022-03-30T23:37:57.933+0800][85.357s] GC(86)   Post Evacuate Collection Set: 0.5ms
[2022-03-30T23:37:57.933+0800][85.357s] GC(86)   Other: 0.2ms
[2022-03-30T23:37:57.933+0800][85.357s] GC(86) Eden regions: 192->0(22)
[2022-03-30T23:37:57.933+0800][85.357s] GC(86) Survivor regions: 2->3(25)
[2022-03-30T23:37:57.933+0800][85.357s] GC(86) Old regions: 242->242
[2022-03-30T23:37:57.933+0800][85.357s] GC(86) Archive regions: 0->0
[2022-03-30T23:37:57.933+0800][85.357s] GC(86) Humongous regions: 20->20
[2022-03-30T23:37:57.933+0800][85.357s] GC(86) Metaspace: 51437K(51776K)->51437K(51776K) NonClass: 45373K(45568K)->45373K(45568K) Class: 6064K(6208K)->6064K(6208K)
[2022-03-30T23:37:57.933+0800][85.357s] GC(86) Pause Young (Prepare Mixed) (G1 Evacuation Pause) 455M->263M(512M) 1.649ms
[2022-03-30T23:37:57.933+0800][85.357s] GC(86) User=0.00s Sys=0.00s Real=0.00s
[2022-03-30T23:37:57.975+0800][85.394s] GC(87) Pause Young (Mixed) (G1 Evacuation Pause)
[2022-03-30T23:37:57.975+0800][85.394s] GC(87) Using 8 workers of 8 for evacuation
[2022-03-30T23:37:57.975+0800][85.395s] GC(87)   Pre Evacuate Collection Set: 0.1ms
[2022-03-30T23:37:57.975+0800][85.395s] GC(87)   Merge Heap Roots: 0.1ms
[2022-03-30T23:37:57.975+0800][85.395s] GC(87)   Evacuate Collection Set: 0.6ms
[2022-03-30T23:37:57.975+0800][85.395s] GC(87)   Post Evacuate Collection Set: 0.6ms
[2022-03-30T23:37:57.975+0800][85.395s] GC(87)   Other: 0.2ms
[2022-03-30T23:37:57.975+0800][85.395s] GC(87) Eden regions: 22->0(195)
[2022-03-30T23:37:57.975+0800][85.395s] GC(87) Survivor regions: 3->3(4)
[2022-03-30T23:37:57.975+0800][85.395s] GC(87) Old regions: 242->238
[2022-03-30T23:37:57.975+0800][85.395s] GC(87) Archive regions: 0->0
[2022-03-30T23:37:57.975+0800][85.395s] GC(87) Humongous regions: 20->20
[2022-03-30T23:37:57.975+0800][85.395s] GC(87) Metaspace: 51437K(51776K)->51437K(51776K) NonClass: 45373K(45568K)->45373K(45568K) Class: 6064K(6208K)->6064K(6208K)
[2022-03-30T23:37:57.975+0800][85.395s] GC(87) Pause Young (Mixed) (G1 Evacuation Pause) 285M->259M(512M) 1.651ms
[2022-03-30T23:37:57.975+0800][85.395s] GC(87) User=0.00s Sys=0.00s Real=0.00s
[2022-03-30T23:37:58.283+0800][85.706s] GC(88) Pause Young (Normal) (G1 Evacuation Pause)
[2022-03-30T23:37:58.283+0800][85.706s] GC(88) Using 8 workers of 8 for evacuation
[2022-03-30T23:37:58.290+0800][85.708s] GC(88)   Pre Evacuate Collection Set: 0.1ms
[2022-03-30T23:37:58.290+0800][85.708s] GC(88)   Merge Heap Roots: 0.1ms
[2022-03-30T23:37:58.290+0800][85.708s] GC(88)   Evacuate Collection Set: 0.6ms
[2022-03-30T23:37:58.290+0800][85.708s] GC(88)   Post Evacuate Collection Set: 0.4ms
[2022-03-30T23:37:58.290+0800][85.708s] GC(88)   Other: 0.2ms
[2022-03-30T23:37:58.290+0800][85.708s] GC(88) Eden regions: 195->0(195)
[2022-03-30T23:37:58.290+0800][85.708s] GC(88) Survivor regions: 3->3(25)
[2022-03-30T23:37:58.290+0800][85.708s] GC(88) Old regions: 238->238
[2022-03-30T23:37:58.290+0800][85.708s] GC(88) Archive regions: 0->0
[2022-03-30T23:37:58.290+0800][85.708s] GC(88) Humongous regions: 20->20
[2022-03-30T23:37:58.290+0800][85.708s] GC(88) Metaspace: 51437K(51776K)->51437K(51776K) NonClass: 45373K(45568K)->45373K(45568K) Class: 6064K(6208K)->6064K(6208K)
[2022-03-30T23:37:58.290+0800][85.708s] GC(88) Pause Young (Normal) (G1 Evacuation Pause) 454M->259M(512M) 1.499ms
[2022-03-30T23:37:58.290+0800][85.708s] GC(88) User=0.00s Sys=0.00s Real=0.01s
[2022-03-30T23:37:58.586+0800][86.013s] GC(89) Pause Young (Normal) (G1 Evacuation Pause)
[2022-03-30T23:37:58.586+0800][86.013s] GC(89) Using 8 workers of 8 for evacuation
[2022-03-30T23:37:58.586+0800][86.014s] GC(89)   Pre Evacuate Collection Set: 0.1ms
[2022-03-30T23:37:58.586+0800][86.014s] GC(89)   Merge Heap Roots: 0.1ms
[2022-03-30T23:37:58.586+0800][86.014s] GC(89)   Evacuate Collection Set: 0.7ms
[2022-03-30T23:37:58.586+0800][86.014s] GC(89)   Post Evacuate Collection Set: 0.4ms
[2022-03-30T23:37:58.586+0800][86.014s] GC(89)   Other: 0.1ms
[2022-03-30T23:37:58.586+0800][86.014s] GC(89) Eden regions: 195->0(195)
[2022-03-30T23:37:58.586+0800][86.014s] GC(89) Survivor regions: 3->3(25)
[2022-03-30T23:37:58.586+0800][86.014s] GC(89) Old regions: 238->238
[2022-03-30T23:37:58.586+0800][86.014s] GC(89) Archive regions: 0->0
[2022-03-30T23:37:58.586+0800][86.014s] GC(89) Humongous regions: 20->20
[2022-03-30T23:37:58.586+0800][86.014s] GC(89) Metaspace: 51437K(51776K)->51437K(51776K) NonClass: 45373K(45568K)->45373K(45568K) Class: 6064K(6208K)->6064K(6208K)
[2022-03-30T23:37:58.586+0800][86.014s] GC(89) Pause Young (Normal) (G1 Evacuation Pause) 454M->260M(512M) 1.433ms
[2022-03-30T23:37:58.586+0800][86.014s] GC(89) User=0.00s Sys=0.00s Real=0.00s
[2022-03-30T23:37:58.876+0800][86.304s] GC(90) Pause Young (Concurrent Start) (G1 Evacuation Pause)
[2022-03-30T23:37:58.876+0800][86.304s] GC(90) Using 8 workers of 8 for evacuation
[2022-03-30T23:37:58.888+0800][86.305s] GC(90)   Pre Evacuate Collection Set: 0.2ms
[2022-03-30T23:37:58.888+0800][86.305s] GC(90)   Merge Heap Roots: 0.1ms
[2022-03-30T23:37:58.888+0800][86.305s] GC(90)   Evacuate Collection Set: 0.6ms
[2022-03-30T23:37:58.888+0800][86.305s] GC(90)   Post Evacuate Collection Set: 0.4ms
[2022-03-30T23:37:58.888+0800][86.305s] GC(90)   Other: 0.3ms
[2022-03-30T23:37:58.888+0800][86.305s] GC(90) Eden regions: 195->0(194)
[2022-03-30T23:37:58.888+0800][86.305s] GC(90) Survivor regions: 3->4(25)
[2022-03-30T23:37:58.888+0800][86.305s] GC(90) Old regions: 238->238
[2022-03-30T23:37:58.888+0800][86.305s] GC(90) Archive regions: 0->0
[2022-03-30T23:37:58.888+0800][86.305s] GC(90) Humongous regions: 20->20
[2022-03-30T23:37:58.888+0800][86.305s] GC(90) Metaspace: 51437K(51776K)->51437K(51776K) NonClass: 45373K(45568K)->45373K(45568K) Class: 6064K(6208K)->6064K(6208K)
[2022-03-30T23:37:58.888+0800][86.305s] GC(90) Pause Young (Concurrent Start) (G1 Evacuation Pause) 455M->260M(512M) 1.748ms
[2022-03-30T23:37:58.888+0800][86.305s] GC(90) User=0.00s Sys=0.00s Real=0.01s
[2022-03-30T23:37:58.888+0800][86.306s] GC(91) Concurrent Mark Cycle
[2022-03-30T23:37:58.888+0800][86.306s] GC(91) Concurrent Clear Claimed Marks
[2022-03-30T23:37:58.888+0800][86.306s] GC(91) Concurrent Clear Claimed Marks 0.021ms
[2022-03-30T23:37:58.888+0800][86.306s] GC(91) Concurrent Scan Root Regions
[2022-03-30T23:37:58.888+0800][86.306s] GC(91) Concurrent Scan Root Regions 0.649ms
[2022-03-30T23:37:58.888+0800][86.306s] GC(91) Concurrent Mark
[2022-03-30T23:37:58.888+0800][86.306s] GC(91) Concurrent Mark From Roots
[2022-03-30T23:37:58.888+0800][86.306s] GC(91) Using 2 workers of 2 for marking
[2022-03-30T23:37:59.124+0800][86.546s] GC(91) Concurrent Mark From Roots 239.539ms
[2022-03-30T23:37:59.124+0800][86.546s] GC(91) Concurrent Preclean
[2022-03-30T23:37:59.124+0800][86.546s] GC(91) Concurrent Preclean 0.128ms
[2022-03-30T23:37:59.124+0800][86.546s] GC(91) Pause Remark
[2022-03-30T23:37:59.124+0800][86.548s] GC(91) Pause Remark 362M->362M(512M) 2.067ms
[2022-03-30T23:37:59.124+0800][86.548s] GC(91) User=0.00s Sys=0.00s Real=0.00s
[2022-03-30T23:37:59.124+0800][86.548s] GC(91) Concurrent Mark 241.970ms
[2022-03-30T23:37:59.124+0800][86.548s] GC(91) Concurrent Rebuild Remembered Sets
[2022-03-30T23:37:59.250+0800][86.668s] GC(91) Concurrent Rebuild Remembered Sets 119.380ms
[2022-03-30T23:37:59.250+0800][86.668s] GC(91) Pause Cleanup
[2022-03-30T23:37:59.250+0800][86.668s] GC(91) Pause Cleanup 407M->407M(512M) 0.214ms
[2022-03-30T23:37:59.250+0800][86.668s] GC(91) User=0.00s Sys=0.00s Real=0.00s
[2022-03-30T23:37:59.250+0800][86.668s] GC(91) Concurrent Cleanup for Next Mark
[2022-03-30T23:37:59.251+0800][86.668s] GC(91) Concurrent Cleanup for Next Mark 0.310ms
[2022-03-30T23:37:59.251+0800][86.668s] GC(91) Concurrent Mark Cycle 362.927ms
[2022-03-30T23:37:59.333+0800][86.753s] GC(92) Pause Young (Prepare Mixed) (G1 Evacuation Pause)
[2022-03-30T23:37:59.333+0800][86.753s] GC(92) Using 8 workers of 8 for evacuation
[2022-03-30T23:37:59.333+0800][86.754s] GC(92)   Pre Evacuate Collection Set: 0.0ms
[2022-03-30T23:37:59.333+0800][86.754s] GC(92)   Merge Heap Roots: 0.1ms
[2022-03-30T23:37:59.333+0800][86.754s] GC(92)   Evacuate Collection Set: 0.7ms
[2022-03-30T23:37:59.333+0800][86.754s] GC(92)   Post Evacuate Collection Set: 0.4ms
[2022-03-30T23:37:59.333+0800][86.754s] GC(92)   Other: 0.1ms
[2022-03-30T23:37:59.333+0800][86.754s] GC(92) Eden regions: 194->0(21)
[2022-03-30T23:37:59.333+0800][86.754s] GC(92) Survivor regions: 4->4(25)
[2022-03-30T23:37:59.333+0800][86.754s] GC(92) Old regions: 238->238
[2022-03-30T23:37:59.333+0800][86.754s] GC(92) Archive regions: 0->0
[2022-03-30T23:37:59.333+0800][86.754s] GC(92) Humongous regions: 20->20
[2022-03-30T23:37:59.333+0800][86.754s] GC(92) Metaspace: 51438K(51776K)->51438K(51776K) NonClass: 45374K(45568K)->45374K(45568K) Class: 6064K(6208K)->6064K(6208K)
[2022-03-30T23:37:59.333+0800][86.754s] GC(92) Pause Young (Prepare Mixed) (G1 Evacuation Pause) 454M->260M(512M) 1.497ms
[2022-03-30T23:37:59.333+0800][86.754s] GC(92) User=0.00s Sys=0.00s Real=0.00s
[2022-03-30T23:37:59.364+0800][86.789s] GC(93) Pause Young (Mixed) (G1 Evacuation Pause)
[2022-03-30T23:37:59.364+0800][86.789s] GC(93) Using 8 workers of 8 for evacuation
[2022-03-30T23:37:59.373+0800][86.790s] GC(93)   Pre Evacuate Collection Set: 0.1ms
[2022-03-30T23:37:59.373+0800][86.790s] GC(93)   Merge Heap Roots: 0.0ms
[2022-03-30T23:37:59.373+0800][86.790s] GC(93)   Evacuate Collection Set: 1.1ms
[2022-03-30T23:37:59.373+0800][86.790s] GC(93)   Post Evacuate Collection Set: 0.5ms
[2022-03-30T23:37:59.373+0800][86.790s] GC(93)   Other: 0.1ms
[2022-03-30T23:37:59.373+0800][86.790s] GC(93) Eden regions: 21->0(196)
[2022-03-30T23:37:59.373+0800][86.790s] GC(93) Survivor regions: 4->3(4)
[2022-03-30T23:37:59.373+0800][86.790s] GC(93) Old regions: 238->237
[2022-03-30T23:37:59.373+0800][86.790s] GC(93) Archive regions: 0->0
[2022-03-30T23:37:59.373+0800][86.790s] GC(93) Humongous regions: 20->20
[2022-03-30T23:37:59.373+0800][86.790s] GC(93) Metaspace: 51438K(51776K)->51438K(51776K) NonClass: 45374K(45568K)->45374K(45568K) Class: 6064K(6208K)->6064K(6208K)
[2022-03-30T23:37:59.373+0800][86.791s] GC(93) Pause Young (Mixed) (G1 Evacuation Pause) 281M->258M(512M) 2.015ms
[2022-03-30T23:37:59.373+0800][86.791s] GC(93) User=0.00s Sys=0.00s Real=0.01s
[2022-03-30T23:37:59.677+0800][87.110s] GC(94) Pause Young (Normal) (G1 Evacuation Pause)
[2022-03-30T23:37:59.677+0800][87.110s] GC(94) Using 8 workers of 8 for evacuation
[2022-03-30T23:37:59.694+0800][87.111s] GC(94)   Pre Evacuate Collection Set: 0.2ms
[2022-03-30T23:37:59.694+0800][87.111s] GC(94)   Merge Heap Roots: 0.1ms
[2022-03-30T23:37:59.694+0800][87.111s] GC(94)   Evacuate Collection Set: 0.5ms
[2022-03-30T23:37:59.694+0800][87.111s] GC(94)   Post Evacuate Collection Set: 0.2ms
[2022-03-30T23:37:59.694+0800][87.111s] GC(94)   Other: 0.1ms
[2022-03-30T23:37:59.694+0800][87.111s] GC(94) Eden regions: 196->0(196)
[2022-03-30T23:37:59.694+0800][87.111s] GC(94) Survivor regions: 3->3(25)
[2022-03-30T23:37:59.694+0800][87.111s] GC(94) Old regions: 237->237
[2022-03-30T23:37:59.694+0800][87.112s] GC(94) Archive regions: 0->0
[2022-03-30T23:37:59.694+0800][87.112s] GC(94) Humongous regions: 20->20
[2022-03-30T23:37:59.694+0800][87.112s] GC(94) Metaspace: 51438K(51776K)->51438K(51776K) NonClass: 45374K(45568K)->45374K(45568K) Class: 6064K(6208K)->6064K(6208K)
[2022-03-30T23:37:59.694+0800][87.112s] GC(94) Pause Young (Normal) (G1 Evacuation Pause) 454M->258M(512M) 1.250ms
[2022-03-30T23:37:59.694+0800][87.112s] GC(94) User=0.08s Sys=0.02s Real=0.02s
[2022-03-30T23:37:59.973+0800][87.390s] GC(95) Pause Young (Normal) (G1 Evacuation Pause)
[2022-03-30T23:37:59.973+0800][87.390s] GC(95) Using 8 workers of 8 for evacuation
[2022-03-30T23:37:59.973+0800][87.391s] GC(95)   Pre Evacuate Collection Set: 0.0ms
[2022-03-30T23:37:59.973+0800][87.391s] GC(95)   Merge Heap Roots: 0.1ms
[2022-03-30T23:37:59.973+0800][87.391s] GC(95)   Evacuate Collection Set: 0.4ms
[2022-03-30T23:37:59.973+0800][87.391s] GC(95)   Post Evacuate Collection Set: 0.5ms
[2022-03-30T23:37:59.973+0800][87.391s] GC(95)   Other: 0.1ms
[2022-03-30T23:37:59.973+0800][87.391s] GC(95) Eden regions: 196->0(196)
[2022-03-30T23:37:59.973+0800][87.391s] GC(95) Survivor regions: 3->3(25)
[2022-03-30T23:37:59.973+0800][87.391s] GC(95) Old regions: 237->237
[2022-03-30T23:37:59.973+0800][87.391s] GC(95) Archive regions: 0->0
[2022-03-30T23:37:59.973+0800][87.391s] GC(95) Humongous regions: 20->20
[2022-03-30T23:37:59.973+0800][87.391s] GC(95) Metaspace: 51440K(51776K)->51440K(51776K) NonClass: 45376K(45568K)->45376K(45568K) Class: 6064K(6208K)->6064K(6208K)
[2022-03-30T23:37:59.973+0800][87.391s] GC(95) Pause Young (Normal) (G1 Evacuation Pause) 454M->258M(512M) 1.299ms
[2022-03-30T23:37:59.973+0800][87.391s] GC(95) User=0.00s Sys=0.00s Real=0.00s
[2022-03-30T23:38:00.316+0800][87.747s] GC(96) Pause Young (Concurrent Start) (G1 Evacuation Pause)
[2022-03-30T23:38:00.316+0800][87.747s] GC(96) Using 8 workers of 8 for evacuation
[2022-03-30T23:38:00.331+0800][87.749s] GC(96)   Pre Evacuate Collection Set: 0.2ms
[2022-03-30T23:38:00.331+0800][87.749s] GC(96)   Merge Heap Roots: 0.0ms
[2022-03-30T23:38:00.331+0800][87.749s] GC(96)   Evacuate Collection Set: 0.7ms
[2022-03-30T23:38:00.331+0800][87.749s] GC(96)   Post Evacuate Collection Set: 0.3ms
[2022-03-30T23:38:00.331+0800][87.749s] GC(96)   Other: 0.2ms
[2022-03-30T23:38:00.331+0800][87.749s] GC(96) Eden regions: 196->0(196)
[2022-03-30T23:38:00.331+0800][87.749s] GC(96) Survivor regions: 3->3(25)
[2022-03-30T23:38:00.331+0800][87.749s] GC(96) Old regions: 237->237
[2022-03-30T23:38:00.331+0800][87.749s] GC(96) Archive regions: 0->0
[2022-03-30T23:38:00.331+0800][87.749s] GC(96) Humongous regions: 20->20
[2022-03-30T23:38:00.331+0800][87.749s] GC(96) Metaspace: 51440K(51776K)->51440K(51776K) NonClass: 45376K(45568K)->45376K(45568K) Class: 6064K(6208K)->6064K(6208K)
[2022-03-30T23:38:00.332+0800][87.749s] GC(96) Pause Young (Concurrent Start) (G1 Evacuation Pause) 454M->259M(512M) 1.590ms
[2022-03-30T23:38:00.332+0800][87.749s] GC(96) User=0.00s Sys=0.00s Real=0.02s
[2022-03-30T23:38:00.332+0800][87.749s] GC(97) Concurrent Mark Cycle
[2022-03-30T23:38:00.332+0800][87.749s] GC(97) Concurrent Clear Claimed Marks
[2022-03-30T23:38:00.332+0800][87.749s] GC(97) Concurrent Clear Claimed Marks 0.020ms
[2022-03-30T23:38:00.332+0800][87.749s] GC(97) Concurrent Scan Root Regions
[2022-03-30T23:38:00.332+0800][87.750s] GC(97) Concurrent Scan Root Regions 0.697ms
[2022-03-30T23:38:00.332+0800][87.750s] GC(97) Concurrent Mark
[2022-03-30T23:38:00.332+0800][87.750s] GC(97) Concurrent Mark From Roots
[2022-03-30T23:38:00.332+0800][87.750s] GC(97) Using 2 workers of 2 for marking
[2022-03-30T23:38:00.544+0800][87.972s] GC(97) Concurrent Mark From Roots 221.872ms
[2022-03-30T23:38:00.544+0800][87.972s] GC(97) Concurrent Preclean
[2022-03-30T23:38:00.544+0800][87.972s] GC(97) Concurrent Preclean 0.128ms
[2022-03-30T23:38:00.544+0800][87.972s] GC(97) Pause Remark
[2022-03-30T23:38:00.544+0800][87.974s] GC(97) Pause Remark 371M->371M(512M) 2.124ms
[2022-03-30T23:38:00.544+0800][87.974s] GC(97) User=0.00s Sys=0.00s Real=0.00s
[2022-03-30T23:38:00.544+0800][87.974s] GC(97) Concurrent Mark 224.459ms
[2022-03-30T23:38:00.544+0800][87.974s] GC(97) Concurrent Rebuild Remembered Sets
[2022-03-30T23:38:00.686+0800][88.103s] GC(97) Concurrent Rebuild Remembered Sets 129.004ms
[2022-03-30T23:38:00.686+0800][88.104s] GC(97) Pause Cleanup
[2022-03-30T23:38:00.686+0800][88.105s] GC(97) Pause Cleanup 421M->421M(512M) 0.141ms
[2022-03-30T23:38:00.686+0800][88.105s] GC(97) User=0.00s Sys=0.00s Real=0.00s
[2022-03-30T23:38:00.686+0800][88.105s] GC(97) Concurrent Cleanup for Next Mark
[2022-03-30T23:38:00.686+0800][88.105s] GC(97) Concurrent Cleanup for Next Mark 0.479ms
[2022-03-30T23:38:00.686+0800][88.105s] GC(97) Concurrent Mark Cycle 356.293ms
[2022-03-30T23:38:00.752+0800][88.171s] GC(98) Pause Young (Prepare Mixed) (G1 Evacuation Pause)
[2022-03-30T23:38:00.752+0800][88.171s] GC(98) Using 8 workers of 8 for evacuation
[2022-03-30T23:38:00.752+0800][88.173s] GC(98)   Pre Evacuate Collection Set: 0.1ms
[2022-03-30T23:38:00.752+0800][88.173s] GC(98)   Merge Heap Roots: 0.1ms
[2022-03-30T23:38:00.752+0800][88.173s] GC(98)   Evacuate Collection Set: 0.8ms
[2022-03-30T23:38:00.752+0800][88.173s] GC(98)   Post Evacuate Collection Set: 0.4ms
[2022-03-30T23:38:00.752+0800][88.173s] GC(98)   Other: 0.1ms
[2022-03-30T23:38:00.752+0800][88.173s] GC(98) Eden regions: 196->0(21)
[2022-03-30T23:38:00.752+0800][88.173s] GC(98) Survivor regions: 3->4(25)
[2022-03-30T23:38:00.752+0800][88.173s] GC(98) Old regions: 237->237
[2022-03-30T23:38:00.752+0800][88.173s] GC(98) Archive regions: 0->0
[2022-03-30T23:38:00.752+0800][88.173s] GC(98) Humongous regions: 20->20
[2022-03-30T23:38:00.752+0800][88.173s] GC(98) Metaspace: 51440K(51776K)->51440K(51776K) NonClass: 45376K(45568K)->45376K(45568K) Class: 6064K(6208K)->6064K(6208K)
[2022-03-30T23:38:00.752+0800][88.173s] GC(98) Pause Young (Prepare Mixed) (G1 Evacuation Pause) 455M->259M(512M) 1.554ms
[2022-03-30T23:38:00.752+0800][88.173s] GC(98) User=0.00s Sys=0.00s Real=0.00s
[2022-03-30T23:38:00.784+0800][88.209s] GC(99) Pause Young (Mixed) (G1 Evacuation Pause)
[2022-03-30T23:38:00.784+0800][88.209s] GC(99) Using 8 workers of 8 for evacuation
[2022-03-30T23:38:00.794+0800][88.211s] GC(99)   Pre Evacuate Collection Set: 0.1ms
[2022-03-30T23:38:00.794+0800][88.211s] GC(99)   Merge Heap Roots: 0.1ms
[2022-03-30T23:38:00.794+0800][88.211s] GC(99)   Evacuate Collection Set: 1.2ms
[2022-03-30T23:38:00.794+0800][88.211s] GC(99)   Post Evacuate Collection Set: 0.3ms
[2022-03-30T23:38:00.794+0800][88.211s] GC(99)   Other: 0.1ms
[2022-03-30T23:38:00.794+0800][88.211s] GC(99) Eden regions: 21->0(196)
[2022-03-30T23:38:00.794+0800][88.211s] GC(99) Survivor regions: 4->3(4)
[2022-03-30T23:38:00.794+0800][88.211s] GC(99) Old regions: 237->236
[2022-03-30T23:38:00.794+0800][88.211s] GC(99) Archive regions: 0->0
[2022-03-30T23:38:00.794+0800][88.211s] GC(99) Humongous regions: 20->20
[2022-03-30T23:38:00.794+0800][88.211s] GC(99) Metaspace: 51440K(51776K)->51440K(51776K) NonClass: 45376K(45568K)->45376K(45568K) Class: 6064K(6208K)->6064K(6208K)
[2022-03-30T23:38:00.794+0800][88.211s] GC(99) Pause Young (Mixed) (G1 Evacuation Pause) 280M->257M(512M) 1.917ms
[2022-03-30T23:38:00.794+0800][88.211s] GC(99) User=0.00s Sys=0.00s Real=0.01s
[2022-03-30T23:38:01.098+0800][88.530s] GC(100) Pause Young (Normal) (G1 Evacuation Pause)
[2022-03-30T23:38:01.098+0800][88.530s] GC(100) Using 8 workers of 8 for evacuation
[2022-03-30T23:38:01.098+0800][88.531s] GC(100)   Pre Evacuate Collection Set: 0.1ms
[2022-03-30T23:38:01.098+0800][88.531s] GC(100)   Merge Heap Roots: 0.1ms
[2022-03-30T23:38:01.098+0800][88.531s] GC(100)   Evacuate Collection Set: 0.5ms
[2022-03-30T23:38:01.098+0800][88.531s] GC(100)   Post Evacuate Collection Set: 0.5ms
[2022-03-30T23:38:01.098+0800][88.531s] GC(100)   Other: 0.2ms
[2022-03-30T23:38:01.098+0800][88.531s] GC(100) Eden regions: 196->0(196)
[2022-03-30T23:38:01.098+0800][88.531s] GC(100) Survivor regions: 3->3(25)
[2022-03-30T23:38:01.098+0800][88.531s] GC(100) Old regions: 236->236
[2022-03-30T23:38:01.098+0800][88.531s] GC(100) Archive regions: 0->0
[2022-03-30T23:38:01.098+0800][88.531s] GC(100) Humongous regions: 20->20
[2022-03-30T23:38:01.098+0800][88.531s] GC(100) Metaspace: 51440K(51776K)->51440K(51776K) NonClass: 45376K(45568K)->45376K(45568K) Class: 6064K(6208K)->6064K(6208K)
[2022-03-30T23:38:01.098+0800][88.531s] GC(100) Pause Young (Normal) (G1 Evacuation Pause) 453M->257M(512M) 1.344ms
[2022-03-30T23:38:01.098+0800][88.531s] GC(100) User=0.00s Sys=0.00s Real=0.00s
[2022-03-30T23:38:01.388+0800][88.806s] GC(101) Pause Young (Normal) (G1 Evacuation Pause)
[2022-03-30T23:38:01.388+0800][88.806s] GC(101) Using 8 workers of 8 for evacuation
[2022-03-30T23:38:01.390+0800][88.807s] GC(101)   Pre Evacuate Collection Set: 0.1ms
[2022-03-30T23:38:01.390+0800][88.807s] GC(101)   Merge Heap Roots: 0.1ms
[2022-03-30T23:38:01.390+0800][88.807s] GC(101)   Evacuate Collection Set: 0.5ms
[2022-03-30T23:38:01.390+0800][88.807s] GC(101)   Post Evacuate Collection Set: 0.4ms
[2022-03-30T23:38:01.390+0800][88.807s] GC(101)   Other: 0.1ms
[2022-03-30T23:38:01.390+0800][88.807s] GC(101) Eden regions: 196->0(196)
[2022-03-30T23:38:01.390+0800][88.807s] GC(101) Survivor regions: 3->3(25)
[2022-03-30T23:38:01.390+0800][88.807s] GC(101) Old regions: 236->236
[2022-03-30T23:38:01.390+0800][88.807s] GC(101) Archive regions: 0->0
[2022-03-30T23:38:01.390+0800][88.807s] GC(101) Humongous regions: 20->20
[2022-03-30T23:38:01.390+0800][88.807s] GC(101) Metaspace: 51440K(51776K)->51440K(51776K) NonClass: 45376K(45568K)->45376K(45568K) Class: 6064K(6208K)->6064K(6208K)
[2022-03-30T23:38:01.390+0800][88.807s] GC(101) Pause Young (Normal) (G1 Evacuation Pause) 453M->257M(512M) 1.417ms
[2022-03-30T23:38:01.390+0800][88.807s] GC(101) User=0.00s Sys=0.00s Real=0.00s
[2022-03-30T23:38:01.702+0800][89.121s] GC(102) Pause Young (Concurrent Start) (G1 Evacuation Pause)
[2022-03-30T23:38:01.702+0800][89.121s] GC(102) Using 8 workers of 8 for evacuation
[2022-03-30T23:38:01.702+0800][89.122s] GC(102)   Pre Evacuate Collection Set: 0.1ms
[2022-03-30T23:38:01.702+0800][89.122s] GC(102)   Merge Heap Roots: 0.1ms
[2022-03-30T23:38:01.702+0800][89.122s] GC(102)   Evacuate Collection Set: 0.6ms
[2022-03-30T23:38:01.702+0800][89.122s] GC(102)   Post Evacuate Collection Set: 0.4ms
[2022-03-30T23:38:01.702+0800][89.122s] GC(102)   Other: 0.1ms
[2022-03-30T23:38:01.702+0800][89.122s] GC(102) Eden regions: 196->0(196)
[2022-03-30T23:38:01.702+0800][89.122s] GC(102) Survivor regions: 3->4(25)
[2022-03-30T23:38:01.702+0800][89.122s] GC(102) Old regions: 236->236
[2022-03-30T23:38:01.702+0800][89.122s] GC(102) Archive regions: 0->0
[2022-03-30T23:38:01.702+0800][89.122s] GC(102) Humongous regions: 20->20
[2022-03-30T23:38:01.702+0800][89.122s] GC(102) Metaspace: 51440K(51776K)->51440K(51776K) NonClass: 45376K(45568K)->45376K(45568K) Class: 6064K(6208K)->6064K(6208K)
[2022-03-30T23:38:01.702+0800][89.122s] GC(102) Pause Young (Concurrent Start) (G1 Evacuation Pause) 453M->258M(512M) 1.490ms
[2022-03-30T23:38:01.702+0800][89.122s] GC(102) User=0.00s Sys=0.00s Real=0.00s
[2022-03-30T23:38:01.702+0800][89.123s] GC(103) Concurrent Mark Cycle
[2022-03-30T23:38:01.702+0800][89.123s] GC(103) Concurrent Clear Claimed Marks
[2022-03-30T23:38:01.702+0800][89.123s] GC(103) Concurrent Clear Claimed Marks 0.014ms
[2022-03-30T23:38:01.702+0800][89.123s] GC(103) Concurrent Scan Root Regions
[2022-03-30T23:38:01.702+0800][89.124s] GC(103) Concurrent Scan Root Regions 0.971ms
[2022-03-30T23:38:01.702+0800][89.124s] GC(103) Concurrent Mark
[2022-03-30T23:38:01.702+0800][89.124s] GC(103) Concurrent Mark From Roots
[2022-03-30T23:38:01.702+0800][89.124s] GC(103) Using 2 workers of 2 for marking
[2022-03-30T23:38:01.899+0800][89.322s] GC(103) Concurrent Mark From Roots 198.116ms
[2022-03-30T23:38:01.899+0800][89.322s] GC(103) Concurrent Preclean
[2022-03-30T23:38:01.899+0800][89.322s] GC(103) Concurrent Preclean 0.120ms
[2022-03-30T23:38:01.899+0800][89.322s] GC(103) Pause Remark
[2022-03-30T23:38:01.899+0800][89.324s] GC(103) Pause Remark 353M->353M(512M) 1.883ms
[2022-03-30T23:38:01.899+0800][89.324s] GC(103) User=0.00s Sys=0.00s Real=0.00s
[2022-03-30T23:38:01.899+0800][89.324s] GC(103) Concurrent Mark 200.359ms
[2022-03-30T23:38:01.899+0800][89.324s] GC(103) Concurrent Rebuild Remembered Sets
[2022-03-30T23:38:02.012+0800][89.430s] GC(103) Concurrent Rebuild Remembered Sets 106.290ms
[2022-03-30T23:38:02.012+0800][89.430s] GC(103) Pause Cleanup
[2022-03-30T23:38:02.012+0800][89.431s] GC(103) Pause Cleanup 407M->407M(512M) 0.145ms
[2022-03-30T23:38:02.012+0800][89.431s] GC(103) User=0.00s Sys=0.00s Real=0.00s
[2022-03-30T23:38:02.014+0800][89.431s] GC(103) Concurrent Cleanup for Next Mark
[2022-03-30T23:38:02.014+0800][89.431s] GC(103) Concurrent Cleanup for Next Mark 0.243ms
[2022-03-30T23:38:02.014+0800][89.431s] GC(103) Concurrent Mark Cycle 308.395ms
[2022-03-30T23:38:02.081+0800][89.510s] GC(104) Pause Young (Prepare Mixed) (G1 Evacuation Pause)
[2022-03-30T23:38:02.081+0800][89.510s] GC(104) Using 8 workers of 8 for evacuation
[2022-03-30T23:38:02.094+0800][89.511s] GC(104)   Pre Evacuate Collection Set: 0.1ms
[2022-03-30T23:38:02.094+0800][89.511s] GC(104)   Merge Heap Roots: 0.1ms
[2022-03-30T23:38:02.094+0800][89.511s] GC(104)   Evacuate Collection Set: 0.8ms
[2022-03-30T23:38:02.094+0800][89.511s] GC(104)   Post Evacuate Collection Set: 0.3ms
[2022-03-30T23:38:02.094+0800][89.511s] GC(104)   Other: 0.1ms
[2022-03-30T23:38:02.094+0800][89.511s] GC(104) Eden regions: 196->0(21)
[2022-03-30T23:38:02.094+0800][89.511s] GC(104) Survivor regions: 4->4(25)
[2022-03-30T23:38:02.094+0800][89.511s] GC(104) Old regions: 236->236
[2022-03-30T23:38:02.094+0800][89.511s] GC(104) Archive regions: 0->0
[2022-03-30T23:38:02.094+0800][89.511s] GC(104) Humongous regions: 20->20
[2022-03-30T23:38:02.094+0800][89.511s] GC(104) Metaspace: 51440K(51776K)->51440K(51776K) NonClass: 45376K(45568K)->45376K(45568K) Class: 6064K(6208K)->6064K(6208K)
[2022-03-30T23:38:02.094+0800][89.511s] GC(104) Pause Young (Prepare Mixed) (G1 Evacuation Pause) 454M->258M(512M) 1.501ms
[2022-03-30T23:38:02.094+0800][89.511s] GC(104) User=0.08s Sys=0.02s Real=0.01s
[2022-03-30T23:38:02.127+0800][89.545s] GC(105) Pause Young (Mixed) (G1 Evacuation Pause)
[2022-03-30T23:38:02.127+0800][89.545s] GC(105) Using 8 workers of 8 for evacuation
[2022-03-30T23:38:02.127+0800][89.547s] GC(105)   Pre Evacuate Collection Set: 0.1ms
[2022-03-30T23:38:02.127+0800][89.547s] GC(105)   Merge Heap Roots: 0.1ms
[2022-03-30T23:38:02.127+0800][89.547s] GC(105)   Evacuate Collection Set: 1.5ms
[2022-03-30T23:38:02.127+0800][89.547s] GC(105)   Post Evacuate Collection Set: 0.5ms
[2022-03-30T23:38:02.127+0800][89.547s] GC(105)   Other: 0.2ms
[2022-03-30T23:38:02.127+0800][89.547s] GC(105) Eden regions: 21->0(198)
[2022-03-30T23:38:02.127+0800][89.548s] GC(105) Survivor regions: 4->2(4)
[2022-03-30T23:38:02.127+0800][89.548s] GC(105) Old regions: 236->235
[2022-03-30T23:38:02.127+0800][89.548s] GC(105) Archive regions: 0->0
[2022-03-30T23:38:02.127+0800][89.548s] GC(105) Humongous regions: 20->20
[2022-03-30T23:38:02.127+0800][89.548s] GC(105) Metaspace: 51440K(51776K)->51440K(51776K) NonClass: 45376K(45568K)->45376K(45568K) Class: 6064K(6208K)->6064K(6208K)
[2022-03-30T23:38:02.127+0800][89.548s] GC(105) Pause Young (Mixed) (G1 Evacuation Pause) 279M->256M(512M) 2.505ms
[2022-03-30T23:38:02.127+0800][89.548s] GC(105) User=0.00s Sys=0.00s Real=0.00s
[2022-03-30T23:38:02.510+0800][89.936s] GC(106) Pause Young (Normal) (G1 Evacuation Pause)
[2022-03-30T23:38:02.510+0800][89.936s] GC(106) Using 8 workers of 8 for evacuation
[2022-03-30T23:38:02.520+0800][89.937s] GC(106)   Pre Evacuate Collection Set: 0.1ms
[2022-03-30T23:38:02.520+0800][89.938s] GC(106)   Merge Heap Roots: 0.1ms
[2022-03-30T23:38:02.520+0800][89.938s] GC(106)   Evacuate Collection Set: 0.8ms
[2022-03-30T23:38:02.520+0800][89.938s] GC(106)   Post Evacuate Collection Set: 0.6ms
[2022-03-30T23:38:02.520+0800][89.938s] GC(106)   Other: 0.2ms
[2022-03-30T23:38:02.520+0800][89.938s] GC(106) Eden regions: 198->0(197)
[2022-03-30T23:38:02.520+0800][89.938s] GC(106) Survivor regions: 2->3(25)
[2022-03-30T23:38:02.520+0800][89.938s] GC(106) Old regions: 235->235
[2022-03-30T23:38:02.520+0800][89.938s] GC(106) Archive regions: 0->0
[2022-03-30T23:38:02.520+0800][89.938s] GC(106) Humongous regions: 20->20
[2022-03-30T23:38:02.520+0800][89.938s] GC(106) Metaspace: 51440K(51776K)->51440K(51776K) NonClass: 45376K(45568K)->45376K(45568K) Class: 6064K(6208K)->6064K(6208K)
[2022-03-30T23:38:02.520+0800][89.938s] GC(106) Pause Young (Normal) (G1 Evacuation Pause) 454M->257M(512M) 2.011ms
[2022-03-30T23:38:02.520+0800][89.938s] GC(106) User=0.00s Sys=0.00s Real=0.01s
[2022-03-30T23:38:03.204+0800][90.621s] GC(107) Pause Young (Normal) (G1 Evacuation Pause)
[2022-03-30T23:38:03.204+0800][90.621s] GC(107) Using 8 workers of 8 for evacuation
[2022-03-30T23:38:03.205+0800][90.622s] GC(107)   Pre Evacuate Collection Set: 0.1ms
[2022-03-30T23:38:03.205+0800][90.622s] GC(107)   Merge Heap Roots: 0.1ms
[2022-03-30T23:38:03.205+0800][90.622s] GC(107)   Evacuate Collection Set: 0.6ms
[2022-03-30T23:38:03.205+0800][90.622s] GC(107)   Post Evacuate Collection Set: 0.5ms
[2022-03-30T23:38:03.205+0800][90.622s] GC(107)   Other: 0.1ms
[2022-03-30T23:38:03.205+0800][90.622s] GC(107) Eden regions: 197->0(197)
[2022-03-30T23:38:03.205+0800][90.622s] GC(107) Survivor regions: 3->3(25)
[2022-03-30T23:38:03.205+0800][90.622s] GC(107) Old regions: 235->235
[2022-03-30T23:38:03.205+0800][90.622s] GC(107) Archive regions: 0->0
[2022-03-30T23:38:03.205+0800][90.622s] GC(107) Humongous regions: 20->20
[2022-03-30T23:38:03.205+0800][90.622s] GC(107) Metaspace: 51440K(51776K)->51440K(51776K) NonClass: 45376K(45568K)->45376K(45568K) Class: 6064K(6208K)->6064K(6208K)
[2022-03-30T23:38:03.205+0800][90.622s] GC(107) Pause Young (Normal) (G1 Evacuation Pause) 454M->257M(512M) 1.678ms
[2022-03-30T23:38:03.205+0800][90.622s] GC(107) User=0.00s Sys=0.00s Real=0.00s
[2022-03-30T23:38:03.943+0800][91.374s] GC(108) Pause Young (Concurrent Start) (G1 Evacuation Pause)
[2022-03-30T23:38:03.943+0800][91.374s] GC(108) Using 8 workers of 8 for evacuation
[2022-03-30T23:38:03.943+0800][91.376s] GC(108)   Pre Evacuate Collection Set: 0.1ms
[2022-03-30T23:38:03.943+0800][91.376s] GC(108)   Merge Heap Roots: 0.1ms
[2022-03-30T23:38:03.943+0800][91.376s] GC(108)   Evacuate Collection Set: 0.9ms
[2022-03-30T23:38:03.943+0800][91.376s] GC(108)   Post Evacuate Collection Set: 0.5ms
[2022-03-30T23:38:03.943+0800][91.376s] GC(108)   Other: 0.2ms
[2022-03-30T23:38:03.943+0800][91.376s] GC(108) Eden regions: 197->0(196)
[2022-03-30T23:38:03.943+0800][91.376s] GC(108) Survivor regions: 3->4(25)
[2022-03-30T23:38:03.943+0800][91.376s] GC(108) Old regions: 235->235
[2022-03-30T23:38:03.943+0800][91.376s] GC(108) Archive regions: 0->0
[2022-03-30T23:38:03.943+0800][91.376s] GC(108) Humongous regions: 20->20
[2022-03-30T23:38:03.943+0800][91.376s] GC(108) Metaspace: 51441K(51776K)->51441K(51776K) NonClass: 45377K(45568K)->45377K(45568K) Class: 6064K(6208K)->6064K(6208K)
[2022-03-30T23:38:03.959+0800][91.376s] GC(108) Pause Young (Concurrent Start) (G1 Evacuation Pause) 454M->257M(512M) 2.220ms
[2022-03-30T23:38:03.959+0800][91.376s] GC(108) User=0.02s Sys=0.00s Real=0.02s
[2022-03-30T23:38:03.959+0800][91.376s] GC(109) Concurrent Mark Cycle
[2022-03-30T23:38:03.959+0800][91.376s] GC(109) Concurrent Clear Claimed Marks
[2022-03-30T23:38:03.959+0800][91.376s] GC(109) Concurrent Clear Claimed Marks 0.039ms
[2022-03-30T23:38:03.959+0800][91.376s] GC(109) Concurrent Scan Root Regions
[2022-03-30T23:38:03.960+0800][91.377s] GC(109) Concurrent Scan Root Regions 0.664ms
[2022-03-30T23:38:03.960+0800][91.377s] GC(109) Concurrent Mark
[2022-03-30T23:38:03.960+0800][91.377s] GC(109) Concurrent Mark From Roots
[2022-03-30T23:38:03.960+0800][91.377s] GC(109) Using 2 workers of 2 for marking
[2022-03-30T23:38:04.411+0800][91.839s] GC(109) Concurrent Mark From Roots 462.214ms
[2022-03-30T23:38:04.411+0800][91.839s] GC(109) Concurrent Preclean
[2022-03-30T23:38:04.411+0800][91.840s] GC(109) Concurrent Preclean 0.183ms
[2022-03-30T23:38:04.411+0800][91.840s] GC(109) Pause Remark
[2022-03-30T23:38:04.425+0800][91.842s] GC(109) Pause Remark 395M->395M(512M) 2.049ms
[2022-03-30T23:38:04.425+0800][91.842s] GC(109) User=0.11s Sys=0.00s Real=0.01s
[2022-03-30T23:38:04.425+0800][91.842s] GC(109) Concurrent Mark 464.780ms
[2022-03-30T23:38:04.425+0800][91.842s] GC(109) Concurrent Rebuild Remembered Sets
[2022-03-30T23:38:04.602+0800][92.020s] GC(109) Concurrent Rebuild Remembered Sets 177.681ms
[2022-03-30T23:38:04.602+0800][92.020s] GC(109) Pause Cleanup
[2022-03-30T23:38:04.603+0800][92.020s] GC(109) Pause Cleanup 444M->444M(512M) 0.202ms
[2022-03-30T23:38:04.603+0800][92.020s] GC(109) User=0.00s Sys=0.00s Real=0.00s
[2022-03-30T23:38:04.603+0800][92.020s] GC(109) Concurrent Cleanup for Next Mark
[2022-03-30T23:38:04.603+0800][92.020s] GC(109) Concurrent Cleanup for Next Mark 0.310ms
[2022-03-30T23:38:04.603+0800][92.020s] GC(109) Concurrent Mark Cycle 644.224ms
[2022-03-30T23:38:04.634+0800][92.054s] GC(110) Pause Young (Prepare Mixed) (G1 Evacuation Pause)
[2022-03-30T23:38:04.634+0800][92.054s] GC(110) Using 8 workers of 8 for evacuation
[2022-03-30T23:38:04.638+0800][92.056s] GC(110)   Pre Evacuate Collection Set: 0.1ms
[2022-03-30T23:38:04.638+0800][92.056s] GC(110)   Merge Heap Roots: 0.1ms
[2022-03-30T23:38:04.638+0800][92.056s] GC(110)   Evacuate Collection Set: 0.9ms
[2022-03-30T23:38:04.638+0800][92.056s] GC(110)   Post Evacuate Collection Set: 0.3ms
[2022-03-30T23:38:04.638+0800][92.056s] GC(110)   Other: 0.2ms
[2022-03-30T23:38:04.638+0800][92.056s] GC(110) Eden regions: 196->0(21)
[2022-03-30T23:38:04.638+0800][92.056s] GC(110) Survivor regions: 4->4(25)
[2022-03-30T23:38:04.638+0800][92.056s] GC(110) Old regions: 235->235
[2022-03-30T23:38:04.638+0800][92.056s] GC(110) Archive regions: 0->0
[2022-03-30T23:38:04.638+0800][92.056s] GC(110) Humongous regions: 20->20
[2022-03-30T23:38:04.638+0800][92.056s] GC(110) Metaspace: 51442K(51776K)->51442K(51776K) NonClass: 45378K(45568K)->45378K(45568K) Class: 6064K(6208K)->6064K(6208K)
[2022-03-30T23:38:04.638+0800][92.056s] GC(110) Pause Young (Prepare Mixed) (G1 Evacuation Pause) 453M->257M(512M) 1.785ms
[2022-03-30T23:38:04.638+0800][92.056s] GC(110) User=0.00s Sys=0.00s Real=0.00s
[2022-03-30T23:38:04.699+0800][92.117s] GC(111) Pause Young (Mixed) (G1 Evacuation Pause)
[2022-03-30T23:38:04.699+0800][92.117s] GC(111) Using 8 workers of 8 for evacuation
[2022-03-30T23:38:04.702+0800][92.119s] GC(111)   Pre Evacuate Collection Set: 0.1ms
[2022-03-30T23:38:04.702+0800][92.119s] GC(111)   Merge Heap Roots: 0.1ms
[2022-03-30T23:38:04.702+0800][92.119s] GC(111)   Evacuate Collection Set: 1.5ms
[2022-03-30T23:38:04.702+0800][92.119s] GC(111)   Post Evacuate Collection Set: 0.2ms
[2022-03-30T23:38:04.702+0800][92.119s] GC(111)   Other: 0.2ms
[2022-03-30T23:38:04.702+0800][92.119s] GC(111) Eden regions: 21->0(197)
[2022-03-30T23:38:04.702+0800][92.119s] GC(111) Survivor regions: 4->2(4)
[2022-03-30T23:38:04.702+0800][92.119s] GC(111) Old regions: 235->236
[2022-03-30T23:38:04.702+0800][92.119s] GC(111) Archive regions: 0->0
[2022-03-30T23:38:04.702+0800][92.119s] GC(111) Humongous regions: 20->20
[2022-03-30T23:38:04.702+0800][92.119s] GC(111) Metaspace: 51442K(51776K)->51442K(51776K) NonClass: 45378K(45568K)->45378K(45568K) Class: 6064K(6208K)->6064K(6208K)
[2022-03-30T23:38:04.702+0800][92.119s] GC(111) Pause Young (Mixed) (G1 Evacuation Pause) 278M->256M(512M) 2.370ms
[2022-03-30T23:38:04.702+0800][92.119s] GC(111) User=0.00s Sys=0.00s Real=0.00s
[2022-03-30T23:38:05.351+0800][92.774s] GC(112) Pause Young (Normal) (G1 Evacuation Pause)
[2022-03-30T23:38:05.351+0800][92.774s] GC(112) Using 8 workers of 8 for evacuation
[2022-03-30T23:38:05.351+0800][92.775s] GC(112)   Pre Evacuate Collection Set: 0.1ms
[2022-03-30T23:38:05.351+0800][92.775s] GC(112)   Merge Heap Roots: 0.1ms
[2022-03-30T23:38:05.351+0800][92.775s] GC(112)   Evacuate Collection Set: 0.6ms
[2022-03-30T23:38:05.351+0800][92.775s] GC(112)   Post Evacuate Collection Set: 0.4ms
[2022-03-30T23:38:05.351+0800][92.775s] GC(112)   Other: 0.1ms
[2022-03-30T23:38:05.351+0800][92.775s] GC(112) Eden regions: 197->0(198)
[2022-03-30T23:38:05.351+0800][92.775s] GC(112) Survivor regions: 2->2(25)
[2022-03-30T23:38:05.351+0800][92.775s] GC(112) Old regions: 236->236
[2022-03-30T23:38:05.351+0800][92.775s] GC(112) Archive regions: 0->0
[2022-03-30T23:38:05.351+0800][92.775s] GC(112) Humongous regions: 20->20
[2022-03-30T23:38:05.351+0800][92.775s] GC(112) Metaspace: 51442K(51776K)->51442K(51776K) NonClass: 45378K(45568K)->45378K(45568K) Class: 6064K(6208K)->6064K(6208K)
[2022-03-30T23:38:05.351+0800][92.775s] GC(112) Pause Young (Normal) (G1 Evacuation Pause) 453M->257M(512M) 1.428ms
[2022-03-30T23:38:05.351+0800][92.775s] GC(112) User=0.00s Sys=0.00s Real=0.00s
[2022-03-30T23:38:05.987+0800][93.406s] GC(113) Pause Young (Normal) (G1 Evacuation Pause)
[2022-03-30T23:38:05.987+0800][93.406s] GC(113) Using 8 workers of 8 for evacuation
[2022-03-30T23:38:05.990+0800][93.407s] GC(113)   Pre Evacuate Collection Set: 0.1ms
[2022-03-30T23:38:05.990+0800][93.407s] GC(113)   Merge Heap Roots: 0.0ms
[2022-03-30T23:38:05.990+0800][93.407s] GC(113)   Evacuate Collection Set: 0.6ms
[2022-03-30T23:38:05.990+0800][93.407s] GC(113)   Post Evacuate Collection Set: 0.3ms
[2022-03-30T23:38:05.990+0800][93.407s] GC(113)   Other: 0.1ms
[2022-03-30T23:38:05.990+0800][93.407s] GC(113) Eden regions: 198->0(196)
[2022-03-30T23:38:05.990+0800][93.407s] GC(113) Survivor regions: 2->3(25)
[2022-03-30T23:38:05.990+0800][93.407s] GC(113) Old regions: 236->236
[2022-03-30T23:38:05.990+0800][93.407s] GC(113) Archive regions: 0->0
[2022-03-30T23:38:05.990+0800][93.407s] GC(113) Humongous regions: 20->20
[2022-03-30T23:38:05.990+0800][93.407s] GC(113) Metaspace: 51442K(51776K)->51442K(51776K) NonClass: 45378K(45568K)->45378K(45568K) Class: 6064K(6208K)->6064K(6208K)
[2022-03-30T23:38:05.990+0800][93.407s] GC(113) Pause Young (Normal) (G1 Evacuation Pause) 455M->257M(512M) 1.203ms
[2022-03-30T23:38:05.990+0800][93.407s] GC(113) User=0.00s Sys=0.00s Real=0.00s
[2022-03-30T23:38:06.652+0800][94.077s] GC(114) Pause Young (Concurrent Start) (G1 Evacuation Pause)
[2022-03-30T23:38:06.652+0800][94.077s] GC(114) Using 8 workers of 8 for evacuation
[2022-03-30T23:38:06.662+0800][94.079s] GC(114)   Pre Evacuate Collection Set: 0.1ms
[2022-03-30T23:38:06.662+0800][94.079s] GC(114)   Merge Heap Roots: 0.1ms
[2022-03-30T23:38:06.662+0800][94.079s] GC(114)   Evacuate Collection Set: 0.8ms
[2022-03-30T23:38:06.662+0800][94.079s] GC(114)   Post Evacuate Collection Set: 0.6ms
[2022-03-30T23:38:06.662+0800][94.079s] GC(114)   Other: 0.2ms
[2022-03-30T23:38:06.662+0800][94.079s] GC(114) Eden regions: 196->0(196)
[2022-03-30T23:38:06.662+0800][94.079s] GC(114) Survivor regions: 3->3(25)
[2022-03-30T23:38:06.662+0800][94.079s] GC(114) Old regions: 236->236
[2022-03-30T23:38:06.662+0800][94.079s] GC(114) Archive regions: 0->0
[2022-03-30T23:38:06.662+0800][94.079s] GC(114) Humongous regions: 20->20
[2022-03-30T23:38:06.662+0800][94.079s] GC(114) Metaspace: 51442K(51776K)->51442K(51776K) NonClass: 45378K(45568K)->45378K(45568K) Class: 6064K(6208K)->6064K(6208K)
[2022-03-30T23:38:06.662+0800][94.079s] GC(114) Pause Young (Concurrent Start) (G1 Evacuation Pause) 453M->258M(512M) 2.103ms
[2022-03-30T23:38:06.662+0800][94.079s] GC(114) User=0.00s Sys=0.00s Real=0.01s
[2022-03-30T23:38:06.662+0800][94.079s] GC(115) Concurrent Mark Cycle
[2022-03-30T23:38:06.662+0800][94.079s] GC(115) Concurrent Clear Claimed Marks
[2022-03-30T23:38:06.662+0800][94.079s] GC(115) Concurrent Clear Claimed Marks 0.034ms
[2022-03-30T23:38:06.662+0800][94.079s] GC(115) Concurrent Scan Root Regions
[2022-03-30T23:38:06.662+0800][94.080s] GC(115) Concurrent Scan Root Regions 0.908ms
[2022-03-30T23:38:06.662+0800][94.080s] GC(115) Concurrent Mark
[2022-03-30T23:38:06.662+0800][94.080s] GC(115) Concurrent Mark From Roots
[2022-03-30T23:38:06.662+0800][94.080s] GC(115) Using 2 workers of 2 for marking
[2022-03-30T23:38:07.035+0800][94.452s] GC(115) Concurrent Mark From Roots 371.975ms
[2022-03-30T23:38:07.035+0800][94.452s] GC(115) Concurrent Preclean
[2022-03-30T23:38:07.035+0800][94.452s] GC(115) Concurrent Preclean 0.142ms
[2022-03-30T23:38:07.035+0800][94.453s] GC(115) Pause Remark
[2022-03-30T23:38:07.037+0800][94.454s] GC(115) Pause Remark 371M->371M(512M) 1.865ms
[2022-03-30T23:38:07.037+0800][94.455s] GC(115) User=0.00s Sys=0.00s Real=0.00s
[2022-03-30T23:38:07.037+0800][94.455s] GC(115) Concurrent Mark 374.296ms
[2022-03-30T23:38:07.037+0800][94.455s] GC(115) Concurrent Rebuild Remembered Sets
[2022-03-30T23:38:07.212+0800][94.629s] GC(115) Concurrent Rebuild Remembered Sets 174.822ms
[2022-03-30T23:38:07.212+0800][94.630s] GC(115) Pause Cleanup
[2022-03-30T23:38:07.212+0800][94.630s] GC(115) Pause Cleanup 413M->413M(512M) 0.166ms
[2022-03-30T23:38:07.212+0800][94.630s] GC(115) User=0.00s Sys=0.00s Real=0.00s
[2022-03-30T23:38:07.212+0800][94.630s] GC(115) Concurrent Cleanup for Next Mark
[2022-03-30T23:38:07.213+0800][94.630s] GC(115) Concurrent Cleanup for Next Mark 0.234ms
[2022-03-30T23:38:07.213+0800][94.630s] GC(115) Concurrent Mark Cycle 550.939ms
[2022-03-30T23:38:07.320+0800][94.746s] GC(116) Pause Young (Prepare Mixed) (G1 Evacuation Pause)
[2022-03-30T23:38:07.320+0800][94.746s] GC(116) Using 8 workers of 8 for evacuation
[2022-03-30T23:38:07.331+0800][94.748s] GC(116)   Pre Evacuate Collection Set: 0.1ms
[2022-03-30T23:38:07.331+0800][94.748s] GC(116)   Merge Heap Roots: 0.1ms
[2022-03-30T23:38:07.331+0800][94.748s] GC(116)   Evacuate Collection Set: 1.0ms
[2022-03-30T23:38:07.331+0800][94.748s] GC(116)   Post Evacuate Collection Set: 0.4ms
[2022-03-30T23:38:07.331+0800][94.748s] GC(116)   Other: 0.1ms
[2022-03-30T23:38:07.331+0800][94.748s] GC(116) Eden regions: 196->0(21)
[2022-03-30T23:38:07.331+0800][94.748s] GC(116) Survivor regions: 3->4(25)
[2022-03-30T23:38:07.331+0800][94.748s] GC(116) Old regions: 236->236
[2022-03-30T23:38:07.331+0800][94.748s] GC(116) Archive regions: 0->0
[2022-03-30T23:38:07.331+0800][94.748s] GC(116) Humongous regions: 20->20
[2022-03-30T23:38:07.331+0800][94.748s] GC(116) Metaspace: 51442K(51776K)->51442K(51776K) NonClass: 45378K(45568K)->45378K(45568K) Class: 6064K(6208K)->6064K(6208K)
[2022-03-30T23:38:07.331+0800][94.748s] GC(116) Pause Young (Prepare Mixed) (G1 Evacuation Pause) 454M->258M(512M) 1.933ms
[2022-03-30T23:38:07.331+0800][94.748s] GC(116) User=0.00s Sys=0.00s Real=0.01s
[2022-03-30T23:38:07.390+0800][94.808s] GC(117) Pause Young (Mixed) (G1 Evacuation Pause)
[2022-03-30T23:38:07.390+0800][94.808s] GC(117) Using 8 workers of 8 for evacuation
[2022-03-30T23:38:07.394+0800][94.811s] GC(117)   Pre Evacuate Collection Set: 0.1ms
[2022-03-30T23:38:07.394+0800][94.811s] GC(117)   Merge Heap Roots: 0.0ms
[2022-03-30T23:38:07.394+0800][94.811s] GC(117)   Evacuate Collection Set: 2.3ms
[2022-03-30T23:38:07.394+0800][94.811s] GC(117)   Post Evacuate Collection Set: 0.3ms
[2022-03-30T23:38:07.394+0800][94.811s] GC(117)   Other: 0.1ms
[2022-03-30T23:38:07.394+0800][94.811s] GC(117) Eden regions: 21->0(198)
[2022-03-30T23:38:07.394+0800][94.811s] GC(117) Survivor regions: 4->2(4)
[2022-03-30T23:38:07.394+0800][94.811s] GC(117) Old regions: 236->236
[2022-03-30T23:38:07.394+0800][94.812s] GC(117) Archive regions: 0->0
[2022-03-30T23:38:07.394+0800][94.812s] GC(117) Humongous regions: 20->20
[2022-03-30T23:38:07.394+0800][94.812s] GC(117) Metaspace: 51442K(51776K)->51442K(51776K) NonClass: 45378K(45568K)->45378K(45568K) Class: 6064K(6208K)->6064K(6208K)
[2022-03-30T23:38:07.394+0800][94.812s] GC(117) Pause Young (Mixed) (G1 Evacuation Pause) 279M->257M(512M) 3.222ms
[2022-03-30T23:38:07.394+0800][94.812s] GC(117) User=0.00s Sys=0.00s Real=0.00s
[2022-03-30T23:38:08.031+0800][95.463s] GC(118) Pause Young (Normal) (G1 Evacuation Pause)
[2022-03-30T23:38:08.031+0800][95.463s] GC(118) Using 8 workers of 8 for evacuation
[2022-03-30T23:38:08.047+0800][95.464s] GC(118)   Pre Evacuate Collection Set: 0.1ms
[2022-03-30T23:38:08.047+0800][95.465s] GC(118)   Merge Heap Roots: 0.1ms
[2022-03-30T23:38:08.047+0800][95.465s] GC(118)   Evacuate Collection Set: 0.7ms
[2022-03-30T23:38:08.047+0800][95.465s] GC(118)   Post Evacuate Collection Set: 0.3ms
[2022-03-30T23:38:08.047+0800][95.465s] GC(118)   Other: 0.2ms
[2022-03-30T23:38:08.047+0800][95.465s] GC(118) Eden regions: 198->0(196)
[2022-03-30T23:38:08.047+0800][95.465s] GC(118) Survivor regions: 2->3(25)
[2022-03-30T23:38:08.047+0800][95.465s] GC(118) Old regions: 236->236
[2022-03-30T23:38:08.047+0800][95.465s] GC(118) Archive regions: 0->0
[2022-03-30T23:38:08.048+0800][95.465s] GC(118) Humongous regions: 20->20
[2022-03-30T23:38:08.048+0800][95.465s] GC(118) Metaspace: 51442K(51776K)->51442K(51776K) NonClass: 45378K(45568K)->45378K(45568K) Class: 6064K(6208K)->6064K(6208K)
[2022-03-30T23:38:08.048+0800][95.465s] GC(118) Pause Young (Normal) (G1 Evacuation Pause) 455M->258M(512M) 1.766ms
[2022-03-30T23:38:08.048+0800][95.465s] GC(118) User=0.06s Sys=0.03s Real=0.02s
[2022-03-30T23:38:08.729+0800][96.147s] GC(119) Pause Young (Normal) (G1 Evacuation Pause)
[2022-03-30T23:38:08.729+0800][96.147s] GC(119) Using 8 workers of 8 for evacuation
[2022-03-30T23:38:08.731+0800][96.148s] GC(119)   Pre Evacuate Collection Set: 0.2ms
[2022-03-30T23:38:08.731+0800][96.148s] GC(119)   Merge Heap Roots: 0.1ms
[2022-03-30T23:38:08.731+0800][96.148s] GC(119)   Evacuate Collection Set: 0.5ms
[2022-03-30T23:38:08.731+0800][96.148s] GC(119)   Post Evacuate Collection Set: 0.3ms
[2022-03-30T23:38:08.731+0800][96.148s] GC(119)   Other: 0.1ms
[2022-03-30T23:38:08.731+0800][96.148s] GC(119) Eden regions: 196->0(197)
[2022-03-30T23:38:08.731+0800][96.148s] GC(119) Survivor regions: 3->3(25)
[2022-03-30T23:38:08.731+0800][96.148s] GC(119) Old regions: 236->236
[2022-03-30T23:38:08.731+0800][96.149s] GC(119) Archive regions: 0->0
[2022-03-30T23:38:08.731+0800][96.149s] GC(119) Humongous regions: 20->20
[2022-03-30T23:38:08.731+0800][96.149s] GC(119) Metaspace: 51442K(51776K)->51442K(51776K) NonClass: 45378K(45568K)->45378K(45568K) Class: 6064K(6208K)->6064K(6208K)
[2022-03-30T23:38:08.731+0800][96.149s] GC(119) Pause Young (Normal) (G1 Evacuation Pause) 454M->258M(512M) 1.551ms
[2022-03-30T23:38:08.731+0800][96.149s] GC(119) User=0.00s Sys=0.00s Real=0.00s
[2022-03-30T23:38:09.369+0800][96.788s] GC(120) Pause Young (Concurrent Start) (G1 Evacuation Pause)
[2022-03-30T23:38:09.369+0800][96.788s] GC(120) Using 8 workers of 8 for evacuation
[2022-03-30T23:38:09.372+0800][96.789s] GC(120)   Pre Evacuate Collection Set: 0.1ms
[2022-03-30T23:38:09.372+0800][96.789s] GC(120)   Merge Heap Roots: 0.1ms
[2022-03-30T23:38:09.372+0800][96.789s] GC(120)   Evacuate Collection Set: 0.8ms
[2022-03-30T23:38:09.372+0800][96.789s] GC(120)   Post Evacuate Collection Set: 0.4ms
[2022-03-30T23:38:09.372+0800][96.789s] GC(120)   Other: 0.2ms
[2022-03-30T23:38:09.372+0800][96.789s] GC(120) Eden regions: 197->0(196)
[2022-03-30T23:38:09.372+0800][96.789s] GC(120) Survivor regions: 3->4(25)
[2022-03-30T23:38:09.372+0800][96.789s] GC(120) Old regions: 236->236
[2022-03-30T23:38:09.372+0800][96.789s] GC(120) Archive regions: 0->0
[2022-03-30T23:38:09.372+0800][96.789s] GC(120) Humongous regions: 20->20
[2022-03-30T23:38:09.372+0800][96.789s] GC(120) Metaspace: 51442K(51776K)->51442K(51776K) NonClass: 45378K(45568K)->45378K(45568K) Class: 6064K(6208K)->6064K(6208K)
[2022-03-30T23:38:09.372+0800][96.789s] GC(120) Pause Young (Concurrent Start) (G1 Evacuation Pause) 455M->258M(512M) 1.672ms
[2022-03-30T23:38:09.372+0800][96.789s] GC(120) User=0.00s Sys=0.00s Real=0.00s
[2022-03-30T23:38:09.372+0800][96.789s] GC(121) Concurrent Mark Cycle
[2022-03-30T23:38:09.372+0800][96.789s] GC(121) Concurrent Clear Claimed Marks
[2022-03-30T23:38:09.372+0800][96.789s] GC(121) Concurrent Clear Claimed Marks 0.024ms
[2022-03-30T23:38:09.372+0800][96.789s] GC(121) Concurrent Scan Root Regions
[2022-03-30T23:38:09.373+0800][96.791s] GC(121) Concurrent Scan Root Regions 1.170ms
[2022-03-30T23:38:09.373+0800][96.791s] GC(121) Concurrent Mark
[2022-03-30T23:38:09.373+0800][96.791s] GC(121) Concurrent Mark From Roots
[2022-03-30T23:38:09.373+0800][96.791s] GC(121) Using 2 workers of 2 for marking
[2022-03-30T23:38:09.704+0800][97.122s] GC(121) Concurrent Mark From Roots 331.264ms
[2022-03-30T23:38:09.704+0800][97.122s] GC(121) Concurrent Preclean
[2022-03-30T23:38:09.704+0800][97.122s] GC(121) Concurrent Preclean 0.110ms
[2022-03-30T23:38:09.704+0800][97.122s] GC(121) Pause Remark
[2022-03-30T23:38:09.707+0800][97.124s] GC(121) Pause Remark 356M->356M(512M) 2.100ms
[2022-03-30T23:38:09.707+0800][97.124s] GC(121) User=0.00s Sys=0.00s Real=0.00s
[2022-03-30T23:38:09.707+0800][97.124s] GC(121) Concurrent Mark 333.762ms
[2022-03-30T23:38:09.707+0800][97.124s] GC(121) Concurrent Rebuild Remembered Sets
[2022-03-30T23:38:09.914+0800][97.332s] GC(121) Concurrent Rebuild Remembered Sets 207.904ms
[2022-03-30T23:38:09.914+0800][97.333s] GC(121) Pause Cleanup
[2022-03-30T23:38:09.916+0800][97.333s] GC(121) Pause Cleanup 411M->411M(512M) 0.321ms
[2022-03-30T23:38:09.916+0800][97.333s] GC(121) User=0.00s Sys=0.00s Real=0.00s
[2022-03-30T23:38:09.916+0800][97.333s] GC(121) Concurrent Cleanup for Next Mark
[2022-03-30T23:38:09.916+0800][97.333s] GC(121) Concurrent Cleanup for Next Mark 0.398ms
[2022-03-30T23:38:09.916+0800][97.333s] GC(121) Concurrent Mark Cycle 544.152ms
[2022-03-30T23:38:10.037+0800][97.455s] GC(122) Pause Young (Prepare Mixed) (G1 Evacuation Pause)
[2022-03-30T23:38:10.037+0800][97.455s] GC(122) Using 8 workers of 8 for evacuation
[2022-03-30T23:38:10.039+0800][97.457s] GC(122)   Pre Evacuate Collection Set: 0.1ms
[2022-03-30T23:38:10.039+0800][97.457s] GC(122)   Merge Heap Roots: 0.1ms
[2022-03-30T23:38:10.039+0800][97.457s] GC(122)   Evacuate Collection Set: 1.2ms
[2022-03-30T23:38:10.039+0800][97.457s] GC(122)   Post Evacuate Collection Set: 0.4ms
[2022-03-30T23:38:10.039+0800][97.457s] GC(122)   Other: 0.2ms
[2022-03-30T23:38:10.039+0800][97.457s] GC(122) Eden regions: 196->0(21)
[2022-03-30T23:38:10.040+0800][97.457s] GC(122) Survivor regions: 4->4(25)
[2022-03-30T23:38:10.040+0800][97.457s] GC(122) Old regions: 236->236
[2022-03-30T23:38:10.040+0800][97.457s] GC(122) Archive regions: 0->0
[2022-03-30T23:38:10.040+0800][97.457s] GC(122) Humongous regions: 20->20
[2022-03-30T23:38:10.040+0800][97.457s] GC(122) Metaspace: 51464K(51776K)->51464K(51776K) NonClass: 45400K(45568K)->45400K(45568K) Class: 6064K(6208K)->6064K(6208K)
[2022-03-30T23:38:10.040+0800][97.457s] GC(122) Pause Young (Prepare Mixed) (G1 Evacuation Pause) 454M->259M(512M) 2.124ms
[2022-03-30T23:38:10.040+0800][97.457s] GC(122) User=0.11s Sys=0.00s Real=0.00s
[2022-03-30T23:38:10.076+0800][97.496s] GC(123) Pause Young (Mixed) (G1 Evacuation Pause)
[2022-03-30T23:38:10.076+0800][97.496s] GC(123) Using 8 workers of 8 for evacuation
[2022-03-30T23:38:10.081+0800][97.498s] GC(123)   Pre Evacuate Collection Set: 0.1ms
[2022-03-30T23:38:10.081+0800][97.498s] GC(123)   Merge Heap Roots: 0.0ms
[2022-03-30T23:38:10.081+0800][97.498s] GC(123)   Evacuate Collection Set: 1.6ms
[2022-03-30T23:38:10.081+0800][97.499s] GC(123)   Post Evacuate Collection Set: 0.3ms
[2022-03-30T23:38:10.081+0800][97.499s] GC(123)   Other: 0.2ms
[2022-03-30T23:38:10.081+0800][97.499s] GC(123) Eden regions: 21->0(195)
[2022-03-30T23:38:10.081+0800][97.499s] GC(123) Survivor regions: 4->2(4)
[2022-03-30T23:38:10.081+0800][97.499s] GC(123) Old regions: 236->238
[2022-03-30T23:38:10.081+0800][97.499s] GC(123) Archive regions: 0->0
[2022-03-30T23:38:10.081+0800][97.499s] GC(123) Humongous regions: 20->20
[2022-03-30T23:38:10.081+0800][97.499s] GC(123) Metaspace: 51465K(51776K)->51465K(51776K) NonClass: 45401K(45568K)->45401K(45568K) Class: 6064K(6208K)->6064K(6208K)
[2022-03-30T23:38:10.081+0800][97.499s] GC(123) Pause Young (Mixed) (G1 Evacuation Pause) 280M->258M(512M) 2.390ms
[2022-03-30T23:38:10.081+0800][97.499s] GC(123) User=0.00s Sys=0.00s Real=0.01s
[2022-03-30T23:38:10.686+0800][98.104s] GC(124) Pause Young (Normal) (G1 Evacuation Pause)
[2022-03-30T23:38:10.686+0800][98.104s] GC(124) Using 8 workers of 8 for evacuation
[2022-03-30T23:38:10.688+0800][98.105s] GC(124)   Pre Evacuate Collection Set: 0.1ms
[2022-03-30T23:38:10.688+0800][98.105s] GC(124)   Merge Heap Roots: 0.1ms
[2022-03-30T23:38:10.688+0800][98.105s] GC(124)   Evacuate Collection Set: 0.5ms
[2022-03-30T23:38:10.688+0800][98.105s] GC(124)   Post Evacuate Collection Set: 0.3ms
[2022-03-30T23:38:10.688+0800][98.105s] GC(124)   Other: 0.3ms
[2022-03-30T23:38:10.688+0800][98.105s] GC(124) Eden regions: 195->0(195)
[2022-03-30T23:38:10.688+0800][98.105s] GC(124) Survivor regions: 2->2(25)
[2022-03-30T23:38:10.688+0800][98.105s] GC(124) Old regions: 238->238
[2022-03-30T23:38:10.688+0800][98.105s] GC(124) Archive regions: 0->0
[2022-03-30T23:38:10.688+0800][98.105s] GC(124) Humongous regions: 20->20
[2022-03-30T23:38:10.688+0800][98.105s] GC(124) Metaspace: 51521K(51968K)->51521K(51968K) NonClass: 45454K(45696K)->45454K(45696K) Class: 6067K(6272K)->6067K(6272K)
[2022-03-30T23:38:10.688+0800][98.105s] GC(124) Pause Young (Normal) (G1 Evacuation Pause) 453M->258M(512M) 1.372ms
[2022-03-30T23:38:10.688+0800][98.105s] GC(124) User=0.00s Sys=0.00s Real=0.00s
[2022-03-30T23:38:11.384+0800][98.801s] GC(125) Pause Young (Normal) (G1 Evacuation Pause)
[2022-03-30T23:38:11.384+0800][98.801s] GC(125) Using 8 workers of 8 for evacuation
[2022-03-30T23:38:11.385+0800][98.802s] GC(125)   Pre Evacuate Collection Set: 0.1ms
[2022-03-30T23:38:11.385+0800][98.802s] GC(125)   Merge Heap Roots: 0.1ms
[2022-03-30T23:38:11.385+0800][98.802s] GC(125)   Evacuate Collection Set: 0.4ms
[2022-03-30T23:38:11.385+0800][98.802s] GC(125)   Post Evacuate Collection Set: 0.4ms
[2022-03-30T23:38:11.385+0800][98.802s] GC(125)   Other: 0.1ms
[2022-03-30T23:38:11.385+0800][98.802s] GC(125) Eden regions: 195->0(196)
[2022-03-30T23:38:11.385+0800][98.802s] GC(125) Survivor regions: 2->2(25)
[2022-03-30T23:38:11.385+0800][98.802s] GC(125) Old regions: 238->238
[2022-03-30T23:38:11.385+0800][98.802s] GC(125) Archive regions: 0->0
[2022-03-30T23:38:11.385+0800][98.802s] GC(125) Humongous regions: 20->20
[2022-03-30T23:38:11.385+0800][98.802s] GC(125) Metaspace: 51521K(51968K)->51521K(51968K) NonClass: 45454K(45696K)->45454K(45696K) Class: 6067K(6272K)->6067K(6272K)
[2022-03-30T23:38:11.385+0800][98.802s] GC(125) Pause Young (Normal) (G1 Evacuation Pause) 453M->259M(512M) 1.173ms
[2022-03-30T23:38:11.385+0800][98.802s] GC(125) User=0.00s Sys=0.00s Real=0.00s
[2022-03-30T23:38:12.023+0800][99.441s] GC(126) Pause Young (Concurrent Start) (G1 Evacuation Pause)
[2022-03-30T23:38:12.023+0800][99.441s] GC(126) Using 8 workers of 8 for evacuation
[2022-03-30T23:38:12.025+0800][99.443s] GC(126)   Pre Evacuate Collection Set: 0.1ms
[2022-03-30T23:38:12.025+0800][99.443s] GC(126)   Merge Heap Roots: 0.1ms
[2022-03-30T23:38:12.025+0800][99.443s] GC(126)   Evacuate Collection Set: 0.6ms
[2022-03-30T23:38:12.025+0800][99.443s] GC(126)   Post Evacuate Collection Set: 0.5ms
[2022-03-30T23:38:12.025+0800][99.443s] GC(126)   Other: 0.3ms
[2022-03-30T23:38:12.025+0800][99.443s] GC(126) Eden regions: 196->0(195)
[2022-03-30T23:38:12.025+0800][99.443s] GC(126) Survivor regions: 2->3(25)
[2022-03-30T23:38:12.025+0800][99.443s] GC(126) Old regions: 238->238
[2022-03-30T23:38:12.025+0800][99.443s] GC(126) Archive regions: 0->0
[2022-03-30T23:38:12.025+0800][99.443s] GC(126) Humongous regions: 20->20
[2022-03-30T23:38:12.025+0800][99.443s] GC(126) Metaspace: 51522K(51968K)->51522K(51968K) NonClass: 45454K(45696K)->45454K(45696K) Class: 6067K(6272K)->6067K(6272K)
[2022-03-30T23:38:12.025+0800][99.443s] GC(126) Pause Young (Concurrent Start) (G1 Evacuation Pause) 455M->259M(512M) 1.868ms
[2022-03-30T23:38:12.025+0800][99.443s] GC(126) User=0.00s Sys=0.00s Real=0.00s
[2022-03-30T23:38:12.025+0800][99.443s] GC(127) Concurrent Mark Cycle
[2022-03-30T23:38:12.025+0800][99.443s] GC(127) Concurrent Clear Claimed Marks
[2022-03-30T23:38:12.025+0800][99.443s] GC(127) Concurrent Clear Claimed Marks 0.015ms
[2022-03-30T23:38:12.025+0800][99.443s] GC(127) Concurrent Scan Root Regions
[2022-03-30T23:38:12.026+0800][99.444s] GC(127) Concurrent Scan Root Regions 0.730ms
[2022-03-30T23:38:12.026+0800][99.444s] GC(127) Concurrent Mark
[2022-03-30T23:38:12.026+0800][99.444s] GC(127) Concurrent Mark From Roots
[2022-03-30T23:38:12.026+0800][99.444s] GC(127) Using 2 workers of 2 for marking
[2022-03-30T23:38:12.403+0800][99.820s] GC(127) Concurrent Mark From Roots 375.739ms
[2022-03-30T23:38:12.403+0800][99.820s] GC(127) Concurrent Preclean
[2022-03-30T23:38:12.403+0800][99.820s] GC(127) Concurrent Preclean 0.124ms
[2022-03-30T23:38:12.403+0800][99.820s] GC(127) Pause Remark
[2022-03-30T23:38:12.405+0800][99.822s] GC(127) Pause Remark 376M->375M(512M) 1.748ms
[2022-03-30T23:38:12.405+0800][99.822s] GC(127) User=0.00s Sys=0.00s Real=0.00s
[2022-03-30T23:38:12.405+0800][99.822s] GC(127) Concurrent Mark 377.861ms
[2022-03-30T23:38:12.405+0800][99.822s] GC(127) Concurrent Rebuild Remembered Sets
[2022-03-30T23:38:12.551+0800][99.969s] GC(127) Concurrent Rebuild Remembered Sets 146.647ms
[2022-03-30T23:38:12.551+0800][99.969s] GC(127) Pause Cleanup
[2022-03-30T23:38:12.551+0800][99.969s] GC(127) Pause Cleanup 421M->421M(512M) 0.149ms
[2022-03-30T23:38:12.551+0800][99.969s] GC(127) User=0.00s Sys=0.00s Real=0.00s
[2022-03-30T23:38:12.551+0800][99.969s] GC(127) Concurrent Cleanup for Next Mark
[2022-03-30T23:38:12.551+0800][99.969s] GC(127) Concurrent Cleanup for Next Mark 0.220ms
[2022-03-30T23:38:12.551+0800][99.969s] GC(127) Concurrent Mark Cycle 525.897ms
[2022-03-30T23:38:12.652+0800][100.070s] GC(128) Pause Young (Prepare Mixed) (G1 Evacuation Pause)
[2022-03-30T23:38:12.652+0800][100.070s] GC(128) Using 8 workers of 8 for evacuation
[2022-03-30T23:38:12.654+0800][100.071s] GC(128)   Pre Evacuate Collection Set: 0.1ms
[2022-03-30T23:38:12.654+0800][100.071s] GC(128)   Merge Heap Roots: 0.0ms
[2022-03-30T23:38:12.654+0800][100.071s] GC(128)   Evacuate Collection Set: 0.6ms
[2022-03-30T23:38:12.654+0800][100.071s] GC(128)   Post Evacuate Collection Set: 0.4ms
[2022-03-30T23:38:12.654+0800][100.071s] GC(128)   Other: 0.2ms
[2022-03-30T23:38:12.654+0800][100.071s] GC(128) Eden regions: 195->0(22)
[2022-03-30T23:38:12.654+0800][100.071s] GC(128) Survivor regions: 3->3(25)
[2022-03-30T23:38:12.654+0800][100.071s] GC(128) Old regions: 237->237
[2022-03-30T23:38:12.654+0800][100.071s] GC(128) Archive regions: 0->0
[2022-03-30T23:38:12.654+0800][100.071s] GC(128) Humongous regions: 20->20
[2022-03-30T23:38:12.654+0800][100.071s] GC(128) Metaspace: 51522K(51968K)->51522K(51968K) NonClass: 45454K(45696K)->45454K(45696K) Class: 6067K(6272K)->6067K(6272K)
[2022-03-30T23:38:12.654+0800][100.071s] GC(128) Pause Young (Prepare Mixed) (G1 Evacuation Pause) 454M->259M(512M) 1.690ms
[2022-03-30T23:38:12.654+0800][100.072s] GC(128) User=0.00s Sys=0.00s Real=0.00s
[2022-03-30T23:38:12.745+0800][100.162s] GC(129) Pause Young (Mixed) (G1 Evacuation Pause)
[2022-03-30T23:38:12.745+0800][100.162s] GC(129) Using 8 workers of 8 for evacuation
[2022-03-30T23:38:12.747+0800][100.164s] GC(129)   Pre Evacuate Collection Set: 0.1ms
[2022-03-30T23:38:12.747+0800][100.164s] GC(129)   Merge Heap Roots: 0.2ms
[2022-03-30T23:38:12.747+0800][100.164s] GC(129)   Evacuate Collection Set: 1.1ms
[2022-03-30T23:38:12.747+0800][100.164s] GC(129)   Post Evacuate Collection Set: 0.6ms
[2022-03-30T23:38:12.747+0800][100.164s] GC(129)   Other: 0.1ms
[2022-03-30T23:38:12.747+0800][100.164s] GC(129) Eden regions: 22->0(199)
[2022-03-30T23:38:12.747+0800][100.164s] GC(129) Survivor regions: 3->2(4)
[2022-03-30T23:38:12.747+0800][100.164s] GC(129) Old regions: 237->235
[2022-03-30T23:38:12.747+0800][100.164s] GC(129) Archive regions: 0->0
[2022-03-30T23:38:12.747+0800][100.164s] GC(129) Humongous regions: 20->20
[2022-03-30T23:38:12.747+0800][100.164s] GC(129) Metaspace: 51522K(51968K)->51522K(51968K) NonClass: 45454K(45696K)->45454K(45696K) Class: 6067K(6272K)->6067K(6272K)
[2022-03-30T23:38:12.747+0800][100.165s] GC(129) Pause Young (Mixed) (G1 Evacuation Pause) 281M->256M(512M) 2.367ms
[2022-03-30T23:38:12.747+0800][100.165s] GC(129) User=0.00s Sys=0.00s Real=0.00s
[2022-03-30T23:38:13.387+0800][100.805s] GC(130) Pause Young (Normal) (G1 Evacuation Pause)
[2022-03-30T23:38:13.387+0800][100.805s] GC(130) Using 8 workers of 8 for evacuation
[2022-03-30T23:38:13.389+0800][100.806s] GC(130)   Pre Evacuate Collection Set: 0.1ms
[2022-03-30T23:38:13.389+0800][100.806s] GC(130)   Merge Heap Roots: 0.0ms
[2022-03-30T23:38:13.389+0800][100.806s] GC(130)   Evacuate Collection Set: 0.5ms
[2022-03-30T23:38:13.389+0800][100.806s] GC(130)   Post Evacuate Collection Set: 0.4ms
[2022-03-30T23:38:13.389+0800][100.806s] GC(130)   Other: 0.2ms
[2022-03-30T23:38:13.389+0800][100.806s] GC(130) Eden regions: 199->0(198)
[2022-03-30T23:38:13.389+0800][100.806s] GC(130) Survivor regions: 2->3(26)
[2022-03-30T23:38:13.389+0800][100.806s] GC(130) Old regions: 235->235
[2022-03-30T23:38:13.389+0800][100.806s] GC(130) Archive regions: 0->0
[2022-03-30T23:38:13.389+0800][100.806s] GC(130) Humongous regions: 20->20
[2022-03-30T23:38:13.389+0800][100.807s] GC(130) Metaspace: 51522K(51968K)->51522K(51968K) NonClass: 45454K(45696K)->45454K(45696K) Class: 6067K(6272K)->6067K(6272K)
[2022-03-30T23:38:13.389+0800][100.807s] GC(130) Pause Young (Normal) (G1 Evacuation Pause) 455M->256M(512M) 1.513ms
[2022-03-30T23:38:13.389+0800][100.807s] GC(130) User=0.00s Sys=0.00s Real=0.00s
[2022-03-30T23:38:14.070+0800][101.487s] GC(131) Pause Young (Normal) (G1 Evacuation Pause)
[2022-03-30T23:38:14.070+0800][101.488s] GC(131) Using 8 workers of 8 for evacuation
[2022-03-30T23:38:14.072+0800][101.489s] GC(131)   Pre Evacuate Collection Set: 0.1ms
[2022-03-30T23:38:14.072+0800][101.489s] GC(131)   Merge Heap Roots: 0.1ms
[2022-03-30T23:38:14.072+0800][101.489s] GC(131)   Evacuate Collection Set: 0.6ms
[2022-03-30T23:38:14.072+0800][101.489s] GC(131)   Post Evacuate Collection Set: 0.7ms
[2022-03-30T23:38:14.072+0800][101.489s] GC(131)   Other: 0.3ms
[2022-03-30T23:38:14.072+0800][101.489s] GC(131) Eden regions: 198->0(198)
[2022-03-30T23:38:14.072+0800][101.489s] GC(131) Survivor regions: 3->3(26)
[2022-03-30T23:38:14.072+0800][101.489s] GC(131) Old regions: 235->235
[2022-03-30T23:38:14.072+0800][101.490s] GC(131) Archive regions: 0->0
[2022-03-30T23:38:14.072+0800][101.490s] GC(131) Humongous regions: 20->20
[2022-03-30T23:38:14.072+0800][101.490s] GC(131) Metaspace: 51522K(51968K)->51522K(51968K) NonClass: 45454K(45696K)->45454K(45696K) Class: 6067K(6272K)->6067K(6272K)
[2022-03-30T23:38:14.072+0800][101.490s] GC(131) Pause Young (Normal) (G1 Evacuation Pause) 454M->257M(512M) 2.160ms
[2022-03-30T23:38:14.072+0800][101.490s] GC(131) User=0.00s Sys=0.00s Real=0.00s
[2022-03-30T23:38:14.750+0800][102.167s] GC(132) Pause Young (Concurrent Start) (G1 Evacuation Pause)
[2022-03-30T23:38:14.750+0800][102.167s] GC(132) Using 8 workers of 8 for evacuation
[2022-03-30T23:38:14.751+0800][102.168s] GC(132)   Pre Evacuate Collection Set: 0.2ms
[2022-03-30T23:38:14.751+0800][102.168s] GC(132)   Merge Heap Roots: 0.1ms
[2022-03-30T23:38:14.751+0800][102.168s] GC(132)   Evacuate Collection Set: 0.6ms
[2022-03-30T23:38:14.751+0800][102.168s] GC(132)   Post Evacuate Collection Set: 0.3ms
[2022-03-30T23:38:14.751+0800][102.168s] GC(132)   Other: 0.3ms
[2022-03-30T23:38:14.751+0800][102.168s] GC(132) Eden regions: 198->0(198)
[2022-03-30T23:38:14.751+0800][102.168s] GC(132) Survivor regions: 3->3(26)
[2022-03-30T23:38:14.751+0800][102.168s] GC(132) Old regions: 235->235
[2022-03-30T23:38:14.751+0800][102.168s] GC(132) Archive regions: 0->0
[2022-03-30T23:38:14.751+0800][102.168s] GC(132) Humongous regions: 20->20
[2022-03-30T23:38:14.751+0800][102.168s] GC(132) Metaspace: 51522K(51968K)->51522K(51968K) NonClass: 45454K(45696K)->45454K(45696K) Class: 6067K(6272K)->6067K(6272K)
[2022-03-30T23:38:14.751+0800][102.168s] GC(132) Pause Young (Concurrent Start) (G1 Evacuation Pause) 455M->257M(512M) 1.562ms
[2022-03-30T23:38:14.751+0800][102.168s] GC(132) User=0.00s Sys=0.00s Real=0.00s
[2022-03-30T23:38:14.751+0800][102.168s] GC(133) Concurrent Mark Cycle
[2022-03-30T23:38:14.751+0800][102.168s] GC(133) Concurrent Clear Claimed Marks
[2022-03-30T23:38:14.751+0800][102.168s] GC(133) Concurrent Clear Claimed Marks 0.021ms
[2022-03-30T23:38:14.751+0800][102.168s] GC(133) Concurrent Scan Root Regions
[2022-03-30T23:38:14.752+0800][102.169s] GC(133) Concurrent Scan Root Regions 0.548ms
[2022-03-30T23:38:14.752+0800][102.169s] GC(133) Concurrent Mark
[2022-03-30T23:38:14.752+0800][102.169s] GC(133) Concurrent Mark From Roots
[2022-03-30T23:38:14.752+0800][102.169s] GC(133) Using 2 workers of 2 for marking
[2022-03-30T23:38:15.130+0800][102.548s] GC(133) Concurrent Mark From Roots 378.621ms
[2022-03-30T23:38:15.130+0800][102.548s] GC(133) Concurrent Preclean
[2022-03-30T23:38:15.130+0800][102.548s] GC(133) Concurrent Preclean 0.349ms
[2022-03-30T23:38:15.130+0800][102.548s] GC(133) Pause Remark
[2022-03-30T23:38:15.134+0800][102.552s] GC(133) Pause Remark 360M->360M(512M) 3.165ms
[2022-03-30T23:38:15.134+0800][102.552s] GC(133) User=0.11s Sys=0.00s Real=0.00s
[2022-03-30T23:38:15.134+0800][102.552s] GC(133) Concurrent Mark 382.617ms
[2022-03-30T23:38:15.135+0800][102.552s] GC(133) Concurrent Rebuild Remembered Sets
[2022-03-30T23:38:15.313+0800][102.739s] GC(133) Concurrent Rebuild Remembered Sets 187.626ms
[2022-03-30T23:38:15.313+0800][102.740s] GC(133) Pause Cleanup
[2022-03-30T23:38:15.313+0800][102.740s] GC(133) Pause Cleanup 407M->407M(512M) 0.162ms
[2022-03-30T23:38:15.313+0800][102.740s] GC(133) User=0.00s Sys=0.00s Real=0.00s
[2022-03-30T23:38:15.313+0800][102.740s] GC(133) Concurrent Cleanup for Next Mark
[2022-03-30T23:38:15.313+0800][102.740s] GC(133) Concurrent Cleanup for Next Mark 0.371ms
[2022-03-30T23:38:15.313+0800][102.740s] GC(133) Concurrent Mark Cycle 571.831ms
[2022-03-30T23:38:15.481+0800][102.904s] GC(134) Pause Young (Prepare Mixed) (G1 Evacuation Pause)
[2022-03-30T23:38:15.481+0800][102.904s] GC(134) Using 8 workers of 8 for evacuation
[2022-03-30T23:38:15.489+0800][102.906s] GC(134)   Pre Evacuate Collection Set: 0.1ms
[2022-03-30T23:38:15.489+0800][102.906s] GC(134)   Merge Heap Roots: 0.1ms
[2022-03-30T23:38:15.489+0800][102.906s] GC(134)   Evacuate Collection Set: 0.9ms
[2022-03-30T23:38:15.489+0800][102.906s] GC(134)   Post Evacuate Collection Set: 0.5ms
[2022-03-30T23:38:15.489+0800][102.906s] GC(134)   Other: 0.3ms
[2022-03-30T23:38:15.489+0800][102.906s] GC(134) Eden regions: 198->0(21)
[2022-03-30T23:38:15.489+0800][102.906s] GC(134) Survivor regions: 3->4(26)
[2022-03-30T23:38:15.489+0800][102.906s] GC(134) Old regions: 235->235
[2022-03-30T23:38:15.489+0800][102.906s] GC(134) Archive regions: 0->0
[2022-03-30T23:38:15.489+0800][102.906s] GC(134) Humongous regions: 20->20
[2022-03-30T23:38:15.489+0800][102.906s] GC(134) Metaspace: 51522K(51968K)->51522K(51968K) NonClass: 45454K(45696K)->45454K(45696K) Class: 6067K(6272K)->6067K(6272K)
[2022-03-30T23:38:15.489+0800][102.906s] GC(134) Pause Young (Prepare Mixed) (G1 Evacuation Pause) 455M->257M(512M) 2.245ms
[2022-03-30T23:38:15.489+0800][102.906s] GC(134) User=0.00s Sys=0.00s Real=0.01s
[2022-03-30T23:38:15.537+0800][102.965s] GC(135) Pause Young (Mixed) (G1 Evacuation Pause)
[2022-03-30T23:38:15.537+0800][102.965s] GC(135) Using 8 workers of 8 for evacuation
[2022-03-30T23:38:15.551+0800][102.968s] GC(135)   Pre Evacuate Collection Set: 0.1ms
[2022-03-30T23:38:15.551+0800][102.969s] GC(135)   Merge Heap Roots: 0.1ms
[2022-03-30T23:38:15.551+0800][102.969s] GC(135)   Evacuate Collection Set: 2.2ms
[2022-03-30T23:38:15.551+0800][102.969s] GC(135)   Post Evacuate Collection Set: 0.4ms
[2022-03-30T23:38:15.551+0800][102.969s] GC(135)   Other: 0.2ms
[2022-03-30T23:38:15.551+0800][102.969s] GC(135) Eden regions: 21->0(199)
[2022-03-30T23:38:15.551+0800][102.969s] GC(135) Survivor regions: 4->3(4)
[2022-03-30T23:38:15.551+0800][102.969s] GC(135) Old regions: 235->234
[2022-03-30T23:38:15.551+0800][102.969s] GC(135) Archive regions: 0->0
[2022-03-30T23:38:15.551+0800][102.969s] GC(135) Humongous regions: 20->20
[2022-03-30T23:38:15.551+0800][102.969s] GC(135) Metaspace: 51522K(51968K)->51522K(51968K) NonClass: 45454K(45696K)->45454K(45696K) Class: 6067K(6272K)->6067K(6272K)
[2022-03-30T23:38:15.551+0800][102.969s] GC(135) Pause Young (Mixed) (G1 Evacuation Pause) 278M->255M(512M) 3.517ms
[2022-03-30T23:38:15.551+0800][102.969s] GC(135) User=0.11s Sys=0.00s Real=0.01s
[2022-03-30T23:38:16.152+0800][103.576s] GC(136) Pause Young (Normal) (G1 Evacuation Pause)
[2022-03-30T23:38:16.152+0800][103.576s] GC(136) Using 8 workers of 8 for evacuation
[2022-03-30T23:38:16.160+0800][103.578s] GC(136)   Pre Evacuate Collection Set: 0.1ms
[2022-03-30T23:38:16.160+0800][103.578s] GC(136)   Merge Heap Roots: 0.1ms
[2022-03-30T23:38:16.160+0800][103.578s] GC(136)   Evacuate Collection Set: 0.6ms
[2022-03-30T23:38:16.160+0800][103.578s] GC(136)   Post Evacuate Collection Set: 0.5ms
[2022-03-30T23:38:16.160+0800][103.578s] GC(136)   Other: 0.2ms
[2022-03-30T23:38:16.160+0800][103.578s] GC(136) Eden regions: 199->0(199)
[2022-03-30T23:38:16.160+0800][103.578s] GC(136) Survivor regions: 3->3(26)
[2022-03-30T23:38:16.160+0800][103.578s] GC(136) Old regions: 234->234
[2022-03-30T23:38:16.160+0800][103.578s] GC(136) Archive regions: 0->0
[2022-03-30T23:38:16.160+0800][103.578s] GC(136) Humongous regions: 20->20
[2022-03-30T23:38:16.160+0800][103.578s] GC(136) Metaspace: 51522K(51968K)->51522K(51968K) NonClass: 45454K(45696K)->45454K(45696K) Class: 6067K(6272K)->6067K(6272K)
[2022-03-30T23:38:16.160+0800][103.578s] GC(136) Pause Young (Normal) (G1 Evacuation Pause) 454M->255M(512M) 1.864ms
[2022-03-30T23:38:16.160+0800][103.578s] GC(136) User=0.00s Sys=0.00s Real=0.01s
[2022-03-30T23:38:16.872+0800][104.290s] GC(137) Pause Young (Normal) (G1 Evacuation Pause)
[2022-03-30T23:38:16.872+0800][104.290s] GC(137) Using 8 workers of 8 for evacuation
[2022-03-30T23:38:16.874+0800][104.291s] GC(137)   Pre Evacuate Collection Set: 0.1ms
[2022-03-30T23:38:16.874+0800][104.291s] GC(137)   Merge Heap Roots: 0.1ms
[2022-03-30T23:38:16.874+0800][104.291s] GC(137)   Evacuate Collection Set: 0.6ms
[2022-03-30T23:38:16.874+0800][104.291s] GC(137)   Post Evacuate Collection Set: 0.3ms
[2022-03-30T23:38:16.874+0800][104.291s] GC(137)   Other: 0.1ms
[2022-03-30T23:38:16.874+0800][104.291s] GC(137) Eden regions: 199->0(198)
[2022-03-30T23:38:16.874+0800][104.291s] GC(137) Survivor regions: 3->3(26)
[2022-03-30T23:38:16.874+0800][104.291s] GC(137) Old regions: 234->234
[2022-03-30T23:38:16.874+0800][104.291s] GC(137) Archive regions: 0->0
[2022-03-30T23:38:16.874+0800][104.291s] GC(137) Humongous regions: 20->20
[2022-03-30T23:38:16.874+0800][104.291s] GC(137) Metaspace: 51522K(51968K)->51522K(51968K) NonClass: 45454K(45696K)->45454K(45696K) Class: 6067K(6272K)->6067K(6272K)
[2022-03-30T23:38:16.874+0800][104.291s] GC(137) Pause Young (Normal) (G1 Evacuation Pause) 454M->256M(512M) 1.311ms
[2022-03-30T23:38:16.874+0800][104.291s] GC(137) User=0.00s Sys=0.00s Real=0.00s
[2022-03-30T23:38:17.456+0800][104.873s] GC(138) Pause Young (Concurrent Start) (G1 Evacuation Pause)
[2022-03-30T23:38:17.456+0800][104.873s] GC(138) Using 8 workers of 8 for evacuation
[2022-03-30T23:38:17.458+0800][104.875s] GC(138)   Pre Evacuate Collection Set: 0.1ms
[2022-03-30T23:38:17.458+0800][104.875s] GC(138)   Merge Heap Roots: 0.1ms
[2022-03-30T23:38:17.458+0800][104.875s] GC(138)   Evacuate Collection Set: 1.0ms
[2022-03-30T23:38:17.458+0800][104.875s] GC(138)   Post Evacuate Collection Set: 0.4ms
[2022-03-30T23:38:17.458+0800][104.875s] GC(138)   Other: 0.3ms
[2022-03-30T23:38:17.458+0800][104.875s] GC(138) Eden regions: 198->0(198)
[2022-03-30T23:38:17.458+0800][104.875s] GC(138) Survivor regions: 3->3(26)
[2022-03-30T23:38:17.458+0800][104.875s] GC(138) Old regions: 234->234
[2022-03-30T23:38:17.458+0800][104.876s] GC(138) Archive regions: 0->0
[2022-03-30T23:38:17.458+0800][104.876s] GC(138) Humongous regions: 20->20
[2022-03-30T23:38:17.458+0800][104.876s] GC(138) Metaspace: 51522K(51968K)->51522K(51968K) NonClass: 45454K(45696K)->45454K(45696K) Class: 6067K(6272K)->6067K(6272K)
[2022-03-30T23:38:17.458+0800][104.876s] GC(138) Pause Young (Concurrent Start) (G1 Evacuation Pause) 454M->256M(512M) 2.327ms
[2022-03-30T23:38:17.458+0800][104.876s] GC(138) User=0.00s Sys=0.00s Real=0.00s
[2022-03-30T23:38:17.458+0800][104.876s] GC(139) Concurrent Mark Cycle
[2022-03-30T23:38:17.458+0800][104.876s] GC(139) Concurrent Clear Claimed Marks
[2022-03-30T23:38:17.458+0800][104.876s] GC(139) Concurrent Clear Claimed Marks 0.026ms
[2022-03-30T23:38:17.458+0800][104.876s] GC(139) Concurrent Scan Root Regions
[2022-03-30T23:38:17.459+0800][104.877s] GC(139) Concurrent Scan Root Regions 0.830ms
[2022-03-30T23:38:17.459+0800][104.877s] GC(139) Concurrent Mark
[2022-03-30T23:38:17.459+0800][104.877s] GC(139) Concurrent Mark From Roots
[2022-03-30T23:38:17.459+0800][104.877s] GC(139) Using 2 workers of 2 for marking
[2022-03-30T23:38:17.773+0800][105.191s] GC(139) Concurrent Mark From Roots 314.429ms
[2022-03-30T23:38:17.773+0800][105.191s] GC(139) Concurrent Preclean
[2022-03-30T23:38:17.774+0800][105.191s] GC(139) Concurrent Preclean 0.170ms
[2022-03-30T23:38:17.774+0800][105.192s] GC(139) Pause Remark
[2022-03-30T23:38:17.777+0800][105.194s] GC(139) Pause Remark 345M->345M(512M) 2.820ms
[2022-03-30T23:38:17.777+0800][105.194s] GC(139) User=0.00s Sys=0.00s Real=0.00s
[2022-03-30T23:38:17.777+0800][105.194s] GC(139) Concurrent Mark 317.700ms
[2022-03-30T23:38:17.777+0800][105.194s] GC(139) Concurrent Rebuild Remembered Sets
[2022-03-30T23:38:17.948+0800][105.365s] GC(139) Concurrent Rebuild Remembered Sets 170.988ms
[2022-03-30T23:38:17.949+0800][105.366s] GC(139) Pause Cleanup
[2022-03-30T23:38:17.949+0800][105.366s] GC(139) Pause Cleanup 381M->381M(512M) 0.268ms
[2022-03-30T23:38:17.949+0800][105.366s] GC(139) User=0.00s Sys=0.00s Real=0.00s
[2022-03-30T23:38:17.949+0800][105.366s] GC(139) Concurrent Cleanup for Next Mark
[2022-03-30T23:38:17.949+0800][105.366s] GC(139) Concurrent Cleanup for Next Mark 0.324ms
[2022-03-30T23:38:17.949+0800][105.366s] GC(139) Concurrent Mark Cycle 490.665ms
[2022-03-30T23:38:18.218+0800][105.635s] GC(140) Pause Young (Prepare Mixed) (G1 Evacuation Pause)
[2022-03-30T23:38:18.218+0800][105.635s] GC(140) Using 8 workers of 8 for evacuation
[2022-03-30T23:38:18.219+0800][105.637s] GC(140)   Pre Evacuate Collection Set: 0.1ms
[2022-03-30T23:38:18.219+0800][105.637s] GC(140)   Merge Heap Roots: 0.1ms
[2022-03-30T23:38:18.219+0800][105.637s] GC(140)   Evacuate Collection Set: 0.9ms
[2022-03-30T23:38:18.219+0800][105.637s] GC(140)   Post Evacuate Collection Set: 0.4ms
[2022-03-30T23:38:18.220+0800][105.637s] GC(140)   Other: 0.2ms
[2022-03-30T23:38:18.220+0800][105.637s] GC(140) Eden regions: 198->0(21)
[2022-03-30T23:38:18.220+0800][105.637s] GC(140) Survivor regions: 3->4(26)
[2022-03-30T23:38:18.220+0800][105.637s] GC(140) Old regions: 234->234
[2022-03-30T23:38:18.220+0800][105.637s] GC(140) Archive regions: 0->0
[2022-03-30T23:38:18.220+0800][105.637s] GC(140) Humongous regions: 20->20
[2022-03-30T23:38:18.220+0800][105.637s] GC(140) Metaspace: 51522K(51968K)->51522K(51968K) NonClass: 45454K(45696K)->45454K(45696K) Class: 6067K(6272K)->6067K(6272K)
[2022-03-30T23:38:18.220+0800][105.637s] GC(140) Pause Young (Prepare Mixed) (G1 Evacuation Pause) 454M->256M(512M) 1.798ms
[2022-03-30T23:38:18.220+0800][105.637s] GC(140) User=0.00s Sys=0.00s Real=0.00s
[2022-03-30T23:38:18.287+0800][105.705s] GC(141) Pause Young (Mixed) (G1 Evacuation Pause)
[2022-03-30T23:38:18.287+0800][105.705s] GC(141) Using 8 workers of 8 for evacuation
[2022-03-30T23:38:18.289+0800][105.706s] GC(141)   Pre Evacuate Collection Set: 0.1ms
[2022-03-30T23:38:18.289+0800][105.706s] GC(141)   Merge Heap Roots: 0.0ms
[2022-03-30T23:38:18.289+0800][105.706s] GC(141)   Evacuate Collection Set: 1.2ms
[2022-03-30T23:38:18.289+0800][105.706s] GC(141)   Post Evacuate Collection Set: 0.2ms
[2022-03-30T23:38:18.289+0800][105.706s] GC(141)   Other: 0.1ms
[2022-03-30T23:38:18.289+0800][105.706s] GC(141) Eden regions: 21->0(200)
[2022-03-30T23:38:18.289+0800][105.706s] GC(141) Survivor regions: 4->2(4)
[2022-03-30T23:38:18.289+0800][105.706s] GC(141) Old regions: 234->234
[2022-03-30T23:38:18.289+0800][105.706s] GC(141) Archive regions: 0->0
[2022-03-30T23:38:18.289+0800][105.706s] GC(141) Humongous regions: 20->20
[2022-03-30T23:38:18.289+0800][105.706s] GC(141) Metaspace: 51522K(51968K)->51522K(51968K) NonClass: 45454K(45696K)->45454K(45696K) Class: 6067K(6272K)->6067K(6272K)
[2022-03-30T23:38:18.289+0800][105.706s] GC(141) Pause Young (Mixed) (G1 Evacuation Pause) 277M->254M(512M) 1.809ms
[2022-03-30T23:38:18.289+0800][105.707s] GC(141) User=0.12s Sys=0.00s Real=0.00s
[2022-03-30T23:38:19.025+0800][106.442s] GC(142) Pause Young (Normal) (G1 Evacuation Pause)
[2022-03-30T23:38:19.025+0800][106.442s] GC(142) Using 8 workers of 8 for evacuation
[2022-03-30T23:38:19.026+0800][106.444s] GC(142)   Pre Evacuate Collection Set: 0.1ms
[2022-03-30T23:38:19.026+0800][106.444s] GC(142)   Merge Heap Roots: 0.1ms
[2022-03-30T23:38:19.026+0800][106.444s] GC(142)   Evacuate Collection Set: 0.6ms
[2022-03-30T23:38:19.026+0800][106.444s] GC(142)   Post Evacuate Collection Set: 0.2ms
[2022-03-30T23:38:19.026+0800][106.444s] GC(142)   Other: 0.2ms
[2022-03-30T23:38:19.026+0800][106.444s] GC(142) Eden regions: 200->0(198)
[2022-03-30T23:38:19.026+0800][106.444s] GC(142) Survivor regions: 2->3(26)
[2022-03-30T23:38:19.026+0800][106.444s] GC(142) Old regions: 234->234
[2022-03-30T23:38:19.026+0800][106.444s] GC(142) Archive regions: 0->0
[2022-03-30T23:38:19.026+0800][106.444s] GC(142) Humongous regions: 20->20
[2022-03-30T23:38:19.026+0800][106.444s] GC(142) Metaspace: 51522K(51968K)->51522K(51968K) NonClass: 45454K(45696K)->45454K(45696K) Class: 6067K(6272K)->6067K(6272K)
[2022-03-30T23:38:19.026+0800][106.444s] GC(142) Pause Young (Normal) (G1 Evacuation Pause) 454M->255M(512M) 1.355ms
[2022-03-30T23:38:19.026+0800][106.444s] GC(142) User=0.00s Sys=0.00s Real=0.00s
[2022-03-30T23:38:19.682+0800][107.112s] GC(143) Pause Young (Normal) (G1 Evacuation Pause)
[2022-03-30T23:38:19.682+0800][107.112s] GC(143) Using 8 workers of 8 for evacuation
[2022-03-30T23:38:19.682+0800][107.113s] GC(143)   Pre Evacuate Collection Set: 0.1ms
[2022-03-30T23:38:19.682+0800][107.113s] GC(143)   Merge Heap Roots: 0.1ms
[2022-03-30T23:38:19.682+0800][107.113s] GC(143)   Evacuate Collection Set: 0.7ms
[2022-03-30T23:38:19.682+0800][107.113s] GC(143)   Post Evacuate Collection Set: 0.4ms
[2022-03-30T23:38:19.682+0800][107.113s] GC(143)   Other: 0.2ms
[2022-03-30T23:38:19.682+0800][107.113s] GC(143) Eden regions: 198->0(199)
[2022-03-30T23:38:19.682+0800][107.113s] GC(143) Survivor regions: 3->3(26)
[2022-03-30T23:38:19.682+0800][107.113s] GC(143) Old regions: 234->234
[2022-03-30T23:38:19.682+0800][107.113s] GC(143) Archive regions: 0->0
[2022-03-30T23:38:19.682+0800][107.113s] GC(143) Humongous regions: 20->20
[2022-03-30T23:38:19.682+0800][107.113s] GC(143) Metaspace: 51523K(51968K)->51523K(51968K) NonClass: 45456K(45696K)->45456K(45696K) Class: 6067K(6272K)->6067K(6272K)
[2022-03-30T23:38:19.682+0800][107.113s] GC(143) Pause Young (Normal) (G1 Evacuation Pause) 453M->255M(512M) 1.633ms
[2022-03-30T23:38:19.682+0800][107.113s] GC(143) User=0.00s Sys=0.00s Real=0.00s
[2022-03-30T23:38:20.362+0800][107.782s] GC(144) Pause Young (Concurrent Start) (G1 Evacuation Pause)
[2022-03-30T23:38:20.362+0800][107.782s] GC(144) Using 8 workers of 8 for evacuation
[2022-03-30T23:38:20.367+0800][107.784s] GC(144)   Pre Evacuate Collection Set: 0.1ms
[2022-03-30T23:38:20.367+0800][107.784s] GC(144)   Merge Heap Roots: 0.1ms
[2022-03-30T23:38:20.367+0800][107.784s] GC(144)   Evacuate Collection Set: 0.9ms
[2022-03-30T23:38:20.367+0800][107.784s] GC(144)   Post Evacuate Collection Set: 0.5ms
[2022-03-30T23:38:20.367+0800][107.784s] GC(144)   Other: 0.3ms
[2022-03-30T23:38:20.367+0800][107.784s] GC(144) Eden regions: 199->0(199)
[2022-03-30T23:38:20.367+0800][107.784s] GC(144) Survivor regions: 3->3(26)
[2022-03-30T23:38:20.367+0800][107.784s] GC(144) Old regions: 234->234
[2022-03-30T23:38:20.367+0800][107.784s] GC(144) Archive regions: 0->0
[2022-03-30T23:38:20.367+0800][107.784s] GC(144) Humongous regions: 20->20
[2022-03-30T23:38:20.367+0800][107.784s] GC(144) Metaspace: 51523K(51968K)->51523K(51968K) NonClass: 45456K(45696K)->45456K(45696K) Class: 6067K(6272K)->6067K(6272K)
[2022-03-30T23:38:20.367+0800][107.784s] GC(144) Pause Young (Concurrent Start) (G1 Evacuation Pause) 454M->255M(512M) 2.289ms
[2022-03-30T23:38:20.367+0800][107.784s] GC(144) User=0.12s Sys=0.00s Real=0.01s
[2022-03-30T23:38:20.367+0800][107.784s] GC(145) Concurrent Mark Cycle
[2022-03-30T23:38:20.367+0800][107.785s] GC(145) Concurrent Clear Claimed Marks
[2022-03-30T23:38:20.367+0800][107.785s] GC(145) Concurrent Clear Claimed Marks 0.033ms
[2022-03-30T23:38:20.367+0800][107.785s] GC(145) Concurrent Scan Root Regions
[2022-03-30T23:38:20.367+0800][107.785s] GC(145) Concurrent Scan Root Regions 0.672ms
[2022-03-30T23:38:20.367+0800][107.785s] GC(145) Concurrent Mark
[2022-03-30T23:38:20.367+0800][107.785s] GC(145) Concurrent Mark From Roots
[2022-03-30T23:38:20.367+0800][107.785s] GC(145) Using 2 workers of 2 for marking
[2022-03-30T23:38:20.798+0800][108.216s] GC(145) Concurrent Mark From Roots 430.597ms
[2022-03-30T23:38:20.798+0800][108.216s] GC(145) Concurrent Preclean
[2022-03-30T23:38:20.798+0800][108.216s] GC(145) Concurrent Preclean 0.231ms
[2022-03-30T23:38:20.798+0800][108.216s] GC(145) Pause Remark
[2022-03-30T23:38:20.802+0800][108.219s] GC(145) Pause Remark 376M->376M(512M) 2.554ms
[2022-03-30T23:38:20.802+0800][108.219s] GC(145) User=0.00s Sys=0.00s Real=0.00s
[2022-03-30T23:38:20.802+0800][108.219s] GC(145) Concurrent Mark 433.783ms
[2022-03-30T23:38:20.802+0800][108.219s] GC(145) Concurrent Rebuild Remembered Sets
[2022-03-30T23:38:20.973+0800][108.398s] GC(145) Concurrent Rebuild Remembered Sets 178.928ms
[2022-03-30T23:38:20.973+0800][108.398s] GC(145) Pause Cleanup
[2022-03-30T23:38:20.973+0800][108.398s] GC(145) Pause Cleanup 427M->427M(512M) 0.124ms
[2022-03-30T23:38:20.973+0800][108.398s] GC(145) User=0.00s Sys=0.00s Real=0.00s
[2022-03-30T23:38:20.973+0800][108.398s] GC(145) Concurrent Cleanup for Next Mark
[2022-03-30T23:38:20.973+0800][108.399s] GC(145) Concurrent Cleanup for Next Mark 0.256ms
[2022-03-30T23:38:20.973+0800][108.399s] GC(145) Concurrent Mark Cycle 614.143ms
[2022-03-30T23:38:21.064+0800][108.495s] GC(146) Pause Young (Prepare Mixed) (G1 Evacuation Pause)
[2022-03-30T23:38:21.064+0800][108.495s] GC(146) Using 8 workers of 8 for evacuation
[2022-03-30T23:38:21.079+0800][108.497s] GC(146)   Pre Evacuate Collection Set: 0.1ms
[2022-03-30T23:38:21.079+0800][108.497s] GC(146)   Merge Heap Roots: 0.1ms
[2022-03-30T23:38:21.079+0800][108.497s] GC(146)   Evacuate Collection Set: 0.8ms
[2022-03-30T23:38:21.079+0800][108.497s] GC(146)   Post Evacuate Collection Set: 0.2ms
[2022-03-30T23:38:21.079+0800][108.497s] GC(146)   Other: 0.1ms
[2022-03-30T23:38:21.079+0800][108.497s] GC(146) Eden regions: 199->0(22)
[2022-03-30T23:38:21.079+0800][108.497s] GC(146) Survivor regions: 3->3(26)
[2022-03-30T23:38:21.079+0800][108.497s] GC(146) Old regions: 234->234
[2022-03-30T23:38:21.079+0800][108.497s] GC(146) Archive regions: 0->0
[2022-03-30T23:38:21.079+0800][108.497s] GC(146) Humongous regions: 20->20
[2022-03-30T23:38:21.079+0800][108.497s] GC(146) Metaspace: 51523K(51968K)->51523K(51968K) NonClass: 45456K(45696K)->45456K(45696K) Class: 6067K(6272K)->6067K(6272K)
[2022-03-30T23:38:21.079+0800][108.497s] GC(146) Pause Young (Prepare Mixed) (G1 Evacuation Pause) 454M->256M(512M) 1.480ms
[2022-03-30T23:38:21.079+0800][108.497s] GC(146) User=0.06s Sys=0.00s Real=0.02s
[2022-03-30T23:38:21.147+0800][108.569s] GC(147) Pause Young (Mixed) (G1 Evacuation Pause)
[2022-03-30T23:38:21.147+0800][108.569s] GC(147) Using 8 workers of 8 for evacuation
[2022-03-30T23:38:21.153+0800][108.570s] GC(147)   Pre Evacuate Collection Set: 0.1ms
[2022-03-30T23:38:21.153+0800][108.570s] GC(147)   Merge Heap Roots: 0.0ms
[2022-03-30T23:38:21.153+0800][108.570s] GC(147)   Evacuate Collection Set: 1.1ms
[2022-03-30T23:38:21.153+0800][108.570s] GC(147)   Post Evacuate Collection Set: 0.3ms
[2022-03-30T23:38:21.153+0800][108.570s] GC(147)   Other: 0.1ms
[2022-03-30T23:38:21.153+0800][108.570s] GC(147) Eden regions: 22->0(199)
[2022-03-30T23:38:21.153+0800][108.570s] GC(147) Survivor regions: 3->2(4)
[2022-03-30T23:38:21.153+0800][108.570s] GC(147) Old regions: 234->234
[2022-03-30T23:38:21.153+0800][108.570s] GC(147) Archive regions: 0->0
[2022-03-30T23:38:21.153+0800][108.570s] GC(147) Humongous regions: 20->20
[2022-03-30T23:38:21.153+0800][108.570s] GC(147) Metaspace: 51523K(51968K)->51523K(51968K) NonClass: 45456K(45696K)->45456K(45696K) Class: 6067K(6272K)->6067K(6272K)
[2022-03-30T23:38:21.153+0800][108.570s] GC(147) Pause Young (Mixed) (G1 Evacuation Pause) 278M->254M(512M) 1.683ms
[2022-03-30T23:38:21.153+0800][108.570s] GC(147) User=0.06s Sys=0.00s Real=0.01s
[2022-03-30T23:38:21.841+0800][109.259s] GC(148) Pause Young (Normal) (G1 Evacuation Pause)
[2022-03-30T23:38:21.841+0800][109.259s] GC(148) Using 8 workers of 8 for evacuation
[2022-03-30T23:38:21.843+0800][109.260s] GC(148)   Pre Evacuate Collection Set: 0.1ms
[2022-03-30T23:38:21.843+0800][109.260s] GC(148)   Merge Heap Roots: 0.1ms
[2022-03-30T23:38:21.843+0800][109.260s] GC(148)   Evacuate Collection Set: 0.8ms
[2022-03-30T23:38:21.843+0800][109.260s] GC(148)   Post Evacuate Collection Set: 0.5ms
[2022-03-30T23:38:21.843+0800][109.260s] GC(148)   Other: 0.1ms
[2022-03-30T23:38:21.843+0800][109.260s] GC(148) Eden regions: 199->0(198)
[2022-03-30T23:38:21.843+0800][109.260s] GC(148) Survivor regions: 2->3(26)
[2022-03-30T23:38:21.843+0800][109.260s] GC(148) Old regions: 234->234
[2022-03-30T23:38:21.843+0800][109.260s] GC(148) Archive regions: 0->0
[2022-03-30T23:38:21.843+0800][109.260s] GC(148) Humongous regions: 20->20
[2022-03-30T23:38:21.843+0800][109.260s] GC(148) Metaspace: 51523K(51968K)->51523K(51968K) NonClass: 45456K(45696K)->45456K(45696K) Class: 6067K(6272K)->6067K(6272K)
[2022-03-30T23:38:21.843+0800][109.260s] GC(148) Pause Young (Normal) (G1 Evacuation Pause) 453M->255M(512M) 1.808ms
[2022-03-30T23:38:21.843+0800][109.260s] GC(148) User=0.00s Sys=0.00s Real=0.00s
[2022-03-30T23:38:22.430+0800][109.847s] GC(149) Pause Young (Normal) (G1 Evacuation Pause)
[2022-03-30T23:38:22.430+0800][109.847s] GC(149) Using 8 workers of 8 for evacuation
[2022-03-30T23:38:22.431+0800][109.848s] GC(149)   Pre Evacuate Collection Set: 0.1ms
[2022-03-30T23:38:22.431+0800][109.848s] GC(149)   Merge Heap Roots: 0.1ms
[2022-03-30T23:38:22.431+0800][109.848s] GC(149)   Evacuate Collection Set: 0.7ms
[2022-03-30T23:38:22.431+0800][109.848s] GC(149)   Post Evacuate Collection Set: 0.4ms
[2022-03-30T23:38:22.431+0800][109.848s] GC(149)   Other: 0.1ms
[2022-03-30T23:38:22.431+0800][109.848s] GC(149) Eden regions: 198->0(198)
[2022-03-30T23:38:22.431+0800][109.848s] GC(149) Survivor regions: 3->3(26)
[2022-03-30T23:38:22.431+0800][109.848s] GC(149) Old regions: 234->234
[2022-03-30T23:38:22.431+0800][109.848s] GC(149) Archive regions: 0->0
[2022-03-30T23:38:22.431+0800][109.848s] GC(149) Humongous regions: 20->20
[2022-03-30T23:38:22.431+0800][109.848s] GC(149) Metaspace: 51523K(51968K)->51523K(51968K) NonClass: 45456K(45696K)->45456K(45696K) Class: 6067K(6272K)->6067K(6272K)
[2022-03-30T23:38:22.431+0800][109.849s] GC(149) Pause Young (Normal) (G1 Evacuation Pause) 453M->255M(512M) 1.497ms
[2022-03-30T23:38:22.431+0800][109.849s] GC(149) User=0.00s Sys=0.00s Real=0.00s
[2022-03-30T23:38:23.136+0800][110.554s] GC(150) Pause Young (Concurrent Start) (G1 Evacuation Pause)
[2022-03-30T23:38:23.136+0800][110.554s] GC(150) Using 8 workers of 8 for evacuation
[2022-03-30T23:38:23.139+0800][110.556s] GC(150)   Pre Evacuate Collection Set: 0.1ms
[2022-03-30T23:38:23.139+0800][110.556s] GC(150)   Merge Heap Roots: 0.1ms
[2022-03-30T23:38:23.139+0800][110.556s] GC(150)   Evacuate Collection Set: 0.7ms
[2022-03-30T23:38:23.139+0800][110.556s] GC(150)   Post Evacuate Collection Set: 0.4ms
[2022-03-30T23:38:23.139+0800][110.556s] GC(150)   Other: 0.2ms
[2022-03-30T23:38:23.139+0800][110.556s] GC(150) Eden regions: 198->0(197)
[2022-03-30T23:38:23.139+0800][110.556s] GC(150) Survivor regions: 3->4(26)
[2022-03-30T23:38:23.139+0800][110.556s] GC(150) Old regions: 234->234
[2022-03-30T23:38:23.139+0800][110.556s] GC(150) Archive regions: 0->0
[2022-03-30T23:38:23.139+0800][110.556s] GC(150) Humongous regions: 20->20
[2022-03-30T23:38:23.139+0800][110.556s] GC(150) Metaspace: 51523K(51968K)->51523K(51968K) NonClass: 45456K(45696K)->45456K(45696K) Class: 6067K(6272K)->6067K(6272K)
[2022-03-30T23:38:23.139+0800][110.556s] GC(150) Pause Young (Concurrent Start) (G1 Evacuation Pause) 453M->256M(512M) 1.740ms
[2022-03-30T23:38:23.139+0800][110.556s] GC(150) User=0.00s Sys=0.00s Real=0.00s
[2022-03-30T23:38:23.139+0800][110.556s] GC(151) Concurrent Mark Cycle
[2022-03-30T23:38:23.139+0800][110.556s] GC(151) Concurrent Clear Claimed Marks
[2022-03-30T23:38:23.139+0800][110.556s] GC(151) Concurrent Clear Claimed Marks 0.026ms
[2022-03-30T23:38:23.139+0800][110.556s] GC(151) Concurrent Scan Root Regions
[2022-03-30T23:38:23.140+0800][110.557s] GC(151) Concurrent Scan Root Regions 0.695ms
[2022-03-30T23:38:23.140+0800][110.557s] GC(151) Concurrent Mark
[2022-03-30T23:38:23.140+0800][110.557s] GC(151) Concurrent Mark From Roots
[2022-03-30T23:38:23.140+0800][110.557s] GC(151) Using 2 workers of 2 for marking
[2022-03-30T23:38:23.489+0800][110.907s] GC(151) Concurrent Mark From Roots 349.935ms
[2022-03-30T23:38:23.489+0800][110.907s] GC(151) Concurrent Preclean
[2022-03-30T23:38:23.490+0800][110.907s] GC(151) Concurrent Preclean 0.126ms
[2022-03-30T23:38:23.490+0800][110.907s] GC(151) Pause Remark
[2022-03-30T23:38:23.492+0800][110.909s] GC(151) Pause Remark 349M->349M(512M) 2.158ms
[2022-03-30T23:38:23.492+0800][110.909s] GC(151) User=0.12s Sys=0.00s Real=0.00s
[2022-03-30T23:38:23.492+0800][110.909s] GC(151) Concurrent Mark 352.531ms
[2022-03-30T23:38:23.492+0800][110.909s] GC(151) Concurrent Rebuild Remembered Sets
[2022-03-30T23:38:23.680+0800][111.098s] GC(151) Concurrent Rebuild Remembered Sets 189.069ms
[2022-03-30T23:38:23.681+0800][111.099s] GC(151) Pause Cleanup
[2022-03-30T23:38:23.681+0800][111.099s] GC(151) Pause Cleanup 400M->400M(512M) 0.160ms
[2022-03-30T23:38:23.681+0800][111.099s] GC(151) User=0.00s Sys=0.00s Real=0.00s
[2022-03-30T23:38:23.681+0800][111.099s] GC(151) Concurrent Cleanup for Next Mark
[2022-03-30T23:38:23.681+0800][111.099s] GC(151) Concurrent Cleanup for Next Mark 0.329ms
[2022-03-30T23:38:23.681+0800][111.099s] GC(151) Concurrent Mark Cycle 543.256ms
[2022-03-30T23:38:23.850+0800][111.267s] GC(152) Pause Young (Prepare Mixed) (G1 Evacuation Pause)
[2022-03-30T23:38:23.850+0800][111.267s] GC(152) Using 8 workers of 8 for evacuation
[2022-03-30T23:38:23.852+0800][111.269s] GC(152)   Pre Evacuate Collection Set: 0.1ms
[2022-03-30T23:38:23.852+0800][111.269s] GC(152)   Merge Heap Roots: 0.1ms
[2022-03-30T23:38:23.852+0800][111.269s] GC(152)   Evacuate Collection Set: 1.1ms
[2022-03-30T23:38:23.852+0800][111.269s] GC(152)   Post Evacuate Collection Set: 0.4ms
[2022-03-30T23:38:23.852+0800][111.269s] GC(152)   Other: 0.3ms
[2022-03-30T23:38:23.852+0800][111.269s] GC(152) Eden regions: 197->0(21)
[2022-03-30T23:38:23.852+0800][111.269s] GC(152) Survivor regions: 4->4(26)
[2022-03-30T23:38:23.852+0800][111.269s] GC(152) Old regions: 234->234
[2022-03-30T23:38:23.852+0800][111.269s] GC(152) Archive regions: 0->0
[2022-03-30T23:38:23.852+0800][111.269s] GC(152) Humongous regions: 20->20
[2022-03-30T23:38:23.852+0800][111.269s] GC(152) Metaspace: 51523K(51968K)->51523K(51968K) NonClass: 45456K(45696K)->45456K(45696K) Class: 6067K(6272K)->6067K(6272K)
[2022-03-30T23:38:23.852+0800][111.269s] GC(152) Pause Young (Prepare Mixed) (G1 Evacuation Pause) 453M->256M(512M) 2.136ms
[2022-03-30T23:38:23.852+0800][111.269s] GC(152) User=0.02s Sys=0.00s Real=0.00s
[2022-03-30T23:38:23.924+0800][111.341s] GC(153) Pause Young (Mixed) (G1 Evacuation Pause)
[2022-03-30T23:38:23.924+0800][111.341s] GC(153) Using 8 workers of 8 for evacuation
[2022-03-30T23:38:23.926+0800][111.344s] GC(153)   Pre Evacuate Collection Set: 0.1ms
[2022-03-30T23:38:23.926+0800][111.344s] GC(153)   Merge Heap Roots: 0.1ms
[2022-03-30T23:38:23.926+0800][111.344s] GC(153)   Evacuate Collection Set: 1.4ms
[2022-03-30T23:38:23.926+0800][111.344s] GC(153)   Post Evacuate Collection Set: 0.5ms
[2022-03-30T23:38:23.926+0800][111.344s] GC(153)   Other: 0.2ms
[2022-03-30T23:38:23.926+0800][111.344s] GC(153) Eden regions: 21->0(199)
[2022-03-30T23:38:23.926+0800][111.344s] GC(153) Survivor regions: 4->2(4)
[2022-03-30T23:38:23.926+0800][111.344s] GC(153) Old regions: 234->234
[2022-03-30T23:38:23.926+0800][111.344s] GC(153) Archive regions: 0->0
[2022-03-30T23:38:23.926+0800][111.344s] GC(153) Humongous regions: 20->20
[2022-03-30T23:38:23.926+0800][111.344s] GC(153) Metaspace: 51523K(51968K)->51523K(51968K) NonClass: 45456K(45696K)->45456K(45696K) Class: 6067K(6272K)->6067K(6272K)
[2022-03-30T23:38:23.926+0800][111.344s] GC(153) Pause Young (Mixed) (G1 Evacuation Pause) 277M->255M(512M) 2.676ms
[2022-03-30T23:38:23.926+0800][111.344s] GC(153) User=0.00s Sys=0.00s Real=0.00s
[2022-03-30T23:38:24.636+0800][112.053s] GC(154) Pause Young (Normal) (G1 Evacuation Pause)
[2022-03-30T23:38:24.636+0800][112.053s] GC(154) Using 8 workers of 8 for evacuation
[2022-03-30T23:38:24.636+0800][112.054s] GC(154)   Pre Evacuate Collection Set: 0.0ms
[2022-03-30T23:38:24.636+0800][112.054s] GC(154)   Merge Heap Roots: 0.0ms
[2022-03-30T23:38:24.636+0800][112.054s] GC(154)   Evacuate Collection Set: 0.4ms
[2022-03-30T23:38:24.636+0800][112.054s] GC(154)   Post Evacuate Collection Set: 0.2ms
[2022-03-30T23:38:24.636+0800][112.054s] GC(154)   Other: 0.1ms
[2022-03-30T23:38:24.636+0800][112.054s] GC(154) Eden regions: 199->0(200)
[2022-03-30T23:38:24.636+0800][112.054s] GC(154) Survivor regions: 2->2(26)
[2022-03-30T23:38:24.636+0800][112.054s] GC(154) Old regions: 234->234
[2022-03-30T23:38:24.637+0800][112.054s] GC(154) Archive regions: 0->0
[2022-03-30T23:38:24.637+0800][112.054s] GC(154) Humongous regions: 20->20
[2022-03-30T23:38:24.637+0800][112.054s] GC(154) Metaspace: 51523K(51968K)->51523K(51968K) NonClass: 45456K(45696K)->45456K(45696K) Class: 6067K(6272K)->6067K(6272K)
[2022-03-30T23:38:24.637+0800][112.054s] GC(154) Pause Young (Normal) (G1 Evacuation Pause) 454M->255M(512M) 1.000ms
[2022-03-30T23:38:24.637+0800][112.054s] GC(154) User=0.00s Sys=0.00s Real=0.00s
[2022-03-30T23:38:25.303+0800][112.720s] GC(155) Pause Young (Normal) (G1 Evacuation Pause)
[2022-03-30T23:38:25.303+0800][112.720s] GC(155) Using 8 workers of 8 for evacuation
[2022-03-30T23:38:25.305+0800][112.722s] GC(155)   Pre Evacuate Collection Set: 0.1ms
[2022-03-30T23:38:25.305+0800][112.722s] GC(155)   Merge Heap Roots: 0.1ms
[2022-03-30T23:38:25.305+0800][112.722s] GC(155)   Evacuate Collection Set: 0.8ms
[2022-03-30T23:38:25.305+0800][112.722s] GC(155)   Post Evacuate Collection Set: 0.4ms
[2022-03-30T23:38:25.305+0800][112.722s] GC(155)   Other: 0.4ms
[2022-03-30T23:38:25.305+0800][112.722s] GC(155) Eden regions: 200->0(199)
[2022-03-30T23:38:25.305+0800][112.722s] GC(155) Survivor regions: 2->3(26)
[2022-03-30T23:38:25.305+0800][112.722s] GC(155) Old regions: 234->234
[2022-03-30T23:38:25.305+0800][112.722s] GC(155) Archive regions: 0->0
[2022-03-30T23:38:25.305+0800][112.722s] GC(155) Humongous regions: 20->20
[2022-03-30T23:38:25.305+0800][112.722s] GC(155) Metaspace: 51548K(51968K)->51548K(51968K) NonClass: 45480K(45696K)->45480K(45696K) Class: 6067K(6272K)->6067K(6272K)
[2022-03-30T23:38:25.305+0800][112.722s] GC(155) Pause Young (Normal) (G1 Evacuation Pause) 455M->256M(512M) 2.140ms
[2022-03-30T23:38:25.305+0800][112.722s] GC(155) User=0.11s Sys=0.00s Real=0.00s
[2022-03-30T23:38:26.015+0800][113.432s] GC(156) Pause Young (Concurrent Start) (G1 Evacuation Pause)
[2022-03-30T23:38:26.015+0800][113.432s] GC(156) Using 8 workers of 8 for evacuation
[2022-03-30T23:38:26.016+0800][113.433s] GC(156)   Pre Evacuate Collection Set: 0.1ms
[2022-03-30T23:38:26.016+0800][113.433s] GC(156)   Merge Heap Roots: 0.0ms
[2022-03-30T23:38:26.016+0800][113.433s] GC(156)   Evacuate Collection Set: 0.5ms
[2022-03-30T23:38:26.016+0800][113.433s] GC(156)   Post Evacuate Collection Set: 0.3ms
[2022-03-30T23:38:26.016+0800][113.433s] GC(156)   Other: 0.4ms
[2022-03-30T23:38:26.016+0800][113.433s] GC(156) Eden regions: 199->0(199)
[2022-03-30T23:38:26.016+0800][113.433s] GC(156) Survivor regions: 3->3(26)
[2022-03-30T23:38:26.016+0800][113.433s] GC(156) Old regions: 234->234
[2022-03-30T23:38:26.016+0800][113.433s] GC(156) Archive regions: 0->0
[2022-03-30T23:38:26.016+0800][113.433s] GC(156) Humongous regions: 20->20
[2022-03-30T23:38:26.016+0800][113.433s] GC(156) Metaspace: 51548K(51968K)->51548K(51968K) NonClass: 45480K(45696K)->45480K(45696K) Class: 6067K(6272K)->6067K(6272K)
[2022-03-30T23:38:26.016+0800][113.433s] GC(156) Pause Young (Concurrent Start) (G1 Evacuation Pause) 455M->256M(512M) 1.463ms
[2022-03-30T23:38:26.016+0800][113.433s] GC(156) User=0.00s Sys=0.00s Real=0.00s
[2022-03-30T23:38:26.016+0800][113.433s] GC(157) Concurrent Mark Cycle
[2022-03-30T23:38:26.016+0800][113.433s] GC(157) Concurrent Clear Claimed Marks
[2022-03-30T23:38:26.016+0800][113.433s] GC(157) Concurrent Clear Claimed Marks 0.042ms
[2022-03-30T23:38:26.016+0800][113.433s] GC(157) Concurrent Scan Root Regions
[2022-03-30T23:38:26.016+0800][113.434s] GC(157) Concurrent Scan Root Regions 0.427ms
[2022-03-30T23:38:26.016+0800][113.434s] GC(157) Concurrent Mark
[2022-03-30T23:38:26.016+0800][113.434s] GC(157) Concurrent Mark From Roots
[2022-03-30T23:38:26.016+0800][113.434s] GC(157) Using 2 workers of 2 for marking
[2022-03-30T23:38:26.419+0800][113.836s] GC(157) Concurrent Mark From Roots 402.010ms
[2022-03-30T23:38:26.419+0800][113.836s] GC(157) Concurrent Preclean
[2022-03-30T23:38:26.419+0800][113.836s] GC(157) Concurrent Preclean 0.253ms
[2022-03-30T23:38:26.419+0800][113.836s] GC(157) Pause Remark
[2022-03-30T23:38:26.422+0800][113.839s] GC(157) Pause Remark 360M->360M(512M) 2.724ms
[2022-03-30T23:38:26.422+0800][113.839s] GC(157) User=0.00s Sys=0.00s Real=0.00s
[2022-03-30T23:38:26.422+0800][113.839s] GC(157) Concurrent Mark 405.422ms
[2022-03-30T23:38:26.422+0800][113.839s] GC(157) Concurrent Rebuild Remembered Sets
[2022-03-30T23:38:26.633+0800][114.050s] GC(157) Concurrent Rebuild Remembered Sets 210.783ms
[2022-03-30T23:38:26.633+0800][114.050s] GC(157) Pause Cleanup
[2022-03-30T23:38:26.633+0800][114.051s] GC(157) Pause Cleanup 417M->417M(512M) 0.219ms
[2022-03-30T23:38:26.633+0800][114.051s] GC(157) User=0.00s Sys=0.00s Real=0.00s
[2022-03-30T23:38:26.633+0800][114.051s] GC(157) Concurrent Cleanup for Next Mark
[2022-03-30T23:38:26.633+0800][114.051s] GC(157) Concurrent Cleanup for Next Mark 0.329ms
[2022-03-30T23:38:26.633+0800][114.051s] GC(157) Concurrent Mark Cycle 617.797ms
[2022-03-30T23:38:26.751+0800][114.169s] GC(158) Pause Young (Prepare Mixed) (G1 Evacuation Pause)
[2022-03-30T23:38:26.751+0800][114.169s] GC(158) Using 8 workers of 8 for evacuation
[2022-03-30T23:38:26.753+0800][114.170s] GC(158)   Pre Evacuate Collection Set: 0.1ms
[2022-03-30T23:38:26.753+0800][114.170s] GC(158)   Merge Heap Roots: 0.0ms
[2022-03-30T23:38:26.753+0800][114.170s] GC(158)   Evacuate Collection Set: 0.5ms
[2022-03-30T23:38:26.753+0800][114.170s] GC(158)   Post Evacuate Collection Set: 0.3ms
[2022-03-30T23:38:26.753+0800][114.170s] GC(158)   Other: 0.2ms
[2022-03-30T23:38:26.753+0800][114.170s] GC(158) Eden regions: 199->0(23)
[2022-03-30T23:38:26.753+0800][114.170s] GC(158) Survivor regions: 3->2(26)
[2022-03-30T23:38:26.753+0800][114.170s] GC(158) Old regions: 234->234
[2022-03-30T23:38:26.753+0800][114.170s] GC(158) Archive regions: 0->0
[2022-03-30T23:38:26.753+0800][114.170s] GC(158) Humongous regions: 20->20
[2022-03-30T23:38:26.753+0800][114.170s] GC(158) Metaspace: 51548K(51968K)->51548K(51968K) NonClass: 45480K(45696K)->45480K(45696K) Class: 6067K(6272K)->6067K(6272K)
[2022-03-30T23:38:26.753+0800][114.170s] GC(158) Pause Young (Prepare Mixed) (G1 Evacuation Pause) 455M->255M(512M) 1.171ms
[2022-03-30T23:38:26.753+0800][114.170s] GC(158) User=0.00s Sys=0.00s Real=0.00s
[2022-03-30T23:38:26.832+0800][114.252s] GC(159) Pause Young (Mixed) (G1 Evacuation Pause)
[2022-03-30T23:38:26.832+0800][114.252s] GC(159) Using 8 workers of 8 for evacuation
[2022-03-30T23:38:26.836+0800][114.253s] GC(159)   Pre Evacuate Collection Set: 0.1ms
[2022-03-30T23:38:26.836+0800][114.253s] GC(159)   Merge Heap Roots: 0.0ms
[2022-03-30T23:38:26.836+0800][114.253s] GC(159)   Evacuate Collection Set: 0.9ms
[2022-03-30T23:38:26.836+0800][114.253s] GC(159)   Post Evacuate Collection Set: 0.3ms
[2022-03-30T23:38:26.836+0800][114.253s] GC(159)   Other: 0.2ms
[2022-03-30T23:38:26.836+0800][114.253s] GC(159) Eden regions: 23->0(202)
[2022-03-30T23:38:26.836+0800][114.253s] GC(159) Survivor regions: 2->2(4)
[2022-03-30T23:38:26.836+0800][114.253s] GC(159) Old regions: 234->232
[2022-03-30T23:38:26.836+0800][114.253s] GC(159) Archive regions: 0->0
[2022-03-30T23:38:26.836+0800][114.254s] GC(159) Humongous regions: 20->20
[2022-03-30T23:38:26.836+0800][114.254s] GC(159) Metaspace: 51548K(51968K)->51548K(51968K) NonClass: 45480K(45696K)->45480K(45696K) Class: 6067K(6272K)->6067K(6272K)
[2022-03-30T23:38:26.836+0800][114.254s] GC(159) Pause Young (Mixed) (G1 Evacuation Pause) 278M->253M(512M) 1.865ms
[2022-03-30T23:38:26.836+0800][114.254s] GC(159) User=0.00s Sys=0.02s Real=0.00s
[2022-03-30T23:38:27.537+0800][114.955s] GC(160) Pause Young (Normal) (G1 Evacuation Pause)
[2022-03-30T23:38:27.537+0800][114.955s] GC(160) Using 8 workers of 8 for evacuation
[2022-03-30T23:38:27.538+0800][114.956s] GC(160)   Pre Evacuate Collection Set: 0.0ms
[2022-03-30T23:38:27.538+0800][114.956s] GC(160)   Merge Heap Roots: 0.0ms
[2022-03-30T23:38:27.538+0800][114.956s] GC(160)   Evacuate Collection Set: 0.4ms
[2022-03-30T23:38:27.538+0800][114.956s] GC(160)   Post Evacuate Collection Set: 0.3ms
[2022-03-30T23:38:27.538+0800][114.956s] GC(160)   Other: 0.1ms
[2022-03-30T23:38:27.538+0800][114.956s] GC(160) Eden regions: 202->0(202)
[2022-03-30T23:38:27.538+0800][114.956s] GC(160) Survivor regions: 2->2(26)
[2022-03-30T23:38:27.538+0800][114.956s] GC(160) Old regions: 232->232
[2022-03-30T23:38:27.538+0800][114.956s] GC(160) Archive regions: 0->0
[2022-03-30T23:38:27.538+0800][114.956s] GC(160) Humongous regions: 20->20
[2022-03-30T23:38:27.539+0800][114.956s] GC(160) Metaspace: 51549K(51968K)->51549K(51968K) NonClass: 45481K(45696K)->45481K(45696K) Class: 6067K(6272K)->6067K(6272K)
[2022-03-30T23:38:27.539+0800][114.956s] GC(160) Pause Young (Normal) (G1 Evacuation Pause) 455M->253M(512M) 1.136ms
[2022-03-30T23:38:27.539+0800][114.956s] GC(160) User=0.02s Sys=0.00s Real=0.00s
[2022-03-30T23:38:28.268+0800][115.696s] GC(161) Pause Young (Normal) (G1 Evacuation Pause)
[2022-03-30T23:38:28.268+0800][115.696s] GC(161) Using 8 workers of 8 for evacuation
[2022-03-30T23:38:28.268+0800][115.698s] GC(161)   Pre Evacuate Collection Set: 0.2ms
[2022-03-30T23:38:28.268+0800][115.698s] GC(161)   Merge Heap Roots: 0.1ms
[2022-03-30T23:38:28.268+0800][115.698s] GC(161)   Evacuate Collection Set: 0.8ms
[2022-03-30T23:38:28.268+0800][115.698s] GC(161)   Post Evacuate Collection Set: 0.6ms
[2022-03-30T23:38:28.268+0800][115.698s] GC(161)   Other: 0.4ms
[2022-03-30T23:38:28.268+0800][115.698s] GC(161) Eden regions: 202->0(201)
[2022-03-30T23:38:28.268+0800][115.698s] GC(161) Survivor regions: 2->3(26)
[2022-03-30T23:38:28.268+0800][115.698s] GC(161) Old regions: 232->232
[2022-03-30T23:38:28.268+0800][115.698s] GC(161) Archive regions: 0->0
[2022-03-30T23:38:28.268+0800][115.698s] GC(161) Humongous regions: 20->20
[2022-03-30T23:38:28.268+0800][115.698s] GC(161) Metaspace: 51550K(51968K)->51550K(51968K) NonClass: 45482K(45696K)->45482K(45696K) Class: 6067K(6272K)->6067K(6272K)
[2022-03-30T23:38:28.268+0800][115.698s] GC(161) Pause Young (Normal) (G1 Evacuation Pause) 455M->253M(512M) 2.269ms
[2022-03-30T23:38:28.268+0800][115.698s] GC(161) User=0.00s Sys=0.00s Real=0.00s
[2022-03-30T23:38:28.954+0800][116.374s] GC(162) Pause Young (Concurrent Start) (G1 Evacuation Pause)
[2022-03-30T23:38:28.954+0800][116.375s] GC(162) Using 8 workers of 8 for evacuation
[2022-03-30T23:38:28.958+0800][116.376s] GC(162)   Pre Evacuate Collection Set: 0.1ms
[2022-03-30T23:38:28.958+0800][116.376s] GC(162)   Merge Heap Roots: 0.1ms
[2022-03-30T23:38:28.958+0800][116.376s] GC(162)   Evacuate Collection Set: 0.6ms
[2022-03-30T23:38:28.958+0800][116.376s] GC(162)   Post Evacuate Collection Set: 0.3ms
[2022-03-30T23:38:28.958+0800][116.376s] GC(162)   Other: 0.2ms
[2022-03-30T23:38:28.958+0800][116.376s] GC(162) Eden regions: 201->0(201)
[2022-03-30T23:38:28.958+0800][116.376s] GC(162) Survivor regions: 3->3(26)
[2022-03-30T23:38:28.958+0800][116.376s] GC(162) Old regions: 232->232
[2022-03-30T23:38:28.958+0800][116.376s] GC(162) Archive regions: 0->0
[2022-03-30T23:38:28.959+0800][116.376s] GC(162) Humongous regions: 20->20
[2022-03-30T23:38:28.959+0800][116.376s] GC(162) Metaspace: 51550K(51968K)->51550K(51968K) NonClass: 45482K(45696K)->45482K(45696K) Class: 6067K(6272K)->6067K(6272K)
[2022-03-30T23:38:28.959+0800][116.376s] GC(162) Pause Young (Concurrent Start) (G1 Evacuation Pause) 454M->254M(512M) 1.483ms
[2022-03-30T23:38:28.959+0800][116.376s] GC(162) User=0.00s Sys=0.00s Real=0.01s
[2022-03-30T23:38:28.959+0800][116.376s] GC(163) Concurrent Mark Cycle
[2022-03-30T23:38:28.959+0800][116.376s] GC(163) Concurrent Clear Claimed Marks
[2022-03-30T23:38:28.959+0800][116.376s] GC(163) Concurrent Clear Claimed Marks 0.020ms
[2022-03-30T23:38:28.959+0800][116.376s] GC(163) Concurrent Scan Root Regions
[2022-03-30T23:38:28.959+0800][116.377s] GC(163) Concurrent Scan Root Regions 0.536ms
[2022-03-30T23:38:28.960+0800][116.377s] GC(163) Concurrent Mark
[2022-03-30T23:38:28.960+0800][116.377s] GC(163) Concurrent Mark From Roots
[2022-03-30T23:38:28.960+0800][116.377s] GC(163) Using 2 workers of 2 for marking
[2022-03-30T23:38:29.402+0800][116.820s] GC(163) Concurrent Mark From Roots 442.906ms
[2022-03-30T23:38:29.402+0800][116.820s] GC(163) Concurrent Preclean
[2022-03-30T23:38:29.402+0800][116.820s] GC(163) Concurrent Preclean 0.155ms
[2022-03-30T23:38:29.403+0800][116.820s] GC(163) Pause Remark
[2022-03-30T23:38:29.405+0800][116.822s] GC(163) Pause Remark 360M->360M(512M) 1.905ms
[2022-03-30T23:38:29.405+0800][116.822s] GC(163) User=0.00s Sys=0.00s Real=0.00s
[2022-03-30T23:38:29.405+0800][116.822s] GC(163) Concurrent Mark 445.582ms
[2022-03-30T23:38:29.405+0800][116.822s] GC(163) Concurrent Rebuild Remembered Sets
[2022-03-30T23:38:29.635+0800][117.059s] GC(163) Concurrent Rebuild Remembered Sets 236.797ms
[2022-03-30T23:38:29.642+0800][117.059s] GC(163) Pause Cleanup
[2022-03-30T23:38:29.642+0800][117.060s] GC(163) Pause Cleanup 412M->412M(512M) 0.286ms
[2022-03-30T23:38:29.642+0800][117.060s] GC(163) User=0.00s Sys=0.00s Real=0.00s
[2022-03-30T23:38:29.642+0800][117.060s] GC(163) Concurrent Cleanup for Next Mark
[2022-03-30T23:38:29.643+0800][117.060s] GC(163) Concurrent Cleanup for Next Mark 0.471ms
[2022-03-30T23:38:29.643+0800][117.060s] GC(163) Concurrent Mark Cycle 684.312ms
[2022-03-30T23:38:30.060+0800][117.480s] GC(164) Pause Young (Prepare Mixed) (G1 Evacuation Pause)
[2022-03-30T23:38:30.060+0800][117.480s] GC(164) Using 8 workers of 8 for evacuation
[2022-03-30T23:38:30.072+0800][117.490s] GC(164)   Pre Evacuate Collection Set: 0.1ms
[2022-03-30T23:38:30.072+0800][117.490s] GC(164)   Merge Heap Roots: 0.1ms
[2022-03-30T23:38:30.072+0800][117.490s] GC(164)   Evacuate Collection Set: 9.0ms
[2022-03-30T23:38:30.072+0800][117.490s] GC(164)   Post Evacuate Collection Set: 0.4ms
[2022-03-30T23:38:30.072+0800][117.490s] GC(164)   Other: 0.4ms
[2022-03-30T23:38:30.072+0800][117.490s] GC(164) Eden regions: 201->0(13)
[2022-03-30T23:38:30.072+0800][117.490s] GC(164) Survivor regions: 3->12(26)
[2022-03-30T23:38:30.072+0800][117.490s] GC(164) Old regions: 232->232
[2022-03-30T23:38:30.072+0800][117.490s] GC(164) Archive regions: 0->0
[2022-03-30T23:38:30.072+0800][117.490s] GC(164) Humongous regions: 43->28
[2022-03-30T23:38:30.072+0800][117.490s] GC(164) Metaspace: 51794K(52160K)->51794K(52160K) NonClass: 45695K(45888K)->45695K(45888K) Class: 6099K(6272K)->6099K(6272K)
[2022-03-30T23:38:30.072+0800][117.490s] GC(164) Pause Young (Prepare Mixed) (G1 Evacuation Pause) 478M->271M(512M) 10.185ms
[2022-03-30T23:38:30.072+0800][117.490s] GC(164) User=0.11s Sys=0.00s Real=0.01s
[2022-03-30T23:38:30.101+0800][117.518s] GC(165) Pause Young (Mixed) (G1 Evacuation Pause)
[2022-03-30T23:38:30.101+0800][117.518s] GC(165) Using 8 workers of 8 for evacuation
[2022-03-30T23:38:30.103+0800][117.531s] GC(165)   Pre Evacuate Collection Set: 0.1ms
[2022-03-30T23:38:30.103+0800][117.531s] GC(165)   Merge Heap Roots: 0.0ms
[2022-03-30T23:38:30.103+0800][117.531s] GC(165)   Evacuate Collection Set: 12.0ms
[2022-03-30T23:38:30.103+0800][117.531s] GC(165)   Post Evacuate Collection Set: 0.3ms
[2022-03-30T23:38:30.103+0800][117.531s] GC(165)   Other: 0.2ms
[2022-03-30T23:38:30.103+0800][117.531s] GC(165) Eden regions: 13->0(162)
[2022-03-30T23:38:30.103+0800][117.531s] GC(165) Survivor regions: 12->4(4)
[2022-03-30T23:38:30.103+0800][117.531s] GC(165) Old regions: 232->246
[2022-03-30T23:38:30.103+0800][117.531s] GC(165) Archive regions: 0->0
[2022-03-30T23:38:30.103+0800][117.531s] GC(165) Humongous regions: 29->29
[2022-03-30T23:38:30.103+0800][117.531s] GC(165) Metaspace: 51794K(52160K)->51794K(52160K) NonClass: 45695K(45888K)->45695K(45888K) Class: 6099K(6272K)->6099K(6272K)
[2022-03-30T23:38:30.103+0800][117.531s] GC(165) Pause Young (Mixed) (G1 Evacuation Pause) 285M->278M(512M) 12.830ms
[2022-03-30T23:38:30.103+0800][117.531s] GC(165) User=0.00s Sys=0.00s Real=0.00s
[2022-03-30T23:38:44.020+0800][131.438s] GC(166) Pause Young (Normal) (G1 Evacuation Pause)
[2022-03-30T23:38:44.020+0800][131.438s] GC(166) Using 8 workers of 8 for evacuation
[2022-03-30T23:38:44.135+0800][131.552s] GC(166) To-space exhausted
[2022-03-30T23:38:44.135+0800][131.552s] GC(166)   Pre Evacuate Collection Set: 0.1ms
[2022-03-30T23:38:44.135+0800][131.552s] GC(166)   Merge Heap Roots: 0.6ms
[2022-03-30T23:38:44.135+0800][131.552s] GC(166)   Evacuate Collection Set: 80.7ms
[2022-03-30T23:38:44.135+0800][131.552s] GC(166)   Post Evacuate Collection Set: 32.7ms
[2022-03-30T23:38:44.135+0800][131.552s] GC(166)   Other: 0.2ms
[2022-03-30T23:38:44.135+0800][131.552s] GC(166) Eden regions: 162->0(4)
[2022-03-30T23:38:44.135+0800][131.552s] GC(166) Survivor regions: 4->21(21)
[2022-03-30T23:38:44.135+0800][131.552s] GC(166) Old regions: 246->430
[2022-03-30T23:38:44.135+0800][131.552s] GC(166) Archive regions: 0->0
[2022-03-30T23:38:44.135+0800][131.552s] GC(166) Humongous regions: 60->45
[2022-03-30T23:38:44.135+0800][131.552s] GC(166) Metaspace: 52260K(52608K)->52260K(52608K) NonClass: 46124K(46336K)->46124K(46336K) Class: 6135K(6272K)->6135K(6272K)
[2022-03-30T23:38:44.135+0800][131.552s] GC(166) Pause Young (Normal) (G1 Evacuation Pause) 471M->496M(512M) 114.475ms
[2022-03-30T23:38:44.135+0800][131.552s] GC(166) User=0.69s Sys=0.00s Real=0.12s
[2022-03-30T23:38:44.141+0800][131.559s] GC(167) Pause Young (Concurrent Start) (G1 Preventive Collection)
[2022-03-30T23:38:44.141+0800][131.560s] GC(167) Using 8 workers of 8 for evacuation
[2022-03-30T23:38:44.163+0800][131.580s] GC(167) To-space exhausted
[2022-03-30T23:38:44.163+0800][131.581s] GC(167)   Pre Evacuate Collection Set: 0.1ms
[2022-03-30T23:38:44.163+0800][131.581s] GC(167)   Merge Heap Roots: 0.1ms
[2022-03-30T23:38:44.163+0800][131.581s] GC(167)   Evacuate Collection Set: 14.9ms
[2022-03-30T23:38:44.163+0800][131.581s] GC(167)   Post Evacuate Collection Set: 5.8ms
[2022-03-30T23:38:44.163+0800][131.581s] GC(167)   Other: 0.2ms
[2022-03-30T23:38:44.163+0800][131.581s] GC(167) Eden regions: 1->0(22)
[2022-03-30T23:38:44.163+0800][131.581s] GC(167) Survivor regions: 21->3(4)
[2022-03-30T23:38:44.163+0800][131.581s] GC(167) Old regions: 430->463
[2022-03-30T23:38:44.163+0800][131.581s] GC(167) Archive regions: 0->0
[2022-03-30T23:38:44.163+0800][131.581s] GC(167) Humongous regions: 45->45
[2022-03-30T23:38:44.163+0800][131.581s] GC(167) Metaspace: 52260K(52608K)->52260K(52608K) NonClass: 46124K(46336K)->46124K(46336K) Class: 6135K(6272K)->6135K(6272K)
[2022-03-30T23:38:44.163+0800][131.581s] GC(167) Pause Young (Concurrent Start) (G1 Preventive Collection) 497M->510M(512M) 21.170ms
[2022-03-30T23:38:44.163+0800][131.581s] GC(167) User=0.12s Sys=0.00s Real=0.02s
[2022-03-30T23:38:44.163+0800][131.581s] GC(168) Concurrent Mark Cycle
[2022-03-30T23:38:44.163+0800][131.581s] GC(168) Concurrent Clear Claimed Marks
[2022-03-30T23:38:44.163+0800][131.581s] GC(168) Concurrent Clear Claimed Marks 0.042ms
[2022-03-30T23:38:44.163+0800][131.581s] GC(168) Concurrent Scan Root Regions
[2022-03-30T23:38:44.167+0800][131.585s] GC(168) Concurrent Scan Root Regions 4.105ms
[2022-03-30T23:38:44.167+0800][131.585s] GC(169) Pause Young (Normal) (G1 Evacuation Pause)
[2022-03-30T23:38:44.167+0800][131.585s] GC(168) Concurrent Mark
[2022-03-30T23:38:44.167+0800][131.585s] GC(169) Using 8 workers of 8 for evacuation
[2022-03-30T23:38:44.167+0800][131.585s] GC(168) Concurrent Mark From Roots
[2022-03-30T23:38:44.167+0800][131.585s] GC(168) Using 2 workers of 2 for marking
[2022-03-30T23:38:44.172+0800][131.589s] GC(169) To-space exhausted
[2022-03-30T23:38:44.172+0800][131.589s] GC(169)   Pre Evacuate Collection Set: 2.4ms
[2022-03-30T23:38:44.172+0800][131.589s] GC(169)   Merge Heap Roots: 0.1ms
[2022-03-30T23:38:44.172+0800][131.589s] GC(169)   Evacuate Collection Set: 2.3ms
[2022-03-30T23:38:44.172+0800][131.589s] GC(169)   Post Evacuate Collection Set: 1.3ms
[2022-03-30T23:38:44.172+0800][131.589s] GC(169)   Other: 0.2ms
[2022-03-30T23:38:44.172+0800][131.589s] GC(169) Eden regions: 1->0(25)
[2022-03-30T23:38:44.172+0800][131.589s] GC(169) Survivor regions: 3->0(0)
[2022-03-30T23:38:44.172+0800][131.589s] GC(169) Old regions: 463->467
[2022-03-30T23:38:44.172+0800][131.589s] GC(169) Archive regions: 0->0
[2022-03-30T23:38:44.172+0800][131.589s] GC(169) Humongous regions: 45->45
[2022-03-30T23:38:44.172+0800][131.589s] GC(169) Metaspace: 52260K(52608K)->52260K(52608K) NonClass: 46124K(46336K)->46124K(46336K) Class: 6135K(6272K)->6135K(6272K)
[2022-03-30T23:38:44.172+0800][131.589s] GC(169) Pause Young (Normal) (G1 Evacuation Pause) 511M->511M(512M) 4.027ms
[2022-03-30T23:38:44.172+0800][131.589s] GC(169) User=0.00s Sys=0.00s Real=0.00s
[2022-03-30T23:38:44.172+0800][131.589s] Attempting full compaction
[2022-03-30T23:38:44.172+0800][131.589s] GC(170) Using 8 workers of 8 for full compaction
[2022-03-30T23:38:44.172+0800][131.589s] GC(170) Pause Full (G1 Compaction Pause)
[2022-03-30T23:38:44.172+0800][131.589s] GC(170) Phase 1: Mark live objects
[2022-03-30T23:38:44.328+0800][131.745s] GC(170) Phase 1: Mark live objects 155.745ms
[2022-03-30T23:38:44.328+0800][131.745s] GC(170) Phase 2: Prepare for compaction
[2022-03-30T23:38:44.340+0800][131.758s] GC(170) Phase 2: Prepare for compaction 12.311ms
[2022-03-30T23:38:44.340+0800][131.758s] GC(170) Phase 3: Adjust pointers
[2022-03-30T23:38:44.380+0800][131.797s] GC(170) Phase 3: Adjust pointers 39.725ms
[2022-03-30T23:38:44.380+0800][131.797s] GC(170) Phase 4: Compact heap
[2022-03-30T23:38:44.395+0800][131.812s] GC(170) Phase 4: Compact heap 14.603ms
[2022-03-30T23:38:44.400+0800][131.817s] GC(170) Eden regions: 0->0(50)
[2022-03-30T23:38:44.400+0800][131.817s] GC(170) Survivor regions: 0->0(0)
[2022-03-30T23:38:44.400+0800][131.817s] GC(170) Old regions: 467->334
[2022-03-30T23:38:44.400+0800][131.817s] GC(170) Archive regions: 0->0
[2022-03-30T23:38:44.400+0800][131.817s] GC(170) Humongous regions: 45->33
[2022-03-30T23:38:44.400+0800][131.817s] GC(170) Metaspace: 52260K(52608K)->52180K(52608K) NonClass: 46124K(46336K)->46062K(46336K) Class: 6135K(6272K)->6118K(6272K)
[2022-03-30T23:38:44.400+0800][131.817s] GC(170) Pause Full (G1 Compaction Pause) 511M->363M(512M) 228.124ms
[2022-03-30T23:38:44.401+0800][131.818s] GC(170) User=1.56s Sys=0.00s Real=0.23s
[2022-03-30T23:38:44.401+0800][131.818s] GC(168) Concurrent Mark From Roots 232.763ms
[2022-03-30T23:38:44.401+0800][131.818s] GC(168) Concurrent Mark Abort
[2022-03-30T23:38:44.401+0800][131.818s] GC(168) Concurrent Mark Cycle 237.166ms
[2022-03-30T23:38:44.472+0800][131.889s] GC(171) Pause Young (Normal) (G1 Evacuation Pause)
[2022-03-30T23:38:44.472+0800][131.889s] GC(171) Using 8 workers of 8 for evacuation
[2022-03-30T23:38:44.493+0800][131.911s] GC(171)   Pre Evacuate Collection Set: 0.1ms
[2022-03-30T23:38:44.493+0800][131.911s] GC(171)   Merge Heap Roots: 0.5ms
[2022-03-30T23:38:44.493+0800][131.911s] GC(171)   Evacuate Collection Set: 20.6ms
[2022-03-30T23:38:44.493+0800][131.911s] GC(171)   Post Evacuate Collection Set: 0.3ms
[2022-03-30T23:38:44.493+0800][131.911s] GC(171)   Other: 0.2ms
[2022-03-30T23:38:44.493+0800][131.911s] GC(171) Eden regions: 50->0(28)
[2022-03-30T23:38:44.493+0800][131.911s] GC(171) Survivor regions: 0->7(7)
[2022-03-30T23:38:44.493+0800][131.911s] GC(171) Old regions: 334->357
[2022-03-30T23:38:44.493+0800][131.911s] GC(171) Archive regions: 0->0
[2022-03-30T23:38:44.493+0800][131.911s] GC(171) Humongous regions: 36->36
[2022-03-30T23:38:44.494+0800][131.911s] GC(171) Metaspace: 52180K(52608K)->52180K(52608K) NonClass: 46062K(46336K)->46062K(46336K) Class: 6118K(6272K)->6118K(6272K)
[2022-03-30T23:38:44.494+0800][131.911s] GC(171) Pause Young (Normal) (G1 Evacuation Pause) 416M->395M(512M) 21.910ms
[2022-03-30T23:38:44.494+0800][131.911s] GC(171) User=0.25s Sys=0.00s Real=0.02s
[2022-03-30T23:38:44.523+0800][131.941s] GC(172) Pause Young (Normal) (G1 Evacuation Pause)
[2022-03-30T23:38:44.523+0800][131.941s] GC(172) Using 8 workers of 8 for evacuation
[2022-03-30T23:38:44.540+0800][131.958s] GC(172)   Pre Evacuate Collection Set: 0.1ms
[2022-03-30T23:38:44.540+0800][131.958s] GC(172)   Merge Heap Roots: 0.3ms
[2022-03-30T23:38:44.540+0800][131.958s] GC(172)   Evacuate Collection Set: 16.3ms
[2022-03-30T23:38:44.540+0800][131.958s] GC(172)   Post Evacuate Collection Set: 0.3ms
[2022-03-30T23:38:44.540+0800][131.958s] GC(172)   Other: 0.2ms
[2022-03-30T23:38:44.540+0800][131.958s] GC(172) Eden regions: 28->0(20)
[2022-03-30T23:38:44.540+0800][131.958s] GC(172) Survivor regions: 7->5(5)
[2022-03-30T23:38:44.540+0800][131.958s] GC(172) Old regions: 357->376
[2022-03-30T23:38:44.540+0800][131.958s] GC(172) Archive regions: 0->0
[2022-03-30T23:38:44.540+0800][131.958s] GC(172) Humongous regions: 36->36
[2022-03-30T23:38:44.540+0800][131.958s] GC(172) Metaspace: 52180K(52608K)->52180K(52608K) NonClass: 46062K(46336K)->46062K(46336K) Class: 6118K(6272K)->6118K(6272K)
[2022-03-30T23:38:44.541+0800][131.958s] GC(172) Pause Young (Normal) (G1 Evacuation Pause) 423M->413M(512M) 17.399ms
[2022-03-30T23:38:44.541+0800][131.958s] GC(172) User=0.12s Sys=0.00s Real=0.02s
[2022-03-30T23:38:44.723+0800][132.141s] GC(173) Pause Young (Concurrent Start) (G1 Evacuation Pause)
[2022-03-30T23:38:44.723+0800][132.141s] GC(173) Using 8 workers of 8 for evacuation
[2022-03-30T23:38:44.737+0800][132.155s] GC(173)   Pre Evacuate Collection Set: 0.1ms
[2022-03-30T23:38:44.737+0800][132.155s] GC(173)   Merge Heap Roots: 0.2ms
[2022-03-30T23:38:44.737+0800][132.155s] GC(173)   Evacuate Collection Set: 12.5ms
[2022-03-30T23:38:44.737+0800][132.155s] GC(173)   Post Evacuate Collection Set: 0.3ms
[2022-03-30T23:38:44.737+0800][132.155s] GC(173)   Other: 0.2ms
[2022-03-30T23:38:44.737+0800][132.155s] GC(173) Eden regions: 20->0(21)
[2022-03-30T23:38:44.737+0800][132.155s] GC(173) Survivor regions: 5->4(4)
[2022-03-30T23:38:44.737+0800][132.155s] GC(173) Old regions: 376->387
[2022-03-30T23:38:44.738+0800][132.155s] GC(173) Archive regions: 0->0
[2022-03-30T23:38:44.738+0800][132.155s] GC(173) Humongous regions: 36->36
[2022-03-30T23:38:44.738+0800][132.155s] GC(173) Metaspace: 52354K(52672K)->52354K(52672K) NonClass: 46230K(46400K)->46230K(46400K) Class: 6123K(6272K)->6123K(6272K)
[2022-03-30T23:38:44.738+0800][132.155s] GC(173) Pause Young (Concurrent Start) (G1 Evacuation Pause) 433M->423M(512M) 13.587ms
[2022-03-30T23:38:44.738+0800][132.155s] GC(173) User=0.12s Sys=0.00s Real=0.01s
[2022-03-30T23:38:44.738+0800][132.155s] GC(174) Concurrent Mark Cycle
[2022-03-30T23:38:44.738+0800][132.155s] GC(174) Concurrent Clear Claimed Marks
[2022-03-30T23:38:44.738+0800][132.155s] GC(174) Concurrent Clear Claimed Marks 0.038ms
[2022-03-30T23:38:44.738+0800][132.155s] GC(174) Concurrent Scan Root Regions
[2022-03-30T23:38:44.743+0800][132.161s] GC(174) Concurrent Scan Root Regions 5.897ms
[2022-03-30T23:38:44.743+0800][132.161s] GC(174) Concurrent Mark
[2022-03-30T23:38:44.743+0800][132.161s] GC(174) Concurrent Mark From Roots
[2022-03-30T23:38:44.743+0800][132.161s] GC(174) Using 2 workers of 2 for marking
[2022-03-30T23:38:45.079+0800][132.497s] GC(175) Pause Young (Normal) (G1 Evacuation Pause)
[2022-03-30T23:38:45.079+0800][132.497s] GC(175) Using 8 workers of 8 for evacuation
[2022-03-30T23:38:45.086+0800][132.504s] GC(175)   Pre Evacuate Collection Set: 0.1ms
[2022-03-30T23:38:45.086+0800][132.504s] GC(175)   Merge Heap Roots: 0.1ms
[2022-03-30T23:38:45.086+0800][132.504s] GC(175)   Evacuate Collection Set: 6.2ms
[2022-03-30T23:38:45.086+0800][132.504s] GC(175)   Post Evacuate Collection Set: 0.3ms
[2022-03-30T23:38:45.086+0800][132.504s] GC(175)   Other: 0.2ms
[2022-03-30T23:38:45.086+0800][132.504s] GC(175) Eden regions: 21->0(24)
[2022-03-30T23:38:45.086+0800][132.504s] GC(175) Survivor regions: 4->1(4)
[2022-03-30T23:38:45.086+0800][132.504s] GC(175) Old regions: 387->392
[2022-03-30T23:38:45.086+0800][132.504s] GC(175) Archive regions: 0->0
[2022-03-30T23:38:45.087+0800][132.504s] GC(175) Humongous regions: 36->36
[2022-03-30T23:38:45.087+0800][132.504s] GC(175) Metaspace: 52433K(52800K)->52433K(52800K) NonClass: 46310K(46528K)->46310K(46528K) Class: 6123K(6272K)->6123K(6272K)
[2022-03-30T23:38:45.087+0800][132.504s] GC(175) Pause Young (Normal) (G1 Evacuation Pause) 444M->424M(512M) 7.021ms
[2022-03-30T23:38:45.087+0800][132.504s] GC(175) User=0.11s Sys=0.00s Real=0.01s
[2022-03-30T23:38:45.312+0800][132.729s] GC(174) Concurrent Mark From Roots 568.056ms
[2022-03-30T23:38:45.312+0800][132.729s] GC(174) Concurrent Preclean
[2022-03-30T23:38:45.312+0800][132.730s] GC(174) Concurrent Preclean 0.203ms
[2022-03-30T23:38:45.313+0800][132.730s] GC(174) Pause Remark
[2022-03-30T23:38:45.318+0800][132.736s] GC(174) Pause Remark 438M->428M(512M) 5.929ms
[2022-03-30T23:38:45.318+0800][132.736s] GC(174) User=0.00s Sys=0.00s Real=0.01s
[2022-03-30T23:38:45.318+0800][132.736s] GC(174) Concurrent Mark 574.555ms
[2022-03-30T23:38:45.318+0800][132.736s] GC(174) Concurrent Rebuild Remembered Sets
[2022-03-30T23:38:45.537+0800][132.954s] GC(176) Pause Young (Normal) (G1 Evacuation Pause)
[2022-03-30T23:38:45.537+0800][132.955s] GC(176) Using 8 workers of 8 for evacuation
[2022-03-30T23:38:45.539+0800][132.957s] GC(176)   Pre Evacuate Collection Set: 0.1ms
[2022-03-30T23:38:45.539+0800][132.957s] GC(176)   Merge Heap Roots: 0.0ms
[2022-03-30T23:38:45.539+0800][132.957s] GC(176)   Evacuate Collection Set: 1.4ms
[2022-03-30T23:38:45.539+0800][132.957s] GC(176)   Post Evacuate Collection Set: 0.3ms
[2022-03-30T23:38:45.539+0800][132.957s] GC(176)   Other: 0.3ms
[2022-03-30T23:38:45.539+0800][132.957s] GC(176) Eden regions: 24->0(24)
[2022-03-30T23:38:45.539+0800][132.957s] GC(176) Survivor regions: 1->1(4)
[2022-03-30T23:38:45.539+0800][132.957s] GC(176) Old regions: 392->392
[2022-03-30T23:38:45.539+0800][132.957s] GC(176) Archive regions: 0->0
[2022-03-30T23:38:45.539+0800][132.957s] GC(176) Humongous regions: 26->26
[2022-03-30T23:38:45.540+0800][132.957s] GC(176) Metaspace: 52442K(52800K)->52442K(52800K) NonClass: 46318K(46528K)->46318K(46528K) Class: 6123K(6272K)->6123K(6272K)
[2022-03-30T23:38:45.540+0800][132.957s] GC(176) Pause Young (Normal) (G1 Evacuation Pause) 438M->414M(512M) 2.654ms
[2022-03-30T23:38:45.540+0800][132.957s] GC(176) User=0.11s Sys=0.00s Real=0.00s
[2022-03-30T23:38:45.723+0800][133.140s] GC(174) Concurrent Rebuild Remembered Sets 404.161ms
[2022-03-30T23:38:45.723+0800][133.140s] GC(174) Pause Cleanup
[2022-03-30T23:38:45.723+0800][133.140s] GC(174) Pause Cleanup 423M->423M(512M) 0.232ms
[2022-03-30T23:38:45.723+0800][133.140s] GC(174) User=0.00s Sys=0.00s Real=0.00s
[2022-03-30T23:38:45.723+0800][133.140s] GC(174) Concurrent Cleanup for Next Mark
[2022-03-30T23:38:45.724+0800][133.141s] GC(174) Concurrent Cleanup for Next Mark 0.383ms
[2022-03-30T23:38:45.724+0800][133.141s] GC(174) Concurrent Mark Cycle 985.827ms
[2022-03-30T23:38:46.037+0800][133.455s] GC(177) Pause Young (Prepare Mixed) (G1 Evacuation Pause)
[2022-03-30T23:38:46.037+0800][133.455s] GC(177) Using 8 workers of 8 for evacuation
[2022-03-30T23:38:46.039+0800][133.457s] GC(177)   Pre Evacuate Collection Set: 0.1ms
[2022-03-30T23:38:46.039+0800][133.457s] GC(177)   Merge Heap Roots: 0.1ms
[2022-03-30T23:38:46.039+0800][133.457s] GC(177)   Evacuate Collection Set: 0.8ms
[2022-03-30T23:38:46.039+0800][133.457s] GC(177)   Post Evacuate Collection Set: 0.4ms
[2022-03-30T23:38:46.039+0800][133.457s] GC(177)   Other: 0.2ms
[2022-03-30T23:38:46.039+0800][133.457s] GC(177) Eden regions: 24->0(24)
[2022-03-30T23:38:46.039+0800][133.457s] GC(177) Survivor regions: 1->1(4)
[2022-03-30T23:38:46.039+0800][133.457s] GC(177) Old regions: 392->392
[2022-03-30T23:38:46.039+0800][133.457s] GC(177) Archive regions: 0->0
[2022-03-30T23:38:46.039+0800][133.457s] GC(177) Humongous regions: 26->26
[2022-03-30T23:38:46.039+0800][133.457s] GC(177) Metaspace: 52456K(52800K)->52456K(52800K) NonClass: 46332K(46528K)->46332K(46528K) Class: 6123K(6272K)->6123K(6272K)
[2022-03-30T23:38:46.040+0800][133.457s] GC(177) Pause Young (Prepare Mixed) (G1 Evacuation Pause) 438M->414M(512M) 1.787ms
[2022-03-30T23:38:46.040+0800][133.457s] GC(177) User=0.03s Sys=0.03s Real=0.00s
[2022-03-30T23:38:46.438+0800][133.855s] GC(178) Pause Young (Mixed) (G1 Evacuation Pause)
[2022-03-30T23:38:46.438+0800][133.855s] GC(178) Using 8 workers of 8 for evacuation
[2022-03-30T23:38:46.440+0800][133.857s] GC(178)   Pre Evacuate Collection Set: 0.1ms
[2022-03-30T23:38:46.440+0800][133.857s] GC(178)   Merge Heap Roots: 0.1ms
[2022-03-30T23:38:46.440+0800][133.857s] GC(178)   Evacuate Collection Set: 1.2ms
[2022-03-30T23:38:46.440+0800][133.857s] GC(178)   Post Evacuate Collection Set: 0.4ms
[2022-03-30T23:38:46.440+0800][133.857s] GC(178)   Other: 0.3ms
[2022-03-30T23:38:46.440+0800][133.857s] GC(178) Eden regions: 24->0(26)
[2022-03-30T23:38:46.440+0800][133.858s] GC(178) Survivor regions: 1->1(4)
[2022-03-30T23:38:46.440+0800][133.858s] GC(178) Old regions: 392->391
[2022-03-30T23:38:46.440+0800][133.858s] GC(178) Archive regions: 0->0
[2022-03-30T23:38:46.440+0800][133.858s] GC(178) Humongous regions: 26->26
[2022-03-30T23:38:46.440+0800][133.858s] GC(178) Metaspace: 52466K(52800K)->52466K(52800K) NonClass: 46343K(46528K)->46343K(46528K) Class: 6123K(6272K)->6123K(6272K)
[2022-03-30T23:38:46.440+0800][133.858s] GC(178) Pause Young (Mixed) (G1 Evacuation Pause) 438M->414M(512M) 2.345ms
[2022-03-30T23:38:46.440+0800][133.858s] GC(178) User=0.00s Sys=0.00s Real=0.00s
[2022-03-30T23:38:46.839+0800][134.257s] GC(179) Pause Young (Concurrent Start) (G1 Evacuation Pause)
[2022-03-30T23:38:46.839+0800][134.257s] GC(179) Using 8 workers of 8 for evacuation
[2022-03-30T23:38:46.841+0800][134.258s] GC(179)   Pre Evacuate Collection Set: 0.1ms
[2022-03-30T23:38:46.841+0800][134.258s] GC(179)   Merge Heap Roots: 0.0ms
[2022-03-30T23:38:46.841+0800][134.258s] GC(179)   Evacuate Collection Set: 0.6ms
[2022-03-30T23:38:46.841+0800][134.258s] GC(179)   Post Evacuate Collection Set: 0.4ms
[2022-03-30T23:38:46.841+0800][134.258s] GC(179)   Other: 0.2ms
[2022-03-30T23:38:46.841+0800][134.258s] GC(179) Eden regions: 26->0(27)
[2022-03-30T23:38:46.841+0800][134.258s] GC(179) Survivor regions: 1->2(4)
[2022-03-30T23:38:46.841+0800][134.258s] GC(179) Old regions: 391->391
[2022-03-30T23:38:46.841+0800][134.258s] GC(179) Archive regions: 0->0
[2022-03-30T23:38:46.841+0800][134.258s] GC(179) Humongous regions: 26->26
[2022-03-30T23:38:46.841+0800][134.258s] GC(179) Metaspace: 52509K(52864K)->52509K(52864K) NonClass: 46385K(46592K)->46385K(46592K) Class: 6123K(6272K)->6123K(6272K)
[2022-03-30T23:38:46.841+0800][134.258s] GC(179) Pause Young (Concurrent Start) (G1 Evacuation Pause) 440M->415M(512M) 1.519ms
[2022-03-30T23:38:46.841+0800][134.258s] GC(179) User=0.00s Sys=0.00s Real=0.00s
[2022-03-30T23:38:46.841+0800][134.258s] GC(180) Concurrent Mark Cycle
[2022-03-30T23:38:46.841+0800][134.258s] GC(180) Concurrent Clear Claimed Marks
[2022-03-30T23:38:46.841+0800][134.258s] GC(180) Concurrent Clear Claimed Marks 0.036ms
[2022-03-30T23:38:46.841+0800][134.258s] GC(180) Concurrent Scan Root Regions
[2022-03-30T23:38:46.842+0800][134.260s] GC(180) Concurrent Scan Root Regions 1.721ms
[2022-03-30T23:38:46.842+0800][134.260s] GC(180) Concurrent Mark
[2022-03-30T23:38:46.842+0800][134.260s] GC(180) Concurrent Mark From Roots
[2022-03-30T23:38:46.842+0800][134.260s] GC(180) Using 2 workers of 2 for marking
[2022-03-30T23:38:47.252+0800][134.669s] GC(181) Pause Young (Normal) (G1 Evacuation Pause)
[2022-03-30T23:38:47.252+0800][134.669s] GC(181) Using 8 workers of 8 for evacuation
[2022-03-30T23:38:47.253+0800][134.670s] GC(181)   Pre Evacuate Collection Set: 0.1ms
[2022-03-30T23:38:47.253+0800][134.670s] GC(181)   Merge Heap Roots: 0.0ms
[2022-03-30T23:38:47.253+0800][134.670s] GC(181)   Evacuate Collection Set: 0.5ms
[2022-03-30T23:38:47.253+0800][134.670s] GC(181)   Post Evacuate Collection Set: 0.2ms
[2022-03-30T23:38:47.253+0800][134.670s] GC(181)   Other: 0.2ms
[2022-03-30T23:38:47.253+0800][134.670s] GC(181) Eden regions: 27->0(28)
[2022-03-30T23:38:47.253+0800][134.670s] GC(181) Survivor regions: 2->2(4)
[2022-03-30T23:38:47.253+0800][134.670s] GC(181) Old regions: 391->391
[2022-03-30T23:38:47.253+0800][134.670s] GC(181) Archive regions: 0->0
[2022-03-30T23:38:47.253+0800][134.670s] GC(181) Humongous regions: 26->26
[2022-03-30T23:38:47.253+0800][134.670s] GC(181) Metaspace: 52511K(52864K)->52511K(52864K) NonClass: 46387K(46592K)->46387K(46592K) Class: 6123K(6272K)->6123K(6272K)
[2022-03-30T23:38:47.253+0800][134.670s] GC(181) Pause Young (Normal) (G1 Evacuation Pause) 442M->415M(512M) 1.160ms
[2022-03-30T23:38:47.253+0800][134.670s] GC(181) User=0.00s Sys=0.00s Real=0.00s
[2022-03-30T23:38:47.516+0800][134.934s] GC(180) Concurrent Mark From Roots 673.618ms
[2022-03-30T23:38:47.516+0800][134.934s] GC(180) Concurrent Preclean
[2022-03-30T23:38:47.517+0800][134.934s] GC(180) Concurrent Preclean 0.181ms
[2022-03-30T23:38:47.517+0800][134.934s] GC(180) Pause Remark
[2022-03-30T23:38:47.520+0800][134.937s] GC(180) Pause Remark 431M->431M(512M) 3.269ms
[2022-03-30T23:38:47.520+0800][134.938s] GC(180) User=0.00s Sys=0.00s Real=0.00s
[2022-03-30T23:38:47.520+0800][134.938s] GC(180) Concurrent Mark 677.403ms
[2022-03-30T23:38:47.520+0800][134.938s] GC(180) Concurrent Rebuild Remembered Sets
[2022-03-30T23:38:47.702+0800][135.119s] GC(182) Pause Young (Normal) (G1 Evacuation Pause)
[2022-03-30T23:38:47.702+0800][135.119s] GC(182) Using 8 workers of 8 for evacuation
[2022-03-30T23:38:47.703+0800][135.120s] GC(182)   Pre Evacuate Collection Set: 0.1ms
[2022-03-30T23:38:47.703+0800][135.120s] GC(182)   Merge Heap Roots: 0.0ms
[2022-03-30T23:38:47.703+0800][135.120s] GC(182)   Evacuate Collection Set: 0.8ms
[2022-03-30T23:38:47.703+0800][135.120s] GC(182)   Post Evacuate Collection Set: 0.3ms
[2022-03-30T23:38:47.703+0800][135.120s] GC(182)   Other: 0.2ms
[2022-03-30T23:38:47.703+0800][135.120s] GC(182) Eden regions: 28->0(29)
[2022-03-30T23:38:47.703+0800][135.120s] GC(182) Survivor regions: 2->2(4)
[2022-03-30T23:38:47.703+0800][135.120s] GC(182) Old regions: 391->391
[2022-03-30T23:38:47.703+0800][135.120s] GC(182) Archive regions: 0->0
[2022-03-30T23:38:47.703+0800][135.120s] GC(182) Humongous regions: 26->26
[2022-03-30T23:38:47.703+0800][135.120s] GC(182) Metaspace: 52527K(52864K)->52527K(52864K) NonClass: 46402K(46592K)->46402K(46592K) Class: 6124K(6272K)->6124K(6272K)
[2022-03-30T23:38:47.703+0800][135.120s] GC(182) Pause Young (Normal) (G1 Evacuation Pause) 443M->415M(512M) 1.581ms
[2022-03-30T23:38:47.703+0800][135.120s] GC(182) User=0.00s Sys=0.00s Real=0.00s
[2022-03-30T23:38:47.856+0800][135.274s] GC(180) Concurrent Rebuild Remembered Sets 336.102ms
[2022-03-30T23:38:47.857+0800][135.274s] GC(180) Pause Cleanup
[2022-03-30T23:38:47.857+0800][135.274s] GC(180) Pause Cleanup 425M->425M(512M) 0.347ms
[2022-03-30T23:38:47.857+0800][135.274s] GC(180) User=0.00s Sys=0.00s Real=0.00s
[2022-03-30T23:38:47.857+0800][135.275s] GC(180) Concurrent Cleanup for Next Mark
[2022-03-30T23:38:47.857+0800][135.275s] GC(180) Concurrent Cleanup for Next Mark 0.369ms
[2022-03-30T23:38:47.857+0800][135.275s] GC(180) Concurrent Mark Cycle 1016.634ms
[2022-03-30T23:38:48.242+0800][135.660s] GC(183) Pause Young (Prepare Mixed) (G1 Evacuation Pause)
[2022-03-30T23:38:48.242+0800][135.660s] GC(183) Using 8 workers of 8 for evacuation
[2022-03-30T23:38:48.244+0800][135.661s] GC(183)   Pre Evacuate Collection Set: 0.1ms
[2022-03-30T23:38:48.244+0800][135.661s] GC(183)   Merge Heap Roots: 0.0ms
[2022-03-30T23:38:48.244+0800][135.661s] GC(183)   Evacuate Collection Set: 0.8ms
[2022-03-30T23:38:48.244+0800][135.661s] GC(183)   Post Evacuate Collection Set: 0.3ms
[2022-03-30T23:38:48.244+0800][135.661s] GC(183)   Other: 0.2ms
[2022-03-30T23:38:48.244+0800][135.661s] GC(183) Eden regions: 29->0(23)
[2022-03-30T23:38:48.244+0800][135.661s] GC(183) Survivor regions: 2->2(4)
[2022-03-30T23:38:48.244+0800][135.662s] GC(183) Old regions: 391->391
[2022-03-30T23:38:48.244+0800][135.662s] GC(183) Archive regions: 0->0
[2022-03-30T23:38:48.244+0800][135.662s] GC(183) Humongous regions: 26->26
[2022-03-30T23:38:48.244+0800][135.662s] GC(183) Metaspace: 52527K(52864K)->52527K(52864K) NonClass: 46402K(46592K)->46402K(46592K) Class: 6124K(6272K)->6124K(6272K)
[2022-03-30T23:38:48.244+0800][135.662s] GC(183) Pause Young (Prepare Mixed) (G1 Evacuation Pause) 444M->415M(512M) 1.825ms
[2022-03-30T23:38:48.244+0800][135.662s] GC(183) User=0.00s Sys=0.00s Real=0.00s
[2022-03-30T23:38:59.176+0800][146.593s] GC(184) Pause Young (Mixed) (G1 Evacuation Pause)
[2022-03-30T23:38:59.176+0800][146.593s] GC(184) Using 8 workers of 8 for evacuation
[2022-03-30T23:38:59.185+0800][146.603s] GC(184)   Pre Evacuate Collection Set: 0.1ms
[2022-03-30T23:38:59.185+0800][146.603s] GC(184)   Merge Heap Roots: 0.1ms
[2022-03-30T23:38:59.185+0800][146.603s] GC(184)   Evacuate Collection Set: 9.4ms
[2022-03-30T23:38:59.185+0800][146.603s] GC(184)   Post Evacuate Collection Set: 0.3ms
[2022-03-30T23:38:59.185+0800][146.603s] GC(184)   Other: 0.1ms
[2022-03-30T23:38:59.185+0800][146.603s] GC(184) Eden regions: 23->0(21)
[2022-03-30T23:38:59.185+0800][146.603s] GC(184) Survivor regions: 2->4(4)
[2022-03-30T23:38:59.185+0800][146.603s] GC(184) Old regions: 391->400
[2022-03-30T23:38:59.185+0800][146.603s] GC(184) Archive regions: 0->0
[2022-03-30T23:38:59.185+0800][146.603s] GC(184) Humongous regions: 49->34
[2022-03-30T23:38:59.185+0800][146.603s] GC(184) Metaspace: 52527K(52864K)->52527K(52864K) NonClass: 46402K(46592K)->46402K(46592K) Class: 6124K(6272K)->6124K(6272K)
[2022-03-30T23:38:59.186+0800][146.603s] GC(184) Pause Young (Mixed) (G1 Evacuation Pause) 461M->435M(512M) 10.257ms
[2022-03-30T23:38:59.186+0800][146.603s] GC(184) User=0.12s Sys=0.00s Real=0.01s
[2022-03-30T23:38:59.188+0800][146.606s] GC(185) Pause Young (Concurrent Start) (G1 Humongous Allocation)
[2022-03-30T23:38:59.188+0800][146.606s] GC(185) Using 8 workers of 8 for evacuation
[2022-03-30T23:38:59.192+0800][146.610s] GC(185)   Pre Evacuate Collection Set: 0.1ms
[2022-03-30T23:38:59.192+0800][146.610s] GC(185)   Merge Heap Roots: 0.1ms
[2022-03-30T23:38:59.192+0800][146.610s] GC(185)   Evacuate Collection Set: 3.5ms
[2022-03-30T23:38:59.192+0800][146.610s] GC(185)   Post Evacuate Collection Set: 0.4ms
[2022-03-30T23:38:59.192+0800][146.610s] GC(185)   Other: 0.3ms
[2022-03-30T23:38:59.192+0800][146.610s] GC(185) Eden regions: 2->0(24)
[2022-03-30T23:38:59.192+0800][146.610s] GC(185) Survivor regions: 4->1(4)
[2022-03-30T23:38:59.192+0800][146.610s] GC(185) Old regions: 400->405
[2022-03-30T23:38:59.192+0800][146.610s] GC(185) Archive regions: 0->0
[2022-03-30T23:38:59.192+0800][146.610s] GC(185) Humongous regions: 34->34
[2022-03-30T23:38:59.192+0800][146.610s] GC(185) Metaspace: 52527K(52864K)->52527K(52864K) NonClass: 46402K(46592K)->46402K(46592K) Class: 6124K(6272K)->6124K(6272K)
[2022-03-30T23:38:59.192+0800][146.610s] GC(185) Pause Young (Concurrent Start) (G1 Humongous Allocation) 436M->437M(512M) 4.352ms
[2022-03-30T23:38:59.192+0800][146.610s] GC(185) User=0.00s Sys=0.00s Real=0.00s
[2022-03-30T23:38:59.192+0800][146.610s] GC(186) Concurrent Mark Cycle
[2022-03-30T23:38:59.193+0800][146.610s] GC(186) Concurrent Clear Claimed Marks
[2022-03-30T23:38:59.193+0800][146.610s] GC(186) Concurrent Clear Claimed Marks 0.017ms
[2022-03-30T23:38:59.193+0800][146.610s] GC(186) Concurrent Scan Root Regions
[2022-03-30T23:38:59.197+0800][146.614s] GC(186) Concurrent Scan Root Regions 4.080ms
[2022-03-30T23:38:59.197+0800][146.614s] GC(186) Concurrent Mark
[2022-03-30T23:38:59.197+0800][146.614s] GC(186) Concurrent Mark From Roots
[2022-03-30T23:38:59.197+0800][146.614s] GC(186) Using 2 workers of 2 for marking
[2022-03-30T23:38:59.246+0800][146.664s] GC(187) Pause Young (Normal) (G1 Evacuation Pause)
[2022-03-30T23:38:59.246+0800][146.664s] GC(187) Using 8 workers of 8 for evacuation
[2022-03-30T23:38:59.256+0800][146.674s] GC(187)   Pre Evacuate Collection Set: 0.1ms
[2022-03-30T23:38:59.256+0800][146.674s] GC(187)   Merge Heap Roots: 0.2ms
[2022-03-30T23:38:59.256+0800][146.674s] GC(187)   Evacuate Collection Set: 9.5ms
[2022-03-30T23:38:59.256+0800][146.674s] GC(187)   Post Evacuate Collection Set: 0.2ms
[2022-03-30T23:38:59.256+0800][146.674s] GC(187)   Other: 0.2ms
[2022-03-30T23:38:59.256+0800][146.674s] GC(187) Eden regions: 24->0(21)
[2022-03-30T23:38:59.256+0800][146.674s] GC(187) Survivor regions: 1->4(4)
[2022-03-30T23:38:59.256+0800][146.674s] GC(187) Old regions: 405->416
[2022-03-30T23:38:59.256+0800][146.674s] GC(187) Archive regions: 0->0
[2022-03-30T23:38:59.256+0800][146.674s] GC(187) Humongous regions: 37->37
[2022-03-30T23:38:59.256+0800][146.674s] GC(187) Metaspace: 52527K(52864K)->52527K(52864K) NonClass: 46402K(46592K)->46402K(46592K) Class: 6124K(6272K)->6124K(6272K)
[2022-03-30T23:38:59.256+0800][146.674s] GC(187) Pause Young (Normal) (G1 Evacuation Pause) 464M->453M(512M) 10.278ms
[2022-03-30T23:38:59.256+0800][146.674s] GC(187) User=0.00s Sys=0.00s Real=0.01s
[2022-03-30T23:38:59.296+0800][146.713s] GC(188) Pause Young (Normal) (G1 Evacuation Pause)
[2022-03-30T23:38:59.296+0800][146.714s] GC(188) Using 8 workers of 8 for evacuation
[2022-03-30T23:38:59.307+0800][146.724s] GC(188)   Pre Evacuate Collection Set: 0.1ms
[2022-03-30T23:38:59.307+0800][146.724s] GC(188)   Merge Heap Roots: 0.1ms
[2022-03-30T23:38:59.307+0800][146.724s] GC(188)   Evacuate Collection Set: 10.1ms
[2022-03-30T23:38:59.307+0800][146.724s] GC(188)   Post Evacuate Collection Set: 0.2ms
[2022-03-30T23:38:59.307+0800][146.724s] GC(188)   Other: 0.3ms
[2022-03-30T23:38:59.307+0800][146.724s] GC(188) Eden regions: 21->0(21)
[2022-03-30T23:38:59.307+0800][146.724s] GC(188) Survivor regions: 4->4(4)
[2022-03-30T23:38:59.307+0800][146.724s] GC(188) Old regions: 416->429
[2022-03-30T23:38:59.307+0800][146.724s] GC(188) Archive regions: 0->0
[2022-03-30T23:38:59.307+0800][146.724s] GC(188) Humongous regions: 37->37
[2022-03-30T23:38:59.307+0800][146.724s] GC(188) Metaspace: 52527K(52864K)->52527K(52864K) NonClass: 46402K(46592K)->46402K(46592K) Class: 6124K(6272K)->6124K(6272K)
[2022-03-30T23:38:59.307+0800][146.724s] GC(188) Pause Young (Normal) (G1 Evacuation Pause) 474M->466M(512M) 11.000ms
[2022-03-30T23:38:59.307+0800][146.724s] GC(188) User=0.12s Sys=0.00s Real=0.01s
[2022-03-30T23:38:59.351+0800][146.768s] GC(189) Pause Young (Normal) (G1 Evacuation Pause)
[2022-03-30T23:38:59.351+0800][146.768s] GC(189) Using 8 workers of 8 for evacuation
[2022-03-30T23:38:59.370+0800][146.788s] GC(189)   Pre Evacuate Collection Set: 0.0ms
[2022-03-30T23:38:59.370+0800][146.788s] GC(189)   Merge Heap Roots: 0.1ms
[2022-03-30T23:38:59.370+0800][146.788s] GC(189)   Evacuate Collection Set: 18.9ms
[2022-03-30T23:38:59.370+0800][146.788s] GC(189)   Post Evacuate Collection Set: 0.4ms
[2022-03-30T23:38:59.370+0800][146.788s] GC(189)   Other: 0.1ms
[2022-03-30T23:38:59.370+0800][146.788s] GC(189) Eden regions: 21->0(21)
[2022-03-30T23:38:59.370+0800][146.788s] GC(189) Survivor regions: 4->4(4)
[2022-03-30T23:38:59.370+0800][146.788s] GC(189) Old regions: 429->442
[2022-03-30T23:38:59.370+0800][146.788s] GC(189) Archive regions: 0->0
[2022-03-30T23:38:59.370+0800][146.788s] GC(189) Humongous regions: 37->37
[2022-03-30T23:38:59.370+0800][146.788s] GC(189) Metaspace: 52527K(52864K)->52527K(52864K) NonClass: 46402K(46592K)->46402K(46592K) Class: 6124K(6272K)->6124K(6272K)
[2022-03-30T23:38:59.370+0800][146.788s] GC(189) Pause Young (Normal) (G1 Evacuation Pause) 487M->479M(512M) 19.892ms
[2022-03-30T23:38:59.370+0800][146.788s] GC(189) User=0.08s Sys=0.00s Real=0.02s
[2022-03-30T23:38:59.418+0800][146.835s] GC(190) Pause Young (Normal) (G1 Preventive Collection)
[2022-03-30T23:38:59.418+0800][146.835s] GC(190) Using 8 workers of 8 for evacuation
[2022-03-30T23:38:59.426+0800][146.844s] GC(190)   Pre Evacuate Collection Set: 0.0ms
[2022-03-30T23:38:59.426+0800][146.844s] GC(190)   Merge Heap Roots: 0.2ms
[2022-03-30T23:38:59.426+0800][146.844s] GC(190)   Evacuate Collection Set: 8.3ms
[2022-03-30T23:38:59.426+0800][146.844s] GC(190)   Post Evacuate Collection Set: 0.2ms
[2022-03-30T23:38:59.426+0800][146.844s] GC(190)   Other: 0.1ms
[2022-03-30T23:38:59.426+0800][146.844s] GC(190) Eden regions: 13->0(21)
[2022-03-30T23:38:59.426+0800][146.844s] GC(190) Survivor regions: 4->4(4)
[2022-03-30T23:38:59.426+0800][146.844s] GC(190) Old regions: 442->450
[2022-03-30T23:38:59.426+0800][146.844s] GC(190) Archive regions: 0->0
[2022-03-30T23:38:59.426+0800][146.844s] GC(190) Humongous regions: 40->40
[2022-03-30T23:38:59.426+0800][146.844s] GC(190) Metaspace: 52527K(52864K)->52527K(52864K) NonClass: 46402K(46592K)->46402K(46592K) Class: 6124K(6272K)->6124K(6272K)
[2022-03-30T23:38:59.426+0800][146.844s] GC(190) Pause Young (Normal) (G1 Preventive Collection) 495M->491M(512M) 9.159ms
[2022-03-30T23:38:59.426+0800][146.844s] GC(190) User=0.00s Sys=0.00s Real=0.01s
[2022-03-30T23:38:59.439+0800][146.857s] GC(191) Pause Young (Normal) (G1 Preventive Collection)
[2022-03-30T23:38:59.439+0800][146.857s] GC(191) Using 8 workers of 8 for evacuation
[2022-03-30T23:38:59.450+0800][146.867s] GC(191)   Pre Evacuate Collection Set: 0.1ms
[2022-03-30T23:38:59.450+0800][146.867s] GC(191)   Merge Heap Roots: 0.1ms
[2022-03-30T23:38:59.450+0800][146.868s] GC(191)   Evacuate Collection Set: 10.0ms
[2022-03-30T23:38:59.450+0800][146.868s] GC(191)   Post Evacuate Collection Set: 0.3ms
[2022-03-30T23:38:59.450+0800][146.868s] GC(191)   Other: 0.2ms
[2022-03-30T23:38:59.450+0800][146.868s] GC(191) Eden regions: 8->0(21)
[2022-03-30T23:38:59.450+0800][146.868s] GC(191) Survivor regions: 4->4(4)
[2022-03-30T23:38:59.450+0800][146.868s] GC(191) Old regions: 450->456
[2022-03-30T23:38:59.450+0800][146.868s] GC(191) Archive regions: 0->0
[2022-03-30T23:38:59.450+0800][146.868s] GC(191) Humongous regions: 40->40
[2022-03-30T23:38:59.450+0800][146.868s] GC(191) Metaspace: 52527K(52864K)->52527K(52864K) NonClass: 46402K(46592K)->46402K(46592K) Class: 6124K(6272K)->6124K(6272K)
[2022-03-30T23:38:59.450+0800][146.868s] GC(191) Pause Young (Normal) (G1 Preventive Collection) 499M->496M(512M) 11.107ms
[2022-03-30T23:38:59.450+0800][146.868s] GC(191) User=0.12s Sys=0.00s Real=0.01s
[2022-03-30T23:38:59.461+0800][146.879s] GC(192) Pause Young (Normal) (G1 Preventive Collection)
[2022-03-30T23:38:59.461+0800][146.879s] GC(192) Using 8 workers of 8 for evacuation
[2022-03-30T23:38:59.474+0800][146.892s] GC(192)   Pre Evacuate Collection Set: 0.1ms
[2022-03-30T23:38:59.474+0800][146.892s] GC(192)   Merge Heap Roots: 0.1ms
[2022-03-30T23:38:59.474+0800][146.892s] GC(192)   Evacuate Collection Set: 11.6ms
[2022-03-30T23:38:59.474+0800][146.892s] GC(192)   Post Evacuate Collection Set: 0.3ms
[2022-03-30T23:38:59.474+0800][146.892s] GC(192)   Other: 0.2ms
[2022-03-30T23:38:59.474+0800][146.892s] GC(192) Eden regions: 4->0(22)
[2022-03-30T23:38:59.474+0800][146.892s] GC(192) Survivor regions: 4->3(4)
[2022-03-30T23:38:59.474+0800][146.892s] GC(192) Old regions: 456->460
[2022-03-30T23:38:59.474+0800][146.892s] GC(192) Archive regions: 0->0
[2022-03-30T23:38:59.474+0800][146.892s] GC(192) Humongous regions: 40->40
[2022-03-30T23:38:59.474+0800][146.892s] GC(192) Metaspace: 52527K(52864K)->52527K(52864K) NonClass: 46402K(46592K)->46402K(46592K) Class: 6124K(6272K)->6124K(6272K)
[2022-03-30T23:38:59.474+0800][146.892s] GC(192) Pause Young (Normal) (G1 Preventive Collection) 500M->500M(512M) 12.673ms
[2022-03-30T23:38:59.474+0800][146.892s] GC(192) User=0.00s Sys=0.00s Real=0.01s
[2022-03-30T23:38:59.480+0800][146.898s] GC(193) Pause Young (Normal) (G1 Preventive Collection)
[2022-03-30T23:38:59.480+0800][146.898s] GC(193) Using 8 workers of 8 for evacuation
[2022-03-30T23:38:59.489+0800][146.906s] GC(193)   Pre Evacuate Collection Set: 0.1ms
[2022-03-30T23:38:59.489+0800][146.906s] GC(193)   Merge Heap Roots: 0.1ms
[2022-03-30T23:38:59.489+0800][146.906s] GC(193)   Evacuate Collection Set: 7.9ms
[2022-03-30T23:38:59.489+0800][146.906s] GC(193)   Post Evacuate Collection Set: 0.3ms
[2022-03-30T23:38:59.489+0800][146.906s] GC(193)   Other: 0.2ms
[2022-03-30T23:38:59.489+0800][146.906s] GC(193) Eden regions: 3->0(23)
[2022-03-30T23:38:59.489+0800][146.906s] GC(193) Survivor regions: 3->2(4)
[2022-03-30T23:38:59.489+0800][146.906s] GC(193) Old regions: 460->463
[2022-03-30T23:38:59.489+0800][146.906s] GC(193) Archive regions: 0->0
[2022-03-30T23:38:59.489+0800][146.907s] GC(193) Humongous regions: 40->40
[2022-03-30T23:38:59.489+0800][146.907s] GC(193) Metaspace: 52527K(52864K)->52527K(52864K) NonClass: 46402K(46592K)->46402K(46592K) Class: 6124K(6272K)->6124K(6272K)
[2022-03-30T23:38:59.489+0800][146.907s] GC(193) Pause Young (Normal) (G1 Preventive Collection) 503M->502M(512M) 8.892ms
[2022-03-30T23:38:59.489+0800][146.907s] GC(193) User=0.00s Sys=0.00s Real=0.01s
[2022-03-30T23:38:59.492+0800][146.910s] GC(194) Pause Young (Normal) (G1 Preventive Collection)
[2022-03-30T23:38:59.492+0800][146.910s] GC(194) Using 8 workers of 8 for evacuation
[2022-03-30T23:38:59.497+0800][146.915s] GC(194)   Pre Evacuate Collection Set: 0.1ms
[2022-03-30T23:38:59.497+0800][146.915s] GC(194)   Merge Heap Roots: 0.1ms
[2022-03-30T23:38:59.497+0800][146.915s] GC(194)   Evacuate Collection Set: 4.2ms
[2022-03-30T23:38:59.498+0800][146.915s] GC(194)   Post Evacuate Collection Set: 0.4ms
[2022-03-30T23:38:59.498+0800][146.915s] GC(194)   Other: 0.2ms
[2022-03-30T23:38:59.498+0800][146.915s] GC(194) Eden regions: 2->0(21)
[2022-03-30T23:38:59.498+0800][146.915s] GC(194) Survivor regions: 2->4(4)
[2022-03-30T23:38:59.498+0800][146.915s] GC(194) Old regions: 463->463
[2022-03-30T23:38:59.498+0800][146.915s] GC(194) Archive regions: 0->0
[2022-03-30T23:38:59.498+0800][146.915s] GC(194) Humongous regions: 40->40
[2022-03-30T23:38:59.498+0800][146.915s] GC(194) Metaspace: 52527K(52864K)->52527K(52864K) NonClass: 46402K(46592K)->46402K(46592K) Class: 6124K(6272K)->6124K(6272K)
[2022-03-30T23:38:59.498+0800][146.915s] GC(194) Pause Young (Normal) (G1 Preventive Collection) 504M->503M(512M) 5.346ms
[2022-03-30T23:38:59.498+0800][146.915s] GC(194) User=0.00s Sys=0.00s Real=0.01s
[2022-03-30T23:38:59.500+0800][146.917s] GC(195) Pause Young (Normal) (G1 Preventive Collection)
[2022-03-30T23:38:59.500+0800][146.917s] GC(195) Using 8 workers of 8 for evacuation
[2022-03-30T23:38:59.504+0800][146.921s] GC(195)   Pre Evacuate Collection Set: 0.1ms
[2022-03-30T23:38:59.504+0800][146.921s] GC(195)   Merge Heap Roots: 0.1ms
[2022-03-30T23:38:59.504+0800][146.921s] GC(195)   Evacuate Collection Set: 3.3ms
[2022-03-30T23:38:59.504+0800][146.921s] GC(195)   Post Evacuate Collection Set: 0.2ms
[2022-03-30T23:38:59.504+0800][146.921s] GC(195)   Other: 0.1ms
[2022-03-30T23:38:59.504+0800][146.921s] GC(195) Eden regions: 1->0(23)
[2022-03-30T23:38:59.504+0800][146.921s] GC(195) Survivor regions: 4->2(4)
[2022-03-30T23:38:59.504+0800][146.921s] GC(195) Old regions: 463->465
[2022-03-30T23:38:59.504+0800][146.921s] GC(195) Archive regions: 0->0
[2022-03-30T23:38:59.504+0800][146.921s] GC(195) Humongous regions: 40->40
[2022-03-30T23:38:59.504+0800][146.921s] GC(195) Metaspace: 52527K(52864K)->52527K(52864K) NonClass: 46402K(46592K)->46402K(46592K) Class: 6124K(6272K)->6124K(6272K)
[2022-03-30T23:38:59.504+0800][146.921s] GC(195) Pause Young (Normal) (G1 Preventive Collection) 504M->504M(512M) 3.995ms
[2022-03-30T23:38:59.504+0800][146.921s] GC(195) User=0.00s Sys=0.00s Real=0.00s
[2022-03-30T23:38:59.505+0800][146.922s] GC(196) Pause Young (Normal) (G1 Preventive Collection)
[2022-03-30T23:38:59.505+0800][146.922s] GC(196) Using 8 workers of 8 for evacuation
[2022-03-30T23:38:59.508+0800][146.925s] GC(196)   Pre Evacuate Collection Set: 0.1ms
[2022-03-30T23:38:59.508+0800][146.925s] GC(196)   Merge Heap Roots: 0.1ms
[2022-03-30T23:38:59.508+0800][146.925s] GC(196)   Evacuate Collection Set: 2.3ms
[2022-03-30T23:38:59.508+0800][146.925s] GC(196)   Post Evacuate Collection Set: 0.2ms
[2022-03-30T23:38:59.508+0800][146.925s] GC(196)   Other: 0.1ms
[2022-03-30T23:38:59.508+0800][146.925s] GC(196) Eden regions: 1->0(22)
[2022-03-30T23:38:59.508+0800][146.925s] GC(196) Survivor regions: 2->3(4)
[2022-03-30T23:38:59.508+0800][146.925s] GC(196) Old regions: 465->465
[2022-03-30T23:38:59.508+0800][146.925s] GC(196) Archive regions: 0->0
[2022-03-30T23:38:59.508+0800][146.925s] GC(196) Humongous regions: 40->40
[2022-03-30T23:38:59.508+0800][146.925s] GC(196) Metaspace: 52527K(52864K)->52527K(52864K) NonClass: 46402K(46592K)->46402K(46592K) Class: 6124K(6272K)->6124K(6272K)
[2022-03-30T23:38:59.508+0800][146.925s] GC(196) Pause Young (Normal) (G1 Preventive Collection) 505M->504M(512M) 2.991ms
[2022-03-30T23:38:59.508+0800][146.925s] GC(196) User=0.12s Sys=0.00s Real=0.00s
[2022-03-30T23:38:59.509+0800][146.927s] GC(197) Pause Young (Normal) (G1 Preventive Collection)
[2022-03-30T23:38:59.509+0800][146.928s] GC(197) Using 8 workers of 8 for evacuation
[2022-03-30T23:38:59.515+0800][146.933s] GC(197)   Pre Evacuate Collection Set: 0.1ms
[2022-03-30T23:38:59.515+0800][146.933s] GC(197)   Merge Heap Roots: 0.1ms
[2022-03-30T23:38:59.515+0800][146.933s] GC(197)   Evacuate Collection Set: 4.5ms
[2022-03-30T23:38:59.515+0800][146.933s] GC(197)   Post Evacuate Collection Set: 0.3ms
[2022-03-30T23:38:59.515+0800][146.933s] GC(197)   Other: 0.1ms
[2022-03-30T23:38:59.515+0800][146.933s] GC(197) Eden regions: 1->0(23)
[2022-03-30T23:38:59.515+0800][146.933s] GC(197) Survivor regions: 3->2(3)
[2022-03-30T23:38:59.515+0800][146.933s] GC(197) Old regions: 465->466
[2022-03-30T23:38:59.515+0800][146.933s] GC(197) Archive regions: 0->0
[2022-03-30T23:38:59.515+0800][146.933s] GC(197) Humongous regions: 40->40
[2022-03-30T23:38:59.515+0800][146.933s] GC(197) Metaspace: 52527K(52864K)->52527K(52864K) NonClass: 46402K(46592K)->46402K(46592K) Class: 6124K(6272K)->6124K(6272K)
[2022-03-30T23:38:59.515+0800][146.933s] GC(197) Pause Young (Normal) (G1 Preventive Collection) 505M->505M(512M) 5.338ms
[2022-03-30T23:38:59.515+0800][146.933s] GC(197) User=0.00s Sys=0.00s Real=0.01s
[2022-03-30T23:38:59.518+0800][146.935s] GC(198) Pause Young (Normal) (G1 Preventive Collection)
[2022-03-30T23:38:59.518+0800][146.935s] GC(198) Using 8 workers of 8 for evacuation
[2022-03-30T23:38:59.521+0800][146.938s] GC(198)   Pre Evacuate Collection Set: 0.0ms
[2022-03-30T23:38:59.521+0800][146.938s] GC(198)   Merge Heap Roots: 0.1ms
[2022-03-30T23:38:59.521+0800][146.938s] GC(198)   Evacuate Collection Set: 2.8ms
[2022-03-30T23:38:59.521+0800][146.938s] GC(198)   Post Evacuate Collection Set: 0.2ms
[2022-03-30T23:38:59.521+0800][146.938s] GC(198)   Other: 0.1ms
[2022-03-30T23:38:59.521+0800][146.938s] GC(198) Eden regions: 1->0(22)
[2022-03-30T23:38:59.521+0800][146.938s] GC(198) Survivor regions: 2->3(3)
[2022-03-30T23:38:59.521+0800][146.938s] GC(198) Old regions: 466->466
[2022-03-30T23:38:59.521+0800][146.938s] GC(198) Archive regions: 0->0
[2022-03-30T23:38:59.521+0800][146.938s] GC(198) Humongous regions: 40->40
[2022-03-30T23:38:59.521+0800][146.938s] GC(198) Metaspace: 52527K(52864K)->52527K(52864K) NonClass: 46402K(46592K)->46402K(46592K) Class: 6124K(6272K)->6124K(6272K)
[2022-03-30T23:38:59.521+0800][146.938s] GC(198) Pause Young (Normal) (G1 Preventive Collection) 506M->505M(512M) 3.364ms
[2022-03-30T23:38:59.521+0800][146.938s] GC(198) User=0.00s Sys=0.00s Real=0.00s
[2022-03-30T23:38:59.523+0800][146.940s] GC(199) Pause Young (Normal) (G1 Preventive Collection)
[2022-03-30T23:38:59.523+0800][146.940s] GC(199) Using 8 workers of 8 for evacuation
[2022-03-30T23:38:59.528+0800][146.945s] GC(199) To-space exhausted
[2022-03-30T23:38:59.528+0800][146.945s] GC(199)   Pre Evacuate Collection Set: 0.1ms
[2022-03-30T23:38:59.528+0800][146.945s] GC(199)   Merge Heap Roots: 0.1ms
[2022-03-30T23:38:59.528+0800][146.945s] GC(199)   Evacuate Collection Set: 3.3ms
[2022-03-30T23:38:59.528+0800][146.945s] GC(199)   Post Evacuate Collection Set: 1.4ms
[2022-03-30T23:38:59.528+0800][146.945s] GC(199)   Other: 0.3ms
[2022-03-30T23:38:59.528+0800][146.945s] GC(199) Eden regions: 1->0(24)
[2022-03-30T23:38:59.528+0800][146.946s] GC(199) Survivor regions: 3->1(2)
[2022-03-30T23:38:59.528+0800][146.946s] GC(199) Old regions: 466->471
[2022-03-30T23:38:59.528+0800][146.946s] GC(199) Archive regions: 0->0
[2022-03-30T23:38:59.528+0800][146.946s] GC(199) Humongous regions: 40->40
[2022-03-30T23:38:59.528+0800][146.946s] GC(199) Metaspace: 52527K(52864K)->52527K(52864K) NonClass: 46402K(46592K)->46402K(46592K) Class: 6124K(6272K)->6124K(6272K)
[2022-03-30T23:38:59.528+0800][146.946s] GC(199) Pause Young (Normal) (G1 Preventive Collection) 506M->508M(512M) 5.522ms
[2022-03-30T23:38:59.528+0800][146.946s] GC(199) User=0.00s Sys=0.00s Real=0.01s
[2022-03-30T23:38:59.528+0800][146.946s] Attempting full compaction
[2022-03-30T23:38:59.528+0800][146.946s] GC(200) Using 8 workers of 8 for full compaction
[2022-03-30T23:38:59.529+0800][146.946s] GC(200) Pause Full (G1 Compaction Pause)
[2022-03-30T23:38:59.529+0800][146.947s] GC(200) Phase 1: Mark live objects
[2022-03-30T23:38:59.811+0800][147.228s] GC(200) Phase 1: Mark live objects 281.562ms
[2022-03-30T23:38:59.811+0800][147.228s] GC(200) Phase 2: Prepare for compaction
[2022-03-30T23:38:59.815+0800][147.232s] GC(200) Phase 2: Prepare for compaction 4.011ms
[2022-03-30T23:38:59.815+0800][147.232s] GC(200) Phase 3: Adjust pointers
[2022-03-30T23:38:59.871+0800][147.288s] GC(200) Phase 3: Adjust pointers 55.929ms
[2022-03-30T23:38:59.871+0800][147.288s] GC(200) Phase 4: Compact heap
[2022-03-30T23:38:59.876+0800][147.293s] GC(200) Phase 4: Compact heap 4.896ms
[2022-03-30T23:38:59.884+0800][147.301s] GC(200) Eden regions: 0->0(25)
[2022-03-30T23:38:59.884+0800][147.301s] GC(200) Survivor regions: 1->0(2)
[2022-03-30T23:38:59.884+0800][147.301s] GC(200) Old regions: 471->460
[2022-03-30T23:38:59.884+0800][147.301s] GC(200) Archive regions: 0->0
[2022-03-30T23:38:59.884+0800][147.301s] GC(200) Humongous regions: 40->37
[2022-03-30T23:38:59.884+0800][147.301s] GC(200) Metaspace: 52527K(52864K)->52527K(52864K) NonClass: 46402K(46592K)->46402K(46592K) Class: 6124K(6272K)->6124K(6272K)
[2022-03-30T23:38:59.884+0800][147.301s] GC(200) Pause Full (G1 Compaction Pause) 508M->492M(512M) 354.910ms
[2022-03-30T23:38:59.884+0800][147.301s] GC(200) User=2.27s Sys=0.00s Real=0.36s
[2022-03-30T23:38:59.884+0800][147.302s] GC(186) Concurrent Mark From Roots 687.284ms
[2022-03-30T23:38:59.884+0800][147.302s] GC(186) Concurrent Mark Abort
[2022-03-30T23:38:59.884+0800][147.302s] GC(186) Concurrent Mark Cycle 691.551ms
[2022-03-30T23:38:59.896+0800][147.314s] GC(201) Pause Young (Normal) (G1 Preventive Collection)
[2022-03-30T23:38:59.896+0800][147.314s] GC(201) Using 8 workers of 8 for evacuation
[2022-03-30T23:38:59.904+0800][147.321s] GC(201)   Pre Evacuate Collection Set: 0.1ms
[2022-03-30T23:38:59.904+0800][147.321s] GC(201)   Merge Heap Roots: 0.1ms
[2022-03-30T23:38:59.904+0800][147.321s] GC(201)   Evacuate Collection Set: 7.1ms
[2022-03-30T23:38:59.904+0800][147.321s] GC(201)   Post Evacuate Collection Set: 0.3ms
[2022-03-30T23:38:59.904+0800][147.322s] GC(201)   Other: 0.2ms
[2022-03-30T23:38:59.904+0800][147.322s] GC(201) Eden regions: 9->0(21)
[2022-03-30T23:38:59.904+0800][147.322s] GC(201) Survivor regions: 0->4(4)
[2022-03-30T23:38:59.904+0800][147.322s] GC(201) Old regions: 460->462
[2022-03-30T23:38:59.904+0800][147.322s] GC(201) Archive regions: 0->0
[2022-03-30T23:38:59.904+0800][147.322s] GC(201) Humongous regions: 37->37
[2022-03-30T23:38:59.904+0800][147.322s] GC(201) Metaspace: 52527K(52864K)->52527K(52864K) NonClass: 46402K(46592K)->46402K(46592K) Class: 6124K(6272K)->6124K(6272K)
[2022-03-30T23:38:59.904+0800][147.322s] GC(201) Pause Young (Normal) (G1 Preventive Collection) 501M->497M(512M) 7.946ms
[2022-03-30T23:38:59.904+0800][147.322s] GC(201) User=0.08s Sys=0.00s Real=0.01s
[2022-03-30T23:38:59.912+0800][147.329s] GC(202) Pause Young (Concurrent Start) (G1 Preventive Collection)
[2022-03-30T23:38:59.912+0800][147.329s] GC(202) Using 8 workers of 8 for evacuation
[2022-03-30T23:38:59.923+0800][147.340s] GC(202) To-space exhausted
[2022-03-30T23:38:59.923+0800][147.340s] GC(202)   Pre Evacuate Collection Set: 0.1ms
[2022-03-30T23:38:59.923+0800][147.340s] GC(202)   Merge Heap Roots: 0.1ms
[2022-03-30T23:38:59.923+0800][147.340s] GC(202)   Evacuate Collection Set: 8.5ms
[2022-03-30T23:38:59.923+0800][147.340s] GC(202)   Post Evacuate Collection Set: 1.6ms
[2022-03-30T23:38:59.923+0800][147.340s] GC(202)   Other: 0.2ms
[2022-03-30T23:38:59.923+0800][147.340s] GC(202) Eden regions: 4->0(23)
[2022-03-30T23:38:59.923+0800][147.340s] GC(202) Survivor regions: 4->2(4)
[2022-03-30T23:38:59.923+0800][147.340s] GC(202) Old regions: 462->473
[2022-03-30T23:38:59.923+0800][147.340s] GC(202) Archive regions: 0->0
[2022-03-30T23:38:59.923+0800][147.340s] GC(202) Humongous regions: 37->37
[2022-03-30T23:38:59.923+0800][147.340s] GC(202) Metaspace: 52527K(52864K)->52527K(52864K) NonClass: 46402K(46592K)->46402K(46592K) Class: 6124K(6272K)->6124K(6272K)
[2022-03-30T23:38:59.923+0800][147.340s] GC(202) Pause Young (Concurrent Start) (G1 Preventive Collection) 501M->507M(512M) 10.721ms
[2022-03-30T23:38:59.923+0800][147.340s] GC(202) User=0.11s Sys=0.00s Real=0.01s
[2022-03-30T23:38:59.923+0800][147.340s] Attempting full compaction
[2022-03-30T23:38:59.923+0800][147.340s] GC(203) Concurrent Mark Cycle
[2022-03-30T23:38:59.923+0800][147.340s] GC(204) Using 8 workers of 8 for full compaction
[2022-03-30T23:38:59.923+0800][147.340s] GC(203) Concurrent Clear Claimed Marks
[2022-03-30T23:38:59.923+0800][147.340s] GC(203) Concurrent Clear Claimed Marks 0.057ms
[2022-03-30T23:38:59.923+0800][147.340s] GC(203) Concurrent Scan Root Regions
[2022-03-30T23:38:59.923+0800][147.341s] GC(204) Pause Full (G1 Compaction Pause)
[2022-03-30T23:38:59.923+0800][147.341s] GC(203) Concurrent Scan Root Regions 0.719ms
[2022-03-30T23:38:59.924+0800][147.341s] GC(203) Concurrent Mark
[2022-03-30T23:38:59.924+0800][147.341s] GC(203) Concurrent Mark From Roots
[2022-03-30T23:38:59.924+0800][147.341s] GC(203) Using 2 workers of 2 for marking
[2022-03-30T23:38:59.924+0800][147.341s] GC(204) Phase 1: Mark live objects
[2022-03-30T23:39:00.161+0800][147.579s] GC(204) Phase 1: Mark live objects 237.393ms
[2022-03-30T23:39:00.161+0800][147.579s] GC(204) Phase 2: Prepare for compaction
[2022-03-30T23:39:00.163+0800][147.580s] GC(204) Phase 2: Prepare for compaction 1.663ms
[2022-03-30T23:39:00.163+0800][147.580s] GC(204) Phase 3: Adjust pointers
[2022-03-30T23:39:00.227+0800][147.644s] GC(204) Phase 3: Adjust pointers 63.448ms
[2022-03-30T23:39:00.227+0800][147.644s] GC(204) Phase 4: Compact heap
[2022-03-30T23:39:00.228+0800][147.645s] GC(204) Phase 4: Compact heap 1.278ms
[2022-03-30T23:39:00.238+0800][147.655s] GC(204) Eden regions: 0->0(25)
[2022-03-30T23:39:00.238+0800][147.655s] GC(204) Survivor regions: 2->0(4)
[2022-03-30T23:39:00.238+0800][147.655s] GC(204) Old regions: 473->466
[2022-03-30T23:39:00.238+0800][147.655s] GC(204) Archive regions: 0->0
[2022-03-30T23:39:00.238+0800][147.655s] GC(204) Humongous regions: 37->37
[2022-03-30T23:39:00.238+0800][147.655s] GC(204) Metaspace: 52527K(52864K)->52527K(52864K) NonClass: 46402K(46592K)->46402K(46592K) Class: 6124K(6272K)->6124K(6272K)
[2022-03-30T23:39:00.238+0800][147.656s] GC(204) Pause Full (G1 Compaction Pause) 507M->499M(512M) 315.016ms
[2022-03-30T23:39:00.239+0800][147.656s] GC(204) User=2.16s Sys=0.00s Real=0.32s
[2022-03-30T23:39:00.239+0800][147.656s] GC(203) Concurrent Mark From Roots 315.265ms
[2022-03-30T23:39:00.239+0800][147.657s] GC(203) Concurrent Mark Abort
[2022-03-30T23:39:00.239+0800][147.657s] GC(203) Concurrent Mark Cycle 316.372ms
[2022-03-30T23:39:00.270+0800][147.687s] GC(205) Pause Young (Normal) (G1 Preventive Collection)
[2022-03-30T23:39:00.270+0800][147.687s] GC(205) Using 8 workers of 8 for evacuation
[2022-03-30T23:39:00.275+0800][147.692s] GC(205)   Pre Evacuate Collection Set: 0.1ms
[2022-03-30T23:39:00.275+0800][147.692s] GC(205)   Merge Heap Roots: 0.1ms
[2022-03-30T23:39:00.275+0800][147.692s] GC(205)   Evacuate Collection Set: 4.5ms
[2022-03-30T23:39:00.275+0800][147.692s] GC(205)   Post Evacuate Collection Set: 0.3ms
[2022-03-30T23:39:00.275+0800][147.692s] GC(205)   Other: 0.2ms
[2022-03-30T23:39:00.275+0800][147.692s] GC(205) Eden regions: 5->0(21)
[2022-03-30T23:39:00.275+0800][147.692s] GC(205) Survivor regions: 0->4(4)
[2022-03-30T23:39:00.275+0800][147.692s] GC(205) Old regions: 466->466
[2022-03-30T23:39:00.275+0800][147.692s] GC(205) Archive regions: 0->0
[2022-03-30T23:39:00.275+0800][147.692s] GC(205) Humongous regions: 37->37
[2022-03-30T23:39:00.275+0800][147.692s] GC(205) Metaspace: 52531K(52864K)->52531K(52864K) NonClass: 46407K(46592K)->46407K(46592K) Class: 6124K(6272K)->6124K(6272K)
[2022-03-30T23:39:00.275+0800][147.693s] GC(205) Pause Young (Normal) (G1 Preventive Collection) 504M->503M(512M) 5.484ms
[2022-03-30T23:39:00.275+0800][147.693s] GC(205) User=0.11s Sys=0.00s Real=0.01s
[2022-03-30T23:39:00.301+0800][147.719s] GC(206) Pause Young (Concurrent Start) (G1 Preventive Collection)
[2022-03-30T23:39:00.301+0800][147.719s] GC(206) Using 8 workers of 8 for evacuation
[2022-03-30T23:39:00.304+0800][147.722s] GC(206)   Pre Evacuate Collection Set: 0.1ms
[2022-03-30T23:39:00.304+0800][147.722s] GC(206)   Merge Heap Roots: 0.1ms
[2022-03-30T23:39:00.304+0800][147.722s] GC(206)   Evacuate Collection Set: 2.3ms
[2022-03-30T23:39:00.304+0800][147.722s] GC(206)   Post Evacuate Collection Set: 0.3ms
[2022-03-30T23:39:00.304+0800][147.722s] GC(206)   Other: 0.3ms
[2022-03-30T23:39:00.304+0800][147.722s] GC(206) Eden regions: 2->0(24)
[2022-03-30T23:39:00.304+0800][147.722s] GC(206) Survivor regions: 4->1(3)
[2022-03-30T23:39:00.304+0800][147.722s] GC(206) Old regions: 466->468
[2022-03-30T23:39:00.304+0800][147.722s] GC(206) Archive regions: 0->0
[2022-03-30T23:39:00.304+0800][147.722s] GC(206) Humongous regions: 37->37
[2022-03-30T23:39:00.304+0800][147.722s] GC(206) Metaspace: 52532K(52864K)->52532K(52864K) NonClass: 46407K(46592K)->46407K(46592K) Class: 6124K(6272K)->6124K(6272K)
[2022-03-30T23:39:00.304+0800][147.722s] GC(206) Pause Young (Concurrent Start) (G1 Preventive Collection) 505M->502M(512M) 3.269ms
[2022-03-30T23:39:00.304+0800][147.722s] GC(206) User=0.12s Sys=0.00s Real=0.00s
[2022-03-30T23:39:00.305+0800][147.722s] GC(207) Concurrent Mark Cycle
[2022-03-30T23:39:00.305+0800][147.722s] GC(207) Concurrent Clear Claimed Marks
[2022-03-30T23:39:00.305+0800][147.722s] GC(207) Concurrent Clear Claimed Marks 0.038ms
[2022-03-30T23:39:00.305+0800][147.722s] GC(207) Concurrent Scan Root Regions
[2022-03-30T23:39:00.306+0800][147.723s] GC(207) Concurrent Scan Root Regions 1.467ms
[2022-03-30T23:39:00.306+0800][147.724s] GC(207) Concurrent Mark
[2022-03-30T23:39:00.306+0800][147.724s] GC(207) Concurrent Mark From Roots
[2022-03-30T23:39:00.306+0800][147.724s] GC(207) Using 2 workers of 2 for marking
[2022-03-30T23:39:00.354+0800][147.771s] GC(208) Pause Young (Normal) (G1 Preventive Collection)
[2022-03-30T23:39:00.354+0800][147.771s] GC(208) Using 8 workers of 8 for evacuation
[2022-03-30T23:39:00.355+0800][147.772s] GC(208)   Pre Evacuate Collection Set: 0.1ms
[2022-03-30T23:39:00.355+0800][147.772s] GC(208)   Merge Heap Roots: 0.0ms
[2022-03-30T23:39:00.355+0800][147.772s] GC(208)   Evacuate Collection Set: 0.5ms
[2022-03-30T23:39:00.355+0800][147.772s] GC(208)   Post Evacuate Collection Set: 0.3ms
[2022-03-30T23:39:00.355+0800][147.772s] GC(208)   Other: 0.2ms
[2022-03-30T23:39:00.355+0800][147.772s] GC(208) Eden regions: 3->0(24)
[2022-03-30T23:39:00.355+0800][147.772s] GC(208) Survivor regions: 1->1(3)
[2022-03-30T23:39:00.355+0800][147.772s] GC(208) Old regions: 468->468
[2022-03-30T23:39:00.355+0800][147.772s] GC(208) Archive regions: 0->0
[2022-03-30T23:39:00.355+0800][147.772s] GC(208) Humongous regions: 37->37
[2022-03-30T23:39:00.355+0800][147.772s] GC(208) Metaspace: 52532K(52864K)->52532K(52864K) NonClass: 46407K(46592K)->46407K(46592K) Class: 6124K(6272K)->6124K(6272K)
[2022-03-30T23:39:00.355+0800][147.773s] GC(208) Pause Young (Normal) (G1 Preventive Collection) 505M->502M(512M) 1.345ms
[2022-03-30T23:39:00.355+0800][147.773s] GC(208) User=0.00s Sys=0.00s Real=0.00s
[2022-03-30T23:39:00.422+0800][147.840s] GC(209) Pause Young (Normal) (G1 Preventive Collection)
[2022-03-30T23:39:00.422+0800][147.840s] GC(209) Using 8 workers of 8 for evacuation
[2022-03-30T23:39:00.423+0800][147.840s] GC(209)   Pre Evacuate Collection Set: 0.1ms
[2022-03-30T23:39:00.423+0800][147.841s] GC(209)   Merge Heap Roots: 0.0ms
[2022-03-30T23:39:00.423+0800][147.841s] GC(209)   Evacuate Collection Set: 0.4ms
[2022-03-30T23:39:00.423+0800][147.841s] GC(209)   Post Evacuate Collection Set: 0.3ms
[2022-03-30T23:39:00.423+0800][147.841s] GC(209)   Other: 0.2ms
[2022-03-30T23:39:00.423+0800][147.841s] GC(209) Eden regions: 3->0(24)
[2022-03-30T23:39:00.424+0800][147.841s] GC(209) Survivor regions: 1->1(3)
[2022-03-30T23:39:00.424+0800][147.841s] GC(209) Old regions: 468->468
[2022-03-30T23:39:00.424+0800][147.841s] GC(209) Archive regions: 0->0
[2022-03-30T23:39:00.424+0800][147.841s] GC(209) Humongous regions: 37->37
[2022-03-30T23:39:00.424+0800][147.841s] GC(209) Metaspace: 52532K(52864K)->52532K(52864K) NonClass: 46407K(46592K)->46407K(46592K) Class: 6124K(6272K)->6124K(6272K)
[2022-03-30T23:39:00.424+0800][147.841s] GC(209) Pause Young (Normal) (G1 Preventive Collection) 505M->502M(512M) 1.293ms
[2022-03-30T23:39:00.424+0800][147.841s] GC(209) User=0.00s Sys=0.00s Real=0.00s
[2022-03-30T23:39:00.471+0800][147.889s] GC(210) Pause Young (Normal) (G1 Preventive Collection)
[2022-03-30T23:39:00.471+0800][147.889s] GC(210) Using 8 workers of 8 for evacuation
[2022-03-30T23:39:00.473+0800][147.890s] GC(210)   Pre Evacuate Collection Set: 0.1ms
[2022-03-30T23:39:00.473+0800][147.890s] GC(210)   Merge Heap Roots: 0.0ms
[2022-03-30T23:39:00.473+0800][147.890s] GC(210)   Evacuate Collection Set: 0.5ms
[2022-03-30T23:39:00.473+0800][147.890s] GC(210)   Post Evacuate Collection Set: 0.3ms
[2022-03-30T23:39:00.473+0800][147.890s] GC(210)   Other: 0.2ms
[2022-03-30T23:39:00.473+0800][147.890s] GC(210) Eden regions: 3->0(24)
[2022-03-30T23:39:00.473+0800][147.890s] GC(210) Survivor regions: 1->1(3)
[2022-03-30T23:39:00.473+0800][147.890s] GC(210) Old regions: 468->468
[2022-03-30T23:39:00.473+0800][147.890s] GC(210) Archive regions: 0->0
[2022-03-30T23:39:00.473+0800][147.890s] GC(210) Humongous regions: 37->37
[2022-03-30T23:39:00.473+0800][147.890s] GC(210) Metaspace: 52532K(52864K)->52532K(52864K) NonClass: 46407K(46592K)->46407K(46592K) Class: 6124K(6272K)->6124K(6272K)
[2022-03-30T23:39:00.473+0800][147.890s] GC(210) Pause Young (Normal) (G1 Preventive Collection) 505M->502M(512M) 1.448ms
[2022-03-30T23:39:00.473+0800][147.890s] GC(210) User=0.00s Sys=0.00s Real=0.00s
[2022-03-30T23:39:00.545+0800][147.963s] GC(211) Pause Young (Normal) (G1 Preventive Collection)
[2022-03-30T23:39:00.545+0800][147.963s] GC(211) Using 8 workers of 8 for evacuation
[2022-03-30T23:39:00.547+0800][147.964s] GC(211)   Pre Evacuate Collection Set: 0.1ms
[2022-03-30T23:39:00.547+0800][147.964s] GC(211)   Merge Heap Roots: 0.0ms
[2022-03-30T23:39:00.547+0800][147.964s] GC(211)   Evacuate Collection Set: 0.4ms
[2022-03-30T23:39:00.547+0800][147.964s] GC(211)   Post Evacuate Collection Set: 0.4ms
[2022-03-30T23:39:00.547+0800][147.964s] GC(211)   Other: 0.2ms
[2022-03-30T23:39:00.547+0800][147.964s] GC(211) Eden regions: 4->0(24)
[2022-03-30T23:39:00.547+0800][147.964s] GC(211) Survivor regions: 1->1(2)
[2022-03-30T23:39:00.547+0800][147.964s] GC(211) Old regions: 468->468
[2022-03-30T23:39:00.547+0800][147.964s] GC(211) Archive regions: 0->0
[2022-03-30T23:39:00.547+0800][147.964s] GC(211) Humongous regions: 37->37
[2022-03-30T23:39:00.547+0800][147.964s] GC(211) Metaspace: 52532K(52864K)->52532K(52864K) NonClass: 46407K(46592K)->46407K(46592K) Class: 6124K(6272K)->6124K(6272K)
[2022-03-30T23:39:00.547+0800][147.964s] GC(211) Pause Young (Normal) (G1 Preventive Collection) 506M->502M(512M) 1.426ms
[2022-03-30T23:39:00.547+0800][147.964s] GC(211) User=0.00s Sys=0.00s Real=0.00s
[2022-03-30T23:39:00.610+0800][148.028s] GC(212) Pause Young (Normal) (G1 Preventive Collection)
[2022-03-30T23:39:00.611+0800][148.028s] GC(212) Using 8 workers of 8 for evacuation
[2022-03-30T23:39:00.612+0800][148.029s] GC(212)   Pre Evacuate Collection Set: 0.1ms
[2022-03-30T23:39:00.612+0800][148.029s] GC(212)   Merge Heap Roots: 0.0ms
[2022-03-30T23:39:00.612+0800][148.029s] GC(212)   Evacuate Collection Set: 0.5ms
[2022-03-30T23:39:00.612+0800][148.029s] GC(212)   Post Evacuate Collection Set: 0.2ms
[2022-03-30T23:39:00.612+0800][148.029s] GC(212)   Other: 0.2ms
[2022-03-30T23:39:00.612+0800][148.029s] GC(212) Eden regions: 4->0(24)
[2022-03-30T23:39:00.612+0800][148.029s] GC(212) Survivor regions: 1->1(2)
[2022-03-30T23:39:00.612+0800][148.029s] GC(212) Old regions: 468->468
[2022-03-30T23:39:00.612+0800][148.029s] GC(212) Archive regions: 0->0
[2022-03-30T23:39:00.612+0800][148.029s] GC(212) Humongous regions: 37->37
[2022-03-30T23:39:00.612+0800][148.029s] GC(212) Metaspace: 52533K(52864K)->52533K(52864K) NonClass: 46409K(46592K)->46409K(46592K) Class: 6124K(6272K)->6124K(6272K)
[2022-03-30T23:39:00.612+0800][148.029s] GC(212) Pause Young (Normal) (G1 Preventive Collection) 506M->502M(512M) 1.254ms
[2022-03-30T23:39:00.612+0800][148.029s] GC(212) User=0.00s Sys=0.00s Real=0.00s
[2022-03-30T23:39:00.686+0800][148.104s] GC(213) Pause Young (Normal) (G1 Preventive Collection)
[2022-03-30T23:39:00.687+0800][148.104s] GC(213) Using 8 workers of 8 for evacuation
[2022-03-30T23:39:00.687+0800][148.105s] GC(213)   Pre Evacuate Collection Set: 0.1ms
[2022-03-30T23:39:00.687+0800][148.105s] GC(213)   Merge Heap Roots: 0.0ms
[2022-03-30T23:39:00.687+0800][148.105s] GC(213)   Evacuate Collection Set: 0.5ms
[2022-03-30T23:39:00.687+0800][148.105s] GC(213)   Post Evacuate Collection Set: 0.3ms
[2022-03-30T23:39:00.687+0800][148.105s] GC(213)   Other: 0.2ms
[2022-03-30T23:39:00.687+0800][148.105s] GC(213) Eden regions: 4->0(23)
[2022-03-30T23:39:00.687+0800][148.105s] GC(213) Survivor regions: 1->2(2)
[2022-03-30T23:39:00.687+0800][148.105s] GC(213) Old regions: 468->468
[2022-03-30T23:39:00.687+0800][148.105s] GC(213) Archive regions: 0->0
[2022-03-30T23:39:00.687+0800][148.105s] GC(213) Humongous regions: 37->37
[2022-03-30T23:39:00.687+0800][148.105s] GC(213) Metaspace: 52540K(52864K)->52540K(52864K) NonClass: 46415K(46592K)->46415K(46592K) Class: 6124K(6272K)->6124K(6272K)
[2022-03-30T23:39:00.687+0800][148.105s] GC(213) Pause Young (Normal) (G1 Preventive Collection) 506M->502M(512M) 1.301ms
[2022-03-30T23:39:00.687+0800][148.105s] GC(213) User=0.00s Sys=0.00s Real=0.00s
[2022-03-30T23:39:00.733+0800][148.151s] GC(214) Pause Young (Normal) (G1 Preventive Collection)
[2022-03-30T23:39:00.733+0800][148.151s] GC(214) Using 8 workers of 8 for evacuation
[2022-03-30T23:39:00.734+0800][148.152s] GC(214)   Pre Evacuate Collection Set: 0.1ms
[2022-03-30T23:39:00.734+0800][148.152s] GC(214)   Merge Heap Roots: 0.0ms
[2022-03-30T23:39:00.734+0800][148.152s] GC(214)   Evacuate Collection Set: 0.5ms
[2022-03-30T23:39:00.734+0800][148.152s] GC(214)   Post Evacuate Collection Set: 0.3ms
[2022-03-30T23:39:00.734+0800][148.152s] GC(214)   Other: 0.2ms
[2022-03-30T23:39:00.734+0800][148.152s] GC(214) Eden regions: 3->0(23)
[2022-03-30T23:39:00.734+0800][148.152s] GC(214) Survivor regions: 2->2(2)
[2022-03-30T23:39:00.734+0800][148.152s] GC(214) Old regions: 468->468
[2022-03-30T23:39:00.734+0800][148.152s] GC(214) Archive regions: 0->0
[2022-03-30T23:39:00.734+0800][148.152s] GC(214) Humongous regions: 37->37
[2022-03-30T23:39:00.734+0800][148.152s] GC(214) Metaspace: 52544K(52864K)->52544K(52864K) NonClass: 46420K(46592K)->46420K(46592K) Class: 6124K(6272K)->6124K(6272K)
[2022-03-30T23:39:00.735+0800][148.152s] GC(214) Pause Young (Normal) (G1 Preventive Collection) 505M->502M(512M) 1.260ms
[2022-03-30T23:39:00.735+0800][148.152s] GC(214) User=0.00s Sys=0.00s Real=0.00s
[2022-03-30T23:39:00.776+0800][148.193s] GC(215) Pause Young (Normal) (G1 Preventive Collection)
[2022-03-30T23:39:00.776+0800][148.193s] GC(215) Using 8 workers of 8 for evacuation
[2022-03-30T23:39:00.777+0800][148.194s] GC(215)   Pre Evacuate Collection Set: 0.1ms
[2022-03-30T23:39:00.777+0800][148.194s] GC(215)   Merge Heap Roots: 0.0ms
[2022-03-30T23:39:00.777+0800][148.194s] GC(215)   Evacuate Collection Set: 0.6ms
[2022-03-30T23:39:00.777+0800][148.194s] GC(215)   Post Evacuate Collection Set: 0.3ms
[2022-03-30T23:39:00.777+0800][148.194s] GC(215)   Other: 0.2ms
[2022-03-30T23:39:00.777+0800][148.194s] GC(215) Eden regions: 3->0(23)
[2022-03-30T23:39:00.777+0800][148.194s] GC(215) Survivor regions: 2->2(2)
[2022-03-30T23:39:00.777+0800][148.194s] GC(215) Old regions: 468->468
[2022-03-30T23:39:00.777+0800][148.194s] GC(215) Archive regions: 0->0
[2022-03-30T23:39:00.777+0800][148.194s] GC(215) Humongous regions: 37->37
[2022-03-30T23:39:00.777+0800][148.194s] GC(215) Metaspace: 52544K(52864K)->52544K(52864K) NonClass: 46420K(46592K)->46420K(46592K) Class: 6124K(6272K)->6124K(6272K)
[2022-03-30T23:39:00.777+0800][148.194s] GC(215) Pause Young (Normal) (G1 Preventive Collection) 505M->502M(512M) 1.424ms
[2022-03-30T23:39:00.777+0800][148.194s] GC(215) User=0.00s Sys=0.00s Real=0.00s
[2022-03-30T23:39:00.834+0800][148.251s] GC(216) Pause Young (Normal) (G1 Preventive Collection)
[2022-03-30T23:39:00.834+0800][148.251s] GC(216) Using 8 workers of 8 for evacuation
[2022-03-30T23:39:00.835+0800][148.252s] GC(216)   Pre Evacuate Collection Set: 0.1ms
[2022-03-30T23:39:00.835+0800][148.252s] GC(216)   Merge Heap Roots: 0.0ms
[2022-03-30T23:39:00.835+0800][148.252s] GC(216)   Evacuate Collection Set: 0.7ms
[2022-03-30T23:39:00.835+0800][148.252s] GC(216)   Post Evacuate Collection Set: 0.3ms
[2022-03-30T23:39:00.835+0800][148.252s] GC(216)   Other: 0.2ms
[2022-03-30T23:39:00.835+0800][148.252s] GC(216) Eden regions: 3->0(23)
[2022-03-30T23:39:00.835+0800][148.252s] GC(216) Survivor regions: 2->2(2)
[2022-03-30T23:39:00.835+0800][148.252s] GC(216) Old regions: 468->468
[2022-03-30T23:39:00.835+0800][148.252s] GC(216) Archive regions: 0->0
[2022-03-30T23:39:00.835+0800][148.252s] GC(216) Humongous regions: 37->37
[2022-03-30T23:39:00.835+0800][148.253s] GC(216) Metaspace: 52545K(52864K)->52545K(52864K) NonClass: 46421K(46592K)->46421K(46592K) Class: 6124K(6272K)->6124K(6272K)
[2022-03-30T23:39:00.835+0800][148.253s] GC(216) Pause Young (Normal) (G1 Preventive Collection) 505M->502M(512M) 1.617ms
[2022-03-30T23:39:00.835+0800][148.253s] GC(216) User=0.11s Sys=0.00s Real=0.00s
[2022-03-30T23:39:00.874+0800][148.291s] GC(217) Pause Young (Normal) (G1 Preventive Collection)
[2022-03-30T23:39:00.874+0800][148.291s] GC(217) Using 8 workers of 8 for evacuation
[2022-03-30T23:39:00.875+0800][148.292s] GC(217)   Pre Evacuate Collection Set: 0.1ms
[2022-03-30T23:39:00.875+0800][148.292s] GC(217)   Merge Heap Roots: 0.1ms
[2022-03-30T23:39:00.875+0800][148.292s] GC(217)   Evacuate Collection Set: 0.5ms
[2022-03-30T23:39:00.875+0800][148.292s] GC(217)   Post Evacuate Collection Set: 0.3ms
[2022-03-30T23:39:00.875+0800][148.293s] GC(217)   Other: 0.2ms
[2022-03-30T23:39:00.875+0800][148.293s] GC(217) Eden regions: 3->0(23)
[2022-03-30T23:39:00.875+0800][148.293s] GC(217) Survivor regions: 2->2(2)
[2022-03-30T23:39:00.875+0800][148.293s] GC(217) Old regions: 468->468
[2022-03-30T23:39:00.875+0800][148.293s] GC(217) Archive regions: 0->0
[2022-03-30T23:39:00.875+0800][148.293s] GC(217) Humongous regions: 37->37
[2022-03-30T23:39:00.875+0800][148.293s] GC(217) Metaspace: 52545K(52864K)->52545K(52864K) NonClass: 46421K(46592K)->46421K(46592K) Class: 6124K(6272K)->6124K(6272K)
[2022-03-30T23:39:00.876+0800][148.293s] GC(217) Pause Young (Normal) (G1 Preventive Collection) 505M->502M(512M) 1.307ms
[2022-03-30T23:39:00.876+0800][148.293s] GC(217) User=0.00s Sys=0.00s Real=0.00s
[2022-03-30T23:39:00.913+0800][148.330s] GC(218) Pause Young (Normal) (G1 Preventive Collection)
[2022-03-30T23:39:00.913+0800][148.330s] GC(218) Using 8 workers of 8 for evacuation
[2022-03-30T23:39:00.914+0800][148.332s] GC(218)   Pre Evacuate Collection Set: 0.1ms
[2022-03-30T23:39:00.914+0800][148.332s] GC(218)   Merge Heap Roots: 0.0ms
[2022-03-30T23:39:00.914+0800][148.332s] GC(218)   Evacuate Collection Set: 0.7ms
[2022-03-30T23:39:00.914+0800][148.332s] GC(218)   Post Evacuate Collection Set: 0.5ms
[2022-03-30T23:39:00.914+0800][148.332s] GC(218)   Other: 0.3ms
[2022-03-30T23:39:00.914+0800][148.332s] GC(218) Eden regions: 3->0(23)
[2022-03-30T23:39:00.914+0800][148.332s] GC(218) Survivor regions: 2->2(2)
[2022-03-30T23:39:00.914+0800][148.332s] GC(218) Old regions: 468->468
[2022-03-30T23:39:00.914+0800][148.332s] GC(218) Archive regions: 0->0
[2022-03-30T23:39:00.914+0800][148.332s] GC(218) Humongous regions: 37->37
[2022-03-30T23:39:00.914+0800][148.332s] GC(218) Metaspace: 52545K(52864K)->52545K(52864K) NonClass: 46421K(46592K)->46421K(46592K) Class: 6124K(6272K)->6124K(6272K)
[2022-03-30T23:39:00.914+0800][148.332s] GC(218) Pause Young (Normal) (G1 Preventive Collection) 505M->502M(512M) 1.896ms
[2022-03-30T23:39:00.914+0800][148.332s] GC(218) User=0.00s Sys=0.00s Real=0.00s
[2022-03-30T23:39:00.959+0800][148.377s] GC(219) Pause Young (Normal) (G1 Preventive Collection)
[2022-03-30T23:39:00.959+0800][148.377s] GC(219) Using 8 workers of 8 for evacuation
[2022-03-30T23:39:00.961+0800][148.378s] GC(219)   Pre Evacuate Collection Set: 0.1ms
[2022-03-30T23:39:00.961+0800][148.378s] GC(219)   Merge Heap Roots: 0.0ms
[2022-03-30T23:39:00.961+0800][148.378s] GC(219)   Evacuate Collection Set: 0.6ms
[2022-03-30T23:39:00.961+0800][148.378s] GC(219)   Post Evacuate Collection Set: 0.2ms
[2022-03-30T23:39:00.961+0800][148.378s] GC(219)   Other: 0.1ms
[2022-03-30T23:39:00.961+0800][148.378s] GC(219) Eden regions: 3->0(23)
[2022-03-30T23:39:00.961+0800][148.378s] GC(219) Survivor regions: 2->2(2)
[2022-03-30T23:39:00.961+0800][148.378s] GC(219) Old regions: 468->468
[2022-03-30T23:39:00.961+0800][148.378s] GC(219) Archive regions: 0->0
[2022-03-30T23:39:00.961+0800][148.378s] GC(219) Humongous regions: 37->37
[2022-03-30T23:39:00.961+0800][148.378s] GC(219) Metaspace: 52545K(52864K)->52545K(52864K) NonClass: 46421K(46592K)->46421K(46592K) Class: 6124K(6272K)->6124K(6272K)
[2022-03-30T23:39:00.961+0800][148.379s] GC(219) Pause Young (Normal) (G1 Preventive Collection) 505M->502M(512M) 1.331ms
[2022-03-30T23:39:00.961+0800][148.379s] GC(219) User=0.00s Sys=0.02s Real=0.00s
[2022-03-30T23:39:01.004+0800][148.421s] GC(220) Pause Young (Normal) (G1 Preventive Collection)
[2022-03-30T23:39:01.004+0800][148.422s] GC(220) Using 8 workers of 8 for evacuation
[2022-03-30T23:39:01.006+0800][148.423s] GC(220)   Pre Evacuate Collection Set: 0.1ms
[2022-03-30T23:39:01.006+0800][148.423s] GC(220)   Merge Heap Roots: 0.0ms
[2022-03-30T23:39:01.006+0800][148.423s] GC(220)   Evacuate Collection Set: 0.6ms
[2022-03-30T23:39:01.006+0800][148.423s] GC(220)   Post Evacuate Collection Set: 0.4ms
[2022-03-30T23:39:01.006+0800][148.423s] GC(220)   Other: 0.2ms
[2022-03-30T23:39:01.006+0800][148.423s] GC(220) Eden regions: 3->0(23)
[2022-03-30T23:39:01.006+0800][148.423s] GC(220) Survivor regions: 2->2(2)
[2022-03-30T23:39:01.006+0800][148.423s] GC(220) Old regions: 468->468
[2022-03-30T23:39:01.006+0800][148.423s] GC(220) Archive regions: 0->0
[2022-03-30T23:39:01.006+0800][148.423s] GC(220) Humongous regions: 37->37
[2022-03-30T23:39:01.006+0800][148.423s] GC(220) Metaspace: 52545K(52864K)->52545K(52864K) NonClass: 46421K(46592K)->46421K(46592K) Class: 6124K(6272K)->6124K(6272K)
[2022-03-30T23:39:01.006+0800][148.423s] GC(220) Pause Young (Normal) (G1 Preventive Collection) 505M->502M(512M) 1.404ms
[2022-03-30T23:39:01.006+0800][148.423s] GC(220) User=0.00s Sys=0.00s Real=0.00s
[2022-03-30T23:39:01.050+0800][148.467s] GC(221) Pause Young (Normal) (G1 Preventive Collection)
[2022-03-30T23:39:01.050+0800][148.467s] GC(221) Using 8 workers of 8 for evacuation
[2022-03-30T23:39:01.051+0800][148.469s] GC(221)   Pre Evacuate Collection Set: 0.1ms
[2022-03-30T23:39:01.051+0800][148.469s] GC(221)   Merge Heap Roots: 0.0ms
[2022-03-30T23:39:01.051+0800][148.469s] GC(221)   Evacuate Collection Set: 0.7ms
[2022-03-30T23:39:01.051+0800][148.469s] GC(221)   Post Evacuate Collection Set: 0.3ms
[2022-03-30T23:39:01.051+0800][148.469s] GC(221)   Other: 0.1ms
[2022-03-30T23:39:01.051+0800][148.469s] GC(221) Eden regions: 3->0(23)
[2022-03-30T23:39:01.051+0800][148.469s] GC(221) Survivor regions: 2->2(2)
[2022-03-30T23:39:01.051+0800][148.469s] GC(221) Old regions: 468->468
[2022-03-30T23:39:01.051+0800][148.469s] GC(221) Archive regions: 0->0
[2022-03-30T23:39:01.051+0800][148.469s] GC(221) Humongous regions: 37->37
[2022-03-30T23:39:01.051+0800][148.469s] GC(221) Metaspace: 52545K(52864K)->52545K(52864K) NonClass: 46421K(46592K)->46421K(46592K) Class: 6124K(6272K)->6124K(6272K)
[2022-03-30T23:39:01.051+0800][148.469s] GC(221) Pause Young (Normal) (G1 Preventive Collection) 505M->502M(512M) 1.373ms
[2022-03-30T23:39:01.052+0800][148.469s] GC(221) User=0.00s Sys=0.00s Real=0.00s
[2022-03-30T23:39:01.096+0800][148.513s] GC(222) Pause Young (Normal) (G1 Preventive Collection)
[2022-03-30T23:39:01.096+0800][148.513s] GC(222) Using 8 workers of 8 for evacuation
[2022-03-30T23:39:01.097+0800][148.514s] GC(222)   Pre Evacuate Collection Set: 0.1ms
[2022-03-30T23:39:01.097+0800][148.514s] GC(222)   Merge Heap Roots: 0.0ms
[2022-03-30T23:39:01.097+0800][148.515s] GC(222)   Evacuate Collection Set: 0.6ms
[2022-03-30T23:39:01.097+0800][148.515s] GC(222)   Post Evacuate Collection Set: 0.4ms
[2022-03-30T23:39:01.097+0800][148.515s] GC(222)   Other: 0.2ms
[2022-03-30T23:39:01.097+0800][148.515s] GC(222) Eden regions: 3->0(24)
[2022-03-30T23:39:01.097+0800][148.515s] GC(222) Survivor regions: 2->1(2)
[2022-03-30T23:39:01.097+0800][148.515s] GC(222) Old regions: 468->468
[2022-03-30T23:39:01.097+0800][148.515s] GC(222) Archive regions: 0->0
[2022-03-30T23:39:01.097+0800][148.515s] GC(222) Humongous regions: 37->37
[2022-03-30T23:39:01.098+0800][148.515s] GC(222) Metaspace: 52545K(52864K)->52545K(52864K) NonClass: 46421K(46592K)->46421K(46592K) Class: 6124K(6272K)->6124K(6272K)
[2022-03-30T23:39:01.098+0800][148.515s] GC(222) Pause Young (Normal) (G1 Preventive Collection) 505M->502M(512M) 1.885ms
[2022-03-30T23:39:01.098+0800][148.515s] GC(222) User=0.00s Sys=0.00s Real=0.00s
[2022-03-30T23:39:01.158+0800][148.575s] GC(223) Pause Young (Normal) (G1 Preventive Collection)
[2022-03-30T23:39:01.158+0800][148.575s] GC(223) Using 8 workers of 8 for evacuation
[2022-03-30T23:39:01.159+0800][148.576s] GC(223)   Pre Evacuate Collection Set: 0.1ms
[2022-03-30T23:39:01.159+0800][148.576s] GC(223)   Merge Heap Roots: 0.0ms
[2022-03-30T23:39:01.159+0800][148.576s] GC(223)   Evacuate Collection Set: 0.6ms
[2022-03-30T23:39:01.159+0800][148.576s] GC(223)   Post Evacuate Collection Set: 0.3ms
[2022-03-30T23:39:01.159+0800][148.576s] GC(223)   Other: 0.3ms
[2022-03-30T23:39:01.159+0800][148.576s] GC(223) Eden regions: 4->0(24)
[2022-03-30T23:39:01.159+0800][148.576s] GC(223) Survivor regions: 1->1(2)
[2022-03-30T23:39:01.159+0800][148.576s] GC(223) Old regions: 468->468
[2022-03-30T23:39:01.159+0800][148.576s] GC(223) Archive regions: 0->0
[2022-03-30T23:39:01.159+0800][148.576s] GC(223) Humongous regions: 37->37
[2022-03-30T23:39:01.159+0800][148.576s] GC(223) Metaspace: 52547K(52864K)->52547K(52864K) NonClass: 46422K(46592K)->46422K(46592K) Class: 6124K(6272K)->6124K(6272K)
[2022-03-30T23:39:01.159+0800][148.577s] GC(223) Pause Young (Normal) (G1 Preventive Collection) 506M->502M(512M) 1.524ms
[2022-03-30T23:39:01.159+0800][148.577s] GC(223) User=0.00s Sys=0.00s Real=0.00s
[2022-03-30T23:39:01.192+0800][148.610s] GC(207) Concurrent Mark From Roots 886.412ms
[2022-03-30T23:39:01.192+0800][148.610s] GC(207) Concurrent Preclean
[2022-03-30T23:39:01.192+0800][148.610s] GC(207) Concurrent Preclean 0.183ms
[2022-03-30T23:39:01.192+0800][148.610s] GC(207) Pause Remark
[2022-03-30T23:39:01.196+0800][148.613s] GC(207) Pause Remark 505M->497M(512M) 2.828ms
[2022-03-30T23:39:01.196+0800][148.613s] GC(207) User=0.12s Sys=0.00s Real=0.00s
[2022-03-30T23:39:01.196+0800][148.613s] GC(207) Concurrent Mark 889.716ms
[2022-03-30T23:39:01.196+0800][148.613s] GC(207) Concurrent Rebuild Remembered Sets
[2022-03-30T23:39:01.293+0800][148.711s] GC(224) Pause Young (Normal) (G1 Preventive Collection)
[2022-03-30T23:39:01.293+0800][148.711s] GC(224) Using 8 workers of 8 for evacuation
[2022-03-30T23:39:01.295+0800][148.712s] GC(224)   Pre Evacuate Collection Set: 0.1ms
[2022-03-30T23:39:01.295+0800][148.713s] GC(224)   Merge Heap Roots: 0.0ms
[2022-03-30T23:39:01.295+0800][148.713s] GC(224)   Evacuate Collection Set: 0.7ms
[2022-03-30T23:39:01.295+0800][148.713s] GC(224)   Post Evacuate Collection Set: 0.3ms
[2022-03-30T23:39:01.295+0800][148.713s] GC(224)   Other: 0.3ms
[2022-03-30T23:39:01.295+0800][148.713s] GC(224) Eden regions: 9->0(24)
[2022-03-30T23:39:01.295+0800][148.713s] GC(224) Survivor regions: 1->1(4)
[2022-03-30T23:39:01.295+0800][148.713s] GC(224) Old regions: 468->468
[2022-03-30T23:39:01.295+0800][148.713s] GC(224) Archive regions: 0->0
[2022-03-30T23:39:01.295+0800][148.713s] GC(224) Humongous regions: 29->29
[2022-03-30T23:39:01.295+0800][148.713s] GC(224) Metaspace: 52547K(52864K)->52547K(52864K) NonClass: 46422K(46592K)->46422K(46592K) Class: 6124K(6272K)->6124K(6272K)
[2022-03-30T23:39:01.295+0800][148.713s] GC(224) Pause Young (Normal) (G1 Preventive Collection) 503M->494M(512M) 1.572ms
[2022-03-30T23:39:01.295+0800][148.713s] GC(224) User=0.00s Sys=0.00s Real=0.00s
[2022-03-30T23:39:01.410+0800][148.827s] GC(225) Pause Young (Normal) (G1 Preventive Collection)
[2022-03-30T23:39:01.410+0800][148.827s] GC(225) Using 8 workers of 8 for evacuation
[2022-03-30T23:39:01.411+0800][148.828s] GC(225)   Pre Evacuate Collection Set: 0.1ms
[2022-03-30T23:39:01.411+0800][148.828s] GC(225)   Merge Heap Roots: 0.0ms
[2022-03-30T23:39:01.411+0800][148.828s] GC(225)   Evacuate Collection Set: 0.4ms
[2022-03-30T23:39:01.411+0800][148.828s] GC(225)   Post Evacuate Collection Set: 0.2ms
[2022-03-30T23:39:01.411+0800][148.828s] GC(225)   Other: 0.1ms
[2022-03-30T23:39:01.411+0800][148.828s] GC(225) Eden regions: 9->0(24)
[2022-03-30T23:39:01.411+0800][148.828s] GC(225) Survivor regions: 1->1(4)
[2022-03-30T23:39:01.411+0800][148.828s] GC(225) Old regions: 468->468
[2022-03-30T23:39:01.411+0800][148.828s] GC(225) Archive regions: 0->0
[2022-03-30T23:39:01.411+0800][148.828s] GC(225) Humongous regions: 29->29
[2022-03-30T23:39:01.411+0800][148.828s] GC(225) Metaspace: 52548K(52864K)->52548K(52864K) NonClass: 46424K(46592K)->46424K(46592K) Class: 6124K(6272K)->6124K(6272K)
[2022-03-30T23:39:01.411+0800][148.828s] GC(225) Pause Young (Normal) (G1 Preventive Collection) 503M->494M(512M) 0.938ms
[2022-03-30T23:39:01.411+0800][148.828s] GC(225) User=0.00s Sys=0.00s Real=0.00s
[2022-03-30T23:39:01.561+0800][148.978s] GC(226) Pause Young (Normal) (G1 Preventive Collection)
[2022-03-30T23:39:01.561+0800][148.979s] GC(226) Using 8 workers of 8 for evacuation
[2022-03-30T23:39:01.562+0800][148.979s] GC(226)   Pre Evacuate Collection Set: 0.1ms
[2022-03-30T23:39:01.562+0800][148.979s] GC(226)   Merge Heap Roots: 0.0ms
[2022-03-30T23:39:01.562+0800][148.980s] GC(226)   Evacuate Collection Set: 0.5ms
[2022-03-30T23:39:01.562+0800][148.980s] GC(226)   Post Evacuate Collection Set: 0.2ms
[2022-03-30T23:39:01.562+0800][148.980s] GC(226)   Other: 0.2ms
[2022-03-30T23:39:01.562+0800][148.980s] GC(226) Eden regions: 10->0(24)
[2022-03-30T23:39:01.562+0800][148.980s] GC(226) Survivor regions: 1->1(4)
[2022-03-30T23:39:01.562+0800][148.980s] GC(226) Old regions: 468->468
[2022-03-30T23:39:01.562+0800][148.980s] GC(226) Archive regions: 0->0
[2022-03-30T23:39:01.562+0800][148.980s] GC(226) Humongous regions: 29->29
[2022-03-30T23:39:01.562+0800][148.980s] GC(226) Metaspace: 52548K(52864K)->52548K(52864K) NonClass: 46424K(46592K)->46424K(46592K) Class: 6124K(6272K)->6124K(6272K)
[2022-03-30T23:39:01.562+0800][148.980s] GC(226) Pause Young (Normal) (G1 Preventive Collection) 504M->494M(512M) 1.212ms
[2022-03-30T23:39:01.562+0800][148.980s] GC(226) User=0.00s Sys=0.00s Real=0.00s
[2022-03-30T23:39:01.601+0800][149.018s] GC(207) Concurrent Rebuild Remembered Sets 404.442ms
[2022-03-30T23:39:01.601+0800][149.018s] GC(207) Pause Cleanup
[2022-03-30T23:39:01.601+0800][149.018s] GC(207) Pause Cleanup 497M->497M(512M) 0.146ms
[2022-03-30T23:39:01.601+0800][149.018s] GC(207) User=0.00s Sys=0.00s Real=0.00s
[2022-03-30T23:39:01.601+0800][149.018s] GC(207) Concurrent Cleanup for Next Mark
[2022-03-30T23:39:01.601+0800][149.018s] GC(207) Concurrent Cleanup for Next Mark 0.219ms
[2022-03-30T23:39:01.601+0800][149.018s] GC(207) Concurrent Mark Cycle 1296.438ms
[2022-03-30T23:39:01.704+0800][149.122s] GC(227) Pause Young (Normal) (G1 Preventive Collection)
[2022-03-30T23:39:01.704+0800][149.122s] GC(227) Using 8 workers of 8 for evacuation
[2022-03-30T23:39:01.706+0800][149.123s] GC(227)   Pre Evacuate Collection Set: 0.1ms
[2022-03-30T23:39:01.706+0800][149.123s] GC(227)   Merge Heap Roots: 0.1ms
[2022-03-30T23:39:01.706+0800][149.123s] GC(227)   Evacuate Collection Set: 0.6ms
[2022-03-30T23:39:01.706+0800][149.123s] GC(227)   Post Evacuate Collection Set: 0.5ms
[2022-03-30T23:39:01.706+0800][149.123s] GC(227)   Other: 0.2ms
[2022-03-30T23:39:01.706+0800][149.123s] GC(227) Eden regions: 10->0(24)
[2022-03-30T23:39:01.706+0800][149.123s] GC(227) Survivor regions: 1->1(4)
[2022-03-30T23:39:01.706+0800][149.123s] GC(227) Old regions: 468->468
[2022-03-30T23:39:01.706+0800][149.123s] GC(227) Archive regions: 0->0
[2022-03-30T23:39:01.706+0800][149.123s] GC(227) Humongous regions: 29->29
[2022-03-30T23:39:01.706+0800][149.123s] GC(227) Metaspace: 52548K(52864K)->52548K(52864K) NonClass: 46424K(46592K)->46424K(46592K) Class: 6124K(6272K)->6124K(6272K)
[2022-03-30T23:39:01.706+0800][149.123s] GC(227) Pause Young (Normal) (G1 Preventive Collection) 504M->494M(512M) 1.781ms
[2022-03-30T23:39:01.706+0800][149.123s] GC(227) User=0.00s Sys=0.00s Real=0.00s
[2022-03-30T23:39:01.859+0800][149.277s] GC(228) Pause Young (Concurrent Start) (G1 Preventive Collection)
[2022-03-30T23:39:01.859+0800][149.277s] GC(228) Using 8 workers of 8 for evacuation
[2022-03-30T23:39:01.861+0800][149.278s] GC(228)   Pre Evacuate Collection Set: 0.1ms
[2022-03-30T23:39:01.861+0800][149.279s] GC(228)   Merge Heap Roots: 0.1ms
[2022-03-30T23:39:01.861+0800][149.279s] GC(228)   Evacuate Collection Set: 0.7ms
[2022-03-30T23:39:01.861+0800][149.279s] GC(228)   Post Evacuate Collection Set: 0.5ms
[2022-03-30T23:39:01.861+0800][149.279s] GC(228)   Other: 0.2ms
[2022-03-30T23:39:01.861+0800][149.279s] GC(228) Eden regions: 10->0(24)
[2022-03-30T23:39:01.861+0800][149.279s] GC(228) Survivor regions: 1->1(4)
[2022-03-30T23:39:01.861+0800][149.279s] GC(228) Old regions: 468->468
[2022-03-30T23:39:01.861+0800][149.279s] GC(228) Archive regions: 0->0
[2022-03-30T23:39:01.862+0800][149.279s] GC(228) Humongous regions: 29->29
[2022-03-30T23:39:01.862+0800][149.279s] GC(228) Metaspace: 52549K(52864K)->52549K(52864K) NonClass: 46425K(46592K)->46425K(46592K) Class: 6124K(6272K)->6124K(6272K)
[2022-03-30T23:39:01.862+0800][149.279s] GC(228) Pause Young (Concurrent Start) (G1 Preventive Collection) 504M->494M(512M) 1.913ms
[2022-03-30T23:39:01.862+0800][149.279s] GC(228) User=0.00s Sys=0.00s Real=0.00s
[2022-03-30T23:39:01.862+0800][149.279s] GC(229) Concurrent Mark Cycle
[2022-03-30T23:39:01.862+0800][149.279s] GC(229) Concurrent Clear Claimed Marks
[2022-03-30T23:39:01.862+0800][149.279s] GC(229) Concurrent Clear Claimed Marks 0.032ms
[2022-03-30T23:39:01.862+0800][149.279s] GC(229) Concurrent Scan Root Regions
[2022-03-30T23:39:01.863+0800][149.280s] GC(229) Concurrent Scan Root Regions 1.304ms
[2022-03-30T23:39:01.863+0800][149.280s] GC(229) Concurrent Mark
[2022-03-30T23:39:01.863+0800][149.280s] GC(229) Concurrent Mark From Roots
[2022-03-30T23:39:01.863+0800][149.280s] GC(229) Using 2 workers of 2 for marking
[2022-03-30T23:39:02.027+0800][149.445s] GC(230) Pause Young (Normal) (G1 Preventive Collection)
[2022-03-30T23:39:02.027+0800][149.445s] GC(230) Using 8 workers of 8 for evacuation
[2022-03-30T23:39:02.029+0800][149.446s] GC(230)   Pre Evacuate Collection Set: 0.1ms
[2022-03-30T23:39:02.029+0800][149.446s] GC(230)   Merge Heap Roots: 0.0ms
[2022-03-30T23:39:02.029+0800][149.446s] GC(230)   Evacuate Collection Set: 0.6ms
[2022-03-30T23:39:02.029+0800][149.446s] GC(230)   Post Evacuate Collection Set: 0.3ms
[2022-03-30T23:39:02.029+0800][149.446s] GC(230)   Other: 0.2ms
[2022-03-30T23:39:02.029+0800][149.446s] GC(230) Eden regions: 11->0(24)
[2022-03-30T23:39:02.029+0800][149.446s] GC(230) Survivor regions: 1->1(3)
[2022-03-30T23:39:02.029+0800][149.446s] GC(230) Old regions: 468->468
[2022-03-30T23:39:02.029+0800][149.446s] GC(230) Archive regions: 0->0
[2022-03-30T23:39:02.029+0800][149.446s] GC(230) Humongous regions: 29->29
[2022-03-30T23:39:02.029+0800][149.446s] GC(230) Metaspace: 52562K(52864K)->52562K(52864K) NonClass: 46438K(46592K)->46438K(46592K) Class: 6124K(6272K)->6124K(6272K)
[2022-03-30T23:39:02.029+0800][149.446s] GC(230) Pause Young (Normal) (G1 Preventive Collection) 505M->494M(512M) 1.527ms
[2022-03-30T23:39:02.029+0800][149.446s] GC(230) User=0.00s Sys=0.00s Real=0.00s
[2022-03-30T23:39:02.181+0800][149.599s] GC(231) Pause Young (Normal) (G1 Preventive Collection)
[2022-03-30T23:39:02.181+0800][149.599s] GC(231) Using 8 workers of 8 for evacuation
[2022-03-30T23:39:02.183+0800][149.600s] GC(231)   Pre Evacuate Collection Set: 0.1ms
[2022-03-30T23:39:02.183+0800][149.600s] GC(231)   Merge Heap Roots: 0.0ms
[2022-03-30T23:39:02.183+0800][149.600s] GC(231)   Evacuate Collection Set: 0.5ms
[2022-03-30T23:39:02.183+0800][149.600s] GC(231)   Post Evacuate Collection Set: 0.2ms
[2022-03-30T23:39:02.183+0800][149.600s] GC(231)   Other: 0.2ms
[2022-03-30T23:39:02.183+0800][149.600s] GC(231) Eden regions: 11->0(24)
[2022-03-30T23:39:02.183+0800][149.600s] GC(231) Survivor regions: 1->1(3)
[2022-03-30T23:39:02.183+0800][149.600s] GC(231) Old regions: 468->468
[2022-03-30T23:39:02.183+0800][149.600s] GC(231) Archive regions: 0->0
[2022-03-30T23:39:02.183+0800][149.600s] GC(231) Humongous regions: 29->29
[2022-03-30T23:39:02.183+0800][149.600s] GC(231) Metaspace: 52562K(52864K)->52562K(52864K) NonClass: 46438K(46592K)->46438K(46592K) Class: 6124K(6272K)->6124K(6272K)
[2022-03-30T23:39:02.183+0800][149.600s] GC(231) Pause Young (Normal) (G1 Preventive Collection) 505M->494M(512M) 1.308ms
[2022-03-30T23:39:02.183+0800][149.600s] GC(231) User=0.00s Sys=0.00s Real=0.00s
[2022-03-30T23:39:02.350+0800][149.767s] GC(232) Pause Young (Normal) (G1 Preventive Collection)
[2022-03-30T23:39:02.350+0800][149.767s] GC(232) Using 8 workers of 8 for evacuation
[2022-03-30T23:39:02.351+0800][149.768s] GC(232)   Pre Evacuate Collection Set: 0.1ms
[2022-03-30T23:39:02.351+0800][149.768s] GC(232)   Merge Heap Roots: 0.1ms
[2022-03-30T23:39:02.351+0800][149.768s] GC(232)   Evacuate Collection Set: 0.7ms
[2022-03-30T23:39:02.351+0800][149.768s] GC(232)   Post Evacuate Collection Set: 0.3ms
[2022-03-30T23:39:02.351+0800][149.768s] GC(232)   Other: 0.2ms
[2022-03-30T23:39:02.351+0800][149.768s] GC(232) Eden regions: 11->0(23)
[2022-03-30T23:39:02.351+0800][149.768s] GC(232) Survivor regions: 1->2(3)
[2022-03-30T23:39:02.351+0800][149.768s] GC(232) Old regions: 468->468
[2022-03-30T23:39:02.351+0800][149.768s] GC(232) Archive regions: 0->0
[2022-03-30T23:39:02.351+0800][149.768s] GC(232) Humongous regions: 29->29
[2022-03-30T23:39:02.351+0800][149.769s] GC(232) Metaspace: 52562K(52864K)->52562K(52864K) NonClass: 46438K(46592K)->46438K(46592K) Class: 6124K(6272K)->6124K(6272K)
[2022-03-30T23:39:02.351+0800][149.769s] GC(232) Pause Young (Normal) (G1 Preventive Collection) 505M->494M(512M) 1.688ms
[2022-03-30T23:39:02.351+0800][149.769s] GC(232) User=0.12s Sys=0.00s Real=0.00s
[2022-03-30T23:39:02.474+0800][149.892s] GC(233) Pause Young (Normal) (G1 Preventive Collection)
[2022-03-30T23:39:02.474+0800][149.892s] GC(233) Using 8 workers of 8 for evacuation
[2022-03-30T23:39:02.476+0800][149.893s] GC(233)   Pre Evacuate Collection Set: 0.1ms
[2022-03-30T23:39:02.476+0800][149.893s] GC(233)   Merge Heap Roots: 0.0ms
[2022-03-30T23:39:02.476+0800][149.893s] GC(233)   Evacuate Collection Set: 0.4ms
[2022-03-30T23:39:02.476+0800][149.893s] GC(233)   Post Evacuate Collection Set: 0.2ms
[2022-03-30T23:39:02.476+0800][149.893s] GC(233)   Other: 0.2ms
[2022-03-30T23:39:02.476+0800][149.893s] GC(233) Eden regions: 10->0(23)
[2022-03-30T23:39:02.476+0800][149.893s] GC(233) Survivor regions: 2->2(3)
[2022-03-30T23:39:02.476+0800][149.893s] GC(233) Old regions: 468->468
[2022-03-30T23:39:02.476+0800][149.893s] GC(233) Archive regions: 0->0
[2022-03-30T23:39:02.476+0800][149.893s] GC(233) Humongous regions: 29->29
[2022-03-30T23:39:02.476+0800][149.893s] GC(233) Metaspace: 52562K(52864K)->52562K(52864K) NonClass: 46438K(46592K)->46438K(46592K) Class: 6124K(6272K)->6124K(6272K)
[2022-03-30T23:39:02.476+0800][149.893s] GC(233) Pause Young (Normal) (G1 Preventive Collection) 504M->494M(512M) 1.077ms
[2022-03-30T23:39:02.476+0800][149.893s] GC(233) User=0.12s Sys=0.00s Real=0.00s
[2022-03-30T23:39:02.599+0800][150.016s] GC(234) Pause Young (Normal) (G1 Preventive Collection)
[2022-03-30T23:39:02.599+0800][150.016s] GC(234) Using 8 workers of 8 for evacuation
[2022-03-30T23:39:02.600+0800][150.017s] GC(234)   Pre Evacuate Collection Set: 0.1ms
[2022-03-30T23:39:02.600+0800][150.017s] GC(234)   Merge Heap Roots: 0.0ms
[2022-03-30T23:39:02.600+0800][150.017s] GC(234)   Evacuate Collection Set: 0.5ms
[2022-03-30T23:39:02.600+0800][150.017s] GC(234)   Post Evacuate Collection Set: 0.3ms
[2022-03-30T23:39:02.600+0800][150.017s] GC(234)   Other: 0.2ms
[2022-03-30T23:39:02.600+0800][150.017s] GC(234) Eden regions: 11->0(23)
[2022-03-30T23:39:02.600+0800][150.017s] GC(234) Survivor regions: 2->2(2)
[2022-03-30T23:39:02.600+0800][150.017s] GC(234) Old regions: 468->468
[2022-03-30T23:39:02.600+0800][150.017s] GC(234) Archive regions: 0->0
[2022-03-30T23:39:02.600+0800][150.017s] GC(234) Humongous regions: 29->29
[2022-03-30T23:39:02.600+0800][150.017s] GC(234) Metaspace: 52562K(52864K)->52562K(52864K) NonClass: 46438K(46592K)->46438K(46592K) Class: 6124K(6272K)->6124K(6272K)
[2022-03-30T23:39:02.600+0800][150.017s] GC(234) Pause Young (Normal) (G1 Preventive Collection) 505M->494M(512M) 1.284ms
[2022-03-30T23:39:02.600+0800][150.017s] GC(234) User=0.00s Sys=0.00s Real=0.00s
[2022-03-30T23:39:02.660+0800][150.078s] GC(229) Concurrent Mark From Roots 798.053ms
[2022-03-30T23:39:02.661+0800][150.079s] GC(229) Concurrent Preclean
[2022-03-30T23:39:02.661+0800][150.079s] GC(229) Concurrent Preclean 0.374ms
[2022-03-30T23:39:02.661+0800][150.079s] GC(229) Pause Remark
[2022-03-30T23:39:02.665+0800][150.083s] GC(229) Pause Remark 499M->499M(512M) 3.469ms
[2022-03-30T23:39:02.665+0800][150.083s] GC(229) User=0.12s Sys=0.00s Real=0.00s
[2022-03-30T23:39:02.665+0800][150.083s] GC(229) Concurrent Mark 802.320ms
[2022-03-30T23:39:02.665+0800][150.083s] GC(229) Concurrent Rebuild Remembered Sets
[2022-03-30T23:39:02.741+0800][150.160s] GC(235) Pause Young (Normal) (G1 Preventive Collection)
[2022-03-30T23:39:02.741+0800][150.160s] GC(235) Using 8 workers of 8 for evacuation
[2022-03-30T23:39:02.743+0800][150.161s] GC(235)   Pre Evacuate Collection Set: 0.1ms
[2022-03-30T23:39:02.743+0800][150.161s] GC(235)   Merge Heap Roots: 0.0ms
[2022-03-30T23:39:02.743+0800][150.161s] GC(235)   Evacuate Collection Set: 0.5ms
[2022-03-30T23:39:02.743+0800][150.161s] GC(235)   Post Evacuate Collection Set: 0.3ms
[2022-03-30T23:39:02.743+0800][150.161s] GC(235)   Other: 0.2ms
[2022-03-30T23:39:02.743+0800][150.161s] GC(235) Eden regions: 11->0(23)
[2022-03-30T23:39:02.743+0800][150.161s] GC(235) Survivor regions: 2->2(2)
[2022-03-30T23:39:02.743+0800][150.161s] GC(235) Old regions: 468->468
[2022-03-30T23:39:02.743+0800][150.161s] GC(235) Archive regions: 0->0
[2022-03-30T23:39:02.743+0800][150.161s] GC(235) Humongous regions: 29->29
[2022-03-30T23:39:02.743+0800][150.161s] GC(235) Metaspace: 52562K(52864K)->52562K(52864K) NonClass: 46438K(46592K)->46438K(46592K) Class: 6124K(6272K)->6124K(6272K)
[2022-03-30T23:39:02.743+0800][150.161s] GC(235) Pause Young (Normal) (G1 Preventive Collection) 505M->494M(512M) 1.411ms
[2022-03-30T23:39:02.743+0800][150.161s] GC(235) User=0.00s Sys=0.00s Real=0.00s
[2022-03-30T23:39:02.878+0800][150.295s] GC(236) Pause Young (Normal) (G1 Preventive Collection)
[2022-03-30T23:39:02.878+0800][150.295s] GC(236) Using 8 workers of 8 for evacuation
[2022-03-30T23:39:02.879+0800][150.296s] GC(236)   Pre Evacuate Collection Set: 0.1ms
[2022-03-30T23:39:02.879+0800][150.296s] GC(236)   Merge Heap Roots: 0.0ms
[2022-03-30T23:39:02.879+0800][150.296s] GC(236)   Evacuate Collection Set: 0.5ms
[2022-03-30T23:39:02.879+0800][150.296s] GC(236)   Post Evacuate Collection Set: 0.2ms
[2022-03-30T23:39:02.879+0800][150.296s] GC(236)   Other: 0.1ms
[2022-03-30T23:39:02.879+0800][150.296s] GC(236) Eden regions: 11->0(23)
[2022-03-30T23:39:02.879+0800][150.296s] GC(236) Survivor regions: 2->2(2)
[2022-03-30T23:39:02.879+0800][150.296s] GC(236) Old regions: 468->468
[2022-03-30T23:39:02.879+0800][150.296s] GC(236) Archive regions: 0->0
[2022-03-30T23:39:02.879+0800][150.296s] GC(236) Humongous regions: 29->29
[2022-03-30T23:39:02.879+0800][150.296s] GC(236) Metaspace: 52562K(52864K)->52562K(52864K) NonClass: 46438K(46592K)->46438K(46592K) Class: 6124K(6272K)->6124K(6272K)
[2022-03-30T23:39:02.879+0800][150.297s] GC(236) Pause Young (Normal) (G1 Preventive Collection) 505M->494M(512M) 1.175ms
[2022-03-30T23:39:02.879+0800][150.297s] GC(236) User=0.00s Sys=0.00s Real=0.00s
[2022-03-30T23:39:02.995+0800][150.412s] GC(237) Pause Young (Normal) (G1 Preventive Collection)
[2022-03-30T23:39:02.995+0800][150.412s] GC(237) Using 8 workers of 8 for evacuation
[2022-03-30T23:39:02.996+0800][150.413s] GC(237)   Pre Evacuate Collection Set: 0.1ms
[2022-03-30T23:39:02.996+0800][150.413s] GC(237)   Merge Heap Roots: 0.0ms
[2022-03-30T23:39:02.996+0800][150.413s] GC(237)   Evacuate Collection Set: 0.5ms
[2022-03-30T23:39:02.996+0800][150.413s] GC(237)   Post Evacuate Collection Set: 0.2ms
[2022-03-30T23:39:02.996+0800][150.413s] GC(237)   Other: 0.2ms
[2022-03-30T23:39:02.996+0800][150.413s] GC(237) Eden regions: 11->0(23)
[2022-03-30T23:39:02.996+0800][150.413s] GC(237) Survivor regions: 2->2(2)
[2022-03-30T23:39:02.996+0800][150.413s] GC(237) Old regions: 468->468
[2022-03-30T23:39:02.996+0800][150.413s] GC(237) Archive regions: 0->0
[2022-03-30T23:39:02.996+0800][150.413s] GC(237) Humongous regions: 29->29
[2022-03-30T23:39:02.996+0800][150.413s] GC(237) Metaspace: 52562K(52864K)->52562K(52864K) NonClass: 46438K(46592K)->46438K(46592K) Class: 6124K(6272K)->6124K(6272K)
[2022-03-30T23:39:02.996+0800][150.413s] GC(237) Pause Young (Normal) (G1 Preventive Collection) 505M->494M(512M) 1.041ms
[2022-03-30T23:39:02.996+0800][150.413s] GC(237) User=0.00s Sys=0.00s Real=0.00s
[2022-03-30T23:39:03.012+0800][150.429s] GC(229) Concurrent Rebuild Remembered Sets 346.564ms
[2022-03-30T23:39:03.012+0800][150.429s] GC(229) Pause Cleanup
[2022-03-30T23:39:03.012+0800][150.430s] GC(229) Pause Cleanup 496M->496M(512M) 0.103ms
[2022-03-30T23:39:03.012+0800][150.430s] GC(229) User=0.00s Sys=0.00s Real=0.00s
[2022-03-30T23:39:03.012+0800][150.430s] GC(229) Concurrent Cleanup for Next Mark
[2022-03-30T23:39:03.012+0800][150.430s] GC(229) Concurrent Cleanup for Next Mark 0.284ms
[2022-03-30T23:39:03.012+0800][150.430s] GC(229) Concurrent Mark Cycle 1150.984ms
[2022-03-30T23:39:03.130+0800][150.547s] GC(238) Pause Young (Normal) (G1 Preventive Collection)
[2022-03-30T23:39:03.130+0800][150.547s] GC(238) Using 8 workers of 8 for evacuation
[2022-03-30T23:39:03.132+0800][150.549s] GC(238)   Pre Evacuate Collection Set: 0.1ms
[2022-03-30T23:39:03.132+0800][150.549s] GC(238)   Merge Heap Roots: 0.1ms
[2022-03-30T23:39:03.132+0800][150.549s] GC(238)   Evacuate Collection Set: 0.9ms
[2022-03-30T23:39:03.132+0800][150.549s] GC(238)   Post Evacuate Collection Set: 0.3ms
[2022-03-30T23:39:03.132+0800][150.549s] GC(238)   Other: 0.2ms
[2022-03-30T23:39:03.132+0800][150.549s] GC(238) Eden regions: 11->0(23)
[2022-03-30T23:39:03.132+0800][150.549s] GC(238) Survivor regions: 2->2(2)
[2022-03-30T23:39:03.132+0800][150.549s] GC(238) Old regions: 468->468
[2022-03-30T23:39:03.132+0800][150.549s] GC(238) Archive regions: 0->0
[2022-03-30T23:39:03.132+0800][150.549s] GC(238) Humongous regions: 29->29
[2022-03-30T23:39:03.132+0800][150.549s] GC(238) Metaspace: 52562K(52864K)->52562K(52864K) NonClass: 46438K(46592K)->46438K(46592K) Class: 6124K(6272K)->6124K(6272K)
[2022-03-30T23:39:03.132+0800][150.549s] GC(238) Pause Young (Normal) (G1 Preventive Collection) 505M->494M(512M) 1.682ms
[2022-03-30T23:39:03.132+0800][150.549s] GC(238) User=0.02s Sys=0.00s Real=0.00s
[2022-03-30T23:39:30.225+0800][177.643s] GC(239) Pause Young (Concurrent Start) (G1 Preventive Collection)
[2022-03-30T23:39:30.225+0800][177.643s] GC(239) Using 8 workers of 8 for evacuation
[2022-03-30T23:39:30.227+0800][177.644s] GC(239)   Pre Evacuate Collection Set: 0.1ms
[2022-03-30T23:39:30.227+0800][177.644s] GC(239)   Merge Heap Roots: 0.1ms
[2022-03-30T23:39:30.227+0800][177.644s] GC(239)   Evacuate Collection Set: 0.9ms
[2022-03-30T23:39:30.227+0800][177.644s] GC(239)   Post Evacuate Collection Set: 0.4ms
[2022-03-30T23:39:30.227+0800][177.644s] GC(239)   Other: 0.2ms
[2022-03-30T23:39:30.227+0800][177.644s] GC(239) Eden regions: 11->0(23)
[2022-03-30T23:39:30.227+0800][177.644s] GC(239) Survivor regions: 2->2(2)
[2022-03-30T23:39:30.227+0800][177.644s] GC(239) Old regions: 468->468
[2022-03-30T23:39:30.227+0800][177.645s] GC(239) Archive regions: 0->0
[2022-03-30T23:39:30.227+0800][177.645s] GC(239) Humongous regions: 29->29
[2022-03-30T23:39:30.227+0800][177.645s] GC(239) Metaspace: 52565K(52928K)->52565K(52928K) NonClass: 46441K(46656K)->46441K(46656K) Class: 6124K(6272K)->6124K(6272K)
[2022-03-30T23:39:30.227+0800][177.645s] GC(239) Pause Young (Concurrent Start) (G1 Preventive Collection) 505M->494M(512M) 1.894ms
[2022-03-30T23:39:30.227+0800][177.645s] GC(239) User=0.12s Sys=0.00s Real=0.00s
[2022-03-30T23:39:30.227+0800][177.645s] GC(240) Concurrent Mark Cycle
[2022-03-30T23:39:30.227+0800][177.645s] GC(240) Concurrent Clear Claimed Marks
[2022-03-30T23:39:30.227+0800][177.645s] GC(240) Concurrent Clear Claimed Marks 0.030ms
[2022-03-30T23:39:30.227+0800][177.645s] GC(240) Concurrent Scan Root Regions
[2022-03-30T23:39:30.227+0800][177.645s] GC(240) Concurrent Scan Root Regions 0.591ms
[2022-03-30T23:39:30.227+0800][177.645s] GC(240) Concurrent Mark
[2022-03-30T23:39:30.227+0800][177.645s] GC(240) Concurrent Mark From Roots
[2022-03-30T23:39:30.227+0800][177.645s] GC(240) Using 2 workers of 2 for marking
[2022-03-30T23:39:30.408+0800][177.825s] GC(241) Pause Young (Normal) (G1 Preventive Collection)
[2022-03-30T23:39:30.408+0800][177.825s] GC(241) Using 8 workers of 8 for evacuation
[2022-03-30T23:39:30.409+0800][177.826s] GC(241)   Pre Evacuate Collection Set: 0.1ms
[2022-03-30T23:39:30.409+0800][177.826s] GC(241)   Merge Heap Roots: 0.1ms
[2022-03-30T23:39:30.409+0800][177.826s] GC(241)   Evacuate Collection Set: 0.7ms
[2022-03-30T23:39:30.409+0800][177.827s] GC(241)   Post Evacuate Collection Set: 0.2ms
[2022-03-30T23:39:30.409+0800][177.827s] GC(241)   Other: 0.2ms
[2022-03-30T23:39:30.409+0800][177.827s] GC(241) Eden regions: 11->0(23)
[2022-03-30T23:39:30.409+0800][177.827s] GC(241) Survivor regions: 2->2(2)
[2022-03-30T23:39:30.409+0800][177.827s] GC(241) Old regions: 468->468
[2022-03-30T23:39:30.409+0800][177.827s] GC(241) Archive regions: 0->0
[2022-03-30T23:39:30.409+0800][177.827s] GC(241) Humongous regions: 29->29
[2022-03-30T23:39:30.409+0800][177.827s] GC(241) Metaspace: 52565K(52928K)->52565K(52928K) NonClass: 46441K(46656K)->46441K(46656K) Class: 6124K(6272K)->6124K(6272K)
[2022-03-30T23:39:30.409+0800][177.827s] GC(241) Pause Young (Normal) (G1 Preventive Collection) 505M->494M(512M) 1.541ms
[2022-03-30T23:39:30.409+0800][177.827s] GC(241) User=0.00s Sys=0.00s Real=0.00s
[2022-03-30T23:39:30.603+0800][178.020s] GC(242) Pause Young (Normal) (G1 Preventive Collection)
[2022-03-30T23:39:30.603+0800][178.020s] GC(242) Using 8 workers of 8 for evacuation
[2022-03-30T23:39:30.604+0800][178.022s] GC(242)   Pre Evacuate Collection Set: 0.1ms
[2022-03-30T23:39:30.604+0800][178.022s] GC(242)   Merge Heap Roots: 0.1ms
[2022-03-30T23:39:30.604+0800][178.022s] GC(242)   Evacuate Collection Set: 0.8ms
[2022-03-30T23:39:30.604+0800][178.022s] GC(242)   Post Evacuate Collection Set: 0.4ms
[2022-03-30T23:39:30.605+0800][178.022s] GC(242)   Other: 0.3ms
[2022-03-30T23:39:30.605+0800][178.022s] GC(242) Eden regions: 11->0(23)
[2022-03-30T23:39:30.605+0800][178.022s] GC(242) Survivor regions: 2->2(2)
[2022-03-30T23:39:30.605+0800][178.022s] GC(242) Old regions: 468->468
[2022-03-30T23:39:30.605+0800][178.022s] GC(242) Archive regions: 0->0
[2022-03-30T23:39:30.605+0800][178.022s] GC(242) Humongous regions: 29->29
[2022-03-30T23:39:30.605+0800][178.022s] GC(242) Metaspace: 52565K(52928K)->52565K(52928K) NonClass: 46441K(46656K)->46441K(46656K) Class: 6124K(6272K)->6124K(6272K)
[2022-03-30T23:39:30.605+0800][178.022s] GC(242) Pause Young (Normal) (G1 Preventive Collection) 505M->494M(512M) 2.116ms
[2022-03-30T23:39:30.605+0800][178.022s] GC(242) User=0.00s Sys=0.00s Real=0.00s
[2022-03-30T23:39:30.798+0800][178.216s] GC(243) Pause Young (Normal) (G1 Preventive Collection)
[2022-03-30T23:39:30.798+0800][178.216s] GC(243) Using 8 workers of 8 for evacuation
[2022-03-30T23:39:30.800+0800][178.217s] GC(243)   Pre Evacuate Collection Set: 0.1ms
[2022-03-30T23:39:30.800+0800][178.217s] GC(243)   Merge Heap Roots: 0.1ms
[2022-03-30T23:39:30.800+0800][178.217s] GC(243)   Evacuate Collection Set: 0.7ms
[2022-03-30T23:39:30.800+0800][178.217s] GC(243)   Post Evacuate Collection Set: 0.3ms
[2022-03-30T23:39:30.800+0800][178.217s] GC(243)   Other: 0.2ms
[2022-03-30T23:39:30.800+0800][178.217s] GC(243) Eden regions: 11->0(23)
[2022-03-30T23:39:30.800+0800][178.217s] GC(243) Survivor regions: 2->2(2)
[2022-03-30T23:39:30.800+0800][178.217s] GC(243) Old regions: 468->468
[2022-03-30T23:39:30.800+0800][178.217s] GC(243) Archive regions: 0->0
[2022-03-30T23:39:30.800+0800][178.217s] GC(243) Humongous regions: 29->29
[2022-03-30T23:39:30.800+0800][178.217s] GC(243) Metaspace: 52565K(52928K)->52565K(52928K) NonClass: 46441K(46656K)->46441K(46656K) Class: 6124K(6272K)->6124K(6272K)
[2022-03-30T23:39:30.800+0800][178.217s] GC(243) Pause Young (Normal) (G1 Preventive Collection) 505M->494M(512M) 1.656ms
[2022-03-30T23:39:30.800+0800][178.218s] GC(243) User=0.00s Sys=0.00s Real=0.00s
[2022-03-30T23:39:30.987+0800][178.404s] GC(244) Pause Young (Normal) (G1 Preventive Collection)
[2022-03-30T23:39:30.987+0800][178.404s] GC(244) Using 8 workers of 8 for evacuation
[2022-03-30T23:39:30.988+0800][178.405s] GC(244)   Pre Evacuate Collection Set: 0.1ms
[2022-03-30T23:39:30.988+0800][178.405s] GC(244)   Merge Heap Roots: 0.0ms
[2022-03-30T23:39:30.988+0800][178.405s] GC(244)   Evacuate Collection Set: 0.6ms
[2022-03-30T23:39:30.988+0800][178.405s] GC(244)   Post Evacuate Collection Set: 0.3ms
[2022-03-30T23:39:30.988+0800][178.405s] GC(244)   Other: 0.2ms
[2022-03-30T23:39:30.988+0800][178.405s] GC(244) Eden regions: 11->0(23)
[2022-03-30T23:39:30.988+0800][178.405s] GC(244) Survivor regions: 2->2(2)
[2022-03-30T23:39:30.988+0800][178.405s] GC(244) Old regions: 468->468
[2022-03-30T23:39:30.988+0800][178.405s] GC(244) Archive regions: 0->0
[2022-03-30T23:39:30.988+0800][178.405s] GC(244) Humongous regions: 29->29
[2022-03-30T23:39:30.988+0800][178.405s] GC(244) Metaspace: 52565K(52928K)->52565K(52928K) NonClass: 46441K(46656K)->46441K(46656K) Class: 6124K(6272K)->6124K(6272K)
[2022-03-30T23:39:30.988+0800][178.405s] GC(244) Pause Young (Normal) (G1 Preventive Collection) 505M->494M(512M) 1.563ms
[2022-03-30T23:39:30.988+0800][178.405s] GC(244) User=0.00s Sys=0.00s Real=0.00s
[2022-03-30T23:39:31.169+0800][178.586s] GC(240) Concurrent Mark From Roots 940.572ms
[2022-03-30T23:39:31.169+0800][178.586s] GC(240) Concurrent Preclean
[2022-03-30T23:39:31.169+0800][178.586s] GC(240) Concurrent Preclean 0.137ms
[2022-03-30T23:39:31.169+0800][178.586s] GC(240) Pause Remark
[2022-03-30T23:39:31.171+0800][178.589s] GC(240) Pause Remark 505M->505M(512M) 2.372ms
[2022-03-30T23:39:31.171+0800][178.589s] GC(240) User=0.00s Sys=0.00s Real=0.00s
[2022-03-30T23:39:31.171+0800][178.589s] GC(240) Concurrent Mark 943.375ms
[2022-03-30T23:39:31.171+0800][178.589s] GC(240) Concurrent Rebuild Remembered Sets
[2022-03-30T23:39:31.175+0800][178.592s] GC(245) Pause Young (Normal) (G1 Preventive Collection)
[2022-03-30T23:39:31.175+0800][178.592s] GC(245) Using 8 workers of 8 for evacuation
[2022-03-30T23:39:31.176+0800][178.593s] GC(245)   Pre Evacuate Collection Set: 0.1ms
[2022-03-30T23:39:31.176+0800][178.593s] GC(245)   Merge Heap Roots: 0.0ms
[2022-03-30T23:39:31.176+0800][178.593s] GC(245)   Evacuate Collection Set: 0.5ms
[2022-03-30T23:39:31.176+0800][178.593s] GC(245)   Post Evacuate Collection Set: 0.3ms
[2022-03-30T23:39:31.176+0800][178.593s] GC(245)   Other: 0.2ms
[2022-03-30T23:39:31.176+0800][178.593s] GC(245) Eden regions: 11->0(23)
[2022-03-30T23:39:31.176+0800][178.593s] GC(245) Survivor regions: 2->2(2)
[2022-03-30T23:39:31.176+0800][178.593s] GC(245) Old regions: 468->468
[2022-03-30T23:39:31.176+0800][178.593s] GC(245) Archive regions: 0->0
[2022-03-30T23:39:31.176+0800][178.593s] GC(245) Humongous regions: 29->29
[2022-03-30T23:39:31.176+0800][178.593s] GC(245) Metaspace: 52575K(52928K)->52575K(52928K) NonClass: 46450K(46656K)->46450K(46656K) Class: 6124K(6272K)->6124K(6272K)
[2022-03-30T23:39:31.176+0800][178.593s] GC(245) Pause Young (Normal) (G1 Preventive Collection) 505M->494M(512M) 1.525ms
[2022-03-30T23:39:31.176+0800][178.593s] GC(245) User=0.00s Sys=0.00s Real=0.00s
[2022-03-30T23:39:31.297+0800][178.715s] GC(246) Pause Young (Normal) (G1 Preventive Collection)
[2022-03-30T23:39:31.297+0800][178.715s] GC(246) Using 8 workers of 8 for evacuation
[2022-03-30T23:39:31.298+0800][178.716s] GC(246)   Pre Evacuate Collection Set: 0.1ms
[2022-03-30T23:39:31.298+0800][178.716s] GC(246)   Merge Heap Roots: 0.0ms
[2022-03-30T23:39:31.298+0800][178.716s] GC(246)   Evacuate Collection Set: 0.5ms
[2022-03-30T23:39:31.298+0800][178.716s] GC(246)   Post Evacuate Collection Set: 0.3ms
[2022-03-30T23:39:31.298+0800][178.716s] GC(246)   Other: 0.2ms
[2022-03-30T23:39:31.298+0800][178.716s] GC(246) Eden regions: 11->0(23)
[2022-03-30T23:39:31.298+0800][178.716s] GC(246) Survivor regions: 2->2(2)
[2022-03-30T23:39:31.298+0800][178.716s] GC(246) Old regions: 468->468
[2022-03-30T23:39:31.298+0800][178.716s] GC(246) Archive regions: 0->0
[2022-03-30T23:39:31.298+0800][178.716s] GC(246) Humongous regions: 29->29
[2022-03-30T23:39:31.298+0800][178.716s] GC(246) Metaspace: 52575K(52928K)->52575K(52928K) NonClass: 46450K(46656K)->46450K(46656K) Class: 6124K(6272K)->6124K(6272K)
[2022-03-30T23:39:31.298+0800][178.716s] GC(246) Pause Young (Normal) (G1 Preventive Collection) 505M->494M(512M) 1.393ms
[2022-03-30T23:39:31.298+0800][178.716s] GC(246) User=0.00s Sys=0.00s Real=0.00s
[2022-03-30T23:39:31.467+0800][178.885s] GC(247) Pause Young (Normal) (G1 Preventive Collection)
[2022-03-30T23:39:31.468+0800][178.885s] GC(247) Using 8 workers of 8 for evacuation
[2022-03-30T23:39:31.469+0800][178.886s] GC(247)   Pre Evacuate Collection Set: 0.1ms
[2022-03-30T23:39:31.469+0800][178.887s] GC(247)   Merge Heap Roots: 0.0ms
[2022-03-30T23:39:31.469+0800][178.887s] GC(247)   Evacuate Collection Set: 0.8ms
[2022-03-30T23:39:31.469+0800][178.887s] GC(247)   Post Evacuate Collection Set: 0.4ms
[2022-03-30T23:39:31.469+0800][178.887s] GC(247)   Other: 0.2ms
[2022-03-30T23:39:31.469+0800][178.887s] GC(247) Eden regions: 11->0(23)
[2022-03-30T23:39:31.469+0800][178.887s] GC(247) Survivor regions: 2->2(2)
[2022-03-30T23:39:31.469+0800][178.887s] GC(247) Old regions: 468->468
[2022-03-30T23:39:31.469+0800][178.887s] GC(247) Archive regions: 0->0
[2022-03-30T23:39:31.469+0800][178.887s] GC(247) Humongous regions: 29->29
[2022-03-30T23:39:31.469+0800][178.887s] GC(247) Metaspace: 52575K(52928K)->52575K(52928K) NonClass: 46450K(46656K)->46450K(46656K) Class: 6124K(6272K)->6124K(6272K)
[2022-03-30T23:39:31.469+0800][178.887s] GC(247) Pause Young (Normal) (G1 Preventive Collection) 505M->494M(512M) 1.753ms
[2022-03-30T23:39:31.469+0800][178.887s] GC(247) User=0.00s Sys=0.00s Real=0.00s
[2022-03-30T23:39:31.603+0800][179.021s] GC(240) Concurrent Rebuild Remembered Sets 431.979ms
[2022-03-30T23:39:31.604+0800][179.021s] GC(240) Pause Cleanup
[2022-03-30T23:39:31.604+0800][179.021s] GC(240) Pause Cleanup 502M->502M(512M) 0.181ms
[2022-03-30T23:39:31.604+0800][179.021s] GC(240) User=0.00s Sys=0.00s Real=0.00s
[2022-03-30T23:39:31.604+0800][179.021s] GC(240) Concurrent Cleanup for Next Mark
[2022-03-30T23:39:31.604+0800][179.022s] GC(240) Concurrent Cleanup for Next Mark 0.276ms
[2022-03-30T23:39:31.604+0800][179.022s] GC(240) Concurrent Mark Cycle 1376.851ms
[2022-03-30T23:39:31.650+0800][179.067s] GC(248) Pause Young (Normal) (G1 Preventive Collection)
[2022-03-30T23:39:31.650+0800][179.067s] GC(248) Using 8 workers of 8 for evacuation
[2022-03-30T23:39:31.651+0800][179.068s] GC(248)   Pre Evacuate Collection Set: 0.1ms
[2022-03-30T23:39:31.651+0800][179.068s] GC(248)   Merge Heap Roots: 0.0ms
[2022-03-30T23:39:31.651+0800][179.068s] GC(248)   Evacuate Collection Set: 0.8ms
[2022-03-30T23:39:31.651+0800][179.068s] GC(248)   Post Evacuate Collection Set: 0.3ms
[2022-03-30T23:39:31.651+0800][179.068s] GC(248)   Other: 0.2ms
[2022-03-30T23:39:31.651+0800][179.068s] GC(248) Eden regions: 11->0(23)
[2022-03-30T23:39:31.651+0800][179.069s] GC(248) Survivor regions: 2->2(2)
[2022-03-30T23:39:31.651+0800][179.069s] GC(248) Old regions: 468->468
[2022-03-30T23:39:31.651+0800][179.069s] GC(248) Archive regions: 0->0
[2022-03-30T23:39:31.651+0800][179.069s] GC(248) Humongous regions: 29->29
[2022-03-30T23:39:31.651+0800][179.069s] GC(248) Metaspace: 52575K(52928K)->52575K(52928K) NonClass: 46450K(46656K)->46450K(46656K) Class: 6124K(6272K)->6124K(6272K)
[2022-03-30T23:39:31.651+0800][179.069s] GC(248) Pause Young (Normal) (G1 Preventive Collection) 505M->494M(512M) 1.662ms
[2022-03-30T23:39:31.651+0800][179.069s] GC(248) User=0.00s Sys=0.00s Real=0.00s
[2022-03-30T23:39:31.815+0800][179.232s] GC(249) Pause Young (Concurrent Start) (G1 Preventive Collection)
[2022-03-30T23:39:31.815+0800][179.232s] GC(249) Using 8 workers of 8 for evacuation
[2022-03-30T23:39:31.816+0800][179.234s] GC(249)   Pre Evacuate Collection Set: 0.1ms
[2022-03-30T23:39:31.816+0800][179.234s] GC(249)   Merge Heap Roots: 0.0ms
[2022-03-30T23:39:31.816+0800][179.234s] GC(249)   Evacuate Collection Set: 0.9ms
[2022-03-30T23:39:31.816+0800][179.234s] GC(249)   Post Evacuate Collection Set: 0.3ms
[2022-03-30T23:39:31.816+0800][179.234s] GC(249)   Other: 0.2ms
[2022-03-30T23:39:31.816+0800][179.234s] GC(249) Eden regions: 11->0(23)
[2022-03-30T23:39:31.816+0800][179.234s] GC(249) Survivor regions: 2->2(2)
[2022-03-30T23:39:31.816+0800][179.234s] GC(249) Old regions: 468->468
[2022-03-30T23:39:31.816+0800][179.234s] GC(249) Archive regions: 0->0
[2022-03-30T23:39:31.816+0800][179.234s] GC(249) Humongous regions: 29->29
[2022-03-30T23:39:31.816+0800][179.234s] GC(249) Metaspace: 52575K(52928K)->52575K(52928K) NonClass: 46450K(46656K)->46450K(46656K) Class: 6124K(6272K)->6124K(6272K)
[2022-03-30T23:39:31.816+0800][179.234s] GC(249) Pause Young (Concurrent Start) (G1 Preventive Collection) 505M->494M(512M) 1.816ms
[2022-03-30T23:39:31.816+0800][179.234s] GC(249) User=0.00s Sys=0.00s Real=0.00s
[2022-03-30T23:39:31.817+0800][179.234s] GC(250) Concurrent Mark Cycle
[2022-03-30T23:39:31.817+0800][179.234s] GC(250) Concurrent Clear Claimed Marks
[2022-03-30T23:39:31.817+0800][179.234s] GC(250) Concurrent Clear Claimed Marks 0.035ms
[2022-03-30T23:39:31.817+0800][179.234s] GC(250) Concurrent Scan Root Regions
[2022-03-30T23:39:31.818+0800][179.235s] GC(250) Concurrent Scan Root Regions 0.976ms
[2022-03-30T23:39:31.818+0800][179.235s] GC(250) Concurrent Mark
[2022-03-30T23:39:31.818+0800][179.235s] GC(250) Concurrent Mark From Roots
[2022-03-30T23:39:31.818+0800][179.235s] GC(250) Using 2 workers of 2 for marking
[2022-03-30T23:39:31.973+0800][179.391s] GC(251) Pause Young (Normal) (G1 Preventive Collection)
[2022-03-30T23:39:31.973+0800][179.391s] GC(251) Using 8 workers of 8 for evacuation
[2022-03-30T23:39:31.975+0800][179.392s] GC(251)   Pre Evacuate Collection Set: 0.1ms
[2022-03-30T23:39:31.975+0800][179.392s] GC(251)   Merge Heap Roots: 0.1ms
[2022-03-30T23:39:31.975+0800][179.392s] GC(251)   Evacuate Collection Set: 0.8ms
[2022-03-30T23:39:31.975+0800][179.392s] GC(251)   Post Evacuate Collection Set: 0.3ms
[2022-03-30T23:39:31.975+0800][179.392s] GC(251)   Other: 0.2ms
[2022-03-30T23:39:31.975+0800][179.392s] GC(251) Eden regions: 11->0(23)
[2022-03-30T23:39:31.975+0800][179.392s] GC(251) Survivor regions: 2->2(2)
[2022-03-30T23:39:31.975+0800][179.392s] GC(251) Old regions: 468->468
[2022-03-30T23:39:31.975+0800][179.392s] GC(251) Archive regions: 0->0
[2022-03-30T23:39:31.975+0800][179.392s] GC(251) Humongous regions: 29->29
[2022-03-30T23:39:31.975+0800][179.392s] GC(251) Metaspace: 52575K(52928K)->52575K(52928K) NonClass: 46450K(46656K)->46450K(46656K) Class: 6124K(6272K)->6124K(6272K)
[2022-03-30T23:39:31.975+0800][179.392s] GC(251) Pause Young (Normal) (G1 Preventive Collection) 505M->494M(512M) 1.656ms
[2022-03-30T23:39:31.975+0800][179.392s] GC(251) User=0.02s Sys=0.00s Real=0.00s
[2022-03-30T23:39:32.147+0800][179.564s] GC(252) Pause Young (Normal) (G1 Preventive Collection)
[2022-03-30T23:39:32.147+0800][179.564s] GC(252) Using 8 workers of 8 for evacuation
[2022-03-30T23:39:32.148+0800][179.566s] GC(252)   Pre Evacuate Collection Set: 0.1ms
[2022-03-30T23:39:32.148+0800][179.566s] GC(252)   Merge Heap Roots: 0.0ms
[2022-03-30T23:39:32.148+0800][179.566s] GC(252)   Evacuate Collection Set: 0.6ms
[2022-03-30T23:39:32.148+0800][179.566s] GC(252)   Post Evacuate Collection Set: 0.3ms
[2022-03-30T23:39:32.148+0800][179.566s] GC(252)   Other: 0.2ms
[2022-03-30T23:39:32.148+0800][179.566s] GC(252) Eden regions: 11->0(23)
[2022-03-30T23:39:32.148+0800][179.566s] GC(252) Survivor regions: 2->2(2)
[2022-03-30T23:39:32.148+0800][179.566s] GC(252) Old regions: 468->468
[2022-03-30T23:39:32.148+0800][179.566s] GC(252) Archive regions: 0->0
[2022-03-30T23:39:32.148+0800][179.566s] GC(252) Humongous regions: 29->29
[2022-03-30T23:39:32.148+0800][179.566s] GC(252) Metaspace: 52575K(52928K)->52575K(52928K) NonClass: 46450K(46656K)->46450K(46656K) Class: 6124K(6272K)->6124K(6272K)
[2022-03-30T23:39:32.148+0800][179.566s] GC(252) Pause Young (Normal) (G1 Preventive Collection) 505M->494M(512M) 1.330ms
[2022-03-30T23:39:32.148+0800][179.566s] GC(252) User=0.06s Sys=0.00s Real=0.00s
[2022-03-30T23:39:32.358+0800][179.776s] GC(253) Pause Young (Normal) (G1 Preventive Collection)
[2022-03-30T23:39:32.358+0800][179.776s] GC(253) Using 8 workers of 8 for evacuation
[2022-03-30T23:39:32.360+0800][179.777s] GC(253)   Pre Evacuate Collection Set: 0.1ms
[2022-03-30T23:39:32.360+0800][179.777s] GC(253)   Merge Heap Roots: 0.0ms
[2022-03-30T23:39:32.360+0800][179.777s] GC(253)   Evacuate Collection Set: 0.6ms
[2022-03-30T23:39:32.360+0800][179.777s] GC(253)   Post Evacuate Collection Set: 0.3ms
[2022-03-30T23:39:32.360+0800][179.777s] GC(253)   Other: 0.2ms
[2022-03-30T23:39:32.360+0800][179.777s] GC(253) Eden regions: 11->0(23)
[2022-03-30T23:39:32.360+0800][179.777s] GC(253) Survivor regions: 2->2(2)
[2022-03-30T23:39:32.360+0800][179.777s] GC(253) Old regions: 468->468
[2022-03-30T23:39:32.360+0800][179.777s] GC(253) Archive regions: 0->0
[2022-03-30T23:39:32.360+0800][179.777s] GC(253) Humongous regions: 29->29
[2022-03-30T23:39:32.360+0800][179.777s] GC(253) Metaspace: 52575K(52928K)->52575K(52928K) NonClass: 46450K(46656K)->46450K(46656K) Class: 6124K(6272K)->6124K(6272K)
[2022-03-30T23:39:32.360+0800][179.777s] GC(253) Pause Young (Normal) (G1 Preventive Collection) 505M->494M(512M) 1.594ms
[2022-03-30T23:39:32.360+0800][179.777s] GC(253) User=0.00s Sys=0.00s Real=0.00s
[2022-03-30T23:39:32.543+0800][179.961s] GC(254) Pause Young (Normal) (G1 Preventive Collection)
[2022-03-30T23:39:32.543+0800][179.961s] GC(254) Using 8 workers of 8 for evacuation
[2022-03-30T23:39:32.544+0800][179.962s] GC(254)   Pre Evacuate Collection Set: 0.1ms
[2022-03-30T23:39:32.544+0800][179.962s] GC(254)   Merge Heap Roots: 0.0ms
[2022-03-30T23:39:32.544+0800][179.962s] GC(254)   Evacuate Collection Set: 0.7ms
[2022-03-30T23:39:32.544+0800][179.962s] GC(254)   Post Evacuate Collection Set: 0.4ms
[2022-03-30T23:39:32.544+0800][179.962s] GC(254)   Other: 0.3ms
[2022-03-30T23:39:32.544+0800][179.962s] GC(254) Eden regions: 11->0(23)
[2022-03-30T23:39:32.544+0800][179.962s] GC(254) Survivor regions: 2->2(2)
[2022-03-30T23:39:32.544+0800][179.962s] GC(254) Old regions: 468->468
[2022-03-30T23:39:32.544+0800][179.962s] GC(254) Archive regions: 0->0
[2022-03-30T23:39:32.544+0800][179.962s] GC(254) Humongous regions: 29->29
[2022-03-30T23:39:32.544+0800][179.962s] GC(254) Metaspace: 52575K(52928K)->52575K(52928K) NonClass: 46450K(46656K)->46450K(46656K) Class: 6124K(6272K)->6124K(6272K)
[2022-03-30T23:39:32.544+0800][179.962s] GC(254) Pause Young (Normal) (G1 Preventive Collection) 505M->494M(512M) 1.798ms
[2022-03-30T23:39:32.544+0800][179.962s] GC(254) User=0.00s Sys=0.00s Real=0.00s
[2022-03-30T23:39:32.751+0800][180.169s] GC(250) Concurrent Mark From Roots 933.747ms
[2022-03-30T23:39:32.751+0800][180.169s] GC(250) Concurrent Preclean
[2022-03-30T23:39:32.751+0800][180.169s] GC(250) Concurrent Preclean 0.134ms
[2022-03-30T23:39:32.752+0800][180.169s] GC(250) Pause Remark
[2022-03-30T23:39:32.755+0800][180.172s] GC(250) Pause Remark 505M->505M(512M) 2.442ms
[2022-03-30T23:39:32.755+0800][180.172s] GC(250) User=0.00s Sys=0.00s Real=0.00s
[2022-03-30T23:39:32.755+0800][180.172s] GC(250) Concurrent Mark 936.649ms
[2022-03-30T23:39:32.755+0800][180.172s] GC(250) Concurrent Rebuild Remembered Sets
[2022-03-30T23:39:32.756+0800][180.174s] GC(255) Pause Young (Normal) (G1 Preventive Collection)
[2022-03-30T23:39:32.756+0800][180.174s] GC(255) Using 8 workers of 8 for evacuation
[2022-03-30T23:39:32.757+0800][180.175s] GC(255)   Pre Evacuate Collection Set: 0.1ms
[2022-03-30T23:39:32.757+0800][180.175s] GC(255)   Merge Heap Roots: 0.0ms
[2022-03-30T23:39:32.757+0800][180.175s] GC(255)   Evacuate Collection Set: 0.6ms
[2022-03-30T23:39:32.757+0800][180.175s] GC(255)   Post Evacuate Collection Set: 0.3ms
[2022-03-30T23:39:32.757+0800][180.175s] GC(255)   Other: 0.2ms
[2022-03-30T23:39:32.758+0800][180.175s] GC(255) Eden regions: 11->0(23)
[2022-03-30T23:39:32.758+0800][180.175s] GC(255) Survivor regions: 2->2(2)
[2022-03-30T23:39:32.758+0800][180.175s] GC(255) Old regions: 468->468
[2022-03-30T23:39:32.758+0800][180.175s] GC(255) Archive regions: 0->0
[2022-03-30T23:39:32.758+0800][180.175s] GC(255) Humongous regions: 29->29
[2022-03-30T23:39:32.758+0800][180.175s] GC(255) Metaspace: 52575K(52928K)->52575K(52928K) NonClass: 46450K(46656K)->46450K(46656K) Class: 6124K(6272K)->6124K(6272K)
[2022-03-30T23:39:32.758+0800][180.175s] GC(255) Pause Young (Normal) (G1 Preventive Collection) 505M->494M(512M) 1.778ms
[2022-03-30T23:39:32.758+0800][180.175s] GC(255) User=0.09s Sys=0.02s Real=0.00s
[2022-03-30T23:39:32.930+0800][180.347s] GC(256) Pause Young (Normal) (G1 Preventive Collection)
[2022-03-30T23:39:32.930+0800][180.347s] GC(256) Using 8 workers of 8 for evacuation
[2022-03-30T23:39:32.931+0800][180.348s] GC(256)   Pre Evacuate Collection Set: 0.1ms
[2022-03-30T23:39:32.931+0800][180.348s] GC(256)   Merge Heap Roots: 0.0ms
[2022-03-30T23:39:32.931+0800][180.348s] GC(256)   Evacuate Collection Set: 0.7ms
[2022-03-30T23:39:32.931+0800][180.348s] GC(256)   Post Evacuate Collection Set: 0.2ms
[2022-03-30T23:39:32.931+0800][180.348s] GC(256)   Other: 0.1ms
[2022-03-30T23:39:32.931+0800][180.348s] GC(256) Eden regions: 11->0(24)
[2022-03-30T23:39:32.931+0800][180.348s] GC(256) Survivor regions: 2->1(2)
[2022-03-30T23:39:32.931+0800][180.348s] GC(256) Old regions: 468->469
[2022-03-30T23:39:32.931+0800][180.348s] GC(256) Archive regions: 0->0
[2022-03-30T23:39:32.931+0800][180.348s] GC(256) Humongous regions: 29->29
[2022-03-30T23:39:32.931+0800][180.348s] GC(256) Metaspace: 52575K(52928K)->52575K(52928K) NonClass: 46450K(46656K)->46450K(46656K) Class: 6124K(6272K)->6124K(6272K)
[2022-03-30T23:39:32.931+0800][180.348s] GC(256) Pause Young (Normal) (G1 Preventive Collection) 505M->495M(512M) 1.308ms
[2022-03-30T23:39:32.931+0800][180.348s] GC(256) User=0.00s Sys=0.00s Real=0.00s
[2022-03-30T23:39:33.110+0800][180.527s] GC(257) Pause Young (Normal) (G1 Preventive Collection)
[2022-03-30T23:39:33.110+0800][180.527s] GC(257) Using 8 workers of 8 for evacuation
[2022-03-30T23:39:33.111+0800][180.528s] GC(257)   Pre Evacuate Collection Set: 0.1ms
[2022-03-30T23:39:33.111+0800][180.528s] GC(257)   Merge Heap Roots: 0.0ms
[2022-03-30T23:39:33.111+0800][180.528s] GC(257)   Evacuate Collection Set: 0.5ms
[2022-03-30T23:39:33.111+0800][180.528s] GC(257)   Post Evacuate Collection Set: 0.2ms
[2022-03-30T23:39:33.111+0800][180.528s] GC(257)   Other: 0.2ms
[2022-03-30T23:39:33.111+0800][180.528s] GC(257) Eden regions: 12->0(24)
[2022-03-30T23:39:33.111+0800][180.528s] GC(257) Survivor regions: 1->1(1)
[2022-03-30T23:39:33.111+0800][180.528s] GC(257) Old regions: 469->469
[2022-03-30T23:39:33.111+0800][180.528s] GC(257) Archive regions: 0->0
[2022-03-30T23:39:33.111+0800][180.528s] GC(257) Humongous regions: 29->29
[2022-03-30T23:39:33.111+0800][180.528s] GC(257) Metaspace: 52575K(52928K)->52575K(52928K) NonClass: 46450K(46656K)->46450K(46656K) Class: 6124K(6272K)->6124K(6272K)
[2022-03-30T23:39:33.111+0800][180.529s] GC(257) Pause Young (Normal) (G1 Preventive Collection) 507M->495M(512M) 1.527ms
[2022-03-30T23:39:33.111+0800][180.529s] GC(257) User=0.00s Sys=0.00s Real=0.00s
[2022-03-30T23:39:33.187+0800][180.605s] GC(250) Concurrent Rebuild Remembered Sets 433.525ms
[2022-03-30T23:39:33.188+0800][180.606s] GC(250) Pause Cleanup
[2022-03-30T23:39:33.188+0800][180.606s] GC(250) Pause Cleanup 500M->500M(512M) 0.128ms
[2022-03-30T23:39:33.188+0800][180.606s] GC(250) User=0.00s Sys=0.00s Real=0.00s
[2022-03-30T23:39:33.188+0800][180.606s] GC(250) Concurrent Cleanup for Next Mark
[2022-03-30T23:39:33.188+0800][180.606s] GC(250) Concurrent Cleanup for Next Mark 0.260ms
[2022-03-30T23:39:33.188+0800][180.606s] GC(250) Concurrent Mark Cycle 1371.994ms
[2022-03-30T23:39:33.270+0800][180.687s] GC(258) Pause Young (Normal) (G1 Preventive Collection)
[2022-03-30T23:39:33.270+0800][180.687s] GC(258) Using 8 workers of 8 for evacuation
[2022-03-30T23:39:33.271+0800][180.688s] GC(258)   Pre Evacuate Collection Set: 0.1ms
[2022-03-30T23:39:33.271+0800][180.688s] GC(258)   Merge Heap Roots: 0.0ms
[2022-03-30T23:39:33.271+0800][180.689s] GC(258)   Evacuate Collection Set: 0.5ms
[2022-03-30T23:39:33.271+0800][180.689s] GC(258)   Post Evacuate Collection Set: 0.3ms
[2022-03-30T23:39:33.271+0800][180.689s] GC(258)   Other: 0.1ms
[2022-03-30T23:39:33.271+0800][180.689s] GC(258) Eden regions: 11->0(24)
[2022-03-30T23:39:33.271+0800][180.689s] GC(258) Survivor regions: 1->1(2)
[2022-03-30T23:39:33.271+0800][180.689s] GC(258) Old regions: 469->469
[2022-03-30T23:39:33.271+0800][180.689s] GC(258) Archive regions: 0->0
[2022-03-30T23:39:33.271+0800][180.689s] GC(258) Humongous regions: 29->29
[2022-03-30T23:39:33.271+0800][180.689s] GC(258) Metaspace: 52575K(52928K)->52575K(52928K) NonClass: 46450K(46656K)->46450K(46656K) Class: 6124K(6272K)->6124K(6272K)
[2022-03-30T23:39:33.271+0800][180.689s] GC(258) Pause Young (Normal) (G1 Preventive Collection) 506M->495M(512M) 1.288ms
[2022-03-30T23:39:33.271+0800][180.689s] GC(258) User=0.00s Sys=0.00s Real=0.00s
[2022-03-30T23:39:33.404+0800][180.822s] GC(259) Pause Young (Concurrent Start) (G1 Preventive Collection)
[2022-03-30T23:39:33.404+0800][180.822s] GC(259) Using 8 workers of 8 for evacuation
[2022-03-30T23:39:33.406+0800][180.823s] GC(259)   Pre Evacuate Collection Set: 0.1ms
[2022-03-30T23:39:33.406+0800][180.823s] GC(259)   Merge Heap Roots: 0.1ms
[2022-03-30T23:39:33.406+0800][180.823s] GC(259)   Evacuate Collection Set: 0.7ms
[2022-03-30T23:39:33.406+0800][180.823s] GC(259)   Post Evacuate Collection Set: 0.3ms
[2022-03-30T23:39:33.406+0800][180.823s] GC(259)   Other: 0.2ms
[2022-03-30T23:39:33.406+0800][180.823s] GC(259) Eden regions: 11->0(24)
[2022-03-30T23:39:33.406+0800][180.823s] GC(259) Survivor regions: 1->1(2)
[2022-03-30T23:39:33.406+0800][180.823s] GC(259) Old regions: 469->469
[2022-03-30T23:39:33.406+0800][180.824s] GC(259) Archive regions: 0->0
[2022-03-30T23:39:33.406+0800][180.824s] GC(259) Humongous regions: 29->29
[2022-03-30T23:39:33.406+0800][180.824s] GC(259) Metaspace: 52575K(52928K)->52575K(52928K) NonClass: 46450K(46656K)->46450K(46656K) Class: 6124K(6272K)->6124K(6272K)
[2022-03-30T23:39:33.406+0800][180.824s] GC(259) Pause Young (Concurrent Start) (G1 Preventive Collection) 506M->495M(512M) 1.625ms
[2022-03-30T23:39:33.406+0800][180.824s] GC(259) User=0.00s Sys=0.00s Real=0.00s
[2022-03-30T23:39:33.406+0800][180.824s] GC(260) Concurrent Mark Cycle
[2022-03-30T23:39:33.407+0800][180.824s] GC(260) Concurrent Clear Claimed Marks
[2022-03-30T23:39:33.407+0800][180.824s] GC(260) Concurrent Clear Claimed Marks 0.036ms
[2022-03-30T23:39:33.407+0800][180.824s] GC(260) Concurrent Scan Root Regions
[2022-03-30T23:39:33.408+0800][180.826s] GC(260) Concurrent Scan Root Regions 1.839ms
[2022-03-30T23:39:33.408+0800][180.826s] GC(260) Concurrent Mark
[2022-03-30T23:39:33.408+0800][180.826s] GC(260) Concurrent Mark From Roots
[2022-03-30T23:39:33.408+0800][180.826s] GC(260) Using 2 workers of 2 for marking
[2022-03-30T23:39:34.312+0800][181.729s] GC(260) Concurrent Mark From Roots 903.686ms
[2022-03-30T23:39:34.312+0800][181.729s] GC(260) Concurrent Preclean
[2022-03-30T23:39:34.313+0800][181.730s] GC(260) Concurrent Preclean 0.407ms
[2022-03-30T23:39:34.313+0800][181.730s] GC(260) Pause Remark
[2022-03-30T23:39:34.315+0800][181.733s] GC(260) Pause Remark 496M->496M(512M) 2.502ms
[2022-03-30T23:39:34.315+0800][181.733s] GC(260) User=0.00s Sys=0.00s Real=0.00s
[2022-03-30T23:39:34.315+0800][181.733s] GC(260) Concurrent Mark 906.946ms
[2022-03-30T23:39:34.315+0800][181.733s] GC(260) Concurrent Rebuild Remembered Sets
[2022-03-30T23:39:34.746+0800][182.163s] GC(260) Concurrent Rebuild Remembered Sets 430.637ms
[2022-03-30T23:39:34.746+0800][182.163s] GC(260) Pause Cleanup
[2022-03-30T23:39:34.746+0800][182.164s] GC(260) Pause Cleanup 496M->496M(512M) 0.186ms
[2022-03-30T23:39:34.746+0800][182.164s] GC(260) User=0.00s Sys=0.00s Real=0.00s
[2022-03-30T23:39:34.746+0800][182.164s] GC(260) Concurrent Cleanup for Next Mark
[2022-03-30T23:39:34.746+0800][182.164s] GC(260) Concurrent Cleanup for Next Mark 0.273ms
[2022-03-30T23:39:34.746+0800][182.164s] GC(260) Concurrent Mark Cycle 1340.397ms
[2022-03-30T23:39:43.398+0800][190.815s] GC(261) Pause Young (Normal) (G1 Preventive Collection)
[2022-03-30T23:39:43.398+0800][190.815s] GC(261) Using 8 workers of 8 for evacuation
[2022-03-30T23:39:43.399+0800][190.816s] GC(261)   Pre Evacuate Collection Set: 0.1ms
[2022-03-30T23:39:43.399+0800][190.816s] GC(261)   Merge Heap Roots: 0.0ms
[2022-03-30T23:39:43.399+0800][190.816s] GC(261)   Evacuate Collection Set: 0.7ms
[2022-03-30T23:39:43.399+0800][190.816s] GC(261)   Post Evacuate Collection Set: 0.2ms
[2022-03-30T23:39:43.399+0800][190.816s] GC(261)   Other: 0.1ms
[2022-03-30T23:39:43.399+0800][190.816s] GC(261) Eden regions: 11->0(23)
[2022-03-30T23:39:43.399+0800][190.816s] GC(261) Survivor regions: 1->2(2)
[2022-03-30T23:39:43.399+0800][190.816s] GC(261) Old regions: 469->469
[2022-03-30T23:39:43.399+0800][190.816s] GC(261) Archive regions: 0->0
[2022-03-30T23:39:43.399+0800][190.816s] GC(261) Humongous regions: 29->29
[2022-03-30T23:39:43.399+0800][190.816s] GC(261) Metaspace: 52608K(52928K)->52608K(52928K) NonClass: 46483K(46656K)->46483K(46656K) Class: 6125K(6272K)->6125K(6272K)
[2022-03-30T23:39:43.399+0800][190.816s] GC(261) Pause Young (Normal) (G1 Preventive Collection) 506M->495M(512M) 1.294ms
[2022-03-30T23:39:43.399+0800][190.816s] GC(261) User=0.00s Sys=0.00s Real=0.00s
[2022-03-30T23:39:43.537+0800][190.955s] GC(262) Pause Young (Concurrent Start) (G1 Preventive Collection)
[2022-03-30T23:39:43.537+0800][190.955s] GC(262) Using 8 workers of 8 for evacuation
[2022-03-30T23:39:43.539+0800][190.956s] GC(262)   Pre Evacuate Collection Set: 0.1ms
[2022-03-30T23:39:43.539+0800][190.956s] GC(262)   Merge Heap Roots: 0.1ms
[2022-03-30T23:39:43.539+0800][190.956s] GC(262)   Evacuate Collection Set: 0.7ms
[2022-03-30T23:39:43.539+0800][190.956s] GC(262)   Post Evacuate Collection Set: 0.5ms
[2022-03-30T23:39:43.539+0800][190.956s] GC(262)   Other: 0.2ms
[2022-03-30T23:39:43.539+0800][190.956s] GC(262) Eden regions: 10->0(23)
[2022-03-30T23:39:43.539+0800][190.956s] GC(262) Survivor regions: 2->2(2)
[2022-03-30T23:39:43.539+0800][190.956s] GC(262) Old regions: 469->469
[2022-03-30T23:39:43.539+0800][190.956s] GC(262) Archive regions: 0->0
[2022-03-30T23:39:43.539+0800][190.956s] GC(262) Humongous regions: 29->29
[2022-03-30T23:39:43.539+0800][190.956s] GC(262) Metaspace: 52609K(52928K)->52609K(52928K) NonClass: 46484K(46656K)->46484K(46656K) Class: 6125K(6272K)->6125K(6272K)
[2022-03-30T23:39:43.539+0800][190.956s] GC(262) Pause Young (Concurrent Start) (G1 Preventive Collection) 505M->495M(512M) 1.733ms
[2022-03-30T23:39:43.539+0800][190.956s] GC(262) User=0.11s Sys=0.00s Real=0.00s
[2022-03-30T23:39:43.539+0800][190.957s] GC(263) Concurrent Mark Cycle
[2022-03-30T23:39:43.539+0800][190.957s] GC(263) Concurrent Clear Claimed Marks
[2022-03-30T23:39:43.539+0800][190.957s] GC(263) Concurrent Clear Claimed Marks 0.028ms
[2022-03-30T23:39:43.539+0800][190.957s] GC(263) Concurrent Scan Root Regions
[2022-03-30T23:39:43.540+0800][190.958s] GC(263) Concurrent Scan Root Regions 1.843ms
[2022-03-30T23:39:43.540+0800][190.959s] GC(263) Concurrent Mark
[2022-03-30T23:39:43.540+0800][190.959s] GC(263) Concurrent Mark From Roots
[2022-03-30T23:39:43.540+0800][190.959s] GC(263) Using 2 workers of 2 for marking
[2022-03-30T23:39:43.670+0800][191.087s] GC(264) Pause Young (Normal) (G1 Preventive Collection)
[2022-03-30T23:39:43.670+0800][191.087s] GC(264) Using 8 workers of 8 for evacuation
[2022-03-30T23:39:43.671+0800][191.088s] GC(264)   Pre Evacuate Collection Set: 0.1ms
[2022-03-30T23:39:43.671+0800][191.088s] GC(264)   Merge Heap Roots: 0.0ms
[2022-03-30T23:39:43.671+0800][191.088s] GC(264)   Evacuate Collection Set: 0.5ms
[2022-03-30T23:39:43.671+0800][191.088s] GC(264)   Post Evacuate Collection Set: 0.2ms
[2022-03-30T23:39:43.671+0800][191.088s] GC(264)   Other: 0.3ms
[2022-03-30T23:39:43.671+0800][191.088s] GC(264) Eden regions: 10->0(23)
[2022-03-30T23:39:43.671+0800][191.088s] GC(264) Survivor regions: 2->2(2)
[2022-03-30T23:39:43.671+0800][191.088s] GC(264) Old regions: 469->469
[2022-03-30T23:39:43.671+0800][191.088s] GC(264) Archive regions: 0->0
[2022-03-30T23:39:43.671+0800][191.088s] GC(264) Humongous regions: 29->29
[2022-03-30T23:39:43.671+0800][191.088s] GC(264) Metaspace: 52609K(52928K)->52609K(52928K) NonClass: 46484K(46656K)->46484K(46656K) Class: 6125K(6272K)->6125K(6272K)
[2022-03-30T23:39:43.671+0800][191.088s] GC(264) Pause Young (Normal) (G1 Preventive Collection) 505M->495M(512M) 1.136ms
[2022-03-30T23:39:43.671+0800][191.088s] GC(264) User=0.00s Sys=0.00s Real=0.00s
[2022-03-30T23:39:43.817+0800][191.235s] GC(265) Pause Young (Normal) (G1 Preventive Collection)
[2022-03-30T23:39:43.817+0800][191.235s] GC(265) Using 8 workers of 8 for evacuation
[2022-03-30T23:39:43.819+0800][191.236s] GC(265)   Pre Evacuate Collection Set: 0.1ms
[2022-03-30T23:39:43.819+0800][191.236s] GC(265)   Merge Heap Roots: 0.0ms
[2022-03-30T23:39:43.819+0800][191.236s] GC(265)   Evacuate Collection Set: 0.7ms
[2022-03-30T23:39:43.819+0800][191.236s] GC(265)   Post Evacuate Collection Set: 0.2ms
[2022-03-30T23:39:43.819+0800][191.236s] GC(265)   Other: 0.2ms
[2022-03-30T23:39:43.819+0800][191.236s] GC(265) Eden regions: 10->0(23)
[2022-03-30T23:39:43.819+0800][191.236s] GC(265) Survivor regions: 2->2(2)
[2022-03-30T23:39:43.819+0800][191.236s] GC(265) Old regions: 469->469
[2022-03-30T23:39:43.819+0800][191.236s] GC(265) Archive regions: 0->0
[2022-03-30T23:39:43.819+0800][191.236s] GC(265) Humongous regions: 29->29
[2022-03-30T23:39:43.819+0800][191.236s] GC(265) Metaspace: 52609K(52928K)->52609K(52928K) NonClass: 46484K(46656K)->46484K(46656K) Class: 6125K(6272K)->6125K(6272K)
[2022-03-30T23:39:43.819+0800][191.236s] GC(265) Pause Young (Normal) (G1 Preventive Collection) 505M->495M(512M) 1.460ms
[2022-03-30T23:39:43.819+0800][191.236s] GC(265) User=0.00s Sys=0.00s Real=0.00s
[2022-03-30T23:39:43.979+0800][191.396s] GC(266) Pause Young (Normal) (G1 Preventive Collection)
[2022-03-30T23:39:43.979+0800][191.397s] GC(266) Using 8 workers of 8 for evacuation
[2022-03-30T23:39:43.981+0800][191.398s] GC(266)   Pre Evacuate Collection Set: 0.1ms
[2022-03-30T23:39:43.981+0800][191.398s] GC(266)   Merge Heap Roots: 0.0ms
[2022-03-30T23:39:43.981+0800][191.398s] GC(266)   Evacuate Collection Set: 0.7ms
[2022-03-30T23:39:43.981+0800][191.398s] GC(266)   Post Evacuate Collection Set: 0.2ms
[2022-03-30T23:39:43.981+0800][191.398s] GC(266)   Other: 0.2ms
[2022-03-30T23:39:43.981+0800][191.398s] GC(266) Eden regions: 10->0(23)
[2022-03-30T23:39:43.981+0800][191.398s] GC(266) Survivor regions: 2->2(2)
[2022-03-30T23:39:43.981+0800][191.398s] GC(266) Old regions: 469->469
[2022-03-30T23:39:43.981+0800][191.398s] GC(266) Archive regions: 0->0
[2022-03-30T23:39:43.981+0800][191.398s] GC(266) Humongous regions: 29->29
[2022-03-30T23:39:43.981+0800][191.398s] GC(266) Metaspace: 52609K(52928K)->52609K(52928K) NonClass: 46484K(46656K)->46484K(46656K) Class: 6125K(6272K)->6125K(6272K)
[2022-03-30T23:39:43.981+0800][191.398s] GC(266) Pause Young (Normal) (G1 Preventive Collection) 505M->495M(512M) 1.452ms
[2022-03-30T23:39:43.981+0800][191.398s] GC(266) User=0.00s Sys=0.00s Real=0.00s
[2022-03-30T23:39:44.146+0800][191.565s] GC(267) Pause Young (Normal) (G1 Preventive Collection)
[2022-03-30T23:39:44.147+0800][191.565s] GC(267) Using 8 workers of 8 for evacuation
[2022-03-30T23:39:44.148+0800][191.566s] GC(267)   Pre Evacuate Collection Set: 0.1ms
[2022-03-30T23:39:44.148+0800][191.566s] GC(267)   Merge Heap Roots: 0.0ms
[2022-03-30T23:39:44.148+0800][191.566s] GC(267)   Evacuate Collection Set: 0.6ms
[2022-03-30T23:39:44.148+0800][191.566s] GC(267)   Post Evacuate Collection Set: 0.2ms
[2022-03-30T23:39:44.148+0800][191.566s] GC(267)   Other: 0.1ms
[2022-03-30T23:39:44.148+0800][191.566s] GC(267) Eden regions: 10->0(23)
[2022-03-30T23:39:44.148+0800][191.566s] GC(267) Survivor regions: 2->2(2)
[2022-03-30T23:39:44.148+0800][191.566s] GC(267) Old regions: 469->469
[2022-03-30T23:39:44.148+0800][191.566s] GC(267) Archive regions: 0->0
[2022-03-30T23:39:44.148+0800][191.566s] GC(267) Humongous regions: 29->29
[2022-03-30T23:39:44.148+0800][191.566s] GC(267) Metaspace: 52609K(52928K)->52609K(52928K) NonClass: 46484K(46656K)->46484K(46656K) Class: 6125K(6272K)->6125K(6272K)
[2022-03-30T23:39:44.148+0800][191.566s] GC(267) Pause Young (Normal) (G1 Preventive Collection) 505M->495M(512M) 1.158ms
[2022-03-30T23:39:44.148+0800][191.566s] GC(267) User=0.00s Sys=0.02s Real=0.00s
[2022-03-30T23:39:44.312+0800][191.729s] GC(268) Pause Young (Normal) (G1 Preventive Collection)
[2022-03-30T23:39:44.312+0800][191.729s] GC(268) Using 8 workers of 8 for evacuation
[2022-03-30T23:39:44.313+0800][191.730s] GC(268)   Pre Evacuate Collection Set: 0.1ms
[2022-03-30T23:39:44.313+0800][191.730s] GC(268)   Merge Heap Roots: 0.0ms
[2022-03-30T23:39:44.313+0800][191.730s] GC(268)   Evacuate Collection Set: 0.7ms
[2022-03-30T23:39:44.313+0800][191.730s] GC(268)   Post Evacuate Collection Set: 0.2ms
[2022-03-30T23:39:44.313+0800][191.730s] GC(268)   Other: 0.2ms
[2022-03-30T23:39:44.313+0800][191.730s] GC(268) Eden regions: 10->0(23)
[2022-03-30T23:39:44.313+0800][191.730s] GC(268) Survivor regions: 2->2(2)
[2022-03-30T23:39:44.313+0800][191.730s] GC(268) Old regions: 469->469
[2022-03-30T23:39:44.313+0800][191.730s] GC(268) Archive regions: 0->0
[2022-03-30T23:39:44.313+0800][191.730s] GC(268) Humongous regions: 29->29
[2022-03-30T23:39:44.313+0800][191.730s] GC(268) Metaspace: 52609K(52928K)->52609K(52928K) NonClass: 46484K(46656K)->46484K(46656K) Class: 6125K(6272K)->6125K(6272K)
[2022-03-30T23:39:44.313+0800][191.730s] GC(268) Pause Young (Normal) (G1 Preventive Collection) 505M->495M(512M) 1.282ms
[2022-03-30T23:39:44.313+0800][191.730s] GC(268) User=0.00s Sys=0.00s Real=0.00s
[2022-03-30T23:39:44.417+0800][191.835s] GC(263) Concurrent Mark From Roots 876.280ms
[2022-03-30T23:39:44.417+0800][191.835s] GC(263) Concurrent Preclean
[2022-03-30T23:39:44.417+0800][191.835s] GC(263) Concurrent Preclean 0.195ms
[2022-03-30T23:39:44.418+0800][191.835s] GC(263) Pause Remark
[2022-03-30T23:39:44.420+0800][191.838s] GC(263) Pause Remark 502M->502M(512M) 2.429ms
[2022-03-30T23:39:44.420+0800][191.838s] GC(263) User=0.00s Sys=0.00s Real=0.00s
[2022-03-30T23:39:44.420+0800][191.838s] GC(263) Concurrent Mark 879.261ms
[2022-03-30T23:39:44.420+0800][191.838s] GC(263) Concurrent Rebuild Remembered Sets
[2022-03-30T23:39:44.465+0800][191.882s] GC(269) Pause Young (Normal) (G1 Preventive Collection)
[2022-03-30T23:39:44.465+0800][191.883s] GC(269) Using 8 workers of 8 for evacuation
[2022-03-30T23:39:44.466+0800][191.884s] GC(269)   Pre Evacuate Collection Set: 0.1ms
[2022-03-30T23:39:44.466+0800][191.884s] GC(269)   Merge Heap Roots: 0.0ms
[2022-03-30T23:39:44.466+0800][191.884s] GC(269)   Evacuate Collection Set: 0.5ms
[2022-03-30T23:39:44.466+0800][191.884s] GC(269)   Post Evacuate Collection Set: 0.3ms
[2022-03-30T23:39:44.466+0800][191.884s] GC(269)   Other: 0.2ms
[2022-03-30T23:39:44.466+0800][191.884s] GC(269) Eden regions: 10->0(23)
[2022-03-30T23:39:44.466+0800][191.884s] GC(269) Survivor regions: 2->2(2)
[2022-03-30T23:39:44.466+0800][191.884s] GC(269) Old regions: 469->469
[2022-03-30T23:39:44.466+0800][191.884s] GC(269) Archive regions: 0->0
[2022-03-30T23:39:44.466+0800][191.884s] GC(269) Humongous regions: 29->29
[2022-03-30T23:39:44.466+0800][191.884s] GC(269) Metaspace: 52609K(52928K)->52609K(52928K) NonClass: 46484K(46656K)->46484K(46656K) Class: 6125K(6272K)->6125K(6272K)
[2022-03-30T23:39:44.466+0800][191.884s] GC(269) Pause Young (Normal) (G1 Preventive Collection) 505M->495M(512M) 1.230ms
[2022-03-30T23:39:44.466+0800][191.884s] GC(269) User=0.00s Sys=0.00s Real=0.00s
[2022-03-30T23:39:44.622+0800][192.040s] GC(270) Pause Young (Normal) (G1 Preventive Collection)
[2022-03-30T23:39:44.622+0800][192.040s] GC(270) Using 8 workers of 8 for evacuation
[2022-03-30T23:39:44.624+0800][192.041s] GC(270)   Pre Evacuate Collection Set: 0.1ms
[2022-03-30T23:39:44.624+0800][192.041s] GC(270)   Merge Heap Roots: 0.0ms
[2022-03-30T23:39:44.624+0800][192.041s] GC(270)   Evacuate Collection Set: 0.8ms
[2022-03-30T23:39:44.624+0800][192.041s] GC(270)   Post Evacuate Collection Set: 0.3ms
[2022-03-30T23:39:44.624+0800][192.041s] GC(270)   Other: 0.1ms
[2022-03-30T23:39:44.624+0800][192.041s] GC(270) Eden regions: 10->0(23)
[2022-03-30T23:39:44.624+0800][192.041s] GC(270) Survivor regions: 2->2(2)
[2022-03-30T23:39:44.624+0800][192.041s] GC(270) Old regions: 469->469
[2022-03-30T23:39:44.624+0800][192.041s] GC(270) Archive regions: 0->0
[2022-03-30T23:39:44.624+0800][192.041s] GC(270) Humongous regions: 29->29
[2022-03-30T23:39:44.624+0800][192.041s] GC(270) Metaspace: 52609K(52928K)->52609K(52928K) NonClass: 46484K(46656K)->46484K(46656K) Class: 6125K(6272K)->6125K(6272K)
[2022-03-30T23:39:44.624+0800][192.041s] GC(270) Pause Young (Normal) (G1 Preventive Collection) 505M->495M(512M) 1.674ms
[2022-03-30T23:39:44.624+0800][192.041s] GC(270) User=0.00s Sys=0.00s Real=0.00s
[2022-03-30T23:39:44.779+0800][192.196s] GC(271) Pause Young (Normal) (G1 Preventive Collection)
[2022-03-30T23:39:44.779+0800][192.196s] GC(271) Using 8 workers of 8 for evacuation
[2022-03-30T23:39:44.780+0800][192.197s] GC(271)   Pre Evacuate Collection Set: 0.1ms
[2022-03-30T23:39:44.780+0800][192.197s] GC(271)   Merge Heap Roots: 0.0ms
[2022-03-30T23:39:44.780+0800][192.197s] GC(271)   Evacuate Collection Set: 0.6ms
[2022-03-30T23:39:44.780+0800][192.197s] GC(271)   Post Evacuate Collection Set: 0.4ms
[2022-03-30T23:39:44.780+0800][192.197s] GC(271)   Other: 0.2ms
[2022-03-30T23:39:44.780+0800][192.197s] GC(271) Eden regions: 10->0(23)
[2022-03-30T23:39:44.780+0800][192.197s] GC(271) Survivor regions: 2->2(2)
[2022-03-30T23:39:44.780+0800][192.197s] GC(271) Old regions: 469->469
[2022-03-30T23:39:44.780+0800][192.197s] GC(271) Archive regions: 0->0
[2022-03-30T23:39:44.780+0800][192.197s] GC(271) Humongous regions: 29->29
[2022-03-30T23:39:44.780+0800][192.197s] GC(271) Metaspace: 52609K(52928K)->52609K(52928K) NonClass: 46484K(46656K)->46484K(46656K) Class: 6125K(6272K)->6125K(6272K)
[2022-03-30T23:39:44.780+0800][192.197s] GC(271) Pause Young (Normal) (G1 Preventive Collection) 505M->495M(512M) 1.444ms
[2022-03-30T23:39:44.780+0800][192.198s] GC(271) User=0.00s Sys=0.00s Real=0.00s
[2022-03-30T23:39:44.849+0800][192.267s] GC(263) Concurrent Rebuild Remembered Sets 428.771ms
[2022-03-30T23:39:44.849+0800][192.267s] GC(263) Pause Cleanup
[2022-03-30T23:39:44.850+0800][192.267s] GC(263) Pause Cleanup 500M->500M(512M) 0.203ms
[2022-03-30T23:39:44.850+0800][192.267s] GC(263) User=0.00s Sys=0.00s Real=0.00s
[2022-03-30T23:39:44.850+0800][192.267s] GC(263) Concurrent Cleanup for Next Mark
[2022-03-30T23:39:44.850+0800][192.267s] GC(263) Concurrent Cleanup for Next Mark 0.338ms
[2022-03-30T23:39:44.850+0800][192.267s] GC(263) Concurrent Mark Cycle 1310.961ms
[2022-03-30T23:39:44.926+0800][192.343s] GC(272) Pause Young (Normal) (G1 Preventive Collection)
[2022-03-30T23:39:44.926+0800][192.343s] GC(272) Using 8 workers of 8 for evacuation
[2022-03-30T23:39:44.927+0800][192.345s] GC(272)   Pre Evacuate Collection Set: 0.1ms
[2022-03-30T23:39:44.927+0800][192.345s] GC(272)   Merge Heap Roots: 0.1ms
[2022-03-30T23:39:44.927+0800][192.345s] GC(272)   Evacuate Collection Set: 0.9ms
[2022-03-30T23:39:44.927+0800][192.345s] GC(272)   Post Evacuate Collection Set: 0.6ms
[2022-03-30T23:39:44.927+0800][192.345s] GC(272)   Other: 0.3ms
[2022-03-30T23:39:44.927+0800][192.345s] GC(272) Eden regions: 10->0(23)
[2022-03-30T23:39:44.927+0800][192.345s] GC(272) Survivor regions: 2->2(2)
[2022-03-30T23:39:44.927+0800][192.345s] GC(272) Old regions: 469->469
[2022-03-30T23:39:44.927+0800][192.345s] GC(272) Archive regions: 0->0
[2022-03-30T23:39:44.927+0800][192.345s] GC(272) Humongous regions: 29->29
[2022-03-30T23:39:44.927+0800][192.345s] GC(272) Metaspace: 52609K(52928K)->52609K(52928K) NonClass: 46484K(46656K)->46484K(46656K) Class: 6125K(6272K)->6125K(6272K)
[2022-03-30T23:39:44.927+0800][192.345s] GC(272) Pause Young (Normal) (G1 Preventive Collection) 505M->495M(512M) 2.293ms
[2022-03-30T23:39:44.927+0800][192.345s] GC(272) User=0.00s Sys=0.00s Real=0.00s
[2022-03-30T23:39:45.067+0800][192.484s] GC(273) Pause Young (Concurrent Start) (G1 Preventive Collection)
[2022-03-30T23:39:45.067+0800][192.485s] GC(273) Using 8 workers of 8 for evacuation
[2022-03-30T23:39:45.069+0800][192.486s] GC(273)   Pre Evacuate Collection Set: 0.1ms
[2022-03-30T23:39:45.069+0800][192.486s] GC(273)   Merge Heap Roots: 0.1ms
[2022-03-30T23:39:45.069+0800][192.486s] GC(273)   Evacuate Collection Set: 0.8ms
[2022-03-30T23:39:45.069+0800][192.486s] GC(273)   Post Evacuate Collection Set: 0.4ms
[2022-03-30T23:39:45.069+0800][192.486s] GC(273)   Other: 0.2ms
[2022-03-30T23:39:45.069+0800][192.486s] GC(273) Eden regions: 10->0(23)
[2022-03-30T23:39:45.069+0800][192.486s] GC(273) Survivor regions: 2->2(2)
[2022-03-30T23:39:45.069+0800][192.486s] GC(273) Old regions: 469->469
[2022-03-30T23:39:45.069+0800][192.486s] GC(273) Archive regions: 0->0
[2022-03-30T23:39:45.069+0800][192.486s] GC(273) Humongous regions: 29->29
[2022-03-30T23:39:45.069+0800][192.486s] GC(273) Metaspace: 52609K(52928K)->52609K(52928K) NonClass: 46484K(46656K)->46484K(46656K) Class: 6125K(6272K)->6125K(6272K)
[2022-03-30T23:39:45.069+0800][192.486s] GC(273) Pause Young (Concurrent Start) (G1 Preventive Collection) 505M->495M(512M) 1.843ms
[2022-03-30T23:39:45.069+0800][192.486s] GC(273) User=0.00s Sys=0.00s Real=0.00s
[2022-03-30T23:39:45.069+0800][192.486s] GC(274) Concurrent Mark Cycle
[2022-03-30T23:39:45.069+0800][192.486s] GC(274) Concurrent Clear Claimed Marks
[2022-03-30T23:39:45.069+0800][192.486s] GC(274) Concurrent Clear Claimed Marks 0.025ms
[2022-03-30T23:39:45.069+0800][192.486s] GC(274) Concurrent Scan Root Regions
[2022-03-30T23:39:45.070+0800][192.487s] GC(274) Concurrent Scan Root Regions 0.979ms
[2022-03-30T23:39:45.070+0800][192.488s] GC(274) Concurrent Mark
[2022-03-30T23:39:45.070+0800][192.488s] GC(274) Concurrent Mark From Roots
[2022-03-30T23:39:45.070+0800][192.488s] GC(274) Using 2 workers of 2 for marking
[2022-03-30T23:39:45.214+0800][192.631s] GC(275) Pause Young (Normal) (G1 Preventive Collection)
[2022-03-30T23:39:45.214+0800][192.631s] GC(275) Using 8 workers of 8 for evacuation
[2022-03-30T23:39:45.215+0800][192.632s] GC(275)   Pre Evacuate Collection Set: 0.1ms
[2022-03-30T23:39:45.215+0800][192.632s] GC(275)   Merge Heap Roots: 0.0ms
[2022-03-30T23:39:45.215+0800][192.632s] GC(275)   Evacuate Collection Set: 0.6ms
[2022-03-30T23:39:45.215+0800][192.632s] GC(275)   Post Evacuate Collection Set: 0.2ms
[2022-03-30T23:39:45.215+0800][192.632s] GC(275)   Other: 0.1ms
[2022-03-30T23:39:45.215+0800][192.632s] GC(275) Eden regions: 10->0(23)
[2022-03-30T23:39:45.215+0800][192.632s] GC(275) Survivor regions: 2->2(2)
[2022-03-30T23:39:45.215+0800][192.632s] GC(275) Old regions: 469->469
[2022-03-30T23:39:45.215+0800][192.632s] GC(275) Archive regions: 0->0
[2022-03-30T23:39:45.215+0800][192.632s] GC(275) Humongous regions: 29->29
[2022-03-30T23:39:45.215+0800][192.632s] GC(275) Metaspace: 52609K(52928K)->52609K(52928K) NonClass: 46484K(46656K)->46484K(46656K) Class: 6125K(6272K)->6125K(6272K)
[2022-03-30T23:39:45.215+0800][192.632s] GC(275) Pause Young (Normal) (G1 Preventive Collection) 505M->495M(512M) 1.093ms
[2022-03-30T23:39:45.215+0800][192.632s] GC(275) User=0.00s Sys=0.00s Real=0.00s
[2022-03-30T23:39:45.357+0800][192.775s] GC(276) Pause Young (Normal) (G1 Preventive Collection)
[2022-03-30T23:39:45.357+0800][192.775s] GC(276) Using 8 workers of 8 for evacuation
[2022-03-30T23:39:45.359+0800][192.776s] GC(276)   Pre Evacuate Collection Set: 0.1ms
[2022-03-30T23:39:45.359+0800][192.776s] GC(276)   Merge Heap Roots: 0.0ms
[2022-03-30T23:39:45.359+0800][192.776s] GC(276)   Evacuate Collection Set: 0.5ms
[2022-03-30T23:39:45.359+0800][192.776s] GC(276)   Post Evacuate Collection Set: 0.2ms
[2022-03-30T23:39:45.359+0800][192.776s] GC(276)   Other: 0.1ms
[2022-03-30T23:39:45.359+0800][192.776s] GC(276) Eden regions: 10->0(23)
[2022-03-30T23:39:45.359+0800][192.776s] GC(276) Survivor regions: 2->2(2)
[2022-03-30T23:39:45.359+0800][192.776s] GC(276) Old regions: 469->469
[2022-03-30T23:39:45.359+0800][192.776s] GC(276) Archive regions: 0->0
[2022-03-30T23:39:45.359+0800][192.776s] GC(276) Humongous regions: 29->29
[2022-03-30T23:39:45.359+0800][192.776s] GC(276) Metaspace: 52609K(52928K)->52609K(52928K) NonClass: 46484K(46656K)->46484K(46656K) Class: 6125K(6272K)->6125K(6272K)
[2022-03-30T23:39:45.359+0800][192.776s] GC(276) Pause Young (Normal) (G1 Preventive Collection) 505M->495M(512M) 1.060ms
[2022-03-30T23:39:45.359+0800][192.776s] GC(276) User=0.00s Sys=0.00s Real=0.00s
[2022-03-30T23:39:45.482+0800][192.899s] GC(277) Pause Young (Normal) (G1 Preventive Collection)
[2022-03-30T23:39:45.482+0800][192.899s] GC(277) Using 8 workers of 8 for evacuation
[2022-03-30T23:39:45.483+0800][192.900s] GC(277)   Pre Evacuate Collection Set: 0.0ms
[2022-03-30T23:39:45.483+0800][192.900s] GC(277)   Merge Heap Roots: 0.0ms
[2022-03-30T23:39:45.483+0800][192.900s] GC(277)   Evacuate Collection Set: 0.4ms
[2022-03-30T23:39:45.483+0800][192.900s] GC(277)   Post Evacuate Collection Set: 0.2ms
[2022-03-30T23:39:45.483+0800][192.900s] GC(277)   Other: 0.1ms
[2022-03-30T23:39:45.483+0800][192.900s] GC(277) Eden regions: 10->0(23)
[2022-03-30T23:39:45.483+0800][192.900s] GC(277) Survivor regions: 2->2(2)
[2022-03-30T23:39:45.483+0800][192.900s] GC(277) Old regions: 469->469
[2022-03-30T23:39:45.483+0800][192.900s] GC(277) Archive regions: 0->0
[2022-03-30T23:39:45.483+0800][192.900s] GC(277) Humongous regions: 29->29
[2022-03-30T23:39:45.483+0800][192.900s] GC(277) Metaspace: 52609K(52928K)->52609K(52928K) NonClass: 46484K(46656K)->46484K(46656K) Class: 6125K(6272K)->6125K(6272K)
[2022-03-30T23:39:45.483+0800][192.900s] GC(277) Pause Young (Normal) (G1 Preventive Collection) 505M->495M(512M) 0.977ms
[2022-03-30T23:39:45.483+0800][192.900s] GC(277) User=0.00s Sys=0.00s Real=0.00s
[2022-03-30T23:39:45.634+0800][193.051s] GC(278) Pause Young (Normal) (G1 Preventive Collection)
[2022-03-30T23:39:45.634+0800][193.051s] GC(278) Using 8 workers of 8 for evacuation
[2022-03-30T23:39:45.635+0800][193.052s] GC(278)   Pre Evacuate Collection Set: 0.1ms
[2022-03-30T23:39:45.635+0800][193.052s] GC(278)   Merge Heap Roots: 0.0ms
[2022-03-30T23:39:45.635+0800][193.052s] GC(278)   Evacuate Collection Set: 0.7ms
[2022-03-30T23:39:45.635+0800][193.052s] GC(278)   Post Evacuate Collection Set: 0.3ms
[2022-03-30T23:39:45.635+0800][193.053s] GC(278)   Other: 0.2ms
[2022-03-30T23:39:45.635+0800][193.053s] GC(278) Eden regions: 10->0(24)
[2022-03-30T23:39:45.635+0800][193.053s] GC(278) Survivor regions: 2->1(2)
[2022-03-30T23:39:45.635+0800][193.053s] GC(278) Old regions: 469->469
[2022-03-30T23:39:45.635+0800][193.053s] GC(278) Archive regions: 0->0
[2022-03-30T23:39:45.635+0800][193.053s] GC(278) Humongous regions: 29->29
[2022-03-30T23:39:45.635+0800][193.053s] GC(278) Metaspace: 52609K(52928K)->52609K(52928K) NonClass: 46484K(46656K)->46484K(46656K) Class: 6125K(6272K)->6125K(6272K)
[2022-03-30T23:39:45.635+0800][193.053s] GC(278) Pause Young (Normal) (G1 Preventive Collection) 505M->495M(512M) 1.516ms
[2022-03-30T23:39:45.635+0800][193.053s] GC(278) User=0.00s Sys=0.00s Real=0.00s
[2022-03-30T23:39:45.803+0800][193.220s] GC(279) Pause Young (Normal) (G1 Preventive Collection)
[2022-03-30T23:39:45.803+0800][193.220s] GC(279) Using 8 workers of 8 for evacuation
[2022-03-30T23:39:45.804+0800][193.221s] GC(279)   Pre Evacuate Collection Set: 0.1ms
[2022-03-30T23:39:45.804+0800][193.221s] GC(279)   Merge Heap Roots: 0.0ms
[2022-03-30T23:39:45.804+0800][193.221s] GC(279)   Evacuate Collection Set: 0.5ms
[2022-03-30T23:39:45.804+0800][193.221s] GC(279)   Post Evacuate Collection Set: 0.2ms
[2022-03-30T23:39:45.804+0800][193.221s] GC(279)   Other: 0.1ms
[2022-03-30T23:39:45.804+0800][193.221s] GC(279) Eden regions: 12->0(24)
[2022-03-30T23:39:45.804+0800][193.221s] GC(279) Survivor regions: 1->1(1)
[2022-03-30T23:39:45.804+0800][193.221s] GC(279) Old regions: 469->469
[2022-03-30T23:39:45.804+0800][193.221s] GC(279) Archive regions: 0->0
[2022-03-30T23:39:45.804+0800][193.221s] GC(279) Humongous regions: 29->29
[2022-03-30T23:39:45.804+0800][193.221s] GC(279) Metaspace: 52609K(52928K)->52609K(52928K) NonClass: 46484K(46656K)->46484K(46656K) Class: 6125K(6272K)->6125K(6272K)
[2022-03-30T23:39:45.804+0800][193.221s] GC(279) Pause Young (Normal) (G1 Preventive Collection) 507M->495M(512M) 1.141ms
[2022-03-30T23:39:45.804+0800][193.221s] GC(279) User=0.12s Sys=0.00s Real=0.00s
[2022-03-30T23:39:45.987+0800][193.405s] GC(280) Pause Young (Normal) (G1 Preventive Collection)
[2022-03-30T23:39:45.987+0800][193.405s] GC(280) Using 8 workers of 8 for evacuation
[2022-03-30T23:39:45.988+0800][193.406s] GC(280)   Pre Evacuate Collection Set: 0.1ms
[2022-03-30T23:39:45.988+0800][193.406s] GC(280)   Merge Heap Roots: 0.0ms
[2022-03-30T23:39:45.988+0800][193.406s] GC(280)   Evacuate Collection Set: 0.6ms
[2022-03-30T23:39:45.988+0800][193.406s] GC(280)   Post Evacuate Collection Set: 0.3ms
[2022-03-30T23:39:45.988+0800][193.406s] GC(280)   Other: 0.2ms
[2022-03-30T23:39:45.988+0800][193.406s] GC(280) Eden regions: 12->0(24)
[2022-03-30T23:39:45.988+0800][193.406s] GC(280) Survivor regions: 1->1(1)
[2022-03-30T23:39:45.988+0800][193.406s] GC(280) Old regions: 469->469
[2022-03-30T23:39:45.988+0800][193.406s] GC(280) Archive regions: 0->0
[2022-03-30T23:39:45.988+0800][193.406s] GC(280) Humongous regions: 29->29
[2022-03-30T23:39:45.988+0800][193.406s] GC(280) Metaspace: 52609K(52928K)->52609K(52928K) NonClass: 46484K(46656K)->46484K(46656K) Class: 6125K(6272K)->6125K(6272K)
[2022-03-30T23:39:45.988+0800][193.406s] GC(280) Pause Young (Normal) (G1 Preventive Collection) 507M->495M(512M) 1.412ms
[2022-03-30T23:39:45.988+0800][193.406s] GC(280) User=0.00s Sys=0.00s Real=0.00s
[2022-03-30T23:39:45.995+0800][193.413s] GC(274) Concurrent Mark From Roots 925.880ms
[2022-03-30T23:39:45.995+0800][193.413s] GC(274) Concurrent Preclean
[2022-03-30T23:39:45.997+0800][193.414s] GC(274) Concurrent Preclean 0.209ms
[2022-03-30T23:39:45.997+0800][193.414s] GC(274) Pause Remark
[2022-03-30T23:39:45.999+0800][193.416s] GC(274) Pause Remark 495M->495M(512M) 2.449ms
[2022-03-30T23:39:45.999+0800][193.416s] GC(274) User=0.00s Sys=0.00s Real=0.00s
[2022-03-30T23:39:45.999+0800][193.416s] GC(274) Concurrent Mark 928.865ms
[2022-03-30T23:39:45.999+0800][193.416s] GC(274) Concurrent Rebuild Remembered Sets
[2022-03-30T23:39:46.179+0800][193.597s] GC(281) Pause Young (Normal) (G1 Preventive Collection)
[2022-03-30T23:39:46.179+0800][193.597s] GC(281) Using 8 workers of 8 for evacuation
[2022-03-30T23:39:46.181+0800][193.598s] GC(281)   Pre Evacuate Collection Set: 0.1ms
[2022-03-30T23:39:46.181+0800][193.598s] GC(281)   Merge Heap Roots: 0.0ms
[2022-03-30T23:39:46.181+0800][193.598s] GC(281)   Evacuate Collection Set: 0.6ms
[2022-03-30T23:39:46.181+0800][193.598s] GC(281)   Post Evacuate Collection Set: 0.3ms
[2022-03-30T23:39:46.181+0800][193.598s] GC(281)   Other: 0.2ms
[2022-03-30T23:39:46.181+0800][193.598s] GC(281) Eden regions: 11->0(24)
[2022-03-30T23:39:46.181+0800][193.599s] GC(281) Survivor regions: 1->1(2)
[2022-03-30T23:39:46.181+0800][193.599s] GC(281) Old regions: 469->469
[2022-03-30T23:39:46.181+0800][193.599s] GC(281) Archive regions: 0->0
[2022-03-30T23:39:46.181+0800][193.599s] GC(281) Humongous regions: 29->29
[2022-03-30T23:39:46.181+0800][193.599s] GC(281) Metaspace: 52609K(52928K)->52609K(52928K) NonClass: 46484K(46656K)->46484K(46656K) Class: 6125K(6272K)->6125K(6272K)
[2022-03-30T23:39:46.181+0800][193.599s] GC(281) Pause Young (Normal) (G1 Preventive Collection) 506M->495M(512M) 1.477ms
[2022-03-30T23:39:46.181+0800][193.599s] GC(281) User=0.00s Sys=0.00s Real=0.00s
[2022-03-30T23:39:46.353+0800][193.770s] GC(282) Pause Young (Normal) (G1 Preventive Collection)
[2022-03-30T23:39:46.353+0800][193.770s] GC(282) Using 8 workers of 8 for evacuation
[2022-03-30T23:39:46.354+0800][193.771s] GC(282)   Pre Evacuate Collection Set: 0.1ms
[2022-03-30T23:39:46.354+0800][193.772s] GC(282)   Merge Heap Roots: 0.1ms
[2022-03-30T23:39:46.354+0800][193.772s] GC(282)   Evacuate Collection Set: 0.6ms
[2022-03-30T23:39:46.354+0800][193.772s] GC(282)   Post Evacuate Collection Set: 0.2ms
[2022-03-30T23:39:46.354+0800][193.772s] GC(282)   Other: 0.3ms
[2022-03-30T23:39:46.354+0800][193.772s] GC(282) Eden regions: 11->0(24)
[2022-03-30T23:39:46.354+0800][193.772s] GC(282) Survivor regions: 1->1(2)
[2022-03-30T23:39:46.354+0800][193.772s] GC(282) Old regions: 469->469
[2022-03-30T23:39:46.354+0800][193.772s] GC(282) Archive regions: 0->0
[2022-03-30T23:39:46.354+0800][193.772s] GC(282) Humongous regions: 29->29
[2022-03-30T23:39:46.354+0800][193.772s] GC(282) Metaspace: 52609K(52928K)->52609K(52928K) NonClass: 46484K(46656K)->46484K(46656K) Class: 6125K(6272K)->6125K(6272K)
[2022-03-30T23:39:46.354+0800][193.772s] GC(282) Pause Young (Normal) (G1 Preventive Collection) 506M->495M(512M) 1.436ms
[2022-03-30T23:39:46.354+0800][193.772s] GC(282) User=0.00s Sys=0.00s Real=0.00s
[2022-03-30T23:39:46.428+0800][193.846s] GC(274) Concurrent Rebuild Remembered Sets 429.605ms
[2022-03-30T23:39:46.429+0800][193.846s] GC(274) Pause Cleanup
[2022-03-30T23:39:46.429+0800][193.846s] GC(274) Pause Cleanup 496M->496M(512M) 0.238ms
[2022-03-30T23:39:46.429+0800][193.846s] GC(274) User=0.00s Sys=0.00s Real=0.00s
[2022-03-30T23:39:46.429+0800][193.847s] GC(274) Concurrent Cleanup for Next Mark
[2022-03-30T23:39:46.429+0800][193.847s] GC(274) Concurrent Cleanup for Next Mark 0.424ms
[2022-03-30T23:39:46.429+0800][193.847s] GC(274) Concurrent Mark Cycle 1360.614ms
[2022-03-30T23:39:56.658+0800][204.075s] GC(283) Pause Young (Normal) (G1 Preventive Collection)
[2022-03-30T23:39:56.658+0800][204.075s] GC(283) Using 8 workers of 8 for evacuation
[2022-03-30T23:39:56.659+0800][204.077s] GC(283)   Pre Evacuate Collection Set: 0.1ms
[2022-03-30T23:39:56.659+0800][204.077s] GC(283)   Merge Heap Roots: 0.1ms
[2022-03-30T23:39:56.659+0800][204.077s] GC(283)   Evacuate Collection Set: 0.4ms
[2022-03-30T23:39:56.659+0800][204.077s] GC(283)   Post Evacuate Collection Set: 0.4ms
[2022-03-30T23:39:56.659+0800][204.077s] GC(283)   Other: 0.2ms
[2022-03-30T23:39:56.659+0800][204.077s] GC(283) Eden regions: 11->0(23)
[2022-03-30T23:39:56.659+0800][204.077s] GC(283) Survivor regions: 1->2(2)
[2022-03-30T23:39:56.659+0800][204.077s] GC(283) Old regions: 469->469
[2022-03-30T23:39:56.659+0800][204.077s] GC(283) Archive regions: 0->0
[2022-03-30T23:39:56.659+0800][204.077s] GC(283) Humongous regions: 29->29
[2022-03-30T23:39:56.659+0800][204.077s] GC(283) Metaspace: 52614K(52928K)->52614K(52928K) NonClass: 46488K(46656K)->46488K(46656K) Class: 6125K(6272K)->6125K(6272K)
[2022-03-30T23:39:56.660+0800][204.077s] GC(283) Pause Young (Normal) (G1 Preventive Collection) 506M->495M(512M) 1.577ms
[2022-03-30T23:39:56.660+0800][204.077s] GC(283) User=0.00s Sys=0.00s Real=0.00s
[2022-03-30T23:39:56.728+0800][204.146s] GC(284) Pause Young (Concurrent Start) (G1 Preventive Collection)
[2022-03-30T23:39:56.728+0800][204.146s] GC(284) Using 8 workers of 8 for evacuation
[2022-03-30T23:39:56.730+0800][204.147s] GC(284)   Pre Evacuate Collection Set: 0.1ms
[2022-03-30T23:39:56.730+0800][204.147s] GC(284)   Merge Heap Roots: 0.1ms
[2022-03-30T23:39:56.730+0800][204.147s] GC(284)   Evacuate Collection Set: 0.6ms
[2022-03-30T23:39:56.730+0800][204.147s] GC(284)   Post Evacuate Collection Set: 0.2ms
[2022-03-30T23:39:56.730+0800][204.147s] GC(284)   Other: 0.2ms
[2022-03-30T23:39:56.730+0800][204.147s] GC(284) Eden regions: 10->0(23)
[2022-03-30T23:39:56.730+0800][204.147s] GC(284) Survivor regions: 2->2(2)
[2022-03-30T23:39:56.730+0800][204.147s] GC(284) Old regions: 469->469
[2022-03-30T23:39:56.730+0800][204.147s] GC(284) Archive regions: 0->0
[2022-03-30T23:39:56.730+0800][204.147s] GC(284) Humongous regions: 29->29
[2022-03-30T23:39:56.730+0800][204.147s] GC(284) Metaspace: 52614K(52928K)->52614K(52928K) NonClass: 46488K(46656K)->46488K(46656K) Class: 6125K(6272K)->6125K(6272K)
[2022-03-30T23:39:56.730+0800][204.147s] GC(284) Pause Young (Concurrent Start) (G1 Preventive Collection) 505M->495M(512M) 1.319ms
[2022-03-30T23:39:56.730+0800][204.147s] GC(284) User=0.00s Sys=0.00s Real=0.00s
[2022-03-30T23:39:56.730+0800][204.147s] GC(285) Concurrent Mark Cycle
[2022-03-30T23:39:56.730+0800][204.147s] GC(285) Concurrent Clear Claimed Marks
[2022-03-30T23:39:56.730+0800][204.147s] GC(285) Concurrent Clear Claimed Marks 0.034ms
[2022-03-30T23:39:56.730+0800][204.147s] GC(285) Concurrent Scan Root Regions
[2022-03-30T23:39:56.731+0800][204.148s] GC(285) Concurrent Scan Root Regions 1.007ms
[2022-03-30T23:39:56.731+0800][204.148s] GC(285) Concurrent Mark
[2022-03-30T23:39:56.731+0800][204.148s] GC(285) Concurrent Mark From Roots
[2022-03-30T23:39:56.731+0800][204.148s] GC(285) Using 2 workers of 2 for marking
[2022-03-30T23:39:56.826+0800][204.244s] GC(286) Pause Young (Normal) (G1 Preventive Collection)
[2022-03-30T23:39:56.826+0800][204.244s] GC(286) Using 8 workers of 8 for evacuation
[2022-03-30T23:39:56.828+0800][204.246s] GC(286)   Pre Evacuate Collection Set: 0.1ms
[2022-03-30T23:39:56.828+0800][204.246s] GC(286)   Merge Heap Roots: 0.0ms
[2022-03-30T23:39:56.828+0800][204.246s] GC(286)   Evacuate Collection Set: 0.6ms
[2022-03-30T23:39:56.828+0800][204.246s] GC(286)   Post Evacuate Collection Set: 0.3ms
[2022-03-30T23:39:56.828+0800][204.246s] GC(286)   Other: 0.1ms
[2022-03-30T23:39:56.828+0800][204.246s] GC(286) Eden regions: 10->0(23)
[2022-03-30T23:39:56.828+0800][204.246s] GC(286) Survivor regions: 2->2(2)
[2022-03-30T23:39:56.828+0800][204.246s] GC(286) Old regions: 469->469
[2022-03-30T23:39:56.829+0800][204.246s] GC(286) Archive regions: 0->0
[2022-03-30T23:39:56.829+0800][204.246s] GC(286) Humongous regions: 29->29
[2022-03-30T23:39:56.829+0800][204.246s] GC(286) Metaspace: 52614K(52928K)->52614K(52928K) NonClass: 46488K(46656K)->46488K(46656K) Class: 6125K(6272K)->6125K(6272K)
[2022-03-30T23:39:56.829+0800][204.246s] GC(286) Pause Young (Normal) (G1 Preventive Collection) 505M->495M(512M) 1.324ms
[2022-03-30T23:39:56.829+0800][204.246s] GC(286) User=0.00s Sys=0.00s Real=0.00s
[2022-03-30T23:39:56.974+0800][204.391s] GC(287) Pause Young (Normal) (G1 Preventive Collection)
[2022-03-30T23:39:56.974+0800][204.391s] GC(287) Using 8 workers of 8 for evacuation
[2022-03-30T23:39:56.975+0800][204.392s] GC(287)   Pre Evacuate Collection Set: 0.1ms
[2022-03-30T23:39:56.975+0800][204.392s] GC(287)   Merge Heap Roots: 0.1ms
[2022-03-30T23:39:56.975+0800][204.392s] GC(287)   Evacuate Collection Set: 0.5ms
[2022-03-30T23:39:56.975+0800][204.392s] GC(287)   Post Evacuate Collection Set: 0.4ms
[2022-03-30T23:39:56.975+0800][204.392s] GC(287)   Other: 0.2ms
[2022-03-30T23:39:56.975+0800][204.392s] GC(287) Eden regions: 10->0(23)
[2022-03-30T23:39:56.975+0800][204.392s] GC(287) Survivor regions: 2->2(2)
[2022-03-30T23:39:56.975+0800][204.392s] GC(287) Old regions: 469->469
[2022-03-30T23:39:56.975+0800][204.392s] GC(287) Archive regions: 0->0
[2022-03-30T23:39:56.975+0800][204.392s] GC(287) Humongous regions: 29->29
[2022-03-30T23:39:56.975+0800][204.392s] GC(287) Metaspace: 52614K(52928K)->52614K(52928K) NonClass: 46488K(46656K)->46488K(46656K) Class: 6125K(6272K)->6125K(6272K)
[2022-03-30T23:39:56.975+0800][204.392s] GC(287) Pause Young (Normal) (G1 Preventive Collection) 505M->495M(512M) 1.384ms
[2022-03-30T23:39:56.975+0800][204.392s] GC(287) User=0.00s Sys=0.00s Real=0.00s
[2022-03-30T23:39:57.095+0800][204.512s] GC(288) Pause Young (Normal) (G1 Preventive Collection)
[2022-03-30T23:39:57.095+0800][204.512s] GC(288) Using 8 workers of 8 for evacuation
[2022-03-30T23:39:57.096+0800][204.513s] GC(288)   Pre Evacuate Collection Set: 0.1ms
[2022-03-30T23:39:57.096+0800][204.513s] GC(288)   Merge Heap Roots: 0.0ms
[2022-03-30T23:39:57.096+0800][204.513s] GC(288)   Evacuate Collection Set: 0.6ms
[2022-03-30T23:39:57.096+0800][204.513s] GC(288)   Post Evacuate Collection Set: 0.2ms
[2022-03-30T23:39:57.096+0800][204.513s] GC(288)   Other: 0.2ms
[2022-03-30T23:39:57.096+0800][204.513s] GC(288) Eden regions: 10->0(23)
[2022-03-30T23:39:57.096+0800][204.513s] GC(288) Survivor regions: 2->2(2)
[2022-03-30T23:39:57.096+0800][204.513s] GC(288) Old regions: 469->469
[2022-03-30T23:39:57.096+0800][204.513s] GC(288) Archive regions: 0->0
[2022-03-30T23:39:57.096+0800][204.513s] GC(288) Humongous regions: 29->29
[2022-03-30T23:39:57.096+0800][204.513s] GC(288) Metaspace: 52614K(52928K)->52614K(52928K) NonClass: 46488K(46656K)->46488K(46656K) Class: 6125K(6272K)->6125K(6272K)
[2022-03-30T23:39:57.096+0800][204.513s] GC(288) Pause Young (Normal) (G1 Preventive Collection) 505M->495M(512M) 1.199ms
[2022-03-30T23:39:57.096+0800][204.513s] GC(288) User=0.00s Sys=0.00s Real=0.00s
[2022-03-30T23:39:57.179+0800][204.597s] GC(289) Pause Young (Normal) (G1 Preventive Collection)
[2022-03-30T23:39:57.179+0800][204.597s] GC(289) Using 8 workers of 8 for evacuation
[2022-03-30T23:39:57.180+0800][204.598s] GC(289)   Pre Evacuate Collection Set: 0.0ms
[2022-03-30T23:39:57.180+0800][204.598s] GC(289)   Merge Heap Roots: 0.0ms
[2022-03-30T23:39:57.180+0800][204.598s] GC(289)   Evacuate Collection Set: 0.4ms
[2022-03-30T23:39:57.180+0800][204.598s] GC(289)   Post Evacuate Collection Set: 0.4ms
[2022-03-30T23:39:57.180+0800][204.598s] GC(289)   Other: 0.1ms
[2022-03-30T23:39:57.180+0800][204.598s] GC(289) Eden regions: 10->0(23)
[2022-03-30T23:39:57.180+0800][204.598s] GC(289) Survivor regions: 2->2(2)
[2022-03-30T23:39:57.180+0800][204.598s] GC(289) Old regions: 469->469
[2022-03-30T23:39:57.180+0800][204.598s] GC(289) Archive regions: 0->0
[2022-03-30T23:39:57.180+0800][204.598s] GC(289) Humongous regions: 29->29
[2022-03-30T23:39:57.180+0800][204.598s] GC(289) Metaspace: 52614K(52928K)->52614K(52928K) NonClass: 46488K(46656K)->46488K(46656K) Class: 6125K(6272K)->6125K(6272K)
[2022-03-30T23:39:57.180+0800][204.598s] GC(289) Pause Young (Normal) (G1 Preventive Collection) 505M->495M(512M) 1.182ms
[2022-03-30T23:39:57.180+0800][204.598s] GC(289) User=0.00s Sys=0.00s Real=0.00s
[2022-03-30T23:39:57.257+0800][204.675s] GC(290) Pause Young (Normal) (G1 Preventive Collection)
[2022-03-30T23:39:57.257+0800][204.675s] GC(290) Using 8 workers of 8 for evacuation
[2022-03-30T23:39:57.258+0800][204.675s] GC(290)   Pre Evacuate Collection Set: 0.1ms
[2022-03-30T23:39:57.258+0800][204.676s] GC(290)   Merge Heap Roots: 0.0ms
[2022-03-30T23:39:57.258+0800][204.676s] GC(290)   Evacuate Collection Set: 0.4ms
[2022-03-30T23:39:57.258+0800][204.676s] GC(290)   Post Evacuate Collection Set: 0.3ms
[2022-03-30T23:39:57.258+0800][204.676s] GC(290)   Other: 0.1ms
[2022-03-30T23:39:57.258+0800][204.676s] GC(290) Eden regions: 10->0(23)
[2022-03-30T23:39:57.258+0800][204.676s] GC(290) Survivor regions: 2->2(2)
[2022-03-30T23:39:57.258+0800][204.676s] GC(290) Old regions: 469->469
[2022-03-30T23:39:57.258+0800][204.676s] GC(290) Archive regions: 0->0
[2022-03-30T23:39:57.258+0800][204.676s] GC(290) Humongous regions: 29->29
[2022-03-30T23:39:57.258+0800][204.676s] GC(290) Metaspace: 52614K(52928K)->52614K(52928K) NonClass: 46488K(46656K)->46488K(46656K) Class: 6125K(6272K)->6125K(6272K)
[2022-03-30T23:39:57.258+0800][204.676s] GC(290) Pause Young (Normal) (G1 Preventive Collection) 505M->495M(512M) 1.119ms
[2022-03-30T23:39:57.258+0800][204.676s] GC(290) User=0.00s Sys=0.00s Real=0.00s
[2022-03-30T23:39:57.310+0800][204.728s] GC(285) Concurrent Mark From Roots 580.037ms
[2022-03-30T23:39:57.311+0800][204.728s] GC(285) Concurrent Preclean
[2022-03-30T23:39:57.311+0800][204.729s] GC(285) Concurrent Preclean 0.172ms
[2022-03-30T23:39:57.312+0800][204.729s] GC(285) Pause Remark
[2022-03-30T23:39:57.313+0800][204.731s] GC(285) Pause Remark 501M->501M(512M) 1.870ms
[2022-03-30T23:39:57.313+0800][204.731s] GC(285) User=0.00s Sys=0.00s Real=0.00s
[2022-03-30T23:39:57.313+0800][204.731s] GC(285) Concurrent Mark 582.314ms
[2022-03-30T23:39:57.313+0800][204.731s] GC(285) Concurrent Rebuild Remembered Sets
[2022-03-30T23:39:57.348+0800][204.765s] GC(291) Pause Young (Normal) (G1 Preventive Collection)
[2022-03-30T23:39:57.348+0800][204.765s] GC(291) Using 8 workers of 8 for evacuation
[2022-03-30T23:39:57.349+0800][204.766s] GC(291)   Pre Evacuate Collection Set: 0.0ms
[2022-03-30T23:39:57.349+0800][204.766s] GC(291)   Merge Heap Roots: 0.0ms
[2022-03-30T23:39:57.349+0800][204.766s] GC(291)   Evacuate Collection Set: 0.4ms
[2022-03-30T23:39:57.349+0800][204.766s] GC(291)   Post Evacuate Collection Set: 0.3ms
[2022-03-30T23:39:57.349+0800][204.766s] GC(291)   Other: 0.1ms
[2022-03-30T23:39:57.349+0800][204.766s] GC(291) Eden regions: 10->0(23)
[2022-03-30T23:39:57.349+0800][204.766s] GC(291) Survivor regions: 2->2(2)
[2022-03-30T23:39:57.349+0800][204.766s] GC(291) Old regions: 469->469
[2022-03-30T23:39:57.349+0800][204.766s] GC(291) Archive regions: 0->0
[2022-03-30T23:39:57.349+0800][204.766s] GC(291) Humongous regions: 29->29
[2022-03-30T23:39:57.349+0800][204.766s] GC(291) Metaspace: 52614K(52928K)->52614K(52928K) NonClass: 46488K(46656K)->46488K(46656K) Class: 6125K(6272K)->6125K(6272K)
[2022-03-30T23:39:57.349+0800][204.766s] GC(291) Pause Young (Normal) (G1 Preventive Collection) 505M->495M(512M) 1.059ms
[2022-03-30T23:39:57.349+0800][204.766s] GC(291) User=0.00s Sys=0.00s Real=0.00s
[2022-03-30T23:39:57.420+0800][204.838s] GC(292) Pause Young (Normal) (G1 Preventive Collection)
[2022-03-30T23:39:57.420+0800][204.838s] GC(292) Using 8 workers of 8 for evacuation
[2022-03-30T23:39:57.421+0800][204.838s] GC(292)   Pre Evacuate Collection Set: 0.0ms
[2022-03-30T23:39:57.421+0800][204.838s] GC(292)   Merge Heap Roots: 0.0ms
[2022-03-30T23:39:57.421+0800][204.838s] GC(292)   Evacuate Collection Set: 0.3ms
[2022-03-30T23:39:57.421+0800][204.838s] GC(292)   Post Evacuate Collection Set: 0.2ms
[2022-03-30T23:39:57.421+0800][204.838s] GC(292)   Other: 0.1ms
[2022-03-30T23:39:57.421+0800][204.838s] GC(292) Eden regions: 10->0(23)
[2022-03-30T23:39:57.421+0800][204.838s] GC(292) Survivor regions: 2->2(2)
[2022-03-30T23:39:57.421+0800][204.838s] GC(292) Old regions: 469->469
[2022-03-30T23:39:57.421+0800][204.838s] GC(292) Archive regions: 0->0
[2022-03-30T23:39:57.421+0800][204.838s] GC(292) Humongous regions: 29->29
[2022-03-30T23:39:57.421+0800][204.838s] GC(292) Metaspace: 52614K(52928K)->52614K(52928K) NonClass: 46488K(46656K)->46488K(46656K) Class: 6125K(6272K)->6125K(6272K)
[2022-03-30T23:39:57.421+0800][204.838s] GC(292) Pause Young (Normal) (G1 Preventive Collection) 505M->495M(512M) 0.831ms
[2022-03-30T23:39:57.421+0800][204.838s] GC(292) User=0.00s Sys=0.00s Real=0.00s
[2022-03-30T23:39:57.496+0800][204.914s] GC(293) Pause Young (Normal) (G1 Preventive Collection)
[2022-03-30T23:39:57.496+0800][204.914s] GC(293) Using 8 workers of 8 for evacuation
[2022-03-30T23:39:57.498+0800][204.915s] GC(293)   Pre Evacuate Collection Set: 0.1ms
[2022-03-30T23:39:57.498+0800][204.915s] GC(293)   Merge Heap Roots: 0.0ms
[2022-03-30T23:39:57.498+0800][204.915s] GC(293)   Evacuate Collection Set: 0.4ms
[2022-03-30T23:39:57.498+0800][204.915s] GC(293)   Post Evacuate Collection Set: 0.3ms
[2022-03-30T23:39:57.498+0800][204.915s] GC(293)   Other: 0.2ms
[2022-03-30T23:39:57.498+0800][204.915s] GC(293) Eden regions: 10->0(23)
[2022-03-30T23:39:57.498+0800][204.915s] GC(293) Survivor regions: 2->2(2)
[2022-03-30T23:39:57.498+0800][204.915s] GC(293) Old regions: 469->469
[2022-03-30T23:39:57.498+0800][204.915s] GC(293) Archive regions: 0->0
[2022-03-30T23:39:57.498+0800][204.915s] GC(293) Humongous regions: 29->29
[2022-03-30T23:39:57.498+0800][204.915s] GC(293) Metaspace: 52614K(52928K)->52614K(52928K) NonClass: 46488K(46656K)->46488K(46656K) Class: 6125K(6272K)->6125K(6272K)
[2022-03-30T23:39:57.498+0800][204.915s] GC(293) Pause Young (Normal) (G1 Preventive Collection) 505M->495M(512M) 1.099ms
[2022-03-30T23:39:57.498+0800][204.915s] GC(293) User=0.00s Sys=0.00s Real=0.00s
[2022-03-30T23:39:57.543+0800][204.961s] GC(285) Concurrent Rebuild Remembered Sets 230.211ms
[2022-03-30T23:39:57.543+0800][204.961s] GC(285) Pause Cleanup
[2022-03-30T23:39:57.544+0800][204.961s] GC(285) Pause Cleanup 500M->500M(512M) 0.151ms
[2022-03-30T23:39:57.544+0800][204.961s] GC(285) User=0.00s Sys=0.00s Real=0.00s
[2022-03-30T23:39:57.544+0800][204.961s] GC(285) Concurrent Cleanup for Next Mark
[2022-03-30T23:39:57.544+0800][204.962s] GC(285) Concurrent Cleanup for Next Mark 0.322ms
[2022-03-30T23:39:57.544+0800][204.962s] GC(285) Concurrent Mark Cycle 814.426ms
[2022-03-30T23:39:57.577+0800][204.995s] GC(294) Pause Young (Normal) (G1 Preventive Collection)
[2022-03-30T23:39:57.578+0800][204.995s] GC(294) Using 8 workers of 8 for evacuation
[2022-03-30T23:39:57.579+0800][204.996s] GC(294)   Pre Evacuate Collection Set: 0.1ms
[2022-03-30T23:39:57.579+0800][204.996s] GC(294)   Merge Heap Roots: 0.0ms
[2022-03-30T23:39:57.579+0800][204.996s] GC(294)   Evacuate Collection Set: 0.5ms
[2022-03-30T23:39:57.579+0800][204.996s] GC(294)   Post Evacuate Collection Set: 0.2ms
[2022-03-30T23:39:57.579+0800][204.996s] GC(294)   Other: 0.1ms
[2022-03-30T23:39:57.579+0800][204.996s] GC(294) Eden regions: 10->0(23)
[2022-03-30T23:39:57.579+0800][204.996s] GC(294) Survivor regions: 2->2(2)
[2022-03-30T23:39:57.579+0800][204.996s] GC(294) Old regions: 469->469
[2022-03-30T23:39:57.579+0800][204.996s] GC(294) Archive regions: 0->0
[2022-03-30T23:39:57.579+0800][204.996s] GC(294) Humongous regions: 29->29
[2022-03-30T23:39:57.579+0800][204.996s] GC(294) Metaspace: 52614K(52928K)->52614K(52928K) NonClass: 46488K(46656K)->46488K(46656K) Class: 6125K(6272K)->6125K(6272K)
[2022-03-30T23:39:57.579+0800][204.996s] GC(294) Pause Young (Normal) (G1 Preventive Collection) 505M->495M(512M) 1.121ms
[2022-03-30T23:39:57.579+0800][204.996s] GC(294) User=0.00s Sys=0.00s Real=0.00s
[2022-03-30T23:39:57.656+0800][205.074s] GC(295) Pause Young (Concurrent Start) (G1 Preventive Collection)
[2022-03-30T23:39:57.656+0800][205.074s] GC(295) Using 8 workers of 8 for evacuation
[2022-03-30T23:39:57.658+0800][205.075s] GC(295)   Pre Evacuate Collection Set: 0.1ms
[2022-03-30T23:39:57.658+0800][205.075s] GC(295)   Merge Heap Roots: 0.0ms
[2022-03-30T23:39:57.658+0800][205.075s] GC(295)   Evacuate Collection Set: 0.8ms
[2022-03-30T23:39:57.658+0800][205.075s] GC(295)   Post Evacuate Collection Set: 0.3ms
[2022-03-30T23:39:57.658+0800][205.075s] GC(295)   Other: 0.2ms
[2022-03-30T23:39:57.658+0800][205.075s] GC(295) Eden regions: 10->0(23)
[2022-03-30T23:39:57.658+0800][205.075s] GC(295) Survivor regions: 2->2(2)
[2022-03-30T23:39:57.658+0800][205.075s] GC(295) Old regions: 469->469
[2022-03-30T23:39:57.658+0800][205.075s] GC(295) Archive regions: 0->0
[2022-03-30T23:39:57.658+0800][205.075s] GC(295) Humongous regions: 29->29
[2022-03-30T23:39:57.658+0800][205.075s] GC(295) Metaspace: 52614K(52928K)->52614K(52928K) NonClass: 46488K(46656K)->46488K(46656K) Class: 6125K(6272K)->6125K(6272K)
[2022-03-30T23:39:57.658+0800][205.075s] GC(295) Pause Young (Concurrent Start) (G1 Preventive Collection) 505M->495M(512M) 1.396ms
[2022-03-30T23:39:57.658+0800][205.075s] GC(295) User=0.00s Sys=0.00s Real=0.00s
[2022-03-30T23:39:57.658+0800][205.075s] GC(296) Concurrent Mark Cycle
[2022-03-30T23:39:57.658+0800][205.076s] GC(296) Concurrent Clear Claimed Marks
[2022-03-30T23:39:57.658+0800][205.076s] GC(296) Concurrent Clear Claimed Marks 0.020ms
[2022-03-30T23:39:57.658+0800][205.076s] GC(296) Concurrent Scan Root Regions
[2022-03-30T23:39:57.658+0800][205.076s] GC(296) Concurrent Scan Root Regions 0.892ms
[2022-03-30T23:39:57.658+0800][205.076s] GC(296) Concurrent Mark
[2022-03-30T23:39:57.658+0800][205.076s] GC(296) Concurrent Mark From Roots
[2022-03-30T23:39:57.658+0800][205.076s] GC(296) Using 2 workers of 2 for marking
[2022-03-30T23:39:57.749+0800][205.166s] GC(297) Pause Young (Normal) (G1 Preventive Collection)
[2022-03-30T23:39:57.749+0800][205.166s] GC(297) Using 8 workers of 8 for evacuation
[2022-03-30T23:39:57.751+0800][205.168s] GC(297)   Pre Evacuate Collection Set: 0.1ms
[2022-03-30T23:39:57.751+0800][205.168s] GC(297)   Merge Heap Roots: 0.0ms
[2022-03-30T23:39:57.751+0800][205.168s] GC(297)   Evacuate Collection Set: 0.9ms
[2022-03-30T23:39:57.751+0800][205.168s] GC(297)   Post Evacuate Collection Set: 0.3ms
[2022-03-30T23:39:57.751+0800][205.168s] GC(297)   Other: 0.3ms
[2022-03-30T23:39:57.751+0800][205.168s] GC(297) Eden regions: 10->0(23)
[2022-03-30T23:39:57.751+0800][205.168s] GC(297) Survivor regions: 2->2(2)
[2022-03-30T23:39:57.751+0800][205.168s] GC(297) Old regions: 469->469
[2022-03-30T23:39:57.751+0800][205.168s] GC(297) Archive regions: 0->0
[2022-03-30T23:39:57.751+0800][205.168s] GC(297) Humongous regions: 29->29
[2022-03-30T23:39:57.751+0800][205.168s] GC(297) Metaspace: 52614K(52928K)->52614K(52928K) NonClass: 46488K(46656K)->46488K(46656K) Class: 6125K(6272K)->6125K(6272K)
[2022-03-30T23:39:57.751+0800][205.168s] GC(297) Pause Young (Normal) (G1 Preventive Collection) 505M->495M(512M) 1.844ms
[2022-03-30T23:39:57.751+0800][205.168s] GC(297) User=0.00s Sys=0.00s Real=0.00s
[2022-03-30T23:39:57.847+0800][205.264s] GC(298) Pause Young (Normal) (G1 Preventive Collection)
[2022-03-30T23:39:57.847+0800][205.264s] GC(298) Using 8 workers of 8 for evacuation
[2022-03-30T23:39:57.847+0800][205.265s] GC(298)   Pre Evacuate Collection Set: 0.1ms
[2022-03-30T23:39:57.847+0800][205.265s] GC(298)   Merge Heap Roots: 0.0ms
[2022-03-30T23:39:57.848+0800][205.265s] GC(298)   Evacuate Collection Set: 0.5ms
[2022-03-30T23:39:57.848+0800][205.265s] GC(298)   Post Evacuate Collection Set: 0.3ms
[2022-03-30T23:39:57.848+0800][205.265s] GC(298)   Other: 0.2ms
[2022-03-30T23:39:57.848+0800][205.265s] GC(298) Eden regions: 10->0(23)
[2022-03-30T23:39:57.848+0800][205.265s] GC(298) Survivor regions: 2->2(2)
[2022-03-30T23:39:57.848+0800][205.265s] GC(298) Old regions: 469->469
[2022-03-30T23:39:57.848+0800][205.265s] GC(298) Archive regions: 0->0
[2022-03-30T23:39:57.848+0800][205.265s] GC(298) Humongous regions: 29->29
[2022-03-30T23:39:57.848+0800][205.265s] GC(298) Metaspace: 52614K(52928K)->52614K(52928K) NonClass: 46488K(46656K)->46488K(46656K) Class: 6125K(6272K)->6125K(6272K)
[2022-03-30T23:39:57.848+0800][205.265s] GC(298) Pause Young (Normal) (G1 Preventive Collection) 505M->495M(512M) 1.396ms
[2022-03-30T23:39:57.848+0800][205.265s] GC(298) User=0.00s Sys=0.00s Real=0.00s
[2022-03-30T23:39:57.949+0800][205.366s] GC(299) Pause Young (Normal) (G1 Preventive Collection)
[2022-03-30T23:39:57.949+0800][205.366s] GC(299) Using 8 workers of 8 for evacuation
[2022-03-30T23:39:57.950+0800][205.367s] GC(299)   Pre Evacuate Collection Set: 0.1ms
[2022-03-30T23:39:57.950+0800][205.367s] GC(299)   Merge Heap Roots: 0.0ms
[2022-03-30T23:39:57.950+0800][205.368s] GC(299)   Evacuate Collection Set: 0.9ms
[2022-03-30T23:39:57.950+0800][205.368s] GC(299)   Post Evacuate Collection Set: 0.3ms
[2022-03-30T23:39:57.950+0800][205.368s] GC(299)   Other: 0.2ms
[2022-03-30T23:39:57.950+0800][205.368s] GC(299) Eden regions: 10->0(23)
[2022-03-30T23:39:57.950+0800][205.368s] GC(299) Survivor regions: 2->2(2)
[2022-03-30T23:39:57.950+0800][205.368s] GC(299) Old regions: 469->469
[2022-03-30T23:39:57.950+0800][205.368s] GC(299) Archive regions: 0->0
[2022-03-30T23:39:57.950+0800][205.368s] GC(299) Humongous regions: 29->29
[2022-03-30T23:39:57.950+0800][205.368s] GC(299) Metaspace: 52614K(52928K)->52614K(52928K) NonClass: 46488K(46656K)->46488K(46656K) Class: 6125K(6272K)->6125K(6272K)
[2022-03-30T23:39:57.950+0800][205.368s] GC(299) Pause Young (Normal) (G1 Preventive Collection) 505M->495M(512M) 1.836ms
[2022-03-30T23:39:57.950+0800][205.368s] GC(299) User=0.00s Sys=0.00s Real=0.00s
[2022-03-30T23:39:58.093+0800][205.511s] GC(300) Pause Young (Normal) (G1 Preventive Collection)
[2022-03-30T23:39:58.093+0800][205.511s] GC(300) Using 8 workers of 8 for evacuation
[2022-03-30T23:39:58.095+0800][205.513s] GC(300)   Pre Evacuate Collection Set: 0.1ms
[2022-03-30T23:39:58.095+0800][205.513s] GC(300)   Merge Heap Roots: 0.0ms
[2022-03-30T23:39:58.095+0800][205.513s] GC(300)   Evacuate Collection Set: 0.9ms
[2022-03-30T23:39:58.095+0800][205.513s] GC(300)   Post Evacuate Collection Set: 0.6ms
[2022-03-30T23:39:58.095+0800][205.513s] GC(300)   Other: 0.2ms
[2022-03-30T23:39:58.095+0800][205.513s] GC(300) Eden regions: 10->0(24)
[2022-03-30T23:39:58.095+0800][205.513s] GC(300) Survivor regions: 2->1(2)
[2022-03-30T23:39:58.095+0800][205.513s] GC(300) Old regions: 469->469
[2022-03-30T23:39:58.095+0800][205.513s] GC(300) Archive regions: 0->0
[2022-03-30T23:39:58.095+0800][205.513s] GC(300) Humongous regions: 29->29
[2022-03-30T23:39:58.095+0800][205.513s] GC(300) Metaspace: 52614K(52928K)->52614K(52928K) NonClass: 46488K(46656K)->46488K(46656K) Class: 6125K(6272K)->6125K(6272K)
[2022-03-30T23:39:58.095+0800][205.513s] GC(300) Pause Young (Normal) (G1 Preventive Collection) 505M->495M(512M) 1.885ms
[2022-03-30T23:39:58.095+0800][205.513s] GC(300) User=0.00s Sys=0.00s Real=0.00s
[2022-03-30T23:39:58.250+0800][205.668s] GC(301) Pause Young (Normal) (G1 Preventive Collection)
[2022-03-30T23:39:58.250+0800][205.668s] GC(301) Using 8 workers of 8 for evacuation
[2022-03-30T23:39:58.252+0800][205.669s] GC(301)   Pre Evacuate Collection Set: 0.1ms
[2022-03-30T23:39:58.252+0800][205.669s] GC(301)   Merge Heap Roots: 0.0ms
[2022-03-30T23:39:58.252+0800][205.669s] GC(301)   Evacuate Collection Set: 0.5ms
[2022-03-30T23:39:58.252+0800][205.669s] GC(301)   Post Evacuate Collection Set: 0.2ms
[2022-03-30T23:39:58.252+0800][205.669s] GC(301)   Other: 0.2ms
[2022-03-30T23:39:58.252+0800][205.669s] GC(301) Eden regions: 12->0(24)
[2022-03-30T23:39:58.252+0800][205.669s] GC(301) Survivor regions: 1->1(1)
[2022-03-30T23:39:58.252+0800][205.669s] GC(301) Old regions: 469->469
[2022-03-30T23:39:58.252+0800][205.669s] GC(301) Archive regions: 0->0
[2022-03-30T23:39:58.252+0800][205.669s] GC(301) Humongous regions: 29->29
[2022-03-30T23:39:58.252+0800][205.669s] GC(301) Metaspace: 52614K(52928K)->52614K(52928K) NonClass: 46488K(46656K)->46488K(46656K) Class: 6125K(6272K)->6125K(6272K)
[2022-03-30T23:39:58.252+0800][205.669s] GC(301) Pause Young (Normal) (G1 Preventive Collection) 507M->495M(512M) 1.107ms
[2022-03-30T23:39:58.252+0800][205.669s] GC(301) User=0.00s Sys=0.00s Real=0.00s
[2022-03-30T23:39:58.287+0800][205.705s] GC(296) Concurrent Mark From Roots 628.495ms
[2022-03-30T23:39:58.287+0800][205.705s] GC(296) Concurrent Preclean
[2022-03-30T23:39:58.288+0800][205.705s] GC(296) Concurrent Preclean 0.275ms
[2022-03-30T23:39:58.288+0800][205.705s] GC(296) Pause Remark
[2022-03-30T23:39:58.290+0800][205.708s] GC(296) Pause Remark 498M->498M(512M) 2.235ms
[2022-03-30T23:39:58.291+0800][205.708s] GC(296) User=0.00s Sys=0.00s Real=0.00s
[2022-03-30T23:39:58.291+0800][205.708s] GC(296) Concurrent Mark 631.258ms
[2022-03-30T23:39:58.291+0800][205.708s] GC(296) Concurrent Rebuild Remembered Sets
[2022-03-30T23:39:58.362+0800][205.779s] GC(302) Pause Young (Normal) (G1 Preventive Collection)
[2022-03-30T23:39:58.362+0800][205.779s] GC(302) Using 8 workers of 8 for evacuation
[2022-03-30T23:39:58.363+0800][205.780s] GC(302)   Pre Evacuate Collection Set: 0.0ms
[2022-03-30T23:39:58.363+0800][205.780s] GC(302)   Merge Heap Roots: 0.0ms
[2022-03-30T23:39:58.363+0800][205.780s] GC(302)   Evacuate Collection Set: 0.5ms
[2022-03-30T23:39:58.363+0800][205.780s] GC(302)   Post Evacuate Collection Set: 0.2ms
[2022-03-30T23:39:58.363+0800][205.780s] GC(302)   Other: 0.1ms
[2022-03-30T23:39:58.363+0800][205.780s] GC(302) Eden regions: 11->0(24)
[2022-03-30T23:39:58.363+0800][205.780s] GC(302) Survivor regions: 1->1(2)
[2022-03-30T23:39:58.363+0800][205.780s] GC(302) Old regions: 469->469
[2022-03-30T23:39:58.363+0800][205.780s] GC(302) Archive regions: 0->0
[2022-03-30T23:39:58.363+0800][205.780s] GC(302) Humongous regions: 29->29
[2022-03-30T23:39:58.363+0800][205.780s] GC(302) Metaspace: 52614K(52928K)->52614K(52928K) NonClass: 46488K(46656K)->46488K(46656K) Class: 6125K(6272K)->6125K(6272K)
[2022-03-30T23:39:58.363+0800][205.780s] GC(302) Pause Young (Normal) (G1 Preventive Collection) 506M->495M(512M) 0.950ms
[2022-03-30T23:39:58.363+0800][205.780s] GC(302) User=0.00s Sys=0.00s Real=0.00s
[2022-03-30T23:39:58.470+0800][205.888s] GC(303) Pause Young (Normal) (G1 Preventive Collection)
[2022-03-30T23:39:58.470+0800][205.888s] GC(303) Using 8 workers of 8 for evacuation
[2022-03-30T23:39:58.471+0800][205.888s] GC(303)   Pre Evacuate Collection Set: 0.0ms
[2022-03-30T23:39:58.471+0800][205.888s] GC(303)   Merge Heap Roots: 0.0ms
[2022-03-30T23:39:58.471+0800][205.888s] GC(303)   Evacuate Collection Set: 0.3ms
[2022-03-30T23:39:58.471+0800][205.889s] GC(303)   Post Evacuate Collection Set: 0.1ms
[2022-03-30T23:39:58.471+0800][205.889s] GC(303)   Other: 0.1ms
[2022-03-30T23:39:58.471+0800][205.889s] GC(303) Eden regions: 11->0(24)
[2022-03-30T23:39:58.471+0800][205.889s] GC(303) Survivor regions: 1->1(2)
[2022-03-30T23:39:58.471+0800][205.889s] GC(303) Old regions: 469->469
[2022-03-30T23:39:58.471+0800][205.889s] GC(303) Archive regions: 0->0
[2022-03-30T23:39:58.471+0800][205.889s] GC(303) Humongous regions: 29->29
[2022-03-30T23:39:58.471+0800][205.889s] GC(303) Metaspace: 52614K(52928K)->52614K(52928K) NonClass: 46488K(46656K)->46488K(46656K) Class: 6125K(6272K)->6125K(6272K)
[2022-03-30T23:39:58.471+0800][205.889s] GC(303) Pause Young (Normal) (G1 Preventive Collection) 506M->495M(512M) 0.779ms
[2022-03-30T23:39:58.471+0800][205.889s] GC(303) User=0.00s Sys=0.00s Real=0.00s
[2022-03-30T23:39:58.524+0800][205.942s] GC(296) Concurrent Rebuild Remembered Sets 234.320ms
[2022-03-30T23:39:58.524+0800][205.942s] GC(296) Pause Cleanup
[2022-03-30T23:39:58.525+0800][205.942s] GC(296) Pause Cleanup 501M->501M(512M) 0.103ms
[2022-03-30T23:39:58.525+0800][205.942s] GC(296) User=0.00s Sys=0.00s Real=0.00s
[2022-03-30T23:39:58.525+0800][205.942s] GC(296) Concurrent Cleanup for Next Mark
[2022-03-30T23:39:58.525+0800][205.943s] GC(296) Concurrent Cleanup for Next Mark 0.185ms
[2022-03-30T23:39:58.525+0800][205.943s] GC(296) Concurrent Mark Cycle 867.079ms
[2022-03-30T23:39:58.557+0800][205.975s] GC(304) Pause Young (Normal) (G1 Preventive Collection)
[2022-03-30T23:39:58.557+0800][205.975s] GC(304) Using 8 workers of 8 for evacuation
[2022-03-30T23:39:58.559+0800][205.976s] GC(304)   Pre Evacuate Collection Set: 0.0ms
[2022-03-30T23:39:58.559+0800][205.976s] GC(304)   Merge Heap Roots: 0.0ms
[2022-03-30T23:39:58.559+0800][205.976s] GC(304)   Evacuate Collection Set: 0.5ms
[2022-03-30T23:39:58.559+0800][205.976s] GC(304)   Post Evacuate Collection Set: 0.3ms
[2022-03-30T23:39:58.559+0800][205.976s] GC(304)   Other: 0.1ms
[2022-03-30T23:39:58.559+0800][205.976s] GC(304) Eden regions: 11->0(24)
[2022-03-30T23:39:58.559+0800][205.976s] GC(304) Survivor regions: 1->1(2)
[2022-03-30T23:39:58.559+0800][205.976s] GC(304) Old regions: 469->469
[2022-03-30T23:39:58.559+0800][205.976s] GC(304) Archive regions: 0->0
[2022-03-30T23:39:58.559+0800][205.976s] GC(304) Humongous regions: 29->29
[2022-03-30T23:39:58.559+0800][205.976s] GC(304) Metaspace: 52614K(52928K)->52614K(52928K) NonClass: 46488K(46656K)->46488K(46656K) Class: 6125K(6272K)->6125K(6272K)
[2022-03-30T23:39:58.559+0800][205.976s] GC(304) Pause Young (Normal) (G1 Preventive Collection) 506M->495M(512M) 1.260ms
[2022-03-30T23:39:58.559+0800][205.976s] GC(304) User=0.00s Sys=0.00s Real=0.00s
[2022-03-30T23:40:06.059+0800][213.477s] GC(305) Pause Young (Concurrent Start) (G1 Preventive Collection)
[2022-03-30T23:40:06.059+0800][213.477s] GC(305) Using 8 workers of 8 for evacuation
[2022-03-30T23:40:06.061+0800][213.479s] GC(305)   Pre Evacuate Collection Set: 0.1ms
[2022-03-30T23:40:06.061+0800][213.479s] GC(305)   Merge Heap Roots: 0.0ms
[2022-03-30T23:40:06.061+0800][213.479s] GC(305)   Evacuate Collection Set: 1.3ms
[2022-03-30T23:40:06.061+0800][213.479s] GC(305)   Post Evacuate Collection Set: 0.4ms
[2022-03-30T23:40:06.062+0800][213.479s] GC(305)   Other: 0.2ms
[2022-03-30T23:40:06.062+0800][213.479s] GC(305) Eden regions: 11->0(23)
[2022-03-30T23:40:06.062+0800][213.479s] GC(305) Survivor regions: 1->2(2)
[2022-03-30T23:40:06.062+0800][213.479s] GC(305) Old regions: 469->469
[2022-03-30T23:40:06.062+0800][213.479s] GC(305) Archive regions: 0->0
[2022-03-30T23:40:06.062+0800][213.479s] GC(305) Humongous regions: 29->29
[2022-03-30T23:40:06.062+0800][213.479s] GC(305) Metaspace: 52620K(52928K)->52620K(52928K) NonClass: 46494K(46656K)->46494K(46656K) Class: 6125K(6272K)->6125K(6272K)
[2022-03-30T23:40:06.062+0800][213.479s] GC(305) Pause Young (Concurrent Start) (G1 Preventive Collection) 506M->495M(512M) 2.279ms
[2022-03-30T23:40:06.062+0800][213.479s] GC(305) User=0.00s Sys=0.00s Real=0.00s
[2022-03-30T23:40:06.062+0800][213.479s] GC(306) Concurrent Mark Cycle
[2022-03-30T23:40:06.062+0800][213.479s] GC(306) Concurrent Clear Claimed Marks
[2022-03-30T23:40:06.062+0800][213.479s] GC(306) Concurrent Clear Claimed Marks 0.045ms
[2022-03-30T23:40:06.062+0800][213.479s] GC(306) Concurrent Scan Root Regions
[2022-03-30T23:40:06.064+0800][213.481s] GC(306) Concurrent Scan Root Regions 1.742ms
[2022-03-30T23:40:06.064+0800][213.481s] GC(306) Concurrent Mark
[2022-03-30T23:40:06.064+0800][213.481s] GC(306) Concurrent Mark From Roots
[2022-03-30T23:40:06.064+0800][213.481s] GC(306) Using 2 workers of 2 for marking
[2022-03-30T23:40:06.219+0800][213.636s] GC(307) Pause Young (Normal) (G1 Preventive Collection)
[2022-03-30T23:40:06.219+0800][213.636s] GC(307) Using 8 workers of 8 for evacuation
[2022-03-30T23:40:06.220+0800][213.638s] GC(307)   Pre Evacuate Collection Set: 0.1ms
[2022-03-30T23:40:06.220+0800][213.638s] GC(307)   Merge Heap Roots: 0.1ms
[2022-03-30T23:40:06.220+0800][213.638s] GC(307)   Evacuate Collection Set: 0.7ms
[2022-03-30T23:40:06.220+0800][213.638s] GC(307)   Post Evacuate Collection Set: 0.2ms
[2022-03-30T23:40:06.220+0800][213.638s] GC(307)   Other: 0.2ms
[2022-03-30T23:40:06.220+0800][213.638s] GC(307) Eden regions: 10->0(23)
[2022-03-30T23:40:06.220+0800][213.638s] GC(307) Survivor regions: 2->2(2)
[2022-03-30T23:40:06.220+0800][213.638s] GC(307) Old regions: 469->469
[2022-03-30T23:40:06.220+0800][213.638s] GC(307) Archive regions: 0->0
[2022-03-30T23:40:06.220+0800][213.638s] GC(307) Humongous regions: 29->29
[2022-03-30T23:40:06.220+0800][213.638s] GC(307) Metaspace: 52620K(52928K)->52620K(52928K) NonClass: 46494K(46656K)->46494K(46656K) Class: 6125K(6272K)->6125K(6272K)
[2022-03-30T23:40:06.220+0800][213.638s] GC(307) Pause Young (Normal) (G1 Preventive Collection) 505M->495M(512M) 1.360ms
[2022-03-30T23:40:06.220+0800][213.638s] GC(307) User=0.00s Sys=0.00s Real=0.00s
[2022-03-30T23:40:06.371+0800][213.788s] GC(308) Pause Young (Normal) (G1 Preventive Collection)
[2022-03-30T23:40:06.371+0800][213.788s] GC(308) Using 8 workers of 8 for evacuation
[2022-03-30T23:40:06.372+0800][213.789s] GC(308)   Pre Evacuate Collection Set: 0.0ms
[2022-03-30T23:40:06.372+0800][213.789s] GC(308)   Merge Heap Roots: 0.0ms
[2022-03-30T23:40:06.372+0800][213.789s] GC(308)   Evacuate Collection Set: 0.6ms
[2022-03-30T23:40:06.372+0800][213.789s] GC(308)   Post Evacuate Collection Set: 0.3ms
[2022-03-30T23:40:06.372+0800][213.789s] GC(308)   Other: 0.1ms
[2022-03-30T23:40:06.372+0800][213.789s] GC(308) Eden regions: 10->0(23)
[2022-03-30T23:40:06.372+0800][213.789s] GC(308) Survivor regions: 2->2(2)
[2022-03-30T23:40:06.372+0800][213.789s] GC(308) Old regions: 469->469
[2022-03-30T23:40:06.372+0800][213.789s] GC(308) Archive regions: 0->0
[2022-03-30T23:40:06.372+0800][213.789s] GC(308) Humongous regions: 29->29
[2022-03-30T23:40:06.372+0800][213.789s] GC(308) Metaspace: 52620K(52928K)->52620K(52928K) NonClass: 46494K(46656K)->46494K(46656K) Class: 6125K(6272K)->6125K(6272K)
[2022-03-30T23:40:06.372+0800][213.789s] GC(308) Pause Young (Normal) (G1 Preventive Collection) 505M->495M(512M) 1.442ms
[2022-03-30T23:40:06.372+0800][213.790s] GC(308) User=0.00s Sys=0.00s Real=0.00s
[2022-03-30T23:40:06.528+0800][213.945s] GC(309) Pause Young (Normal) (G1 Preventive Collection)
[2022-03-30T23:40:06.528+0800][213.945s] GC(309) Using 8 workers of 8 for evacuation
[2022-03-30T23:40:06.529+0800][213.946s] GC(309)   Pre Evacuate Collection Set: 0.1ms
[2022-03-30T23:40:06.529+0800][213.946s] GC(309)   Merge Heap Roots: 0.0ms
[2022-03-30T23:40:06.529+0800][213.946s] GC(309)   Evacuate Collection Set: 0.7ms
[2022-03-30T23:40:06.529+0800][213.946s] GC(309)   Post Evacuate Collection Set: 0.3ms
[2022-03-30T23:40:06.529+0800][213.946s] GC(309)   Other: 0.1ms
[2022-03-30T23:40:06.529+0800][213.946s] GC(309) Eden regions: 10->0(23)
[2022-03-30T23:40:06.529+0800][213.946s] GC(309) Survivor regions: 2->2(2)
[2022-03-30T23:40:06.529+0800][213.946s] GC(309) Old regions: 469->469
[2022-03-30T23:40:06.529+0800][213.946s] GC(309) Archive regions: 0->0
[2022-03-30T23:40:06.529+0800][213.946s] GC(309) Humongous regions: 29->29
[2022-03-30T23:40:06.529+0800][213.946s] GC(309) Metaspace: 52620K(52928K)->52620K(52928K) NonClass: 46494K(46656K)->46494K(46656K) Class: 6125K(6272K)->6125K(6272K)
[2022-03-30T23:40:06.529+0800][213.946s] GC(309) Pause Young (Normal) (G1 Preventive Collection) 505M->495M(512M) 1.288ms
[2022-03-30T23:40:06.529+0800][213.946s] GC(309) User=0.00s Sys=0.00s Real=0.00s
[2022-03-30T23:40:06.691+0800][214.108s] GC(310) Pause Young (Normal) (G1 Preventive Collection)
[2022-03-30T23:40:06.691+0800][214.108s] GC(310) Using 8 workers of 8 for evacuation
[2022-03-30T23:40:06.692+0800][214.109s] GC(310)   Pre Evacuate Collection Set: 0.1ms
[2022-03-30T23:40:06.692+0800][214.109s] GC(310)   Merge Heap Roots: 0.1ms
[2022-03-30T23:40:06.692+0800][214.109s] GC(310)   Evacuate Collection Set: 0.6ms
[2022-03-30T23:40:06.692+0800][214.109s] GC(310)   Post Evacuate Collection Set: 0.2ms
[2022-03-30T23:40:06.692+0800][214.109s] GC(310)   Other: 0.2ms
[2022-03-30T23:40:06.692+0800][214.109s] GC(310) Eden regions: 10->0(23)
[2022-03-30T23:40:06.692+0800][214.109s] GC(310) Survivor regions: 2->2(2)
[2022-03-30T23:40:06.692+0800][214.109s] GC(310) Old regions: 469->469
[2022-03-30T23:40:06.692+0800][214.109s] GC(310) Archive regions: 0->0
[2022-03-30T23:40:06.692+0800][214.109s] GC(310) Humongous regions: 29->29
[2022-03-30T23:40:06.692+0800][214.109s] GC(310) Metaspace: 52620K(52928K)->52620K(52928K) NonClass: 46494K(46656K)->46494K(46656K) Class: 6125K(6272K)->6125K(6272K)
[2022-03-30T23:40:06.692+0800][214.109s] GC(310) Pause Young (Normal) (G1 Preventive Collection) 505M->495M(512M) 1.345ms
[2022-03-30T23:40:06.692+0800][214.109s] GC(310) User=0.00s Sys=0.00s Real=0.00s
[2022-03-30T23:40:06.855+0800][214.272s] GC(311) Pause Young (Normal) (G1 Preventive Collection)
[2022-03-30T23:40:06.855+0800][214.273s] GC(311) Using 8 workers of 8 for evacuation
[2022-03-30T23:40:06.857+0800][214.274s] GC(311)   Pre Evacuate Collection Set: 0.1ms
[2022-03-30T23:40:06.857+0800][214.274s] GC(311)   Merge Heap Roots: 0.1ms
[2022-03-30T23:40:06.857+0800][214.274s] GC(311)   Evacuate Collection Set: 0.8ms
[2022-03-30T23:40:06.857+0800][214.274s] GC(311)   Post Evacuate Collection Set: 0.3ms
[2022-03-30T23:40:06.857+0800][214.274s] GC(311)   Other: 0.2ms
[2022-03-30T23:40:06.857+0800][214.274s] GC(311) Eden regions: 10->0(23)
[2022-03-30T23:40:06.857+0800][214.274s] GC(311) Survivor regions: 2->2(2)
[2022-03-30T23:40:06.857+0800][214.274s] GC(311) Old regions: 469->469
[2022-03-30T23:40:06.857+0800][214.274s] GC(311) Archive regions: 0->0
[2022-03-30T23:40:06.857+0800][214.274s] GC(311) Humongous regions: 29->29
[2022-03-30T23:40:06.857+0800][214.274s] GC(311) Metaspace: 52620K(52928K)->52620K(52928K) NonClass: 46494K(46656K)->46494K(46656K) Class: 6125K(6272K)->6125K(6272K)
[2022-03-30T23:40:06.857+0800][214.274s] GC(311) Pause Young (Normal) (G1 Preventive Collection) 505M->495M(512M) 1.932ms
[2022-03-30T23:40:06.857+0800][214.274s] GC(311) User=0.00s Sys=0.00s Real=0.00s
[2022-03-30T23:40:06.997+0800][214.415s] GC(306) Concurrent Mark From Roots 933.625ms
[2022-03-30T23:40:06.997+0800][214.415s] GC(306) Concurrent Preclean
[2022-03-30T23:40:06.997+0800][214.415s] GC(306) Concurrent Preclean 0.223ms
[2022-03-30T23:40:06.997+0800][214.415s] GC(306) Pause Remark
[2022-03-30T23:40:07.001+0800][214.418s] GC(306) Pause Remark 504M->504M(512M) 2.786ms
[2022-03-30T23:40:07.001+0800][214.418s] GC(306) User=0.00s Sys=0.00s Real=0.00s
[2022-03-30T23:40:07.001+0800][214.418s] GC(306) Concurrent Mark 936.915ms
[2022-03-30T23:40:07.001+0800][214.418s] GC(306) Concurrent Rebuild Remembered Sets
[2022-03-30T23:40:07.013+0800][214.430s] GC(312) Pause Young (Normal) (G1 Preventive Collection)
[2022-03-30T23:40:07.013+0800][214.430s] GC(312) Using 8 workers of 8 for evacuation
[2022-03-30T23:40:07.013+0800][214.431s] GC(312)   Pre Evacuate Collection Set: 0.1ms
[2022-03-30T23:40:07.013+0800][214.431s] GC(312)   Merge Heap Roots: 0.0ms
[2022-03-30T23:40:07.013+0800][214.431s] GC(312)   Evacuate Collection Set: 0.6ms
[2022-03-30T23:40:07.013+0800][214.431s] GC(312)   Post Evacuate Collection Set: 0.2ms
[2022-03-30T23:40:07.013+0800][214.431s] GC(312)   Other: 0.2ms
[2022-03-30T23:40:07.013+0800][214.431s] GC(312) Eden regions: 10->0(23)
[2022-03-30T23:40:07.013+0800][214.431s] GC(312) Survivor regions: 2->2(2)
[2022-03-30T23:40:07.013+0800][214.431s] GC(312) Old regions: 469->469
[2022-03-30T23:40:07.013+0800][214.431s] GC(312) Archive regions: 0->0
[2022-03-30T23:40:07.013+0800][214.431s] GC(312) Humongous regions: 29->29
[2022-03-30T23:40:07.013+0800][214.431s] GC(312) Metaspace: 52620K(52928K)->52620K(52928K) NonClass: 46494K(46656K)->46494K(46656K) Class: 6125K(6272K)->6125K(6272K)
[2022-03-30T23:40:07.013+0800][214.431s] GC(312) Pause Young (Normal) (G1 Preventive Collection) 505M->495M(512M) 1.243ms
[2022-03-30T23:40:07.014+0800][214.431s] GC(312) User=0.00s Sys=0.00s Real=0.00s
[2022-03-30T23:40:07.148+0800][214.565s] GC(313) Pause Young (Normal) (G1 Preventive Collection)
[2022-03-30T23:40:07.148+0800][214.566s] GC(313) Using 8 workers of 8 for evacuation
[2022-03-30T23:40:07.149+0800][214.567s] GC(313)   Pre Evacuate Collection Set: 0.1ms
[2022-03-30T23:40:07.149+0800][214.567s] GC(313)   Merge Heap Roots: 0.0ms
[2022-03-30T23:40:07.149+0800][214.567s] GC(313)   Evacuate Collection Set: 0.6ms
[2022-03-30T23:40:07.149+0800][214.567s] GC(313)   Post Evacuate Collection Set: 0.3ms
[2022-03-30T23:40:07.149+0800][214.567s] GC(313)   Other: 0.3ms
[2022-03-30T23:40:07.149+0800][214.567s] GC(313) Eden regions: 10->0(23)
[2022-03-30T23:40:07.149+0800][214.567s] GC(313) Survivor regions: 2->2(2)
[2022-03-30T23:40:07.149+0800][214.567s] GC(313) Old regions: 469->469
[2022-03-30T23:40:07.149+0800][214.567s] GC(313) Archive regions: 0->0
[2022-03-30T23:40:07.149+0800][214.567s] GC(313) Humongous regions: 29->29
[2022-03-30T23:40:07.149+0800][214.567s] GC(313) Metaspace: 52620K(52928K)->52620K(52928K) NonClass: 46494K(46656K)->46494K(46656K) Class: 6125K(6272K)->6125K(6272K)
[2022-03-30T23:40:07.149+0800][214.567s] GC(313) Pause Young (Normal) (G1 Preventive Collection) 505M->495M(512M) 1.437ms
[2022-03-30T23:40:07.149+0800][214.567s] GC(313) User=0.00s Sys=0.00s Real=0.00s
[2022-03-30T23:40:07.314+0800][214.731s] GC(314) Pause Young (Normal) (G1 Preventive Collection)
[2022-03-30T23:40:07.314+0800][214.731s] GC(314) Using 8 workers of 8 for evacuation
[2022-03-30T23:40:07.315+0800][214.732s] GC(314)   Pre Evacuate Collection Set: 0.1ms
[2022-03-30T23:40:07.315+0800][214.732s] GC(314)   Merge Heap Roots: 0.1ms
[2022-03-30T23:40:07.315+0800][214.732s] GC(314)   Evacuate Collection Set: 0.6ms
[2022-03-30T23:40:07.315+0800][214.732s] GC(314)   Post Evacuate Collection Set: 0.3ms
[2022-03-30T23:40:07.315+0800][214.733s] GC(314)   Other: 0.2ms
[2022-03-30T23:40:07.315+0800][214.733s] GC(314) Eden regions: 10->0(23)
[2022-03-30T23:40:07.315+0800][214.733s] GC(314) Survivor regions: 2->2(2)
[2022-03-30T23:40:07.315+0800][214.733s] GC(314) Old regions: 469->469
[2022-03-30T23:40:07.315+0800][214.733s] GC(314) Archive regions: 0->0
[2022-03-30T23:40:07.315+0800][214.733s] GC(314) Humongous regions: 29->29
[2022-03-30T23:40:07.315+0800][214.733s] GC(314) Metaspace: 52620K(52928K)->52620K(52928K) NonClass: 46494K(46656K)->46494K(46656K) Class: 6125K(6272K)->6125K(6272K)
[2022-03-30T23:40:07.315+0800][214.733s] GC(314) Pause Young (Normal) (G1 Preventive Collection) 505M->495M(512M) 1.684ms
[2022-03-30T23:40:07.315+0800][214.733s] GC(314) User=0.00s Sys=0.00s Real=0.00s
[2022-03-30T23:40:07.475+0800][214.893s] GC(306) Concurrent Rebuild Remembered Sets 475.039ms
[2022-03-30T23:40:07.476+0800][214.893s] GC(306) Pause Cleanup
[2022-03-30T23:40:07.476+0800][214.894s] GC(306) Pause Cleanup 504M->504M(512M) 0.327ms
[2022-03-30T23:40:07.476+0800][214.894s] GC(306) User=0.00s Sys=0.00s Real=0.00s
[2022-03-30T23:40:07.476+0800][214.894s] GC(306) Concurrent Cleanup for Next Mark
[2022-03-30T23:40:07.477+0800][214.894s] GC(306) Concurrent Cleanup for Next Mark 0.543ms
[2022-03-30T23:40:07.477+0800][214.894s] GC(306) Concurrent Mark Cycle 1415.272ms
[2022-03-30T23:40:07.488+0800][214.906s] GC(315) Pause Young (Normal) (G1 Preventive Collection)
[2022-03-30T23:40:07.488+0800][214.906s] GC(315) Using 8 workers of 8 for evacuation
[2022-03-30T23:40:07.490+0800][214.908s] GC(315)   Pre Evacuate Collection Set: 0.1ms
[2022-03-30T23:40:07.490+0800][214.908s] GC(315)   Merge Heap Roots: 0.1ms
[2022-03-30T23:40:07.490+0800][214.908s] GC(315)   Evacuate Collection Set: 0.8ms
[2022-03-30T23:40:07.490+0800][214.908s] GC(315)   Post Evacuate Collection Set: 0.4ms
[2022-03-30T23:40:07.490+0800][214.908s] GC(315)   Other: 0.2ms
[2022-03-30T23:40:07.490+0800][214.908s] GC(315) Eden regions: 10->0(23)
[2022-03-30T23:40:07.490+0800][214.908s] GC(315) Survivor regions: 2->2(2)
[2022-03-30T23:40:07.490+0800][214.908s] GC(315) Old regions: 469->469
[2022-03-30T23:40:07.490+0800][214.908s] GC(315) Archive regions: 0->0
[2022-03-30T23:40:07.490+0800][214.908s] GC(315) Humongous regions: 29->29
[2022-03-30T23:40:07.491+0800][214.908s] GC(315) Metaspace: 52620K(52928K)->52620K(52928K) NonClass: 46494K(46656K)->46494K(46656K) Class: 6125K(6272K)->6125K(6272K)
[2022-03-30T23:40:07.491+0800][214.908s] GC(315) Pause Young (Normal) (G1 Preventive Collection) 505M->495M(512M) 1.918ms
[2022-03-30T23:40:07.491+0800][214.908s] GC(315) User=0.02s Sys=0.00s Real=0.00s
[2022-03-30T23:40:07.670+0800][215.088s] GC(316) Pause Young (Concurrent Start) (G1 Preventive Collection)
[2022-03-30T23:40:07.670+0800][215.089s] GC(316) Using 8 workers of 8 for evacuation
[2022-03-30T23:40:07.673+0800][215.090s] GC(316)   Pre Evacuate Collection Set: 0.1ms
[2022-03-30T23:40:07.673+0800][215.090s] GC(316)   Merge Heap Roots: 0.1ms
[2022-03-30T23:40:07.673+0800][215.090s] GC(316)   Evacuate Collection Set: 0.7ms
[2022-03-30T23:40:07.673+0800][215.090s] GC(316)   Post Evacuate Collection Set: 0.3ms
[2022-03-30T23:40:07.673+0800][215.090s] GC(316)   Other: 0.2ms
[2022-03-30T23:40:07.673+0800][215.090s] GC(316) Eden regions: 10->0(23)
[2022-03-30T23:40:07.673+0800][215.090s] GC(316) Survivor regions: 2->2(2)
[2022-03-30T23:40:07.673+0800][215.090s] GC(316) Old regions: 469->469
[2022-03-30T23:40:07.673+0800][215.090s] GC(316) Archive regions: 0->0
[2022-03-30T23:40:07.673+0800][215.090s] GC(316) Humongous regions: 29->29
[2022-03-30T23:40:07.673+0800][215.090s] GC(316) Metaspace: 52620K(52928K)->52620K(52928K) NonClass: 46494K(46656K)->46494K(46656K) Class: 6125K(6272K)->6125K(6272K)
[2022-03-30T23:40:07.673+0800][215.090s] GC(316) Pause Young (Concurrent Start) (G1 Preventive Collection) 505M->495M(512M) 1.543ms
[2022-03-30T23:40:07.673+0800][215.090s] GC(316) User=0.00s Sys=0.00s Real=0.00s
[2022-03-30T23:40:07.673+0800][215.090s] GC(317) Concurrent Mark Cycle
[2022-03-30T23:40:07.673+0800][215.090s] GC(317) Concurrent Clear Claimed Marks
[2022-03-30T23:40:07.673+0800][215.090s] GC(317) Concurrent Clear Claimed Marks 0.030ms
[2022-03-30T23:40:07.673+0800][215.090s] GC(317) Concurrent Scan Root Regions
[2022-03-30T23:40:07.675+0800][215.092s] GC(317) Concurrent Scan Root Regions 2.053ms
[2022-03-30T23:40:07.675+0800][215.092s] GC(317) Concurrent Mark
[2022-03-30T23:40:07.675+0800][215.092s] GC(317) Concurrent Mark From Roots
[2022-03-30T23:40:07.675+0800][215.092s] GC(317) Using 2 workers of 2 for marking
[2022-03-30T23:40:07.857+0800][215.274s] GC(318) Pause Young (Normal) (G1 Preventive Collection)
[2022-03-30T23:40:07.857+0800][215.274s] GC(318) Using 8 workers of 8 for evacuation
[2022-03-30T23:40:07.858+0800][215.275s] GC(318)   Pre Evacuate Collection Set: 0.1ms
[2022-03-30T23:40:07.858+0800][215.275s] GC(318)   Merge Heap Roots: 0.0ms
[2022-03-30T23:40:07.858+0800][215.275s] GC(318)   Evacuate Collection Set: 0.8ms
[2022-03-30T23:40:07.858+0800][215.276s] GC(318)   Post Evacuate Collection Set: 0.3ms
[2022-03-30T23:40:07.858+0800][215.276s] GC(318)   Other: 0.3ms
[2022-03-30T23:40:07.858+0800][215.276s] GC(318) Eden regions: 10->0(23)
[2022-03-30T23:40:07.858+0800][215.276s] GC(318) Survivor regions: 2->2(2)
[2022-03-30T23:40:07.858+0800][215.276s] GC(318) Old regions: 469->469
[2022-03-30T23:40:07.858+0800][215.276s] GC(318) Archive regions: 0->0
[2022-03-30T23:40:07.858+0800][215.276s] GC(318) Humongous regions: 29->29
[2022-03-30T23:40:07.858+0800][215.276s] GC(318) Metaspace: 52620K(52928K)->52620K(52928K) NonClass: 46494K(46656K)->46494K(46656K) Class: 6125K(6272K)->6125K(6272K)
[2022-03-30T23:40:07.858+0800][215.276s] GC(318) Pause Young (Normal) (G1 Preventive Collection) 505M->495M(512M) 1.728ms
[2022-03-30T23:40:07.858+0800][215.276s] GC(318) User=0.00s Sys=0.00s Real=0.00s
[2022-03-30T23:40:08.029+0800][215.446s] GC(319) Pause Young (Normal) (G1 Preventive Collection)
[2022-03-30T23:40:08.029+0800][215.446s] GC(319) Using 8 workers of 8 for evacuation
[2022-03-30T23:40:08.030+0800][215.447s] GC(319)   Pre Evacuate Collection Set: 0.1ms
[2022-03-30T23:40:08.030+0800][215.447s] GC(319)   Merge Heap Roots: 0.0ms
[2022-03-30T23:40:08.030+0800][215.447s] GC(319)   Evacuate Collection Set: 0.7ms
[2022-03-30T23:40:08.030+0800][215.447s] GC(319)   Post Evacuate Collection Set: 0.2ms
[2022-03-30T23:40:08.030+0800][215.447s] GC(319)   Other: 0.2ms
[2022-03-30T23:40:08.030+0800][215.447s] GC(319) Eden regions: 10->0(23)
[2022-03-30T23:40:08.030+0800][215.447s] GC(319) Survivor regions: 2->2(2)
[2022-03-30T23:40:08.030+0800][215.447s] GC(319) Old regions: 469->469
[2022-03-30T23:40:08.030+0800][215.447s] GC(319) Archive regions: 0->0
[2022-03-30T23:40:08.030+0800][215.447s] GC(319) Humongous regions: 29->29
[2022-03-30T23:40:08.030+0800][215.447s] GC(319) Metaspace: 52620K(52928K)->52620K(52928K) NonClass: 46494K(46656K)->46494K(46656K) Class: 6125K(6272K)->6125K(6272K)
[2022-03-30T23:40:08.030+0800][215.447s] GC(319) Pause Young (Normal) (G1 Preventive Collection) 505M->495M(512M) 1.407ms
[2022-03-30T23:40:08.030+0800][215.447s] GC(319) User=0.00s Sys=0.00s Real=0.00s
[2022-03-30T23:40:08.167+0800][215.585s] GC(320) Pause Young (Normal) (G1 Preventive Collection)
[2022-03-30T23:40:08.167+0800][215.585s] GC(320) Using 8 workers of 8 for evacuation
[2022-03-30T23:40:08.168+0800][215.586s] GC(320)   Pre Evacuate Collection Set: 0.1ms
[2022-03-30T23:40:08.169+0800][215.586s] GC(320)   Merge Heap Roots: 0.0ms
[2022-03-30T23:40:08.169+0800][215.586s] GC(320)   Evacuate Collection Set: 0.6ms
[2022-03-30T23:40:08.169+0800][215.586s] GC(320)   Post Evacuate Collection Set: 0.2ms
[2022-03-30T23:40:08.169+0800][215.586s] GC(320)   Other: 0.2ms
[2022-03-30T23:40:08.169+0800][215.586s] GC(320) Eden regions: 10->0(23)
[2022-03-30T23:40:08.169+0800][215.586s] GC(320) Survivor regions: 2->2(2)
[2022-03-30T23:40:08.169+0800][215.586s] GC(320) Old regions: 469->469
[2022-03-30T23:40:08.169+0800][215.586s] GC(320) Archive regions: 0->0
[2022-03-30T23:40:08.169+0800][215.586s] GC(320) Humongous regions: 29->29
[2022-03-30T23:40:08.169+0800][215.586s] GC(320) Metaspace: 52620K(52928K)->52620K(52928K) NonClass: 46494K(46656K)->46494K(46656K) Class: 6125K(6272K)->6125K(6272K)
[2022-03-30T23:40:08.169+0800][215.586s] GC(320) Pause Young (Normal) (G1 Preventive Collection) 505M->495M(512M) 1.196ms
[2022-03-30T23:40:08.169+0800][215.586s] GC(320) User=0.00s Sys=0.00s Real=0.00s
[2022-03-30T23:40:08.296+0800][215.713s] GC(321) Pause Young (Normal) (G1 Preventive Collection)
[2022-03-30T23:40:08.296+0800][215.713s] GC(321) Using 8 workers of 8 for evacuation
[2022-03-30T23:40:08.296+0800][215.714s] GC(321)   Pre Evacuate Collection Set: 0.1ms
[2022-03-30T23:40:08.296+0800][215.714s] GC(321)   Merge Heap Roots: 0.0ms
[2022-03-30T23:40:08.296+0800][215.714s] GC(321)   Evacuate Collection Set: 0.5ms
[2022-03-30T23:40:08.296+0800][215.714s] GC(321)   Post Evacuate Collection Set: 0.2ms
[2022-03-30T23:40:08.296+0800][215.714s] GC(321)   Other: 0.2ms
[2022-03-30T23:40:08.296+0800][215.714s] GC(321) Eden regions: 10->0(23)
[2022-03-30T23:40:08.296+0800][215.714s] GC(321) Survivor regions: 2->2(2)
[2022-03-30T23:40:08.296+0800][215.714s] GC(321) Old regions: 469->469
[2022-03-30T23:40:08.296+0800][215.714s] GC(321) Archive regions: 0->0
[2022-03-30T23:40:08.296+0800][215.714s] GC(321) Humongous regions: 29->29
[2022-03-30T23:40:08.296+0800][215.714s] GC(321) Metaspace: 52620K(52928K)->52620K(52928K) NonClass: 46494K(46656K)->46494K(46656K) Class: 6125K(6272K)->6125K(6272K)
[2022-03-30T23:40:08.296+0800][215.714s] GC(321) Pause Young (Normal) (G1 Preventive Collection) 505M->495M(512M) 1.111ms
[2022-03-30T23:40:08.296+0800][215.714s] GC(321) User=0.00s Sys=0.00s Real=0.00s
[2022-03-30T23:40:08.477+0800][215.894s] GC(322) Pause Young (Normal) (G1 Preventive Collection)
[2022-03-30T23:40:08.477+0800][215.894s] GC(322) Using 8 workers of 8 for evacuation
[2022-03-30T23:40:08.478+0800][215.896s] GC(322)   Pre Evacuate Collection Set: 0.1ms
[2022-03-30T23:40:08.478+0800][215.896s] GC(322)   Merge Heap Roots: 0.0ms
[2022-03-30T23:40:08.478+0800][215.896s] GC(322)   Evacuate Collection Set: 0.7ms
[2022-03-30T23:40:08.478+0800][215.896s] GC(322)   Post Evacuate Collection Set: 0.3ms
[2022-03-30T23:40:08.478+0800][215.896s] GC(322)   Other: 0.4ms
[2022-03-30T23:40:08.478+0800][215.896s] GC(322) Eden regions: 10->0(24)
[2022-03-30T23:40:08.478+0800][215.896s] GC(322) Survivor regions: 2->1(2)
[2022-03-30T23:40:08.478+0800][215.896s] GC(322) Old regions: 469->469
[2022-03-30T23:40:08.478+0800][215.896s] GC(322) Archive regions: 0->0
[2022-03-30T23:40:08.478+0800][215.896s] GC(322) Humongous regions: 29->29
[2022-03-30T23:40:08.478+0800][215.896s] GC(322) Metaspace: 52620K(52928K)->52620K(52928K) NonClass: 46494K(46656K)->46494K(46656K) Class: 6125K(6272K)->6125K(6272K)
[2022-03-30T23:40:08.478+0800][215.896s] GC(322) Pause Young (Normal) (G1 Preventive Collection) 505M->495M(512M) 1.567ms
[2022-03-30T23:40:08.478+0800][215.896s] GC(322) User=0.00s Sys=0.00s Real=0.00s
[2022-03-30T23:40:08.576+0800][215.993s] GC(317) Concurrent Mark From Roots 900.984ms
[2022-03-30T23:40:08.576+0800][215.993s] GC(317) Concurrent Preclean
[2022-03-30T23:40:08.577+0800][215.994s] GC(317) Concurrent Preclean 0.546ms
[2022-03-30T23:40:08.577+0800][215.994s] GC(317) Pause Remark
[2022-03-30T23:40:08.580+0800][215.997s] GC(317) Pause Remark 502M->502M(512M) 2.846ms
[2022-03-30T23:40:08.580+0800][215.997s] GC(317) User=0.00s Sys=0.00s Real=0.00s
[2022-03-30T23:40:08.580+0800][215.997s] GC(317) Concurrent Mark 904.741ms
[2022-03-30T23:40:08.580+0800][215.997s] GC(317) Concurrent Rebuild Remembered Sets
[2022-03-30T23:40:08.650+0800][216.067s] GC(323) Pause Young (Normal) (G1 Preventive Collection)
[2022-03-30T23:40:08.650+0800][216.067s] GC(323) Using 8 workers of 8 for evacuation
[2022-03-30T23:40:08.651+0800][216.068s] GC(323)   Pre Evacuate Collection Set: 0.1ms
[2022-03-30T23:40:08.651+0800][216.068s] GC(323)   Merge Heap Roots: 0.0ms
[2022-03-30T23:40:08.651+0800][216.068s] GC(323)   Evacuate Collection Set: 0.6ms
[2022-03-30T23:40:08.651+0800][216.068s] GC(323)   Post Evacuate Collection Set: 0.3ms
[2022-03-30T23:40:08.651+0800][216.068s] GC(323)   Other: 0.2ms
[2022-03-30T23:40:08.651+0800][216.068s] GC(323) Eden regions: 12->0(24)
[2022-03-30T23:40:08.651+0800][216.069s] GC(323) Survivor regions: 1->1(1)
[2022-03-30T23:40:08.651+0800][216.069s] GC(323) Old regions: 469->469
[2022-03-30T23:40:08.651+0800][216.069s] GC(323) Archive regions: 0->0
[2022-03-30T23:40:08.651+0800][216.069s] GC(323) Humongous regions: 29->29
[2022-03-30T23:40:08.651+0800][216.069s] GC(323) Metaspace: 52620K(52928K)->52620K(52928K) NonClass: 46494K(46656K)->46494K(46656K) Class: 6125K(6272K)->6125K(6272K)
[2022-03-30T23:40:08.651+0800][216.069s] GC(323) Pause Young (Normal) (G1 Preventive Collection) 507M->495M(512M) 1.509ms
[2022-03-30T23:40:08.651+0800][216.069s] GC(323) User=0.00s Sys=0.00s Real=0.00s
[2022-03-30T23:40:08.803+0800][216.221s] GC(324) Pause Young (Normal) (G1 Preventive Collection)
[2022-03-30T23:40:08.803+0800][216.221s] GC(324) Using 8 workers of 8 for evacuation
[2022-03-30T23:40:08.804+0800][216.221s] GC(324)   Pre Evacuate Collection Set: 0.0ms
[2022-03-30T23:40:08.804+0800][216.221s] GC(324)   Merge Heap Roots: 0.0ms
[2022-03-30T23:40:08.804+0800][216.221s] GC(324)   Evacuate Collection Set: 0.5ms
[2022-03-30T23:40:08.804+0800][216.221s] GC(324)   Post Evacuate Collection Set: 0.2ms
[2022-03-30T23:40:08.804+0800][216.221s] GC(324)   Other: 0.1ms
[2022-03-30T23:40:08.804+0800][216.221s] GC(324) Eden regions: 11->0(24)
[2022-03-30T23:40:08.804+0800][216.221s] GC(324) Survivor regions: 1->1(2)
[2022-03-30T23:40:08.804+0800][216.222s] GC(324) Old regions: 469->469
[2022-03-30T23:40:08.804+0800][216.222s] GC(324) Archive regions: 0->0
[2022-03-30T23:40:08.804+0800][216.222s] GC(324) Humongous regions: 29->29
[2022-03-30T23:40:08.804+0800][216.222s] GC(324) Metaspace: 52620K(52928K)->52620K(52928K) NonClass: 46494K(46656K)->46494K(46656K) Class: 6125K(6272K)->6125K(6272K)
[2022-03-30T23:40:08.804+0800][216.222s] GC(324) Pause Young (Normal) (G1 Preventive Collection) 506M->495M(512M) 1.053ms
[2022-03-30T23:40:08.804+0800][216.222s] GC(324) User=0.11s Sys=0.00s Real=0.00s
[2022-03-30T23:40:08.970+0800][216.387s] GC(325) Pause Young (Normal) (G1 Preventive Collection)
[2022-03-30T23:40:08.970+0800][216.387s] GC(325) Using 8 workers of 8 for evacuation
[2022-03-30T23:40:08.971+0800][216.388s] GC(325)   Pre Evacuate Collection Set: 0.1ms
[2022-03-30T23:40:08.971+0800][216.388s] GC(325)   Merge Heap Roots: 0.1ms
[2022-03-30T23:40:08.971+0800][216.388s] GC(325)   Evacuate Collection Set: 0.5ms
[2022-03-30T23:40:08.971+0800][216.388s] GC(325)   Post Evacuate Collection Set: 0.3ms
[2022-03-30T23:40:08.971+0800][216.388s] GC(325)   Other: 0.3ms
[2022-03-30T23:40:08.971+0800][216.388s] GC(325) Eden regions: 11->0(24)
[2022-03-30T23:40:08.971+0800][216.388s] GC(325) Survivor regions: 1->1(2)
[2022-03-30T23:40:08.971+0800][216.388s] GC(325) Old regions: 469->469
[2022-03-30T23:40:08.971+0800][216.389s] GC(325) Archive regions: 0->0
[2022-03-30T23:40:08.971+0800][216.389s] GC(325) Humongous regions: 29->29
[2022-03-30T23:40:08.971+0800][216.389s] GC(325) Metaspace: 52620K(52928K)->52620K(52928K) NonClass: 46494K(46656K)->46494K(46656K) Class: 6125K(6272K)->6125K(6272K)
[2022-03-30T23:40:08.971+0800][216.389s] GC(325) Pause Young (Normal) (G1 Preventive Collection) 506M->495M(512M) 1.512ms
[2022-03-30T23:40:08.971+0800][216.389s] GC(325) User=0.00s Sys=0.00s Real=0.00s
[2022-03-30T23:40:08.997+0800][216.414s] GC(317) Concurrent Rebuild Remembered Sets 416.707ms
[2022-03-30T23:40:08.997+0800][216.414s] GC(317) Pause Cleanup
[2022-03-30T23:40:08.997+0800][216.414s] GC(317) Pause Cleanup 497M->497M(512M) 0.151ms
[2022-03-30T23:40:08.997+0800][216.414s] GC(317) User=0.00s Sys=0.00s Real=0.00s
[2022-03-30T23:40:08.997+0800][216.414s] GC(317) Concurrent Cleanup for Next Mark
[2022-03-30T23:40:08.997+0800][216.414s] GC(317) Concurrent Cleanup for Next Mark 0.248ms
[2022-03-30T23:40:08.997+0800][216.414s] GC(317) Concurrent Mark Cycle 1324.362ms
[2022-03-30T23:40:09.125+0800][216.542s] GC(326) Pause Young (Normal) (G1 Preventive Collection)
[2022-03-30T23:40:09.125+0800][216.542s] GC(326) Using 8 workers of 8 for evacuation
[2022-03-30T23:40:09.126+0800][216.544s] GC(326)   Pre Evacuate Collection Set: 0.1ms
[2022-03-30T23:40:09.126+0800][216.544s] GC(326)   Merge Heap Roots: 0.0ms
[2022-03-30T23:40:09.126+0800][216.544s] GC(326)   Evacuate Collection Set: 0.7ms
[2022-03-30T23:40:09.126+0800][216.544s] GC(326)   Post Evacuate Collection Set: 0.3ms
[2022-03-30T23:40:09.127+0800][216.544s] GC(326)   Other: 0.3ms
[2022-03-30T23:40:09.127+0800][216.544s] GC(326) Eden regions: 11->0(24)
[2022-03-30T23:40:09.127+0800][216.544s] GC(326) Survivor regions: 1->1(2)
[2022-03-30T23:40:09.127+0800][216.544s] GC(326) Old regions: 469->469
[2022-03-30T23:40:09.127+0800][216.544s] GC(326) Archive regions: 0->0
[2022-03-30T23:40:09.127+0800][216.544s] GC(326) Humongous regions: 29->29
[2022-03-30T23:40:09.127+0800][216.544s] GC(326) Metaspace: 52620K(52928K)->52620K(52928K) NonClass: 46494K(46656K)->46494K(46656K) Class: 6125K(6272K)->6125K(6272K)
[2022-03-30T23:40:09.127+0800][216.544s] GC(326) Pause Young (Normal) (G1 Preventive Collection) 506M->495M(512M) 1.873ms
[2022-03-30T23:40:09.127+0800][216.544s] GC(326) User=0.00s Sys=0.00s Real=0.00s
[2022-03-30T23:40:51.686+0800][259.103s] GC(327) Pause Young (Concurrent Start) (G1 Preventive Collection)
[2022-03-30T23:40:51.686+0800][259.103s] GC(327) Using 8 workers of 8 for evacuation
[2022-03-30T23:40:51.687+0800][259.104s] GC(327)   Pre Evacuate Collection Set: 0.1ms
[2022-03-30T23:40:51.687+0800][259.104s] GC(327)   Merge Heap Roots: 0.0ms
[2022-03-30T23:40:51.687+0800][259.104s] GC(327)   Evacuate Collection Set: 0.6ms
[2022-03-30T23:40:51.687+0800][259.104s] GC(327)   Post Evacuate Collection Set: 0.2ms
[2022-03-30T23:40:51.687+0800][259.104s] GC(327)   Other: 0.1ms
[2022-03-30T23:40:51.687+0800][259.104s] GC(327) Eden regions: 11->0(23)
[2022-03-30T23:40:51.687+0800][259.104s] GC(327) Survivor regions: 1->2(2)
[2022-03-30T23:40:51.687+0800][259.104s] GC(327) Old regions: 469->469
[2022-03-30T23:40:51.687+0800][259.104s] GC(327) Archive regions: 0->0
[2022-03-30T23:40:51.687+0800][259.105s] GC(327) Humongous regions: 29->29
[2022-03-30T23:40:51.687+0800][259.105s] GC(327) Metaspace: 52627K(52928K)->52627K(52928K) NonClass: 46501K(46656K)->46501K(46656K) Class: 6126K(6272K)->6126K(6272K)
[2022-03-30T23:40:51.687+0800][259.105s] GC(327) Pause Young (Concurrent Start) (G1 Preventive Collection) 506M->495M(512M) 1.210ms
[2022-03-30T23:40:51.687+0800][259.105s] GC(327) User=0.00s Sys=0.00s Real=0.00s
[2022-03-30T23:40:51.687+0800][259.105s] GC(328) Concurrent Mark Cycle
[2022-03-30T23:40:51.687+0800][259.105s] GC(328) Concurrent Clear Claimed Marks
[2022-03-30T23:40:51.687+0800][259.105s] GC(328) Concurrent Clear Claimed Marks 0.025ms
[2022-03-30T23:40:51.687+0800][259.105s] GC(328) Concurrent Scan Root Regions
[2022-03-30T23:40:51.688+0800][259.105s] GC(328) Concurrent Scan Root Regions 0.627ms
[2022-03-30T23:40:51.688+0800][259.105s] GC(328) Concurrent Mark
[2022-03-30T23:40:51.688+0800][259.105s] GC(328) Concurrent Mark From Roots
[2022-03-30T23:40:51.688+0800][259.105s] GC(328) Using 2 workers of 2 for marking
[2022-03-30T23:40:51.797+0800][259.215s] GC(329) Pause Young (Normal) (G1 Preventive Collection)
[2022-03-30T23:40:51.798+0800][259.215s] GC(329) Using 8 workers of 8 for evacuation
[2022-03-30T23:40:51.799+0800][259.216s] GC(329)   Pre Evacuate Collection Set: 0.1ms
[2022-03-30T23:40:51.799+0800][259.216s] GC(329)   Merge Heap Roots: 0.0ms
[2022-03-30T23:40:51.799+0800][259.216s] GC(329)   Evacuate Collection Set: 0.7ms
[2022-03-30T23:40:51.799+0800][259.216s] GC(329)   Post Evacuate Collection Set: 0.3ms
[2022-03-30T23:40:51.799+0800][259.216s] GC(329)   Other: 0.2ms
[2022-03-30T23:40:51.799+0800][259.216s] GC(329) Eden regions: 10->0(23)
[2022-03-30T23:40:51.799+0800][259.216s] GC(329) Survivor regions: 2->2(2)
[2022-03-30T23:40:51.799+0800][259.216s] GC(329) Old regions: 469->469
[2022-03-30T23:40:51.799+0800][259.216s] GC(329) Archive regions: 0->0
[2022-03-30T23:40:51.799+0800][259.216s] GC(329) Humongous regions: 29->29
[2022-03-30T23:40:51.799+0800][259.216s] GC(329) Metaspace: 52627K(52928K)->52627K(52928K) NonClass: 46501K(46656K)->46501K(46656K) Class: 6126K(6272K)->6126K(6272K)
[2022-03-30T23:40:51.799+0800][259.216s] GC(329) Pause Young (Normal) (G1 Preventive Collection) 505M->495M(512M) 1.437ms
[2022-03-30T23:40:51.799+0800][259.216s] GC(329) User=0.00s Sys=0.00s Real=0.00s
[2022-03-30T23:40:51.891+0800][259.311s] GC(330) Pause Young (Normal) (G1 Preventive Collection)
[2022-03-30T23:40:51.891+0800][259.311s] GC(330) Using 8 workers of 8 for evacuation
[2022-03-30T23:40:51.891+0800][259.312s] GC(330)   Pre Evacuate Collection Set: 0.0ms
[2022-03-30T23:40:51.891+0800][259.312s] GC(330)   Merge Heap Roots: 0.0ms
[2022-03-30T23:40:51.891+0800][259.312s] GC(330)   Evacuate Collection Set: 0.5ms
[2022-03-30T23:40:51.891+0800][259.312s] GC(330)   Post Evacuate Collection Set: 0.2ms
[2022-03-30T23:40:51.891+0800][259.312s] GC(330)   Other: 0.1ms
[2022-03-30T23:40:51.891+0800][259.312s] GC(330) Eden regions: 10->0(23)
[2022-03-30T23:40:51.891+0800][259.312s] GC(330) Survivor regions: 2->2(2)
[2022-03-30T23:40:51.891+0800][259.312s] GC(330) Old regions: 469->469
[2022-03-30T23:40:51.891+0800][259.312s] GC(330) Archive regions: 0->0
[2022-03-30T23:40:51.891+0800][259.312s] GC(330) Humongous regions: 29->29
[2022-03-30T23:40:51.891+0800][259.312s] GC(330) Metaspace: 52627K(52928K)->52627K(52928K) NonClass: 46501K(46656K)->46501K(46656K) Class: 6126K(6272K)->6126K(6272K)
[2022-03-30T23:40:51.891+0800][259.312s] GC(330) Pause Young (Normal) (G1 Preventive Collection) 505M->495M(512M) 1.002ms
[2022-03-30T23:40:51.891+0800][259.312s] GC(330) User=0.00s Sys=0.00s Real=0.00s
[2022-03-30T23:40:51.973+0800][259.403s] GC(331) Pause Young (Normal) (G1 Preventive Collection)
[2022-03-30T23:40:51.973+0800][259.403s] GC(331) Using 8 workers of 8 for evacuation
[2022-03-30T23:40:51.973+0800][259.404s] GC(331)   Pre Evacuate Collection Set: 0.0ms
[2022-03-30T23:40:51.973+0800][259.404s] GC(331)   Merge Heap Roots: 0.0ms
[2022-03-30T23:40:51.973+0800][259.404s] GC(331)   Evacuate Collection Set: 0.5ms
[2022-03-30T23:40:51.973+0800][259.404s] GC(331)   Post Evacuate Collection Set: 0.2ms
[2022-03-30T23:40:51.973+0800][259.404s] GC(331)   Other: 0.1ms
[2022-03-30T23:40:51.973+0800][259.404s] GC(331) Eden regions: 10->0(23)
[2022-03-30T23:40:51.973+0800][259.404s] GC(331) Survivor regions: 2->2(2)
[2022-03-30T23:40:51.973+0800][259.404s] GC(331) Old regions: 469->469
[2022-03-30T23:40:51.973+0800][259.404s] GC(331) Archive regions: 0->0
[2022-03-30T23:40:51.973+0800][259.404s] GC(331) Humongous regions: 29->29
[2022-03-30T23:40:51.973+0800][259.404s] GC(331) Metaspace: 52627K(52928K)->52627K(52928K) NonClass: 46501K(46656K)->46501K(46656K) Class: 6126K(6272K)->6126K(6272K)
[2022-03-30T23:40:51.973+0800][259.404s] GC(331) Pause Young (Normal) (G1 Preventive Collection) 505M->495M(512M) 1.022ms
[2022-03-30T23:40:51.973+0800][259.404s] GC(331) User=0.00s Sys=0.00s Real=0.00s
[2022-03-30T23:40:52.086+0800][259.504s] GC(332) Pause Young (Normal) (G1 Preventive Collection)
[2022-03-30T23:40:52.086+0800][259.504s] GC(332) Using 8 workers of 8 for evacuation
[2022-03-30T23:40:52.086+0800][259.505s] GC(332)   Pre Evacuate Collection Set: 0.1ms
[2022-03-30T23:40:52.086+0800][259.505s] GC(332)   Merge Heap Roots: 0.0ms
[2022-03-30T23:40:52.087+0800][259.505s] GC(332)   Evacuate Collection Set: 0.5ms
[2022-03-30T23:40:52.087+0800][259.505s] GC(332)   Post Evacuate Collection Set: 0.2ms
[2022-03-30T23:40:52.087+0800][259.505s] GC(332)   Other: 0.3ms
[2022-03-30T23:40:52.087+0800][259.505s] GC(332) Eden regions: 10->0(23)
[2022-03-30T23:40:52.087+0800][259.505s] GC(332) Survivor regions: 2->2(2)
[2022-03-30T23:40:52.087+0800][259.505s] GC(332) Old regions: 469->469
[2022-03-30T23:40:52.087+0800][259.505s] GC(332) Archive regions: 0->0
[2022-03-30T23:40:52.087+0800][259.505s] GC(332) Humongous regions: 29->29
[2022-03-30T23:40:52.087+0800][259.505s] GC(332) Metaspace: 52627K(52928K)->52627K(52928K) NonClass: 46501K(46656K)->46501K(46656K) Class: 6126K(6272K)->6126K(6272K)
[2022-03-30T23:40:52.087+0800][259.505s] GC(332) Pause Young (Normal) (G1 Preventive Collection) 505M->495M(512M) 1.206ms
[2022-03-30T23:40:52.087+0800][259.505s] GC(332) User=0.00s Sys=0.00s Real=0.00s
[2022-03-30T23:40:52.177+0800][259.596s] GC(333) Pause Young (Normal) (G1 Preventive Collection)
[2022-03-30T23:40:52.177+0800][259.596s] GC(333) Using 8 workers of 8 for evacuation
[2022-03-30T23:40:52.177+0800][259.597s] GC(333)   Pre Evacuate Collection Set: 0.0ms
[2022-03-30T23:40:52.177+0800][259.597s] GC(333)   Merge Heap Roots: 0.0ms
[2022-03-30T23:40:52.177+0800][259.597s] GC(333)   Evacuate Collection Set: 0.5ms
[2022-03-30T23:40:52.177+0800][259.597s] GC(333)   Post Evacuate Collection Set: 0.2ms
[2022-03-30T23:40:52.177+0800][259.597s] GC(333)   Other: 0.1ms
[2022-03-30T23:40:52.177+0800][259.597s] GC(333) Eden regions: 10->0(23)
[2022-03-30T23:40:52.177+0800][259.597s] GC(333) Survivor regions: 2->2(2)
[2022-03-30T23:40:52.177+0800][259.597s] GC(333) Old regions: 469->469
[2022-03-30T23:40:52.177+0800][259.597s] GC(333) Archive regions: 0->0
[2022-03-30T23:40:52.177+0800][259.597s] GC(333) Humongous regions: 29->29
[2022-03-30T23:40:52.177+0800][259.597s] GC(333) Metaspace: 52627K(52928K)->52627K(52928K) NonClass: 46501K(46656K)->46501K(46656K) Class: 6126K(6272K)->6126K(6272K)
[2022-03-30T23:40:52.177+0800][259.597s] GC(333) Pause Young (Normal) (G1 Preventive Collection) 505M->495M(512M) 1.080ms
[2022-03-30T23:40:52.177+0800][259.597s] GC(333) User=0.00s Sys=0.00s Real=0.00s
[2022-03-30T23:40:52.210+0800][259.639s] GC(328) Concurrent Mark From Roots 533.959ms
[2022-03-30T23:40:52.210+0800][259.639s] GC(328) Concurrent Preclean
[2022-03-30T23:40:52.210+0800][259.639s] GC(328) Concurrent Preclean 0.150ms
[2022-03-30T23:40:52.210+0800][259.640s] GC(328) Pause Remark
[2022-03-30T23:40:52.210+0800][259.642s] GC(328) Pause Remark 500M->500M(512M) 2.340ms
[2022-03-30T23:40:52.210+0800][259.642s] GC(328) User=0.00s Sys=0.00s Real=0.00s
[2022-03-30T23:40:52.210+0800][259.642s] GC(328) Concurrent Mark 536.718ms
[2022-03-30T23:40:52.210+0800][259.642s] GC(328) Concurrent Rebuild Remembered Sets
[2022-03-30T23:40:52.259+0800][259.686s] GC(334) Pause Young (Normal) (G1 Preventive Collection)
[2022-03-30T23:40:52.259+0800][259.687s] GC(334) Using 8 workers of 8 for evacuation
[2022-03-30T23:40:52.270+0800][259.687s] GC(334)   Pre Evacuate Collection Set: 0.1ms
[2022-03-30T23:40:52.270+0800][259.688s] GC(334)   Merge Heap Roots: 0.0ms
[2022-03-30T23:40:52.270+0800][259.688s] GC(334)   Evacuate Collection Set: 0.6ms
[2022-03-30T23:40:52.270+0800][259.688s] GC(334)   Post Evacuate Collection Set: 0.2ms
[2022-03-30T23:40:52.270+0800][259.688s] GC(334)   Other: 0.1ms
[2022-03-30T23:40:52.270+0800][259.688s] GC(334) Eden regions: 10->0(23)
[2022-03-30T23:40:52.270+0800][259.688s] GC(334) Survivor regions: 2->2(2)
[2022-03-30T23:40:52.270+0800][259.688s] GC(334) Old regions: 469->469
[2022-03-30T23:40:52.270+0800][259.688s] GC(334) Archive regions: 0->0
[2022-03-30T23:40:52.270+0800][259.688s] GC(334) Humongous regions: 29->29
[2022-03-30T23:40:52.270+0800][259.688s] GC(334) Metaspace: 52627K(52928K)->52627K(52928K) NonClass: 46501K(46656K)->46501K(46656K) Class: 6126K(6272K)->6126K(6272K)
[2022-03-30T23:40:52.270+0800][259.688s] GC(334) Pause Young (Normal) (G1 Preventive Collection) 505M->495M(512M) 1.193ms
[2022-03-30T23:40:52.270+0800][259.688s] GC(334) User=0.00s Sys=0.00s Real=0.01s
[2022-03-30T23:40:52.359+0800][259.781s] GC(335) Pause Young (Normal) (G1 Preventive Collection)
[2022-03-30T23:40:52.359+0800][259.781s] GC(335) Using 8 workers of 8 for evacuation
[2022-03-30T23:40:52.359+0800][259.782s] GC(335)   Pre Evacuate Collection Set: 0.0ms
[2022-03-30T23:40:52.359+0800][259.782s] GC(335)   Merge Heap Roots: 0.0ms
[2022-03-30T23:40:52.359+0800][259.782s] GC(335)   Evacuate Collection Set: 0.6ms
[2022-03-30T23:40:52.359+0800][259.782s] GC(335)   Post Evacuate Collection Set: 0.2ms
[2022-03-30T23:40:52.359+0800][259.782s] GC(335)   Other: 0.1ms
[2022-03-30T23:40:52.359+0800][259.782s] GC(335) Eden regions: 10->0(23)
[2022-03-30T23:40:52.359+0800][259.782s] GC(335) Survivor regions: 2->2(2)
[2022-03-30T23:40:52.359+0800][259.782s] GC(335) Old regions: 469->469
[2022-03-30T23:40:52.359+0800][259.782s] GC(335) Archive regions: 0->0
[2022-03-30T23:40:52.359+0800][259.782s] GC(335) Humongous regions: 29->29
[2022-03-30T23:40:52.359+0800][259.782s] GC(335) Metaspace: 52627K(52928K)->52627K(52928K) NonClass: 46501K(46656K)->46501K(46656K) Class: 6126K(6272K)->6126K(6272K)
[2022-03-30T23:40:52.359+0800][259.782s] GC(335) Pause Young (Normal) (G1 Preventive Collection) 505M->495M(512M) 1.212ms
[2022-03-30T23:40:52.359+0800][259.782s] GC(335) User=0.00s Sys=0.00s Real=0.00s
[2022-03-30T23:40:52.458+0800][259.881s] GC(336) Pause Young (Normal) (G1 Preventive Collection)
[2022-03-30T23:40:52.458+0800][259.881s] GC(336) Using 8 workers of 8 for evacuation
[2022-03-30T23:40:52.464+0800][259.882s] GC(336)   Pre Evacuate Collection Set: 0.1ms
[2022-03-30T23:40:52.464+0800][259.882s] GC(336)   Merge Heap Roots: 0.0ms
[2022-03-30T23:40:52.464+0800][259.882s] GC(336)   Evacuate Collection Set: 0.5ms
[2022-03-30T23:40:52.464+0800][259.882s] GC(336)   Post Evacuate Collection Set: 0.2ms
[2022-03-30T23:40:52.464+0800][259.882s] GC(336)   Other: 0.1ms
[2022-03-30T23:40:52.464+0800][259.882s] GC(336) Eden regions: 10->0(23)
[2022-03-30T23:40:52.464+0800][259.882s] GC(336) Survivor regions: 2->2(2)
[2022-03-30T23:40:52.464+0800][259.882s] GC(336) Old regions: 469->469
[2022-03-30T23:40:52.464+0800][259.882s] GC(336) Archive regions: 0->0
[2022-03-30T23:40:52.464+0800][259.882s] GC(336) Humongous regions: 29->29
[2022-03-30T23:40:52.464+0800][259.882s] GC(336) Metaspace: 52627K(52928K)->52627K(52928K) NonClass: 46501K(46656K)->46501K(46656K) Class: 6126K(6272K)->6126K(6272K)
[2022-03-30T23:40:52.464+0800][259.882s] GC(336) Pause Young (Normal) (G1 Preventive Collection) 505M->495M(512M) 1.145ms
[2022-03-30T23:40:52.464+0800][259.882s] GC(336) User=0.02s Sys=0.00s Real=0.01s
[2022-03-30T23:40:52.480+0800][259.898s] GC(328) Concurrent Rebuild Remembered Sets 256.131ms
[2022-03-30T23:40:52.480+0800][259.898s] GC(328) Pause Cleanup
[2022-03-30T23:40:52.480+0800][259.898s] GC(328) Pause Cleanup 497M->497M(512M) 0.140ms
[2022-03-30T23:40:52.480+0800][259.898s] GC(328) User=0.00s Sys=0.00s Real=0.00s
[2022-03-30T23:40:52.480+0800][259.899s] GC(328) Concurrent Cleanup for Next Mark
[2022-03-30T23:40:52.480+0800][259.899s] GC(328) Concurrent Cleanup for Next Mark 0.309ms
[2022-03-30T23:40:52.480+0800][259.899s] GC(328) Concurrent Mark Cycle 794.281ms
[2022-03-30T23:40:52.550+0800][259.967s] GC(337) Pause Young (Normal) (G1 Preventive Collection)
[2022-03-30T23:40:52.550+0800][259.967s] GC(337) Using 8 workers of 8 for evacuation
[2022-03-30T23:40:52.551+0800][259.968s] GC(337)   Pre Evacuate Collection Set: 0.2ms
[2022-03-30T23:40:52.551+0800][259.968s] GC(337)   Merge Heap Roots: 0.1ms
[2022-03-30T23:40:52.551+0800][259.969s] GC(337)   Evacuate Collection Set: 0.5ms
[2022-03-30T23:40:52.551+0800][259.969s] GC(337)   Post Evacuate Collection Set: 0.3ms
[2022-03-30T23:40:52.551+0800][259.969s] GC(337)   Other: 0.2ms
[2022-03-30T23:40:52.551+0800][259.969s] GC(337) Eden regions: 10->0(23)
[2022-03-30T23:40:52.551+0800][259.969s] GC(337) Survivor regions: 2->2(2)
[2022-03-30T23:40:52.551+0800][259.969s] GC(337) Old regions: 469->469
[2022-03-30T23:40:52.551+0800][259.969s] GC(337) Archive regions: 0->0
[2022-03-30T23:40:52.551+0800][259.969s] GC(337) Humongous regions: 29->29
[2022-03-30T23:40:52.551+0800][259.969s] GC(337) Metaspace: 52627K(52928K)->52627K(52928K) NonClass: 46501K(46656K)->46501K(46656K) Class: 6126K(6272K)->6126K(6272K)
[2022-03-30T23:40:52.551+0800][259.969s] GC(337) Pause Young (Normal) (G1 Preventive Collection) 505M->495M(512M) 1.408ms
[2022-03-30T23:40:52.551+0800][259.969s] GC(337) User=0.00s Sys=0.00s Real=0.00s
[2022-03-30T23:40:52.616+0800][260.040s] GC(338) Pause Young (Concurrent Start) (G1 Preventive Collection)
[2022-03-30T23:40:52.616+0800][260.040s] GC(338) Using 8 workers of 8 for evacuation
[2022-03-30T23:40:52.616+0800][260.041s] GC(338)   Pre Evacuate Collection Set: 0.1ms
[2022-03-30T23:40:52.616+0800][260.041s] GC(338)   Merge Heap Roots: 0.0ms
[2022-03-30T23:40:52.616+0800][260.041s] GC(338)   Evacuate Collection Set: 0.5ms
[2022-03-30T23:40:52.616+0800][260.041s] GC(338)   Post Evacuate Collection Set: 0.2ms
[2022-03-30T23:40:52.616+0800][260.041s] GC(338)   Other: 0.2ms
[2022-03-30T23:40:52.616+0800][260.041s] GC(338) Eden regions: 10->0(23)
[2022-03-30T23:40:52.616+0800][260.041s] GC(338) Survivor regions: 2->2(2)
[2022-03-30T23:40:52.616+0800][260.041s] GC(338) Old regions: 469->469
[2022-03-30T23:40:52.616+0800][260.041s] GC(338) Archive regions: 0->0
[2022-03-30T23:40:52.616+0800][260.041s] GC(338) Humongous regions: 29->29
[2022-03-30T23:40:52.616+0800][260.041s] GC(338) Metaspace: 52627K(52928K)->52627K(52928K) NonClass: 46501K(46656K)->46501K(46656K) Class: 6126K(6272K)->6126K(6272K)
[2022-03-30T23:40:52.616+0800][260.041s] GC(338) Pause Young (Concurrent Start) (G1 Preventive Collection) 505M->495M(512M) 1.057ms
[2022-03-30T23:40:52.616+0800][260.041s] GC(338) User=0.00s Sys=0.00s Real=0.00s
[2022-03-30T23:40:52.616+0800][260.041s] GC(339) Concurrent Mark Cycle
[2022-03-30T23:40:52.616+0800][260.041s] GC(339) Concurrent Clear Claimed Marks
[2022-03-30T23:40:52.616+0800][260.041s] GC(339) Concurrent Clear Claimed Marks 0.016ms
[2022-03-30T23:40:52.616+0800][260.041s] GC(339) Concurrent Scan Root Regions
[2022-03-30T23:40:52.616+0800][260.042s] GC(339) Concurrent Scan Root Regions 0.739ms
[2022-03-30T23:40:52.616+0800][260.042s] GC(339) Concurrent Mark
[2022-03-30T23:40:52.616+0800][260.042s] GC(339) Concurrent Mark From Roots
[2022-03-30T23:40:52.616+0800][260.042s] GC(339) Using 2 workers of 2 for marking
[2022-03-30T23:40:52.711+0800][260.129s] GC(340) Pause Young (Normal) (G1 Preventive Collection)
[2022-03-30T23:40:52.711+0800][260.129s] GC(340) Using 8 workers of 8 for evacuation
[2022-03-30T23:40:52.713+0800][260.130s] GC(340)   Pre Evacuate Collection Set: 0.1ms
[2022-03-30T23:40:52.713+0800][260.130s] GC(340)   Merge Heap Roots: 0.1ms
[2022-03-30T23:40:52.713+0800][260.130s] GC(340)   Evacuate Collection Set: 0.6ms
[2022-03-30T23:40:52.713+0800][260.130s] GC(340)   Post Evacuate Collection Set: 0.3ms
[2022-03-30T23:40:52.713+0800][260.130s] GC(340)   Other: 0.1ms
[2022-03-30T23:40:52.713+0800][260.130s] GC(340) Eden regions: 10->0(23)
[2022-03-30T23:40:52.713+0800][260.130s] GC(340) Survivor regions: 2->2(2)
[2022-03-30T23:40:52.713+0800][260.130s] GC(340) Old regions: 469->469
[2022-03-30T23:40:52.713+0800][260.130s] GC(340) Archive regions: 0->0
[2022-03-30T23:40:52.713+0800][260.130s] GC(340) Humongous regions: 29->29
[2022-03-30T23:40:52.713+0800][260.130s] GC(340) Metaspace: 52627K(52928K)->52627K(52928K) NonClass: 46501K(46656K)->46501K(46656K) Class: 6126K(6272K)->6126K(6272K)
[2022-03-30T23:40:52.713+0800][260.130s] GC(340) Pause Young (Normal) (G1 Preventive Collection) 505M->495M(512M) 1.365ms
[2022-03-30T23:40:52.713+0800][260.130s] GC(340) User=0.00s Sys=0.00s Real=0.00s
[2022-03-30T23:40:52.814+0800][260.231s] GC(341) Pause Young (Normal) (G1 Preventive Collection)
[2022-03-30T23:40:52.814+0800][260.231s] GC(341) Using 8 workers of 8 for evacuation
[2022-03-30T23:40:52.815+0800][260.232s] GC(341)   Pre Evacuate Collection Set: 0.1ms
[2022-03-30T23:40:52.815+0800][260.233s] GC(341)   Merge Heap Roots: 0.0ms
[2022-03-30T23:40:52.815+0800][260.233s] GC(341)   Evacuate Collection Set: 0.6ms
[2022-03-30T23:40:52.815+0800][260.233s] GC(341)   Post Evacuate Collection Set: 0.2ms
[2022-03-30T23:40:52.815+0800][260.233s] GC(341)   Other: 0.1ms
[2022-03-30T23:40:52.815+0800][260.233s] GC(341) Eden regions: 10->0(23)
[2022-03-30T23:40:52.815+0800][260.233s] GC(341) Survivor regions: 2->2(2)
[2022-03-30T23:40:52.815+0800][260.233s] GC(341) Old regions: 469->469
[2022-03-30T23:40:52.815+0800][260.233s] GC(341) Archive regions: 0->0
[2022-03-30T23:40:52.815+0800][260.233s] GC(341) Humongous regions: 29->29
[2022-03-30T23:40:52.815+0800][260.233s] GC(341) Metaspace: 52627K(52928K)->52627K(52928K) NonClass: 46501K(46656K)->46501K(46656K) Class: 6126K(6272K)->6126K(6272K)
[2022-03-30T23:40:52.815+0800][260.233s] GC(341) Pause Young (Normal) (G1 Preventive Collection) 505M->495M(512M) 1.215ms
[2022-03-30T23:40:52.815+0800][260.233s] GC(341) User=0.00s Sys=0.00s Real=0.00s
[2022-03-30T23:40:52.951+0800][260.368s] GC(342) Pause Young (Normal) (G1 Preventive Collection)
[2022-03-30T23:40:52.951+0800][260.368s] GC(342) Using 8 workers of 8 for evacuation
[2022-03-30T23:40:52.952+0800][260.369s] GC(342)   Pre Evacuate Collection Set: 0.1ms
[2022-03-30T23:40:52.952+0800][260.369s] GC(342)   Merge Heap Roots: 0.0ms
[2022-03-30T23:40:52.952+0800][260.369s] GC(342)   Evacuate Collection Set: 0.7ms
[2022-03-30T23:40:52.952+0800][260.369s] GC(342)   Post Evacuate Collection Set: 0.3ms
[2022-03-30T23:40:52.952+0800][260.370s] GC(342)   Other: 0.2ms
[2022-03-30T23:40:52.952+0800][260.370s] GC(342) Eden regions: 10->0(23)
[2022-03-30T23:40:52.952+0800][260.370s] GC(342) Survivor regions: 2->2(2)
[2022-03-30T23:40:52.952+0800][260.370s] GC(342) Old regions: 469->469
[2022-03-30T23:40:52.952+0800][260.370s] GC(342) Archive regions: 0->0
[2022-03-30T23:40:52.952+0800][260.370s] GC(342) Humongous regions: 29->29
[2022-03-30T23:40:52.952+0800][260.370s] GC(342) Metaspace: 52627K(52928K)->52627K(52928K) NonClass: 46501K(46656K)->46501K(46656K) Class: 6126K(6272K)->6126K(6272K)
[2022-03-30T23:40:52.952+0800][260.370s] GC(342) Pause Young (Normal) (G1 Preventive Collection) 505M->495M(512M) 1.548ms
[2022-03-30T23:40:52.952+0800][260.370s] GC(342) User=0.00s Sys=0.00s Real=0.00s
[2022-03-30T23:40:53.120+0800][260.537s] GC(343) Pause Young (Normal) (G1 Preventive Collection)
[2022-03-30T23:40:53.120+0800][260.537s] GC(343) Using 8 workers of 8 for evacuation
[2022-03-30T23:40:53.121+0800][260.538s] GC(343)   Pre Evacuate Collection Set: 0.1ms
[2022-03-30T23:40:53.121+0800][260.538s] GC(343)   Merge Heap Roots: 0.0ms
[2022-03-30T23:40:53.121+0800][260.538s] GC(343)   Evacuate Collection Set: 0.7ms
[2022-03-30T23:40:53.121+0800][260.538s] GC(343)   Post Evacuate Collection Set: 0.3ms
[2022-03-30T23:40:53.121+0800][260.538s] GC(343)   Other: 0.2ms
[2022-03-30T23:40:53.121+0800][260.538s] GC(343) Eden regions: 10->0(23)
[2022-03-30T23:40:53.121+0800][260.538s] GC(343) Survivor regions: 2->2(2)
[2022-03-30T23:40:53.121+0800][260.538s] GC(343) Old regions: 469->469
[2022-03-30T23:40:53.121+0800][260.538s] GC(343) Archive regions: 0->0
[2022-03-30T23:40:53.121+0800][260.539s] GC(343) Humongous regions: 29->29
[2022-03-30T23:40:53.121+0800][260.539s] GC(343) Metaspace: 52627K(52928K)->52627K(52928K) NonClass: 46501K(46656K)->46501K(46656K) Class: 6126K(6272K)->6126K(6272K)
[2022-03-30T23:40:53.121+0800][260.539s] GC(343) Pause Young (Normal) (G1 Preventive Collection) 505M->495M(512M) 1.534ms
[2022-03-30T23:40:53.121+0800][260.539s] GC(343) User=0.00s Sys=0.00s Real=0.00s
[2022-03-30T23:40:53.253+0800][260.670s] GC(344) Pause Young (Normal) (G1 Preventive Collection)
[2022-03-30T23:40:53.253+0800][260.670s] GC(344) Using 8 workers of 8 for evacuation
[2022-03-30T23:40:53.254+0800][260.671s] GC(344)   Pre Evacuate Collection Set: 0.1ms
[2022-03-30T23:40:53.254+0800][260.671s] GC(344)   Merge Heap Roots: 0.0ms
[2022-03-30T23:40:53.254+0800][260.671s] GC(344)   Evacuate Collection Set: 0.6ms
[2022-03-30T23:40:53.254+0800][260.671s] GC(344)   Post Evacuate Collection Set: 0.3ms
[2022-03-30T23:40:53.254+0800][260.671s] GC(344)   Other: 0.3ms
[2022-03-30T23:40:53.254+0800][260.671s] GC(344) Eden regions: 10->0(24)
[2022-03-30T23:40:53.254+0800][260.671s] GC(344) Survivor regions: 2->1(2)
[2022-03-30T23:40:53.254+0800][260.671s] GC(344) Old regions: 469->469
[2022-03-30T23:40:53.254+0800][260.671s] GC(344) Archive regions: 0->0
[2022-03-30T23:40:53.254+0800][260.671s] GC(344) Humongous regions: 29->29
[2022-03-30T23:40:53.254+0800][260.671s] GC(344) Metaspace: 52627K(52928K)->52627K(52928K) NonClass: 46501K(46656K)->46501K(46656K) Class: 6126K(6272K)->6126K(6272K)
[2022-03-30T23:40:53.254+0800][260.671s] GC(344) Pause Young (Normal) (G1 Preventive Collection) 505M->495M(512M) 1.569ms
[2022-03-30T23:40:53.254+0800][260.671s] GC(344) User=0.00s Sys=0.00s Real=0.00s
[2022-03-30T23:40:53.306+0800][260.725s] GC(339) Concurrent Mark From Roots 682.433ms
[2022-03-30T23:40:53.307+0800][260.725s] GC(339) Concurrent Preclean
[2022-03-30T23:40:53.308+0800][260.725s] GC(339) Concurrent Preclean 0.271ms
[2022-03-30T23:40:53.308+0800][260.725s] GC(339) Pause Remark
[2022-03-30T23:40:53.313+0800][260.730s] GC(339) Pause Remark 499M->499M(512M) 4.990ms
[2022-03-30T23:40:53.313+0800][260.730s] GC(339) User=0.00s Sys=0.00s Real=0.00s
[2022-03-30T23:40:53.313+0800][260.730s] GC(339) Concurrent Mark 688.088ms
[2022-03-30T23:40:53.313+0800][260.730s] GC(339) Concurrent Rebuild Remembered Sets
[2022-03-30T23:40:53.438+0800][260.855s] GC(345) Pause Young (Normal) (G1 Preventive Collection)
[2022-03-30T23:40:53.438+0800][260.855s] GC(345) Using 8 workers of 8 for evacuation
[2022-03-30T23:40:53.439+0800][260.856s] GC(345)   Pre Evacuate Collection Set: 0.0ms
[2022-03-30T23:40:53.439+0800][260.856s] GC(345)   Merge Heap Roots: 0.0ms
[2022-03-30T23:40:53.439+0800][260.856s] GC(345)   Evacuate Collection Set: 0.5ms
[2022-03-30T23:40:53.439+0800][260.856s] GC(345)   Post Evacuate Collection Set: 0.3ms
[2022-03-30T23:40:53.439+0800][260.856s] GC(345)   Other: 0.1ms
[2022-03-30T23:40:53.439+0800][260.856s] GC(345) Eden regions: 12->0(24)
[2022-03-30T23:40:53.439+0800][260.856s] GC(345) Survivor regions: 1->1(1)
[2022-03-30T23:40:53.439+0800][260.856s] GC(345) Old regions: 469->469
[2022-03-30T23:40:53.439+0800][260.856s] GC(345) Archive regions: 0->0
[2022-03-30T23:40:53.439+0800][260.856s] GC(345) Humongous regions: 29->29
[2022-03-30T23:40:53.439+0800][260.856s] GC(345) Metaspace: 52627K(52928K)->52627K(52928K) NonClass: 46501K(46656K)->46501K(46656K) Class: 6126K(6272K)->6126K(6272K)
[2022-03-30T23:40:53.439+0800][260.856s] GC(345) Pause Young (Normal) (G1 Preventive Collection) 507M->495M(512M) 1.195ms
[2022-03-30T23:40:53.439+0800][260.857s] GC(345) User=0.00s Sys=0.00s Real=0.00s
[2022-03-30T23:40:53.594+0800][261.011s] GC(346) Pause Young (Normal) (G1 Preventive Collection)
[2022-03-30T23:40:53.594+0800][261.011s] GC(346) Using 8 workers of 8 for evacuation
[2022-03-30T23:40:53.595+0800][261.013s] GC(346)   Pre Evacuate Collection Set: 0.1ms
[2022-03-30T23:40:53.595+0800][261.013s] GC(346)   Merge Heap Roots: 0.1ms
[2022-03-30T23:40:53.595+0800][261.013s] GC(346)   Evacuate Collection Set: 0.9ms
[2022-03-30T23:40:53.595+0800][261.013s] GC(346)   Post Evacuate Collection Set: 0.3ms
[2022-03-30T23:40:53.596+0800][261.013s] GC(346)   Other: 0.2ms
[2022-03-30T23:40:53.596+0800][261.013s] GC(346) Eden regions: 12->0(24)
[2022-03-30T23:40:53.596+0800][261.013s] GC(346) Survivor regions: 1->1(1)
[2022-03-30T23:40:53.596+0800][261.013s] GC(346) Old regions: 469->469
[2022-03-30T23:40:53.596+0800][261.013s] GC(346) Archive regions: 0->0
[2022-03-30T23:40:53.596+0800][261.013s] GC(346) Humongous regions: 29->29
[2022-03-30T23:40:53.596+0800][261.013s] GC(346) Metaspace: 52627K(52928K)->52627K(52928K) NonClass: 46501K(46656K)->46501K(46656K) Class: 6126K(6272K)->6126K(6272K)
[2022-03-30T23:40:53.596+0800][261.013s] GC(346) Pause Young (Normal) (G1 Preventive Collection) 507M->495M(512M) 1.769ms
[2022-03-30T23:40:53.596+0800][261.013s] GC(346) User=0.00s Sys=0.00s Real=0.00s
[2022-03-30T23:40:53.660+0800][261.077s] GC(339) Concurrent Rebuild Remembered Sets 346.973ms
[2022-03-30T23:40:53.660+0800][261.077s] GC(339) Pause Cleanup
[2022-03-30T23:40:53.660+0800][261.078s] GC(339) Pause Cleanup 501M->501M(512M) 0.231ms
[2022-03-30T23:40:53.660+0800][261.078s] GC(339) User=0.00s Sys=0.00s Real=0.00s
[2022-03-30T23:40:53.660+0800][261.078s] GC(339) Concurrent Cleanup for Next Mark
[2022-03-30T23:40:53.661+0800][261.078s] GC(339) Concurrent Cleanup for Next Mark 0.308ms
[2022-03-30T23:40:53.661+0800][261.078s] GC(339) Concurrent Mark Cycle 1036.812ms
[2022-03-30T23:40:53.712+0800][261.130s] GC(347) Pause Young (Normal) (G1 Preventive Collection)
[2022-03-30T23:40:53.713+0800][261.130s] GC(347) Using 8 workers of 8 for evacuation
[2022-03-30T23:40:53.714+0800][261.131s] GC(347)   Pre Evacuate Collection Set: 0.1ms
[2022-03-30T23:40:53.714+0800][261.131s] GC(347)   Merge Heap Roots: 0.0ms
[2022-03-30T23:40:53.714+0800][261.131s] GC(347)   Evacuate Collection Set: 0.5ms
[2022-03-30T23:40:53.714+0800][261.131s] GC(347)   Post Evacuate Collection Set: 0.2ms
[2022-03-30T23:40:53.714+0800][261.131s] GC(347)   Other: 0.2ms
[2022-03-30T23:40:53.714+0800][261.131s] GC(347) Eden regions: 11->0(24)
[2022-03-30T23:40:53.714+0800][261.131s] GC(347) Survivor regions: 1->1(2)
[2022-03-30T23:40:53.714+0800][261.131s] GC(347) Old regions: 469->469
[2022-03-30T23:40:53.714+0800][261.131s] GC(347) Archive regions: 0->0
[2022-03-30T23:40:53.714+0800][261.131s] GC(347) Humongous regions: 29->29
[2022-03-30T23:40:53.714+0800][261.131s] GC(347) Metaspace: 52627K(52928K)->52627K(52928K) NonClass: 46501K(46656K)->46501K(46656K) Class: 6126K(6272K)->6126K(6272K)
[2022-03-30T23:40:53.714+0800][261.131s] GC(347) Pause Young (Normal) (G1 Preventive Collection) 506M->495M(512M) 1.117ms
[2022-03-30T23:40:53.714+0800][261.131s] GC(347) User=0.00s Sys=0.00s Real=0.00s
[2022-03-30T23:40:53.815+0800][261.233s] GC(348) Pause Young (Concurrent Start) (G1 Preventive Collection)
[2022-03-30T23:40:53.815+0800][261.233s] GC(348) Using 8 workers of 8 for evacuation
[2022-03-30T23:40:53.817+0800][261.234s] GC(348)   Pre Evacuate Collection Set: 0.1ms
[2022-03-30T23:40:53.817+0800][261.234s] GC(348)   Merge Heap Roots: 0.0ms
[2022-03-30T23:40:53.817+0800][261.234s] GC(348)   Evacuate Collection Set: 0.6ms
[2022-03-30T23:40:53.817+0800][261.234s] GC(348)   Post Evacuate Collection Set: 0.2ms
[2022-03-30T23:40:53.817+0800][261.234s] GC(348)   Other: 0.2ms
[2022-03-30T23:40:53.817+0800][261.234s] GC(348) Eden regions: 11->0(24)
[2022-03-30T23:40:53.817+0800][261.234s] GC(348) Survivor regions: 1->1(2)
[2022-03-30T23:40:53.817+0800][261.234s] GC(348) Old regions: 469->469
[2022-03-30T23:40:53.817+0800][261.234s] GC(348) Archive regions: 0->0
[2022-03-30T23:40:53.817+0800][261.234s] GC(348) Humongous regions: 29->29
[2022-03-30T23:40:53.817+0800][261.234s] GC(348) Metaspace: 52627K(52928K)->52627K(52928K) NonClass: 46501K(46656K)->46501K(46656K) Class: 6126K(6272K)->6126K(6272K)
[2022-03-30T23:40:53.817+0800][261.234s] GC(348) Pause Young (Concurrent Start) (G1 Preventive Collection) 506M->495M(512M) 1.345ms
[2022-03-30T23:40:53.817+0800][261.234s] GC(348) User=0.00s Sys=0.00s Real=0.00s
[2022-03-30T23:40:53.817+0800][261.234s] GC(349) Concurrent Mark Cycle
[2022-03-30T23:40:53.817+0800][261.234s] GC(349) Concurrent Clear Claimed Marks
[2022-03-30T23:40:53.817+0800][261.234s] GC(349) Concurrent Clear Claimed Marks 0.019ms
[2022-03-30T23:40:53.817+0800][261.234s] GC(349) Concurrent Scan Root Regions
[2022-03-30T23:40:53.818+0800][261.235s] GC(349) Concurrent Scan Root Regions 1.113ms
[2022-03-30T23:40:53.818+0800][261.236s] GC(349) Concurrent Mark
[2022-03-30T23:40:53.818+0800][261.236s] GC(349) Concurrent Mark From Roots
[2022-03-30T23:40:53.818+0800][261.236s] GC(349) Using 2 workers of 2 for marking
[2022-03-30T23:40:54.480+0800][261.898s] GC(349) Concurrent Mark From Roots 662.244ms
[2022-03-30T23:40:54.480+0800][261.898s] GC(349) Concurrent Preclean
[2022-03-30T23:40:54.481+0800][261.898s] GC(349) Concurrent Preclean 0.414ms
[2022-03-30T23:40:54.481+0800][261.898s] GC(349) Pause Remark
[2022-03-30T23:40:54.484+0800][261.901s] GC(349) Pause Remark 497M->497M(512M) 2.766ms
[2022-03-30T23:40:54.484+0800][261.901s] GC(349) User=0.00s Sys=0.00s Real=0.00s
[2022-03-30T23:40:54.484+0800][261.901s] GC(349) Concurrent Mark 665.733ms
[2022-03-30T23:40:54.484+0800][261.901s] GC(349) Concurrent Rebuild Remembered Sets
[2022-03-30T23:40:54.776+0800][262.194s] GC(349) Concurrent Rebuild Remembered Sets 292.451ms
[2022-03-30T23:40:54.777+0800][262.194s] GC(349) Pause Cleanup
[2022-03-30T23:40:54.777+0800][262.194s] GC(349) Pause Cleanup 497M->497M(512M) 0.216ms
[2022-03-30T23:40:54.777+0800][262.194s] GC(349) User=0.00s Sys=0.00s Real=0.00s
[2022-03-30T23:40:54.777+0800][262.194s] GC(349) Concurrent Cleanup for Next Mark
[2022-03-30T23:40:54.777+0800][262.195s] GC(349) Concurrent Cleanup for Next Mark 0.331ms
[2022-03-30T23:40:54.777+0800][262.195s] GC(349) Concurrent Mark Cycle 960.279ms
[2022-03-30T23:41:03.324+0800][270.741s] GC(350) Pause Young (Normal) (G1 Preventive Collection)
[2022-03-30T23:41:03.324+0800][270.741s] GC(350) Using 8 workers of 8 for evacuation
[2022-03-30T23:41:03.325+0800][270.743s] GC(350)   Pre Evacuate Collection Set: 0.1ms
[2022-03-30T23:41:03.325+0800][270.743s] GC(350)   Merge Heap Roots: 0.0ms
[2022-03-30T23:41:03.325+0800][270.743s] GC(350)   Evacuate Collection Set: 0.6ms
[2022-03-30T23:41:03.325+0800][270.743s] GC(350)   Post Evacuate Collection Set: 0.3ms
[2022-03-30T23:41:03.325+0800][270.743s] GC(350)   Other: 0.3ms
[2022-03-30T23:41:03.325+0800][270.743s] GC(350) Eden regions: 11->0(23)
[2022-03-30T23:41:03.325+0800][270.743s] GC(350) Survivor regions: 1->2(2)
[2022-03-30T23:41:03.325+0800][270.743s] GC(350) Old regions: 469->469
[2022-03-30T23:41:03.325+0800][270.743s] GC(350) Archive regions: 0->0
[2022-03-30T23:41:03.325+0800][270.743s] GC(350) Humongous regions: 29->29
[2022-03-30T23:41:03.325+0800][270.743s] GC(350) Metaspace: 52627K(52928K)->52627K(52928K) NonClass: 46501K(46656K)->46501K(46656K) Class: 6126K(6272K)->6126K(6272K)
[2022-03-30T23:41:03.325+0800][270.743s] GC(350) Pause Young (Normal) (G1 Preventive Collection) 506M->495M(512M) 1.372ms
[2022-03-30T23:41:03.325+0800][270.743s] GC(350) User=0.00s Sys=0.00s Real=0.00s
[2022-03-30T23:41:03.389+0800][270.807s] GC(351) Pause Young (Concurrent Start) (G1 Preventive Collection)
[2022-03-30T23:41:03.389+0800][270.807s] GC(351) Using 8 workers of 8 for evacuation
[2022-03-30T23:41:03.390+0800][270.808s] GC(351)   Pre Evacuate Collection Set: 0.1ms
[2022-03-30T23:41:03.390+0800][270.808s] GC(351)   Merge Heap Roots: 0.0ms
[2022-03-30T23:41:03.390+0800][270.808s] GC(351)   Evacuate Collection Set: 0.6ms
[2022-03-30T23:41:03.390+0800][270.808s] GC(351)   Post Evacuate Collection Set: 0.3ms
[2022-03-30T23:41:03.390+0800][270.808s] GC(351)   Other: 0.2ms
[2022-03-30T23:41:03.391+0800][270.808s] GC(351) Eden regions: 10->0(23)
[2022-03-30T23:41:03.391+0800][270.809s] GC(351) Survivor regions: 2->2(2)
[2022-03-30T23:41:03.391+0800][270.809s] GC(351) Old regions: 469->469
[2022-03-30T23:41:03.391+0800][270.809s] GC(351) Archive regions: 0->0
[2022-03-30T23:41:03.391+0800][270.809s] GC(351) Humongous regions: 29->29
[2022-03-30T23:41:03.391+0800][270.809s] GC(351) Metaspace: 52627K(52928K)->52627K(52928K) NonClass: 46501K(46656K)->46501K(46656K) Class: 6126K(6272K)->6126K(6272K)
[2022-03-30T23:41:03.391+0800][270.809s] GC(351) Pause Young (Concurrent Start) (G1 Preventive Collection) 505M->495M(512M) 1.478ms
[2022-03-30T23:41:03.391+0800][270.809s] GC(351) User=0.00s Sys=0.00s Real=0.00s
[2022-03-30T23:41:03.391+0800][270.809s] GC(352) Concurrent Mark Cycle
[2022-03-30T23:41:03.391+0800][270.809s] GC(352) Concurrent Clear Claimed Marks
[2022-03-30T23:41:03.391+0800][270.809s] GC(352) Concurrent Clear Claimed Marks 0.027ms
[2022-03-30T23:41:03.391+0800][270.809s] GC(352) Concurrent Scan Root Regions
[2022-03-30T23:41:03.391+0800][270.809s] GC(352) Concurrent Scan Root Regions 0.696ms
[2022-03-30T23:41:03.391+0800][270.809s] GC(352) Concurrent Mark
[2022-03-30T23:41:03.391+0800][270.809s] GC(352) Concurrent Mark From Roots
[2022-03-30T23:41:03.391+0800][270.809s] GC(352) Using 2 workers of 2 for marking
[2022-03-30T23:41:03.472+0800][270.890s] GC(353) Pause Young (Normal) (G1 Preventive Collection)
[2022-03-30T23:41:03.472+0800][270.890s] GC(353) Using 8 workers of 8 for evacuation
[2022-03-30T23:41:03.473+0800][270.891s] GC(353)   Pre Evacuate Collection Set: 0.0ms
[2022-03-30T23:41:03.473+0800][270.891s] GC(353)   Merge Heap Roots: 0.0ms
[2022-03-30T23:41:03.473+0800][270.891s] GC(353)   Evacuate Collection Set: 0.5ms
[2022-03-30T23:41:03.473+0800][270.891s] GC(353)   Post Evacuate Collection Set: 0.3ms
[2022-03-30T23:41:03.473+0800][270.891s] GC(353)   Other: 0.1ms
[2022-03-30T23:41:03.473+0800][270.891s] GC(353) Eden regions: 10->0(23)
[2022-03-30T23:41:03.473+0800][270.891s] GC(353) Survivor regions: 2->2(2)
[2022-03-30T23:41:03.473+0800][270.891s] GC(353) Old regions: 469->469
[2022-03-30T23:41:03.473+0800][270.891s] GC(353) Archive regions: 0->0
[2022-03-30T23:41:03.473+0800][270.891s] GC(353) Humongous regions: 29->29
[2022-03-30T23:41:03.473+0800][270.891s] GC(353) Metaspace: 52627K(52928K)->52627K(52928K) NonClass: 46501K(46656K)->46501K(46656K) Class: 6126K(6272K)->6126K(6272K)
[2022-03-30T23:41:03.473+0800][270.891s] GC(353) Pause Young (Normal) (G1 Preventive Collection) 505M->495M(512M) 1.155ms
[2022-03-30T23:41:03.473+0800][270.891s] GC(353) User=0.00s Sys=0.00s Real=0.00s
[2022-03-30T23:41:03.562+0800][270.979s] GC(354) Pause Young (Normal) (G1 Preventive Collection)
[2022-03-30T23:41:03.562+0800][270.979s] GC(354) Using 8 workers of 8 for evacuation
[2022-03-30T23:41:03.562+0800][270.980s] GC(354)   Pre Evacuate Collection Set: 0.0ms
[2022-03-30T23:41:03.562+0800][270.980s] GC(354)   Merge Heap Roots: 0.0ms
[2022-03-30T23:41:03.562+0800][270.980s] GC(354)   Evacuate Collection Set: 0.4ms
[2022-03-30T23:41:03.562+0800][270.980s] GC(354)   Post Evacuate Collection Set: 0.2ms
[2022-03-30T23:41:03.562+0800][270.980s] GC(354)   Other: 0.2ms
[2022-03-30T23:41:03.562+0800][270.980s] GC(354) Eden regions: 10->0(23)
[2022-03-30T23:41:03.562+0800][270.980s] GC(354) Survivor regions: 2->2(2)
[2022-03-30T23:41:03.562+0800][270.980s] GC(354) Old regions: 469->469
[2022-03-30T23:41:03.562+0800][270.980s] GC(354) Archive regions: 0->0
[2022-03-30T23:41:03.562+0800][270.980s] GC(354) Humongous regions: 29->29
[2022-03-30T23:41:03.562+0800][270.980s] GC(354) Metaspace: 52627K(52928K)->52627K(52928K) NonClass: 46501K(46656K)->46501K(46656K) Class: 6126K(6272K)->6126K(6272K)
[2022-03-30T23:41:03.562+0800][270.980s] GC(354) Pause Young (Normal) (G1 Preventive Collection) 505M->495M(512M) 1.069ms
[2022-03-30T23:41:03.562+0800][270.980s] GC(354) User=0.00s Sys=0.00s Real=0.00s
[2022-03-30T23:41:03.659+0800][271.076s] GC(355) Pause Young (Normal) (G1 Preventive Collection)
[2022-03-30T23:41:03.659+0800][271.076s] GC(355) Using 8 workers of 8 for evacuation
[2022-03-30T23:41:03.659+0800][271.077s] GC(355)   Pre Evacuate Collection Set: 0.0ms
[2022-03-30T23:41:03.659+0800][271.077s] GC(355)   Merge Heap Roots: 0.0ms
[2022-03-30T23:41:03.659+0800][271.077s] GC(355)   Evacuate Collection Set: 0.5ms
[2022-03-30T23:41:03.659+0800][271.077s] GC(355)   Post Evacuate Collection Set: 0.2ms
[2022-03-30T23:41:03.659+0800][271.077s] GC(355)   Other: 0.1ms
[2022-03-30T23:41:03.660+0800][271.077s] GC(355) Eden regions: 10->0(23)
[2022-03-30T23:41:03.660+0800][271.077s] GC(355) Survivor regions: 2->2(2)
[2022-03-30T23:41:03.660+0800][271.077s] GC(355) Old regions: 469->469
[2022-03-30T23:41:03.660+0800][271.077s] GC(355) Archive regions: 0->0
[2022-03-30T23:41:03.660+0800][271.077s] GC(355) Humongous regions: 29->29
[2022-03-30T23:41:03.660+0800][271.077s] GC(355) Metaspace: 52627K(52928K)->52627K(52928K) NonClass: 46501K(46656K)->46501K(46656K) Class: 6126K(6272K)->6126K(6272K)
[2022-03-30T23:41:03.660+0800][271.077s] GC(355) Pause Young (Normal) (G1 Preventive Collection) 505M->495M(512M) 0.989ms
[2022-03-30T23:41:03.660+0800][271.077s] GC(355) User=0.00s Sys=0.00s Real=0.00s
[2022-03-30T23:41:03.754+0800][271.171s] GC(356) Pause Young (Normal) (G1 Preventive Collection)
[2022-03-30T23:41:03.754+0800][271.171s] GC(356) Using 8 workers of 8 for evacuation
[2022-03-30T23:41:03.755+0800][271.172s] GC(356)   Pre Evacuate Collection Set: 0.1ms
[2022-03-30T23:41:03.755+0800][271.172s] GC(356)   Merge Heap Roots: 0.0ms
[2022-03-30T23:41:03.755+0800][271.172s] GC(356)   Evacuate Collection Set: 0.6ms
[2022-03-30T23:41:03.755+0800][271.172s] GC(356)   Post Evacuate Collection Set: 0.2ms
[2022-03-30T23:41:03.755+0800][271.172s] GC(356)   Other: 0.2ms
[2022-03-30T23:41:03.755+0800][271.172s] GC(356) Eden regions: 10->0(23)
[2022-03-30T23:41:03.755+0800][271.172s] GC(356) Survivor regions: 2->2(2)
[2022-03-30T23:41:03.755+0800][271.172s] GC(356) Old regions: 469->469
[2022-03-30T23:41:03.755+0800][271.172s] GC(356) Archive regions: 0->0
[2022-03-30T23:41:03.755+0800][271.172s] GC(356) Humongous regions: 29->29
[2022-03-30T23:41:03.755+0800][271.172s] GC(356) Metaspace: 52627K(52928K)->52627K(52928K) NonClass: 46501K(46656K)->46501K(46656K) Class: 6126K(6272K)->6126K(6272K)
[2022-03-30T23:41:03.755+0800][271.172s] GC(356) Pause Young (Normal) (G1 Preventive Collection) 505M->495M(512M) 1.328ms
[2022-03-30T23:41:03.755+0800][271.172s] GC(356) User=0.00s Sys=0.00s Real=0.00s
[2022-03-30T23:41:03.885+0800][271.302s] GC(357) Pause Young (Normal) (G1 Preventive Collection)
[2022-03-30T23:41:03.885+0800][271.302s] GC(357) Using 8 workers of 8 for evacuation
[2022-03-30T23:41:03.886+0800][271.303s] GC(357)   Pre Evacuate Collection Set: 0.0ms
[2022-03-30T23:41:03.886+0800][271.303s] GC(357)   Merge Heap Roots: 0.0ms
[2022-03-30T23:41:03.886+0800][271.303s] GC(357)   Evacuate Collection Set: 0.5ms
[2022-03-30T23:41:03.886+0800][271.303s] GC(357)   Post Evacuate Collection Set: 0.2ms
[2022-03-30T23:41:03.886+0800][271.303s] GC(357)   Other: 0.2ms
[2022-03-30T23:41:03.886+0800][271.303s] GC(357) Eden regions: 10->0(23)
[2022-03-30T23:41:03.886+0800][271.303s] GC(357) Survivor regions: 2->2(2)
[2022-03-30T23:41:03.886+0800][271.303s] GC(357) Old regions: 469->469
[2022-03-30T23:41:03.886+0800][271.303s] GC(357) Archive regions: 0->0
[2022-03-30T23:41:03.886+0800][271.303s] GC(357) Humongous regions: 29->29
[2022-03-30T23:41:03.886+0800][271.303s] GC(357) Metaspace: 52627K(52928K)->52627K(52928K) NonClass: 46501K(46656K)->46501K(46656K) Class: 6126K(6272K)->6126K(6272K)
[2022-03-30T23:41:03.886+0800][271.303s] GC(357) Pause Young (Normal) (G1 Preventive Collection) 505M->495M(512M) 1.154ms
[2022-03-30T23:41:03.886+0800][271.303s] GC(357) User=0.00s Sys=0.00s Real=0.00s
[2022-03-30T23:41:03.918+0800][271.336s] GC(352) Concurrent Mark From Roots 526.296ms
[2022-03-30T23:41:03.918+0800][271.336s] GC(352) Concurrent Preclean
[2022-03-30T23:41:03.919+0800][271.336s] GC(352) Concurrent Preclean 0.181ms
[2022-03-30T23:41:03.919+0800][271.336s] GC(352) Pause Remark
[2022-03-30T23:41:03.922+0800][271.339s] GC(352) Pause Remark 499M->499M(512M) 2.980ms
[2022-03-30T23:41:03.922+0800][271.339s] GC(352) User=0.00s Sys=0.00s Real=0.00s
[2022-03-30T23:41:03.922+0800][271.339s] GC(352) Concurrent Mark 529.726ms
[2022-03-30T23:41:03.922+0800][271.339s] GC(352) Concurrent Rebuild Remembered Sets
[2022-03-30T23:41:03.993+0800][271.410s] GC(358) Pause Young (Normal) (G1 Preventive Collection)
[2022-03-30T23:41:03.993+0800][271.410s] GC(358) Using 8 workers of 8 for evacuation
[2022-03-30T23:41:03.993+0800][271.411s] GC(358)   Pre Evacuate Collection Set: 0.0ms
[2022-03-30T23:41:03.993+0800][271.411s] GC(358)   Merge Heap Roots: 0.0ms
[2022-03-30T23:41:03.993+0800][271.411s] GC(358)   Evacuate Collection Set: 0.5ms
[2022-03-30T23:41:03.993+0800][271.411s] GC(358)   Post Evacuate Collection Set: 0.2ms
[2022-03-30T23:41:03.993+0800][271.411s] GC(358)   Other: 0.1ms
[2022-03-30T23:41:03.993+0800][271.411s] GC(358) Eden regions: 10->0(23)
[2022-03-30T23:41:03.994+0800][271.411s] GC(358) Survivor regions: 2->2(2)
[2022-03-30T23:41:03.994+0800][271.411s] GC(358) Old regions: 469->469
[2022-03-30T23:41:03.994+0800][271.411s] GC(358) Archive regions: 0->0
[2022-03-30T23:41:03.994+0800][271.411s] GC(358) Humongous regions: 29->29
[2022-03-30T23:41:03.994+0800][271.411s] GC(358) Metaspace: 52627K(52928K)->52627K(52928K) NonClass: 46501K(46656K)->46501K(46656K) Class: 6126K(6272K)->6126K(6272K)
[2022-03-30T23:41:03.994+0800][271.411s] GC(358) Pause Young (Normal) (G1 Preventive Collection) 505M->495M(512M) 1.067ms
[2022-03-30T23:41:03.994+0800][271.411s] GC(358) User=0.00s Sys=0.00s Real=0.00s
[2022-03-30T23:41:04.096+0800][271.514s] GC(359) Pause Young (Normal) (G1 Preventive Collection)
[2022-03-30T23:41:04.096+0800][271.514s] GC(359) Using 8 workers of 8 for evacuation
[2022-03-30T23:41:04.097+0800][271.515s] GC(359)   Pre Evacuate Collection Set: 0.0ms
[2022-03-30T23:41:04.097+0800][271.515s] GC(359)   Merge Heap Roots: 0.0ms
[2022-03-30T23:41:04.097+0800][271.515s] GC(359)   Evacuate Collection Set: 0.5ms
[2022-03-30T23:41:04.097+0800][271.515s] GC(359)   Post Evacuate Collection Set: 0.2ms
[2022-03-30T23:41:04.097+0800][271.515s] GC(359)   Other: 0.1ms
[2022-03-30T23:41:04.097+0800][271.515s] GC(359) Eden regions: 10->0(23)
[2022-03-30T23:41:04.097+0800][271.515s] GC(359) Survivor regions: 2->2(2)
[2022-03-30T23:41:04.097+0800][271.515s] GC(359) Old regions: 469->469
[2022-03-30T23:41:04.097+0800][271.515s] GC(359) Archive regions: 0->0
[2022-03-30T23:41:04.097+0800][271.515s] GC(359) Humongous regions: 29->29
[2022-03-30T23:41:04.097+0800][271.515s] GC(359) Metaspace: 52627K(52928K)->52627K(52928K) NonClass: 46501K(46656K)->46501K(46656K) Class: 6126K(6272K)->6126K(6272K)
[2022-03-30T23:41:04.097+0800][271.515s] GC(359) Pause Young (Normal) (G1 Preventive Collection) 505M->495M(512M) 1.206ms
[2022-03-30T23:41:04.097+0800][271.515s] GC(359) User=0.00s Sys=0.00s Real=0.00s
[2022-03-30T23:41:04.198+0800][271.615s] GC(360) Pause Young (Normal) (G1 Preventive Collection)
[2022-03-30T23:41:04.198+0800][271.615s] GC(360) Using 8 workers of 8 for evacuation
[2022-03-30T23:41:04.199+0800][271.616s] GC(360)   Pre Evacuate Collection Set: 0.1ms
[2022-03-30T23:41:04.199+0800][271.616s] GC(360)   Merge Heap Roots: 0.0ms
[2022-03-30T23:41:04.199+0800][271.616s] GC(360)   Evacuate Collection Set: 0.7ms
[2022-03-30T23:41:04.199+0800][271.616s] GC(360)   Post Evacuate Collection Set: 0.2ms
[2022-03-30T23:41:04.199+0800][271.616s] GC(360)   Other: 0.1ms
[2022-03-30T23:41:04.199+0800][271.616s] GC(360) Eden regions: 10->0(23)
[2022-03-30T23:41:04.199+0800][271.616s] GC(360) Survivor regions: 2->2(2)
[2022-03-30T23:41:04.199+0800][271.616s] GC(360) Old regions: 469->469
[2022-03-30T23:41:04.199+0800][271.616s] GC(360) Archive regions: 0->0
[2022-03-30T23:41:04.199+0800][271.616s] GC(360) Humongous regions: 29->29
[2022-03-30T23:41:04.199+0800][271.616s] GC(360) Metaspace: 52627K(52928K)->52627K(52928K) NonClass: 46501K(46656K)->46501K(46656K) Class: 6126K(6272K)->6126K(6272K)
[2022-03-30T23:41:04.199+0800][271.616s] GC(360) Pause Young (Normal) (G1 Preventive Collection) 505M->495M(512M) 1.392ms
[2022-03-30T23:41:04.199+0800][271.616s] GC(360) User=0.00s Sys=0.00s Real=0.00s
[2022-03-30T23:41:04.199+0800][271.616s] GC(352) Concurrent Rebuild Remembered Sets 277.210ms
[2022-03-30T23:41:04.199+0800][271.617s] GC(352) Pause Cleanup
[2022-03-30T23:41:04.199+0800][271.617s] GC(352) Pause Cleanup 496M->496M(512M) 0.142ms
[2022-03-30T23:41:04.199+0800][271.617s] GC(352) User=0.00s Sys=0.00s Real=0.00s
[2022-03-30T23:41:04.199+0800][271.617s] GC(352) Concurrent Cleanup for Next Mark
[2022-03-30T23:41:04.200+0800][271.617s] GC(352) Concurrent Cleanup for Next Mark 0.259ms
[2022-03-30T23:41:04.200+0800][271.617s] GC(352) Concurrent Mark Cycle 808.396ms
[2022-03-30T23:41:04.282+0800][271.700s] GC(361) Pause Young (Normal) (G1 Preventive Collection)
[2022-03-30T23:41:04.282+0800][271.700s] GC(361) Using 8 workers of 8 for evacuation
[2022-03-30T23:41:04.283+0800][271.701s] GC(361)   Pre Evacuate Collection Set: 0.0ms
[2022-03-30T23:41:04.283+0800][271.701s] GC(361)   Merge Heap Roots: 0.0ms
[2022-03-30T23:41:04.283+0800][271.701s] GC(361)   Evacuate Collection Set: 0.5ms
[2022-03-30T23:41:04.283+0800][271.701s] GC(361)   Post Evacuate Collection Set: 0.2ms
[2022-03-30T23:41:04.283+0800][271.701s] GC(361)   Other: 0.1ms
[2022-03-30T23:41:04.283+0800][271.701s] GC(361) Eden regions: 10->0(23)
[2022-03-30T23:41:04.283+0800][271.701s] GC(361) Survivor regions: 2->2(2)
[2022-03-30T23:41:04.283+0800][271.701s] GC(361) Old regions: 469->469
[2022-03-30T23:41:04.283+0800][271.701s] GC(361) Archive regions: 0->0
[2022-03-30T23:41:04.283+0800][271.701s] GC(361) Humongous regions: 29->29
[2022-03-30T23:41:04.283+0800][271.701s] GC(361) Metaspace: 52627K(52928K)->52627K(52928K) NonClass: 46501K(46656K)->46501K(46656K) Class: 6126K(6272K)->6126K(6272K)
[2022-03-30T23:41:04.283+0800][271.701s] GC(361) Pause Young (Normal) (G1 Preventive Collection) 505M->495M(512M) 1.085ms
[2022-03-30T23:41:04.283+0800][271.701s] GC(361) User=0.00s Sys=0.00s Real=0.00s
[2022-03-30T23:41:04.361+0800][271.778s] GC(362) Pause Young (Concurrent Start) (G1 Preventive Collection)
[2022-03-30T23:41:04.361+0800][271.778s] GC(362) Using 8 workers of 8 for evacuation
[2022-03-30T23:41:04.361+0800][271.779s] GC(362)   Pre Evacuate Collection Set: 0.1ms
[2022-03-30T23:41:04.361+0800][271.779s] GC(362)   Merge Heap Roots: 0.0ms
[2022-03-30T23:41:04.361+0800][271.779s] GC(362)   Evacuate Collection Set: 0.7ms
[2022-03-30T23:41:04.361+0800][271.779s] GC(362)   Post Evacuate Collection Set: 0.2ms
[2022-03-30T23:41:04.362+0800][271.779s] GC(362)   Other: 0.3ms
[2022-03-30T23:41:04.362+0800][271.779s] GC(362) Eden regions: 10->0(23)
[2022-03-30T23:41:04.362+0800][271.779s] GC(362) Survivor regions: 2->2(2)
[2022-03-30T23:41:04.362+0800][271.779s] GC(362) Old regions: 469->469
[2022-03-30T23:41:04.362+0800][271.779s] GC(362) Archive regions: 0->0
[2022-03-30T23:41:04.362+0800][271.779s] GC(362) Humongous regions: 29->29
[2022-03-30T23:41:04.362+0800][271.779s] GC(362) Metaspace: 52627K(52928K)->52627K(52928K) NonClass: 46501K(46656K)->46501K(46656K) Class: 6126K(6272K)->6126K(6272K)
[2022-03-30T23:41:04.362+0800][271.779s] GC(362) Pause Young (Concurrent Start) (G1 Preventive Collection) 505M->495M(512M) 1.475ms
[2022-03-30T23:41:04.362+0800][271.779s] GC(362) User=0.00s Sys=0.00s Real=0.00s
[2022-03-30T23:41:04.362+0800][271.779s] GC(363) Concurrent Mark Cycle
[2022-03-30T23:41:04.362+0800][271.779s] GC(363) Concurrent Clear Claimed Marks
[2022-03-30T23:41:04.362+0800][271.779s] GC(363) Concurrent Clear Claimed Marks 0.020ms
[2022-03-30T23:41:04.362+0800][271.780s] GC(363) Concurrent Scan Root Regions
[2022-03-30T23:41:04.362+0800][271.780s] GC(363) Concurrent Scan Root Regions 0.718ms
[2022-03-30T23:41:04.362+0800][271.780s] GC(363) Concurrent Mark
[2022-03-30T23:41:04.362+0800][271.780s] GC(363) Concurrent Mark From Roots
[2022-03-30T23:41:04.362+0800][271.780s] GC(363) Using 2 workers of 2 for marking
[2022-03-30T23:41:04.448+0800][271.865s] GC(364) Pause Young (Normal) (G1 Preventive Collection)
[2022-03-30T23:41:04.448+0800][271.865s] GC(364) Using 8 workers of 8 for evacuation
[2022-03-30T23:41:04.449+0800][271.866s] GC(364)   Pre Evacuate Collection Set: 0.1ms
[2022-03-30T23:41:04.449+0800][271.866s] GC(364)   Merge Heap Roots: 0.1ms
[2022-03-30T23:41:04.449+0800][271.866s] GC(364)   Evacuate Collection Set: 0.6ms
[2022-03-30T23:41:04.449+0800][271.866s] GC(364)   Post Evacuate Collection Set: 0.3ms
[2022-03-30T23:41:04.449+0800][271.866s] GC(364)   Other: 0.2ms
[2022-03-30T23:41:04.449+0800][271.866s] GC(364) Eden regions: 10->0(23)
[2022-03-30T23:41:04.449+0800][271.866s] GC(364) Survivor regions: 2->2(2)
[2022-03-30T23:41:04.449+0800][271.866s] GC(364) Old regions: 469->469
[2022-03-30T23:41:04.449+0800][271.866s] GC(364) Archive regions: 0->0
[2022-03-30T23:41:04.449+0800][271.866s] GC(364) Humongous regions: 29->29
[2022-03-30T23:41:04.449+0800][271.866s] GC(364) Metaspace: 52627K(52928K)->52627K(52928K) NonClass: 46501K(46656K)->46501K(46656K) Class: 6126K(6272K)->6126K(6272K)
[2022-03-30T23:41:04.449+0800][271.866s] GC(364) Pause Young (Normal) (G1 Preventive Collection) 505M->495M(512M) 1.330ms
[2022-03-30T23:41:04.449+0800][271.866s] GC(364) User=0.00s Sys=0.00s Real=0.00s
[2022-03-30T23:41:04.547+0800][271.964s] GC(365) Pause Young (Normal) (G1 Preventive Collection)
[2022-03-30T23:41:04.547+0800][271.965s] GC(365) Using 8 workers of 8 for evacuation
[2022-03-30T23:41:04.548+0800][271.965s] GC(365)   Pre Evacuate Collection Set: 0.1ms
[2022-03-30T23:41:04.548+0800][271.965s] GC(365)   Merge Heap Roots: 0.0ms
[2022-03-30T23:41:04.548+0800][271.965s] GC(365)   Evacuate Collection Set: 0.5ms
[2022-03-30T23:41:04.548+0800][271.965s] GC(365)   Post Evacuate Collection Set: 0.2ms
[2022-03-30T23:41:04.548+0800][271.965s] GC(365)   Other: 0.1ms
[2022-03-30T23:41:04.548+0800][271.965s] GC(365) Eden regions: 10->0(23)
[2022-03-30T23:41:04.548+0800][271.965s] GC(365) Survivor regions: 2->2(2)
[2022-03-30T23:41:04.548+0800][271.965s] GC(365) Old regions: 469->469
[2022-03-30T23:41:04.548+0800][271.965s] GC(365) Archive regions: 0->0
[2022-03-30T23:41:04.548+0800][271.965s] GC(365) Humongous regions: 29->29
[2022-03-30T23:41:04.548+0800][271.965s] GC(365) Metaspace: 52627K(52928K)->52627K(52928K) NonClass: 46501K(46656K)->46501K(46656K) Class: 6126K(6272K)->6126K(6272K)
[2022-03-30T23:41:04.548+0800][271.966s] GC(365) Pause Young (Normal) (G1 Preventive Collection) 505M->495M(512M) 1.063ms
[2022-03-30T23:41:04.548+0800][271.966s] GC(365) User=0.00s Sys=0.00s Real=0.00s
[2022-03-30T23:41:04.650+0800][272.067s] GC(366) Pause Young (Normal) (G1 Preventive Collection)
[2022-03-30T23:41:04.650+0800][272.067s] GC(366) Using 8 workers of 8 for evacuation
[2022-03-30T23:41:04.651+0800][272.068s] GC(366)   Pre Evacuate Collection Set: 0.0ms
[2022-03-30T23:41:04.651+0800][272.068s] GC(366)   Merge Heap Roots: 0.0ms
[2022-03-30T23:41:04.651+0800][272.068s] GC(366)   Evacuate Collection Set: 0.5ms
[2022-03-30T23:41:04.651+0800][272.068s] GC(366)   Post Evacuate Collection Set: 0.2ms
[2022-03-30T23:41:04.651+0800][272.068s] GC(366)   Other: 0.1ms
[2022-03-30T23:41:04.651+0800][272.068s] GC(366) Eden regions: 10->0(23)
[2022-03-30T23:41:04.651+0800][272.068s] GC(366) Survivor regions: 2->2(2)
[2022-03-30T23:41:04.651+0800][272.068s] GC(366) Old regions: 469->469
[2022-03-30T23:41:04.651+0800][272.068s] GC(366) Archive regions: 0->0
[2022-03-30T23:41:04.651+0800][272.068s] GC(366) Humongous regions: 29->29
[2022-03-30T23:41:04.651+0800][272.068s] GC(366) Metaspace: 52627K(52928K)->52627K(52928K) NonClass: 46501K(46656K)->46501K(46656K) Class: 6126K(6272K)->6126K(6272K)
[2022-03-30T23:41:04.651+0800][272.068s] GC(366) Pause Young (Normal) (G1 Preventive Collection) 505M->495M(512M) 1.029ms
[2022-03-30T23:41:04.651+0800][272.068s] GC(366) User=0.00s Sys=0.00s Real=0.00s
[2022-03-30T23:41:04.742+0800][272.160s] GC(367) Pause Young (Normal) (G1 Preventive Collection)
[2022-03-30T23:41:04.742+0800][272.160s] GC(367) Using 8 workers of 8 for evacuation
[2022-03-30T23:41:04.743+0800][272.161s] GC(367)   Pre Evacuate Collection Set: 0.1ms
[2022-03-30T23:41:04.743+0800][272.161s] GC(367)   Merge Heap Roots: 0.0ms
[2022-03-30T23:41:04.743+0800][272.161s] GC(367)   Evacuate Collection Set: 0.7ms
[2022-03-30T23:41:04.743+0800][272.161s] GC(367)   Post Evacuate Collection Set: 0.3ms
[2022-03-30T23:41:04.743+0800][272.161s] GC(367)   Other: 0.1ms
[2022-03-30T23:41:04.743+0800][272.161s] GC(367) Eden regions: 10->0(24)
[2022-03-30T23:41:04.743+0800][272.161s] GC(367) Survivor regions: 2->1(2)
[2022-03-30T23:41:04.743+0800][272.161s] GC(367) Old regions: 469->469
[2022-03-30T23:41:04.743+0800][272.161s] GC(367) Archive regions: 0->0
[2022-03-30T23:41:04.743+0800][272.161s] GC(367) Humongous regions: 29->29
[2022-03-30T23:41:04.743+0800][272.161s] GC(367) Metaspace: 52627K(52928K)->52627K(52928K) NonClass: 46501K(46656K)->46501K(46656K) Class: 6126K(6272K)->6126K(6272K)
[2022-03-30T23:41:04.743+0800][272.161s] GC(367) Pause Young (Normal) (G1 Preventive Collection) 505M->495M(512M) 1.361ms
[2022-03-30T23:41:04.743+0800][272.161s] GC(367) User=0.00s Sys=0.00s Real=0.00s
[2022-03-30T23:41:04.868+0800][272.285s] GC(368) Pause Young (Normal) (G1 Preventive Collection)
[2022-03-30T23:41:04.868+0800][272.285s] GC(368) Using 8 workers of 8 for evacuation
[2022-03-30T23:41:04.869+0800][272.286s] GC(368)   Pre Evacuate Collection Set: 0.1ms
[2022-03-30T23:41:04.869+0800][272.286s] GC(368)   Merge Heap Roots: 0.0ms
[2022-03-30T23:41:04.869+0800][272.286s] GC(368)   Evacuate Collection Set: 0.5ms
[2022-03-30T23:41:04.869+0800][272.286s] GC(368)   Post Evacuate Collection Set: 0.3ms
[2022-03-30T23:41:04.869+0800][272.286s] GC(368)   Other: 0.2ms
[2022-03-30T23:41:04.869+0800][272.286s] GC(368) Eden regions: 12->0(24)
[2022-03-30T23:41:04.869+0800][272.286s] GC(368) Survivor regions: 1->1(1)
[2022-03-30T23:41:04.869+0800][272.286s] GC(368) Old regions: 469->469
[2022-03-30T23:41:04.869+0800][272.286s] GC(368) Archive regions: 0->0
[2022-03-30T23:41:04.869+0800][272.286s] GC(368) Humongous regions: 29->29
[2022-03-30T23:41:04.869+0800][272.286s] GC(368) Metaspace: 52627K(52928K)->52627K(52928K) NonClass: 46501K(46656K)->46501K(46656K) Class: 6126K(6272K)->6126K(6272K)
[2022-03-30T23:41:04.869+0800][272.286s] GC(368) Pause Young (Normal) (G1 Preventive Collection) 507M->495M(512M) 1.169ms
[2022-03-30T23:41:04.869+0800][272.286s] GC(368) User=0.00s Sys=0.00s Real=0.00s
[2022-03-30T23:41:04.889+0800][272.306s] GC(363) Concurrent Mark From Roots 525.472ms
[2022-03-30T23:41:04.889+0800][272.306s] GC(363) Concurrent Preclean
[2022-03-30T23:41:04.889+0800][272.306s] GC(363) Concurrent Preclean 0.149ms
[2022-03-30T23:41:04.889+0800][272.306s] GC(363) Pause Remark
[2022-03-30T23:41:04.892+0800][272.309s] GC(363) Pause Remark 498M->498M(512M) 3.110ms
[2022-03-30T23:41:04.892+0800][272.309s] GC(363) User=0.00s Sys=0.00s Real=0.00s
[2022-03-30T23:41:04.892+0800][272.309s] GC(363) Concurrent Mark 529.020ms
[2022-03-30T23:41:04.892+0800][272.309s] GC(363) Concurrent Rebuild Remembered Sets
[2022-03-30T23:41:04.983+0800][272.400s] GC(369) Pause Young (Normal) (G1 Preventive Collection)
[2022-03-30T23:41:04.983+0800][272.400s] GC(369) Using 8 workers of 8 for evacuation
[2022-03-30T23:41:04.984+0800][272.401s] GC(369)   Pre Evacuate Collection Set: 0.0ms
[2022-03-30T23:41:04.984+0800][272.401s] GC(369)   Merge Heap Roots: 0.0ms
[2022-03-30T23:41:04.984+0800][272.401s] GC(369)   Evacuate Collection Set: 0.5ms
[2022-03-30T23:41:04.984+0800][272.401s] GC(369)   Post Evacuate Collection Set: 0.2ms
[2022-03-30T23:41:04.984+0800][272.401s] GC(369)   Other: 0.1ms
[2022-03-30T23:41:04.984+0800][272.401s] GC(369) Eden regions: 11->0(24)
[2022-03-30T23:41:04.984+0800][272.401s] GC(369) Survivor regions: 1->1(2)
[2022-03-30T23:41:04.984+0800][272.401s] GC(369) Old regions: 469->469
[2022-03-30T23:41:04.984+0800][272.401s] GC(369) Archive regions: 0->0
[2022-03-30T23:41:04.984+0800][272.401s] GC(369) Humongous regions: 29->29
[2022-03-30T23:41:04.984+0800][272.401s] GC(369) Metaspace: 52627K(52928K)->52627K(52928K) NonClass: 46501K(46656K)->46501K(46656K) Class: 6126K(6272K)->6126K(6272K)
[2022-03-30T23:41:04.984+0800][272.401s] GC(369) Pause Young (Normal) (G1 Preventive Collection) 506M->495M(512M) 1.053ms
[2022-03-30T23:41:04.984+0800][272.401s] GC(369) User=0.00s Sys=0.00s Real=0.00s
[2022-03-30T23:41:05.087+0800][272.504s] GC(370) Pause Young (Normal) (G1 Preventive Collection)
[2022-03-30T23:41:05.087+0800][272.504s] GC(370) Using 8 workers of 8 for evacuation
[2022-03-30T23:41:05.088+0800][272.505s] GC(370)   Pre Evacuate Collection Set: 0.0ms
[2022-03-30T23:41:05.088+0800][272.505s] GC(370)   Merge Heap Roots: 0.0ms
[2022-03-30T23:41:05.088+0800][272.505s] GC(370)   Evacuate Collection Set: 0.5ms
[2022-03-30T23:41:05.088+0800][272.505s] GC(370)   Post Evacuate Collection Set: 0.2ms
[2022-03-30T23:41:05.088+0800][272.505s] GC(370)   Other: 0.1ms
[2022-03-30T23:41:05.088+0800][272.505s] GC(370) Eden regions: 11->0(24)
[2022-03-30T23:41:05.088+0800][272.505s] GC(370) Survivor regions: 1->1(2)
[2022-03-30T23:41:05.088+0800][272.505s] GC(370) Old regions: 469->469
[2022-03-30T23:41:05.088+0800][272.505s] GC(370) Archive regions: 0->0
[2022-03-30T23:41:05.088+0800][272.505s] GC(370) Humongous regions: 29->29
[2022-03-30T23:41:05.088+0800][272.505s] GC(370) Metaspace: 52627K(52928K)->52627K(52928K) NonClass: 46501K(46656K)->46501K(46656K) Class: 6126K(6272K)->6126K(6272K)
[2022-03-30T23:41:05.088+0800][272.505s] GC(370) Pause Young (Normal) (G1 Preventive Collection) 506M->495M(512M) 1.034ms
[2022-03-30T23:41:05.088+0800][272.505s] GC(370) User=0.00s Sys=0.00s Real=0.00s
[2022-03-30T23:41:05.143+0800][272.560s] GC(363) Concurrent Rebuild Remembered Sets 250.953ms
[2022-03-30T23:41:05.143+0800][272.560s] GC(363) Pause Cleanup
[2022-03-30T23:41:05.143+0800][272.561s] GC(363) Pause Cleanup 501M->501M(512M) 0.164ms
[2022-03-30T23:41:05.143+0800][272.561s] GC(363) User=0.00s Sys=0.00s Real=0.00s
[2022-03-30T23:41:05.143+0800][272.561s] GC(363) Concurrent Cleanup for Next Mark
[2022-03-30T23:41:05.143+0800][272.561s] GC(363) Concurrent Cleanup for Next Mark 0.270ms
[2022-03-30T23:41:05.143+0800][272.561s] GC(363) Concurrent Mark Cycle 781.492ms
[2022-03-30T23:41:05.191+0800][272.608s] GC(371) Pause Young (Normal) (G1 Preventive Collection)
[2022-03-30T23:41:05.191+0800][272.608s] GC(371) Using 8 workers of 8 for evacuation
[2022-03-30T23:41:05.192+0800][272.609s] GC(371)   Pre Evacuate Collection Set: 0.1ms
[2022-03-30T23:41:05.192+0800][272.609s] GC(371)   Merge Heap Roots: 0.0ms
[2022-03-30T23:41:05.192+0800][272.609s] GC(371)   Evacuate Collection Set: 0.7ms
[2022-03-30T23:41:05.192+0800][272.609s] GC(371)   Post Evacuate Collection Set: 0.3ms
[2022-03-30T23:41:05.192+0800][272.609s] GC(371)   Other: 0.3ms
[2022-03-30T23:41:05.192+0800][272.609s] GC(371) Eden regions: 11->0(24)
[2022-03-30T23:41:05.192+0800][272.609s] GC(371) Survivor regions: 1->1(2)
[2022-03-30T23:41:05.192+0800][272.609s] GC(371) Old regions: 469->469
[2022-03-30T23:41:05.192+0800][272.609s] GC(371) Archive regions: 0->0
[2022-03-30T23:41:05.192+0800][272.609s] GC(371) Humongous regions: 29->29
[2022-03-30T23:41:05.192+0800][272.609s] GC(371) Metaspace: 52627K(52928K)->52627K(52928K) NonClass: 46501K(46656K)->46501K(46656K) Class: 6126K(6272K)->6126K(6272K)
[2022-03-30T23:41:05.192+0800][272.610s] GC(371) Pause Young (Normal) (G1 Preventive Collection) 506M->495M(512M) 1.556ms
[2022-03-30T23:41:05.192+0800][272.610s] GC(371) User=0.00s Sys=0.00s Real=0.00s
[2022-03-30T23:41:29.984+0800][297.402s] GC(372) Pause Young (Concurrent Start) (G1 Humongous Allocation)
[2022-03-30T23:41:29.984+0800][297.402s] GC(372) Using 8 workers of 8 for evacuation
[2022-03-30T23:41:29.986+0800][297.404s] GC(372)   Pre Evacuate Collection Set: 0.2ms
[2022-03-30T23:41:29.986+0800][297.404s] GC(372)   Merge Heap Roots: 0.1ms
[2022-03-30T23:41:29.986+0800][297.404s] GC(372)   Evacuate Collection Set: 0.5ms
[2022-03-30T23:41:29.986+0800][297.404s] GC(372)   Post Evacuate Collection Set: 0.5ms
[2022-03-30T23:41:29.986+0800][297.404s] GC(372)   Other: 0.1ms
[2022-03-30T23:41:29.986+0800][297.404s] GC(372) Eden regions: 4->0(23)
[2022-03-30T23:41:29.986+0800][297.404s] GC(372) Survivor regions: 1->2(4)
[2022-03-30T23:41:29.986+0800][297.404s] GC(372) Old regions: 469->469
[2022-03-30T23:41:29.986+0800][297.404s] GC(372) Archive regions: 0->0
[2022-03-30T23:41:29.986+0800][297.404s] GC(372) Humongous regions: 29->29
[2022-03-30T23:41:29.986+0800][297.404s] GC(372) Metaspace: 52632K(52928K)->52632K(52928K) NonClass: 46505K(46656K)->46505K(46656K) Class: 6126K(6272K)->6126K(6272K)
[2022-03-30T23:41:29.986+0800][297.404s] GC(372) Pause Young (Concurrent Start) (G1 Humongous Allocation) 498M->495M(512M) 1.529ms
[2022-03-30T23:41:29.986+0800][297.404s] GC(372) User=0.00s Sys=0.00s Real=0.00s
[2022-03-30T23:41:29.986+0800][297.404s] GC(373) Concurrent Mark Cycle
[2022-03-30T23:41:29.986+0800][297.404s] GC(373) Concurrent Clear Claimed Marks
[2022-03-30T23:41:29.986+0800][297.404s] GC(373) Concurrent Clear Claimed Marks 0.014ms
[2022-03-30T23:41:29.986+0800][297.404s] GC(373) Concurrent Scan Root Regions
[2022-03-30T23:41:29.987+0800][297.405s] GC(373) Concurrent Scan Root Regions 0.824ms
[2022-03-30T23:41:29.987+0800][297.405s] GC(373) Concurrent Mark
[2022-03-30T23:41:29.987+0800][297.405s] GC(373) Concurrent Mark From Roots
[2022-03-30T23:41:29.987+0800][297.405s] GC(373) Using 2 workers of 2 for marking
[2022-03-30T23:41:29.987+0800][297.405s] GC(374) Pause Young (Normal) (G1 Humongous Allocation)
[2022-03-30T23:41:29.987+0800][297.405s] GC(374) Using 8 workers of 8 for evacuation
[2022-03-30T23:41:29.988+0800][297.406s] GC(374)   Pre Evacuate Collection Set: 0.9ms
[2022-03-30T23:41:29.988+0800][297.406s] GC(374)   Merge Heap Roots: 0.1ms
[2022-03-30T23:41:29.988+0800][297.406s] GC(374)   Evacuate Collection Set: 0.3ms
[2022-03-30T23:41:29.988+0800][297.406s] GC(374)   Post Evacuate Collection Set: 0.4ms
[2022-03-30T23:41:29.988+0800][297.406s] GC(374)   Other: 0.1ms
[2022-03-30T23:41:29.988+0800][297.406s] GC(374) Eden regions: 0->0(24)
[2022-03-30T23:41:29.988+0800][297.406s] GC(374) Survivor regions: 2->1(4)
[2022-03-30T23:41:29.988+0800][297.406s] GC(374) Old regions: 469->469
[2022-03-30T23:41:29.988+0800][297.406s] GC(374) Archive regions: 0->0
[2022-03-30T23:41:29.988+0800][297.406s] GC(374) Humongous regions: 29->29
[2022-03-30T23:41:29.988+0800][297.406s] GC(374) Metaspace: 52632K(52928K)->52632K(52928K) NonClass: 46505K(46656K)->46505K(46656K) Class: 6126K(6272K)->6126K(6272K)
[2022-03-30T23:41:29.988+0800][297.406s] GC(374) Pause Young (Normal) (G1 Humongous Allocation) 495M->495M(512M) 1.150ms
[2022-03-30T23:41:29.988+0800][297.406s] GC(374) User=0.00s Sys=0.00s Real=0.00s
[2022-03-30T23:41:29.988+0800][297.406s] Attempting full compaction
[2022-03-30T23:41:29.988+0800][297.406s] GC(375) Using 8 workers of 8 for full compaction
[2022-03-30T23:41:29.988+0800][297.406s] GC(375) Pause Full (G1 Compaction Pause)
[2022-03-30T23:41:29.989+0800][297.406s] GC(375) Phase 1: Mark live objects
[2022-03-30T23:41:30.142+0800][297.559s] GC(375) Phase 1: Mark live objects 152.816ms
[2022-03-30T23:41:30.142+0800][297.559s] GC(375) Phase 2: Prepare for compaction
[2022-03-30T23:41:30.143+0800][297.561s] GC(375) Phase 2: Prepare for compaction 1.383ms
[2022-03-30T23:41:30.143+0800][297.561s] GC(375) Phase 3: Adjust pointers
[2022-03-30T23:41:30.183+0800][297.601s] GC(375) Phase 3: Adjust pointers 39.804ms
[2022-03-30T23:41:30.183+0800][297.601s] GC(375) Phase 4: Compact heap
[2022-03-30T23:41:30.185+0800][297.602s] GC(375) Phase 4: Compact heap 1.086ms
[2022-03-30T23:41:30.192+0800][297.609s] GC(375) Eden regions: 0->0(25)
[2022-03-30T23:41:30.192+0800][297.609s] GC(375) Survivor regions: 1->0(4)
[2022-03-30T23:41:30.192+0800][297.609s] GC(375) Old regions: 469->468
[2022-03-30T23:41:30.192+0800][297.609s] GC(375) Archive regions: 0->0
[2022-03-30T23:41:30.192+0800][297.609s] GC(375) Humongous regions: 29->29
[2022-03-30T23:41:30.192+0800][297.609s] GC(375) Metaspace: 52632K(52928K)->52632K(52928K) NonClass: 46505K(46656K)->46505K(46656K) Class: 6126K(6272K)->6126K(6272K)
[2022-03-30T23:41:30.192+0800][297.609s] GC(375) Pause Full (G1 Compaction Pause) 495M->493M(512M) 202.869ms
[2022-03-30T23:41:30.192+0800][297.609s] GC(375) User=1.61s Sys=0.00s Real=0.20s
[2022-03-30T23:41:30.192+0800][297.609s] Attempting maximum full compaction clearing soft references
[2022-03-30T23:41:30.192+0800][297.609s] GC(376) Using 8 workers of 8 for full compaction
[2022-03-30T23:41:30.192+0800][297.610s] GC(376) Pause Full (G1 Compaction Pause)
[2022-03-30T23:41:30.193+0800][297.610s] GC(376) Phase 1: Mark live objects
[2022-03-30T23:41:30.409+0800][297.826s] GC(376) Phase 1: Mark live objects 216.443ms
[2022-03-30T23:41:30.409+0800][297.826s] GC(376) Phase 2: Prepare for compaction
[2022-03-30T23:41:30.449+0800][297.866s] GC(376) Phase 2: Prepare for compaction 39.837ms
[2022-03-30T23:41:30.449+0800][297.866s] GC(376) Phase 3: Adjust pointers
[2022-03-30T23:41:30.509+0800][297.926s] GC(376) Phase 3: Adjust pointers 59.851ms
[2022-03-30T23:41:30.509+0800][297.926s] GC(376) Phase 4: Compact heap
[2022-03-30T23:41:30.549+0800][297.966s] GC(376) Phase 4: Compact heap 40.064ms
[2022-03-30T23:41:30.556+0800][297.974s] GC(376) Eden regions: 0->0(25)
[2022-03-30T23:41:30.556+0800][297.974s] GC(376) Survivor regions: 0->0(4)
[2022-03-30T23:41:30.556+0800][297.974s] GC(376) Old regions: 468->465
[2022-03-30T23:41:30.556+0800][297.974s] GC(376) Archive regions: 0->0
[2022-03-30T23:41:30.556+0800][297.974s] GC(376) Humongous regions: 29->29
[2022-03-30T23:41:30.557+0800][297.974s] GC(376) Metaspace: 52632K(52928K)->52632K(52928K) NonClass: 46505K(46656K)->46505K(46656K) Class: 6126K(6272K)->6126K(6272K)
[2022-03-30T23:41:30.557+0800][297.974s] GC(376) Pause Full (G1 Compaction Pause) 493M->492M(512M) 364.559ms
[2022-03-30T23:41:30.557+0800][297.975s] GC(376) User=2.44s Sys=0.02s Real=0.37s
[2022-03-30T23:41:30.557+0800][297.975s] GC(373) Concurrent Mark From Roots 570.261ms
[2022-03-30T23:41:30.557+0800][297.975s] GC(373) Concurrent Mark Abort
[2022-03-30T23:41:30.557+0800][297.975s] GC(373) Concurrent Mark Cycle 571.227ms
[2022-03-30T23:41:50.487+0800][317.905s] Heap
[2022-03-30T23:41:50.488+0800][317.905s]  garbage-first heap   total 524288K, used 511634K [0x00000000e0000000, 0x0000000100000000)
[2022-03-30T23:41:50.488+0800][317.905s]   region size 1024K, 8 young (8192K), 0 survivors (0K)
[2022-03-30T23:41:50.488+0800][317.905s]  Metaspace       used 52992K, committed 53376K, reserved 1097728K
[2022-03-30T23:41:50.488+0800][317.905s]   class space    used 6181K, committed 6400K, reserved 1048576K
