[2022-03-30T23:07:09.787+0800][0.022s] Using G1
[2022-03-30T23:07:09.963+0800][0.199s] Version: 17.0.2+8-LTS-86 (release)
[2022-03-30T23:07:09.963+0800][0.199s] CPUs: 8 total, 8 available
[2022-03-30T23:07:09.963+0800][0.199s] Memory: 16075M
[2022-03-30T23:07:09.963+0800][0.199s] Large Page Support: Disabled
[2022-03-30T23:07:09.963+0800][0.199s] NUMA Support: Disabled
[2022-03-30T23:07:09.963+0800][0.199s] Compressed Oops: Enabled (32-bit)
[2022-03-30T23:07:09.963+0800][0.199s] Heap Region Size: 1M
[2022-03-30T23:07:09.963+0800][0.199s] Heap Min Capacity: 512M
[2022-03-30T23:07:09.963+0800][0.199s] Heap Initial Capacity: 512M
[2022-03-30T23:07:09.963+0800][0.199s] Heap Max Capacity: 512M
[2022-03-30T23:07:09.963+0800][0.199s] Pre-touch: Enabled
[2022-03-30T23:07:09.965+0800][0.200s] Parallel Workers: 8
[2022-03-30T23:07:09.965+0800][0.200s] Concurrent Workers: 2
[2022-03-30T23:07:09.965+0800][0.200s] Concurrent Refinement Workers: 8
[2022-03-30T23:07:09.966+0800][0.200s] Periodic GC: Disabled
[2022-03-30T23:07:09.966+0800][0.200s] CDS archive(s) mapped at: [0x0000000800000000-0x0000000800bc0000-0x0000000800bc0000), size 12320768, SharedBaseAddress: 0x0000000800000000, ArchiveRelocationMode: 0.
[2022-03-30T23:07:09.966+0800][0.200s] Compressed class space mapped at: 0x0000000800c00000-0x0000000840c00000, reserved size: 1073741824
[2022-03-30T23:07:09.966+0800][0.200s] Narrow klass base: 0x0000000800000000, Narrow klass shift: 0, Narrow klass range: 0x100000000
[2022-03-30T23:07:11.275+0800][1.510s] GC(0) Pause Young (Normal) (G1 Evacuation Pause)
[2022-03-30T23:07:11.275+0800][1.510s] GC(0) Using 8 workers of 8 for evacuation
[2022-03-30T23:07:11.280+0800][1.515s] GC(0)   Pre Evacuate Collection Set: 0.1ms
[2022-03-30T23:07:11.280+0800][1.515s] GC(0)   Merge Heap Roots: 0.0ms
[2022-03-30T23:07:11.280+0800][1.515s] GC(0)   Evacuate Collection Set: 3.7ms
[2022-03-30T23:07:11.280+0800][1.515s] GC(0)   Post Evacuate Collection Set: 0.4ms
[2022-03-30T23:07:11.280+0800][1.515s] GC(0)   Other: 0.6ms
[2022-03-30T23:07:11.280+0800][1.515s] GC(0) Eden regions: 29->0(39)
[2022-03-30T23:07:11.280+0800][1.515s] GC(0) Survivor regions: 0->4(4)
[2022-03-30T23:07:11.280+0800][1.515s] GC(0) Old regions: 0->1
[2022-03-30T23:07:11.280+0800][1.515s] GC(0) Archive regions: 0->0
[2022-03-30T23:07:11.280+0800][1.515s] GC(0) Humongous regions: 0->0
[2022-03-30T23:07:11.280+0800][1.515s] GC(0) Metaspace: 9551K(9792K)->9551K(9792K) NonClass: 8441K(8576K)->8441K(8576K) Class: 1109K(1216K)->1109K(1216K)
[2022-03-30T23:07:11.280+0800][1.515s] GC(0) Pause Young (Normal) (G1 Evacuation Pause) 29M->4M(512M) 5.076ms
[2022-03-30T23:07:11.280+0800][1.515s] GC(0) User=0.00s Sys=0.00s Real=0.00s
[2022-03-30T23:07:12.336+0800][2.571s] GC(1) Pause Young (Normal) (G1 Evacuation Pause)
[2022-03-30T23:07:12.336+0800][2.571s] GC(1) Using 8 workers of 8 for evacuation
[2022-03-30T23:07:12.347+0800][2.581s] GC(1)   Pre Evacuate Collection Set: 0.1ms
[2022-03-30T23:07:12.347+0800][2.581s] GC(1)   Merge Heap Roots: 0.0ms
[2022-03-30T23:07:12.347+0800][2.581s] GC(1)   Evacuate Collection Set: 9.4ms
[2022-03-30T23:07:12.347+0800][2.581s] GC(1)   Post Evacuate Collection Set: 0.6ms
[2022-03-30T23:07:12.347+0800][2.581s] GC(1)   Other: 0.2ms
[2022-03-30T23:07:12.347+0800][2.581s] GC(1) Eden regions: 37->0(58)
[2022-03-30T23:07:12.347+0800][2.581s] GC(1) Survivor regions: 4->6(6)
[2022-03-30T23:07:12.347+0800][2.581s] GC(1) Old regions: 1->9
[2022-03-30T23:07:12.347+0800][2.581s] GC(1) Archive regions: 0->0
[2022-03-30T23:07:12.347+0800][2.581s] GC(1) Humongous regions: 4->4
[2022-03-30T23:07:12.347+0800][2.581s] GC(1) Metaspace: 15619K(15808K)->15619K(15808K) NonClass: 13797K(13888K)->13797K(13888K) Class: 1822K(1920K)->1822K(1920K)
[2022-03-30T23:07:12.347+0800][2.581s] GC(1) Pause Young (Normal) (G1 Evacuation Pause) 45M->18M(512M) 10.509ms
[2022-03-30T23:07:12.347+0800][2.581s] GC(1) User=0.00s Sys=0.00s Real=0.01s
[2022-03-30T23:07:13.100+0800][3.335s] GC(2) Pause Young (Concurrent Start) (Metadata GC Threshold)
[2022-03-30T23:07:13.100+0800][3.335s] GC(2) Using 8 workers of 8 for evacuation
[2022-03-30T23:07:13.106+0800][3.341s] GC(2)   Pre Evacuate Collection Set: 0.1ms
[2022-03-30T23:07:13.106+0800][3.341s] GC(2)   Merge Heap Roots: 0.1ms
[2022-03-30T23:07:13.106+0800][3.341s] GC(2)   Evacuate Collection Set: 5.3ms
[2022-03-30T23:07:13.106+0800][3.341s] GC(2)   Post Evacuate Collection Set: 0.5ms
[2022-03-30T23:07:13.106+0800][3.341s] GC(2)   Other: 0.3ms
[2022-03-30T23:07:13.106+0800][3.341s] GC(2) Eden regions: 52->0(82)
[2022-03-30T23:07:13.106+0800][3.341s] GC(2) Survivor regions: 6->6(8)
[2022-03-30T23:07:13.106+0800][3.341s] GC(2) Old regions: 9->16
[2022-03-30T23:07:13.106+0800][3.341s] GC(2) Archive regions: 0->0
[2022-03-30T23:07:13.106+0800][3.341s] GC(2) Humongous regions: 4->4
[2022-03-30T23:07:13.106+0800][3.341s] GC(2) Metaspace: 21209K(21504K)->21209K(21504K) NonClass: 18814K(18944K)->18814K(18944K) Class: 2394K(2560K)->2394K(2560K)
[2022-03-30T23:07:13.106+0800][3.341s] GC(2) Pause Young (Concurrent Start) (Metadata GC Threshold) 70M->24M(512M) 6.496ms
[2022-03-30T23:07:13.106+0800][3.341s] GC(2) User=0.09s Sys=0.02s Real=0.01s
[2022-03-30T23:07:13.106+0800][3.341s] GC(3) Concurrent Mark Cycle
[2022-03-30T23:07:13.106+0800][3.341s] GC(3) Concurrent Clear Claimed Marks
[2022-03-30T23:07:13.106+0800][3.341s] GC(3) Concurrent Clear Claimed Marks 0.021ms
[2022-03-30T23:07:13.106+0800][3.341s] GC(3) Concurrent Scan Root Regions
[2022-03-30T23:07:13.110+0800][3.345s] GC(3) Concurrent Scan Root Regions 3.377ms
[2022-03-30T23:07:13.110+0800][3.345s] GC(3) Concurrent Mark
[2022-03-30T23:07:13.110+0800][3.345s] GC(3) Concurrent Mark From Roots
[2022-03-30T23:07:13.110+0800][3.345s] GC(3) Using 2 workers of 2 for marking
[2022-03-30T23:07:13.119+0800][3.354s] GC(3) Concurrent Mark From Roots 8.864ms
[2022-03-30T23:07:13.119+0800][3.354s] GC(3) Concurrent Preclean
[2022-03-30T23:07:13.119+0800][3.354s] GC(3) Concurrent Preclean 0.072ms
[2022-03-30T23:07:13.119+0800][3.354s] GC(3) Pause Remark
[2022-03-30T23:07:13.121+0800][3.355s] GC(3) Pause Remark 26M->26M(512M) 1.409ms
[2022-03-30T23:07:13.121+0800][3.355s] GC(3) User=0.00s Sys=0.00s Real=0.00s
[2022-03-30T23:07:13.121+0800][3.355s] GC(3) Concurrent Mark 10.605ms
[2022-03-30T23:07:13.121+0800][3.355s] GC(3) Concurrent Rebuild Remembered Sets
[2022-03-30T23:07:13.129+0800][3.364s] GC(3) Concurrent Rebuild Remembered Sets 8.130ms
[2022-03-30T23:07:13.129+0800][3.364s] GC(3) Pause Cleanup
[2022-03-30T23:07:13.129+0800][3.364s] GC(3) Pause Cleanup 27M->27M(512M) 0.086ms
[2022-03-30T23:07:13.129+0800][3.364s] GC(3) User=0.00s Sys=0.00s Real=0.00s
[2022-03-30T23:07:13.129+0800][3.364s] GC(3) Concurrent Cleanup for Next Mark
[2022-03-30T23:07:13.130+0800][3.364s] GC(3) Concurrent Cleanup for Next Mark 0.289ms
[2022-03-30T23:07:13.130+0800][3.364s] GC(3) Concurrent Mark Cycle 22.909ms
[2022-03-30T23:07:14.832+0800][5.074s] GC(4) Pause Young (Prepare Mixed) (G1 Evacuation Pause)
[2022-03-30T23:07:14.832+0800][5.074s] GC(4) Using 8 workers of 8 for evacuation
[2022-03-30T23:07:14.832+0800][5.081s] GC(4)   Pre Evacuate Collection Set: 0.1ms
[2022-03-30T23:07:14.832+0800][5.081s] GC(4)   Merge Heap Roots: 0.1ms
[2022-03-30T23:07:14.832+0800][5.081s] GC(4)   Evacuate Collection Set: 6.1ms
[2022-03-30T23:07:14.832+0800][5.081s] GC(4)   Post Evacuate Collection Set: 0.5ms
[2022-03-30T23:07:14.832+0800][5.081s] GC(4)   Other: 0.2ms
[2022-03-30T23:07:14.832+0800][5.081s] GC(4) Eden regions: 82->0(14)
[2022-03-30T23:07:14.832+0800][5.081s] GC(4) Survivor regions: 6->11(11)
[2022-03-30T23:07:14.832+0800][5.081s] GC(4) Old regions: 16->17
[2022-03-30T23:07:14.832+0800][5.081s] GC(4) Archive regions: 0->0
[2022-03-30T23:07:14.832+0800][5.081s] GC(4) Humongous regions: 5->4
[2022-03-30T23:07:14.832+0800][5.081s] GC(4) Metaspace: 35392K(35712K)->35392K(35712K) NonClass: 31247K(31424K)->31247K(31424K) Class: 4145K(4288K)->4145K(4288K)
[2022-03-30T23:07:14.832+0800][5.081s] GC(4) Pause Young (Prepare Mixed) (G1 Evacuation Pause) 107M->31M(512M) 7.100ms
[2022-03-30T23:07:14.832+0800][5.081s] GC(4) User=0.00s Sys=0.00s Real=0.00s
[2022-03-30T23:07:14.902+0800][5.151s] GC(5) Pause Young (Mixed) (Metadata GC Threshold)
[2022-03-30T23:07:14.902+0800][5.151s] GC(5) Using 8 workers of 8 for evacuation
[2022-03-30T23:07:14.921+0800][5.156s] GC(5)   Pre Evacuate Collection Set: 0.1ms
[2022-03-30T23:07:14.921+0800][5.156s] GC(5)   Merge Heap Roots: 0.0ms
[2022-03-30T23:07:14.921+0800][5.156s] GC(5)   Evacuate Collection Set: 4.1ms
[2022-03-30T23:07:14.921+0800][5.156s] GC(5)   Post Evacuate Collection Set: 0.4ms
[2022-03-30T23:07:14.921+0800][5.156s] GC(5)   Other: 0.2ms
[2022-03-30T23:07:14.921+0800][5.156s] GC(5) Eden regions: 4->0(306)
[2022-03-30T23:07:14.921+0800][5.156s] GC(5) Survivor regions: 11->1(4)
[2022-03-30T23:07:14.921+0800][5.156s] GC(5) Old regions: 17->28
[2022-03-30T23:07:14.922+0800][5.156s] GC(5) Archive regions: 0->0
[2022-03-30T23:07:14.922+0800][5.156s] GC(5) Humongous regions: 4->4
[2022-03-30T23:07:14.922+0800][5.156s] GC(5) Metaspace: 35934K(36288K)->35934K(36288K) NonClass: 31709K(31872K)->31709K(31872K) Class: 4224K(4416K)->4224K(4416K)
[2022-03-30T23:07:14.922+0800][5.156s] GC(5) Pause Young (Mixed) (Metadata GC Threshold) 34M->32M(512M) 5.058ms
[2022-03-30T23:07:14.922+0800][5.156s] GC(5) User=0.12s Sys=0.00s Real=0.02s
[2022-03-30T23:07:14.963+0800][5.201s] GC(6) Pause Young (Concurrent Start) (Metadata GC Threshold)
[2022-03-30T23:07:14.963+0800][5.201s] GC(6) Using 8 workers of 8 for evacuation
[2022-03-30T23:07:14.963+0800][5.203s] GC(6)   Pre Evacuate Collection Set: 0.1ms
[2022-03-30T23:07:14.963+0800][5.203s] GC(6)   Merge Heap Roots: 0.0ms
[2022-03-30T23:07:14.963+0800][5.203s] GC(6)   Evacuate Collection Set: 1.2ms
[2022-03-30T23:07:14.963+0800][5.203s] GC(6)   Post Evacuate Collection Set: 0.3ms
[2022-03-30T23:07:14.963+0800][5.203s] GC(6)   Other: 0.2ms
[2022-03-30T23:07:14.963+0800][5.203s] GC(6) Eden regions: 4->0(306)
[2022-03-30T23:07:14.963+0800][5.203s] GC(6) Survivor regions: 1->1(39)
[2022-03-30T23:07:14.963+0800][5.203s] GC(6) Old regions: 28->28
[2022-03-30T23:07:14.963+0800][5.203s] GC(6) Archive regions: 0->0
[2022-03-30T23:07:14.963+0800][5.203s] GC(6) Humongous regions: 4->4
[2022-03-30T23:07:14.963+0800][5.203s] GC(6) Metaspace: 36237K(36608K)->36237K(36608K) NonClass: 31965K(32192K)->31965K(32192K) Class: 4271K(4416K)->4271K(4416K)
[2022-03-30T23:07:14.963+0800][5.203s] GC(6) Pause Young (Concurrent Start) (Metadata GC Threshold) 35M->31M(512M) 1.999ms
[2022-03-30T23:07:14.963+0800][5.203s] GC(6) User=0.00s Sys=0.00s Real=0.00s
[2022-03-30T23:07:14.963+0800][5.203s] GC(7) Concurrent Mark Cycle
[2022-03-30T23:07:14.963+0800][5.203s] GC(7) Concurrent Clear Claimed Marks
[2022-03-30T23:07:14.963+0800][5.203s] GC(7) Concurrent Clear Claimed Marks 0.028ms
[2022-03-30T23:07:14.963+0800][5.203s] GC(7) Concurrent Scan Root Regions
[2022-03-30T23:07:14.963+0800][5.204s] GC(7) Concurrent Scan Root Regions 1.215ms
[2022-03-30T23:07:14.963+0800][5.204s] GC(7) Concurrent Mark
[2022-03-30T23:07:14.963+0800][5.204s] GC(7) Concurrent Mark From Roots
[2022-03-30T23:07:14.963+0800][5.204s] GC(7) Using 2 workers of 2 for marking
[2022-03-30T23:07:15.001+0800][5.239s] GC(7) Concurrent Mark From Roots 34.497ms
[2022-03-30T23:07:15.001+0800][5.239s] GC(7) Concurrent Preclean
[2022-03-30T23:07:15.001+0800][5.239s] GC(7) Concurrent Preclean 0.224ms
[2022-03-30T23:07:15.001+0800][5.239s] GC(7) Pause Remark
[2022-03-30T23:07:15.001+0800][5.241s] GC(7) Pause Remark 35M->35M(512M) 2.174ms
[2022-03-30T23:07:15.001+0800][5.241s] GC(7) User=0.00s Sys=0.00s Real=0.00s
[2022-03-30T23:07:15.001+0800][5.242s] GC(7) Concurrent Mark 37.273ms
[2022-03-30T23:07:15.001+0800][5.242s] GC(7) Concurrent Rebuild Remembered Sets
[2022-03-30T23:07:15.024+0800][5.259s] GC(7) Concurrent Rebuild Remembered Sets 17.495ms
[2022-03-30T23:07:15.024+0800][5.259s] GC(7) Pause Cleanup
[2022-03-30T23:07:15.024+0800][5.259s] GC(7) Pause Cleanup 37M->37M(512M) 0.133ms
[2022-03-30T23:07:15.024+0800][5.260s] GC(7) User=0.00s Sys=0.00s Real=0.00s
[2022-03-30T23:07:15.024+0800][5.260s] GC(7) Concurrent Cleanup for Next Mark
[2022-03-30T23:07:15.025+0800][5.260s] GC(7) Concurrent Cleanup for Next Mark 0.356ms
[2022-03-30T23:07:15.025+0800][5.260s] GC(7) Concurrent Mark Cycle 57.060ms
[2022-03-30T23:09:04.994+0800][115.229s] GC(8) Pause Young (Concurrent Start) (G1 Evacuation Pause)
[2022-03-30T23:09:04.994+0800][115.229s] GC(8) Using 8 workers of 8 for evacuation
[2022-03-30T23:09:05.095+0800][115.329s] GC(8) To-space exhausted
[2022-03-30T23:09:05.095+0800][115.329s] GC(8)   Pre Evacuate Collection Set: 0.2ms
[2022-03-30T23:09:05.095+0800][115.329s] GC(8)   Merge Heap Roots: 0.5ms
[2022-03-30T23:09:05.095+0800][115.329s] GC(8)   Evacuate Collection Set: 75.5ms
[2022-03-30T23:09:05.095+0800][115.329s] GC(8)   Post Evacuate Collection Set: 23.8ms
[2022-03-30T23:09:05.095+0800][115.329s] GC(8)   Other: 0.3ms
[2022-03-30T23:09:05.095+0800][115.329s] GC(8) Eden regions: 306->0(57)
[2022-03-30T23:09:05.095+0800][115.329s] GC(8) Survivor regions: 1->39(39)
[2022-03-30T23:09:05.095+0800][115.329s] GC(8) Old regions: 28->288
[2022-03-30T23:09:05.095+0800][115.329s] GC(8) Archive regions: 0->0
[2022-03-30T23:09:05.095+0800][115.329s] GC(8) Humongous regions: 80->29
[2022-03-30T23:09:05.095+0800][115.329s] GC(8) Metaspace: 48173K(48512K)->48173K(48512K) NonClass: 42372K(42560K)->42372K(42560K) Class: 5801K(5952K)->5801K(5952K)
[2022-03-30T23:09:05.095+0800][115.329s] GC(8) Pause Young (Concurrent Start) (G1 Evacuation Pause) 413M->355M(512M) 100.458ms
[2022-03-30T23:09:05.095+0800][115.329s] GC(8) User=0.59s Sys=0.02s Real=0.10s
[2022-03-30T23:09:05.095+0800][115.329s] GC(9) Concurrent Mark Cycle
[2022-03-30T23:09:05.095+0800][115.329s] GC(9) Concurrent Clear Claimed Marks
[2022-03-30T23:09:05.095+0800][115.329s] GC(9) Concurrent Clear Claimed Marks 0.036ms
[2022-03-30T23:09:05.095+0800][115.329s] GC(9) Concurrent Scan Root Regions
[2022-03-30T23:09:05.131+0800][115.365s] GC(9) Concurrent Scan Root Regions 35.834ms
[2022-03-30T23:09:05.131+0800][115.365s] GC(9) Concurrent Mark
[2022-03-30T23:09:05.131+0800][115.365s] GC(9) Concurrent Mark From Roots
[2022-03-30T23:09:05.131+0800][115.365s] GC(9) Using 2 workers of 2 for marking
[2022-03-30T23:09:05.187+0800][115.421s] GC(9) Concurrent Mark From Roots 55.960ms
[2022-03-30T23:09:05.187+0800][115.421s] GC(9) Concurrent Preclean
[2022-03-30T23:09:05.187+0800][115.422s] GC(9) Concurrent Preclean 0.243ms
[2022-03-30T23:09:05.187+0800][115.422s] GC(9) Pause Remark
[2022-03-30T23:09:05.190+0800][115.424s] GC(9) Pause Remark 361M->357M(512M) 2.448ms
[2022-03-30T23:09:05.190+0800][115.424s] GC(9) User=0.00s Sys=0.00s Real=0.00s
[2022-03-30T23:09:05.190+0800][115.424s] GC(9) Concurrent Mark 59.036ms
[2022-03-30T23:09:05.190+0800][115.424s] GC(9) Concurrent Rebuild Remembered Sets
[2022-03-30T23:09:05.260+0800][115.494s] GC(9) Concurrent Rebuild Remembered Sets 69.979ms
[2022-03-30T23:09:05.260+0800][115.494s] GC(9) Pause Cleanup
[2022-03-30T23:09:05.260+0800][115.495s] GC(9) Pause Cleanup 360M->360M(512M) 0.272ms
[2022-03-30T23:09:05.260+0800][115.495s] GC(9) User=0.00s Sys=0.00s Real=0.00s
[2022-03-30T23:09:05.260+0800][115.495s] GC(9) Concurrent Cleanup for Next Mark
[2022-03-30T23:09:05.261+0800][115.495s] GC(9) Concurrent Cleanup for Next Mark 0.342ms
[2022-03-30T23:09:05.261+0800][115.495s] GC(9) Concurrent Mark Cycle 165.941ms
[2022-03-30T23:09:05.549+0800][115.792s] GC(10) Pause Young (Prepare Mixed) (G1 Evacuation Pause)
[2022-03-30T23:09:05.549+0800][115.792s] GC(10) Using 8 workers of 8 for evacuation
[2022-03-30T23:09:05.592+0800][115.826s] GC(10)   Pre Evacuate Collection Set: 0.1ms
[2022-03-30T23:09:05.592+0800][115.826s] GC(10)   Merge Heap Roots: 0.4ms
[2022-03-30T23:09:05.592+0800][115.826s] GC(10)   Evacuate Collection Set: 33.0ms
[2022-03-30T23:09:05.592+0800][115.826s] GC(10)   Post Evacuate Collection Set: 0.5ms
[2022-03-30T23:09:05.592+0800][115.826s] GC(10)   Other: 0.2ms
[2022-03-30T23:09:05.592+0800][115.827s] GC(10) Eden regions: 57->0(21)
[2022-03-30T23:09:05.592+0800][115.827s] GC(10) Survivor regions: 39->4(12)
[2022-03-30T23:09:05.592+0800][115.827s] GC(10) Old regions: 288->328
[2022-03-30T23:09:05.592+0800][115.827s] GC(10) Archive regions: 0->0
[2022-03-30T23:09:05.592+0800][115.827s] GC(10) Humongous regions: 25->25
[2022-03-30T23:09:05.592+0800][115.827s] GC(10) Metaspace: 48787K(49152K)->48787K(49152K) NonClass: 42958K(43136K)->42958K(43136K) Class: 5829K(6016K)->5829K(6016K)
[2022-03-30T23:09:05.592+0800][115.827s] GC(10) Pause Young (Prepare Mixed) (G1 Evacuation Pause) 408M->356M(512M) 34.630ms
[2022-03-30T23:09:05.592+0800][115.827s] GC(10) User=0.20s Sys=0.02s Real=0.04s
[2022-03-30T23:09:05.936+0800][116.171s] GC(11) Pause Young (Mixed) (G1 Evacuation Pause)
[2022-03-30T23:09:05.936+0800][116.171s] GC(11) Using 8 workers of 8 for evacuation
[2022-03-30T23:09:05.943+0800][116.177s] GC(11)   Pre Evacuate Collection Set: 0.1ms
[2022-03-30T23:09:05.943+0800][116.177s] GC(11)   Merge Heap Roots: 0.1ms
[2022-03-30T23:09:05.943+0800][116.177s] GC(11)   Evacuate Collection Set: 6.1ms
[2022-03-30T23:09:05.943+0800][116.177s] GC(11)   Post Evacuate Collection Set: 0.4ms
[2022-03-30T23:09:05.943+0800][116.177s] GC(11)   Other: 0.2ms
[2022-03-30T23:09:05.943+0800][116.177s] GC(11) Eden regions: 21->0(23)
[2022-03-30T23:09:05.943+0800][116.178s] GC(11) Survivor regions: 4->2(4)
[2022-03-30T23:09:05.943+0800][116.178s] GC(11) Old regions: 328->281
[2022-03-30T23:09:05.943+0800][116.178s] GC(11) Archive regions: 0->0
[2022-03-30T23:09:05.943+0800][116.178s] GC(11) Humongous regions: 25->25
[2022-03-30T23:09:05.943+0800][116.178s] GC(11) Metaspace: 48844K(49216K)->48844K(49216K) NonClass: 43015K(43200K)->43015K(43200K) Class: 5829K(6016K)->5829K(6016K)
[2022-03-30T23:09:05.943+0800][116.178s] GC(11) Pause Young (Mixed) (G1 Evacuation Pause) 377M->307M(512M) 7.100ms
[2022-03-30T23:09:05.943+0800][116.178s] GC(11) User=0.00s Sys=0.00s Real=0.01s
[2022-03-30T23:09:06.106+0800][116.341s] GC(12) Pause Young (Mixed) (G1 Evacuation Pause)
[2022-03-30T23:09:06.106+0800][116.341s] GC(12) Using 8 workers of 8 for evacuation
[2022-03-30T23:09:06.110+0800][116.345s] GC(12)   Pre Evacuate Collection Set: 0.1ms
[2022-03-30T23:09:06.110+0800][116.345s] GC(12)   Merge Heap Roots: 0.1ms
[2022-03-30T23:09:06.110+0800][116.345s] GC(12)   Evacuate Collection Set: 3.6ms
[2022-03-30T23:09:06.110+0800][116.345s] GC(12)   Post Evacuate Collection Set: 0.3ms
[2022-03-30T23:09:06.110+0800][116.345s] GC(12)   Other: 0.3ms
[2022-03-30T23:09:06.110+0800][116.345s] GC(12) Eden regions: 23->0(24)
[2022-03-30T23:09:06.110+0800][116.345s] GC(12) Survivor regions: 2->1(4)
[2022-03-30T23:09:06.110+0800][116.345s] GC(12) Old regions: 281->234
[2022-03-30T23:09:06.110+0800][116.345s] GC(12) Archive regions: 0->0
[2022-03-30T23:09:06.110+0800][116.345s] GC(12) Humongous regions: 25->25
[2022-03-30T23:09:06.110+0800][116.345s] GC(12) Metaspace: 48915K(49280K)->48915K(49280K) NonClass: 43085K(43264K)->43085K(43264K) Class: 5829K(6016K)->5829K(6016K)
[2022-03-30T23:09:06.110+0800][116.345s] GC(12) Pause Young (Mixed) (G1 Evacuation Pause) 330M->259M(512M) 4.605ms
[2022-03-30T23:09:06.111+0800][116.345s] GC(12) User=0.00s Sys=0.00s Real=0.01s
[2022-03-30T23:09:06.244+0800][116.478s] GC(13) Pause Young (Mixed) (G1 Evacuation Pause)
[2022-03-30T23:09:06.244+0800][116.478s] GC(13) Using 8 workers of 8 for evacuation
[2022-03-30T23:09:06.251+0800][116.486s] GC(13)   Pre Evacuate Collection Set: 0.1ms
[2022-03-30T23:09:06.251+0800][116.486s] GC(13)   Merge Heap Roots: 0.1ms
[2022-03-30T23:09:06.251+0800][116.486s] GC(13)   Evacuate Collection Set: 6.8ms
[2022-03-30T23:09:06.251+0800][116.486s] GC(13)   Post Evacuate Collection Set: 0.3ms
[2022-03-30T23:09:06.251+0800][116.486s] GC(13)   Other: 0.2ms
[2022-03-30T23:09:06.251+0800][116.486s] GC(13) Eden regions: 24->0(24)
[2022-03-30T23:09:06.251+0800][116.486s] GC(13) Survivor regions: 1->1(4)
[2022-03-30T23:09:06.251+0800][116.486s] GC(13) Old regions: 234->186
[2022-03-30T23:09:06.251+0800][116.486s] GC(13) Archive regions: 0->0
[2022-03-30T23:09:06.251+0800][116.486s] GC(13) Humongous regions: 25->25
[2022-03-30T23:09:06.251+0800][116.486s] GC(13) Metaspace: 48943K(49344K)->48943K(49344K) NonClass: 43113K(43328K)->43113K(43328K) Class: 5829K(6016K)->5829K(6016K)
[2022-03-30T23:09:06.251+0800][116.486s] GC(13) Pause Young (Mixed) (G1 Evacuation Pause) 283M->211M(512M) 7.828ms
[2022-03-30T23:09:06.251+0800][116.486s] GC(13) User=0.00s Sys=0.00s Real=0.01s
[2022-03-30T23:09:06.405+0800][116.640s] GC(14) Pause Young (Mixed) (G1 Evacuation Pause)
[2022-03-30T23:09:06.405+0800][116.640s] GC(14) Using 8 workers of 8 for evacuation
[2022-03-30T23:09:06.408+0800][116.643s] GC(14)   Pre Evacuate Collection Set: 0.1ms
[2022-03-30T23:09:06.408+0800][116.643s] GC(14)   Merge Heap Roots: 0.1ms
[2022-03-30T23:09:06.408+0800][116.643s] GC(14)   Evacuate Collection Set: 2.2ms
[2022-03-30T23:09:06.408+0800][116.643s] GC(14)   Post Evacuate Collection Set: 0.4ms
[2022-03-30T23:09:06.408+0800][116.643s] GC(14)   Other: 0.2ms
[2022-03-30T23:09:06.408+0800][116.643s] GC(14) Eden regions: 24->0(123)
[2022-03-30T23:09:06.408+0800][116.643s] GC(14) Survivor regions: 1->1(4)
[2022-03-30T23:09:06.408+0800][116.643s] GC(14) Old regions: 186->173
[2022-03-30T23:09:06.408+0800][116.643s] GC(14) Archive regions: 0->0
[2022-03-30T23:09:06.408+0800][116.643s] GC(14) Humongous regions: 25->25
[2022-03-30T23:09:06.408+0800][116.643s] GC(14) Metaspace: 48971K(49344K)->48971K(49344K) NonClass: 43142K(43328K)->43142K(43328K) Class: 5829K(6016K)->5829K(6016K)
[2022-03-30T23:09:06.408+0800][116.643s] GC(14) Pause Young (Mixed) (G1 Evacuation Pause) 235M->198M(512M) 3.255ms
[2022-03-30T23:09:06.408+0800][116.643s] GC(14) User=0.00s Sys=0.00s Real=0.00s
[2022-03-30T23:09:07.126+0800][117.361s] GC(15) Pause Young (Normal) (G1 Evacuation Pause)
[2022-03-30T23:09:07.126+0800][117.361s] GC(15) Using 8 workers of 8 for evacuation
[2022-03-30T23:09:07.128+0800][117.362s] GC(15)   Pre Evacuate Collection Set: 0.1ms
[2022-03-30T23:09:07.128+0800][117.362s] GC(15)   Merge Heap Roots: 0.1ms
[2022-03-30T23:09:07.128+0800][117.362s] GC(15)   Evacuate Collection Set: 0.6ms
[2022-03-30T23:09:07.128+0800][117.362s] GC(15)   Post Evacuate Collection Set: 0.4ms
[2022-03-30T23:09:07.128+0800][117.362s] GC(15)   Other: 0.2ms
[2022-03-30T23:09:07.128+0800][117.362s] GC(15) Eden regions: 123->0(146)
[2022-03-30T23:09:07.128+0800][117.362s] GC(15) Survivor regions: 1->1(16)
[2022-03-30T23:09:07.128+0800][117.362s] GC(15) Old regions: 173->173
[2022-03-30T23:09:07.128+0800][117.362s] GC(15) Archive regions: 0->0
[2022-03-30T23:09:07.128+0800][117.362s] GC(15) Humongous regions: 25->25
[2022-03-30T23:09:07.128+0800][117.362s] GC(15) Metaspace: 49050K(49408K)->49050K(49408K) NonClass: 43220K(43392K)->43220K(43392K) Class: 5829K(6016K)->5829K(6016K)
[2022-03-30T23:09:07.128+0800][117.362s] GC(15) Pause Young (Normal) (G1 Evacuation Pause) 321M->198M(512M) 1.533ms
[2022-03-30T23:09:07.128+0800][117.362s] GC(15) User=0.00s Sys=0.00s Real=0.00s
[2022-03-30T23:09:07.656+0800][117.890s] GC(16) Pause Young (Normal) (G1 Evacuation Pause)
[2022-03-30T23:09:07.656+0800][117.890s] GC(16) Using 8 workers of 8 for evacuation
[2022-03-30T23:09:07.657+0800][117.892s] GC(16)   Pre Evacuate Collection Set: 0.1ms
[2022-03-30T23:09:07.657+0800][117.892s] GC(16)   Merge Heap Roots: 0.1ms
[2022-03-30T23:09:07.657+0800][117.892s] GC(16)   Evacuate Collection Set: 0.6ms
[2022-03-30T23:09:07.657+0800][117.892s] GC(16)   Post Evacuate Collection Set: 0.3ms
[2022-03-30T23:09:07.657+0800][117.892s] GC(16)   Other: 0.2ms
[2022-03-30T23:09:07.657+0800][117.892s] GC(16) Eden regions: 146->0(166)
[2022-03-30T23:09:07.657+0800][117.892s] GC(16) Survivor regions: 1->1(19)
[2022-03-30T23:09:07.657+0800][117.892s] GC(16) Old regions: 173->173
[2022-03-30T23:09:07.657+0800][117.892s] GC(16) Archive regions: 0->0
[2022-03-30T23:09:07.657+0800][117.892s] GC(16) Humongous regions: 25->25
[2022-03-30T23:09:07.657+0800][117.892s] GC(16) Metaspace: 49107K(49472K)->49107K(49472K) NonClass: 43278K(43456K)->43278K(43456K) Class: 5829K(6016K)->5829K(6016K)
[2022-03-30T23:09:07.657+0800][117.892s] GC(16) Pause Young (Normal) (G1 Evacuation Pause) 344M->198M(512M) 1.512ms
[2022-03-30T23:09:07.657+0800][117.892s] GC(16) User=0.00s Sys=0.00s Real=0.00s
[2022-03-30T23:09:08.291+0800][118.526s] GC(17) Pause Young (Normal) (G1 Evacuation Pause)
[2022-03-30T23:09:08.291+0800][118.526s] GC(17) Using 8 workers of 8 for evacuation
[2022-03-30T23:09:08.292+0800][118.527s] GC(17)   Pre Evacuate Collection Set: 0.1ms
[2022-03-30T23:09:08.292+0800][118.527s] GC(17)   Merge Heap Roots: 0.1ms
[2022-03-30T23:09:08.292+0800][118.527s] GC(17)   Evacuate Collection Set: 0.6ms
[2022-03-30T23:09:08.292+0800][118.527s] GC(17)   Post Evacuate Collection Set: 0.3ms
[2022-03-30T23:09:08.293+0800][118.527s] GC(17)   Other: 0.2ms
[2022-03-30T23:09:08.293+0800][118.527s] GC(17) Eden regions: 166->0(180)
[2022-03-30T23:09:08.293+0800][118.527s] GC(17) Survivor regions: 1->2(21)
[2022-03-30T23:09:08.293+0800][118.527s] GC(17) Old regions: 173->173
[2022-03-30T23:09:08.293+0800][118.527s] GC(17) Archive regions: 0->0
[2022-03-30T23:09:08.293+0800][118.527s] GC(17) Humongous regions: 25->25
[2022-03-30T23:09:08.293+0800][118.527s] GC(17) Metaspace: 49192K(49536K)->49192K(49536K) NonClass: 43363K(43520K)->43363K(43520K) Class: 5829K(6016K)->5829K(6016K)
[2022-03-30T23:09:08.293+0800][118.527s] GC(17) Pause Young (Normal) (G1 Evacuation Pause) 364M->199M(512M) 1.594ms
[2022-03-30T23:09:08.293+0800][118.527s] GC(17) User=0.00s Sys=0.00s Real=0.00s
[2022-03-30T23:09:08.839+0800][119.073s] GC(18) Pause Young (Normal) (G1 Evacuation Pause)
[2022-03-30T23:09:08.839+0800][119.073s] GC(18) Using 8 workers of 8 for evacuation
[2022-03-30T23:09:08.840+0800][119.074s] GC(18)   Pre Evacuate Collection Set: 0.1ms
[2022-03-30T23:09:08.840+0800][119.074s] GC(18)   Merge Heap Roots: 0.1ms
[2022-03-30T23:09:08.840+0800][119.074s] GC(18)   Evacuate Collection Set: 0.6ms
[2022-03-30T23:09:08.840+0800][119.074s] GC(18)   Post Evacuate Collection Set: 0.3ms
[2022-03-30T23:09:08.840+0800][119.074s] GC(18)   Other: 0.1ms
[2022-03-30T23:09:08.840+0800][119.074s] GC(18) Eden regions: 180->0(193)
[2022-03-30T23:09:08.840+0800][119.074s] GC(18) Survivor regions: 2->2(23)
[2022-03-30T23:09:08.840+0800][119.074s] GC(18) Old regions: 173->173
[2022-03-30T23:09:08.840+0800][119.074s] GC(18) Archive regions: 0->0
[2022-03-30T23:09:08.840+0800][119.074s] GC(18) Humongous regions: 25->25
[2022-03-30T23:09:08.840+0800][119.074s] GC(18) Metaspace: 49254K(49600K)->49254K(49600K) NonClass: 43423K(43584K)->43423K(43584K) Class: 5831K(6016K)->5831K(6016K)
[2022-03-30T23:09:08.840+0800][119.075s] GC(18) Pause Young (Normal) (G1 Evacuation Pause) 379M->199M(512M) 1.275ms
[2022-03-30T23:09:08.840+0800][119.075s] GC(18) User=0.00s Sys=0.00s Real=0.00s
[2022-03-30T23:09:09.419+0800][119.654s] GC(19) Pause Young (Normal) (G1 Evacuation Pause)
[2022-03-30T23:09:09.419+0800][119.654s] GC(19) Using 8 workers of 8 for evacuation
[2022-03-30T23:09:09.420+0800][119.655s] GC(19)   Pre Evacuate Collection Set: 0.0ms
[2022-03-30T23:09:09.420+0800][119.655s] GC(19)   Merge Heap Roots: 0.0ms
[2022-03-30T23:09:09.420+0800][119.655s] GC(19)   Evacuate Collection Set: 0.6ms
[2022-03-30T23:09:09.420+0800][119.655s] GC(19)   Post Evacuate Collection Set: 0.3ms
[2022-03-30T23:09:09.420+0800][119.655s] GC(19)   Other: 0.1ms
[2022-03-30T23:09:09.420+0800][119.655s] GC(19) Eden regions: 193->0(204)
[2022-03-30T23:09:09.421+0800][119.655s] GC(19) Survivor regions: 2->2(25)
[2022-03-30T23:09:09.421+0800][119.655s] GC(19) Old regions: 173->173
[2022-03-30T23:09:09.421+0800][119.655s] GC(19) Archive regions: 0->0
[2022-03-30T23:09:09.421+0800][119.655s] GC(19) Humongous regions: 25->25
[2022-03-30T23:09:09.421+0800][119.655s] GC(19) Metaspace: 49268K(49664K)->49268K(49664K) NonClass: 43437K(43648K)->43437K(43648K) Class: 5831K(6016K)->5831K(6016K)
[2022-03-30T23:09:09.421+0800][119.655s] GC(19) Pause Young (Normal) (G1 Evacuation Pause) 392M->199M(512M) 1.277ms
[2022-03-30T23:09:09.421+0800][119.655s] GC(19) User=0.00s Sys=0.00s Real=0.00s
[2022-03-30T23:09:09.889+0800][120.124s] GC(20) Pause Young (Normal) (G1 Evacuation Pause)
[2022-03-30T23:09:09.889+0800][120.124s] GC(20) Using 8 workers of 8 for evacuation
[2022-03-30T23:09:09.890+0800][120.125s] GC(20)   Pre Evacuate Collection Set: 0.1ms
[2022-03-30T23:09:09.890+0800][120.125s] GC(20)   Merge Heap Roots: 0.1ms
[2022-03-30T23:09:09.890+0800][120.125s] GC(20)   Evacuate Collection Set: 0.7ms
[2022-03-30T23:09:09.890+0800][120.125s] GC(20)   Post Evacuate Collection Set: 0.3ms
[2022-03-30T23:09:09.890+0800][120.125s] GC(20)   Other: 0.2ms
[2022-03-30T23:09:09.890+0800][120.125s] GC(20) Eden regions: 204->0(213)
[2022-03-30T23:09:09.890+0800][120.125s] GC(20) Survivor regions: 2->3(26)
[2022-03-30T23:09:09.890+0800][120.125s] GC(20) Old regions: 173->173
[2022-03-30T23:09:09.890+0800][120.125s] GC(20) Archive regions: 0->0
[2022-03-30T23:09:09.890+0800][120.125s] GC(20) Humongous regions: 25->25
[2022-03-30T23:09:09.890+0800][120.125s] GC(20) Metaspace: 49271K(49664K)->49271K(49664K) NonClass: 43440K(43648K)->43440K(43648K) Class: 5831K(6016K)->5831K(6016K)
[2022-03-30T23:09:09.890+0800][120.125s] GC(20) Pause Young (Normal) (G1 Evacuation Pause) 403M->200M(512M) 1.338ms
[2022-03-30T23:09:09.890+0800][120.125s] GC(20) User=0.00s Sys=0.00s Real=0.00s
[2022-03-30T23:09:10.221+0800][120.467s] GC(21) Pause Young (Normal) (G1 Evacuation Pause)
[2022-03-30T23:09:10.221+0800][120.467s] GC(21) Using 8 workers of 8 for evacuation
[2022-03-30T23:09:10.221+0800][120.469s] GC(21)   Pre Evacuate Collection Set: 0.1ms
[2022-03-30T23:09:10.221+0800][120.469s] GC(21)   Merge Heap Roots: 0.1ms
[2022-03-30T23:09:10.221+0800][120.469s] GC(21)   Evacuate Collection Set: 0.6ms
[2022-03-30T23:09:10.221+0800][120.469s] GC(21)   Post Evacuate Collection Set: 0.6ms
[2022-03-30T23:09:10.221+0800][120.469s] GC(21)   Other: 0.1ms
[2022-03-30T23:09:10.221+0800][120.469s] GC(21) Eden regions: 213->0(220)
[2022-03-30T23:09:10.221+0800][120.469s] GC(21) Survivor regions: 3->3(27)
[2022-03-30T23:09:10.221+0800][120.469s] GC(21) Old regions: 173->173
[2022-03-30T23:09:10.221+0800][120.469s] GC(21) Archive regions: 0->0
[2022-03-30T23:09:10.221+0800][120.469s] GC(21) Humongous regions: 25->25
[2022-03-30T23:09:10.221+0800][120.469s] GC(21) Metaspace: 49279K(49664K)->49279K(49664K) NonClass: 43448K(43648K)->43448K(43648K) Class: 5831K(6016K)->5831K(6016K)
[2022-03-30T23:09:10.221+0800][120.469s] GC(21) Pause Young (Normal) (G1 Evacuation Pause) 413M->200M(512M) 1.548ms
[2022-03-30T23:09:10.221+0800][120.469s] GC(21) User=0.00s Sys=0.00s Real=0.00s
[2022-03-30T23:09:10.551+0800][120.791s] GC(22) Pause Young (Normal) (G1 Evacuation Pause)
[2022-03-30T23:09:10.551+0800][120.791s] GC(22) Using 8 workers of 8 for evacuation
[2022-03-30T23:09:10.557+0800][120.792s] GC(22)   Pre Evacuate Collection Set: 0.2ms
[2022-03-30T23:09:10.557+0800][120.793s] GC(22)   Merge Heap Roots: 0.1ms
[2022-03-30T23:09:10.557+0800][120.793s] GC(22)   Evacuate Collection Set: 0.6ms
[2022-03-30T23:09:10.557+0800][120.793s] GC(22)   Post Evacuate Collection Set: 0.5ms
[2022-03-30T23:09:10.557+0800][120.793s] GC(22)   Other: 0.2ms
[2022-03-30T23:09:10.557+0800][120.793s] GC(22) Eden regions: 220->0(226)
[2022-03-30T23:09:10.557+0800][120.793s] GC(22) Survivor regions: 3->3(28)
[2022-03-30T23:09:10.557+0800][120.793s] GC(22) Old regions: 173->173
[2022-03-30T23:09:10.557+0800][120.793s] GC(22) Archive regions: 0->0
[2022-03-30T23:09:10.557+0800][120.793s] GC(22) Humongous regions: 25->25
[2022-03-30T23:09:10.557+0800][120.793s] GC(22) Metaspace: 49281K(49664K)->49281K(49664K) NonClass: 43450K(43648K)->43450K(43648K) Class: 5831K(6016K)->5831K(6016K)
[2022-03-30T23:09:10.557+0800][120.793s] GC(22) Pause Young (Normal) (G1 Evacuation Pause) 420M->200M(512M) 1.747ms
[2022-03-30T23:09:10.557+0800][120.793s] GC(22) User=0.02s Sys=0.00s Real=0.01s
[2022-03-30T23:09:10.894+0800][121.129s] GC(23) Pause Young (Normal) (G1 Evacuation Pause)
[2022-03-30T23:09:10.894+0800][121.129s] GC(23) Using 8 workers of 8 for evacuation
[2022-03-30T23:09:10.896+0800][121.131s] GC(23)   Pre Evacuate Collection Set: 0.1ms
[2022-03-30T23:09:10.896+0800][121.131s] GC(23)   Merge Heap Roots: 0.1ms
[2022-03-30T23:09:10.896+0800][121.131s] GC(23)   Evacuate Collection Set: 0.5ms
[2022-03-30T23:09:10.896+0800][121.131s] GC(23)   Post Evacuate Collection Set: 0.4ms
[2022-03-30T23:09:10.896+0800][121.131s] GC(23)   Other: 0.2ms
[2022-03-30T23:09:10.896+0800][121.131s] GC(23) Eden regions: 226->0(230)
[2022-03-30T23:09:10.896+0800][121.131s] GC(23) Survivor regions: 3->4(29)
[2022-03-30T23:09:10.896+0800][121.131s] GC(23) Old regions: 173->173
[2022-03-30T23:09:10.896+0800][121.131s] GC(23) Archive regions: 0->0
[2022-03-30T23:09:10.896+0800][121.131s] GC(23) Humongous regions: 25->25
[2022-03-30T23:09:10.896+0800][121.131s] GC(23) Metaspace: 49281K(49664K)->49281K(49664K) NonClass: 43450K(43648K)->43450K(43648K) Class: 5831K(6016K)->5831K(6016K)
[2022-03-30T23:09:10.896+0800][121.131s] GC(23) Pause Young (Normal) (G1 Evacuation Pause) 426M->201M(512M) 1.432ms
[2022-03-30T23:09:10.896+0800][121.131s] GC(23) User=0.00s Sys=0.00s Real=0.00s
[2022-03-30T23:09:11.310+0800][121.544s] GC(24) Pause Young (Normal) (G1 Evacuation Pause)
[2022-03-30T23:09:11.310+0800][121.544s] GC(24) Using 8 workers of 8 for evacuation
[2022-03-30T23:09:11.311+0800][121.546s] GC(24)   Pre Evacuate Collection Set: 0.2ms
[2022-03-30T23:09:11.311+0800][121.546s] GC(24)   Merge Heap Roots: 0.1ms
[2022-03-30T23:09:11.311+0800][121.546s] GC(24)   Evacuate Collection Set: 0.7ms
[2022-03-30T23:09:11.311+0800][121.546s] GC(24)   Post Evacuate Collection Set: 0.4ms
[2022-03-30T23:09:11.311+0800][121.546s] GC(24)   Other: 0.3ms
[2022-03-30T23:09:11.311+0800][121.546s] GC(24) Eden regions: 230->0(234)
[2022-03-30T23:09:11.311+0800][121.546s] GC(24) Survivor regions: 4->4(30)
[2022-03-30T23:09:11.311+0800][121.546s] GC(24) Old regions: 173->173
[2022-03-30T23:09:11.311+0800][121.546s] GC(24) Archive regions: 0->0
[2022-03-30T23:09:11.311+0800][121.546s] GC(24) Humongous regions: 25->25
[2022-03-30T23:09:11.311+0800][121.546s] GC(24) Metaspace: 49286K(49664K)->49286K(49664K) NonClass: 43455K(43648K)->43455K(43648K) Class: 5831K(6016K)->5831K(6016K)
[2022-03-30T23:09:11.311+0800][121.546s] GC(24) Pause Young (Normal) (G1 Evacuation Pause) 431M->201M(512M) 1.688ms
[2022-03-30T23:09:11.311+0800][121.546s] GC(24) User=0.00s Sys=0.00s Real=0.00s
[2022-03-30T23:09:11.717+0800][121.952s] GC(25) Pause Young (Normal) (G1 Evacuation Pause)
[2022-03-30T23:09:11.717+0800][121.952s] GC(25) Using 8 workers of 8 for evacuation
[2022-03-30T23:09:11.717+0800][121.954s] GC(25)   Pre Evacuate Collection Set: 0.3ms
[2022-03-30T23:09:11.717+0800][121.954s] GC(25)   Merge Heap Roots: 0.1ms
[2022-03-30T23:09:11.717+0800][121.954s] GC(25)   Evacuate Collection Set: 0.7ms
[2022-03-30T23:09:11.717+0800][121.954s] GC(25)   Post Evacuate Collection Set: 0.6ms
[2022-03-30T23:09:11.717+0800][121.954s] GC(25)   Other: 0.1ms
[2022-03-30T23:09:11.717+0800][121.954s] GC(25) Eden regions: 234->0(237)
[2022-03-30T23:09:11.717+0800][121.954s] GC(25) Survivor regions: 4->4(30)
[2022-03-30T23:09:11.717+0800][121.954s] GC(25) Old regions: 173->173
[2022-03-30T23:09:11.717+0800][121.954s] GC(25) Archive regions: 0->0
[2022-03-30T23:09:11.717+0800][121.954s] GC(25) Humongous regions: 25->25
[2022-03-30T23:09:11.717+0800][121.954s] GC(25) Metaspace: 49288K(49664K)->49288K(49664K) NonClass: 43457K(43648K)->43457K(43648K) Class: 5831K(6016K)->5831K(6016K)
[2022-03-30T23:09:11.717+0800][121.954s] GC(25) Pause Young (Normal) (G1 Evacuation Pause) 435M->201M(512M) 1.889ms
[2022-03-30T23:09:11.717+0800][121.954s] GC(25) User=0.00s Sys=0.00s Real=0.00s
[2022-03-30T23:09:12.155+0800][122.390s] GC(26) Pause Young (Normal) (G1 Evacuation Pause)
[2022-03-30T23:09:12.155+0800][122.390s] GC(26) Using 8 workers of 8 for evacuation
[2022-03-30T23:09:12.155+0800][122.391s] GC(26)   Pre Evacuate Collection Set: 0.2ms
[2022-03-30T23:09:12.155+0800][122.391s] GC(26)   Merge Heap Roots: 0.2ms
[2022-03-30T23:09:12.155+0800][122.391s] GC(26)   Evacuate Collection Set: 0.8ms
[2022-03-30T23:09:12.155+0800][122.391s] GC(26)   Post Evacuate Collection Set: 0.4ms
[2022-03-30T23:09:12.155+0800][122.391s] GC(26)   Other: 0.1ms
[2022-03-30T23:09:12.155+0800][122.391s] GC(26) Eden regions: 237->0(238)
[2022-03-30T23:09:12.155+0800][122.391s] GC(26) Survivor regions: 4->5(31)
[2022-03-30T23:09:12.155+0800][122.391s] GC(26) Old regions: 173->174
[2022-03-30T23:09:12.155+0800][122.391s] GC(26) Archive regions: 0->0
[2022-03-30T23:09:12.155+0800][122.391s] GC(26) Humongous regions: 25->25
[2022-03-30T23:09:12.155+0800][122.391s] GC(26) Metaspace: 49321K(49728K)->49321K(49728K) NonClass: 43490K(43712K)->43490K(43712K) Class: 5831K(6016K)->5831K(6016K)
[2022-03-30T23:09:12.155+0800][122.391s] GC(26) Pause Young (Normal) (G1 Evacuation Pause) 438M->202M(512M) 1.834ms
[2022-03-30T23:09:12.155+0800][122.391s] GC(26) User=0.00s Sys=0.00s Real=0.00s
[2022-03-30T23:09:12.559+0800][122.800s] GC(27) Pause Young (Normal) (G1 Evacuation Pause)
[2022-03-30T23:09:12.559+0800][122.800s] GC(27) Using 8 workers of 8 for evacuation
[2022-03-30T23:09:12.559+0800][122.801s] GC(27)   Pre Evacuate Collection Set: 0.1ms
[2022-03-30T23:09:12.559+0800][122.801s] GC(27)   Merge Heap Roots: 0.1ms
[2022-03-30T23:09:12.559+0800][122.801s] GC(27)   Evacuate Collection Set: 0.8ms
[2022-03-30T23:09:12.559+0800][122.801s] GC(27)   Post Evacuate Collection Set: 0.5ms
[2022-03-30T23:09:12.559+0800][122.801s] GC(27)   Other: 0.1ms
[2022-03-30T23:09:12.559+0800][122.801s] GC(27) Eden regions: 238->0(240)
[2022-03-30T23:09:12.559+0800][122.801s] GC(27) Survivor regions: 5->5(31)
[2022-03-30T23:09:12.559+0800][122.801s] GC(27) Old regions: 174->174
[2022-03-30T23:09:12.559+0800][122.801s] GC(27) Archive regions: 0->0
[2022-03-30T23:09:12.559+0800][122.801s] GC(27) Humongous regions: 25->25
[2022-03-30T23:09:12.559+0800][122.801s] GC(27) Metaspace: 49322K(49728K)->49322K(49728K) NonClass: 43491K(43712K)->43491K(43712K) Class: 5831K(6016K)->5831K(6016K)
[2022-03-30T23:09:12.559+0800][122.801s] GC(27) Pause Young (Normal) (G1 Evacuation Pause) 440M->202M(512M) 1.741ms
[2022-03-30T23:09:12.559+0800][122.801s] GC(27) User=0.00s Sys=0.00s Real=0.00s
[2022-03-30T23:09:12.963+0800][123.198s] GC(28) Pause Young (Normal) (G1 Evacuation Pause)
[2022-03-30T23:09:12.963+0800][123.198s] GC(28) Using 8 workers of 8 for evacuation
[2022-03-30T23:09:12.963+0800][123.199s] GC(28)   Pre Evacuate Collection Set: 0.0ms
[2022-03-30T23:09:12.963+0800][123.200s] GC(28)   Merge Heap Roots: 0.0ms
[2022-03-30T23:09:12.963+0800][123.200s] GC(28)   Evacuate Collection Set: 0.8ms
[2022-03-30T23:09:12.963+0800][123.200s] GC(28)   Post Evacuate Collection Set: 0.3ms
[2022-03-30T23:09:12.963+0800][123.200s] GC(28)   Other: 0.2ms
[2022-03-30T23:09:12.963+0800][123.200s] GC(28) Eden regions: 240->0(242)
[2022-03-30T23:09:12.963+0800][123.200s] GC(28) Survivor regions: 5->5(31)
[2022-03-30T23:09:12.963+0800][123.200s] GC(28) Old regions: 174->174
[2022-03-30T23:09:12.963+0800][123.200s] GC(28) Archive regions: 0->0
[2022-03-30T23:09:12.963+0800][123.200s] GC(28) Humongous regions: 25->25
[2022-03-30T23:09:12.963+0800][123.200s] GC(28) Metaspace: 49322K(49728K)->49322K(49728K) NonClass: 43491K(43712K)->43491K(43712K) Class: 5831K(6016K)->5831K(6016K)
[2022-03-30T23:09:12.963+0800][123.200s] GC(28) Pause Young (Normal) (G1 Evacuation Pause) 442M->203M(512M) 1.501ms
[2022-03-30T23:09:12.963+0800][123.200s] GC(28) User=0.00s Sys=0.00s Real=0.00s
[2022-03-30T23:09:13.373+0800][123.608s] GC(29) Pause Young (Normal) (G1 Evacuation Pause)
[2022-03-30T23:09:13.373+0800][123.608s] GC(29) Using 8 workers of 8 for evacuation
[2022-03-30T23:09:13.374+0800][123.609s] GC(29)   Pre Evacuate Collection Set: 0.1ms
[2022-03-30T23:09:13.374+0800][123.609s] GC(29)   Merge Heap Roots: 0.1ms
[2022-03-30T23:09:13.374+0800][123.609s] GC(29)   Evacuate Collection Set: 0.9ms
[2022-03-30T23:09:13.374+0800][123.609s] GC(29)   Post Evacuate Collection Set: 0.3ms
[2022-03-30T23:09:13.374+0800][123.609s] GC(29)   Other: 0.2ms
[2022-03-30T23:09:13.375+0800][123.609s] GC(29) Eden regions: 242->0(243)
[2022-03-30T23:09:13.375+0800][123.609s] GC(29) Survivor regions: 5->6(31)
[2022-03-30T23:09:13.375+0800][123.609s] GC(29) Old regions: 174->174
[2022-03-30T23:09:13.375+0800][123.609s] GC(29) Archive regions: 0->0
[2022-03-30T23:09:13.375+0800][123.609s] GC(29) Humongous regions: 25->25
[2022-03-30T23:09:13.375+0800][123.609s] GC(29) Metaspace: 49325K(49728K)->49325K(49728K) NonClass: 43494K(43712K)->43494K(43712K) Class: 5831K(6016K)->5831K(6016K)
[2022-03-30T23:09:13.375+0800][123.609s] GC(29) Pause Young (Normal) (G1 Evacuation Pause) 445M->203M(512M) 1.704ms
[2022-03-30T23:09:13.375+0800][123.609s] GC(29) User=0.00s Sys=0.00s Real=0.00s
[2022-03-30T23:09:13.824+0800][124.059s] GC(30) Pause Young (Normal) (G1 Evacuation Pause)
[2022-03-30T23:09:13.824+0800][124.059s] GC(30) Using 8 workers of 8 for evacuation
[2022-03-30T23:09:13.825+0800][124.060s] GC(30)   Pre Evacuate Collection Set: 0.0ms
[2022-03-30T23:09:13.825+0800][124.060s] GC(30)   Merge Heap Roots: 0.1ms
[2022-03-30T23:09:13.825+0800][124.060s] GC(30)   Evacuate Collection Set: 1.0ms
[2022-03-30T23:09:13.825+0800][124.060s] GC(30)   Post Evacuate Collection Set: 0.3ms
[2022-03-30T23:09:13.825+0800][124.060s] GC(30)   Other: 0.1ms
[2022-03-30T23:09:13.825+0800][124.060s] GC(30) Eden regions: 243->0(244)
[2022-03-30T23:09:13.825+0800][124.060s] GC(30) Survivor regions: 6->6(32)
[2022-03-30T23:09:13.825+0800][124.060s] GC(30) Old regions: 174->174
[2022-03-30T23:09:13.825+0800][124.060s] GC(30) Archive regions: 0->0
[2022-03-30T23:09:13.825+0800][124.060s] GC(30) Humongous regions: 25->25
[2022-03-30T23:09:13.825+0800][124.060s] GC(30) Metaspace: 49326K(49728K)->49326K(49728K) NonClass: 43495K(43712K)->43495K(43712K) Class: 5831K(6016K)->5831K(6016K)
[2022-03-30T23:09:13.825+0800][124.060s] GC(30) Pause Young (Normal) (G1 Evacuation Pause) 446M->203M(512M) 1.648ms
[2022-03-30T23:09:13.825+0800][124.060s] GC(30) User=0.00s Sys=0.00s Real=0.00s
[2022-03-30T23:09:14.296+0800][124.531s] GC(31) Pause Young (Normal) (G1 Evacuation Pause)
[2022-03-30T23:09:14.296+0800][124.531s] GC(31) Using 8 workers of 8 for evacuation
[2022-03-30T23:09:14.298+0800][124.532s] GC(31)   Pre Evacuate Collection Set: 0.1ms
[2022-03-30T23:09:14.298+0800][124.532s] GC(31)   Merge Heap Roots: 0.1ms
[2022-03-30T23:09:14.298+0800][124.532s] GC(31)   Evacuate Collection Set: 0.9ms
[2022-03-30T23:09:14.298+0800][124.532s] GC(31)   Post Evacuate Collection Set: 0.4ms
[2022-03-30T23:09:14.298+0800][124.532s] GC(31)   Other: 0.1ms
[2022-03-30T23:09:14.298+0800][124.532s] GC(31) Eden regions: 244->0(245)
[2022-03-30T23:09:14.298+0800][124.532s] GC(31) Survivor regions: 6->6(32)
[2022-03-30T23:09:14.298+0800][124.532s] GC(31) Old regions: 174->174
[2022-03-30T23:09:14.298+0800][124.532s] GC(31) Archive regions: 0->0
[2022-03-30T23:09:14.298+0800][124.532s] GC(31) Humongous regions: 25->25
[2022-03-30T23:09:14.298+0800][124.532s] GC(31) Metaspace: 49384K(49792K)->49384K(49792K) NonClass: 43553K(43776K)->43553K(43776K) Class: 5831K(6016K)->5831K(6016K)
[2022-03-30T23:09:14.298+0800][124.532s] GC(31) Pause Young (Normal) (G1 Evacuation Pause) 447M->204M(512M) 1.737ms
[2022-03-30T23:09:14.298+0800][124.532s] GC(31) User=0.00s Sys=0.00s Real=0.00s
[2022-03-30T23:09:14.998+0800][125.233s] GC(32) Pause Young (Normal) (G1 Evacuation Pause)
[2022-03-30T23:09:14.998+0800][125.233s] GC(32) Using 8 workers of 8 for evacuation
[2022-03-30T23:09:15.000+0800][125.235s] GC(32)   Pre Evacuate Collection Set: 0.2ms
[2022-03-30T23:09:15.000+0800][125.235s] GC(32)   Merge Heap Roots: 0.1ms
[2022-03-30T23:09:15.000+0800][125.235s] GC(32)   Evacuate Collection Set: 1.1ms
[2022-03-30T23:09:15.000+0800][125.235s] GC(32)   Post Evacuate Collection Set: 0.6ms
[2022-03-30T23:09:15.000+0800][125.235s] GC(32)   Other: 0.1ms
[2022-03-30T23:09:15.000+0800][125.235s] GC(32) Eden regions: 245->0(246)
[2022-03-30T23:09:15.000+0800][125.235s] GC(32) Survivor regions: 6->6(32)
[2022-03-30T23:09:15.000+0800][125.235s] GC(32) Old regions: 174->174
[2022-03-30T23:09:15.000+0800][125.235s] GC(32) Archive regions: 0->0
[2022-03-30T23:09:15.000+0800][125.235s] GC(32) Humongous regions: 25->25
[2022-03-30T23:09:15.000+0800][125.235s] GC(32) Metaspace: 49389K(49792K)->49389K(49792K) NonClass: 43558K(43776K)->43558K(43776K) Class: 5831K(6016K)->5831K(6016K)
[2022-03-30T23:09:15.000+0800][125.235s] GC(32) Pause Young (Normal) (G1 Evacuation Pause) 449M->204M(512M) 2.247ms
[2022-03-30T23:09:15.000+0800][125.235s] GC(32) User=0.00s Sys=0.00s Real=0.00s
[2022-03-30T23:09:15.781+0800][126.030s] GC(33) Pause Young (Normal) (G1 Evacuation Pause)
[2022-03-30T23:09:15.781+0800][126.030s] GC(33) Using 8 workers of 8 for evacuation
[2022-03-30T23:09:15.796+0800][126.031s] GC(33)   Pre Evacuate Collection Set: 0.1ms
[2022-03-30T23:09:15.796+0800][126.031s] GC(33)   Merge Heap Roots: 0.1ms
[2022-03-30T23:09:15.796+0800][126.031s] GC(33)   Evacuate Collection Set: 1.1ms
[2022-03-30T23:09:15.796+0800][126.031s] GC(33)   Post Evacuate Collection Set: 0.3ms
[2022-03-30T23:09:15.796+0800][126.031s] GC(33)   Other: 0.1ms
[2022-03-30T23:09:15.796+0800][126.031s] GC(33) Eden regions: 246->0(247)
[2022-03-30T23:09:15.796+0800][126.031s] GC(33) Survivor regions: 6->6(32)
[2022-03-30T23:09:15.796+0800][126.031s] GC(33) Old regions: 174->174
[2022-03-30T23:09:15.796+0800][126.031s] GC(33) Archive regions: 0->0
[2022-03-30T23:09:15.796+0800][126.031s] GC(33) Humongous regions: 25->25
[2022-03-30T23:09:15.796+0800][126.031s] GC(33) Metaspace: 49390K(49792K)->49390K(49792K) NonClass: 43559K(43776K)->43559K(43776K) Class: 5831K(6016K)->5831K(6016K)
[2022-03-30T23:09:15.797+0800][126.031s] GC(33) Pause Young (Normal) (G1 Evacuation Pause) 450M->204M(512M) 1.842ms
[2022-03-30T23:09:15.797+0800][126.031s] GC(33) User=0.09s Sys=0.00s Real=0.02s
[2022-03-30T23:09:16.433+0800][126.682s] GC(34) Pause Young (Normal) (G1 Evacuation Pause)
[2022-03-30T23:09:16.433+0800][126.682s] GC(34) Using 8 workers of 8 for evacuation
[2022-03-30T23:09:16.449+0800][126.684s] GC(34)   Pre Evacuate Collection Set: 0.2ms
[2022-03-30T23:09:16.449+0800][126.684s] GC(34)   Merge Heap Roots: 0.1ms
[2022-03-30T23:09:16.449+0800][126.684s] GC(34)   Evacuate Collection Set: 1.1ms
[2022-03-30T23:09:16.449+0800][126.684s] GC(34)   Post Evacuate Collection Set: 0.3ms
[2022-03-30T23:09:16.449+0800][126.684s] GC(34)   Other: 0.3ms
[2022-03-30T23:09:16.449+0800][126.684s] GC(34) Eden regions: 247->0(245)
[2022-03-30T23:09:16.449+0800][126.684s] GC(34) Survivor regions: 6->7(32)
[2022-03-30T23:09:16.449+0800][126.684s] GC(34) Old regions: 174->175
[2022-03-30T23:09:16.449+0800][126.684s] GC(34) Archive regions: 0->0
[2022-03-30T23:09:16.449+0800][126.684s] GC(34) Humongous regions: 25->25
[2022-03-30T23:09:16.449+0800][126.684s] GC(34) Metaspace: 49390K(49792K)->49390K(49792K) NonClass: 43559K(43776K)->43559K(43776K) Class: 5831K(6016K)->5831K(6016K)
[2022-03-30T23:09:16.449+0800][126.684s] GC(34) Pause Young (Normal) (G1 Evacuation Pause) 451M->205M(512M) 2.172ms
[2022-03-30T23:09:16.449+0800][126.684s] GC(34) User=0.08s Sys=0.00s Real=0.02s
[2022-03-30T23:09:17.311+0800][127.559s] GC(35) Pause Young (Normal) (G1 Evacuation Pause)
[2022-03-30T23:09:17.311+0800][127.559s] GC(35) Using 8 workers of 8 for evacuation
[2022-03-30T23:09:17.326+0800][127.560s] GC(35)   Pre Evacuate Collection Set: 0.1ms
[2022-03-30T23:09:17.326+0800][127.560s] GC(35)   Merge Heap Roots: 0.1ms
[2022-03-30T23:09:17.326+0800][127.560s] GC(35)   Evacuate Collection Set: 1.0ms
[2022-03-30T23:09:17.326+0800][127.560s] GC(35)   Post Evacuate Collection Set: 0.4ms
[2022-03-30T23:09:17.326+0800][127.560s] GC(35)   Other: 0.2ms
[2022-03-30T23:09:17.326+0800][127.560s] GC(35) Eden regions: 245->0(246)
[2022-03-30T23:09:17.326+0800][127.560s] GC(35) Survivor regions: 7->7(32)
[2022-03-30T23:09:17.326+0800][127.560s] GC(35) Old regions: 175->175
[2022-03-30T23:09:17.326+0800][127.560s] GC(35) Archive regions: 0->0
[2022-03-30T23:09:17.326+0800][127.561s] GC(35) Humongous regions: 25->25
[2022-03-30T23:09:17.326+0800][127.561s] GC(35) Metaspace: 49392K(49792K)->49392K(49792K) NonClass: 43560K(43776K)->43560K(43776K) Class: 5831K(6016K)->5831K(6016K)
[2022-03-30T23:09:17.326+0800][127.561s] GC(35) Pause Young (Normal) (G1 Evacuation Pause) 450M->205M(512M) 2.052ms
[2022-03-30T23:09:17.326+0800][127.561s] GC(35) User=0.05s Sys=0.00s Real=0.01s
[2022-03-30T23:09:18.199+0800][128.442s] GC(36) Pause Young (Normal) (G1 Evacuation Pause)
[2022-03-30T23:09:18.199+0800][128.442s] GC(36) Using 8 workers of 8 for evacuation
[2022-03-30T23:09:18.209+0800][128.444s] GC(36)   Pre Evacuate Collection Set: 0.1ms
[2022-03-30T23:09:18.209+0800][128.444s] GC(36)   Merge Heap Roots: 0.2ms
[2022-03-30T23:09:18.209+0800][128.444s] GC(36)   Evacuate Collection Set: 1.2ms
[2022-03-30T23:09:18.209+0800][128.444s] GC(36)   Post Evacuate Collection Set: 0.4ms
[2022-03-30T23:09:18.209+0800][128.444s] GC(36)   Other: 0.2ms
[2022-03-30T23:09:18.209+0800][128.444s] GC(36) Eden regions: 246->0(246)
[2022-03-30T23:09:18.209+0800][128.444s] GC(36) Survivor regions: 7->7(32)
[2022-03-30T23:09:18.209+0800][128.444s] GC(36) Old regions: 175->175
[2022-03-30T23:09:18.209+0800][128.444s] GC(36) Archive regions: 0->0
[2022-03-30T23:09:18.209+0800][128.444s] GC(36) Humongous regions: 25->25
[2022-03-30T23:09:18.209+0800][128.444s] GC(36) Metaspace: 49399K(49792K)->49399K(49792K) NonClass: 43567K(43776K)->43567K(43776K) Class: 5831K(6016K)->5831K(6016K)
[2022-03-30T23:09:18.210+0800][128.444s] GC(36) Pause Young (Normal) (G1 Evacuation Pause) 451M->205M(512M) 2.374ms
[2022-03-30T23:09:18.210+0800][128.444s] GC(36) User=0.00s Sys=0.02s Real=0.01s
[2022-03-30T23:09:19.122+0800][129.357s] GC(37) Pause Young (Normal) (G1 Evacuation Pause)
[2022-03-30T23:09:19.122+0800][129.357s] GC(37) Using 8 workers of 8 for evacuation
[2022-03-30T23:09:19.124+0800][129.359s] GC(37)   Pre Evacuate Collection Set: 0.1ms
[2022-03-30T23:09:19.124+0800][129.359s] GC(37)   Merge Heap Roots: 0.1ms
[2022-03-30T23:09:19.124+0800][129.359s] GC(37)   Evacuate Collection Set: 1.1ms
[2022-03-30T23:09:19.124+0800][129.359s] GC(37)   Post Evacuate Collection Set: 0.4ms
[2022-03-30T23:09:19.124+0800][129.359s] GC(37)   Other: 0.3ms
[2022-03-30T23:09:19.124+0800][129.359s] GC(37) Eden regions: 246->0(246)
[2022-03-30T23:09:19.124+0800][129.359s] GC(37) Survivor regions: 7->7(32)
[2022-03-30T23:09:19.124+0800][129.359s] GC(37) Old regions: 175->175
[2022-03-30T23:09:19.124+0800][129.359s] GC(37) Archive regions: 0->0
[2022-03-30T23:09:19.124+0800][129.359s] GC(37) Humongous regions: 25->25
[2022-03-30T23:09:19.124+0800][129.359s] GC(37) Metaspace: 49399K(49792K)->49399K(49792K) NonClass: 43568K(43776K)->43568K(43776K) Class: 5831K(6016K)->5831K(6016K)
[2022-03-30T23:09:19.124+0800][129.359s] GC(37) Pause Young (Normal) (G1 Evacuation Pause) 451M->206M(512M) 2.066ms
[2022-03-30T23:09:19.124+0800][129.359s] GC(37) User=0.00s Sys=0.00s Real=0.00s
[2022-03-30T23:09:20.054+0800][130.289s] GC(38) Pause Young (Normal) (G1 Evacuation Pause)
[2022-03-30T23:09:20.054+0800][130.289s] GC(38) Using 8 workers of 8 for evacuation
[2022-03-30T23:09:20.056+0800][130.291s] GC(38)   Pre Evacuate Collection Set: 0.1ms
[2022-03-30T23:09:20.056+0800][130.291s] GC(38)   Merge Heap Roots: 0.1ms
[2022-03-30T23:09:20.056+0800][130.291s] GC(38)   Evacuate Collection Set: 1.3ms
[2022-03-30T23:09:20.056+0800][130.291s] GC(38)   Post Evacuate Collection Set: 0.4ms
[2022-03-30T23:09:20.056+0800][130.291s] GC(38)   Other: 0.1ms
[2022-03-30T23:09:20.056+0800][130.291s] GC(38) Eden regions: 246->0(245)
[2022-03-30T23:09:20.056+0800][130.291s] GC(38) Survivor regions: 7->7(32)
[2022-03-30T23:09:20.056+0800][130.291s] GC(38) Old regions: 175->176
[2022-03-30T23:09:20.056+0800][130.291s] GC(38) Archive regions: 0->0
[2022-03-30T23:09:20.056+0800][130.291s] GC(38) Humongous regions: 25->25
[2022-03-30T23:09:20.056+0800][130.291s] GC(38) Metaspace: 49399K(49792K)->49399K(49792K) NonClass: 43568K(43776K)->43568K(43776K) Class: 5831K(6016K)->5831K(6016K)
[2022-03-30T23:09:20.056+0800][130.291s] GC(38) Pause Young (Normal) (G1 Evacuation Pause) 452M->206M(512M) 2.133ms
[2022-03-30T23:09:20.056+0800][130.291s] GC(38) User=0.00s Sys=0.00s Real=0.00s
[2022-03-30T23:09:21.000+0800][131.236s] GC(39) Pause Young (Normal) (G1 Evacuation Pause)
[2022-03-30T23:09:21.000+0800][131.236s] GC(39) Using 8 workers of 8 for evacuation
[2022-03-30T23:09:21.002+0800][131.238s] GC(39)   Pre Evacuate Collection Set: 0.1ms
[2022-03-30T23:09:21.002+0800][131.238s] GC(39)   Merge Heap Roots: 0.1ms
[2022-03-30T23:09:21.002+0800][131.238s] GC(39)   Evacuate Collection Set: 1.6ms
[2022-03-30T23:09:21.002+0800][131.238s] GC(39)   Post Evacuate Collection Set: 0.3ms
[2022-03-30T23:09:21.002+0800][131.238s] GC(39)   Other: 0.2ms
[2022-03-30T23:09:21.002+0800][131.238s] GC(39) Eden regions: 245->0(243)
[2022-03-30T23:09:21.002+0800][131.238s] GC(39) Survivor regions: 7->8(32)
[2022-03-30T23:09:21.002+0800][131.238s] GC(39) Old regions: 176->176
[2022-03-30T23:09:21.002+0800][131.238s] GC(39) Archive regions: 0->0
[2022-03-30T23:09:21.002+0800][131.238s] GC(39) Humongous regions: 25->25
[2022-03-30T23:09:21.002+0800][131.238s] GC(39) Metaspace: 50263K(50624K)->50263K(50624K) NonClass: 44351K(44544K)->44351K(44544K) Class: 5911K(6080K)->5911K(6080K)
[2022-03-30T23:09:21.002+0800][131.238s] GC(39) Pause Young (Normal) (G1 Evacuation Pause) 451M->207M(512M) 2.354ms
[2022-03-30T23:09:21.002+0800][131.238s] GC(39) User=0.00s Sys=0.00s Real=0.00s
[2022-03-30T23:09:21.883+0800][132.118s] GC(40) Pause Young (Normal) (G1 Evacuation Pause)
[2022-03-30T23:09:21.883+0800][132.118s] GC(40) Using 8 workers of 8 for evacuation
[2022-03-30T23:09:21.885+0800][132.120s] GC(40)   Pre Evacuate Collection Set: 0.1ms
[2022-03-30T23:09:21.885+0800][132.120s] GC(40)   Merge Heap Roots: 0.1ms
[2022-03-30T23:09:21.885+0800][132.120s] GC(40)   Evacuate Collection Set: 1.2ms
[2022-03-30T23:09:21.885+0800][132.120s] GC(40)   Post Evacuate Collection Set: 0.4ms
[2022-03-30T23:09:21.885+0800][132.120s] GC(40)   Other: 0.3ms
[2022-03-30T23:09:21.885+0800][132.120s] GC(40) Eden regions: 243->0(245)
[2022-03-30T23:09:21.885+0800][132.120s] GC(40) Survivor regions: 8->7(32)
[2022-03-30T23:09:21.885+0800][132.120s] GC(40) Old regions: 176->176
[2022-03-30T23:09:21.885+0800][132.120s] GC(40) Archive regions: 0->0
[2022-03-30T23:09:21.885+0800][132.120s] GC(40) Humongous regions: 25->25
[2022-03-30T23:09:21.885+0800][132.120s] GC(40) Metaspace: 50793K(51136K)->50793K(51136K) NonClass: 44805K(44992K)->44805K(44992K) Class: 5988K(6144K)->5988K(6144K)
[2022-03-30T23:09:21.885+0800][132.120s] GC(40) Pause Young (Normal) (G1 Evacuation Pause) 450M->207M(512M) 2.190ms
[2022-03-30T23:09:21.885+0800][132.120s] GC(40) User=0.00s Sys=0.00s Real=0.00s
[2022-03-30T23:09:22.582+0800][132.831s] GC(41) Pause Young (Normal) (G1 Evacuation Pause)
[2022-03-30T23:09:22.582+0800][132.831s] GC(41) Using 8 workers of 8 for evacuation
[2022-03-30T23:09:22.599+0800][132.833s] GC(41)   Pre Evacuate Collection Set: 0.1ms
[2022-03-30T23:09:22.599+0800][132.833s] GC(41)   Merge Heap Roots: 0.1ms
[2022-03-30T23:09:22.599+0800][132.833s] GC(41)   Evacuate Collection Set: 1.3ms
[2022-03-30T23:09:22.599+0800][132.833s] GC(41)   Post Evacuate Collection Set: 0.3ms
[2022-03-30T23:09:22.599+0800][132.833s] GC(41)   Other: 0.2ms
[2022-03-30T23:09:22.599+0800][132.833s] GC(41) Eden regions: 245->0(245)
[2022-03-30T23:09:22.599+0800][132.833s] GC(41) Survivor regions: 7->7(32)
[2022-03-30T23:09:22.599+0800][132.833s] GC(41) Old regions: 176->176
[2022-03-30T23:09:22.599+0800][132.833s] GC(41) Archive regions: 0->0
[2022-03-30T23:09:22.599+0800][132.833s] GC(41) Humongous regions: 25->25
[2022-03-30T23:09:22.599+0800][132.833s] GC(41) Metaspace: 50794K(51136K)->50794K(51136K) NonClass: 44806K(44992K)->44806K(44992K) Class: 5988K(6144K)->5988K(6144K)
[2022-03-30T23:09:22.599+0800][132.833s] GC(41) Pause Young (Normal) (G1 Evacuation Pause) 452M->207M(512M) 2.072ms
[2022-03-30T23:09:22.599+0800][132.833s] GC(41) User=0.12s Sys=0.00s Real=0.02s
[2022-03-30T23:09:23.273+0800][133.508s] GC(42) Pause Young (Normal) (G1 Evacuation Pause)
[2022-03-30T23:09:23.273+0800][133.508s] GC(42) Using 8 workers of 8 for evacuation
[2022-03-30T23:09:23.275+0800][133.510s] GC(42)   Pre Evacuate Collection Set: 0.1ms
[2022-03-30T23:09:23.275+0800][133.510s] GC(42)   Merge Heap Roots: 0.1ms
[2022-03-30T23:09:23.275+0800][133.510s] GC(42)   Evacuate Collection Set: 1.1ms
[2022-03-30T23:09:23.275+0800][133.510s] GC(42)   Post Evacuate Collection Set: 0.3ms
[2022-03-30T23:09:23.275+0800][133.510s] GC(42)   Other: 0.2ms
[2022-03-30T23:09:23.275+0800][133.510s] GC(42) Eden regions: 245->0(244)
[2022-03-30T23:09:23.275+0800][133.510s] GC(42) Survivor regions: 7->7(32)
[2022-03-30T23:09:23.275+0800][133.510s] GC(42) Old regions: 176->177
[2022-03-30T23:09:23.275+0800][133.510s] GC(42) Archive regions: 0->0
[2022-03-30T23:09:23.275+0800][133.510s] GC(42) Humongous regions: 25->25
[2022-03-30T23:09:23.275+0800][133.510s] GC(42) Metaspace: 50794K(51136K)->50794K(51136K) NonClass: 44806K(44992K)->44806K(44992K) Class: 5988K(6144K)->5988K(6144K)
[2022-03-30T23:09:23.275+0800][133.510s] GC(42) Pause Young (Normal) (G1 Evacuation Pause) 452M->207M(512M) 1.961ms
[2022-03-30T23:09:23.275+0800][133.510s] GC(42) User=0.00s Sys=0.00s Real=0.00s
[2022-03-30T23:09:23.757+0800][133.992s] GC(43) Pause Young (Normal) (G1 Evacuation Pause)
[2022-03-30T23:09:23.757+0800][133.992s] GC(43) Using 8 workers of 8 for evacuation
[2022-03-30T23:09:23.758+0800][133.994s] GC(43)   Pre Evacuate Collection Set: 0.1ms
[2022-03-30T23:09:23.758+0800][133.994s] GC(43)   Merge Heap Roots: 0.1ms
[2022-03-30T23:09:23.758+0800][133.994s] GC(43)   Evacuate Collection Set: 1.1ms
[2022-03-30T23:09:23.759+0800][133.994s] GC(43)   Post Evacuate Collection Set: 0.3ms
[2022-03-30T23:09:23.759+0800][133.994s] GC(43)   Other: 0.1ms
[2022-03-30T23:09:23.759+0800][133.994s] GC(43) Eden regions: 244->0(244)
[2022-03-30T23:09:23.759+0800][133.994s] GC(43) Survivor regions: 7->7(32)
[2022-03-30T23:09:23.759+0800][133.994s] GC(43) Old regions: 177->177
[2022-03-30T23:09:23.759+0800][133.994s] GC(43) Archive regions: 0->0
[2022-03-30T23:09:23.759+0800][133.994s] GC(43) Humongous regions: 25->25
[2022-03-30T23:09:23.759+0800][133.994s] GC(43) Metaspace: 50794K(51136K)->50794K(51136K) NonClass: 44806K(44992K)->44806K(44992K) Class: 5988K(6144K)->5988K(6144K)
[2022-03-30T23:09:23.759+0800][133.994s] GC(43) Pause Young (Normal) (G1 Evacuation Pause) 451M->208M(512M) 1.873ms
[2022-03-30T23:09:23.759+0800][133.994s] GC(43) User=0.00s Sys=0.00s Real=0.00s
[2022-03-30T23:09:24.189+0800][134.424s] GC(44) Pause Young (Normal) (G1 Evacuation Pause)
[2022-03-30T23:09:24.189+0800][134.424s] GC(44) Using 8 workers of 8 for evacuation
[2022-03-30T23:09:24.191+0800][134.426s] GC(44)   Pre Evacuate Collection Set: 0.1ms
[2022-03-30T23:09:24.191+0800][134.426s] GC(44)   Merge Heap Roots: 0.1ms
[2022-03-30T23:09:24.191+0800][134.426s] GC(44)   Evacuate Collection Set: 1.2ms
[2022-03-30T23:09:24.191+0800][134.426s] GC(44)   Post Evacuate Collection Set: 0.5ms
[2022-03-30T23:09:24.191+0800][134.426s] GC(44)   Other: 0.2ms
[2022-03-30T23:09:24.191+0800][134.426s] GC(44) Eden regions: 244->0(244)
[2022-03-30T23:09:24.191+0800][134.426s] GC(44) Survivor regions: 7->7(32)
[2022-03-30T23:09:24.191+0800][134.426s] GC(44) Old regions: 177->177
[2022-03-30T23:09:24.191+0800][134.426s] GC(44) Archive regions: 0->0
[2022-03-30T23:09:24.191+0800][134.426s] GC(44) Humongous regions: 25->25
[2022-03-30T23:09:24.191+0800][134.426s] GC(44) Metaspace: 50797K(51136K)->50797K(51136K) NonClass: 44808K(44992K)->44808K(44992K) Class: 5988K(6144K)->5988K(6144K)
[2022-03-30T23:09:24.191+0800][134.426s] GC(44) Pause Young (Normal) (G1 Evacuation Pause) 452M->208M(512M) 2.208ms
[2022-03-30T23:09:24.191+0800][134.426s] GC(44) User=0.00s Sys=0.00s Real=0.00s
[2022-03-30T23:09:24.649+0800][134.884s] GC(45) Pause Young (Normal) (G1 Evacuation Pause)
[2022-03-30T23:09:24.649+0800][134.884s] GC(45) Using 8 workers of 8 for evacuation
[2022-03-30T23:09:24.651+0800][134.886s] GC(45)   Pre Evacuate Collection Set: 0.1ms
[2022-03-30T23:09:24.651+0800][134.886s] GC(45)   Merge Heap Roots: 0.1ms
[2022-03-30T23:09:24.651+0800][134.886s] GC(45)   Evacuate Collection Set: 1.3ms
[2022-03-30T23:09:24.651+0800][134.886s] GC(45)   Post Evacuate Collection Set: 0.5ms
[2022-03-30T23:09:24.651+0800][134.886s] GC(45)   Other: 0.2ms
[2022-03-30T23:09:24.651+0800][134.886s] GC(45) Eden regions: 244->0(242)
[2022-03-30T23:09:24.651+0800][134.886s] GC(45) Survivor regions: 7->8(32)
[2022-03-30T23:09:24.651+0800][134.886s] GC(45) Old regions: 177->177
[2022-03-30T23:09:24.651+0800][134.886s] GC(45) Archive regions: 0->0
[2022-03-30T23:09:24.651+0800][134.886s] GC(45) Humongous regions: 25->25
[2022-03-30T23:09:24.651+0800][134.886s] GC(45) Metaspace: 50797K(51136K)->50797K(51136K) NonClass: 44808K(44992K)->44808K(44992K) Class: 5988K(6144K)->5988K(6144K)
[2022-03-30T23:09:24.651+0800][134.886s] GC(45) Pause Young (Normal) (G1 Evacuation Pause) 452M->209M(512M) 2.248ms
[2022-03-30T23:09:24.651+0800][134.886s] GC(45) User=0.00s Sys=0.00s Real=0.00s
[2022-03-30T23:09:24.998+0800][135.247s] GC(46) Pause Young (Normal) (G1 Evacuation Pause)
[2022-03-30T23:09:24.998+0800][135.247s] GC(46) Using 8 workers of 8 for evacuation
[2022-03-30T23:09:25.014+0800][135.248s] GC(46)   Pre Evacuate Collection Set: 0.1ms
[2022-03-30T23:09:25.014+0800][135.248s] GC(46)   Merge Heap Roots: 0.1ms
[2022-03-30T23:09:25.014+0800][135.248s] GC(46)   Evacuate Collection Set: 1.0ms
[2022-03-30T23:09:25.014+0800][135.248s] GC(46)   Post Evacuate Collection Set: 0.3ms
[2022-03-30T23:09:25.014+0800][135.248s] GC(46)   Other: 0.1ms
[2022-03-30T23:09:25.014+0800][135.248s] GC(46) Eden regions: 242->0(241)
[2022-03-30T23:09:25.014+0800][135.248s] GC(46) Survivor regions: 8->8(32)
[2022-03-30T23:09:25.014+0800][135.248s] GC(46) Old regions: 177->178
[2022-03-30T23:09:25.014+0800][135.248s] GC(46) Archive regions: 0->0
[2022-03-30T23:09:25.014+0800][135.248s] GC(46) Humongous regions: 25->25
[2022-03-30T23:09:25.014+0800][135.248s] GC(46) Metaspace: 50797K(51136K)->50797K(51136K) NonClass: 44809K(44992K)->44809K(44992K) Class: 5988K(6144K)->5988K(6144K)
[2022-03-30T23:09:25.014+0800][135.248s] GC(46) Pause Young (Normal) (G1 Evacuation Pause) 451M->209M(512M) 1.795ms
[2022-03-30T23:09:25.014+0800][135.248s] GC(46) User=0.12s Sys=0.00s Real=0.02s
[2022-03-30T23:09:25.349+0800][135.591s] GC(47) Pause Young (Normal) (G1 Evacuation Pause)
[2022-03-30T23:09:25.349+0800][135.591s] GC(47) Using 8 workers of 8 for evacuation
[2022-03-30T23:09:25.349+0800][135.593s] GC(47)   Pre Evacuate Collection Set: 0.2ms
[2022-03-30T23:09:25.349+0800][135.593s] GC(47)   Merge Heap Roots: 0.1ms
[2022-03-30T23:09:25.349+0800][135.593s] GC(47)   Evacuate Collection Set: 1.1ms
[2022-03-30T23:09:25.349+0800][135.593s] GC(47)   Post Evacuate Collection Set: 0.5ms
[2022-03-30T23:09:25.349+0800][135.593s] GC(47)   Other: 0.1ms
[2022-03-30T23:09:25.349+0800][135.593s] GC(47) Eden regions: 241->0(241)
[2022-03-30T23:09:25.349+0800][135.593s] GC(47) Survivor regions: 8->8(32)
[2022-03-30T23:09:25.349+0800][135.593s] GC(47) Old regions: 178->178
[2022-03-30T23:09:25.349+0800][135.593s] GC(47) Archive regions: 0->0
[2022-03-30T23:09:25.349+0800][135.593s] GC(47) Humongous regions: 25->25
[2022-03-30T23:09:25.349+0800][135.593s] GC(47) Metaspace: 50798K(51136K)->50798K(51136K) NonClass: 44809K(44992K)->44809K(44992K) Class: 5988K(6144K)->5988K(6144K)
[2022-03-30T23:09:25.349+0800][135.593s] GC(47) Pause Young (Normal) (G1 Evacuation Pause) 450M->209M(512M) 2.172ms
[2022-03-30T23:09:25.349+0800][135.593s] GC(47) User=0.00s Sys=0.00s Real=0.00s
[2022-03-30T23:09:25.704+0800][135.940s] GC(48) Pause Young (Normal) (G1 Evacuation Pause)
[2022-03-30T23:09:25.704+0800][135.940s] GC(48) Using 8 workers of 8 for evacuation
[2022-03-30T23:09:25.704+0800][135.942s] GC(48)   Pre Evacuate Collection Set: 0.1ms
[2022-03-30T23:09:25.704+0800][135.942s] GC(48)   Merge Heap Roots: 0.2ms
[2022-03-30T23:09:25.704+0800][135.942s] GC(48)   Evacuate Collection Set: 1.0ms
[2022-03-30T23:09:25.704+0800][135.942s] GC(48)   Post Evacuate Collection Set: 0.5ms
[2022-03-30T23:09:25.704+0800][135.942s] GC(48)   Other: 0.1ms
[2022-03-30T23:09:25.704+0800][135.942s] GC(48) Eden regions: 241->0(241)
[2022-03-30T23:09:25.704+0800][135.942s] GC(48) Survivor regions: 8->8(32)
[2022-03-30T23:09:25.704+0800][135.942s] GC(48) Old regions: 178->178
[2022-03-30T23:09:25.704+0800][135.942s] GC(48) Archive regions: 0->0
[2022-03-30T23:09:25.704+0800][135.942s] GC(48) Humongous regions: 25->25
[2022-03-30T23:09:25.704+0800][135.942s] GC(48) Metaspace: 50798K(51136K)->50798K(51136K) NonClass: 44809K(44992K)->44809K(44992K) Class: 5988K(6144K)->5988K(6144K)
[2022-03-30T23:09:25.704+0800][135.942s] GC(48) Pause Young (Normal) (G1 Evacuation Pause) 450M->210M(512M) 2.056ms
[2022-03-30T23:09:25.704+0800][135.942s] GC(48) User=0.00s Sys=0.00s Real=0.00s
[2022-03-30T23:09:26.060+0800][136.303s] GC(49) Pause Young (Normal) (G1 Evacuation Pause)
[2022-03-30T23:09:26.060+0800][136.303s] GC(49) Using 8 workers of 8 for evacuation
[2022-03-30T23:09:26.060+0800][136.305s] GC(49)   Pre Evacuate Collection Set: 0.1ms
[2022-03-30T23:09:26.060+0800][136.305s] GC(49)   Merge Heap Roots: 0.1ms
[2022-03-30T23:09:26.060+0800][136.305s] GC(49)   Evacuate Collection Set: 1.3ms
[2022-03-30T23:09:26.060+0800][136.305s] GC(49)   Post Evacuate Collection Set: 0.5ms
[2022-03-30T23:09:26.060+0800][136.305s] GC(49)   Other: 0.1ms
[2022-03-30T23:09:26.060+0800][136.305s] GC(49) Eden regions: 241->0(241)
[2022-03-30T23:09:26.060+0800][136.305s] GC(49) Survivor regions: 8->8(32)
[2022-03-30T23:09:26.060+0800][136.305s] GC(49) Old regions: 178->178
[2022-03-30T23:09:26.060+0800][136.305s] GC(49) Archive regions: 0->0
[2022-03-30T23:09:26.060+0800][136.305s] GC(49) Humongous regions: 25->25
[2022-03-30T23:09:26.060+0800][136.305s] GC(49) Metaspace: 50798K(51136K)->50798K(51136K) NonClass: 44809K(44992K)->44809K(44992K) Class: 5988K(6144K)->5988K(6144K)
[2022-03-30T23:09:26.060+0800][136.305s] GC(49) Pause Young (Normal) (G1 Evacuation Pause) 451M->210M(512M) 2.250ms
[2022-03-30T23:09:26.060+0800][136.305s] GC(49) User=0.00s Sys=0.00s Real=0.00s
[2022-03-30T23:09:26.456+0800][136.692s] GC(50) Pause Young (Normal) (G1 Evacuation Pause)
[2022-03-30T23:09:26.456+0800][136.692s] GC(50) Using 8 workers of 8 for evacuation
[2022-03-30T23:09:26.456+0800][136.694s] GC(50)   Pre Evacuate Collection Set: 0.2ms
[2022-03-30T23:09:26.456+0800][136.694s] GC(50)   Merge Heap Roots: 0.2ms
[2022-03-30T23:09:26.456+0800][136.694s] GC(50)   Evacuate Collection Set: 1.0ms
[2022-03-30T23:09:26.456+0800][136.694s] GC(50)   Post Evacuate Collection Set: 0.5ms
[2022-03-30T23:09:26.456+0800][136.694s] GC(50)   Other: 0.1ms
[2022-03-30T23:09:26.456+0800][136.694s] GC(50) Eden regions: 241->0(240)
[2022-03-30T23:09:26.456+0800][136.694s] GC(50) Survivor regions: 8->8(32)
[2022-03-30T23:09:26.456+0800][136.694s] GC(50) Old regions: 178->179
[2022-03-30T23:09:26.456+0800][136.694s] GC(50) Archive regions: 0->0
[2022-03-30T23:09:26.456+0800][136.694s] GC(50) Humongous regions: 25->25
[2022-03-30T23:09:26.456+0800][136.694s] GC(50) Metaspace: 50800K(51136K)->50800K(51136K) NonClass: 44811K(44992K)->44811K(44992K) Class: 5988K(6144K)->5988K(6144K)
[2022-03-30T23:09:26.456+0800][136.694s] GC(50) Pause Young (Normal) (G1 Evacuation Pause) 451M->210M(512M) 2.112ms
[2022-03-30T23:09:26.456+0800][136.694s] GC(50) User=0.00s Sys=0.00s Real=0.00s
[2022-03-30T23:09:26.810+0800][137.057s] GC(51) Pause Young (Normal) (G1 Evacuation Pause)
[2022-03-30T23:09:26.810+0800][137.057s] GC(51) Using 8 workers of 8 for evacuation
[2022-03-30T23:09:26.810+0800][137.058s] GC(51)   Pre Evacuate Collection Set: 0.1ms
[2022-03-30T23:09:26.810+0800][137.058s] GC(51)   Merge Heap Roots: 0.1ms
[2022-03-30T23:09:26.810+0800][137.059s] GC(51)   Evacuate Collection Set: 1.0ms
[2022-03-30T23:09:26.810+0800][137.059s] GC(51)   Post Evacuate Collection Set: 0.4ms
[2022-03-30T23:09:26.810+0800][137.059s] GC(51)   Other: 0.1ms
[2022-03-30T23:09:26.810+0800][137.059s] GC(51) Eden regions: 240->0(238)
[2022-03-30T23:09:26.810+0800][137.059s] GC(51) Survivor regions: 8->9(31)
[2022-03-30T23:09:26.810+0800][137.059s] GC(51) Old regions: 179->179
[2022-03-30T23:09:26.810+0800][137.059s] GC(51) Archive regions: 0->0
[2022-03-30T23:09:26.810+0800][137.059s] GC(51) Humongous regions: 25->25
[2022-03-30T23:09:26.810+0800][137.059s] GC(51) Metaspace: 50800K(51136K)->50800K(51136K) NonClass: 44811K(44992K)->44811K(44992K) Class: 5988K(6144K)->5988K(6144K)
[2022-03-30T23:09:26.810+0800][137.059s] GC(51) Pause Young (Normal) (G1 Evacuation Pause) 450M->211M(512M) 1.840ms
[2022-03-30T23:09:26.810+0800][137.059s] GC(51) User=0.00s Sys=0.00s Real=0.00s
[2022-03-30T23:09:27.169+0800][137.406s] GC(52) Pause Young (Normal) (G1 Evacuation Pause)
[2022-03-30T23:09:27.169+0800][137.406s] GC(52) Using 8 workers of 8 for evacuation
[2022-03-30T23:09:27.169+0800][137.408s] GC(52)   Pre Evacuate Collection Set: 0.2ms
[2022-03-30T23:09:27.169+0800][137.408s] GC(52)   Merge Heap Roots: 0.1ms
[2022-03-30T23:09:27.169+0800][137.408s] GC(52)   Evacuate Collection Set: 1.0ms
[2022-03-30T23:09:27.169+0800][137.408s] GC(52)   Post Evacuate Collection Set: 0.5ms
[2022-03-30T23:09:27.169+0800][137.408s] GC(52)   Other: 0.1ms
[2022-03-30T23:09:27.169+0800][137.408s] GC(52) Eden regions: 238->0(239)
[2022-03-30T23:09:27.169+0800][137.408s] GC(52) Survivor regions: 9->8(31)
[2022-03-30T23:09:27.169+0800][137.408s] GC(52) Old regions: 179->180
[2022-03-30T23:09:27.169+0800][137.408s] GC(52) Archive regions: 0->0
[2022-03-30T23:09:27.169+0800][137.408s] GC(52) Humongous regions: 25->25
[2022-03-30T23:09:27.169+0800][137.408s] GC(52) Metaspace: 50800K(51136K)->50800K(51136K) NonClass: 44811K(44992K)->44811K(44992K) Class: 5988K(6144K)->5988K(6144K)
[2022-03-30T23:09:27.169+0800][137.408s] GC(52) Pause Young (Normal) (G1 Evacuation Pause) 449M->211M(512M) 2.113ms
[2022-03-30T23:09:27.169+0800][137.408s] GC(52) User=0.00s Sys=0.00s Real=0.00s
[2022-03-30T23:09:27.533+0800][137.767s] GC(53) Pause Young (Normal) (G1 Evacuation Pause)
[2022-03-30T23:09:27.533+0800][137.767s] GC(53) Using 8 workers of 8 for evacuation
[2022-03-30T23:09:27.535+0800][137.769s] GC(53)   Pre Evacuate Collection Set: 0.1ms
[2022-03-30T23:09:27.535+0800][137.769s] GC(53)   Merge Heap Roots: 0.1ms
[2022-03-30T23:09:27.535+0800][137.769s] GC(53)   Evacuate Collection Set: 1.2ms
[2022-03-30T23:09:27.535+0800][137.769s] GC(53)   Post Evacuate Collection Set: 0.4ms
[2022-03-30T23:09:27.535+0800][137.769s] GC(53)   Other: 0.2ms
[2022-03-30T23:09:27.535+0800][137.769s] GC(53) Eden regions: 239->0(240)
[2022-03-30T23:09:27.535+0800][137.769s] GC(53) Survivor regions: 8->7(31)
[2022-03-30T23:09:27.535+0800][137.769s] GC(53) Old regions: 180->181
[2022-03-30T23:09:27.535+0800][137.769s] GC(53) Archive regions: 0->0
[2022-03-30T23:09:27.535+0800][137.769s] GC(53) Humongous regions: 25->25
[2022-03-30T23:09:27.535+0800][137.769s] GC(53) Metaspace: 50800K(51136K)->50800K(51136K) NonClass: 44811K(44992K)->44811K(44992K) Class: 5988K(6144K)->5988K(6144K)
[2022-03-30T23:09:27.535+0800][137.769s] GC(53) Pause Young (Normal) (G1 Evacuation Pause) 450M->212M(512M) 2.041ms
[2022-03-30T23:09:27.535+0800][137.770s] GC(53) User=0.00s Sys=0.00s Real=0.00s
[2022-03-30T23:09:27.872+0800][138.106s] GC(54) Pause Young (Normal) (G1 Evacuation Pause)
[2022-03-30T23:09:27.872+0800][138.106s] GC(54) Using 8 workers of 8 for evacuation
[2022-03-30T23:09:27.873+0800][138.107s] GC(54)   Pre Evacuate Collection Set: 0.1ms
[2022-03-30T23:09:27.873+0800][138.107s] GC(54)   Merge Heap Roots: 0.0ms
[2022-03-30T23:09:27.873+0800][138.108s] GC(54)   Evacuate Collection Set: 0.9ms
[2022-03-30T23:09:27.873+0800][138.108s] GC(54)   Post Evacuate Collection Set: 0.3ms
[2022-03-30T23:09:27.873+0800][138.108s] GC(54)   Other: 0.2ms
[2022-03-30T23:09:27.873+0800][138.108s] GC(54) Eden regions: 240->0(240)
[2022-03-30T23:09:27.873+0800][138.108s] GC(54) Survivor regions: 7->7(31)
[2022-03-30T23:09:27.873+0800][138.108s] GC(54) Old regions: 181->181
[2022-03-30T23:09:27.873+0800][138.108s] GC(54) Archive regions: 0->0
[2022-03-30T23:09:27.873+0800][138.108s] GC(54) Humongous regions: 25->25
[2022-03-30T23:09:27.873+0800][138.108s] GC(54) Metaspace: 50801K(51136K)->50801K(51136K) NonClass: 44813K(44992K)->44813K(44992K) Class: 5988K(6144K)->5988K(6144K)
[2022-03-30T23:09:27.873+0800][138.108s] GC(54) Pause Young (Normal) (G1 Evacuation Pause) 452M->212M(512M) 1.750ms
[2022-03-30T23:09:27.873+0800][138.108s] GC(54) User=0.00s Sys=0.00s Real=0.00s
[2022-03-30T23:09:28.257+0800][138.492s] GC(55) Pause Young (Normal) (G1 Evacuation Pause)
[2022-03-30T23:09:28.257+0800][138.492s] GC(55) Using 8 workers of 8 for evacuation
[2022-03-30T23:09:28.258+0800][138.493s] GC(55)   Pre Evacuate Collection Set: 0.1ms
[2022-03-30T23:09:28.258+0800][138.493s] GC(55)   Merge Heap Roots: 0.1ms
[2022-03-30T23:09:28.258+0800][138.493s] GC(55)   Evacuate Collection Set: 1.0ms
[2022-03-30T23:09:28.258+0800][138.493s] GC(55)   Post Evacuate Collection Set: 0.3ms
[2022-03-30T23:09:28.258+0800][138.493s] GC(55)   Other: 0.1ms
[2022-03-30T23:09:28.258+0800][138.493s] GC(55) Eden regions: 240->0(239)
[2022-03-30T23:09:28.258+0800][138.493s] GC(55) Survivor regions: 7->7(31)
[2022-03-30T23:09:28.258+0800][138.493s] GC(55) Old regions: 181->182
[2022-03-30T23:09:28.258+0800][138.493s] GC(55) Archive regions: 0->0
[2022-03-30T23:09:28.258+0800][138.493s] GC(55) Humongous regions: 25->25
[2022-03-30T23:09:28.258+0800][138.493s] GC(55) Metaspace: 50801K(51136K)->50801K(51136K) NonClass: 44813K(44992K)->44813K(44992K) Class: 5988K(6144K)->5988K(6144K)
[2022-03-30T23:09:28.259+0800][138.494s] GC(55) Pause Young (Normal) (G1 Evacuation Pause) 452M->212M(512M) 1.695ms
[2022-03-30T23:09:28.259+0800][138.494s] GC(55) User=0.00s Sys=0.00s Real=0.00s
[2022-03-30T23:09:28.646+0800][138.880s] GC(56) Pause Young (Normal) (G1 Evacuation Pause)
[2022-03-30T23:09:28.646+0800][138.880s] GC(56) Using 8 workers of 8 for evacuation
[2022-03-30T23:09:28.647+0800][138.882s] GC(56)   Pre Evacuate Collection Set: 0.1ms
[2022-03-30T23:09:28.647+0800][138.882s] GC(56)   Merge Heap Roots: 0.0ms
[2022-03-30T23:09:28.647+0800][138.882s] GC(56)   Evacuate Collection Set: 1.0ms
[2022-03-30T23:09:28.647+0800][138.882s] GC(56)   Post Evacuate Collection Set: 0.3ms
[2022-03-30T23:09:28.647+0800][138.882s] GC(56)   Other: 0.1ms
[2022-03-30T23:09:28.647+0800][138.882s] GC(56) Eden regions: 239->0(240)
[2022-03-30T23:09:28.647+0800][138.882s] GC(56) Survivor regions: 7->6(31)
[2022-03-30T23:09:28.647+0800][138.882s] GC(56) Old regions: 182->183
[2022-03-30T23:09:28.647+0800][138.882s] GC(56) Archive regions: 0->0
[2022-03-30T23:09:28.647+0800][138.882s] GC(56) Humongous regions: 25->25
[2022-03-30T23:09:28.647+0800][138.882s] GC(56) Metaspace: 50801K(51136K)->50801K(51136K) NonClass: 44813K(44992K)->44813K(44992K) Class: 5988K(6144K)->5988K(6144K)
[2022-03-30T23:09:28.647+0800][138.882s] GC(56) Pause Young (Normal) (G1 Evacuation Pause) 451M->212M(512M) 1.685ms
[2022-03-30T23:09:28.647+0800][138.882s] GC(56) User=0.00s Sys=0.00s Real=0.00s
[2022-03-30T23:09:29.049+0800][139.284s] GC(57) Pause Young (Normal) (G1 Evacuation Pause)
[2022-03-30T23:09:29.049+0800][139.284s] GC(57) Using 8 workers of 8 for evacuation
[2022-03-30T23:09:29.051+0800][139.285s] GC(57)   Pre Evacuate Collection Set: 0.1ms
[2022-03-30T23:09:29.051+0800][139.285s] GC(57)   Merge Heap Roots: 0.1ms
[2022-03-30T23:09:29.051+0800][139.285s] GC(57)   Evacuate Collection Set: 0.9ms
[2022-03-30T23:09:29.051+0800][139.285s] GC(57)   Post Evacuate Collection Set: 0.2ms
[2022-03-30T23:09:29.051+0800][139.285s] GC(57)   Other: 0.2ms
[2022-03-30T23:09:29.051+0800][139.285s] GC(57) Eden regions: 240->0(240)
[2022-03-30T23:09:29.051+0800][139.285s] GC(57) Survivor regions: 6->6(31)
[2022-03-30T23:09:29.051+0800][139.285s] GC(57) Old regions: 183->183
[2022-03-30T23:09:29.051+0800][139.285s] GC(57) Archive regions: 0->0
[2022-03-30T23:09:29.051+0800][139.285s] GC(57) Humongous regions: 25->25
[2022-03-30T23:09:29.051+0800][139.285s] GC(57) Metaspace: 50803K(51136K)->50803K(51136K) NonClass: 44814K(44992K)->44814K(44992K) Class: 5988K(6144K)->5988K(6144K)
[2022-03-30T23:09:29.051+0800][139.285s] GC(57) Pause Young (Normal) (G1 Evacuation Pause) 452M->213M(512M) 1.652ms
[2022-03-30T23:09:29.051+0800][139.285s] GC(57) User=0.00s Sys=0.00s Real=0.00s
[2022-03-30T23:09:29.439+0800][139.674s] GC(58) Pause Young (Normal) (G1 Evacuation Pause)
[2022-03-30T23:09:29.439+0800][139.674s] GC(58) Using 8 workers of 8 for evacuation
[2022-03-30T23:09:29.442+0800][139.676s] GC(58)   Pre Evacuate Collection Set: 0.1ms
[2022-03-30T23:09:29.442+0800][139.676s] GC(58)   Merge Heap Roots: 0.1ms
[2022-03-30T23:09:29.442+0800][139.676s] GC(58)   Evacuate Collection Set: 1.0ms
[2022-03-30T23:09:29.442+0800][139.676s] GC(58)   Post Evacuate Collection Set: 0.5ms
[2022-03-30T23:09:29.442+0800][139.676s] GC(58)   Other: 0.1ms
[2022-03-30T23:09:29.442+0800][139.676s] GC(58) Eden regions: 240->0(240)
[2022-03-30T23:09:29.442+0800][139.676s] GC(58) Survivor regions: 6->6(31)
[2022-03-30T23:09:29.442+0800][139.676s] GC(58) Old regions: 183->183
[2022-03-30T23:09:29.442+0800][139.676s] GC(58) Archive regions: 0->0
[2022-03-30T23:09:29.442+0800][139.676s] GC(58) Humongous regions: 25->25
[2022-03-30T23:09:29.442+0800][139.676s] GC(58) Metaspace: 50803K(51136K)->50803K(51136K) NonClass: 44814K(44992K)->44814K(44992K) Class: 5988K(6144K)->5988K(6144K)
[2022-03-30T23:09:29.442+0800][139.676s] GC(58) Pause Young (Normal) (G1 Evacuation Pause) 453M->213M(512M) 1.851ms
[2022-03-30T23:09:29.442+0800][139.676s] GC(58) User=0.00s Sys=0.00s Real=0.00s
[2022-03-30T23:09:29.796+0800][140.031s] GC(59) Pause Young (Normal) (G1 Evacuation Pause)
[2022-03-30T23:09:29.796+0800][140.031s] GC(59) Using 8 workers of 8 for evacuation
[2022-03-30T23:09:29.798+0800][140.033s] GC(59)   Pre Evacuate Collection Set: 0.2ms
[2022-03-30T23:09:29.798+0800][140.033s] GC(59)   Merge Heap Roots: 0.1ms
[2022-03-30T23:09:29.798+0800][140.033s] GC(59)   Evacuate Collection Set: 0.9ms
[2022-03-30T23:09:29.798+0800][140.033s] GC(59)   Post Evacuate Collection Set: 0.3ms
[2022-03-30T23:09:29.798+0800][140.033s] GC(59)   Other: 0.1ms
[2022-03-30T23:09:29.798+0800][140.033s] GC(59) Eden regions: 240->0(238)
[2022-03-30T23:09:29.798+0800][140.033s] GC(59) Survivor regions: 6->7(31)
[2022-03-30T23:09:29.798+0800][140.033s] GC(59) Old regions: 183->183
[2022-03-30T23:09:29.798+0800][140.033s] GC(59) Archive regions: 0->0
[2022-03-30T23:09:29.798+0800][140.033s] GC(59) Humongous regions: 25->25
[2022-03-30T23:09:29.798+0800][140.033s] GC(59) Metaspace: 50803K(51136K)->50803K(51136K) NonClass: 44815K(44992K)->44815K(44992K) Class: 5988K(6144K)->5988K(6144K)
[2022-03-30T23:09:29.798+0800][140.033s] GC(59) Pause Young (Normal) (G1 Evacuation Pause) 453M->213M(512M) 1.800ms
[2022-03-30T23:09:29.798+0800][140.033s] GC(59) User=0.00s Sys=0.00s Real=0.00s
[2022-03-30T23:09:30.136+0800][140.371s] GC(60) Pause Young (Normal) (G1 Evacuation Pause)
[2022-03-30T23:09:30.136+0800][140.371s] GC(60) Using 8 workers of 8 for evacuation
[2022-03-30T23:09:30.138+0800][140.372s] GC(60)   Pre Evacuate Collection Set: 0.1ms
[2022-03-30T23:09:30.138+0800][140.372s] GC(60)   Merge Heap Roots: 0.1ms
[2022-03-30T23:09:30.138+0800][140.372s] GC(60)   Evacuate Collection Set: 1.0ms
[2022-03-30T23:09:30.138+0800][140.372s] GC(60)   Post Evacuate Collection Set: 0.4ms
[2022-03-30T23:09:30.138+0800][140.372s] GC(60)   Other: 0.1ms
[2022-03-30T23:09:30.138+0800][140.372s] GC(60) Eden regions: 238->0(237)
[2022-03-30T23:09:30.138+0800][140.372s] GC(60) Survivor regions: 7->7(31)
[2022-03-30T23:09:30.138+0800][140.372s] GC(60) Old regions: 183->184
[2022-03-30T23:09:30.138+0800][140.372s] GC(60) Archive regions: 0->0
[2022-03-30T23:09:30.138+0800][140.372s] GC(60) Humongous regions: 25->25
[2022-03-30T23:09:30.138+0800][140.372s] GC(60) Metaspace: 50803K(51136K)->50803K(51136K) NonClass: 44815K(44992K)->44815K(44992K) Class: 5988K(6144K)->5988K(6144K)
[2022-03-30T23:09:30.138+0800][140.373s] GC(60) Pause Young (Normal) (G1 Evacuation Pause) 451M->214M(512M) 1.897ms
[2022-03-30T23:09:30.138+0800][140.373s] GC(60) User=0.00s Sys=0.00s Real=0.00s
[2022-03-30T23:09:30.477+0800][140.712s] GC(61) Pause Young (Normal) (G1 Evacuation Pause)
[2022-03-30T23:09:30.477+0800][140.712s] GC(61) Using 8 workers of 8 for evacuation
[2022-03-30T23:09:30.479+0800][140.713s] GC(61)   Pre Evacuate Collection Set: 0.1ms
[2022-03-30T23:09:30.479+0800][140.713s] GC(61)   Merge Heap Roots: 0.1ms
[2022-03-30T23:09:30.479+0800][140.713s] GC(61)   Evacuate Collection Set: 0.9ms
[2022-03-30T23:09:30.479+0800][140.713s] GC(61)   Post Evacuate Collection Set: 0.3ms
[2022-03-30T23:09:30.479+0800][140.713s] GC(61)   Other: 0.2ms
[2022-03-30T23:09:30.479+0800][140.713s] GC(61) Eden regions: 237->0(237)
[2022-03-30T23:09:30.479+0800][140.713s] GC(61) Survivor regions: 7->7(31)
[2022-03-30T23:09:30.479+0800][140.713s] GC(61) Old regions: 184->184
[2022-03-30T23:09:30.479+0800][140.713s] GC(61) Archive regions: 0->0
[2022-03-30T23:09:30.479+0800][140.713s] GC(61) Humongous regions: 25->25
[2022-03-30T23:09:30.479+0800][140.713s] GC(61) Metaspace: 50803K(51136K)->50803K(51136K) NonClass: 44815K(44992K)->44815K(44992K) Class: 5988K(6144K)->5988K(6144K)
[2022-03-30T23:09:30.479+0800][140.713s] GC(61) Pause Young (Normal) (G1 Evacuation Pause) 451M->214M(512M) 1.690ms
[2022-03-30T23:09:30.479+0800][140.713s] GC(61) User=0.00s Sys=0.00s Real=0.00s
[2022-03-30T23:09:30.877+0800][141.112s] GC(62) Pause Young (Normal) (G1 Evacuation Pause)
[2022-03-30T23:09:30.877+0800][141.112s] GC(62) Using 8 workers of 8 for evacuation
[2022-03-30T23:09:30.879+0800][141.114s] GC(62)   Pre Evacuate Collection Set: 0.2ms
[2022-03-30T23:09:30.879+0800][141.114s] GC(62)   Merge Heap Roots: 0.1ms
[2022-03-30T23:09:30.879+0800][141.114s] GC(62)   Evacuate Collection Set: 1.0ms
[2022-03-30T23:09:30.879+0800][141.114s] GC(62)   Post Evacuate Collection Set: 0.5ms
[2022-03-30T23:09:30.879+0800][141.114s] GC(62)   Other: 0.1ms
[2022-03-30T23:09:30.879+0800][141.114s] GC(62) Eden regions: 237->0(237)
[2022-03-30T23:09:30.879+0800][141.114s] GC(62) Survivor regions: 7->7(31)
[2022-03-30T23:09:30.879+0800][141.114s] GC(62) Old regions: 184->184
[2022-03-30T23:09:30.879+0800][141.114s] GC(62) Archive regions: 0->0
[2022-03-30T23:09:30.879+0800][141.114s] GC(62) Humongous regions: 25->25
[2022-03-30T23:09:30.879+0800][141.114s] GC(62) Metaspace: 50803K(51136K)->50803K(51136K) NonClass: 44815K(44992K)->44815K(44992K) Class: 5988K(6144K)->5988K(6144K)
[2022-03-30T23:09:30.879+0800][141.114s] GC(62) Pause Young (Normal) (G1 Evacuation Pause) 451M->214M(512M) 1.965ms
[2022-03-30T23:09:30.879+0800][141.114s] GC(62) User=0.00s Sys=0.00s Real=0.00s
[2022-03-30T23:09:31.232+0800][141.467s] GC(63) Pause Young (Normal) (G1 Evacuation Pause)
[2022-03-30T23:09:31.232+0800][141.467s] GC(63) Using 8 workers of 8 for evacuation
[2022-03-30T23:09:31.234+0800][141.469s] GC(63)   Pre Evacuate Collection Set: 0.2ms
[2022-03-30T23:09:31.234+0800][141.469s] GC(63)   Merge Heap Roots: 0.1ms
[2022-03-30T23:09:31.234+0800][141.469s] GC(63)   Evacuate Collection Set: 1.0ms
[2022-03-30T23:09:31.234+0800][141.469s] GC(63)   Post Evacuate Collection Set: 0.4ms
[2022-03-30T23:09:31.234+0800][141.469s] GC(63)   Other: 0.1ms
[2022-03-30T23:09:31.234+0800][141.469s] GC(63) Eden regions: 237->0(237)
[2022-03-30T23:09:31.234+0800][141.469s] GC(63) Survivor regions: 7->7(31)
[2022-03-30T23:09:31.234+0800][141.469s] GC(63) Old regions: 184->184
[2022-03-30T23:09:31.234+0800][141.469s] GC(63) Archive regions: 0->0
[2022-03-30T23:09:31.234+0800][141.469s] GC(63) Humongous regions: 25->25
[2022-03-30T23:09:31.234+0800][141.469s] GC(63) Metaspace: 50803K(51136K)->50803K(51136K) NonClass: 44815K(44992K)->44815K(44992K) Class: 5988K(6144K)->5988K(6144K)
[2022-03-30T23:09:31.234+0800][141.469s] GC(63) Pause Young (Normal) (G1 Evacuation Pause) 451M->215M(512M) 1.875ms
[2022-03-30T23:09:31.234+0800][141.469s] GC(63) User=0.00s Sys=0.00s Real=0.00s
[2022-03-30T23:09:31.564+0800][141.800s] GC(64) Pause Young (Normal) (G1 Evacuation Pause)
[2022-03-30T23:09:31.564+0800][141.800s] GC(64) Using 8 workers of 8 for evacuation
[2022-03-30T23:09:31.567+0800][141.801s] GC(64)   Pre Evacuate Collection Set: 0.1ms
[2022-03-30T23:09:31.567+0800][141.802s] GC(64)   Merge Heap Roots: 0.1ms
[2022-03-30T23:09:31.567+0800][141.802s] GC(64)   Evacuate Collection Set: 1.1ms
[2022-03-30T23:09:31.567+0800][141.802s] GC(64)   Post Evacuate Collection Set: 0.4ms
[2022-03-30T23:09:31.567+0800][141.802s] GC(64)   Other: 0.2ms
[2022-03-30T23:09:31.567+0800][141.802s] GC(64) Eden regions: 237->0(236)
[2022-03-30T23:09:31.567+0800][141.802s] GC(64) Survivor regions: 7->7(31)
[2022-03-30T23:09:31.567+0800][141.802s] GC(64) Old regions: 184->185
[2022-03-30T23:09:31.567+0800][141.802s] GC(64) Archive regions: 0->0
[2022-03-30T23:09:31.567+0800][141.802s] GC(64) Humongous regions: 25->25
[2022-03-30T23:09:31.567+0800][141.802s] GC(64) Metaspace: 50804K(51200K)->50804K(51200K) NonClass: 44816K(45056K)->44816K(45056K) Class: 5988K(6144K)->5988K(6144K)
[2022-03-30T23:09:31.567+0800][141.802s] GC(64) Pause Young (Normal) (G1 Evacuation Pause) 452M->215M(512M) 2.018ms
[2022-03-30T23:09:31.567+0800][141.802s] GC(64) User=0.00s Sys=0.00s Real=0.00s
[2022-03-30T23:09:31.898+0800][142.133s] GC(65) Pause Young (Normal) (G1 Evacuation Pause)
[2022-03-30T23:09:31.898+0800][142.133s] GC(65) Using 8 workers of 8 for evacuation
[2022-03-30T23:09:31.900+0800][142.134s] GC(65)   Pre Evacuate Collection Set: 0.1ms
[2022-03-30T23:09:31.900+0800][142.134s] GC(65)   Merge Heap Roots: 0.1ms
[2022-03-30T23:09:31.900+0800][142.134s] GC(65)   Evacuate Collection Set: 0.9ms
[2022-03-30T23:09:31.900+0800][142.134s] GC(65)   Post Evacuate Collection Set: 0.5ms
[2022-03-30T23:09:31.900+0800][142.134s] GC(65)   Other: 0.1ms
[2022-03-30T23:09:31.900+0800][142.134s] GC(65) Eden regions: 236->0(236)
[2022-03-30T23:09:31.900+0800][142.135s] GC(65) Survivor regions: 7->7(31)
[2022-03-30T23:09:31.900+0800][142.135s] GC(65) Old regions: 185->185
[2022-03-30T23:09:31.900+0800][142.135s] GC(65) Archive regions: 0->0
[2022-03-30T23:09:31.900+0800][142.135s] GC(65) Humongous regions: 25->25
[2022-03-30T23:09:31.900+0800][142.135s] GC(65) Metaspace: 50804K(51200K)->50804K(51200K) NonClass: 44816K(45056K)->44816K(45056K) Class: 5988K(6144K)->5988K(6144K)
[2022-03-30T23:09:31.900+0800][142.135s] GC(65) Pause Young (Normal) (G1 Evacuation Pause) 451M->215M(512M) 1.850ms
[2022-03-30T23:09:31.900+0800][142.135s] GC(65) User=0.00s Sys=0.00s Real=0.00s
[2022-03-30T23:09:32.234+0800][142.469s] GC(66) Pause Young (Normal) (G1 Evacuation Pause)
[2022-03-30T23:09:32.234+0800][142.469s] GC(66) Using 8 workers of 8 for evacuation
[2022-03-30T23:09:32.236+0800][142.471s] GC(66)   Pre Evacuate Collection Set: 0.1ms
[2022-03-30T23:09:32.236+0800][142.471s] GC(66)   Merge Heap Roots: 0.1ms
[2022-03-30T23:09:32.236+0800][142.471s] GC(66)   Evacuate Collection Set: 0.9ms
[2022-03-30T23:09:32.236+0800][142.471s] GC(66)   Post Evacuate Collection Set: 0.5ms
[2022-03-30T23:09:32.236+0800][142.471s] GC(66)   Other: 0.1ms
[2022-03-30T23:09:32.236+0800][142.471s] GC(66) Eden regions: 236->0(236)
[2022-03-30T23:09:32.236+0800][142.471s] GC(66) Survivor regions: 7->7(31)
[2022-03-30T23:09:32.236+0800][142.471s] GC(66) Old regions: 185->185
[2022-03-30T23:09:32.236+0800][142.471s] GC(66) Archive regions: 0->0
[2022-03-30T23:09:32.236+0800][142.471s] GC(66) Humongous regions: 25->25
[2022-03-30T23:09:32.236+0800][142.471s] GC(66) Metaspace: 50804K(51200K)->50804K(51200K) NonClass: 44816K(45056K)->44816K(45056K) Class: 5988K(6144K)->5988K(6144K)
[2022-03-30T23:09:32.236+0800][142.471s] GC(66) Pause Young (Normal) (G1 Evacuation Pause) 451M->216M(512M) 1.832ms
[2022-03-30T23:09:32.236+0800][142.471s] GC(66) User=0.00s Sys=0.00s Real=0.00s
[2022-03-30T23:09:32.572+0800][142.807s] GC(67) Pause Young (Normal) (G1 Evacuation Pause)
[2022-03-30T23:09:32.572+0800][142.807s] GC(67) Using 8 workers of 8 for evacuation
[2022-03-30T23:09:32.574+0800][142.809s] GC(67)   Pre Evacuate Collection Set: 0.1ms
[2022-03-30T23:09:32.574+0800][142.809s] GC(67)   Merge Heap Roots: 0.1ms
[2022-03-30T23:09:32.574+0800][142.809s] GC(67)   Evacuate Collection Set: 1.0ms
[2022-03-30T23:09:32.574+0800][142.809s] GC(67)   Post Evacuate Collection Set: 0.4ms
[2022-03-30T23:09:32.574+0800][142.809s] GC(67)   Other: 0.2ms
[2022-03-30T23:09:32.574+0800][142.809s] GC(67) Eden regions: 236->0(236)
[2022-03-30T23:09:32.574+0800][142.809s] GC(67) Survivor regions: 7->7(31)
[2022-03-30T23:09:32.574+0800][142.809s] GC(67) Old regions: 185->185
[2022-03-30T23:09:32.574+0800][142.809s] GC(67) Archive regions: 0->0
[2022-03-30T23:09:32.574+0800][142.809s] GC(67) Humongous regions: 25->25
[2022-03-30T23:09:32.574+0800][142.809s] GC(67) Metaspace: 50804K(51200K)->50804K(51200K) NonClass: 44816K(45056K)->44816K(45056K) Class: 5988K(6144K)->5988K(6144K)
[2022-03-30T23:09:32.574+0800][142.809s] GC(67) Pause Young (Normal) (G1 Evacuation Pause) 452M->216M(512M) 1.897ms
[2022-03-30T23:09:32.574+0800][142.809s] GC(67) User=0.00s Sys=0.00s Real=0.00s
[2022-03-30T23:09:32.916+0800][143.151s] GC(68) Pause Young (Normal) (G1 Evacuation Pause)
[2022-03-30T23:09:32.916+0800][143.151s] GC(68) Using 8 workers of 8 for evacuation
[2022-03-30T23:09:32.918+0800][143.153s] GC(68)   Pre Evacuate Collection Set: 0.1ms
[2022-03-30T23:09:32.918+0800][143.153s] GC(68)   Merge Heap Roots: 0.1ms
[2022-03-30T23:09:32.918+0800][143.153s] GC(68)   Evacuate Collection Set: 1.1ms
[2022-03-30T23:09:32.918+0800][143.153s] GC(68)   Post Evacuate Collection Set: 0.5ms
[2022-03-30T23:09:32.918+0800][143.153s] GC(68)   Other: 0.1ms
[2022-03-30T23:09:32.918+0800][143.153s] GC(68) Eden regions: 236->0(235)
[2022-03-30T23:09:32.918+0800][143.153s] GC(68) Survivor regions: 7->7(31)
[2022-03-30T23:09:32.918+0800][143.153s] GC(68) Old regions: 185->186
[2022-03-30T23:09:32.918+0800][143.153s] GC(68) Archive regions: 0->0
[2022-03-30T23:09:32.918+0800][143.153s] GC(68) Humongous regions: 25->25
[2022-03-30T23:09:32.918+0800][143.153s] GC(68) Metaspace: 50805K(51200K)->50805K(51200K) NonClass: 44816K(45056K)->44816K(45056K) Class: 5988K(6144K)->5988K(6144K)
[2022-03-30T23:09:32.918+0800][143.153s] GC(68) Pause Young (Normal) (G1 Evacuation Pause) 452M->216M(512M) 2.042ms
[2022-03-30T23:09:32.918+0800][143.153s] GC(68) User=0.00s Sys=0.00s Real=0.00s
[2022-03-30T23:09:33.247+0800][143.482s] GC(69) Pause Young (Normal) (G1 Evacuation Pause)
[2022-03-30T23:09:33.247+0800][143.482s] GC(69) Using 8 workers of 8 for evacuation
[2022-03-30T23:09:33.249+0800][143.484s] GC(69)   Pre Evacuate Collection Set: 0.2ms
[2022-03-30T23:09:33.249+0800][143.484s] GC(69)   Merge Heap Roots: 0.1ms
[2022-03-30T23:09:33.249+0800][143.484s] GC(69)   Evacuate Collection Set: 0.9ms
[2022-03-30T23:09:33.249+0800][143.484s] GC(69)   Post Evacuate Collection Set: 0.6ms
[2022-03-30T23:09:33.249+0800][143.484s] GC(69)   Other: 0.1ms
[2022-03-30T23:09:33.249+0800][143.484s] GC(69) Eden regions: 235->0(235)
[2022-03-30T23:09:33.249+0800][143.484s] GC(69) Survivor regions: 7->7(31)
[2022-03-30T23:09:33.249+0800][143.484s] GC(69) Old regions: 186->186
[2022-03-30T23:09:33.249+0800][143.484s] GC(69) Archive regions: 0->0
[2022-03-30T23:09:33.249+0800][143.484s] GC(69) Humongous regions: 25->25
[2022-03-30T23:09:33.249+0800][143.484s] GC(69) Metaspace: 50805K(51200K)->50805K(51200K) NonClass: 44816K(45056K)->44816K(45056K) Class: 5988K(6144K)->5988K(6144K)
[2022-03-30T23:09:33.249+0800][143.484s] GC(69) Pause Young (Normal) (G1 Evacuation Pause) 451M->217M(512M) 2.032ms
[2022-03-30T23:09:33.249+0800][143.484s] GC(69) User=0.00s Sys=0.00s Real=0.00s
[2022-03-30T23:09:33.593+0800][143.828s] GC(70) Pause Young (Normal) (G1 Evacuation Pause)
[2022-03-30T23:09:33.593+0800][143.828s] GC(70) Using 8 workers of 8 for evacuation
[2022-03-30T23:09:33.595+0800][143.830s] GC(70)   Pre Evacuate Collection Set: 0.1ms
[2022-03-30T23:09:33.595+0800][143.830s] GC(70)   Merge Heap Roots: 0.1ms
[2022-03-30T23:09:33.595+0800][143.830s] GC(70)   Evacuate Collection Set: 1.0ms
[2022-03-30T23:09:33.595+0800][143.830s] GC(70)   Post Evacuate Collection Set: 0.4ms
[2022-03-30T23:09:33.595+0800][143.830s] GC(70)   Other: 0.1ms
[2022-03-30T23:09:33.595+0800][143.830s] GC(70) Eden regions: 235->0(233)
[2022-03-30T23:09:33.595+0800][143.830s] GC(70) Survivor regions: 7->8(31)
[2022-03-30T23:09:33.595+0800][143.830s] GC(70) Old regions: 186->186
[2022-03-30T23:09:33.595+0800][143.830s] GC(70) Archive regions: 0->0
[2022-03-30T23:09:33.595+0800][143.830s] GC(70) Humongous regions: 25->25
[2022-03-30T23:09:33.595+0800][143.830s] GC(70) Metaspace: 50805K(51200K)->50805K(51200K) NonClass: 44816K(45056K)->44816K(45056K) Class: 5988K(6144K)->5988K(6144K)
[2022-03-30T23:09:33.595+0800][143.830s] GC(70) Pause Young (Normal) (G1 Evacuation Pause) 452M->217M(512M) 1.952ms
[2022-03-30T23:09:33.595+0800][143.830s] GC(70) User=0.00s Sys=0.00s Real=0.00s
[2022-03-30T23:09:33.924+0800][144.158s] GC(71) Pause Young (Normal) (G1 Evacuation Pause)
[2022-03-30T23:09:33.924+0800][144.158s] GC(71) Using 8 workers of 8 for evacuation
[2022-03-30T23:09:33.925+0800][144.160s] GC(71)   Pre Evacuate Collection Set: 0.1ms
[2022-03-30T23:09:33.925+0800][144.160s] GC(71)   Merge Heap Roots: 0.1ms
[2022-03-30T23:09:33.925+0800][144.160s] GC(71)   Evacuate Collection Set: 1.0ms
[2022-03-30T23:09:33.925+0800][144.160s] GC(71)   Post Evacuate Collection Set: 0.2ms
[2022-03-30T23:09:33.925+0800][144.160s] GC(71)   Other: 0.1ms
[2022-03-30T23:09:33.925+0800][144.160s] GC(71) Eden regions: 233->0(233)
[2022-03-30T23:09:33.925+0800][144.160s] GC(71) Survivor regions: 8->8(31)
[2022-03-30T23:09:33.925+0800][144.160s] GC(71) Old regions: 186->186
[2022-03-30T23:09:33.925+0800][144.160s] GC(71) Archive regions: 0->0
[2022-03-30T23:09:33.925+0800][144.160s] GC(71) Humongous regions: 25->25
[2022-03-30T23:09:33.925+0800][144.160s] GC(71) Metaspace: 50805K(51200K)->50805K(51200K) NonClass: 44816K(45056K)->44816K(45056K) Class: 5988K(6144K)->5988K(6144K)
[2022-03-30T23:09:33.925+0800][144.160s] GC(71) Pause Young (Normal) (G1 Evacuation Pause) 450M->217M(512M) 1.586ms
[2022-03-30T23:09:33.925+0800][144.160s] GC(71) User=0.00s Sys=0.00s Real=0.00s
[2022-03-30T23:09:34.271+0800][144.506s] GC(72) Pause Young (Normal) (G1 Evacuation Pause)
[2022-03-30T23:09:34.271+0800][144.506s] GC(72) Using 8 workers of 8 for evacuation
[2022-03-30T23:09:34.273+0800][144.507s] GC(72)   Pre Evacuate Collection Set: 0.1ms
[2022-03-30T23:09:34.273+0800][144.507s] GC(72)   Merge Heap Roots: 0.1ms
[2022-03-30T23:09:34.273+0800][144.508s] GC(72)   Evacuate Collection Set: 1.1ms
[2022-03-30T23:09:34.273+0800][144.508s] GC(72)   Post Evacuate Collection Set: 0.3ms
[2022-03-30T23:09:34.273+0800][144.508s] GC(72)   Other: 0.3ms
[2022-03-30T23:09:34.273+0800][144.508s] GC(72) Eden regions: 233->0(233)
[2022-03-30T23:09:34.273+0800][144.508s] GC(72) Survivor regions: 8->8(31)
[2022-03-30T23:09:34.273+0800][144.508s] GC(72) Old regions: 186->186
[2022-03-30T23:09:34.273+0800][144.508s] GC(72) Archive regions: 0->0
[2022-03-30T23:09:34.273+0800][144.508s] GC(72) Humongous regions: 25->25
[2022-03-30T23:09:34.273+0800][144.508s] GC(72) Metaspace: 50805K(51200K)->50805K(51200K) NonClass: 44816K(45056K)->44816K(45056K) Class: 5988K(6144K)->5988K(6144K)
[2022-03-30T23:09:34.273+0800][144.508s] GC(72) Pause Young (Normal) (G1 Evacuation Pause) 450M->218M(512M) 2.092ms
[2022-03-30T23:09:34.273+0800][144.508s] GC(72) User=0.00s Sys=0.00s Real=0.00s
[2022-03-30T23:09:34.803+0800][145.038s] GC(73) Pause Young (Normal) (G1 Evacuation Pause)
[2022-03-30T23:09:34.803+0800][145.038s] GC(73) Using 8 workers of 8 for evacuation
[2022-03-30T23:09:34.805+0800][145.040s] GC(73)   Pre Evacuate Collection Set: 0.0ms
[2022-03-30T23:09:34.805+0800][145.040s] GC(73)   Merge Heap Roots: 0.1ms
[2022-03-30T23:09:34.805+0800][145.040s] GC(73)   Evacuate Collection Set: 1.3ms
[2022-03-30T23:09:34.805+0800][145.040s] GC(73)   Post Evacuate Collection Set: 0.3ms
[2022-03-30T23:09:34.805+0800][145.040s] GC(73)   Other: 0.1ms
[2022-03-30T23:09:34.805+0800][145.040s] GC(73) Eden regions: 233->0(232)
[2022-03-30T23:09:34.805+0800][145.040s] GC(73) Survivor regions: 8->8(31)
[2022-03-30T23:09:34.805+0800][145.040s] GC(73) Old regions: 186->187
[2022-03-30T23:09:34.805+0800][145.040s] GC(73) Archive regions: 0->0
[2022-03-30T23:09:34.805+0800][145.040s] GC(73) Humongous regions: 25->25
[2022-03-30T23:09:34.805+0800][145.040s] GC(73) Metaspace: 50805K(51200K)->50805K(51200K) NonClass: 44816K(45056K)->44816K(45056K) Class: 5988K(6144K)->5988K(6144K)
[2022-03-30T23:09:34.805+0800][145.040s] GC(73) Pause Young (Normal) (G1 Evacuation Pause) 451M->218M(512M) 1.951ms
[2022-03-30T23:09:34.805+0800][145.040s] GC(73) User=0.11s Sys=0.00s Real=0.00s
[2022-03-30T23:09:35.547+0800][145.781s] GC(74) Pause Young (Normal) (G1 Evacuation Pause)
[2022-03-30T23:09:35.547+0800][145.781s] GC(74) Using 8 workers of 8 for evacuation
[2022-03-30T23:09:35.550+0800][145.784s] GC(74)   Pre Evacuate Collection Set: 0.1ms
[2022-03-30T23:09:35.550+0800][145.784s] GC(74)   Merge Heap Roots: 0.1ms
[2022-03-30T23:09:35.550+0800][145.784s] GC(74)   Evacuate Collection Set: 2.0ms
[2022-03-30T23:09:35.550+0800][145.784s] GC(74)   Post Evacuate Collection Set: 0.5ms
[2022-03-30T23:09:35.550+0800][145.784s] GC(74)   Other: 0.2ms
[2022-03-30T23:09:35.550+0800][145.784s] GC(74) Eden regions: 232->0(232)
[2022-03-30T23:09:35.550+0800][145.784s] GC(74) Survivor regions: 8->8(30)
[2022-03-30T23:09:35.550+0800][145.784s] GC(74) Old regions: 187->187
[2022-03-30T23:09:35.550+0800][145.784s] GC(74) Archive regions: 0->0
[2022-03-30T23:09:35.550+0800][145.784s] GC(74) Humongous regions: 25->25
[2022-03-30T23:09:35.550+0800][145.784s] GC(74) Metaspace: 50839K(51200K)->50839K(51200K) NonClass: 44850K(45056K)->44850K(45056K) Class: 5988K(6144K)->5988K(6144K)
[2022-03-30T23:09:35.550+0800][145.784s] GC(74) Pause Young (Normal) (G1 Evacuation Pause) 450M->219M(512M) 3.177ms
[2022-03-30T23:09:35.550+0800][145.784s] GC(74) User=0.00s Sys=0.00s Real=0.00s
[2022-03-30T23:09:36.384+0800][146.619s] GC(75) Pause Young (Normal) (G1 Evacuation Pause)
[2022-03-30T23:09:36.384+0800][146.619s] GC(75) Using 8 workers of 8 for evacuation
[2022-03-30T23:09:36.387+0800][146.621s] GC(75)   Pre Evacuate Collection Set: 0.1ms
[2022-03-30T23:09:36.387+0800][146.622s] GC(75)   Merge Heap Roots: 0.1ms
[2022-03-30T23:09:36.387+0800][146.622s] GC(75)   Evacuate Collection Set: 1.8ms
[2022-03-30T23:09:36.387+0800][146.622s] GC(75)   Post Evacuate Collection Set: 0.4ms
[2022-03-30T23:09:36.387+0800][146.622s] GC(75)   Other: 0.2ms
[2022-03-30T23:09:36.387+0800][146.622s] GC(75) Eden regions: 232->0(232)
[2022-03-30T23:09:36.387+0800][146.622s] GC(75) Survivor regions: 8->8(30)
[2022-03-30T23:09:36.387+0800][146.622s] GC(75) Old regions: 187->187
[2022-03-30T23:09:36.387+0800][146.622s] GC(75) Archive regions: 0->0
[2022-03-30T23:09:36.387+0800][146.622s] GC(75) Humongous regions: 25->25
[2022-03-30T23:09:36.387+0800][146.622s] GC(75) Metaspace: 50860K(51200K)->50860K(51200K) NonClass: 44872K(45056K)->44872K(45056K) Class: 5988K(6144K)->5988K(6144K)
[2022-03-30T23:09:36.387+0800][146.622s] GC(75) Pause Young (Normal) (G1 Evacuation Pause) 451M->219M(512M) 2.936ms
[2022-03-30T23:09:36.387+0800][146.622s] GC(75) User=0.00s Sys=0.00s Real=0.00s
[2022-03-30T23:09:37.199+0800][147.434s] GC(76) Pause Young (Normal) (G1 Evacuation Pause)
[2022-03-30T23:09:37.199+0800][147.434s] GC(76) Using 8 workers of 8 for evacuation
[2022-03-30T23:09:37.201+0800][147.436s] GC(76)   Pre Evacuate Collection Set: 0.1ms
[2022-03-30T23:09:37.201+0800][147.436s] GC(76)   Merge Heap Roots: 0.1ms
[2022-03-30T23:09:37.201+0800][147.436s] GC(76)   Evacuate Collection Set: 1.3ms
[2022-03-30T23:09:37.201+0800][147.436s] GC(76)   Post Evacuate Collection Set: 0.4ms
[2022-03-30T23:09:37.201+0800][147.436s] GC(76)   Other: 0.2ms
[2022-03-30T23:09:37.201+0800][147.436s] GC(76) Eden regions: 232->0(231)
[2022-03-30T23:09:37.201+0800][147.436s] GC(76) Survivor regions: 8->8(30)
[2022-03-30T23:09:37.201+0800][147.436s] GC(76) Old regions: 187->188
[2022-03-30T23:09:37.201+0800][147.436s] GC(76) Archive regions: 0->0
[2022-03-30T23:09:37.201+0800][147.436s] GC(76) Humongous regions: 25->25
[2022-03-30T23:09:37.201+0800][147.436s] GC(76) Metaspace: 50911K(51264K)->50911K(51264K) NonClass: 44919K(45120K)->44919K(45120K) Class: 5992K(6144K)->5992K(6144K)
[2022-03-30T23:09:37.201+0800][147.436s] GC(76) Pause Young (Normal) (G1 Evacuation Pause) 451M->219M(512M) 2.333ms
[2022-03-30T23:09:37.201+0800][147.436s] GC(76) User=0.00s Sys=0.00s Real=0.00s
[2022-03-30T23:09:37.891+0800][148.126s] GC(77) Pause Young (Normal) (G1 Evacuation Pause)
[2022-03-30T23:09:37.891+0800][148.126s] GC(77) Using 8 workers of 8 for evacuation
[2022-03-30T23:09:37.893+0800][148.128s] GC(77)   Pre Evacuate Collection Set: 0.0ms
[2022-03-30T23:09:37.893+0800][148.128s] GC(77)   Merge Heap Roots: 0.1ms
[2022-03-30T23:09:37.893+0800][148.128s] GC(77)   Evacuate Collection Set: 1.1ms
[2022-03-30T23:09:37.893+0800][148.128s] GC(77)   Post Evacuate Collection Set: 0.3ms
[2022-03-30T23:09:37.893+0800][148.128s] GC(77)   Other: 0.1ms
[2022-03-30T23:09:37.893+0800][148.128s] GC(77) Eden regions: 231->0(231)
[2022-03-30T23:09:37.893+0800][148.128s] GC(77) Survivor regions: 8->8(30)
[2022-03-30T23:09:37.893+0800][148.128s] GC(77) Old regions: 188->188
[2022-03-30T23:09:37.893+0800][148.128s] GC(77) Archive regions: 0->0
[2022-03-30T23:09:37.893+0800][148.128s] GC(77) Humongous regions: 25->25
[2022-03-30T23:09:37.893+0800][148.128s] GC(77) Metaspace: 50911K(51264K)->50911K(51264K) NonClass: 44919K(45120K)->44919K(45120K) Class: 5992K(6144K)->5992K(6144K)
[2022-03-30T23:09:37.893+0800][148.128s] GC(77) Pause Young (Normal) (G1 Evacuation Pause) 450M->219M(512M) 1.854ms
[2022-03-30T23:09:37.893+0800][148.128s] GC(77) User=0.00s Sys=0.00s Real=0.00s
[2022-03-30T23:09:39.424+0800][149.659s] GC(78) Pause Young (Normal) (G1 Evacuation Pause)
[2022-03-30T23:09:39.425+0800][149.659s] GC(78) Using 8 workers of 8 for evacuation
[2022-03-30T23:09:39.432+0800][149.666s] GC(78)   Pre Evacuate Collection Set: 0.2ms
[2022-03-30T23:09:39.432+0800][149.666s] GC(78)   Merge Heap Roots: 0.2ms
[2022-03-30T23:09:39.432+0800][149.666s] GC(78)   Evacuate Collection Set: 5.1ms
[2022-03-30T23:09:39.432+0800][149.666s] GC(78)   Post Evacuate Collection Set: 1.1ms
[2022-03-30T23:09:39.432+0800][149.666s] GC(78)   Other: 0.7ms
[2022-03-30T23:09:39.432+0800][149.666s] GC(78) Eden regions: 231->0(231)
[2022-03-30T23:09:39.432+0800][149.666s] GC(78) Survivor regions: 8->8(30)
[2022-03-30T23:09:39.432+0800][149.667s] GC(78) Old regions: 188->188
[2022-03-30T23:09:39.432+0800][149.667s] GC(78) Archive regions: 0->0
[2022-03-30T23:09:39.432+0800][149.667s] GC(78) Humongous regions: 25->25
[2022-03-30T23:09:39.432+0800][149.667s] GC(78) Metaspace: 50911K(51264K)->50911K(51264K) NonClass: 44919K(45120K)->44919K(45120K) Class: 5992K(6144K)->5992K(6144K)
[2022-03-30T23:09:39.432+0800][149.667s] GC(78) Pause Young (Normal) (G1 Evacuation Pause) 450M->219M(512M) 8.090ms
[2022-03-30T23:09:39.432+0800][149.667s] GC(78) User=0.09s Sys=0.00s Real=0.01s
[2022-03-30T23:09:40.252+0800][150.487s] GC(79) Pause Young (Normal) (G1 Evacuation Pause)
[2022-03-30T23:09:40.252+0800][150.487s] GC(79) Using 8 workers of 8 for evacuation
[2022-03-30T23:09:40.254+0800][150.489s] GC(79)   Pre Evacuate Collection Set: 0.1ms
[2022-03-30T23:09:40.254+0800][150.489s] GC(79)   Merge Heap Roots: 0.1ms
[2022-03-30T23:09:40.254+0800][150.489s] GC(79)   Evacuate Collection Set: 1.1ms
[2022-03-30T23:09:40.254+0800][150.489s] GC(79)   Post Evacuate Collection Set: 0.5ms
[2022-03-30T23:09:40.254+0800][150.489s] GC(79)   Other: 0.2ms
[2022-03-30T23:09:40.254+0800][150.489s] GC(79) Eden regions: 231->0(231)
[2022-03-30T23:09:40.254+0800][150.489s] GC(79) Survivor regions: 8->8(30)
[2022-03-30T23:09:40.254+0800][150.489s] GC(79) Old regions: 188->188
[2022-03-30T23:09:40.254+0800][150.489s] GC(79) Archive regions: 0->0
[2022-03-30T23:09:40.254+0800][150.489s] GC(79) Humongous regions: 25->25
[2022-03-30T23:09:40.254+0800][150.489s] GC(79) Metaspace: 50911K(51264K)->50911K(51264K) NonClass: 44919K(45120K)->44919K(45120K) Class: 5992K(6144K)->5992K(6144K)
[2022-03-30T23:09:40.254+0800][150.489s] GC(79) Pause Young (Normal) (G1 Evacuation Pause) 450M->220M(512M) 2.116ms
[2022-03-30T23:09:40.254+0800][150.489s] GC(79) User=0.00s Sys=0.00s Real=0.00s
[2022-03-30T23:09:40.653+0800][150.888s] GC(80) Pause Young (Normal) (G1 Evacuation Pause)
[2022-03-30T23:09:40.653+0800][150.888s] GC(80) Using 8 workers of 8 for evacuation
[2022-03-30T23:09:40.655+0800][150.889s] GC(80)   Pre Evacuate Collection Set: 0.1ms
[2022-03-30T23:09:40.655+0800][150.889s] GC(80)   Merge Heap Roots: 0.1ms
[2022-03-30T23:09:40.655+0800][150.889s] GC(80)   Evacuate Collection Set: 1.1ms
[2022-03-30T23:09:40.655+0800][150.889s] GC(80)   Post Evacuate Collection Set: 0.3ms
[2022-03-30T23:09:40.655+0800][150.889s] GC(80)   Other: 0.2ms
[2022-03-30T23:09:40.655+0800][150.889s] GC(80) Eden regions: 231->0(229)
[2022-03-30T23:09:40.655+0800][150.890s] GC(80) Survivor regions: 8->9(30)
[2022-03-30T23:09:40.655+0800][150.890s] GC(80) Old regions: 188->188
[2022-03-30T23:09:40.655+0800][150.890s] GC(80) Archive regions: 0->0
[2022-03-30T23:09:40.655+0800][150.890s] GC(80) Humongous regions: 25->25
[2022-03-30T23:09:40.655+0800][150.890s] GC(80) Metaspace: 50911K(51264K)->50911K(51264K) NonClass: 44919K(45120K)->44919K(45120K) Class: 5992K(6144K)->5992K(6144K)
[2022-03-30T23:09:40.655+0800][150.890s] GC(80) Pause Young (Normal) (G1 Evacuation Pause) 451M->220M(512M) 2.023ms
[2022-03-30T23:09:40.655+0800][150.890s] GC(80) User=0.00s Sys=0.00s Real=0.00s
[2022-03-30T23:09:40.970+0800][151.205s] GC(81) Pause Young (Normal) (G1 Evacuation Pause)
[2022-03-30T23:09:40.970+0800][151.205s] GC(81) Using 8 workers of 8 for evacuation
[2022-03-30T23:09:40.972+0800][151.206s] GC(81)   Pre Evacuate Collection Set: 0.1ms
[2022-03-30T23:09:40.972+0800][151.206s] GC(81)   Merge Heap Roots: 0.2ms
[2022-03-30T23:09:40.972+0800][151.206s] GC(81)   Evacuate Collection Set: 0.9ms
[2022-03-30T23:09:40.972+0800][151.206s] GC(81)   Post Evacuate Collection Set: 0.4ms
[2022-03-30T23:09:40.972+0800][151.207s] GC(81)   Other: 0.1ms
[2022-03-30T23:09:40.972+0800][151.207s] GC(81) Eden regions: 229->0(230)
[2022-03-30T23:09:40.972+0800][151.207s] GC(81) Survivor regions: 9->8(30)
[2022-03-30T23:09:40.972+0800][151.207s] GC(81) Old regions: 188->189
[2022-03-30T23:09:40.972+0800][151.207s] GC(81) Archive regions: 0->0
[2022-03-30T23:09:40.972+0800][151.207s] GC(81) Humongous regions: 25->25
[2022-03-30T23:09:40.972+0800][151.207s] GC(81) Metaspace: 50911K(51264K)->50911K(51264K) NonClass: 44919K(45120K)->44919K(45120K) Class: 5992K(6144K)->5992K(6144K)
[2022-03-30T23:09:40.972+0800][151.207s] GC(81) Pause Young (Normal) (G1 Evacuation Pause) 449M->221M(512M) 1.738ms
[2022-03-30T23:09:40.972+0800][151.207s] GC(81) User=0.00s Sys=0.00s Real=0.00s
[2022-03-30T23:09:41.298+0800][151.533s] GC(82) Pause Young (Normal) (G1 Evacuation Pause)
[2022-03-30T23:09:41.298+0800][151.534s] GC(82) Using 8 workers of 8 for evacuation
[2022-03-30T23:09:41.301+0800][151.535s] GC(82)   Pre Evacuate Collection Set: 0.1ms
[2022-03-30T23:09:41.301+0800][151.535s] GC(82)   Merge Heap Roots: 0.1ms
[2022-03-30T23:09:41.301+0800][151.535s] GC(82)   Evacuate Collection Set: 1.1ms
[2022-03-30T23:09:41.301+0800][151.535s] GC(82)   Post Evacuate Collection Set: 0.3ms
[2022-03-30T23:09:41.301+0800][151.535s] GC(82)   Other: 0.1ms
[2022-03-30T23:09:41.301+0800][151.535s] GC(82) Eden regions: 230->0(230)
[2022-03-30T23:09:41.301+0800][151.535s] GC(82) Survivor regions: 8->8(30)
[2022-03-30T23:09:41.301+0800][151.535s] GC(82) Old regions: 189->189
[2022-03-30T23:09:41.301+0800][151.535s] GC(82) Archive regions: 0->0
[2022-03-30T23:09:41.301+0800][151.535s] GC(82) Humongous regions: 25->25
[2022-03-30T23:09:41.301+0800][151.535s] GC(82) Metaspace: 50911K(51264K)->50911K(51264K) NonClass: 44919K(45120K)->44919K(45120K) Class: 5992K(6144K)->5992K(6144K)
[2022-03-30T23:09:41.301+0800][151.535s] GC(82) Pause Young (Normal) (G1 Evacuation Pause) 451M->221M(512M) 1.865ms
[2022-03-30T23:09:41.301+0800][151.535s] GC(82) User=0.00s Sys=0.00s Real=0.00s
[2022-03-30T23:09:41.636+0800][151.870s] GC(83) Pause Young (Normal) (G1 Evacuation Pause)
[2022-03-30T23:09:41.636+0800][151.870s] GC(83) Using 8 workers of 8 for evacuation
[2022-03-30T23:09:41.637+0800][151.872s] GC(83)   Pre Evacuate Collection Set: 0.1ms
[2022-03-30T23:09:41.637+0800][151.872s] GC(83)   Merge Heap Roots: 0.1ms
[2022-03-30T23:09:41.637+0800][151.872s] GC(83)   Evacuate Collection Set: 0.9ms
[2022-03-30T23:09:41.637+0800][151.872s] GC(83)   Post Evacuate Collection Set: 0.2ms
[2022-03-30T23:09:41.637+0800][151.872s] GC(83)   Other: 0.1ms
[2022-03-30T23:09:41.637+0800][151.872s] GC(83) Eden regions: 230->0(227)
[2022-03-30T23:09:41.637+0800][151.872s] GC(83) Survivor regions: 8->9(30)
[2022-03-30T23:09:41.637+0800][151.872s] GC(83) Old regions: 189->190
[2022-03-30T23:09:41.637+0800][151.872s] GC(83) Archive regions: 0->0
[2022-03-30T23:09:41.637+0800][151.872s] GC(83) Humongous regions: 25->25
[2022-03-30T23:09:41.637+0800][151.872s] GC(83) Metaspace: 50911K(51264K)->50911K(51264K) NonClass: 44919K(45120K)->44919K(45120K) Class: 5992K(6144K)->5992K(6144K)
[2022-03-30T23:09:41.637+0800][151.872s] GC(83) Pause Young (Normal) (G1 Evacuation Pause) 451M->222M(512M) 1.584ms
[2022-03-30T23:09:41.637+0800][151.872s] GC(83) User=0.00s Sys=0.00s Real=0.00s
[2022-03-30T23:09:41.944+0800][152.179s] GC(84) Pause Young (Normal) (G1 Evacuation Pause)
[2022-03-30T23:09:41.944+0800][152.179s] GC(84) Using 8 workers of 8 for evacuation
[2022-03-30T23:09:41.946+0800][152.180s] GC(84)   Pre Evacuate Collection Set: 0.2ms
[2022-03-30T23:09:41.946+0800][152.180s] GC(84)   Merge Heap Roots: 0.1ms
[2022-03-30T23:09:41.946+0800][152.180s] GC(84)   Evacuate Collection Set: 0.9ms
[2022-03-30T23:09:41.946+0800][152.180s] GC(84)   Post Evacuate Collection Set: 0.4ms
[2022-03-30T23:09:41.946+0800][152.180s] GC(84)   Other: 0.1ms
[2022-03-30T23:09:41.946+0800][152.180s] GC(84) Eden regions: 227->0(229)
[2022-03-30T23:09:41.946+0800][152.180s] GC(84) Survivor regions: 9->8(30)
[2022-03-30T23:09:41.946+0800][152.180s] GC(84) Old regions: 190->190
[2022-03-30T23:09:41.946+0800][152.180s] GC(84) Archive regions: 0->0
[2022-03-30T23:09:41.946+0800][152.180s] GC(84) Humongous regions: 25->25
[2022-03-30T23:09:41.946+0800][152.180s] GC(84) Metaspace: 50913K(51264K)->50913K(51264K) NonClass: 44921K(45120K)->44921K(45120K) Class: 5992K(6144K)->5992K(6144K)
[2022-03-30T23:09:41.946+0800][152.180s] GC(84) Pause Young (Normal) (G1 Evacuation Pause) 449M->222M(512M) 1.733ms
[2022-03-30T23:09:41.946+0800][152.180s] GC(84) User=0.00s Sys=0.00s Real=0.00s
[2022-03-30T23:09:42.253+0800][152.488s] GC(85) Pause Young (Normal) (G1 Evacuation Pause)
[2022-03-30T23:09:42.253+0800][152.488s] GC(85) Using 8 workers of 8 for evacuation
[2022-03-30T23:09:42.255+0800][152.490s] GC(85)   Pre Evacuate Collection Set: 0.2ms
[2022-03-30T23:09:42.255+0800][152.490s] GC(85)   Merge Heap Roots: 0.1ms
[2022-03-30T23:09:42.255+0800][152.490s] GC(85)   Evacuate Collection Set: 0.9ms
[2022-03-30T23:09:42.255+0800][152.490s] GC(85)   Post Evacuate Collection Set: 0.6ms
[2022-03-30T23:09:42.255+0800][152.490s] GC(85)   Other: 0.1ms
[2022-03-30T23:09:42.255+0800][152.490s] GC(85) Eden regions: 229->0(228)
[2022-03-30T23:09:42.255+0800][152.490s] GC(85) Survivor regions: 8->8(30)
[2022-03-30T23:09:42.255+0800][152.490s] GC(85) Old regions: 190->191
[2022-03-30T23:09:42.255+0800][152.490s] GC(85) Archive regions: 0->0
[2022-03-30T23:09:42.255+0800][152.490s] GC(85) Humongous regions: 25->25
[2022-03-30T23:09:42.255+0800][152.490s] GC(85) Metaspace: 50913K(51264K)->50913K(51264K) NonClass: 44921K(45120K)->44921K(45120K) Class: 5992K(6144K)->5992K(6144K)
[2022-03-30T23:09:42.255+0800][152.490s] GC(85) Pause Young (Normal) (G1 Evacuation Pause) 451M->222M(512M) 2.003ms
[2022-03-30T23:09:42.255+0800][152.490s] GC(85) User=0.00s Sys=0.00s Real=0.00s
[2022-03-30T23:09:42.546+0800][152.781s] GC(86) Pause Young (Normal) (G1 Evacuation Pause)
[2022-03-30T23:09:42.546+0800][152.781s] GC(86) Using 8 workers of 8 for evacuation
[2022-03-30T23:09:42.548+0800][152.783s] GC(86)   Pre Evacuate Collection Set: 0.1ms
[2022-03-30T23:09:42.548+0800][152.783s] GC(86)   Merge Heap Roots: 0.1ms
[2022-03-30T23:09:42.548+0800][152.783s] GC(86)   Evacuate Collection Set: 1.0ms
[2022-03-30T23:09:42.548+0800][152.783s] GC(86)   Post Evacuate Collection Set: 0.4ms
[2022-03-30T23:09:42.548+0800][152.783s] GC(86)   Other: 0.2ms
[2022-03-30T23:09:42.548+0800][152.783s] GC(86) Eden regions: 228->0(228)
[2022-03-30T23:09:42.548+0800][152.783s] GC(86) Survivor regions: 8->8(30)
[2022-03-30T23:09:42.548+0800][152.783s] GC(86) Old regions: 191->191
[2022-03-30T23:09:42.548+0800][152.783s] GC(86) Archive regions: 0->0
[2022-03-30T23:09:42.548+0800][152.783s] GC(86) Humongous regions: 25->25
[2022-03-30T23:09:42.548+0800][152.783s] GC(86) Metaspace: 50913K(51264K)->50913K(51264K) NonClass: 44921K(45120K)->44921K(45120K) Class: 5992K(6144K)->5992K(6144K)
[2022-03-30T23:09:42.548+0800][152.783s] GC(86) Pause Young (Normal) (G1 Evacuation Pause) 450M->223M(512M) 1.844ms
[2022-03-30T23:09:42.548+0800][152.783s] GC(86) User=0.00s Sys=0.00s Real=0.00s
[2022-03-30T23:09:42.843+0800][153.078s] GC(87) Pause Young (Normal) (G1 Evacuation Pause)
[2022-03-30T23:09:42.843+0800][153.078s] GC(87) Using 8 workers of 8 for evacuation
[2022-03-30T23:09:42.846+0800][153.080s] GC(87)   Pre Evacuate Collection Set: 0.1ms
[2022-03-30T23:09:42.846+0800][153.080s] GC(87)   Merge Heap Roots: 0.2ms
[2022-03-30T23:09:42.846+0800][153.080s] GC(87)   Evacuate Collection Set: 0.8ms
[2022-03-30T23:09:42.846+0800][153.080s] GC(87)   Post Evacuate Collection Set: 0.5ms
[2022-03-30T23:09:42.846+0800][153.080s] GC(87)   Other: 0.2ms
[2022-03-30T23:09:42.846+0800][153.080s] GC(87) Eden regions: 228->0(229)
[2022-03-30T23:09:42.846+0800][153.080s] GC(87) Survivor regions: 8->7(30)
[2022-03-30T23:09:42.846+0800][153.080s] GC(87) Old regions: 191->192
[2022-03-30T23:09:42.846+0800][153.080s] GC(87) Archive regions: 0->0
[2022-03-30T23:09:42.846+0800][153.080s] GC(87) Humongous regions: 25->25
[2022-03-30T23:09:42.846+0800][153.080s] GC(87) Metaspace: 50913K(51264K)->50913K(51264K) NonClass: 44921K(45120K)->44921K(45120K) Class: 5992K(6144K)->5992K(6144K)
[2022-03-30T23:09:42.846+0800][153.080s] GC(87) Pause Young (Normal) (G1 Evacuation Pause) 451M->223M(512M) 1.946ms
[2022-03-30T23:09:42.846+0800][153.080s] GC(87) User=0.00s Sys=0.00s Real=0.00s
[2022-03-30T23:09:43.124+0800][153.359s] GC(88) Pause Young (Normal) (G1 Evacuation Pause)
[2022-03-30T23:09:43.124+0800][153.359s] GC(88) Using 8 workers of 8 for evacuation
[2022-03-30T23:09:43.126+0800][153.361s] GC(88)   Pre Evacuate Collection Set: 0.1ms
[2022-03-30T23:09:43.126+0800][153.361s] GC(88)   Merge Heap Roots: 0.1ms
[2022-03-30T23:09:43.126+0800][153.361s] GC(88)   Evacuate Collection Set: 0.9ms
[2022-03-30T23:09:43.126+0800][153.361s] GC(88)   Post Evacuate Collection Set: 0.4ms
[2022-03-30T23:09:43.126+0800][153.361s] GC(88)   Other: 0.2ms
[2022-03-30T23:09:43.126+0800][153.361s] GC(88) Eden regions: 229->0(228)
[2022-03-30T23:09:43.126+0800][153.361s] GC(88) Survivor regions: 7->7(30)
[2022-03-30T23:09:43.126+0800][153.361s] GC(88) Old regions: 192->193
[2022-03-30T23:09:43.126+0800][153.361s] GC(88) Archive regions: 0->0
[2022-03-30T23:09:43.126+0800][153.361s] GC(88) Humongous regions: 25->25
[2022-03-30T23:09:43.126+0800][153.361s] GC(88) Metaspace: 50913K(51264K)->50913K(51264K) NonClass: 44921K(45120K)->44921K(45120K) Class: 5992K(6144K)->5992K(6144K)
[2022-03-30T23:09:43.126+0800][153.361s] GC(88) Pause Young (Normal) (G1 Evacuation Pause) 452M->223M(512M) 1.710ms
[2022-03-30T23:09:43.126+0800][153.361s] GC(88) User=0.00s Sys=0.00s Real=0.00s
[2022-03-30T23:09:43.417+0800][153.651s] GC(89) Pause Young (Normal) (G1 Evacuation Pause)
[2022-03-30T23:09:43.417+0800][153.651s] GC(89) Using 8 workers of 8 for evacuation
[2022-03-30T23:09:43.419+0800][153.653s] GC(89)   Pre Evacuate Collection Set: 0.1ms
[2022-03-30T23:09:43.419+0800][153.653s] GC(89)   Merge Heap Roots: 0.1ms
[2022-03-30T23:09:43.419+0800][153.653s] GC(89)   Evacuate Collection Set: 1.1ms
[2022-03-30T23:09:43.419+0800][153.653s] GC(89)   Post Evacuate Collection Set: 0.5ms
[2022-03-30T23:09:43.419+0800][153.653s] GC(89)   Other: 0.1ms
[2022-03-30T23:09:43.419+0800][153.653s] GC(89) Eden regions: 228->0(229)
[2022-03-30T23:09:43.419+0800][153.653s] GC(89) Survivor regions: 7->6(30)
[2022-03-30T23:09:43.419+0800][153.653s] GC(89) Old regions: 193->194
[2022-03-30T23:09:43.419+0800][153.653s] GC(89) Archive regions: 0->0
[2022-03-30T23:09:43.419+0800][153.653s] GC(89) Humongous regions: 25->25
[2022-03-30T23:09:43.419+0800][153.653s] GC(89) Metaspace: 50913K(51264K)->50913K(51264K) NonClass: 44921K(45120K)->44921K(45120K) Class: 5992K(6144K)->5992K(6144K)
[2022-03-30T23:09:43.419+0800][153.653s] GC(89) Pause Young (Normal) (G1 Evacuation Pause) 451M->224M(512M) 2.084ms
[2022-03-30T23:09:43.419+0800][153.653s] GC(89) User=0.00s Sys=0.00s Real=0.00s
[2022-03-30T23:09:43.729+0800][153.964s] GC(90) Pause Young (Normal) (G1 Evacuation Pause)
[2022-03-30T23:09:43.729+0800][153.964s] GC(90) Using 8 workers of 8 for evacuation
[2022-03-30T23:09:43.731+0800][153.966s] GC(90)   Pre Evacuate Collection Set: 0.1ms
[2022-03-30T23:09:43.731+0800][153.966s] GC(90)   Merge Heap Roots: 0.1ms
[2022-03-30T23:09:43.731+0800][153.966s] GC(90)   Evacuate Collection Set: 0.9ms
[2022-03-30T23:09:43.731+0800][153.966s] GC(90)   Post Evacuate Collection Set: 0.3ms
[2022-03-30T23:09:43.731+0800][153.966s] GC(90)   Other: 0.2ms
[2022-03-30T23:09:43.731+0800][153.966s] GC(90) Eden regions: 229->0(229)
[2022-03-30T23:09:43.731+0800][153.966s] GC(90) Survivor regions: 6->6(30)
[2022-03-30T23:09:43.731+0800][153.966s] GC(90) Old regions: 194->194
[2022-03-30T23:09:43.731+0800][153.966s] GC(90) Archive regions: 0->0
[2022-03-30T23:09:43.731+0800][153.966s] GC(90) Humongous regions: 25->25
[2022-03-30T23:09:43.731+0800][153.966s] GC(90) Metaspace: 50913K(51264K)->50913K(51264K) NonClass: 44921K(45120K)->44921K(45120K) Class: 5992K(6144K)->5992K(6144K)
[2022-03-30T23:09:43.731+0800][153.966s] GC(90) Pause Young (Normal) (G1 Evacuation Pause) 453M->224M(512M) 1.575ms
[2022-03-30T23:09:43.731+0800][153.966s] GC(90) User=0.00s Sys=0.00s Real=0.00s
[2022-03-30T23:09:44.021+0800][154.256s] GC(91) Pause Young (Normal) (G1 Evacuation Pause)
[2022-03-30T23:09:44.021+0800][154.256s] GC(91) Using 8 workers of 8 for evacuation
[2022-03-30T23:09:44.023+0800][154.257s] GC(91)   Pre Evacuate Collection Set: 0.1ms
[2022-03-30T23:09:44.023+0800][154.257s] GC(91)   Merge Heap Roots: 0.1ms
[2022-03-30T23:09:44.023+0800][154.257s] GC(91)   Evacuate Collection Set: 0.8ms
[2022-03-30T23:09:44.023+0800][154.257s] GC(91)   Post Evacuate Collection Set: 0.2ms
[2022-03-30T23:09:44.023+0800][154.257s] GC(91)   Other: 0.1ms
[2022-03-30T23:09:44.023+0800][154.257s] GC(91) Eden regions: 229->0(228)
[2022-03-30T23:09:44.023+0800][154.257s] GC(91) Survivor regions: 6->6(30)
[2022-03-30T23:09:44.023+0800][154.257s] GC(91) Old regions: 194->195
[2022-03-30T23:09:44.023+0800][154.257s] GC(91) Archive regions: 0->0
[2022-03-30T23:09:44.023+0800][154.257s] GC(91) Humongous regions: 25->25
[2022-03-30T23:09:44.023+0800][154.257s] GC(91) Metaspace: 50913K(51264K)->50913K(51264K) NonClass: 44921K(45120K)->44921K(45120K) Class: 5992K(6144K)->5992K(6144K)
[2022-03-30T23:09:44.023+0800][154.257s] GC(91) Pause Young (Normal) (G1 Evacuation Pause) 453M->224M(512M) 1.436ms
[2022-03-30T23:09:44.023+0800][154.257s] GC(91) User=0.12s Sys=0.00s Real=0.00s
[2022-03-30T23:09:44.315+0800][154.550s] GC(92) Pause Young (Normal) (G1 Evacuation Pause)
[2022-03-30T23:09:44.315+0800][154.550s] GC(92) Using 8 workers of 8 for evacuation
[2022-03-30T23:09:44.316+0800][154.551s] GC(92)   Pre Evacuate Collection Set: 0.1ms
[2022-03-30T23:09:44.316+0800][154.551s] GC(92)   Merge Heap Roots: 0.1ms
[2022-03-30T23:09:44.316+0800][154.551s] GC(92)   Evacuate Collection Set: 0.9ms
[2022-03-30T23:09:44.316+0800][154.551s] GC(92)   Post Evacuate Collection Set: 0.4ms
[2022-03-30T23:09:44.316+0800][154.551s] GC(92)   Other: 0.1ms
[2022-03-30T23:09:44.316+0800][154.551s] GC(92) Eden regions: 228->0(228)
[2022-03-30T23:09:44.316+0800][154.551s] GC(92) Survivor regions: 6->6(30)
[2022-03-30T23:09:44.316+0800][154.551s] GC(92) Old regions: 195->195
[2022-03-30T23:09:44.316+0800][154.551s] GC(92) Archive regions: 0->0
[2022-03-30T23:09:44.316+0800][154.551s] GC(92) Humongous regions: 25->25
[2022-03-30T23:09:44.316+0800][154.551s] GC(92) Metaspace: 50913K(51264K)->50913K(51264K) NonClass: 44921K(45120K)->44921K(45120K) Class: 5992K(6144K)->5992K(6144K)
[2022-03-30T23:09:44.316+0800][154.551s] GC(92) Pause Young (Normal) (G1 Evacuation Pause) 452M->225M(512M) 1.595ms
[2022-03-30T23:09:44.316+0800][154.551s] GC(92) User=0.00s Sys=0.00s Real=0.00s
[2022-03-30T23:09:44.597+0800][154.832s] GC(93) Pause Young (Normal) (G1 Evacuation Pause)
[2022-03-30T23:09:44.597+0800][154.832s] GC(93) Using 8 workers of 8 for evacuation
[2022-03-30T23:09:44.599+0800][154.833s] GC(93)   Pre Evacuate Collection Set: 0.1ms
[2022-03-30T23:09:44.599+0800][154.833s] GC(93)   Merge Heap Roots: 0.1ms
[2022-03-30T23:09:44.599+0800][154.833s] GC(93)   Evacuate Collection Set: 0.7ms
[2022-03-30T23:09:44.599+0800][154.833s] GC(93)   Post Evacuate Collection Set: 0.2ms
[2022-03-30T23:09:44.599+0800][154.833s] GC(93)   Other: 0.1ms
[2022-03-30T23:09:44.599+0800][154.833s] GC(93) Eden regions: 228->0(228)
[2022-03-30T23:09:44.599+0800][154.834s] GC(93) Survivor regions: 6->6(30)
[2022-03-30T23:09:44.599+0800][154.834s] GC(93) Old regions: 195->195
[2022-03-30T23:09:44.599+0800][154.834s] GC(93) Archive regions: 0->0
[2022-03-30T23:09:44.599+0800][154.834s] GC(93) Humongous regions: 25->25
[2022-03-30T23:09:44.599+0800][154.834s] GC(93) Metaspace: 50913K(51264K)->50913K(51264K) NonClass: 44921K(45120K)->44921K(45120K) Class: 5992K(6144K)->5992K(6144K)
[2022-03-30T23:09:44.599+0800][154.834s] GC(93) Pause Young (Normal) (G1 Evacuation Pause) 453M->225M(512M) 1.425ms
[2022-03-30T23:09:44.599+0800][154.834s] GC(93) User=0.00s Sys=0.00s Real=0.00s
[2022-03-30T23:09:44.891+0800][155.126s] GC(94) Pause Young (Normal) (G1 Evacuation Pause)
[2022-03-30T23:09:44.891+0800][155.126s] GC(94) Using 8 workers of 8 for evacuation
[2022-03-30T23:09:44.892+0800][155.127s] GC(94)   Pre Evacuate Collection Set: 0.2ms
[2022-03-30T23:09:44.892+0800][155.127s] GC(94)   Merge Heap Roots: 0.1ms
[2022-03-30T23:09:44.892+0800][155.127s] GC(94)   Evacuate Collection Set: 0.7ms
[2022-03-30T23:09:44.892+0800][155.127s] GC(94)   Post Evacuate Collection Set: 0.5ms
[2022-03-30T23:09:44.892+0800][155.127s] GC(94)   Other: 0.1ms
[2022-03-30T23:09:44.892+0800][155.127s] GC(94) Eden regions: 228->0(228)
[2022-03-30T23:09:44.892+0800][155.127s] GC(94) Survivor regions: 6->6(30)
[2022-03-30T23:09:44.892+0800][155.127s] GC(94) Old regions: 195->195
[2022-03-30T23:09:44.892+0800][155.127s] GC(94) Archive regions: 0->0
[2022-03-30T23:09:44.892+0800][155.127s] GC(94) Humongous regions: 25->25
[2022-03-30T23:09:44.892+0800][155.127s] GC(94) Metaspace: 50913K(51264K)->50913K(51264K) NonClass: 44921K(45120K)->44921K(45120K) Class: 5992K(6144K)->5992K(6144K)
[2022-03-30T23:09:44.892+0800][155.127s] GC(94) Pause Young (Normal) (G1 Evacuation Pause) 453M->225M(512M) 1.716ms
[2022-03-30T23:09:44.892+0800][155.128s] GC(94) User=0.00s Sys=0.00s Real=0.00s
[2022-03-30T23:09:45.173+0800][155.408s] GC(95) Pause Young (Normal) (G1 Evacuation Pause)
[2022-03-30T23:09:45.173+0800][155.408s] GC(95) Using 8 workers of 8 for evacuation
[2022-03-30T23:09:45.175+0800][155.410s] GC(95)   Pre Evacuate Collection Set: 0.1ms
[2022-03-30T23:09:45.175+0800][155.410s] GC(95)   Merge Heap Roots: 0.1ms
[2022-03-30T23:09:45.175+0800][155.410s] GC(95)   Evacuate Collection Set: 0.7ms
[2022-03-30T23:09:45.175+0800][155.410s] GC(95)   Post Evacuate Collection Set: 0.3ms
[2022-03-30T23:09:45.175+0800][155.410s] GC(95)   Other: 0.1ms
[2022-03-30T23:09:45.175+0800][155.410s] GC(95) Eden regions: 228->0(227)
[2022-03-30T23:09:45.175+0800][155.410s] GC(95) Survivor regions: 6->6(30)
[2022-03-30T23:09:45.175+0800][155.410s] GC(95) Old regions: 195->196
[2022-03-30T23:09:45.175+0800][155.410s] GC(95) Archive regions: 0->0
[2022-03-30T23:09:45.175+0800][155.410s] GC(95) Humongous regions: 25->25
[2022-03-30T23:09:45.175+0800][155.410s] GC(95) Metaspace: 50915K(51264K)->50915K(51264K) NonClass: 44922K(45120K)->44922K(45120K) Class: 5992K(6144K)->5992K(6144K)
[2022-03-30T23:09:45.175+0800][155.410s] GC(95) Pause Young (Normal) (G1 Evacuation Pause) 453M->226M(512M) 1.536ms
[2022-03-30T23:09:45.175+0800][155.410s] GC(95) User=0.00s Sys=0.00s Real=0.00s
[2022-03-30T23:09:45.460+0800][155.695s] GC(96) Pause Young (Normal) (G1 Evacuation Pause)
[2022-03-30T23:09:45.460+0800][155.695s] GC(96) Using 8 workers of 8 for evacuation
[2022-03-30T23:09:45.462+0800][155.697s] GC(96)   Pre Evacuate Collection Set: 0.2ms
[2022-03-30T23:09:45.462+0800][155.697s] GC(96)   Merge Heap Roots: 0.1ms
[2022-03-30T23:09:45.462+0800][155.697s] GC(96)   Evacuate Collection Set: 0.8ms
[2022-03-30T23:09:45.462+0800][155.697s] GC(96)   Post Evacuate Collection Set: 0.5ms
[2022-03-30T23:09:45.462+0800][155.697s] GC(96)   Other: 0.2ms
[2022-03-30T23:09:45.462+0800][155.697s] GC(96) Eden regions: 227->0(227)
[2022-03-30T23:09:45.462+0800][155.697s] GC(96) Survivor regions: 6->6(30)
[2022-03-30T23:09:45.462+0800][155.697s] GC(96) Old regions: 196->196
[2022-03-30T23:09:45.462+0800][155.697s] GC(96) Archive regions: 0->0
[2022-03-30T23:09:45.462+0800][155.697s] GC(96) Humongous regions: 25->25
[2022-03-30T23:09:45.462+0800][155.697s] GC(96) Metaspace: 50915K(51264K)->50915K(51264K) NonClass: 44922K(45120K)->44922K(45120K) Class: 5992K(6144K)->5992K(6144K)
[2022-03-30T23:09:45.462+0800][155.697s] GC(96) Pause Young (Normal) (G1 Evacuation Pause) 453M->226M(512M) 1.913ms
[2022-03-30T23:09:45.462+0800][155.697s] GC(96) User=0.00s Sys=0.00s Real=0.00s
[2022-03-30T23:09:45.911+0800][156.147s] GC(97) Pause Young (Concurrent Start) (G1 Humongous Allocation)
[2022-03-30T23:09:45.911+0800][156.147s] GC(97) Using 8 workers of 8 for evacuation
[2022-03-30T23:09:45.914+0800][156.149s] GC(97)   Pre Evacuate Collection Set: 0.1ms
[2022-03-30T23:09:45.914+0800][156.149s] GC(97)   Merge Heap Roots: 0.1ms
[2022-03-30T23:09:45.914+0800][156.149s] GC(97)   Evacuate Collection Set: 1.7ms
[2022-03-30T23:09:45.914+0800][156.149s] GC(97)   Post Evacuate Collection Set: 0.3ms
[2022-03-30T23:09:45.914+0800][156.149s] GC(97)   Other: 0.2ms
[2022-03-30T23:09:45.915+0800][156.149s] GC(97) Eden regions: 79->0(227)
[2022-03-30T23:09:45.915+0800][156.149s] GC(97) Survivor regions: 6->6(30)
[2022-03-30T23:09:45.915+0800][156.149s] GC(97) Old regions: 196->196
[2022-03-30T23:09:45.915+0800][156.149s] GC(97) Archive regions: 0->0
[2022-03-30T23:09:45.915+0800][156.149s] GC(97) Humongous regions: 25->25
[2022-03-30T23:09:45.915+0800][156.149s] GC(97) Metaspace: 51436K(51776K)->51436K(51776K) NonClass: 45393K(45568K)->45393K(45568K) Class: 6042K(6208K)->6042K(6208K)
[2022-03-30T23:09:45.915+0800][156.149s] GC(97) Pause Young (Concurrent Start) (G1 Humongous Allocation) 304M->225M(512M) 2.615ms
[2022-03-30T23:09:45.915+0800][156.149s] GC(97) User=0.12s Sys=0.00s Real=0.00s
[2022-03-30T23:09:45.915+0800][156.149s] GC(98) Concurrent Undo Cycle
[2022-03-30T23:09:45.915+0800][156.149s] GC(98) Concurrent Cleanup for Next Mark
[2022-03-30T23:09:45.915+0800][156.150s] GC(98) Concurrent Cleanup for Next Mark 0.338ms
[2022-03-30T23:09:45.915+0800][156.150s] GC(98) Concurrent Undo Cycle 0.449ms
[2022-03-30T23:09:45.967+0800][156.201s] GC(99) Pause Young (Concurrent Start) (G1 Humongous Allocation)
[2022-03-30T23:09:45.967+0800][156.201s] GC(99) Using 8 workers of 8 for evacuation
[2022-03-30T23:09:45.968+0800][156.203s] GC(99)   Pre Evacuate Collection Set: 0.1ms
[2022-03-30T23:09:45.968+0800][156.203s] GC(99)   Merge Heap Roots: 0.0ms
[2022-03-30T23:09:45.969+0800][156.203s] GC(99)   Evacuate Collection Set: 1.1ms
[2022-03-30T23:09:45.969+0800][156.203s] GC(99)   Post Evacuate Collection Set: 0.3ms
[2022-03-30T23:09:45.969+0800][156.203s] GC(99)   Other: 0.3ms
[2022-03-30T23:09:45.969+0800][156.203s] GC(99) Eden regions: 1->0(212)
[2022-03-30T23:09:45.969+0800][156.203s] GC(99) Survivor regions: 6->6(30)
[2022-03-30T23:09:45.969+0800][156.203s] GC(99) Old regions: 196->196
[2022-03-30T23:09:45.969+0800][156.203s] GC(99) Archive regions: 0->0
[2022-03-30T23:09:45.969+0800][156.203s] GC(99) Humongous regions: 40->40
[2022-03-30T23:09:45.969+0800][156.203s] GC(99) Metaspace: 51437K(51776K)->51437K(51776K) NonClass: 45394K(45568K)->45394K(45568K) Class: 6042K(6208K)->6042K(6208K)
[2022-03-30T23:09:45.969+0800][156.203s] GC(99) Pause Young (Concurrent Start) (G1 Humongous Allocation) 240M->240M(512M) 2.170ms
[2022-03-30T23:09:45.969+0800][156.203s] GC(99) User=0.00s Sys=0.00s Real=0.00s
[2022-03-30T23:09:45.969+0800][156.203s] GC(100) Concurrent Mark Cycle
[2022-03-30T23:09:45.969+0800][156.203s] GC(100) Concurrent Clear Claimed Marks
[2022-03-30T23:09:45.969+0800][156.203s] GC(100) Concurrent Clear Claimed Marks 0.028ms
[2022-03-30T23:09:45.969+0800][156.203s] GC(100) Concurrent Scan Root Regions
[2022-03-30T23:09:45.970+0800][156.205s] GC(100) Concurrent Scan Root Regions 1.230ms
[2022-03-30T23:09:45.970+0800][156.205s] GC(100) Concurrent Mark
[2022-03-30T23:09:45.970+0800][156.205s] GC(100) Concurrent Mark From Roots
[2022-03-30T23:09:45.970+0800][156.205s] GC(100) Using 2 workers of 2 for marking
[2022-03-30T23:09:46.172+0800][156.407s] GC(100) Concurrent Mark From Roots 202.115ms
[2022-03-30T23:09:46.172+0800][156.407s] GC(100) Concurrent Preclean
[2022-03-30T23:09:46.172+0800][156.407s] GC(100) Concurrent Preclean 0.170ms
[2022-03-30T23:09:46.173+0800][156.407s] GC(100) Pause Remark
[2022-03-30T23:09:46.175+0800][156.410s] GC(100) Pause Remark 346M->333M(512M) 2.546ms
[2022-03-30T23:09:46.175+0800][156.410s] GC(100) User=0.00s Sys=0.00s Real=0.00s
[2022-03-30T23:09:46.175+0800][156.410s] GC(100) Concurrent Mark 205.191ms
[2022-03-30T23:09:46.176+0800][156.410s] GC(100) Concurrent Rebuild Remembered Sets
[2022-03-30T23:09:46.266+0800][156.501s] GC(100) Concurrent Rebuild Remembered Sets 91.464ms
[2022-03-30T23:09:46.267+0800][156.502s] GC(100) Pause Cleanup
[2022-03-30T23:09:46.267+0800][156.502s] GC(100) Pause Cleanup 383M->383M(512M) 0.160ms
[2022-03-30T23:09:46.267+0800][156.502s] GC(100) User=0.00s Sys=0.00s Real=0.00s
[2022-03-30T23:09:46.267+0800][156.502s] GC(100) Concurrent Cleanup for Next Mark
[2022-03-30T23:09:46.268+0800][156.502s] GC(100) Concurrent Cleanup for Next Mark 0.433ms
[2022-03-30T23:09:46.268+0800][156.502s] GC(100) Concurrent Mark Cycle 299.111ms
[2022-03-30T23:10:17.442+0800][187.676s] GC(101) Pause Young (Prepare Mixed) (G1 Evacuation Pause)
[2022-03-30T23:10:17.442+0800][187.676s] GC(101) Using 8 workers of 8 for evacuation
[2022-03-30T23:10:17.570+0800][187.805s] GC(101) To-space exhausted
[2022-03-30T23:10:17.570+0800][187.805s] GC(101)   Pre Evacuate Collection Set: 0.1ms
[2022-03-30T23:10:17.570+0800][187.805s] GC(101)   Merge Heap Roots: 0.4ms
[2022-03-30T23:10:17.570+0800][187.805s] GC(101)   Evacuate Collection Set: 85.2ms
[2022-03-30T23:10:17.570+0800][187.805s] GC(101)   Post Evacuate Collection Set: 42.9ms
[2022-03-30T23:10:17.570+0800][187.805s] GC(101)   Other: 0.2ms
[2022-03-30T23:10:17.570+0800][187.805s] GC(101) Eden regions: 212->0(1)
[2022-03-30T23:10:17.570+0800][187.805s] GC(101) Survivor regions: 6->28(28)
[2022-03-30T23:10:17.570+0800][187.805s] GC(101) Old regions: 191->408
[2022-03-30T23:10:17.570+0800][187.805s] GC(101) Archive regions: 0->0
[2022-03-30T23:10:17.570+0800][187.805s] GC(101) Humongous regions: 72->34
[2022-03-30T23:10:17.570+0800][187.805s] GC(101) Metaspace: 52197K(52544K)->52197K(52544K) NonClass: 46076K(46272K)->46076K(46272K) Class: 6121K(6272K)->6121K(6272K)
[2022-03-30T23:10:17.570+0800][187.805s] GC(101) Pause Young (Prepare Mixed) (G1 Evacuation Pause) 479M->470M(512M) 128.878ms
[2022-03-30T23:10:17.570+0800][187.805s] GC(101) User=1.02s Sys=0.00s Real=0.13s
[2022-03-30T23:10:17.573+0800][187.808s] GC(102) Pause Young (Mixed) (G1 Evacuation Pause)
[2022-03-30T23:10:17.573+0800][187.808s] GC(102) Using 8 workers of 8 for evacuation
[2022-03-30T23:10:17.590+0800][187.825s] GC(102)   Pre Evacuate Collection Set: 0.1ms
[2022-03-30T23:10:17.590+0800][187.825s] GC(102)   Merge Heap Roots: 0.3ms
[2022-03-30T23:10:17.590+0800][187.825s] GC(102)   Evacuate Collection Set: 16.1ms
[2022-03-30T23:10:17.590+0800][187.825s] GC(102)   Post Evacuate Collection Set: 0.3ms
[2022-03-30T23:10:17.590+0800][187.825s] GC(102)   Other: 0.2ms
[2022-03-30T23:10:17.590+0800][187.825s] GC(102) Eden regions: 1->0(21)
[2022-03-30T23:10:17.590+0800][187.825s] GC(102) Survivor regions: 28->4(4)
[2022-03-30T23:10:17.590+0800][187.825s] GC(102) Old regions: 408->416
[2022-03-30T23:10:17.590+0800][187.825s] GC(102) Archive regions: 0->0
[2022-03-30T23:10:17.590+0800][187.825s] GC(102) Humongous regions: 34->34
[2022-03-30T23:10:17.590+0800][187.825s] GC(102) Metaspace: 52197K(52544K)->52197K(52544K) NonClass: 46076K(46272K)->46076K(46272K) Class: 6121K(6272K)->6121K(6272K)
[2022-03-30T23:10:17.590+0800][187.825s] GC(102) Pause Young (Mixed) (G1 Evacuation Pause) 471M->453M(512M) 17.080ms
[2022-03-30T23:10:17.590+0800][187.825s] GC(102) User=0.12s Sys=0.00s Real=0.02s
[2022-03-30T23:10:17.615+0800][187.850s] GC(103) Pause Young (Concurrent Start) (G1 Evacuation Pause)
[2022-03-30T23:10:17.615+0800][187.850s] GC(103) Using 8 workers of 8 for evacuation
[2022-03-30T23:10:17.625+0800][187.859s] GC(103)   Pre Evacuate Collection Set: 0.1ms
[2022-03-30T23:10:17.625+0800][187.859s] GC(103)   Merge Heap Roots: 0.2ms
[2022-03-30T23:10:17.625+0800][187.859s] GC(103)   Evacuate Collection Set: 8.3ms
[2022-03-30T23:10:17.625+0800][187.859s] GC(103)   Post Evacuate Collection Set: 0.3ms
[2022-03-30T23:10:17.625+0800][187.860s] GC(103)   Other: 0.2ms
[2022-03-30T23:10:17.625+0800][187.860s] GC(103) Eden regions: 21->0(21)
[2022-03-30T23:10:17.625+0800][187.860s] GC(103) Survivor regions: 4->4(4)
[2022-03-30T23:10:17.625+0800][187.860s] GC(103) Old regions: 416->426
[2022-03-30T23:10:17.625+0800][187.860s] GC(103) Archive regions: 0->0
[2022-03-30T23:10:17.625+0800][187.860s] GC(103) Humongous regions: 34->34
[2022-03-30T23:10:17.625+0800][187.860s] GC(103) Metaspace: 52197K(52544K)->52197K(52544K) NonClass: 46076K(46272K)->46076K(46272K) Class: 6121K(6272K)->6121K(6272K)
[2022-03-30T23:10:17.625+0800][187.860s] GC(103) Pause Young (Concurrent Start) (G1 Evacuation Pause) 474M->464M(512M) 9.316ms
[2022-03-30T23:10:17.625+0800][187.860s] GC(103) User=0.12s Sys=0.00s Real=0.01s
[2022-03-30T23:10:17.625+0800][187.860s] GC(104) Concurrent Mark Cycle
[2022-03-30T23:10:17.625+0800][187.860s] GC(104) Concurrent Clear Claimed Marks
[2022-03-30T23:10:17.625+0800][187.860s] GC(104) Concurrent Clear Claimed Marks 0.033ms
[2022-03-30T23:10:17.625+0800][187.860s] GC(104) Concurrent Scan Root Regions
[2022-03-30T23:10:17.630+0800][187.865s] GC(104) Concurrent Scan Root Regions 4.958ms
[2022-03-30T23:10:17.630+0800][187.865s] GC(104) Concurrent Mark
[2022-03-30T23:10:17.630+0800][187.865s] GC(104) Concurrent Mark From Roots
[2022-03-30T23:10:17.630+0800][187.865s] GC(104) Using 2 workers of 2 for marking
[2022-03-30T23:10:17.670+0800][187.905s] GC(105) Pause Young (Normal) (G1 Evacuation Pause)
[2022-03-30T23:10:17.670+0800][187.905s] GC(105) Using 8 workers of 8 for evacuation
[2022-03-30T23:10:17.683+0800][187.917s] GC(105)   Pre Evacuate Collection Set: 0.0ms
[2022-03-30T23:10:17.683+0800][187.917s] GC(105)   Merge Heap Roots: 0.2ms
[2022-03-30T23:10:17.683+0800][187.917s] GC(105)   Evacuate Collection Set: 12.0ms
[2022-03-30T23:10:17.683+0800][187.917s] GC(105)   Post Evacuate Collection Set: 0.3ms
[2022-03-30T23:10:17.683+0800][187.917s] GC(105)   Other: 0.1ms
[2022-03-30T23:10:17.683+0800][187.917s] GC(105) Eden regions: 21->0(21)
[2022-03-30T23:10:17.683+0800][187.917s] GC(105) Survivor regions: 4->4(4)
[2022-03-30T23:10:17.683+0800][187.918s] GC(105) Old regions: 426->440
[2022-03-30T23:10:17.683+0800][187.918s] GC(105) Archive regions: 0->0
[2022-03-30T23:10:17.683+0800][187.918s] GC(105) Humongous regions: 37->37
[2022-03-30T23:10:17.683+0800][187.918s] GC(105) Metaspace: 52197K(52544K)->52197K(52544K) NonClass: 46076K(46272K)->46076K(46272K) Class: 6121K(6272K)->6121K(6272K)
[2022-03-30T23:10:17.683+0800][187.918s] GC(105) Pause Young (Normal) (G1 Evacuation Pause) 488M->480M(512M) 12.915ms
[2022-03-30T23:10:17.683+0800][187.918s] GC(105) User=0.09s Sys=0.00s Real=0.01s
[2022-03-30T23:10:17.711+0800][187.946s] GC(106) Pause Young (Normal) (G1 Preventive Collection)
[2022-03-30T23:10:17.711+0800][187.946s] GC(106) Using 8 workers of 8 for evacuation
[2022-03-30T23:10:17.723+0800][187.958s] GC(106) To-space exhausted
[2022-03-30T23:10:17.723+0800][187.958s] GC(106)   Pre Evacuate Collection Set: 0.1ms
[2022-03-30T23:10:17.723+0800][187.958s] GC(106)   Merge Heap Roots: 0.2ms
[2022-03-30T23:10:17.723+0800][187.958s] GC(106)   Evacuate Collection Set: 10.0ms
[2022-03-30T23:10:17.724+0800][187.958s] GC(106)   Post Evacuate Collection Set: 1.5ms
[2022-03-30T23:10:17.724+0800][187.958s] GC(106)   Other: 0.2ms
[2022-03-30T23:10:17.724+0800][187.958s] GC(106) Eden regions: 17->0(21)
[2022-03-30T23:10:17.724+0800][187.958s] GC(106) Survivor regions: 4->4(4)
[2022-03-30T23:10:17.724+0800][187.958s] GC(106) Old regions: 440->463
[2022-03-30T23:10:17.724+0800][187.958s] GC(106) Archive regions: 0->0
[2022-03-30T23:10:17.724+0800][187.958s] GC(106) Humongous regions: 37->37
[2022-03-30T23:10:17.724+0800][187.958s] GC(106) Metaspace: 52197K(52544K)->52197K(52544K) NonClass: 46076K(46272K)->46076K(46272K) Class: 6121K(6272K)->6121K(6272K)
[2022-03-30T23:10:17.724+0800][187.958s] GC(106) Pause Young (Normal) (G1 Preventive Collection) 497M->504M(512M) 12.158ms
[2022-03-30T23:10:17.724+0800][187.958s] GC(106) User=0.00s Sys=0.00s Real=0.01s
[2022-03-30T23:10:17.726+0800][187.961s] GC(107) Pause Young (Normal) (G1 Preventive Collection)
[2022-03-30T23:10:17.727+0800][187.961s] GC(107) Using 8 workers of 8 for evacuation
[2022-03-30T23:10:17.734+0800][187.969s] GC(107) To-space exhausted
[2022-03-30T23:10:17.734+0800][187.969s] GC(107)   Pre Evacuate Collection Set: 0.0ms
[2022-03-30T23:10:17.734+0800][187.969s] GC(107)   Merge Heap Roots: 0.1ms
[2022-03-30T23:10:17.734+0800][187.969s] GC(107)   Evacuate Collection Set: 6.2ms
[2022-03-30T23:10:17.734+0800][187.969s] GC(107)   Post Evacuate Collection Set: 1.0ms
[2022-03-30T23:10:17.734+0800][187.969s] GC(107)   Other: 0.2ms
[2022-03-30T23:10:17.734+0800][187.969s] GC(107) Eden regions: 2->0(23)
[2022-03-30T23:10:17.734+0800][187.969s] GC(107) Survivor regions: 4->2(4)
[2022-03-30T23:10:17.734+0800][187.969s] GC(107) Old regions: 463->471
[2022-03-30T23:10:17.734+0800][187.969s] GC(107) Archive regions: 0->0
[2022-03-30T23:10:17.734+0800][187.969s] GC(107) Humongous regions: 37->37
[2022-03-30T23:10:17.734+0800][187.969s] GC(107) Metaspace: 52197K(52544K)->52197K(52544K) NonClass: 46076K(46272K)->46076K(46272K) Class: 6121K(6272K)->6121K(6272K)
[2022-03-30T23:10:17.734+0800][187.969s] GC(107) Pause Young (Normal) (G1 Preventive Collection) 506M->509M(512M) 7.730ms
[2022-03-30T23:10:17.734+0800][187.969s] GC(107) User=0.00s Sys=0.00s Real=0.01s
[2022-03-30T23:10:17.736+0800][187.971s] GC(108) Pause Young (Normal) (G1 Preventive Collection)
[2022-03-30T23:10:17.736+0800][187.971s] GC(108) Using 8 workers of 8 for evacuation
[2022-03-30T23:10:17.741+0800][187.976s] GC(108) To-space exhausted
[2022-03-30T23:10:17.741+0800][187.976s] GC(108)   Pre Evacuate Collection Set: 0.0ms
[2022-03-30T23:10:17.741+0800][187.976s] GC(108)   Merge Heap Roots: 0.1ms
[2022-03-30T23:10:17.741+0800][187.976s] GC(108)   Evacuate Collection Set: 3.1ms
[2022-03-30T23:10:17.741+0800][187.976s] GC(108)   Post Evacuate Collection Set: 1.6ms
[2022-03-30T23:10:17.741+0800][187.976s] GC(108)   Other: 0.2ms
[2022-03-30T23:10:17.741+0800][187.976s] GC(108) Eden regions: 1->0(24)
[2022-03-30T23:10:17.741+0800][187.976s] GC(108) Survivor regions: 2->1(1)
[2022-03-30T23:10:17.742+0800][187.976s] GC(108) Old regions: 471->474
[2022-03-30T23:10:17.742+0800][187.976s] GC(108) Archive regions: 0->0
[2022-03-30T23:10:17.742+0800][187.976s] GC(108) Humongous regions: 37->37
[2022-03-30T23:10:17.742+0800][187.976s] GC(108) Metaspace: 52197K(52544K)->52197K(52544K) NonClass: 46076K(46272K)->46076K(46272K) Class: 6121K(6272K)->6121K(6272K)
[2022-03-30T23:10:17.742+0800][187.976s] GC(108) Pause Young (Normal) (G1 Preventive Collection) 510M->511M(512M) 5.252ms
[2022-03-30T23:10:17.742+0800][187.976s] GC(108) User=0.00s Sys=0.02s Real=0.01s
[2022-03-30T23:10:17.742+0800][187.976s] Attempting full compaction
[2022-03-30T23:10:17.742+0800][187.976s] GC(109) Using 8 workers of 8 for full compaction
[2022-03-30T23:10:17.742+0800][187.977s] GC(109) Pause Full (G1 Compaction Pause)
[2022-03-30T23:10:17.743+0800][187.977s] GC(109) Phase 1: Mark live objects
[2022-03-30T23:10:17.905+0800][188.139s] GC(109) Phase 1: Mark live objects 162.077ms
[2022-03-30T23:10:17.905+0800][188.139s] GC(109) Phase 2: Prepare for compaction
[2022-03-30T23:10:17.922+0800][188.156s] GC(109) Phase 2: Prepare for compaction 17.137ms
[2022-03-30T23:10:17.922+0800][188.157s] GC(109) Phase 3: Adjust pointers
[2022-03-30T23:10:17.964+0800][188.198s] GC(109) Phase 3: Adjust pointers 41.568ms
[2022-03-30T23:10:17.964+0800][188.198s] GC(109) Phase 4: Compact heap
[2022-03-30T23:10:17.981+0800][188.215s] GC(109) Phase 4: Compact heap 16.777ms
[2022-03-30T23:10:17.986+0800][188.221s] GC(109) Eden regions: 0->0(68)
[2022-03-30T23:10:17.986+0800][188.221s] GC(109) Survivor regions: 1->0(1)
[2022-03-30T23:10:17.986+0800][188.221s] GC(109) Old regions: 474->297
[2022-03-30T23:10:17.986+0800][188.221s] GC(109) Archive regions: 0->0
[2022-03-30T23:10:17.986+0800][188.221s] GC(109) Humongous regions: 37->31
[2022-03-30T23:10:17.986+0800][188.221s] GC(109) Metaspace: 52197K(52544K)->52117K(52544K) NonClass: 46076K(46272K)->46013K(46272K) Class: 6121K(6272K)->6104K(6272K)
[2022-03-30T23:10:17.986+0800][188.221s] GC(109) Pause Full (G1 Compaction Pause) 511M->325M(512M) 244.105ms
[2022-03-30T23:10:17.986+0800][188.221s] GC(109) User=1.61s Sys=0.00s Real=0.24s
[2022-03-30T23:10:17.986+0800][188.221s] GC(104) Concurrent Mark From Roots 356.363ms
[2022-03-30T23:10:17.986+0800][188.221s] GC(104) Concurrent Mark Abort
[2022-03-30T23:10:17.986+0800][188.221s] GC(104) Concurrent Mark Cycle 361.522ms
[2022-03-30T23:10:27.244+0800][197.479s] GC(110) Pause Young (Concurrent Start) (G1 Humongous Allocation)
[2022-03-30T23:10:27.244+0800][197.480s] GC(110) Using 8 workers of 8 for evacuation
[2022-03-30T23:10:27.254+0800][197.489s] GC(110)   Pre Evacuate Collection Set: 0.1ms
[2022-03-30T23:10:27.254+0800][197.489s] GC(110)   Merge Heap Roots: 0.2ms
[2022-03-30T23:10:27.254+0800][197.489s] GC(110)   Evacuate Collection Set: 8.6ms
[2022-03-30T23:10:27.254+0800][197.489s] GC(110)   Post Evacuate Collection Set: 0.4ms
[2022-03-30T23:10:27.254+0800][197.489s] GC(110)   Other: 0.2ms
[2022-03-30T23:10:27.254+0800][197.489s] GC(110) Eden regions: 47->0(62)
[2022-03-30T23:10:27.254+0800][197.489s] GC(110) Survivor regions: 0->9(9)
[2022-03-30T23:10:27.254+0800][197.489s] GC(110) Old regions: 297->298
[2022-03-30T23:10:27.254+0800][197.489s] GC(110) Archive regions: 0->0
[2022-03-30T23:10:27.254+0800][197.489s] GC(110) Humongous regions: 31->31
[2022-03-30T23:10:27.255+0800][197.489s] GC(110) Metaspace: 52551K(52800K)->52551K(52800K) NonClass: 46404K(46528K)->46404K(46528K) Class: 6146K(6272K)->6146K(6272K)
[2022-03-30T23:10:27.255+0800][197.489s] GC(110) Pause Young (Concurrent Start) (G1 Humongous Allocation) 372M->334M(512M) 9.773ms
[2022-03-30T23:10:27.255+0800][197.489s] GC(110) User=0.00s Sys=0.00s Real=0.01s
[2022-03-30T23:10:27.255+0800][197.489s] GC(111) Concurrent Mark Cycle
[2022-03-30T23:10:27.255+0800][197.489s] GC(111) Concurrent Clear Claimed Marks
[2022-03-30T23:10:27.255+0800][197.489s] GC(111) Concurrent Clear Claimed Marks 0.128ms
[2022-03-30T23:10:27.255+0800][197.489s] GC(111) Concurrent Scan Root Regions
[2022-03-30T23:10:27.259+0800][197.494s] GC(111) Concurrent Scan Root Regions 4.823ms
[2022-03-30T23:10:27.259+0800][197.494s] GC(111) Concurrent Mark
[2022-03-30T23:10:27.259+0800][197.494s] GC(111) Concurrent Mark From Roots
[2022-03-30T23:10:27.259+0800][197.494s] GC(111) Using 2 workers of 2 for marking
[2022-03-30T23:10:27.373+0800][197.607s] GC(112) Pause Young (Normal) (G1 Evacuation Pause)
[2022-03-30T23:10:27.373+0800][197.608s] GC(112) Using 8 workers of 8 for evacuation
[2022-03-30T23:10:27.401+0800][197.636s] GC(112)   Pre Evacuate Collection Set: 0.1ms
[2022-03-30T23:10:27.401+0800][197.636s] GC(112)   Merge Heap Roots: 0.1ms
[2022-03-30T23:10:27.401+0800][197.636s] GC(112)   Evacuate Collection Set: 27.4ms
[2022-03-30T23:10:27.401+0800][197.636s] GC(112)   Post Evacuate Collection Set: 0.3ms
[2022-03-30T23:10:27.401+0800][197.636s] GC(112)   Other: 0.2ms
[2022-03-30T23:10:27.401+0800][197.636s] GC(112) Eden regions: 62->0(36)
[2022-03-30T23:10:27.401+0800][197.636s] GC(112) Survivor regions: 9->9(9)
[2022-03-30T23:10:27.401+0800][197.636s] GC(112) Old regions: 298->333
[2022-03-30T23:10:27.401+0800][197.636s] GC(112) Archive regions: 0->0
[2022-03-30T23:10:27.401+0800][197.636s] GC(112) Humongous regions: 57->42
[2022-03-30T23:10:27.401+0800][197.636s] GC(112) Metaspace: 52551K(52800K)->52551K(52800K) NonClass: 46404K(46528K)->46404K(46528K) Class: 6146K(6272K)->6146K(6272K)
[2022-03-30T23:10:27.401+0800][197.636s] GC(112) Pause Young (Normal) (G1 Evacuation Pause) 422M->381M(512M) 28.368ms
[2022-03-30T23:10:27.401+0800][197.636s] GC(112) User=0.25s Sys=0.00s Real=0.03s
[2022-03-30T23:10:27.464+0800][197.700s] GC(113) Pause Young (Normal) (G1 Evacuation Pause)
[2022-03-30T23:10:27.465+0800][197.700s] GC(113) Using 8 workers of 8 for evacuation
[2022-03-30T23:10:27.486+0800][197.720s] GC(113)   Pre Evacuate Collection Set: 0.1ms
[2022-03-30T23:10:27.486+0800][197.720s] GC(113)   Merge Heap Roots: 0.3ms
[2022-03-30T23:10:27.486+0800][197.721s] GC(113)   Evacuate Collection Set: 19.9ms
[2022-03-30T23:10:27.486+0800][197.721s] GC(113)   Post Evacuate Collection Set: 0.3ms
[2022-03-30T23:10:27.486+0800][197.721s] GC(113)   Other: 0.2ms
[2022-03-30T23:10:27.486+0800][197.721s] GC(113) Eden regions: 36->0(22)
[2022-03-30T23:10:27.486+0800][197.721s] GC(113) Survivor regions: 9->6(6)
[2022-03-30T23:10:27.486+0800][197.721s] GC(113) Old regions: 333->358
[2022-03-30T23:10:27.486+0800][197.721s] GC(113) Archive regions: 0->0
[2022-03-30T23:10:27.486+0800][197.721s] GC(113) Humongous regions: 45->45
[2022-03-30T23:10:27.486+0800][197.721s] GC(113) Metaspace: 52551K(52800K)->52551K(52800K) NonClass: 46404K(46528K)->46404K(46528K) Class: 6146K(6272K)->6146K(6272K)
[2022-03-30T23:10:27.486+0800][197.721s] GC(113) Pause Young (Normal) (G1 Evacuation Pause) 420M->405M(512M) 20.929ms
[2022-03-30T23:10:27.486+0800][197.721s] GC(113) User=0.11s Sys=0.00s Real=0.02s
[2022-03-30T23:10:27.523+0800][197.758s] GC(114) Pause Young (Normal) (G1 Evacuation Pause)
[2022-03-30T23:10:27.523+0800][197.758s] GC(114) Using 8 workers of 8 for evacuation
[2022-03-30T23:10:27.537+0800][197.772s] GC(114)   Pre Evacuate Collection Set: 0.0ms
[2022-03-30T23:10:27.537+0800][197.772s] GC(114)   Merge Heap Roots: 0.1ms
[2022-03-30T23:10:27.537+0800][197.772s] GC(114)   Evacuate Collection Set: 13.3ms
[2022-03-30T23:10:27.537+0800][197.772s] GC(114)   Post Evacuate Collection Set: 0.3ms
[2022-03-30T23:10:27.537+0800][197.772s] GC(114)   Other: 0.2ms
[2022-03-30T23:10:27.537+0800][197.772s] GC(114) Eden regions: 22->0(21)
[2022-03-30T23:10:27.537+0800][197.772s] GC(114) Survivor regions: 6->4(4)
[2022-03-30T23:10:27.537+0800][197.772s] GC(114) Old regions: 358->375
[2022-03-30T23:10:27.537+0800][197.772s] GC(114) Archive regions: 0->0
[2022-03-30T23:10:27.537+0800][197.772s] GC(114) Humongous regions: 45->45
[2022-03-30T23:10:27.537+0800][197.772s] GC(114) Metaspace: 52551K(52800K)->52551K(52800K) NonClass: 46404K(46528K)->46404K(46528K) Class: 6146K(6272K)->6146K(6272K)
[2022-03-30T23:10:27.538+0800][197.772s] GC(114) Pause Young (Normal) (G1 Evacuation Pause) 427M->420M(512M) 14.227ms
[2022-03-30T23:10:27.538+0800][197.772s] GC(114) User=0.00s Sys=0.02s Real=0.02s
[2022-03-30T23:10:27.574+0800][197.809s] GC(115) Pause Young (Normal) (G1 Evacuation Pause)
[2022-03-30T23:10:27.574+0800][197.809s] GC(115) Using 8 workers of 8 for evacuation
[2022-03-30T23:10:27.587+0800][197.822s] GC(115)   Pre Evacuate Collection Set: 0.0ms
[2022-03-30T23:10:27.587+0800][197.822s] GC(115)   Merge Heap Roots: 0.2ms
[2022-03-30T23:10:27.587+0800][197.822s] GC(115)   Evacuate Collection Set: 12.2ms
[2022-03-30T23:10:27.587+0800][197.822s] GC(115)   Post Evacuate Collection Set: 0.4ms
[2022-03-30T23:10:27.587+0800][197.822s] GC(115)   Other: 0.1ms
[2022-03-30T23:10:27.587+0800][197.822s] GC(115) Eden regions: 21->0(21)
[2022-03-30T23:10:27.587+0800][197.822s] GC(115) Survivor regions: 4->4(4)
[2022-03-30T23:10:27.587+0800][197.822s] GC(115) Old regions: 375->388
[2022-03-30T23:10:27.587+0800][197.822s] GC(115) Archive regions: 0->0
[2022-03-30T23:10:27.587+0800][197.822s] GC(115) Humongous regions: 45->45
[2022-03-30T23:10:27.587+0800][197.822s] GC(115) Metaspace: 52551K(52800K)->52551K(52800K) NonClass: 46404K(46528K)->46404K(46528K) Class: 6146K(6272K)->6146K(6272K)
[2022-03-30T23:10:27.587+0800][197.822s] GC(115) Pause Young (Normal) (G1 Evacuation Pause) 441M->434M(512M) 13.117ms
[2022-03-30T23:10:27.587+0800][197.822s] GC(115) User=0.11s Sys=0.00s Real=0.01s
[2022-03-30T23:10:27.689+0800][197.923s] GC(116) Pause Young (Normal) (G1 Evacuation Pause)
[2022-03-30T23:10:27.689+0800][197.923s] GC(116) Using 8 workers of 8 for evacuation
[2022-03-30T23:10:27.696+0800][197.930s] GC(116)   Pre Evacuate Collection Set: 0.1ms
[2022-03-30T23:10:27.696+0800][197.930s] GC(116)   Merge Heap Roots: 0.1ms
[2022-03-30T23:10:27.696+0800][197.930s] GC(116)   Evacuate Collection Set: 6.2ms
[2022-03-30T23:10:27.696+0800][197.930s] GC(116)   Post Evacuate Collection Set: 0.3ms
[2022-03-30T23:10:27.696+0800][197.930s] GC(116)   Other: 0.2ms
[2022-03-30T23:10:27.696+0800][197.930s] GC(116) Eden regions: 21->0(24)
[2022-03-30T23:10:27.696+0800][197.930s] GC(116) Survivor regions: 4->1(4)
[2022-03-30T23:10:27.696+0800][197.930s] GC(116) Old regions: 388->393
[2022-03-30T23:10:27.696+0800][197.930s] GC(116) Archive regions: 0->0
[2022-03-30T23:10:27.696+0800][197.930s] GC(116) Humongous regions: 45->45
[2022-03-30T23:10:27.696+0800][197.930s] GC(116) Metaspace: 52551K(52800K)->52551K(52800K) NonClass: 46404K(46528K)->46404K(46528K) Class: 6146K(6272K)->6146K(6272K)
[2022-03-30T23:10:27.696+0800][197.930s] GC(116) Pause Young (Normal) (G1 Evacuation Pause) 455M->436M(512M) 7.037ms
[2022-03-30T23:10:27.696+0800][197.930s] GC(116) User=0.11s Sys=0.00s Real=0.01s
[2022-03-30T23:10:27.793+0800][198.027s] GC(111) Concurrent Mark From Roots 532.919ms
[2022-03-30T23:10:27.793+0800][198.027s] GC(111) Concurrent Preclean
[2022-03-30T23:10:27.793+0800][198.028s] GC(111) Concurrent Preclean 0.229ms
[2022-03-30T23:10:27.793+0800][198.028s] GC(111) Pause Remark
[2022-03-30T23:10:27.796+0800][198.031s] GC(111) Pause Remark 456M->448M(512M) 3.366ms
[2022-03-30T23:10:27.796+0800][198.031s] GC(111) User=0.00s Sys=0.00s Real=0.00s
[2022-03-30T23:10:27.797+0800][198.031s] GC(111) Concurrent Mark 536.931ms
[2022-03-30T23:10:27.797+0800][198.031s] GC(111) Concurrent Rebuild Remembered Sets
[2022-03-30T23:10:27.812+0800][198.046s] GC(117) Pause Young (Normal) (G1 Evacuation Pause)
[2022-03-30T23:10:27.812+0800][198.046s] GC(117) Using 8 workers of 8 for evacuation
[2022-03-30T23:10:27.813+0800][198.047s] GC(117)   Pre Evacuate Collection Set: 0.1ms
[2022-03-30T23:10:27.813+0800][198.047s] GC(117)   Merge Heap Roots: 0.0ms
[2022-03-30T23:10:27.813+0800][198.047s] GC(117)   Evacuate Collection Set: 0.5ms
[2022-03-30T23:10:27.813+0800][198.047s] GC(117)   Post Evacuate Collection Set: 0.4ms
[2022-03-30T23:10:27.813+0800][198.047s] GC(117)   Other: 0.2ms
[2022-03-30T23:10:27.813+0800][198.047s] GC(117) Eden regions: 24->0(24)
[2022-03-30T23:10:27.813+0800][198.047s] GC(117) Survivor regions: 1->1(4)
[2022-03-30T23:10:27.813+0800][198.047s] GC(117) Old regions: 393->393
[2022-03-30T23:10:27.813+0800][198.047s] GC(117) Archive regions: 0->0
[2022-03-30T23:10:27.813+0800][198.047s] GC(117) Humongous regions: 37->37
[2022-03-30T23:10:27.813+0800][198.047s] GC(117) Metaspace: 52551K(52800K)->52551K(52800K) NonClass: 46404K(46528K)->46404K(46528K) Class: 6146K(6272K)->6146K(6272K)
[2022-03-30T23:10:27.813+0800][198.047s] GC(117) Pause Young (Normal) (G1 Evacuation Pause) 452M->427M(512M) 1.551ms
[2022-03-30T23:10:27.813+0800][198.047s] GC(117) User=0.00s Sys=0.00s Real=0.00s
[2022-03-30T23:10:27.902+0800][198.138s] GC(118) Pause Young (Normal) (G1 Evacuation Pause)
[2022-03-30T23:10:27.902+0800][198.138s] GC(118) Using 8 workers of 8 for evacuation
[2022-03-30T23:10:27.903+0800][198.138s] GC(118)   Pre Evacuate Collection Set: 0.1ms
[2022-03-30T23:10:27.903+0800][198.138s] GC(118)   Merge Heap Roots: 0.0ms
[2022-03-30T23:10:27.903+0800][198.138s] GC(118)   Evacuate Collection Set: 0.4ms
[2022-03-30T23:10:27.903+0800][198.139s] GC(118)   Post Evacuate Collection Set: 0.3ms
[2022-03-30T23:10:27.903+0800][198.139s] GC(118)   Other: 0.2ms
[2022-03-30T23:10:27.903+0800][198.139s] GC(118) Eden regions: 24->0(24)
[2022-03-30T23:10:27.903+0800][198.139s] GC(118) Survivor regions: 1->1(4)
[2022-03-30T23:10:27.903+0800][198.139s] GC(118) Old regions: 393->393
[2022-03-30T23:10:27.903+0800][198.139s] GC(118) Archive regions: 0->0
[2022-03-30T23:10:27.903+0800][198.139s] GC(118) Humongous regions: 37->37
[2022-03-30T23:10:27.903+0800][198.139s] GC(118) Metaspace: 52551K(52800K)->52551K(52800K) NonClass: 46404K(46528K)->46404K(46528K) Class: 6146K(6272K)->6146K(6272K)
[2022-03-30T23:10:27.904+0800][198.139s] GC(118) Pause Young (Normal) (G1 Evacuation Pause) 451M->427M(512M) 1.126ms
[2022-03-30T23:10:27.904+0800][198.139s] GC(118) User=0.00s Sys=0.00s Real=0.00s
[2022-03-30T23:10:28.002+0800][198.237s] GC(119) Pause Young (Normal) (G1 Evacuation Pause)
[2022-03-30T23:10:28.002+0800][198.237s] GC(119) Using 8 workers of 8 for evacuation
[2022-03-30T23:10:28.003+0800][198.238s] GC(119)   Pre Evacuate Collection Set: 0.1ms
[2022-03-30T23:10:28.003+0800][198.238s] GC(119)   Merge Heap Roots: 0.0ms
[2022-03-30T23:10:28.003+0800][198.238s] GC(119)   Evacuate Collection Set: 0.3ms
[2022-03-30T23:10:28.003+0800][198.238s] GC(119)   Post Evacuate Collection Set: 0.3ms
[2022-03-30T23:10:28.003+0800][198.238s] GC(119)   Other: 0.2ms
[2022-03-30T23:10:28.003+0800][198.238s] GC(119) Eden regions: 24->0(24)
[2022-03-30T23:10:28.003+0800][198.238s] GC(119) Survivor regions: 1->1(4)
[2022-03-30T23:10:28.003+0800][198.238s] GC(119) Old regions: 393->393
[2022-03-30T23:10:28.003+0800][198.238s] GC(119) Archive regions: 0->0
[2022-03-30T23:10:28.003+0800][198.238s] GC(119) Humongous regions: 37->37
[2022-03-30T23:10:28.003+0800][198.238s] GC(119) Metaspace: 52551K(52800K)->52551K(52800K) NonClass: 46404K(46528K)->46404K(46528K) Class: 6146K(6272K)->6146K(6272K)
[2022-03-30T23:10:28.003+0800][198.238s] GC(119) Pause Young (Normal) (G1 Evacuation Pause) 451M->427M(512M) 1.110ms
[2022-03-30T23:10:28.003+0800][198.238s] GC(119) User=0.00s Sys=0.00s Real=0.00s
[2022-03-30T23:10:28.071+0800][198.306s] GC(111) Concurrent Rebuild Remembered Sets 274.658ms
[2022-03-30T23:10:28.072+0800][198.306s] GC(111) Pause Cleanup
[2022-03-30T23:10:28.072+0800][198.306s] GC(111) Pause Cleanup 442M->442M(512M) 0.223ms
[2022-03-30T23:10:28.072+0800][198.306s] GC(111) User=0.00s Sys=0.00s Real=0.00s
[2022-03-30T23:10:28.072+0800][198.307s] GC(111) Concurrent Cleanup for Next Mark
[2022-03-30T23:10:28.072+0800][198.307s] GC(111) Concurrent Cleanup for Next Mark 0.373ms
[2022-03-30T23:10:28.072+0800][198.307s] GC(111) Concurrent Mark Cycle 817.681ms
[2022-03-30T23:10:28.115+0800][198.350s] GC(120) Pause Young (Normal) (G1 Evacuation Pause)
[2022-03-30T23:10:28.115+0800][198.350s] GC(120) Using 8 workers of 8 for evacuation
[2022-03-30T23:10:28.116+0800][198.351s] GC(120)   Pre Evacuate Collection Set: 0.1ms
[2022-03-30T23:10:28.116+0800][198.351s] GC(120)   Merge Heap Roots: 0.0ms
[2022-03-30T23:10:28.116+0800][198.351s] GC(120)   Evacuate Collection Set: 0.3ms
[2022-03-30T23:10:28.116+0800][198.351s] GC(120)   Post Evacuate Collection Set: 0.3ms
[2022-03-30T23:10:28.116+0800][198.351s] GC(120)   Other: 0.3ms
[2022-03-30T23:10:28.116+0800][198.351s] GC(120) Eden regions: 24->0(24)
[2022-03-30T23:10:28.116+0800][198.351s] GC(120) Survivor regions: 1->1(4)
[2022-03-30T23:10:28.116+0800][198.351s] GC(120) Old regions: 393->393
[2022-03-30T23:10:28.116+0800][198.351s] GC(120) Archive regions: 0->0
[2022-03-30T23:10:28.116+0800][198.351s] GC(120) Humongous regions: 37->37
[2022-03-30T23:10:28.116+0800][198.351s] GC(120) Metaspace: 52551K(52800K)->52551K(52800K) NonClass: 46404K(46528K)->46404K(46528K) Class: 6146K(6272K)->6146K(6272K)
[2022-03-30T23:10:28.116+0800][198.351s] GC(120) Pause Young (Normal) (G1 Evacuation Pause) 451M->427M(512M) 1.207ms
[2022-03-30T23:10:28.116+0800][198.351s] GC(120) User=0.12s Sys=0.00s Real=0.00s
[2022-03-30T23:10:28.206+0800][198.441s] GC(121) Pause Young (Concurrent Start) (G1 Evacuation Pause)
[2022-03-30T23:10:28.206+0800][198.441s] GC(121) Using 8 workers of 8 for evacuation
[2022-03-30T23:10:28.208+0800][198.442s] GC(121)   Pre Evacuate Collection Set: 0.1ms
[2022-03-30T23:10:28.208+0800][198.443s] GC(121)   Merge Heap Roots: 0.0ms
[2022-03-30T23:10:28.208+0800][198.443s] GC(121)   Evacuate Collection Set: 0.7ms
[2022-03-30T23:10:28.208+0800][198.443s] GC(121)   Post Evacuate Collection Set: 0.4ms
[2022-03-30T23:10:28.208+0800][198.443s] GC(121)   Other: 0.3ms
[2022-03-30T23:10:28.208+0800][198.443s] GC(121) Eden regions: 24->0(24)
[2022-03-30T23:10:28.208+0800][198.443s] GC(121) Survivor regions: 1->1(4)
[2022-03-30T23:10:28.208+0800][198.443s] GC(121) Old regions: 393->393
[2022-03-30T23:10:28.208+0800][198.443s] GC(121) Archive regions: 0->0
[2022-03-30T23:10:28.208+0800][198.443s] GC(121) Humongous regions: 37->37
[2022-03-30T23:10:28.208+0800][198.443s] GC(121) Metaspace: 52551K(52800K)->52551K(52800K) NonClass: 46404K(46528K)->46404K(46528K) Class: 6146K(6272K)->6146K(6272K)
[2022-03-30T23:10:28.208+0800][198.443s] GC(121) Pause Young (Concurrent Start) (G1 Evacuation Pause) 451M->427M(512M) 1.750ms
[2022-03-30T23:10:28.208+0800][198.443s] GC(121) User=0.00s Sys=0.00s Real=0.00s
[2022-03-30T23:10:28.208+0800][198.443s] GC(122) Concurrent Mark Cycle
[2022-03-30T23:10:28.208+0800][198.443s] GC(122) Concurrent Clear Claimed Marks
[2022-03-30T23:10:28.209+0800][198.443s] GC(122) Concurrent Clear Claimed Marks 0.047ms
[2022-03-30T23:10:28.209+0800][198.443s] GC(122) Concurrent Scan Root Regions
[2022-03-30T23:10:28.209+0800][198.444s] GC(122) Concurrent Scan Root Regions 0.715ms
[2022-03-30T23:10:28.209+0800][198.444s] GC(122) Concurrent Mark
[2022-03-30T23:10:28.209+0800][198.444s] GC(122) Concurrent Mark From Roots
[2022-03-30T23:10:28.209+0800][198.444s] GC(122) Using 2 workers of 2 for marking
[2022-03-30T23:10:28.323+0800][198.557s] GC(123) Pause Young (Normal) (G1 Evacuation Pause)
[2022-03-30T23:10:28.323+0800][198.557s] GC(123) Using 8 workers of 8 for evacuation
[2022-03-30T23:10:28.324+0800][198.558s] GC(123)   Pre Evacuate Collection Set: 0.1ms
[2022-03-30T23:10:28.324+0800][198.558s] GC(123)   Merge Heap Roots: 0.0ms
[2022-03-30T23:10:28.324+0800][198.558s] GC(123)   Evacuate Collection Set: 0.5ms
[2022-03-30T23:10:28.324+0800][198.558s] GC(123)   Post Evacuate Collection Set: 0.3ms
[2022-03-30T23:10:28.324+0800][198.558s] GC(123)   Other: 0.2ms
[2022-03-30T23:10:28.324+0800][198.558s] GC(123) Eden regions: 24->0(24)
[2022-03-30T23:10:28.324+0800][198.558s] GC(123) Survivor regions: 1->1(4)
[2022-03-30T23:10:28.324+0800][198.558s] GC(123) Old regions: 393->393
[2022-03-30T23:10:28.324+0800][198.558s] GC(123) Archive regions: 0->0
[2022-03-30T23:10:28.324+0800][198.558s] GC(123) Humongous regions: 37->37
[2022-03-30T23:10:28.324+0800][198.558s] GC(123) Metaspace: 52551K(52800K)->52551K(52800K) NonClass: 46404K(46528K)->46404K(46528K) Class: 6146K(6272K)->6146K(6272K)
[2022-03-30T23:10:28.324+0800][198.559s] GC(123) Pause Young (Normal) (G1 Evacuation Pause) 451M->427M(512M) 1.419ms
[2022-03-30T23:10:28.324+0800][198.559s] GC(123) User=0.00s Sys=0.00s Real=0.00s
[2022-03-30T23:10:28.437+0800][198.672s] GC(124) Pause Young (Normal) (G1 Evacuation Pause)
[2022-03-30T23:10:28.437+0800][198.672s] GC(124) Using 8 workers of 8 for evacuation
[2022-03-30T23:10:28.438+0800][198.673s] GC(124)   Pre Evacuate Collection Set: 0.1ms
[2022-03-30T23:10:28.438+0800][198.673s] GC(124)   Merge Heap Roots: 0.0ms
[2022-03-30T23:10:28.438+0800][198.673s] GC(124)   Evacuate Collection Set: 0.4ms
[2022-03-30T23:10:28.438+0800][198.673s] GC(124)   Post Evacuate Collection Set: 0.3ms
[2022-03-30T23:10:28.438+0800][198.673s] GC(124)   Other: 0.2ms
[2022-03-30T23:10:28.438+0800][198.673s] GC(124) Eden regions: 24->0(24)
[2022-03-30T23:10:28.438+0800][198.673s] GC(124) Survivor regions: 1->1(4)
[2022-03-30T23:10:28.438+0800][198.673s] GC(124) Old regions: 393->393
[2022-03-30T23:10:28.438+0800][198.673s] GC(124) Archive regions: 0->0
[2022-03-30T23:10:28.438+0800][198.673s] GC(124) Humongous regions: 37->37
[2022-03-30T23:10:28.439+0800][198.673s] GC(124) Metaspace: 52551K(52800K)->52551K(52800K) NonClass: 46404K(46528K)->46404K(46528K) Class: 6146K(6272K)->6146K(6272K)
[2022-03-30T23:10:28.439+0800][198.673s] GC(124) Pause Young (Normal) (G1 Evacuation Pause) 451M->428M(512M) 1.153ms
[2022-03-30T23:10:28.439+0800][198.673s] GC(124) User=0.00s Sys=0.00s Real=0.00s
[2022-03-30T23:10:28.521+0800][198.756s] GC(125) Pause Young (Normal) (G1 Evacuation Pause)
[2022-03-30T23:10:28.521+0800][198.756s] GC(125) Using 8 workers of 8 for evacuation
[2022-03-30T23:10:28.522+0800][198.757s] GC(125)   Pre Evacuate Collection Set: 0.1ms
[2022-03-30T23:10:28.522+0800][198.757s] GC(125)   Merge Heap Roots: 0.0ms
[2022-03-30T23:10:28.522+0800][198.757s] GC(125)   Evacuate Collection Set: 0.4ms
[2022-03-30T23:10:28.522+0800][198.757s] GC(125)   Post Evacuate Collection Set: 0.3ms
[2022-03-30T23:10:28.522+0800][198.757s] GC(125)   Other: 0.2ms
[2022-03-30T23:10:28.522+0800][198.757s] GC(125) Eden regions: 24->0(24)
[2022-03-30T23:10:28.522+0800][198.757s] GC(125) Survivor regions: 1->1(4)
[2022-03-30T23:10:28.522+0800][198.757s] GC(125) Old regions: 393->393
[2022-03-30T23:10:28.522+0800][198.757s] GC(125) Archive regions: 0->0
[2022-03-30T23:10:28.522+0800][198.757s] GC(125) Humongous regions: 37->37
[2022-03-30T23:10:28.522+0800][198.757s] GC(125) Metaspace: 52551K(52800K)->52551K(52800K) NonClass: 46404K(46528K)->46404K(46528K) Class: 6146K(6272K)->6146K(6272K)
[2022-03-30T23:10:28.522+0800][198.757s] GC(125) Pause Young (Normal) (G1 Evacuation Pause) 452M->428M(512M) 1.120ms
[2022-03-30T23:10:28.522+0800][198.757s] GC(125) User=0.11s Sys=0.00s Real=0.00s
[2022-03-30T23:10:28.604+0800][198.838s] GC(126) Pause Young (Normal) (G1 Evacuation Pause)
[2022-03-30T23:10:28.604+0800][198.838s] GC(126) Using 8 workers of 8 for evacuation
[2022-03-30T23:10:28.605+0800][198.839s] GC(126)   Pre Evacuate Collection Set: 0.1ms
[2022-03-30T23:10:28.605+0800][198.839s] GC(126)   Merge Heap Roots: 0.0ms
[2022-03-30T23:10:28.605+0800][198.839s] GC(126)   Evacuate Collection Set: 0.3ms
[2022-03-30T23:10:28.605+0800][198.839s] GC(126)   Post Evacuate Collection Set: 0.2ms
[2022-03-30T23:10:28.605+0800][198.839s] GC(126)   Other: 0.1ms
[2022-03-30T23:10:28.605+0800][198.839s] GC(126) Eden regions: 24->0(24)
[2022-03-30T23:10:28.605+0800][198.839s] GC(126) Survivor regions: 1->1(4)
[2022-03-30T23:10:28.605+0800][198.839s] GC(126) Old regions: 393->393
[2022-03-30T23:10:28.605+0800][198.839s] GC(126) Archive regions: 0->0
[2022-03-30T23:10:28.605+0800][198.839s] GC(126) Humongous regions: 37->37
[2022-03-30T23:10:28.605+0800][198.839s] GC(126) Metaspace: 52551K(52800K)->52551K(52800K) NonClass: 46404K(46528K)->46404K(46528K) Class: 6146K(6272K)->6146K(6272K)
[2022-03-30T23:10:28.605+0800][198.839s] GC(126) Pause Young (Normal) (G1 Evacuation Pause) 452M->428M(512M) 1.040ms
[2022-03-30T23:10:28.605+0800][198.839s] GC(126) User=0.00s Sys=0.00s Real=0.00s
[2022-03-30T23:10:28.702+0800][198.936s] GC(127) Pause Young (Normal) (G1 Evacuation Pause)
[2022-03-30T23:10:28.702+0800][198.937s] GC(127) Using 8 workers of 8 for evacuation
[2022-03-30T23:10:28.703+0800][198.938s] GC(127)   Pre Evacuate Collection Set: 0.1ms
[2022-03-30T23:10:28.703+0800][198.938s] GC(127)   Merge Heap Roots: 0.0ms
[2022-03-30T23:10:28.703+0800][198.938s] GC(127)   Evacuate Collection Set: 0.6ms
[2022-03-30T23:10:28.703+0800][198.938s] GC(127)   Post Evacuate Collection Set: 0.3ms
[2022-03-30T23:10:28.703+0800][198.938s] GC(127)   Other: 0.1ms
[2022-03-30T23:10:28.703+0800][198.938s] GC(127) Eden regions: 24->0(24)
[2022-03-30T23:10:28.703+0800][198.938s] GC(127) Survivor regions: 1->2(4)
[2022-03-30T23:10:28.703+0800][198.938s] GC(127) Old regions: 393->393
[2022-03-30T23:10:28.703+0800][198.938s] GC(127) Archive regions: 0->0
[2022-03-30T23:10:28.703+0800][198.938s] GC(127) Humongous regions: 37->37
[2022-03-30T23:10:28.703+0800][198.938s] GC(127) Metaspace: 52553K(52800K)->52553K(52800K) NonClass: 46407K(46528K)->46407K(46528K) Class: 6146K(6272K)->6146K(6272K)
[2022-03-30T23:10:28.703+0800][198.938s] GC(127) Pause Young (Normal) (G1 Evacuation Pause) 452M->428M(512M) 1.308ms
[2022-03-30T23:10:28.703+0800][198.938s] GC(127) User=0.00s Sys=0.00s Real=0.00s
[2022-03-30T23:10:28.870+0800][199.104s] GC(122) Concurrent Mark From Roots 660.697ms
[2022-03-30T23:10:28.870+0800][199.105s] GC(122) Concurrent Preclean
[2022-03-30T23:10:28.870+0800][199.105s] GC(122) Concurrent Preclean 0.411ms
[2022-03-30T23:10:28.870+0800][199.105s] GC(122) Pause Remark
[2022-03-30T23:10:28.873+0800][199.108s] GC(122) Pause Remark 434M->423M(512M) 2.632ms
[2022-03-30T23:10:28.873+0800][199.108s] GC(122) User=0.00s Sys=0.00s Real=0.00s
[2022-03-30T23:10:28.873+0800][199.108s] GC(122) Concurrent Mark 664.110ms
[2022-03-30T23:10:28.873+0800][199.108s] GC(122) Concurrent Rebuild Remembered Sets
[2022-03-30T23:10:29.091+0800][199.326s] GC(122) Concurrent Rebuild Remembered Sets 217.764ms
[2022-03-30T23:10:29.091+0800][199.326s] GC(122) Pause Cleanup
[2022-03-30T23:10:29.092+0800][199.326s] GC(122) Pause Cleanup 423M->423M(512M) 0.361ms
[2022-03-30T23:10:29.092+0800][199.326s] GC(122) User=0.00s Sys=0.00s Real=0.00s
[2022-03-30T23:10:29.092+0800][199.326s] GC(122) Concurrent Cleanup for Next Mark
[2022-03-30T23:10:29.092+0800][199.327s] GC(122) Concurrent Cleanup for Next Mark 0.290ms
[2022-03-30T23:10:29.092+0800][199.327s] GC(122) Concurrent Mark Cycle 883.823ms
[2022-03-30T23:10:31.951+0800][202.185s] GC(128) Pause Young (Prepare Mixed) (G1 Evacuation Pause)
[2022-03-30T23:10:31.951+0800][202.185s] GC(128) Using 8 workers of 8 for evacuation
[2022-03-30T23:10:31.956+0800][202.190s] GC(128)   Pre Evacuate Collection Set: 0.2ms
[2022-03-30T23:10:31.956+0800][202.190s] GC(128)   Merge Heap Roots: 0.2ms
[2022-03-30T23:10:31.956+0800][202.190s] GC(128)   Evacuate Collection Set: 4.4ms
[2022-03-30T23:10:31.956+0800][202.190s] GC(128)   Post Evacuate Collection Set: 0.3ms
[2022-03-30T23:10:31.956+0800][202.190s] GC(128)   Other: 0.1ms
[2022-03-30T23:10:31.956+0800][202.190s] GC(128) Eden regions: 24->0(21)
[2022-03-30T23:10:31.956+0800][202.190s] GC(128) Survivor regions: 2->4(4)
[2022-03-30T23:10:31.956+0800][202.190s] GC(128) Old regions: 393->401
[2022-03-30T23:10:31.956+0800][202.190s] GC(128) Archive regions: 0->0
[2022-03-30T23:10:31.956+0800][202.190s] GC(128) Humongous regions: 49->34
[2022-03-30T23:10:31.956+0800][202.190s] GC(128) Metaspace: 52597K(52928K)->52597K(52928K) NonClass: 46447K(46656K)->46447K(46656K) Class: 6150K(6272K)->6150K(6272K)
[2022-03-30T23:10:31.956+0800][202.190s] GC(128) Pause Young (Prepare Mixed) (G1 Evacuation Pause) 464M->435M(512M) 5.289ms
[2022-03-30T23:10:31.956+0800][202.190s] GC(128) User=0.00s Sys=0.00s Real=0.01s
[2022-03-30T23:10:31.970+0800][202.204s] GC(129) Pause Young (Mixed) (G1 Evacuation Pause)
[2022-03-30T23:10:31.970+0800][202.204s] GC(129) Using 8 workers of 8 for evacuation
[2022-03-30T23:10:31.977+0800][202.212s] GC(129)   Pre Evacuate Collection Set: 0.0ms
[2022-03-30T23:10:31.977+0800][202.212s] GC(129)   Merge Heap Roots: 0.0ms
[2022-03-30T23:10:31.977+0800][202.212s] GC(129)   Evacuate Collection Set: 6.9ms
[2022-03-30T23:10:31.977+0800][202.212s] GC(129)   Post Evacuate Collection Set: 0.4ms
[2022-03-30T23:10:31.977+0800][202.212s] GC(129)   Other: 0.2ms
[2022-03-30T23:10:31.977+0800][202.212s] GC(129) Eden regions: 21->0(21)
[2022-03-30T23:10:31.977+0800][202.212s] GC(129) Survivor regions: 4->4(4)
[2022-03-30T23:10:31.978+0800][202.212s] GC(129) Old regions: 401->412
[2022-03-30T23:10:31.978+0800][202.212s] GC(129) Archive regions: 0->0
[2022-03-30T23:10:31.978+0800][202.212s] GC(129) Humongous regions: 35->35
[2022-03-30T23:10:31.978+0800][202.212s] GC(129) Metaspace: 52597K(52928K)->52597K(52928K) NonClass: 46447K(46656K)->46447K(46656K) Class: 6150K(6272K)->6150K(6272K)
[2022-03-30T23:10:31.978+0800][202.212s] GC(129) Pause Young (Mixed) (G1 Evacuation Pause) 457M->447M(512M) 7.646ms
[2022-03-30T23:10:31.978+0800][202.212s] GC(129) User=0.12s Sys=0.00s Real=0.01s
[2022-03-30T23:10:31.984+0800][202.218s] GC(130) Pause Young (Concurrent Start) (G1 Humongous Allocation)
[2022-03-30T23:10:31.984+0800][202.218s] GC(130) Using 8 workers of 8 for evacuation
[2022-03-30T23:10:31.990+0800][202.225s] GC(130)   Pre Evacuate Collection Set: 0.2ms
[2022-03-30T23:10:31.990+0800][202.225s] GC(130)   Merge Heap Roots: 0.2ms
[2022-03-30T23:10:31.990+0800][202.225s] GC(130)   Evacuate Collection Set: 6.0ms
[2022-03-30T23:10:31.990+0800][202.225s] GC(130)   Post Evacuate Collection Set: 0.2ms
[2022-03-30T23:10:31.990+0800][202.225s] GC(130)   Other: 0.1ms
[2022-03-30T23:10:31.990+0800][202.225s] GC(130) Eden regions: 7->0(21)
[2022-03-30T23:10:31.990+0800][202.225s] GC(130) Survivor regions: 4->4(4)
[2022-03-30T23:10:31.990+0800][202.225s] GC(130) Old regions: 412->417
[2022-03-30T23:10:31.990+0800][202.225s] GC(130) Archive regions: 0->0
[2022-03-30T23:10:31.990+0800][202.225s] GC(130) Humongous regions: 35->35
[2022-03-30T23:10:31.990+0800][202.225s] GC(130) Metaspace: 52597K(52928K)->52597K(52928K) NonClass: 46447K(46656K)->46447K(46656K) Class: 6150K(6272K)->6150K(6272K)
[2022-03-30T23:10:31.990+0800][202.225s] GC(130) Pause Young (Concurrent Start) (G1 Humongous Allocation) 454M->452M(512M) 6.949ms
[2022-03-30T23:10:31.990+0800][202.225s] GC(130) User=0.00s Sys=0.00s Real=0.01s
[2022-03-30T23:10:31.990+0800][202.225s] GC(131) Concurrent Mark Cycle
[2022-03-30T23:10:31.991+0800][202.225s] GC(131) Concurrent Clear Claimed Marks
[2022-03-30T23:10:31.991+0800][202.225s] GC(131) Concurrent Clear Claimed Marks 0.029ms
[2022-03-30T23:10:31.991+0800][202.225s] GC(131) Concurrent Scan Root Regions
[2022-03-30T23:10:31.993+0800][202.227s] GC(131) Concurrent Scan Root Regions 2.125ms
[2022-03-30T23:10:31.993+0800][202.227s] GC(131) Concurrent Mark
[2022-03-30T23:10:31.993+0800][202.227s] GC(131) Concurrent Mark From Roots
[2022-03-30T23:10:31.993+0800][202.227s] GC(131) Using 2 workers of 2 for marking
[2022-03-30T23:10:32.018+0800][202.253s] GC(132) Pause Young (Normal) (G1 Evacuation Pause)
[2022-03-30T23:10:32.018+0800][202.253s] GC(132) Using 8 workers of 8 for evacuation
[2022-03-30T23:10:32.028+0800][202.263s] GC(132)   Pre Evacuate Collection Set: 0.1ms
[2022-03-30T23:10:32.028+0800][202.263s] GC(132)   Merge Heap Roots: 0.2ms
[2022-03-30T23:10:32.028+0800][202.263s] GC(132)   Evacuate Collection Set: 8.7ms
[2022-03-30T23:10:32.028+0800][202.263s] GC(132)   Post Evacuate Collection Set: 0.4ms
[2022-03-30T23:10:32.028+0800][202.263s] GC(132)   Other: 0.1ms
[2022-03-30T23:10:32.028+0800][202.263s] GC(132) Eden regions: 21->0(21)
[2022-03-30T23:10:32.028+0800][202.263s] GC(132) Survivor regions: 4->4(4)
[2022-03-30T23:10:32.028+0800][202.263s] GC(132) Old regions: 417->429
[2022-03-30T23:10:32.028+0800][202.263s] GC(132) Archive regions: 0->0
[2022-03-30T23:10:32.028+0800][202.263s] GC(132) Humongous regions: 37->37
[2022-03-30T23:10:32.028+0800][202.263s] GC(132) Metaspace: 52597K(52928K)->52597K(52928K) NonClass: 46447K(46656K)->46447K(46656K) Class: 6150K(6272K)->6150K(6272K)
[2022-03-30T23:10:32.028+0800][202.263s] GC(132) Pause Young (Normal) (G1 Evacuation Pause) 475M->467M(512M) 9.582ms
[2022-03-30T23:10:32.028+0800][202.263s] GC(132) User=0.12s Sys=0.00s Real=0.01s
[2022-03-30T23:10:32.045+0800][202.279s] GC(133) Pause Young (Normal) (G1 Evacuation Pause)
[2022-03-30T23:10:32.045+0800][202.280s] GC(133) Using 8 workers of 8 for evacuation
[2022-03-30T23:10:32.056+0800][202.291s] GC(133)   Pre Evacuate Collection Set: 0.1ms
[2022-03-30T23:10:32.056+0800][202.291s] GC(133)   Merge Heap Roots: 0.1ms
[2022-03-30T23:10:32.056+0800][202.291s] GC(133)   Evacuate Collection Set: 10.9ms
[2022-03-30T23:10:32.056+0800][202.291s] GC(133)   Post Evacuate Collection Set: 0.4ms
[2022-03-30T23:10:32.056+0800][202.291s] GC(133)   Other: 0.1ms
[2022-03-30T23:10:32.056+0800][202.291s] GC(133) Eden regions: 21->0(21)
[2022-03-30T23:10:32.056+0800][202.291s] GC(133) Survivor regions: 4->4(4)
[2022-03-30T23:10:32.056+0800][202.291s] GC(133) Old regions: 429->442
[2022-03-30T23:10:32.056+0800][202.291s] GC(133) Archive regions: 0->0
[2022-03-30T23:10:32.056+0800][202.291s] GC(133) Humongous regions: 37->37
[2022-03-30T23:10:32.056+0800][202.291s] GC(133) Metaspace: 52597K(52928K)->52597K(52928K) NonClass: 46447K(46656K)->46447K(46656K) Class: 6150K(6272K)->6150K(6272K)
[2022-03-30T23:10:32.057+0800][202.291s] GC(133) Pause Young (Normal) (G1 Evacuation Pause) 488M->480M(512M) 11.783ms
[2022-03-30T23:10:32.057+0800][202.291s] GC(133) User=0.12s Sys=0.00s Real=0.01s
[2022-03-30T23:10:32.084+0800][202.319s] GC(134) Pause Young (Normal) (G1 Preventive Collection)
[2022-03-30T23:10:32.084+0800][202.319s] GC(134) Using 8 workers of 8 for evacuation
[2022-03-30T23:10:32.092+0800][202.327s] GC(134)   Pre Evacuate Collection Set: 0.1ms
[2022-03-30T23:10:32.092+0800][202.327s] GC(134)   Merge Heap Roots: 0.1ms
[2022-03-30T23:10:32.092+0800][202.327s] GC(134)   Evacuate Collection Set: 7.4ms
[2022-03-30T23:10:32.092+0800][202.327s] GC(134)   Post Evacuate Collection Set: 0.2ms
[2022-03-30T23:10:32.092+0800][202.327s] GC(134)   Other: 0.1ms
[2022-03-30T23:10:32.092+0800][202.327s] GC(134) Eden regions: 13->0(21)
[2022-03-30T23:10:32.092+0800][202.327s] GC(134) Survivor regions: 4->4(4)
[2022-03-30T23:10:32.092+0800][202.327s] GC(134) Old regions: 442->451
[2022-03-30T23:10:32.092+0800][202.327s] GC(134) Archive regions: 0->0
[2022-03-30T23:10:32.092+0800][202.327s] GC(134) Humongous regions: 40->40
[2022-03-30T23:10:32.092+0800][202.327s] GC(134) Metaspace: 52597K(52928K)->52597K(52928K) NonClass: 46447K(46656K)->46447K(46656K) Class: 6150K(6272K)->6150K(6272K)
[2022-03-30T23:10:32.092+0800][202.327s] GC(134) Pause Young (Normal) (G1 Preventive Collection) 496M->492M(512M) 8.117ms
[2022-03-30T23:10:32.092+0800][202.327s] GC(134) User=0.12s Sys=0.00s Real=0.01s
[2022-03-30T23:10:32.099+0800][202.334s] GC(135) Pause Young (Normal) (G1 Preventive Collection)
[2022-03-30T23:10:32.099+0800][202.334s] GC(135) Using 8 workers of 8 for evacuation
[2022-03-30T23:10:32.106+0800][202.341s] GC(135)   Pre Evacuate Collection Set: 0.1ms
[2022-03-30T23:10:32.106+0800][202.341s] GC(135)   Merge Heap Roots: 0.1ms
[2022-03-30T23:10:32.106+0800][202.341s] GC(135)   Evacuate Collection Set: 7.0ms
[2022-03-30T23:10:32.106+0800][202.341s] GC(135)   Post Evacuate Collection Set: 0.2ms
[2022-03-30T23:10:32.106+0800][202.341s] GC(135)   Other: 0.1ms
[2022-03-30T23:10:32.106+0800][202.341s] GC(135) Eden regions: 7->0(21)
[2022-03-30T23:10:32.106+0800][202.341s] GC(135) Survivor regions: 4->4(4)
[2022-03-30T23:10:32.106+0800][202.341s] GC(135) Old regions: 451->456
[2022-03-30T23:10:32.106+0800][202.341s] GC(135) Archive regions: 0->0
[2022-03-30T23:10:32.106+0800][202.341s] GC(135) Humongous regions: 40->40
[2022-03-30T23:10:32.106+0800][202.341s] GC(135) Metaspace: 52597K(52928K)->52597K(52928K) NonClass: 46447K(46656K)->46447K(46656K) Class: 6150K(6272K)->6150K(6272K)
[2022-03-30T23:10:32.106+0800][202.341s] GC(135) Pause Young (Normal) (G1 Preventive Collection) 499M->497M(512M) 7.557ms
[2022-03-30T23:10:32.106+0800][202.341s] GC(135) User=0.12s Sys=0.00s Real=0.01s
[2022-03-30T23:10:32.109+0800][202.344s] GC(136) Pause Young (Normal) (G1 Preventive Collection)
[2022-03-30T23:10:32.109+0800][202.344s] GC(136) Using 8 workers of 8 for evacuation
[2022-03-30T23:10:32.117+0800][202.351s] GC(136)   Pre Evacuate Collection Set: 0.1ms
[2022-03-30T23:10:32.117+0800][202.351s] GC(136)   Merge Heap Roots: 0.1ms
[2022-03-30T23:10:32.117+0800][202.351s] GC(136)   Evacuate Collection Set: 6.6ms
[2022-03-30T23:10:32.117+0800][202.351s] GC(136)   Post Evacuate Collection Set: 0.2ms
[2022-03-30T23:10:32.117+0800][202.351s] GC(136)   Other: 0.1ms
[2022-03-30T23:10:32.117+0800][202.351s] GC(136) Eden regions: 4->0(22)
[2022-03-30T23:10:32.117+0800][202.351s] GC(136) Survivor regions: 4->3(4)
[2022-03-30T23:10:32.117+0800][202.351s] GC(136) Old regions: 456->461
[2022-03-30T23:10:32.117+0800][202.351s] GC(136) Archive regions: 0->0
[2022-03-30T23:10:32.117+0800][202.351s] GC(136) Humongous regions: 40->40
[2022-03-30T23:10:32.117+0800][202.351s] GC(136) Metaspace: 52597K(52928K)->52597K(52928K) NonClass: 46447K(46656K)->46447K(46656K) Class: 6150K(6272K)->6150K(6272K)
[2022-03-30T23:10:32.117+0800][202.351s] GC(136) Pause Young (Normal) (G1 Preventive Collection) 501M->500M(512M) 7.215ms
[2022-03-30T23:10:32.117+0800][202.352s] GC(136) User=0.12s Sys=0.00s Real=0.01s
[2022-03-30T23:10:32.119+0800][202.354s] GC(137) Pause Young (Normal) (G1 Preventive Collection)
[2022-03-30T23:10:32.119+0800][202.354s] GC(137) Using 8 workers of 8 for evacuation
[2022-03-30T23:10:32.123+0800][202.357s] GC(137)   Pre Evacuate Collection Set: 0.0ms
[2022-03-30T23:10:32.123+0800][202.357s] GC(137)   Merge Heap Roots: 0.0ms
[2022-03-30T23:10:32.123+0800][202.357s] GC(137)   Evacuate Collection Set: 3.1ms
[2022-03-30T23:10:32.123+0800][202.357s] GC(137)   Post Evacuate Collection Set: 0.2ms
[2022-03-30T23:10:32.123+0800][202.357s] GC(137)   Other: 0.1ms
[2022-03-30T23:10:32.123+0800][202.357s] GC(137) Eden regions: 3->0(23)
[2022-03-30T23:10:32.123+0800][202.357s] GC(137) Survivor regions: 3->2(4)
[2022-03-30T23:10:32.123+0800][202.357s] GC(137) Old regions: 461->464
[2022-03-30T23:10:32.123+0800][202.357s] GC(137) Archive regions: 0->0
[2022-03-30T23:10:32.123+0800][202.357s] GC(137) Humongous regions: 40->40
[2022-03-30T23:10:32.123+0800][202.357s] GC(137) Metaspace: 52597K(52928K)->52597K(52928K) NonClass: 46447K(46656K)->46447K(46656K) Class: 6150K(6272K)->6150K(6272K)
[2022-03-30T23:10:32.123+0800][202.357s] GC(137) Pause Young (Normal) (G1 Preventive Collection) 503M->502M(512M) 3.576ms
[2022-03-30T23:10:32.123+0800][202.357s] GC(137) User=0.00s Sys=0.00s Real=0.00s
[2022-03-30T23:10:32.124+0800][202.359s] GC(138) Pause Young (Normal) (G1 Preventive Collection)
[2022-03-30T23:10:32.124+0800][202.359s] GC(138) Using 8 workers of 8 for evacuation
[2022-03-30T23:10:32.127+0800][202.362s] GC(138)   Pre Evacuate Collection Set: 0.0ms
[2022-03-30T23:10:32.127+0800][202.362s] GC(138)   Merge Heap Roots: 0.0ms
[2022-03-30T23:10:32.127+0800][202.362s] GC(138)   Evacuate Collection Set: 2.4ms
[2022-03-30T23:10:32.127+0800][202.362s] GC(138)   Post Evacuate Collection Set: 0.3ms
[2022-03-30T23:10:32.127+0800][202.362s] GC(138)   Other: 0.1ms
[2022-03-30T23:10:32.127+0800][202.362s] GC(138) Eden regions: 2->0(21)
[2022-03-30T23:10:32.127+0800][202.362s] GC(138) Survivor regions: 2->4(4)
[2022-03-30T23:10:32.128+0800][202.362s] GC(138) Old regions: 464->464
[2022-03-30T23:10:32.128+0800][202.362s] GC(138) Archive regions: 0->0
[2022-03-30T23:10:32.128+0800][202.362s] GC(138) Humongous regions: 40->40
[2022-03-30T23:10:32.128+0800][202.362s] GC(138) Metaspace: 52597K(52928K)->52597K(52928K) NonClass: 46447K(46656K)->46447K(46656K) Class: 6150K(6272K)->6150K(6272K)
[2022-03-30T23:10:32.128+0800][202.362s] GC(138) Pause Young (Normal) (G1 Preventive Collection) 504M->503M(512M) 3.064ms
[2022-03-30T23:10:32.128+0800][202.362s] GC(138) User=0.00s Sys=0.00s Real=0.00s
[2022-03-30T23:10:32.128+0800][202.363s] GC(139) Pause Young (Normal) (G1 Preventive Collection)
[2022-03-30T23:10:32.128+0800][202.363s] GC(139) Using 8 workers of 8 for evacuation
[2022-03-30T23:10:32.132+0800][202.367s] GC(139) To-space exhausted
[2022-03-30T23:10:32.132+0800][202.367s] GC(139)   Pre Evacuate Collection Set: 0.0ms
[2022-03-30T23:10:32.132+0800][202.367s] GC(139)   Merge Heap Roots: 0.0ms
[2022-03-30T23:10:32.132+0800][202.367s] GC(139)   Evacuate Collection Set: 2.4ms
[2022-03-30T23:10:32.132+0800][202.367s] GC(139)   Post Evacuate Collection Set: 0.8ms
[2022-03-30T23:10:32.132+0800][202.367s] GC(139)   Other: 0.1ms
[2022-03-30T23:10:32.132+0800][202.367s] GC(139) Eden regions: 1->0(23)
[2022-03-30T23:10:32.132+0800][202.367s] GC(139) Survivor regions: 4->2(3)
[2022-03-30T23:10:32.132+0800][202.367s] GC(139) Old regions: 464->469
[2022-03-30T23:10:32.132+0800][202.367s] GC(139) Archive regions: 0->0
[2022-03-30T23:10:32.132+0800][202.367s] GC(139) Humongous regions: 40->40
[2022-03-30T23:10:32.132+0800][202.367s] GC(139) Metaspace: 52597K(52928K)->52597K(52928K) NonClass: 46447K(46656K)->46447K(46656K) Class: 6150K(6272K)->6150K(6272K)
[2022-03-30T23:10:32.132+0800][202.367s] GC(139) Pause Young (Normal) (G1 Preventive Collection) 504M->508M(512M) 3.490ms
[2022-03-30T23:10:32.132+0800][202.367s] GC(139) User=0.03s Sys=0.00s Real=0.00s
[2022-03-30T23:10:32.133+0800][202.368s] GC(140) Pause Young (Normal) (G1 Evacuation Pause)
[2022-03-30T23:10:32.133+0800][202.368s] GC(140) Using 8 workers of 8 for evacuation
[2022-03-30T23:10:32.137+0800][202.372s] GC(140) To-space exhausted
[2022-03-30T23:10:32.137+0800][202.372s] GC(140)   Pre Evacuate Collection Set: 0.0ms
[2022-03-30T23:10:32.137+0800][202.372s] GC(140)   Merge Heap Roots: 0.0ms
[2022-03-30T23:10:32.137+0800][202.372s] GC(140)   Evacuate Collection Set: 2.5ms
[2022-03-30T23:10:32.137+0800][202.372s] GC(140)   Post Evacuate Collection Set: 1.6ms
[2022-03-30T23:10:32.137+0800][202.372s] GC(140)   Other: 0.1ms
[2022-03-30T23:10:32.137+0800][202.372s] GC(140) Eden regions: 1->0(25)
[2022-03-30T23:10:32.137+0800][202.372s] GC(140) Survivor regions: 2->0(0)
[2022-03-30T23:10:32.137+0800][202.372s] GC(140) Old regions: 469->472
[2022-03-30T23:10:32.137+0800][202.372s] GC(140) Archive regions: 0->0
[2022-03-30T23:10:32.137+0800][202.372s] GC(140) Humongous regions: 40->40
[2022-03-30T23:10:32.137+0800][202.372s] GC(140) Metaspace: 52597K(52928K)->52597K(52928K) NonClass: 46447K(46656K)->46447K(46656K) Class: 6150K(6272K)->6150K(6272K)
[2022-03-30T23:10:32.137+0800][202.372s] GC(140) Pause Young (Normal) (G1 Evacuation Pause) 509M->509M(512M) 4.290ms
[2022-03-30T23:10:32.137+0800][202.372s] GC(140) User=0.00s Sys=0.00s Real=0.00s
[2022-03-30T23:10:32.137+0800][202.372s] Attempting full compaction
[2022-03-30T23:10:32.137+0800][202.372s] GC(141) Using 8 workers of 8 for full compaction
[2022-03-30T23:10:32.137+0800][202.373s] GC(141) Pause Full (G1 Compaction Pause)
[2022-03-30T23:10:32.138+0800][202.373s] GC(141) Phase 1: Mark live objects
[2022-03-30T23:10:32.285+0800][202.519s] GC(141) Phase 1: Mark live objects 146.268ms
[2022-03-30T23:10:32.285+0800][202.519s] GC(141) Phase 2: Prepare for compaction
[2022-03-30T23:10:32.287+0800][202.522s] GC(141) Phase 2: Prepare for compaction 2.694ms
[2022-03-30T23:10:32.287+0800][202.522s] GC(141) Phase 3: Adjust pointers
[2022-03-30T23:10:32.324+0800][202.558s] GC(141) Phase 3: Adjust pointers 36.379ms
[2022-03-30T23:10:32.324+0800][202.558s] GC(141) Phase 4: Compact heap
[2022-03-30T23:10:32.326+0800][202.561s] GC(141) Phase 4: Compact heap 2.799ms
[2022-03-30T23:10:32.332+0800][202.567s] GC(141) Eden regions: 0->0(25)
[2022-03-30T23:10:32.332+0800][202.567s] GC(141) Survivor regions: 0->0(0)
[2022-03-30T23:10:32.332+0800][202.567s] GC(141) Old regions: 472->456
[2022-03-30T23:10:32.332+0800][202.567s] GC(141) Archive regions: 0->0
[2022-03-30T23:10:32.332+0800][202.567s] GC(141) Humongous regions: 40->37
[2022-03-30T23:10:32.332+0800][202.567s] GC(141) Metaspace: 52597K(52928K)->52597K(52928K) NonClass: 46447K(46656K)->46447K(46656K) Class: 6150K(6272K)->6150K(6272K)
[2022-03-30T23:10:32.332+0800][202.567s] GC(141) Pause Full (G1 Compaction Pause) 509M->488M(512M) 194.048ms
[2022-03-30T23:10:32.332+0800][202.567s] GC(141) User=1.42s Sys=0.00s Real=0.19s
[2022-03-30T23:10:32.332+0800][202.567s] GC(131) Concurrent Mark From Roots 339.638ms
[2022-03-30T23:10:32.332+0800][202.567s] GC(131) Concurrent Mark Abort
[2022-03-30T23:10:32.333+0800][202.567s] GC(131) Concurrent Mark Cycle 341.940ms
[2022-03-30T23:10:32.341+0800][202.575s] GC(142) Pause Young (Normal) (G1 Preventive Collection)
[2022-03-30T23:10:32.341+0800][202.575s] GC(142) Using 8 workers of 8 for evacuation
[2022-03-30T23:10:32.346+0800][202.580s] GC(142)   Pre Evacuate Collection Set: 0.1ms
[2022-03-30T23:10:32.346+0800][202.580s] GC(142)   Merge Heap Roots: 0.1ms
[2022-03-30T23:10:32.346+0800][202.580s] GC(142)   Evacuate Collection Set: 4.5ms
[2022-03-30T23:10:32.346+0800][202.580s] GC(142)   Post Evacuate Collection Set: 0.2ms
[2022-03-30T23:10:32.346+0800][202.580s] GC(142)   Other: 0.1ms
[2022-03-30T23:10:32.346+0800][202.580s] GC(142) Eden regions: 11->0(21)
[2022-03-30T23:10:32.346+0800][202.580s] GC(142) Survivor regions: 0->4(4)
[2022-03-30T23:10:32.346+0800][202.580s] GC(142) Old regions: 456->459
[2022-03-30T23:10:32.346+0800][202.580s] GC(142) Archive regions: 0->0
[2022-03-30T23:10:32.346+0800][202.580s] GC(142) Humongous regions: 37->37
[2022-03-30T23:10:32.346+0800][202.580s] GC(142) Metaspace: 52597K(52928K)->52597K(52928K) NonClass: 46447K(46656K)->46447K(46656K) Class: 6150K(6272K)->6150K(6272K)
[2022-03-30T23:10:32.346+0800][202.580s] GC(142) Pause Young (Normal) (G1 Preventive Collection) 499M->494M(512M) 5.091ms
[2022-03-30T23:10:32.346+0800][202.580s] GC(142) User=0.00s Sys=0.00s Real=0.00s
[2022-03-30T23:10:32.350+0800][202.585s] GC(143) Pause Young (Concurrent Start) (G1 Preventive Collection)
[2022-03-30T23:10:32.350+0800][202.585s] GC(143) Using 8 workers of 8 for evacuation
[2022-03-30T23:10:32.357+0800][202.592s] GC(143) To-space exhausted
[2022-03-30T23:10:32.357+0800][202.592s] GC(143)   Pre Evacuate Collection Set: 0.0ms
[2022-03-30T23:10:32.357+0800][202.592s] GC(143)   Merge Heap Roots: 0.1ms
[2022-03-30T23:10:32.357+0800][202.592s] GC(143)   Evacuate Collection Set: 4.7ms
[2022-03-30T23:10:32.357+0800][202.592s] GC(143)   Post Evacuate Collection Set: 1.4ms
[2022-03-30T23:10:32.357+0800][202.592s] GC(143)   Other: 0.2ms
[2022-03-30T23:10:32.357+0800][202.592s] GC(143) Eden regions: 6->0(22)
[2022-03-30T23:10:32.357+0800][202.592s] GC(143) Survivor regions: 4->3(4)
[2022-03-30T23:10:32.357+0800][202.592s] GC(143) Old regions: 459->472
[2022-03-30T23:10:32.357+0800][202.592s] GC(143) Archive regions: 0->0
[2022-03-30T23:10:32.357+0800][202.592s] GC(143) Humongous regions: 37->37
[2022-03-30T23:10:32.357+0800][202.592s] GC(143) Metaspace: 52597K(52928K)->52597K(52928K) NonClass: 46447K(46656K)->46447K(46656K) Class: 6150K(6272K)->6150K(6272K)
[2022-03-30T23:10:32.357+0800][202.592s] GC(143) Pause Young (Concurrent Start) (G1 Preventive Collection) 500M->507M(512M) 6.518ms
[2022-03-30T23:10:32.357+0800][202.592s] GC(143) User=0.02s Sys=0.00s Real=0.01s
[2022-03-30T23:10:32.357+0800][202.592s] Attempting full compaction
[2022-03-30T23:10:32.357+0800][202.592s] GC(144) Concurrent Mark Cycle
[2022-03-30T23:10:32.357+0800][202.592s] GC(145) Using 8 workers of 8 for full compaction
[2022-03-30T23:10:32.357+0800][202.592s] GC(144) Concurrent Clear Claimed Marks
[2022-03-30T23:10:32.357+0800][202.592s] GC(144) Concurrent Clear Claimed Marks 0.045ms
[2022-03-30T23:10:32.357+0800][202.592s] GC(144) Concurrent Scan Root Regions
[2022-03-30T23:10:32.358+0800][202.592s] GC(145) Pause Full (G1 Compaction Pause)
[2022-03-30T23:10:32.358+0800][202.593s] GC(144) Concurrent Scan Root Regions 0.464ms
[2022-03-30T23:10:32.358+0800][202.593s] GC(144) Concurrent Mark
[2022-03-30T23:10:32.358+0800][202.593s] GC(144) Concurrent Mark From Roots
[2022-03-30T23:10:32.358+0800][202.593s] GC(144) Using 2 workers of 2 for marking
[2022-03-30T23:10:32.358+0800][202.593s] GC(145) Phase 1: Mark live objects
[2022-03-30T23:10:32.513+0800][202.748s] GC(145) Phase 1: Mark live objects 154.877ms
[2022-03-30T23:10:32.513+0800][202.748s] GC(145) Phase 2: Prepare for compaction
[2022-03-30T23:10:32.514+0800][202.749s] GC(145) Phase 2: Prepare for compaction 0.904ms
[2022-03-30T23:10:32.514+0800][202.749s] GC(145) Phase 3: Adjust pointers
[2022-03-30T23:10:32.550+0800][202.785s] GC(145) Phase 3: Adjust pointers 36.073ms
[2022-03-30T23:10:32.550+0800][202.785s] GC(145) Phase 4: Compact heap
[2022-03-30T23:10:32.551+0800][202.785s] GC(145) Phase 4: Compact heap 0.456ms
[2022-03-30T23:10:32.555+0800][202.790s] GC(145) Eden regions: 0->0(25)
[2022-03-30T23:10:32.555+0800][202.790s] GC(145) Survivor regions: 3->0(4)
[2022-03-30T23:10:32.555+0800][202.790s] GC(145) Old regions: 472->464
[2022-03-30T23:10:32.555+0800][202.790s] GC(145) Archive regions: 0->0
[2022-03-30T23:10:32.555+0800][202.790s] GC(145) Humongous regions: 37->37
[2022-03-30T23:10:32.555+0800][202.790s] GC(145) Metaspace: 52597K(52928K)->52597K(52928K) NonClass: 46447K(46656K)->46447K(46656K) Class: 6150K(6272K)->6150K(6272K)
[2022-03-30T23:10:32.555+0800][202.790s] GC(145) Pause Full (G1 Compaction Pause) 507M->498M(512M) 197.599ms
[2022-03-30T23:10:32.556+0800][202.790s] GC(145) User=1.44s Sys=0.00s Real=0.20s
[2022-03-30T23:10:32.556+0800][202.790s] GC(144) Concurrent Mark From Roots 197.672ms
[2022-03-30T23:10:32.556+0800][202.790s] GC(144) Concurrent Mark Abort
[2022-03-30T23:10:32.556+0800][202.790s] GC(144) Concurrent Mark Cycle 198.302ms
[2022-03-30T23:10:32.576+0800][202.811s] GC(146) Pause Young (Normal) (G1 Preventive Collection)
[2022-03-30T23:10:32.576+0800][202.811s] GC(146) Using 8 workers of 8 for evacuation
[2022-03-30T23:10:32.580+0800][202.815s] GC(146)   Pre Evacuate Collection Set: 0.1ms
[2022-03-30T23:10:32.580+0800][202.815s] GC(146)   Merge Heap Roots: 0.1ms
[2022-03-30T23:10:32.580+0800][202.815s] GC(146)   Evacuate Collection Set: 3.3ms
[2022-03-30T23:10:32.580+0800][202.815s] GC(146)   Post Evacuate Collection Set: 0.3ms
[2022-03-30T23:10:32.580+0800][202.815s] GC(146)   Other: 0.1ms
[2022-03-30T23:10:32.580+0800][202.815s] GC(146) Eden regions: 6->0(22)
[2022-03-30T23:10:32.580+0800][202.815s] GC(146) Survivor regions: 0->3(4)
[2022-03-30T23:10:32.580+0800][202.815s] GC(146) Old regions: 464->464
[2022-03-30T23:10:32.580+0800][202.815s] GC(146) Archive regions: 0->0
[2022-03-30T23:10:32.580+0800][202.815s] GC(146) Humongous regions: 37->37
[2022-03-30T23:10:32.580+0800][202.815s] GC(146) Metaspace: 52608K(52928K)->52608K(52928K) NonClass: 46458K(46656K)->46458K(46656K) Class: 6150K(6272K)->6150K(6272K)
[2022-03-30T23:10:32.580+0800][202.815s] GC(146) Pause Young (Normal) (G1 Preventive Collection) 504M->500M(512M) 4.041ms
[2022-03-30T23:10:32.581+0800][202.815s] GC(146) User=0.00s Sys=0.00s Real=0.01s
[2022-03-30T23:10:32.613+0800][202.848s] GC(147) Pause Young (Concurrent Start) (G1 Preventive Collection)
[2022-03-30T23:10:32.613+0800][202.848s] GC(147) Using 8 workers of 8 for evacuation
[2022-03-30T23:10:32.616+0800][202.851s] GC(147)   Pre Evacuate Collection Set: 0.1ms
[2022-03-30T23:10:32.616+0800][202.851s] GC(147)   Merge Heap Roots: 0.0ms
[2022-03-30T23:10:32.616+0800][202.851s] GC(147)   Evacuate Collection Set: 2.2ms
[2022-03-30T23:10:32.616+0800][202.851s] GC(147)   Post Evacuate Collection Set: 0.2ms
[2022-03-30T23:10:32.616+0800][202.851s] GC(147)   Other: 0.2ms
[2022-03-30T23:10:32.616+0800][202.851s] GC(147) Eden regions: 4->0(24)
[2022-03-30T23:10:32.616+0800][202.851s] GC(147) Survivor regions: 3->1(4)
[2022-03-30T23:10:32.616+0800][202.851s] GC(147) Old regions: 464->467
[2022-03-30T23:10:32.616+0800][202.851s] GC(147) Archive regions: 0->0
[2022-03-30T23:10:32.616+0800][202.851s] GC(147) Humongous regions: 37->37
[2022-03-30T23:10:32.616+0800][202.851s] GC(147) Metaspace: 52609K(52928K)->52609K(52928K) NonClass: 46458K(46656K)->46458K(46656K) Class: 6150K(6272K)->6150K(6272K)
[2022-03-30T23:10:32.616+0800][202.851s] GC(147) Pause Young (Concurrent Start) (G1 Preventive Collection) 504M->501M(512M) 2.773ms
[2022-03-30T23:10:32.616+0800][202.851s] GC(147) User=0.08s Sys=0.03s Real=0.00s
[2022-03-30T23:10:32.616+0800][202.851s] GC(148) Concurrent Mark Cycle
[2022-03-30T23:10:32.616+0800][202.851s] GC(148) Concurrent Clear Claimed Marks
[2022-03-30T23:10:32.617+0800][202.851s] GC(148) Concurrent Clear Claimed Marks 0.027ms
[2022-03-30T23:10:32.617+0800][202.851s] GC(148) Concurrent Scan Root Regions
[2022-03-30T23:10:32.618+0800][202.852s] GC(148) Concurrent Scan Root Regions 1.301ms
[2022-03-30T23:10:32.618+0800][202.852s] GC(148) Concurrent Mark
[2022-03-30T23:10:32.618+0800][202.852s] GC(148) Concurrent Mark From Roots
[2022-03-30T23:10:32.618+0800][202.852s] GC(148) Using 2 workers of 2 for marking
[2022-03-30T23:10:32.653+0800][202.888s] GC(149) Pause Young (Normal) (G1 Preventive Collection)
[2022-03-30T23:10:32.653+0800][202.889s] GC(149) Using 8 workers of 8 for evacuation
[2022-03-30T23:10:32.654+0800][202.889s] GC(149)   Pre Evacuate Collection Set: 0.1ms
[2022-03-30T23:10:32.654+0800][202.889s] GC(149)   Merge Heap Roots: 0.0ms
[2022-03-30T23:10:32.654+0800][202.889s] GC(149)   Evacuate Collection Set: 0.5ms
[2022-03-30T23:10:32.654+0800][202.889s] GC(149)   Post Evacuate Collection Set: 0.2ms
[2022-03-30T23:10:32.654+0800][202.889s] GC(149)   Other: 0.1ms
[2022-03-30T23:10:32.654+0800][202.889s] GC(149) Eden regions: 4->0(24)
[2022-03-30T23:10:32.654+0800][202.889s] GC(149) Survivor regions: 1->1(3)
[2022-03-30T23:10:32.654+0800][202.889s] GC(149) Old regions: 467->467
[2022-03-30T23:10:32.654+0800][202.889s] GC(149) Archive regions: 0->0
[2022-03-30T23:10:32.654+0800][202.889s] GC(149) Humongous regions: 37->37
[2022-03-30T23:10:32.654+0800][202.889s] GC(149) Metaspace: 52611K(52928K)->52611K(52928K) NonClass: 46461K(46656K)->46461K(46656K) Class: 6150K(6272K)->6150K(6272K)
[2022-03-30T23:10:32.654+0800][202.889s] GC(149) Pause Young (Normal) (G1 Preventive Collection) 505M->501M(512M) 1.001ms
[2022-03-30T23:10:32.654+0800][202.889s] GC(149) User=0.00s Sys=0.00s Real=0.00s
[2022-03-30T23:10:32.694+0800][202.929s] GC(150) Pause Young (Normal) (G1 Preventive Collection)
[2022-03-30T23:10:32.694+0800][202.929s] GC(150) Using 8 workers of 8 for evacuation
[2022-03-30T23:10:32.696+0800][202.930s] GC(150)   Pre Evacuate Collection Set: 0.1ms
[2022-03-30T23:10:32.696+0800][202.930s] GC(150)   Merge Heap Roots: 0.0ms
[2022-03-30T23:10:32.696+0800][202.930s] GC(150)   Evacuate Collection Set: 0.5ms
[2022-03-30T23:10:32.696+0800][202.930s] GC(150)   Post Evacuate Collection Set: 0.2ms
[2022-03-30T23:10:32.696+0800][202.930s] GC(150)   Other: 0.1ms
[2022-03-30T23:10:32.696+0800][202.930s] GC(150) Eden regions: 4->0(24)
[2022-03-30T23:10:32.696+0800][202.930s] GC(150) Survivor regions: 1->1(3)
[2022-03-30T23:10:32.696+0800][202.930s] GC(150) Old regions: 467->467
[2022-03-30T23:10:32.696+0800][202.930s] GC(150) Archive regions: 0->0
[2022-03-30T23:10:32.696+0800][202.930s] GC(150) Humongous regions: 37->37
[2022-03-30T23:10:32.696+0800][202.930s] GC(150) Metaspace: 52614K(52928K)->52614K(52928K) NonClass: 46463K(46656K)->46463K(46656K) Class: 6150K(6272K)->6150K(6272K)
[2022-03-30T23:10:32.696+0800][202.930s] GC(150) Pause Young (Normal) (G1 Preventive Collection) 505M->501M(512M) 1.100ms
[2022-03-30T23:10:32.696+0800][202.930s] GC(150) User=0.00s Sys=0.00s Real=0.00s
[2022-03-30T23:10:32.730+0800][202.965s] GC(151) Pause Young (Normal) (G1 Preventive Collection)
[2022-03-30T23:10:32.730+0800][202.965s] GC(151) Using 8 workers of 8 for evacuation
[2022-03-30T23:10:32.731+0800][202.966s] GC(151)   Pre Evacuate Collection Set: 0.1ms
[2022-03-30T23:10:32.731+0800][202.966s] GC(151)   Merge Heap Roots: 0.0ms
[2022-03-30T23:10:32.731+0800][202.966s] GC(151)   Evacuate Collection Set: 0.4ms
[2022-03-30T23:10:32.731+0800][202.966s] GC(151)   Post Evacuate Collection Set: 0.2ms
[2022-03-30T23:10:32.731+0800][202.966s] GC(151)   Other: 0.1ms
[2022-03-30T23:10:32.731+0800][202.966s] GC(151) Eden regions: 4->0(24)
[2022-03-30T23:10:32.731+0800][202.966s] GC(151) Survivor regions: 1->1(3)
[2022-03-30T23:10:32.731+0800][202.966s] GC(151) Old regions: 467->467
[2022-03-30T23:10:32.731+0800][202.966s] GC(151) Archive regions: 0->0
[2022-03-30T23:10:32.731+0800][202.966s] GC(151) Humongous regions: 37->37
[2022-03-30T23:10:32.731+0800][202.966s] GC(151) Metaspace: 52617K(52928K)->52617K(52928K) NonClass: 46467K(46656K)->46467K(46656K) Class: 6150K(6272K)->6150K(6272K)
[2022-03-30T23:10:32.731+0800][202.966s] GC(151) Pause Young (Normal) (G1 Preventive Collection) 505M->501M(512M) 0.926ms
[2022-03-30T23:10:32.731+0800][202.966s] GC(151) User=0.00s Sys=0.00s Real=0.00s
[2022-03-30T23:10:32.769+0800][203.004s] GC(152) Pause Young (Normal) (G1 Preventive Collection)
[2022-03-30T23:10:32.769+0800][203.004s] GC(152) Using 8 workers of 8 for evacuation
[2022-03-30T23:10:32.769+0800][203.005s] GC(152)   Pre Evacuate Collection Set: 0.1ms
[2022-03-30T23:10:32.769+0800][203.005s] GC(152)   Merge Heap Roots: 0.0ms
[2022-03-30T23:10:32.769+0800][203.005s] GC(152)   Evacuate Collection Set: 0.4ms
[2022-03-30T23:10:32.769+0800][203.005s] GC(152)   Post Evacuate Collection Set: 0.2ms
[2022-03-30T23:10:32.769+0800][203.005s] GC(152)   Other: 0.1ms
[2022-03-30T23:10:32.769+0800][203.005s] GC(152) Eden regions: 4->0(23)
[2022-03-30T23:10:32.769+0800][203.005s] GC(152) Survivor regions: 1->2(3)
[2022-03-30T23:10:32.769+0800][203.005s] GC(152) Old regions: 467->467
[2022-03-30T23:10:32.770+0800][203.005s] GC(152) Archive regions: 0->0
[2022-03-30T23:10:32.770+0800][203.005s] GC(152) Humongous regions: 37->37
[2022-03-30T23:10:32.770+0800][203.005s] GC(152) Metaspace: 52617K(52928K)->52617K(52928K) NonClass: 46467K(46656K)->46467K(46656K) Class: 6150K(6272K)->6150K(6272K)
[2022-03-30T23:10:32.770+0800][203.005s] GC(152) Pause Young (Normal) (G1 Preventive Collection) 505M->501M(512M) 0.919ms
[2022-03-30T23:10:32.770+0800][203.005s] GC(152) User=0.00s Sys=0.00s Real=0.00s
[2022-03-30T23:10:32.803+0800][203.038s] GC(153) Pause Young (Normal) (G1 Preventive Collection)
[2022-03-30T23:10:32.803+0800][203.038s] GC(153) Using 8 workers of 8 for evacuation
[2022-03-30T23:10:32.804+0800][203.039s] GC(153)   Pre Evacuate Collection Set: 0.1ms
[2022-03-30T23:10:32.804+0800][203.039s] GC(153)   Merge Heap Roots: 0.0ms
[2022-03-30T23:10:32.804+0800][203.039s] GC(153)   Evacuate Collection Set: 0.5ms
[2022-03-30T23:10:32.804+0800][203.039s] GC(153)   Post Evacuate Collection Set: 0.3ms
[2022-03-30T23:10:32.804+0800][203.039s] GC(153)   Other: 0.2ms
[2022-03-30T23:10:32.804+0800][203.039s] GC(153) Eden regions: 3->0(24)
[2022-03-30T23:10:32.804+0800][203.039s] GC(153) Survivor regions: 2->1(3)
[2022-03-30T23:10:32.804+0800][203.039s] GC(153) Old regions: 467->467
[2022-03-30T23:10:32.804+0800][203.039s] GC(153) Archive regions: 0->0
[2022-03-30T23:10:32.804+0800][203.039s] GC(153) Humongous regions: 37->37
[2022-03-30T23:10:32.804+0800][203.039s] GC(153) Metaspace: 52617K(52928K)->52617K(52928K) NonClass: 46467K(46656K)->46467K(46656K) Class: 6150K(6272K)->6150K(6272K)
[2022-03-30T23:10:32.804+0800][203.039s] GC(153) Pause Young (Normal) (G1 Preventive Collection) 504M->501M(512M) 1.158ms
[2022-03-30T23:10:32.804+0800][203.039s] GC(153) User=0.02s Sys=0.05s Real=0.00s
[2022-03-30T23:10:32.843+0800][203.078s] GC(154) Pause Young (Normal) (G1 Preventive Collection)
[2022-03-30T23:10:32.843+0800][203.078s] GC(154) Using 8 workers of 8 for evacuation
[2022-03-30T23:10:32.844+0800][203.079s] GC(154)   Pre Evacuate Collection Set: 0.1ms
[2022-03-30T23:10:32.844+0800][203.080s] GC(154)   Merge Heap Roots: 0.1ms
[2022-03-30T23:10:32.844+0800][203.080s] GC(154)   Evacuate Collection Set: 1.0ms
[2022-03-30T23:10:32.844+0800][203.080s] GC(154)   Post Evacuate Collection Set: 0.4ms
[2022-03-30T23:10:32.844+0800][203.080s] GC(154)   Other: 0.1ms
[2022-03-30T23:10:32.845+0800][203.080s] GC(154) Eden regions: 4->0(24)
[2022-03-30T23:10:32.845+0800][203.080s] GC(154) Survivor regions: 1->1(3)
[2022-03-30T23:10:32.845+0800][203.080s] GC(154) Old regions: 467->467
[2022-03-30T23:10:32.845+0800][203.080s] GC(154) Archive regions: 0->0
[2022-03-30T23:10:32.845+0800][203.080s] GC(154) Humongous regions: 37->37
[2022-03-30T23:10:32.845+0800][203.080s] GC(154) Metaspace: 52618K(52928K)->52618K(52928K) NonClass: 46468K(46656K)->46468K(46656K) Class: 6150K(6272K)->6150K(6272K)
[2022-03-30T23:10:32.845+0800][203.080s] GC(154) Pause Young (Normal) (G1 Preventive Collection) 505M->501M(512M) 1.906ms
[2022-03-30T23:10:32.845+0800][203.080s] GC(154) User=0.00s Sys=0.00s Real=0.00s
[2022-03-30T23:10:33.138+0800][203.373s] GC(148) Concurrent Mark From Roots 520.659ms
[2022-03-30T23:10:33.138+0800][203.373s] GC(148) Concurrent Preclean
[2022-03-30T23:10:33.139+0800][203.373s] GC(148) Concurrent Preclean 0.169ms
[2022-03-30T23:10:33.139+0800][203.373s] GC(148) Pause Remark
[2022-03-30T23:10:33.141+0800][203.376s] GC(148) Pause Remark 505M->497M(512M) 2.321ms
[2022-03-30T23:10:33.141+0800][203.376s] GC(148) User=0.00s Sys=0.00s Real=0.00s
[2022-03-30T23:10:33.141+0800][203.376s] GC(148) Concurrent Mark 523.541ms
[2022-03-30T23:10:33.141+0800][203.376s] GC(148) Concurrent Rebuild Remembered Sets
[2022-03-30T23:10:33.339+0800][203.574s] GC(148) Concurrent Rebuild Remembered Sets 197.800ms
[2022-03-30T23:10:33.339+0800][203.574s] GC(148) Pause Cleanup
[2022-03-30T23:10:33.339+0800][203.574s] GC(148) Pause Cleanup 497M->497M(512M) 0.167ms
[2022-03-30T23:10:33.339+0800][203.574s] GC(148) User=0.00s Sys=0.00s Real=0.00s
[2022-03-30T23:10:33.339+0800][203.574s] GC(148) Concurrent Cleanup for Next Mark
[2022-03-30T23:10:33.340+0800][203.574s] GC(148) Concurrent Cleanup for Next Mark 0.291ms
[2022-03-30T23:10:33.340+0800][203.575s] GC(148) Concurrent Mark Cycle 723.581ms
[2022-03-30T23:10:43.232+0800][213.467s] GC(155) Pause Young (Normal) (G1 Preventive Collection)
[2022-03-30T23:10:43.232+0800][213.467s] GC(155) Using 8 workers of 8 for evacuation
[2022-03-30T23:10:43.233+0800][213.468s] GC(155)   Pre Evacuate Collection Set: 0.1ms
[2022-03-30T23:10:43.233+0800][213.468s] GC(155)   Merge Heap Roots: 0.0ms
[2022-03-30T23:10:43.233+0800][213.468s] GC(155)   Evacuate Collection Set: 0.5ms
[2022-03-30T23:10:43.233+0800][213.468s] GC(155)   Post Evacuate Collection Set: 0.4ms
[2022-03-30T23:10:43.233+0800][213.468s] GC(155)   Other: 0.2ms
[2022-03-30T23:10:43.233+0800][213.468s] GC(155) Eden regions: 10->0(23)
[2022-03-30T23:10:43.233+0800][213.468s] GC(155) Survivor regions: 1->2(4)
[2022-03-30T23:10:43.233+0800][213.468s] GC(155) Old regions: 467->467
[2022-03-30T23:10:43.233+0800][213.468s] GC(155) Archive regions: 0->0
[2022-03-30T23:10:43.233+0800][213.468s] GC(155) Humongous regions: 29->29
[2022-03-30T23:10:43.233+0800][213.468s] GC(155) Metaspace: 52619K(52928K)->52619K(52928K) NonClass: 46469K(46656K)->46469K(46656K) Class: 6150K(6272K)->6150K(6272K)
[2022-03-30T23:10:43.233+0800][213.468s] GC(155) Pause Young (Normal) (G1 Preventive Collection) 503M->494M(512M) 1.203ms
[2022-03-30T23:10:43.233+0800][213.468s] GC(155) User=0.00s Sys=0.00s Real=0.00s
[2022-03-30T23:10:43.246+0800][213.480s] GC(156) Pause Young (Concurrent Start) (G1 Preventive Collection)
[2022-03-30T23:10:43.246+0800][213.480s] GC(156) Using 8 workers of 8 for evacuation
[2022-03-30T23:10:43.247+0800][213.482s] GC(156)   Pre Evacuate Collection Set: 0.1ms
[2022-03-30T23:10:43.247+0800][213.482s] GC(156)   Merge Heap Roots: 0.1ms
[2022-03-30T23:10:43.247+0800][213.482s] GC(156)   Evacuate Collection Set: 0.5ms
[2022-03-30T23:10:43.247+0800][213.482s] GC(156)   Post Evacuate Collection Set: 0.6ms
[2022-03-30T23:10:43.247+0800][213.482s] GC(156)   Other: 0.2ms
[2022-03-30T23:10:43.247+0800][213.482s] GC(156) Eden regions: 9->0(23)
[2022-03-30T23:10:43.247+0800][213.482s] GC(156) Survivor regions: 2->2(4)
[2022-03-30T23:10:43.247+0800][213.482s] GC(156) Old regions: 467->467
[2022-03-30T23:10:43.247+0800][213.482s] GC(156) Archive regions: 0->0
[2022-03-30T23:10:43.247+0800][213.482s] GC(156) Humongous regions: 29->29
[2022-03-30T23:10:43.247+0800][213.482s] GC(156) Metaspace: 52619K(52928K)->52619K(52928K) NonClass: 46469K(46656K)->46469K(46656K) Class: 6150K(6272K)->6150K(6272K)
[2022-03-30T23:10:43.247+0800][213.482s] GC(156) Pause Young (Concurrent Start) (G1 Preventive Collection) 503M->494M(512M) 1.565ms
[2022-03-30T23:10:43.247+0800][213.482s] GC(156) User=0.00s Sys=0.00s Real=0.00s
[2022-03-30T23:10:43.247+0800][213.482s] GC(157) Concurrent Mark Cycle
[2022-03-30T23:10:43.247+0800][213.482s] GC(157) Concurrent Clear Claimed Marks
[2022-03-30T23:10:43.247+0800][213.482s] GC(157) Concurrent Clear Claimed Marks 0.021ms
[2022-03-30T23:10:43.247+0800][213.482s] GC(157) Concurrent Scan Root Regions
[2022-03-30T23:10:43.248+0800][213.483s] GC(157) Concurrent Scan Root Regions 0.719ms
[2022-03-30T23:10:43.248+0800][213.483s] GC(157) Concurrent Mark
[2022-03-30T23:10:43.248+0800][213.483s] GC(157) Concurrent Mark From Roots
[2022-03-30T23:10:43.248+0800][213.483s] GC(157) Using 2 workers of 2 for marking
[2022-03-30T23:10:43.259+0800][213.493s] GC(158) Pause Young (Normal) (G1 Preventive Collection)
[2022-03-30T23:10:43.259+0800][213.493s] GC(158) Using 8 workers of 8 for evacuation
[2022-03-30T23:10:43.260+0800][213.494s] GC(158)   Pre Evacuate Collection Set: 0.1ms
[2022-03-30T23:10:43.260+0800][213.494s] GC(158)   Merge Heap Roots: 0.1ms
[2022-03-30T23:10:43.260+0800][213.494s] GC(158)   Evacuate Collection Set: 0.5ms
[2022-03-30T23:10:43.260+0800][213.494s] GC(158)   Post Evacuate Collection Set: 0.2ms
[2022-03-30T23:10:43.260+0800][213.494s] GC(158)   Other: 0.1ms
[2022-03-30T23:10:43.260+0800][213.494s] GC(158) Eden regions: 9->0(23)
[2022-03-30T23:10:43.260+0800][213.494s] GC(158) Survivor regions: 2->2(4)
[2022-03-30T23:10:43.260+0800][213.494s] GC(158) Old regions: 467->467
[2022-03-30T23:10:43.260+0800][213.494s] GC(158) Archive regions: 0->0
[2022-03-30T23:10:43.260+0800][213.495s] GC(158) Humongous regions: 29->29
[2022-03-30T23:10:43.260+0800][213.495s] GC(158) Metaspace: 52619K(52928K)->52619K(52928K) NonClass: 46469K(46656K)->46469K(46656K) Class: 6150K(6272K)->6150K(6272K)
[2022-03-30T23:10:43.260+0800][213.495s] GC(158) Pause Young (Normal) (G1 Preventive Collection) 503M->494M(512M) 1.164ms
[2022-03-30T23:10:43.260+0800][213.495s] GC(158) User=0.00s Sys=0.00s Real=0.00s
[2022-03-30T23:10:43.274+0800][213.509s] GC(159) Pause Young (Normal) (G1 Preventive Collection)
[2022-03-30T23:10:43.274+0800][213.509s] GC(159) Using 8 workers of 8 for evacuation
[2022-03-30T23:10:43.275+0800][213.510s] GC(159)   Pre Evacuate Collection Set: 0.1ms
[2022-03-30T23:10:43.275+0800][213.510s] GC(159)   Merge Heap Roots: 0.1ms
[2022-03-30T23:10:43.275+0800][213.510s] GC(159)   Evacuate Collection Set: 0.4ms
[2022-03-30T23:10:43.275+0800][213.510s] GC(159)   Post Evacuate Collection Set: 0.2ms
[2022-03-30T23:10:43.275+0800][213.510s] GC(159)   Other: 0.1ms
[2022-03-30T23:10:43.275+0800][213.510s] GC(159) Eden regions: 10->0(23)
[2022-03-30T23:10:43.275+0800][213.510s] GC(159) Survivor regions: 2->2(4)
[2022-03-30T23:10:43.275+0800][213.510s] GC(159) Old regions: 467->467
[2022-03-30T23:10:43.275+0800][213.510s] GC(159) Archive regions: 0->0
[2022-03-30T23:10:43.275+0800][213.510s] GC(159) Humongous regions: 29->29
[2022-03-30T23:10:43.275+0800][213.510s] GC(159) Metaspace: 52619K(52928K)->52619K(52928K) NonClass: 46469K(46656K)->46469K(46656K) Class: 6150K(6272K)->6150K(6272K)
[2022-03-30T23:10:43.275+0800][213.510s] GC(159) Pause Young (Normal) (G1 Preventive Collection) 504M->494M(512M) 1.048ms
[2022-03-30T23:10:43.275+0800][213.510s] GC(159) User=0.00s Sys=0.00s Real=0.00s
[2022-03-30T23:10:43.290+0800][213.525s] GC(160) Pause Young (Normal) (G1 Preventive Collection)
[2022-03-30T23:10:43.290+0800][213.525s] GC(160) Using 8 workers of 8 for evacuation
[2022-03-30T23:10:43.291+0800][213.526s] GC(160)   Pre Evacuate Collection Set: 0.0ms
[2022-03-30T23:10:43.291+0800][213.527s] GC(160)   Merge Heap Roots: 0.1ms
[2022-03-30T23:10:43.291+0800][213.527s] GC(160)   Evacuate Collection Set: 0.4ms
[2022-03-30T23:10:43.291+0800][213.527s] GC(160)   Post Evacuate Collection Set: 0.4ms
[2022-03-30T23:10:43.291+0800][213.527s] GC(160)   Other: 0.1ms
[2022-03-30T23:10:43.291+0800][213.527s] GC(160) Eden regions: 10->0(23)
[2022-03-30T23:10:43.291+0800][213.527s] GC(160) Survivor regions: 2->2(4)
[2022-03-30T23:10:43.291+0800][213.527s] GC(160) Old regions: 467->467
[2022-03-30T23:10:43.291+0800][213.527s] GC(160) Archive regions: 0->0
[2022-03-30T23:10:43.291+0800][213.527s] GC(160) Humongous regions: 29->29
[2022-03-30T23:10:43.291+0800][213.527s] GC(160) Metaspace: 52619K(52928K)->52619K(52928K) NonClass: 46469K(46656K)->46469K(46656K) Class: 6150K(6272K)->6150K(6272K)
[2022-03-30T23:10:43.291+0800][213.527s] GC(160) Pause Young (Normal) (G1 Preventive Collection) 504M->494M(512M) 1.210ms
[2022-03-30T23:10:43.291+0800][213.527s] GC(160) User=0.00s Sys=0.00s Real=0.00s
[2022-03-30T23:10:43.307+0800][213.542s] GC(161) Pause Young (Normal) (G1 Preventive Collection)
[2022-03-30T23:10:43.307+0800][213.542s] GC(161) Using 8 workers of 8 for evacuation
[2022-03-30T23:10:43.308+0800][213.544s] GC(161)   Pre Evacuate Collection Set: 0.1ms
[2022-03-30T23:10:43.308+0800][213.544s] GC(161)   Merge Heap Roots: 0.1ms
[2022-03-30T23:10:43.308+0800][213.544s] GC(161)   Evacuate Collection Set: 0.4ms
[2022-03-30T23:10:43.308+0800][213.544s] GC(161)   Post Evacuate Collection Set: 0.6ms
[2022-03-30T23:10:43.308+0800][213.544s] GC(161)   Other: 0.1ms
[2022-03-30T23:10:43.308+0800][213.544s] GC(161) Eden regions: 10->0(23)
[2022-03-30T23:10:43.308+0800][213.544s] GC(161) Survivor regions: 2->2(4)
[2022-03-30T23:10:43.308+0800][213.544s] GC(161) Old regions: 467->467
[2022-03-30T23:10:43.308+0800][213.544s] GC(161) Archive regions: 0->0
[2022-03-30T23:10:43.308+0800][213.544s] GC(161) Humongous regions: 29->29
[2022-03-30T23:10:43.308+0800][213.544s] GC(161) Metaspace: 52619K(52928K)->52619K(52928K) NonClass: 46469K(46656K)->46469K(46656K) Class: 6150K(6272K)->6150K(6272K)
[2022-03-30T23:10:43.308+0800][213.544s] GC(161) Pause Young (Normal) (G1 Preventive Collection) 504M->494M(512M) 1.365ms
[2022-03-30T23:10:43.308+0800][213.544s] GC(161) User=0.00s Sys=0.00s Real=0.00s
[2022-03-30T23:10:43.329+0800][213.564s] GC(162) Pause Young (Normal) (G1 Preventive Collection)
[2022-03-30T23:10:43.329+0800][213.564s] GC(162) Using 8 workers of 8 for evacuation
[2022-03-30T23:10:43.331+0800][213.565s] GC(162)   Pre Evacuate Collection Set: 0.1ms
[2022-03-30T23:10:43.331+0800][213.565s] GC(162)   Merge Heap Roots: 0.1ms
[2022-03-30T23:10:43.331+0800][213.565s] GC(162)   Evacuate Collection Set: 0.4ms
[2022-03-30T23:10:43.331+0800][213.565s] GC(162)   Post Evacuate Collection Set: 0.2ms
[2022-03-30T23:10:43.331+0800][213.565s] GC(162)   Other: 0.1ms
[2022-03-30T23:10:43.331+0800][213.565s] GC(162) Eden regions: 11->0(23)
[2022-03-30T23:10:43.331+0800][213.565s] GC(162) Survivor regions: 2->2(3)
[2022-03-30T23:10:43.331+0800][213.565s] GC(162) Old regions: 467->467
[2022-03-30T23:10:43.331+0800][213.565s] GC(162) Archive regions: 0->0
[2022-03-30T23:10:43.331+0800][213.565s] GC(162) Humongous regions: 29->29
[2022-03-30T23:10:43.331+0800][213.565s] GC(162) Metaspace: 52619K(52928K)->52619K(52928K) NonClass: 46469K(46656K)->46469K(46656K) Class: 6150K(6272K)->6150K(6272K)
[2022-03-30T23:10:43.331+0800][213.565s] GC(162) Pause Young (Normal) (G1 Preventive Collection) 505M->494M(512M) 1.001ms
[2022-03-30T23:10:43.331+0800][213.565s] GC(162) User=0.00s Sys=0.00s Real=0.00s
[2022-03-30T23:10:43.348+0800][213.583s] GC(163) Pause Young (Normal) (G1 Preventive Collection)
[2022-03-30T23:10:43.348+0800][213.583s] GC(163) Using 8 workers of 8 for evacuation
[2022-03-30T23:10:43.349+0800][213.584s] GC(163)   Pre Evacuate Collection Set: 0.1ms
[2022-03-30T23:10:43.349+0800][213.584s] GC(163)   Merge Heap Roots: 0.1ms
[2022-03-30T23:10:43.349+0800][213.584s] GC(163)   Evacuate Collection Set: 0.4ms
[2022-03-30T23:10:43.349+0800][213.584s] GC(163)   Post Evacuate Collection Set: 0.3ms
[2022-03-30T23:10:43.349+0800][213.584s] GC(163)   Other: 0.1ms
[2022-03-30T23:10:43.349+0800][213.584s] GC(163) Eden regions: 11->0(23)
[2022-03-30T23:10:43.349+0800][213.584s] GC(163) Survivor regions: 2->2(3)
[2022-03-30T23:10:43.349+0800][213.584s] GC(163) Old regions: 467->467
[2022-03-30T23:10:43.349+0800][213.584s] GC(163) Archive regions: 0->0
[2022-03-30T23:10:43.349+0800][213.584s] GC(163) Humongous regions: 29->29
[2022-03-30T23:10:43.349+0800][213.584s] GC(163) Metaspace: 52619K(52928K)->52619K(52928K) NonClass: 46469K(46656K)->46469K(46656K) Class: 6150K(6272K)->6150K(6272K)
[2022-03-30T23:10:43.349+0800][213.584s] GC(163) Pause Young (Normal) (G1 Preventive Collection) 505M->494M(512M) 1.049ms
[2022-03-30T23:10:43.349+0800][213.584s] GC(163) User=0.00s Sys=0.00s Real=0.00s
[2022-03-30T23:10:43.366+0800][213.601s] GC(164) Pause Young (Normal) (G1 Preventive Collection)
[2022-03-30T23:10:43.366+0800][213.601s] GC(164) Using 8 workers of 8 for evacuation
[2022-03-30T23:10:43.366+0800][213.602s] GC(164)   Pre Evacuate Collection Set: 0.1ms
[2022-03-30T23:10:43.366+0800][213.602s] GC(164)   Merge Heap Roots: 0.1ms
[2022-03-30T23:10:43.366+0800][213.602s] GC(164)   Evacuate Collection Set: 0.4ms
[2022-03-30T23:10:43.366+0800][213.602s] GC(164)   Post Evacuate Collection Set: 0.3ms
[2022-03-30T23:10:43.366+0800][213.602s] GC(164)   Other: 0.1ms
[2022-03-30T23:10:43.366+0800][213.602s] GC(164) Eden regions: 11->0(23)
[2022-03-30T23:10:43.366+0800][213.602s] GC(164) Survivor regions: 2->2(3)
[2022-03-30T23:10:43.366+0800][213.602s] GC(164) Old regions: 467->467
[2022-03-30T23:10:43.366+0800][213.602s] GC(164) Archive regions: 0->0
[2022-03-30T23:10:43.366+0800][213.602s] GC(164) Humongous regions: 29->29
[2022-03-30T23:10:43.366+0800][213.602s] GC(164) Metaspace: 52619K(52928K)->52619K(52928K) NonClass: 46469K(46656K)->46469K(46656K) Class: 6150K(6272K)->6150K(6272K)
[2022-03-30T23:10:43.366+0800][213.602s] GC(164) Pause Young (Normal) (G1 Preventive Collection) 505M->494M(512M) 0.977ms
[2022-03-30T23:10:43.366+0800][213.602s] GC(164) User=0.02s Sys=0.02s Real=0.00s
[2022-03-30T23:10:43.386+0800][213.620s] GC(165) Pause Young (Normal) (G1 Preventive Collection)
[2022-03-30T23:10:43.386+0800][213.620s] GC(165) Using 8 workers of 8 for evacuation
[2022-03-30T23:10:43.387+0800][213.621s] GC(165)   Pre Evacuate Collection Set: 0.0ms
[2022-03-30T23:10:43.387+0800][213.621s] GC(165)   Merge Heap Roots: 0.0ms
[2022-03-30T23:10:43.387+0800][213.621s] GC(165)   Evacuate Collection Set: 0.4ms
[2022-03-30T23:10:43.387+0800][213.621s] GC(165)   Post Evacuate Collection Set: 0.2ms
[2022-03-30T23:10:43.387+0800][213.621s] GC(165)   Other: 0.1ms
[2022-03-30T23:10:43.387+0800][213.621s] GC(165) Eden regions: 11->0(23)
[2022-03-30T23:10:43.387+0800][213.621s] GC(165) Survivor regions: 2->2(3)
[2022-03-30T23:10:43.387+0800][213.621s] GC(165) Old regions: 467->468
[2022-03-30T23:10:43.387+0800][213.621s] GC(165) Archive regions: 0->0
[2022-03-30T23:10:43.387+0800][213.621s] GC(165) Humongous regions: 29->29
[2022-03-30T23:10:43.387+0800][213.621s] GC(165) Metaspace: 52619K(52928K)->52619K(52928K) NonClass: 46469K(46656K)->46469K(46656K) Class: 6150K(6272K)->6150K(6272K)
[2022-03-30T23:10:43.387+0800][213.621s] GC(165) Pause Young (Normal) (G1 Preventive Collection) 505M->494M(512M) 0.798ms
[2022-03-30T23:10:43.387+0800][213.621s] GC(165) User=0.00s Sys=0.00s Real=0.00s
[2022-03-30T23:10:43.405+0800][213.640s] GC(166) Pause Young (Normal) (G1 Preventive Collection)
[2022-03-30T23:10:43.405+0800][213.640s] GC(166) Using 8 workers of 8 for evacuation
[2022-03-30T23:10:43.406+0800][213.641s] GC(166)   Pre Evacuate Collection Set: 0.0ms
[2022-03-30T23:10:43.406+0800][213.641s] GC(166)   Merge Heap Roots: 0.0ms
[2022-03-30T23:10:43.406+0800][213.641s] GC(166)   Evacuate Collection Set: 0.4ms
[2022-03-30T23:10:43.406+0800][213.641s] GC(166)   Post Evacuate Collection Set: 0.2ms
[2022-03-30T23:10:43.406+0800][213.641s] GC(166)   Other: 0.1ms
[2022-03-30T23:10:43.406+0800][213.641s] GC(166) Eden regions: 11->0(24)
[2022-03-30T23:10:43.406+0800][213.641s] GC(166) Survivor regions: 2->1(2)
[2022-03-30T23:10:43.406+0800][213.641s] GC(166) Old regions: 468->468
[2022-03-30T23:10:43.406+0800][213.641s] GC(166) Archive regions: 0->0
[2022-03-30T23:10:43.406+0800][213.641s] GC(166) Humongous regions: 29->29
[2022-03-30T23:10:43.406+0800][213.641s] GC(166) Metaspace: 52619K(52928K)->52619K(52928K) NonClass: 46469K(46656K)->46469K(46656K) Class: 6150K(6272K)->6150K(6272K)
[2022-03-30T23:10:43.406+0800][213.641s] GC(166) Pause Young (Normal) (G1 Preventive Collection) 505M->494M(512M) 0.900ms
[2022-03-30T23:10:43.406+0800][213.641s] GC(166) User=0.00s Sys=0.00s Real=0.00s
[2022-03-30T23:10:43.424+0800][213.659s] GC(167) Pause Young (Normal) (G1 Preventive Collection)
[2022-03-30T23:10:43.424+0800][213.659s] GC(167) Using 8 workers of 8 for evacuation
[2022-03-30T23:10:43.425+0800][213.660s] GC(167)   Pre Evacuate Collection Set: 0.0ms
[2022-03-30T23:10:43.425+0800][213.660s] GC(167)   Merge Heap Roots: 0.0ms
[2022-03-30T23:10:43.425+0800][213.660s] GC(167)   Evacuate Collection Set: 0.2ms
[2022-03-30T23:10:43.425+0800][213.660s] GC(167)   Post Evacuate Collection Set: 0.2ms
[2022-03-30T23:10:43.425+0800][213.660s] GC(167)   Other: 0.1ms
[2022-03-30T23:10:43.425+0800][213.660s] GC(167) Eden regions: 12->0(24)
[2022-03-30T23:10:43.425+0800][213.660s] GC(167) Survivor regions: 1->1(2)
[2022-03-30T23:10:43.425+0800][213.660s] GC(167) Old regions: 468->468
[2022-03-30T23:10:43.425+0800][213.660s] GC(167) Archive regions: 0->0
[2022-03-30T23:10:43.425+0800][213.660s] GC(167) Humongous regions: 29->29
[2022-03-30T23:10:43.425+0800][213.660s] GC(167) Metaspace: 52619K(52928K)->52619K(52928K) NonClass: 46469K(46656K)->46469K(46656K) Class: 6150K(6272K)->6150K(6272K)
[2022-03-30T23:10:43.425+0800][213.660s] GC(167) Pause Young (Normal) (G1 Preventive Collection) 506M->494M(512M) 0.594ms
[2022-03-30T23:10:43.425+0800][213.660s] GC(167) User=0.00s Sys=0.00s Real=0.00s
[2022-03-30T23:10:43.451+0800][213.685s] GC(168) Pause Young (Normal) (G1 Preventive Collection)
[2022-03-30T23:10:43.451+0800][213.685s] GC(168) Using 8 workers of 8 for evacuation
[2022-03-30T23:10:43.451+0800][213.686s] GC(168)   Pre Evacuate Collection Set: 0.0ms
[2022-03-30T23:10:43.451+0800][213.686s] GC(168)   Merge Heap Roots: 0.0ms
[2022-03-30T23:10:43.451+0800][213.686s] GC(168)   Evacuate Collection Set: 0.3ms
[2022-03-30T23:10:43.451+0800][213.686s] GC(168)   Post Evacuate Collection Set: 0.2ms
[2022-03-30T23:10:43.451+0800][213.686s] GC(168)   Other: 0.1ms
[2022-03-30T23:10:43.451+0800][213.686s] GC(168) Eden regions: 12->0(24)
[2022-03-30T23:10:43.451+0800][213.686s] GC(168) Survivor regions: 1->1(2)
[2022-03-30T23:10:43.451+0800][213.686s] GC(168) Old regions: 468->468
[2022-03-30T23:10:43.451+0800][213.686s] GC(168) Archive regions: 0->0
[2022-03-30T23:10:43.451+0800][213.686s] GC(168) Humongous regions: 29->29
[2022-03-30T23:10:43.451+0800][213.686s] GC(168) Metaspace: 52619K(52928K)->52619K(52928K) NonClass: 46469K(46656K)->46469K(46656K) Class: 6150K(6272K)->6150K(6272K)
[2022-03-30T23:10:43.451+0800][213.686s] GC(168) Pause Young (Normal) (G1 Preventive Collection) 506M->494M(512M) 0.772ms
[2022-03-30T23:10:43.451+0800][213.686s] GC(168) User=0.00s Sys=0.00s Real=0.00s
[2022-03-30T23:10:43.472+0800][213.707s] GC(169) Pause Young (Normal) (G1 Preventive Collection)
[2022-03-30T23:10:43.472+0800][213.708s] GC(169) Using 8 workers of 8 for evacuation
[2022-03-30T23:10:43.473+0800][213.708s] GC(169)   Pre Evacuate Collection Set: 0.0ms
[2022-03-30T23:10:43.473+0800][213.708s] GC(169)   Merge Heap Roots: 0.0ms
[2022-03-30T23:10:43.473+0800][213.708s] GC(169)   Evacuate Collection Set: 0.4ms
[2022-03-30T23:10:43.473+0800][213.708s] GC(169)   Post Evacuate Collection Set: 0.2ms
[2022-03-30T23:10:43.473+0800][213.708s] GC(169)   Other: 0.1ms
[2022-03-30T23:10:43.473+0800][213.708s] GC(169) Eden regions: 12->0(24)
[2022-03-30T23:10:43.473+0800][213.708s] GC(169) Survivor regions: 1->1(2)
[2022-03-30T23:10:43.473+0800][213.708s] GC(169) Old regions: 468->468
[2022-03-30T23:10:43.473+0800][213.708s] GC(169) Archive regions: 0->0
[2022-03-30T23:10:43.473+0800][213.708s] GC(169) Humongous regions: 29->29
[2022-03-30T23:10:43.473+0800][213.708s] GC(169) Metaspace: 52619K(52928K)->52619K(52928K) NonClass: 46469K(46656K)->46469K(46656K) Class: 6150K(6272K)->6150K(6272K)
[2022-03-30T23:10:43.473+0800][213.708s] GC(169) Pause Young (Normal) (G1 Preventive Collection) 506M->494M(512M) 0.784ms
[2022-03-30T23:10:43.473+0800][213.708s] GC(169) User=0.00s Sys=0.00s Real=0.00s
[2022-03-30T23:10:43.500+0800][213.735s] GC(170) Pause Young (Normal) (G1 Preventive Collection)
[2022-03-30T23:10:43.500+0800][213.735s] GC(170) Using 8 workers of 8 for evacuation
[2022-03-30T23:10:43.501+0800][213.736s] GC(170)   Pre Evacuate Collection Set: 0.0ms
[2022-03-30T23:10:43.501+0800][213.736s] GC(170)   Merge Heap Roots: 0.0ms
[2022-03-30T23:10:43.501+0800][213.736s] GC(170)   Evacuate Collection Set: 0.2ms
[2022-03-30T23:10:43.501+0800][213.736s] GC(170)   Post Evacuate Collection Set: 0.2ms
[2022-03-30T23:10:43.501+0800][213.736s] GC(170)   Other: 0.1ms
[2022-03-30T23:10:43.501+0800][213.736s] GC(170) Eden regions: 12->0(24)
[2022-03-30T23:10:43.501+0800][213.736s] GC(170) Survivor regions: 1->1(2)
[2022-03-30T23:10:43.501+0800][213.736s] GC(170) Old regions: 468->468
[2022-03-30T23:10:43.501+0800][213.736s] GC(170) Archive regions: 0->0
[2022-03-30T23:10:43.501+0800][213.736s] GC(170) Humongous regions: 29->29
[2022-03-30T23:10:43.501+0800][213.736s] GC(170) Metaspace: 52619K(52928K)->52619K(52928K) NonClass: 46469K(46656K)->46469K(46656K) Class: 6150K(6272K)->6150K(6272K)
[2022-03-30T23:10:43.501+0800][213.736s] GC(170) Pause Young (Normal) (G1 Preventive Collection) 506M->494M(512M) 0.635ms
[2022-03-30T23:10:43.501+0800][213.736s] GC(170) User=0.00s Sys=0.00s Real=0.00s
[2022-03-30T23:10:43.530+0800][213.765s] GC(171) Pause Young (Normal) (G1 Preventive Collection)
[2022-03-30T23:10:43.530+0800][213.765s] GC(171) Using 8 workers of 8 for evacuation
[2022-03-30T23:10:43.530+0800][213.765s] GC(171)   Pre Evacuate Collection Set: 0.0ms
[2022-03-30T23:10:43.530+0800][213.765s] GC(171)   Merge Heap Roots: 0.0ms
[2022-03-30T23:10:43.530+0800][213.765s] GC(171)   Evacuate Collection Set: 0.2ms
[2022-03-30T23:10:43.530+0800][213.765s] GC(171)   Post Evacuate Collection Set: 0.1ms
[2022-03-30T23:10:43.530+0800][213.765s] GC(171)   Other: 0.1ms
[2022-03-30T23:10:43.530+0800][213.765s] GC(171) Eden regions: 12->0(24)
[2022-03-30T23:10:43.530+0800][213.765s] GC(171) Survivor regions: 1->1(2)
[2022-03-30T23:10:43.530+0800][213.765s] GC(171) Old regions: 468->468
[2022-03-30T23:10:43.530+0800][213.765s] GC(171) Archive regions: 0->0
[2022-03-30T23:10:43.530+0800][213.765s] GC(171) Humongous regions: 29->29
[2022-03-30T23:10:43.530+0800][213.765s] GC(171) Metaspace: 52619K(52928K)->52619K(52928K) NonClass: 46469K(46656K)->46469K(46656K) Class: 6150K(6272K)->6150K(6272K)
[2022-03-30T23:10:43.530+0800][213.765s] GC(171) Pause Young (Normal) (G1 Preventive Collection) 506M->494M(512M) 0.545ms
[2022-03-30T23:10:43.530+0800][213.765s] GC(171) User=0.00s Sys=0.00s Real=0.00s
[2022-03-30T23:10:43.546+0800][213.781s] GC(172) Pause Young (Normal) (G1 Preventive Collection)
[2022-03-30T23:10:43.546+0800][213.781s] GC(172) Using 8 workers of 8 for evacuation
[2022-03-30T23:10:43.546+0800][213.782s] GC(172)   Pre Evacuate Collection Set: 0.0ms
[2022-03-30T23:10:43.546+0800][213.782s] GC(172)   Merge Heap Roots: 0.0ms
[2022-03-30T23:10:43.546+0800][213.782s] GC(172)   Evacuate Collection Set: 0.2ms
[2022-03-30T23:10:43.546+0800][213.782s] GC(172)   Post Evacuate Collection Set: 0.1ms
[2022-03-30T23:10:43.546+0800][213.782s] GC(172)   Other: 0.1ms
[2022-03-30T23:10:43.546+0800][213.782s] GC(172) Eden regions: 12->0(24)
[2022-03-30T23:10:43.546+0800][213.782s] GC(172) Survivor regions: 1->1(2)
[2022-03-30T23:10:43.546+0800][213.782s] GC(172) Old regions: 468->468
[2022-03-30T23:10:43.546+0800][213.782s] GC(172) Archive regions: 0->0
[2022-03-30T23:10:43.546+0800][213.782s] GC(172) Humongous regions: 29->29
[2022-03-30T23:10:43.546+0800][213.782s] GC(172) Metaspace: 52619K(52928K)->52619K(52928K) NonClass: 46469K(46656K)->46469K(46656K) Class: 6150K(6272K)->6150K(6272K)
[2022-03-30T23:10:43.546+0800][213.782s] GC(172) Pause Young (Normal) (G1 Preventive Collection) 506M->494M(512M) 0.545ms
[2022-03-30T23:10:43.546+0800][213.782s] GC(172) User=0.00s Sys=0.00s Real=0.00s
[2022-03-30T23:10:43.563+0800][213.798s] GC(173) Pause Young (Normal) (G1 Preventive Collection)
[2022-03-30T23:10:43.563+0800][213.798s] GC(173) Using 8 workers of 8 for evacuation
[2022-03-30T23:10:43.564+0800][213.798s] GC(173)   Pre Evacuate Collection Set: 0.0ms
[2022-03-30T23:10:43.564+0800][213.798s] GC(173)   Merge Heap Roots: 0.0ms
[2022-03-30T23:10:43.564+0800][213.798s] GC(173)   Evacuate Collection Set: 0.2ms
[2022-03-30T23:10:43.564+0800][213.798s] GC(173)   Post Evacuate Collection Set: 0.1ms
[2022-03-30T23:10:43.564+0800][213.798s] GC(173)   Other: 0.1ms
[2022-03-30T23:10:43.564+0800][213.798s] GC(173) Eden regions: 12->0(24)
[2022-03-30T23:10:43.564+0800][213.798s] GC(173) Survivor regions: 1->1(2)
[2022-03-30T23:10:43.564+0800][213.798s] GC(173) Old regions: 468->468
[2022-03-30T23:10:43.564+0800][213.798s] GC(173) Archive regions: 0->0
[2022-03-30T23:10:43.564+0800][213.798s] GC(173) Humongous regions: 29->29
[2022-03-30T23:10:43.564+0800][213.798s] GC(173) Metaspace: 52619K(52928K)->52619K(52928K) NonClass: 46469K(46656K)->46469K(46656K) Class: 6150K(6272K)->6150K(6272K)
[2022-03-30T23:10:43.564+0800][213.798s] GC(173) Pause Young (Normal) (G1 Preventive Collection) 506M->494M(512M) 0.573ms
[2022-03-30T23:10:43.564+0800][213.798s] GC(173) User=0.00s Sys=0.00s Real=0.00s
[2022-03-30T23:10:43.580+0800][213.815s] GC(174) Pause Young (Normal) (G1 Preventive Collection)
[2022-03-30T23:10:43.580+0800][213.815s] GC(174) Using 8 workers of 8 for evacuation
[2022-03-30T23:10:43.580+0800][213.815s] GC(174)   Pre Evacuate Collection Set: 0.0ms
[2022-03-30T23:10:43.580+0800][213.815s] GC(174)   Merge Heap Roots: 0.0ms
[2022-03-30T23:10:43.580+0800][213.815s] GC(174)   Evacuate Collection Set: 0.2ms
[2022-03-30T23:10:43.580+0800][213.815s] GC(174)   Post Evacuate Collection Set: 0.1ms
[2022-03-30T23:10:43.580+0800][213.815s] GC(174)   Other: 0.1ms
[2022-03-30T23:10:43.580+0800][213.815s] GC(174) Eden regions: 12->0(24)
[2022-03-30T23:10:43.580+0800][213.815s] GC(174) Survivor regions: 1->1(2)
[2022-03-30T23:10:43.580+0800][213.815s] GC(174) Old regions: 468->469
[2022-03-30T23:10:43.580+0800][213.815s] GC(174) Archive regions: 0->0
[2022-03-30T23:10:43.580+0800][213.815s] GC(174) Humongous regions: 29->29
[2022-03-30T23:10:43.580+0800][213.815s] GC(174) Metaspace: 52619K(52928K)->52619K(52928K) NonClass: 46469K(46656K)->46469K(46656K) Class: 6150K(6272K)->6150K(6272K)
[2022-03-30T23:10:43.580+0800][213.815s] GC(174) Pause Young (Normal) (G1 Preventive Collection) 506M->494M(512M) 0.536ms
[2022-03-30T23:10:43.580+0800][213.815s] GC(174) User=0.00s Sys=0.00s Real=0.00s
[2022-03-30T23:10:43.598+0800][213.833s] GC(175) Pause Young (Normal) (G1 Preventive Collection)
[2022-03-30T23:10:43.598+0800][213.833s] GC(175) Using 8 workers of 8 for evacuation
[2022-03-30T23:10:43.598+0800][213.833s] GC(175)   Pre Evacuate Collection Set: 0.0ms
[2022-03-30T23:10:43.598+0800][213.833s] GC(175)   Merge Heap Roots: 0.0ms
[2022-03-30T23:10:43.598+0800][213.833s] GC(175)   Evacuate Collection Set: 0.2ms
[2022-03-30T23:10:43.598+0800][213.833s] GC(175)   Post Evacuate Collection Set: 0.1ms
[2022-03-30T23:10:43.598+0800][213.833s] GC(175)   Other: 0.1ms
[2022-03-30T23:10:43.598+0800][213.833s] GC(175) Eden regions: 12->0(24)
[2022-03-30T23:10:43.598+0800][213.833s] GC(175) Survivor regions: 1->1(1)
[2022-03-30T23:10:43.598+0800][213.833s] GC(175) Old regions: 469->469
[2022-03-30T23:10:43.598+0800][213.833s] GC(175) Archive regions: 0->0
[2022-03-30T23:10:43.598+0800][213.833s] GC(175) Humongous regions: 29->29
[2022-03-30T23:10:43.598+0800][213.833s] GC(175) Metaspace: 52619K(52928K)->52619K(52928K) NonClass: 46469K(46656K)->46469K(46656K) Class: 6150K(6272K)->6150K(6272K)
[2022-03-30T23:10:43.598+0800][213.833s] GC(175) Pause Young (Normal) (G1 Preventive Collection) 506M->494M(512M) 0.566ms
[2022-03-30T23:10:43.598+0800][213.833s] GC(175) User=0.00s Sys=0.00s Real=0.00s
[2022-03-30T23:10:43.617+0800][213.852s] GC(176) Pause Young (Normal) (G1 Preventive Collection)
[2022-03-30T23:10:43.617+0800][213.852s] GC(176) Using 8 workers of 8 for evacuation
[2022-03-30T23:10:43.619+0800][213.853s] GC(176)   Pre Evacuate Collection Set: 0.0ms
[2022-03-30T23:10:43.619+0800][213.853s] GC(176)   Merge Heap Roots: 0.0ms
[2022-03-30T23:10:43.619+0800][213.853s] GC(176)   Evacuate Collection Set: 0.2ms
[2022-03-30T23:10:43.619+0800][213.853s] GC(176)   Post Evacuate Collection Set: 0.2ms
[2022-03-30T23:10:43.619+0800][213.853s] GC(176)   Other: 0.1ms
[2022-03-30T23:10:43.619+0800][213.853s] GC(176) Eden regions: 12->0(24)
[2022-03-30T23:10:43.619+0800][213.853s] GC(176) Survivor regions: 1->1(1)
[2022-03-30T23:10:43.619+0800][213.853s] GC(176) Old regions: 469->469
[2022-03-30T23:10:43.619+0800][213.853s] GC(176) Archive regions: 0->0
[2022-03-30T23:10:43.619+0800][213.853s] GC(176) Humongous regions: 29->29
[2022-03-30T23:10:43.619+0800][213.853s] GC(176) Metaspace: 52619K(52928K)->52619K(52928K) NonClass: 46469K(46656K)->46469K(46656K) Class: 6150K(6272K)->6150K(6272K)
[2022-03-30T23:10:43.619+0800][213.853s] GC(176) Pause Young (Normal) (G1 Preventive Collection) 506M->494M(512M) 0.660ms
[2022-03-30T23:10:43.619+0800][213.853s] GC(176) User=0.00s Sys=0.00s Real=0.00s
[2022-03-30T23:10:43.639+0800][213.874s] GC(177) Pause Young (Normal) (G1 Preventive Collection)
[2022-03-30T23:10:43.639+0800][213.874s] GC(177) Using 8 workers of 8 for evacuation
[2022-03-30T23:10:43.640+0800][213.875s] GC(177)   Pre Evacuate Collection Set: 0.1ms
[2022-03-30T23:10:43.640+0800][213.875s] GC(177)   Merge Heap Roots: 0.0ms
[2022-03-30T23:10:43.640+0800][213.875s] GC(177)   Evacuate Collection Set: 0.2ms
[2022-03-30T23:10:43.640+0800][213.875s] GC(177)   Post Evacuate Collection Set: 0.3ms
[2022-03-30T23:10:43.640+0800][213.875s] GC(177)   Other: 0.1ms
[2022-03-30T23:10:43.640+0800][213.875s] GC(177) Eden regions: 12->0(24)
[2022-03-30T23:10:43.640+0800][213.875s] GC(177) Survivor regions: 1->1(1)
[2022-03-30T23:10:43.640+0800][213.875s] GC(177) Old regions: 469->469
[2022-03-30T23:10:43.640+0800][213.875s] GC(177) Archive regions: 0->0
[2022-03-30T23:10:43.640+0800][213.875s] GC(177) Humongous regions: 29->29
[2022-03-30T23:10:43.640+0800][213.875s] GC(177) Metaspace: 52619K(52928K)->52619K(52928K) NonClass: 46469K(46656K)->46469K(46656K) Class: 6150K(6272K)->6150K(6272K)
[2022-03-30T23:10:43.640+0800][213.875s] GC(177) Pause Young (Normal) (G1 Preventive Collection) 506M->494M(512M) 0.716ms
[2022-03-30T23:10:43.640+0800][213.875s] GC(177) User=0.00s Sys=0.00s Real=0.00s
[2022-03-30T23:10:43.658+0800][213.892s] GC(157) Concurrent Mark From Roots 409.525ms
[2022-03-30T23:10:43.658+0800][213.892s] GC(157) Concurrent Preclean
[2022-03-30T23:10:43.658+0800][213.892s] GC(157) Concurrent Preclean 0.224ms
[2022-03-30T23:10:43.658+0800][213.892s] GC(157) Pause Remark
[2022-03-30T23:10:43.660+0800][213.895s] GC(157) Pause Remark 505M->505M(512M) 2.154ms
[2022-03-30T23:10:43.660+0800][213.895s] GC(157) User=0.00s Sys=0.00s Real=0.00s
[2022-03-30T23:10:43.660+0800][213.895s] GC(157) Concurrent Mark 412.167ms
[2022-03-30T23:10:43.660+0800][213.895s] GC(157) Concurrent Rebuild Remembered Sets
[2022-03-30T23:10:43.663+0800][213.898s] GC(178) Pause Young (Normal) (G1 Preventive Collection)
[2022-03-30T23:10:43.664+0800][213.898s] GC(178) Using 8 workers of 8 for evacuation
[2022-03-30T23:10:43.664+0800][213.899s] GC(178)   Pre Evacuate Collection Set: 0.0ms
[2022-03-30T23:10:43.664+0800][213.899s] GC(178)   Merge Heap Roots: 0.0ms
[2022-03-30T23:10:43.664+0800][213.899s] GC(178)   Evacuate Collection Set: 0.2ms
[2022-03-30T23:10:43.664+0800][213.899s] GC(178)   Post Evacuate Collection Set: 0.3ms
[2022-03-30T23:10:43.664+0800][213.899s] GC(178)   Other: 0.1ms
[2022-03-30T23:10:43.664+0800][213.899s] GC(178) Eden regions: 12->0(24)
[2022-03-30T23:10:43.664+0800][213.899s] GC(178) Survivor regions: 1->1(1)
[2022-03-30T23:10:43.664+0800][213.899s] GC(178) Old regions: 469->469
[2022-03-30T23:10:43.664+0800][213.899s] GC(178) Archive regions: 0->0
[2022-03-30T23:10:43.664+0800][213.899s] GC(178) Humongous regions: 29->29
[2022-03-30T23:10:43.664+0800][213.899s] GC(178) Metaspace: 52619K(52928K)->52619K(52928K) NonClass: 46469K(46656K)->46469K(46656K) Class: 6150K(6272K)->6150K(6272K)
[2022-03-30T23:10:43.664+0800][213.899s] GC(178) Pause Young (Normal) (G1 Preventive Collection) 506M->494M(512M) 0.776ms
[2022-03-30T23:10:43.664+0800][213.899s] GC(178) User=0.00s Sys=0.00s Real=0.00s
[2022-03-30T23:10:43.687+0800][213.922s] GC(179) Pause Young (Normal) (G1 Preventive Collection)
[2022-03-30T23:10:43.687+0800][213.922s] GC(179) Using 8 workers of 8 for evacuation
[2022-03-30T23:10:43.688+0800][213.922s] GC(179)   Pre Evacuate Collection Set: 0.0ms
[2022-03-30T23:10:43.688+0800][213.922s] GC(179)   Merge Heap Roots: 0.0ms
[2022-03-30T23:10:43.688+0800][213.922s] GC(179)   Evacuate Collection Set: 0.2ms
[2022-03-30T23:10:43.688+0800][213.922s] GC(179)   Post Evacuate Collection Set: 0.1ms
[2022-03-30T23:10:43.688+0800][213.923s] GC(179)   Other: 0.1ms
[2022-03-30T23:10:43.688+0800][213.923s] GC(179) Eden regions: 12->0(24)
[2022-03-30T23:10:43.688+0800][213.923s] GC(179) Survivor regions: 1->1(1)
[2022-03-30T23:10:43.688+0800][213.923s] GC(179) Old regions: 469->469
[2022-03-30T23:10:43.688+0800][213.923s] GC(179) Archive regions: 0->0
[2022-03-30T23:10:43.688+0800][213.923s] GC(179) Humongous regions: 29->29
[2022-03-30T23:10:43.688+0800][213.923s] GC(179) Metaspace: 52619K(52928K)->52619K(52928K) NonClass: 46469K(46656K)->46469K(46656K) Class: 6150K(6272K)->6150K(6272K)
[2022-03-30T23:10:43.688+0800][213.923s] GC(179) Pause Young (Normal) (G1 Preventive Collection) 506M->494M(512M) 0.579ms
[2022-03-30T23:10:43.688+0800][213.923s] GC(179) User=0.00s Sys=0.00s Real=0.00s
[2022-03-30T23:10:43.891+0800][214.126s] GC(157) Concurrent Rebuild Remembered Sets 230.869ms
[2022-03-30T23:10:43.891+0800][214.126s] GC(157) Pause Cleanup
[2022-03-30T23:10:43.891+0800][214.126s] GC(157) Pause Cleanup 505M->505M(512M) 0.159ms
[2022-03-30T23:10:43.892+0800][214.126s] GC(157) User=0.00s Sys=0.00s Real=0.00s
[2022-03-30T23:10:43.892+0800][214.126s] GC(157) Concurrent Cleanup for Next Mark
[2022-03-30T23:10:43.892+0800][214.126s] GC(157) Concurrent Cleanup for Next Mark 0.225ms
[2022-03-30T23:10:43.892+0800][214.126s] GC(157) Concurrent Mark Cycle 644.499ms
[2022-03-30T23:10:47.009+0800][217.243s] GC(180) Pause Young (Normal) (G1 Preventive Collection)
[2022-03-30T23:10:47.009+0800][217.243s] GC(180) Using 8 workers of 8 for evacuation
[2022-03-30T23:10:47.011+0800][217.245s] GC(180)   Pre Evacuate Collection Set: 0.1ms
[2022-03-30T23:10:47.011+0800][217.245s] GC(180)   Merge Heap Roots: 0.1ms
[2022-03-30T23:10:47.011+0800][217.245s] GC(180)   Evacuate Collection Set: 1.1ms
[2022-03-30T23:10:47.011+0800][217.245s] GC(180)   Post Evacuate Collection Set: 0.5ms
[2022-03-30T23:10:47.011+0800][217.245s] GC(180)   Other: 0.1ms
[2022-03-30T23:10:47.011+0800][217.245s] GC(180) Eden regions: 12->0(24)
[2022-03-30T23:10:47.011+0800][217.245s] GC(180) Survivor regions: 1->1(1)
[2022-03-30T23:10:47.011+0800][217.245s] GC(180) Old regions: 469->469
[2022-03-30T23:10:47.011+0800][217.245s] GC(180) Archive regions: 0->0
[2022-03-30T23:10:47.011+0800][217.245s] GC(180) Humongous regions: 29->29
[2022-03-30T23:10:47.011+0800][217.246s] GC(180) Metaspace: 52652K(52992K)->52652K(52992K) NonClass: 46502K(46720K)->46502K(46720K) Class: 6150K(6272K)->6150K(6272K)
[2022-03-30T23:10:47.011+0800][217.246s] GC(180) Pause Young (Normal) (G1 Preventive Collection) 506M->495M(512M) 2.196ms
[2022-03-30T23:10:47.011+0800][217.246s] GC(180) User=0.00s Sys=0.00s Real=0.00s
[2022-03-30T23:10:47.090+0800][217.326s] GC(181) Pause Young (Concurrent Start) (G1 Preventive Collection)
[2022-03-30T23:10:47.090+0800][217.326s] GC(181) Using 8 workers of 8 for evacuation
[2022-03-30T23:10:47.092+0800][217.327s] GC(181)   Pre Evacuate Collection Set: 0.1ms
[2022-03-30T23:10:47.092+0800][217.327s] GC(181)   Merge Heap Roots: 0.0ms
[2022-03-30T23:10:47.092+0800][217.327s] GC(181)   Evacuate Collection Set: 0.8ms
[2022-03-30T23:10:47.092+0800][217.327s] GC(181)   Post Evacuate Collection Set: 0.4ms
[2022-03-30T23:10:47.092+0800][217.327s] GC(181)   Other: 0.2ms
[2022-03-30T23:10:47.092+0800][217.327s] GC(181) Eden regions: 12->0(24)
[2022-03-30T23:10:47.092+0800][217.327s] GC(181) Survivor regions: 1->1(1)
[2022-03-30T23:10:47.092+0800][217.327s] GC(181) Old regions: 469->469
[2022-03-30T23:10:47.092+0800][217.327s] GC(181) Archive regions: 0->0
[2022-03-30T23:10:47.092+0800][217.327s] GC(181) Humongous regions: 29->29
[2022-03-30T23:10:47.092+0800][217.327s] GC(181) Metaspace: 52666K(52992K)->52666K(52992K) NonClass: 46516K(46720K)->46516K(46720K) Class: 6150K(6272K)->6150K(6272K)
[2022-03-30T23:10:47.092+0800][217.327s] GC(181) Pause Young (Concurrent Start) (G1 Preventive Collection) 507M->496M(512M) 1.604ms
[2022-03-30T23:10:47.092+0800][217.327s] GC(181) User=0.00s Sys=0.00s Real=0.00s
[2022-03-30T23:10:47.092+0800][217.327s] GC(182) Concurrent Mark Cycle
[2022-03-30T23:10:47.092+0800][217.327s] GC(182) Concurrent Clear Claimed Marks
[2022-03-30T23:10:47.092+0800][217.327s] GC(182) Concurrent Clear Claimed Marks 0.079ms
[2022-03-30T23:10:47.092+0800][217.327s] GC(182) Concurrent Scan Root Regions
[2022-03-30T23:10:47.094+0800][217.329s] GC(182) Concurrent Scan Root Regions 1.389ms
[2022-03-30T23:10:47.094+0800][217.329s] GC(182) Concurrent Mark
[2022-03-30T23:10:47.094+0800][217.329s] GC(182) Concurrent Mark From Roots
[2022-03-30T23:10:47.094+0800][217.329s] GC(182) Using 2 workers of 2 for marking
[2022-03-30T23:10:47.216+0800][217.451s] GC(183) Pause Young (Normal) (G1 Preventive Collection)
[2022-03-30T23:10:47.216+0800][217.451s] GC(183) Using 8 workers of 8 for evacuation
[2022-03-30T23:10:47.217+0800][217.452s] GC(183)   Pre Evacuate Collection Set: 0.0ms
[2022-03-30T23:10:47.217+0800][217.452s] GC(183)   Merge Heap Roots: 0.0ms
[2022-03-30T23:10:47.217+0800][217.452s] GC(183)   Evacuate Collection Set: 0.5ms
[2022-03-30T23:10:47.217+0800][217.452s] GC(183)   Post Evacuate Collection Set: 0.2ms
[2022-03-30T23:10:47.217+0800][217.452s] GC(183)   Other: 0.1ms
[2022-03-30T23:10:47.217+0800][217.452s] GC(183) Eden regions: 11->0(24)
[2022-03-30T23:10:47.217+0800][217.452s] GC(183) Survivor regions: 1->1(2)
[2022-03-30T23:10:47.217+0800][217.452s] GC(183) Old regions: 469->469
[2022-03-30T23:10:47.217+0800][217.452s] GC(183) Archive regions: 0->0
[2022-03-30T23:10:47.217+0800][217.452s] GC(183) Humongous regions: 29->29
[2022-03-30T23:10:47.217+0800][217.452s] GC(183) Metaspace: 52669K(52992K)->52669K(52992K) NonClass: 46519K(46720K)->46519K(46720K) Class: 6150K(6272K)->6150K(6272K)
[2022-03-30T23:10:47.217+0800][217.452s] GC(183) Pause Young (Normal) (G1 Preventive Collection) 507M->496M(512M) 1.023ms
[2022-03-30T23:10:47.217+0800][217.452s] GC(183) User=0.00s Sys=0.00s Real=0.00s
[2022-03-30T23:10:47.567+0800][217.802s] GC(182) Concurrent Mark From Roots 472.762ms
[2022-03-30T23:10:47.567+0800][217.802s] GC(182) Concurrent Preclean
[2022-03-30T23:10:47.568+0800][217.802s] GC(182) Concurrent Preclean 0.392ms
[2022-03-30T23:10:47.568+0800][217.802s] GC(182) Pause Remark
[2022-03-30T23:10:47.570+0800][217.804s] GC(182) Pause Remark 505M->505M(512M) 1.981ms
[2022-03-30T23:10:47.570+0800][217.804s] GC(182) User=0.11s Sys=0.00s Real=0.00s
[2022-03-30T23:10:47.570+0800][217.804s] GC(182) Concurrent Mark 475.438ms
[2022-03-30T23:10:47.570+0800][217.804s] GC(182) Concurrent Rebuild Remembered Sets
[2022-03-30T23:10:47.705+0800][217.940s] GC(182) Concurrent Rebuild Remembered Sets 135.940ms
[2022-03-30T23:10:47.706+0800][217.940s] GC(182) Pause Cleanup
[2022-03-30T23:10:47.706+0800][217.941s] GC(182) Pause Cleanup 505M->505M(512M) 0.096ms
[2022-03-30T23:10:47.706+0800][217.941s] GC(182) User=0.00s Sys=0.00s Real=0.00s
[2022-03-30T23:10:47.706+0800][217.941s] GC(182) Concurrent Cleanup for Next Mark
[2022-03-30T23:10:47.706+0800][217.941s] GC(182) Concurrent Cleanup for Next Mark 0.172ms
[2022-03-30T23:10:47.706+0800][217.941s] GC(182) Concurrent Mark Cycle 613.461ms
[2022-03-30T23:10:49.995+0800][220.230s] GC(184) Pause Young (Concurrent Start) (G1 Humongous Allocation)
[2022-03-30T23:10:49.995+0800][220.230s] GC(184) Using 8 workers of 8 for evacuation
[2022-03-30T23:10:49.996+0800][220.232s] GC(184)   Pre Evacuate Collection Set: 0.1ms
[2022-03-30T23:10:49.997+0800][220.232s] GC(184)   Merge Heap Roots: 0.1ms
[2022-03-30T23:10:49.997+0800][220.232s] GC(184)   Evacuate Collection Set: 0.5ms
[2022-03-30T23:10:49.997+0800][220.232s] GC(184)   Post Evacuate Collection Set: 0.6ms
[2022-03-30T23:10:49.997+0800][220.232s] GC(184)   Other: 0.2ms
[2022-03-30T23:10:49.997+0800][220.232s] GC(184) Eden regions: 10->0(24)
[2022-03-30T23:10:49.997+0800][220.232s] GC(184) Survivor regions: 1->1(3)
[2022-03-30T23:10:49.997+0800][220.232s] GC(184) Old regions: 469->469
[2022-03-30T23:10:49.997+0800][220.232s] GC(184) Archive regions: 0->0
[2022-03-30T23:10:49.997+0800][220.232s] GC(184) Humongous regions: 29->29
[2022-03-30T23:10:49.997+0800][220.232s] GC(184) Metaspace: 52675K(52992K)->52675K(52992K) NonClass: 46525K(46720K)->46525K(46720K) Class: 6150K(6272K)->6150K(6272K)
[2022-03-30T23:10:49.997+0800][220.232s] GC(184) Pause Young (Concurrent Start) (G1 Humongous Allocation) 505M->495M(512M) 1.486ms
[2022-03-30T23:10:49.997+0800][220.232s] GC(184) User=0.00s Sys=0.00s Real=0.00s
[2022-03-30T23:10:49.997+0800][220.232s] GC(185) Concurrent Mark Cycle
[2022-03-30T23:10:49.997+0800][220.232s] GC(185) Concurrent Clear Claimed Marks
[2022-03-30T23:10:49.997+0800][220.232s] GC(185) Concurrent Clear Claimed Marks 0.023ms
[2022-03-30T23:10:49.997+0800][220.232s] GC(185) Concurrent Scan Root Regions
[2022-03-30T23:10:49.997+0800][220.233s] GC(185) Concurrent Scan Root Regions 0.674ms
[2022-03-30T23:10:49.998+0800][220.233s] GC(185) Concurrent Mark
[2022-03-30T23:10:49.998+0800][220.233s] GC(185) Concurrent Mark From Roots
[2022-03-30T23:10:49.998+0800][220.233s] GC(185) Using 2 workers of 2 for marking
[2022-03-30T23:10:49.998+0800][220.233s] GC(186) Pause Young (Normal) (G1 Humongous Allocation)
[2022-03-30T23:10:49.998+0800][220.233s] GC(186) Using 8 workers of 8 for evacuation
[2022-03-30T23:10:49.999+0800][220.234s] GC(186)   Pre Evacuate Collection Set: 0.8ms
[2022-03-30T23:10:49.999+0800][220.234s] GC(186)   Merge Heap Roots: 0.1ms
[2022-03-30T23:10:49.999+0800][220.234s] GC(186)   Evacuate Collection Set: 0.3ms
[2022-03-30T23:10:49.999+0800][220.234s] GC(186)   Post Evacuate Collection Set: 0.6ms
[2022-03-30T23:10:49.999+0800][220.234s] GC(186)   Other: 0.1ms
[2022-03-30T23:10:49.999+0800][220.234s] GC(186) Eden regions: 0->0(24)
[2022-03-30T23:10:49.999+0800][220.234s] GC(186) Survivor regions: 1->1(4)
[2022-03-30T23:10:49.999+0800][220.234s] GC(186) Old regions: 469->469
[2022-03-30T23:10:49.999+0800][220.234s] GC(186) Archive regions: 0->0
[2022-03-30T23:10:49.999+0800][220.234s] GC(186) Humongous regions: 29->29
[2022-03-30T23:10:49.999+0800][220.234s] GC(186) Metaspace: 52675K(52992K)->52675K(52992K) NonClass: 46525K(46720K)->46525K(46720K) Class: 6150K(6272K)->6150K(6272K)
[2022-03-30T23:10:49.999+0800][220.234s] GC(186) Pause Young (Normal) (G1 Humongous Allocation) 495M->495M(512M) 1.332ms
[2022-03-30T23:10:49.999+0800][220.234s] GC(186) User=0.00s Sys=0.00s Real=0.00s
[2022-03-30T23:10:49.999+0800][220.234s] Attempting full compaction
[2022-03-30T23:10:49.999+0800][220.234s] GC(187) Using 8 workers of 8 for full compaction
[2022-03-30T23:10:49.999+0800][220.234s] GC(187) Pause Full (G1 Compaction Pause)
[2022-03-30T23:10:49.999+0800][220.235s] GC(187) Phase 1: Mark live objects
[2022-03-30T23:10:50.154+0800][220.389s] GC(187) Phase 1: Mark live objects 154.246ms
[2022-03-30T23:10:50.154+0800][220.389s] GC(187) Phase 2: Prepare for compaction
[2022-03-30T23:10:50.156+0800][220.390s] GC(187) Phase 2: Prepare for compaction 1.074ms
[2022-03-30T23:10:50.156+0800][220.390s] GC(187) Phase 3: Adjust pointers
[2022-03-30T23:10:50.193+0800][220.428s] GC(187) Phase 3: Adjust pointers 38.282ms
[2022-03-30T23:10:50.193+0800][220.428s] GC(187) Phase 4: Compact heap
[2022-03-30T23:10:50.195+0800][220.429s] GC(187) Phase 4: Compact heap 1.058ms
[2022-03-30T23:10:50.198+0800][220.433s] GC(187) Eden regions: 0->0(25)
[2022-03-30T23:10:50.198+0800][220.433s] GC(187) Survivor regions: 1->0(4)
[2022-03-30T23:10:50.198+0800][220.433s] GC(187) Old regions: 469->469
[2022-03-30T23:10:50.198+0800][220.433s] GC(187) Archive regions: 0->0
[2022-03-30T23:10:50.198+0800][220.433s] GC(187) Humongous regions: 29->29
[2022-03-30T23:10:50.198+0800][220.433s] GC(187) Metaspace: 52675K(52992K)->52675K(52992K) NonClass: 46525K(46720K)->46525K(46720K) Class: 6150K(6272K)->6150K(6272K)
[2022-03-30T23:10:50.198+0800][220.433s] GC(187) Pause Full (G1 Compaction Pause) 495M->493M(512M) 198.631ms
[2022-03-30T23:10:50.199+0800][220.433s] GC(187) User=1.52s Sys=0.02s Real=0.20s
[2022-03-30T23:10:50.199+0800][220.433s] Attempting maximum full compaction clearing soft references
[2022-03-30T23:10:50.199+0800][220.433s] GC(188) Using 8 workers of 8 for full compaction
[2022-03-30T23:10:50.199+0800][220.433s] GC(188) Pause Full (G1 Compaction Pause)
[2022-03-30T23:10:50.199+0800][220.433s] GC(188) Phase 1: Mark live objects
[2022-03-30T23:10:50.352+0800][220.587s] GC(188) Phase 1: Mark live objects 153.556ms
[2022-03-30T23:10:50.352+0800][220.587s] GC(188) Phase 2: Prepare for compaction
[2022-03-30T23:10:50.386+0800][220.621s] GC(188) Phase 2: Prepare for compaction 33.765ms
[2022-03-30T23:10:50.386+0800][220.621s] GC(188) Phase 3: Adjust pointers
[2022-03-30T23:10:50.436+0800][220.671s] GC(188) Phase 3: Adjust pointers 49.950ms
[2022-03-30T23:10:50.436+0800][220.671s] GC(188) Phase 4: Compact heap
[2022-03-30T23:10:50.473+0800][220.708s] GC(188) Phase 4: Compact heap 36.867ms
[2022-03-30T23:10:50.478+0800][220.712s] GC(188) Eden regions: 0->0(25)
[2022-03-30T23:10:50.478+0800][220.712s] GC(188) Survivor regions: 0->0(4)
[2022-03-30T23:10:50.478+0800][220.712s] GC(188) Old regions: 469->467
[2022-03-30T23:10:50.478+0800][220.712s] GC(188) Archive regions: 0->0
[2022-03-30T23:10:50.478+0800][220.712s] GC(188) Humongous regions: 29->29
[2022-03-30T23:10:50.478+0800][220.712s] GC(188) Metaspace: 52675K(52992K)->52675K(52992K) NonClass: 46525K(46720K)->46525K(46720K) Class: 6150K(6272K)->6150K(6272K)
[2022-03-30T23:10:50.478+0800][220.712s] GC(188) Pause Full (G1 Compaction Pause) 493M->492M(512M) 278.976ms
[2022-03-30T23:10:50.478+0800][220.713s] GC(188) User=1.94s Sys=0.00s Real=0.28s
[2022-03-30T23:10:50.478+0800][220.713s] GC(185) Concurrent Mark From Roots 479.975ms
[2022-03-30T23:10:50.478+0800][220.713s] GC(185) Concurrent Mark Abort
[2022-03-30T23:10:50.478+0800][220.713s] GC(185) Concurrent Mark Cycle 480.869ms
[2022-03-30T23:11:09.151+0800][239.386s] GC(189) Pause Young (Normal) (G1 Preventive Collection)
[2022-03-30T23:11:09.151+0800][239.386s] GC(189) Using 8 workers of 8 for evacuation
[2022-03-30T23:11:09.153+0800][239.388s] GC(189) To-space exhausted
[2022-03-30T23:11:09.153+0800][239.388s] GC(189)   Pre Evacuate Collection Set: 0.1ms
[2022-03-30T23:11:09.153+0800][239.388s] GC(189)   Merge Heap Roots: 0.1ms
[2022-03-30T23:11:09.153+0800][239.388s] GC(189)   Evacuate Collection Set: 0.6ms
[2022-03-30T23:11:09.153+0800][239.388s] GC(189)   Post Evacuate Collection Set: 1.0ms
[2022-03-30T23:11:09.153+0800][239.388s] GC(189)   Other: 0.2ms
[2022-03-30T23:11:09.153+0800][239.388s] GC(189) Eden regions: 15->0(24)
[2022-03-30T23:11:09.153+0800][239.388s] GC(189) Survivor regions: 0->1(1)
[2022-03-30T23:11:09.153+0800][239.388s] GC(189) Old regions: 467->476
[2022-03-30T23:11:09.153+0800][239.388s] GC(189) Archive regions: 0->0
[2022-03-30T23:11:09.153+0800][239.388s] GC(189) Humongous regions: 29->29
[2022-03-30T23:11:09.153+0800][239.388s] GC(189) Metaspace: 52846K(53248K)->52846K(53248K) NonClass: 46674K(46912K)->46674K(46912K) Class: 6171K(6336K)->6171K(6336K)
[2022-03-30T23:11:09.153+0800][239.388s] GC(189) Pause Young (Normal) (G1 Preventive Collection) 507M->502M(512M) 2.138ms
[2022-03-30T23:11:09.153+0800][239.388s] GC(189) User=0.00s Sys=0.00s Real=0.00s
[2022-03-30T23:11:09.178+0800][239.413s] GC(190) Pause Young (Concurrent Start) (G1 Preventive Collection)
[2022-03-30T23:11:09.178+0800][239.413s] GC(190) Using 8 workers of 8 for evacuation
[2022-03-30T23:11:09.179+0800][239.414s] GC(190)   Pre Evacuate Collection Set: 0.1ms
[2022-03-30T23:11:09.179+0800][239.414s] GC(190)   Merge Heap Roots: 0.1ms
[2022-03-30T23:11:09.179+0800][239.414s] GC(190)   Evacuate Collection Set: 0.5ms
[2022-03-30T23:11:09.179+0800][239.414s] GC(190)   Post Evacuate Collection Set: 0.4ms
[2022-03-30T23:11:09.179+0800][239.414s] GC(190)   Other: 0.2ms
[2022-03-30T23:11:09.179+0800][239.414s] GC(190) Eden regions: 4->0(23)
[2022-03-30T23:11:09.179+0800][239.414s] GC(190) Survivor regions: 1->2(2)
[2022-03-30T23:11:09.179+0800][239.414s] GC(190) Old regions: 476->476
[2022-03-30T23:11:09.180+0800][239.414s] GC(190) Archive regions: 0->0
[2022-03-30T23:11:09.180+0800][239.414s] GC(190) Humongous regions: 29->29
[2022-03-30T23:11:09.180+0800][239.414s] GC(190) Metaspace: 52846K(53248K)->52846K(53248K) NonClass: 46674K(46912K)->46674K(46912K) Class: 6171K(6336K)->6171K(6336K)
[2022-03-30T23:11:09.180+0800][239.414s] GC(190) Pause Young (Concurrent Start) (G1 Preventive Collection) 506M->502M(512M) 1.445ms
[2022-03-30T23:11:09.180+0800][239.414s] GC(190) User=0.12s Sys=0.00s Real=0.00s
[2022-03-30T23:11:09.180+0800][239.415s] GC(191) Concurrent Mark Cycle
[2022-03-30T23:11:09.180+0800][239.415s] GC(191) Concurrent Clear Claimed Marks
[2022-03-30T23:11:09.180+0800][239.415s] GC(191) Concurrent Clear Claimed Marks 0.014ms
[2022-03-30T23:11:09.180+0800][239.415s] GC(191) Concurrent Scan Root Regions
[2022-03-30T23:11:09.180+0800][239.415s] GC(191) Concurrent Scan Root Regions 0.836ms
[2022-03-30T23:11:09.181+0800][239.415s] GC(191) Concurrent Mark
[2022-03-30T23:11:09.181+0800][239.415s] GC(191) Concurrent Mark From Roots
[2022-03-30T23:11:09.181+0800][239.415s] GC(191) Using 2 workers of 2 for marking
[2022-03-30T23:11:09.208+0800][239.442s] GC(192) Pause Young (Normal) (G1 Preventive Collection)
[2022-03-30T23:11:09.208+0800][239.442s] GC(192) Using 8 workers of 8 for evacuation
[2022-03-30T23:11:09.210+0800][239.444s] GC(192) To-space exhausted
[2022-03-30T23:11:09.210+0800][239.444s] GC(192)   Pre Evacuate Collection Set: 0.1ms
[2022-03-30T23:11:09.210+0800][239.444s] GC(192)   Merge Heap Roots: 0.0ms
[2022-03-30T23:11:09.210+0800][239.444s] GC(192)   Evacuate Collection Set: 0.9ms
[2022-03-30T23:11:09.210+0800][239.444s] GC(192)   Post Evacuate Collection Set: 0.8ms
[2022-03-30T23:11:09.210+0800][239.444s] GC(192)   Other: 0.2ms
[2022-03-30T23:11:09.210+0800][239.444s] GC(192) Eden regions: 4->0(24)
[2022-03-30T23:11:09.210+0800][239.445s] GC(192) Survivor regions: 2->1(1)
[2022-03-30T23:11:09.210+0800][239.445s] GC(192) Old regions: 476->479
[2022-03-30T23:11:09.210+0800][239.445s] GC(192) Archive regions: 0->0
[2022-03-30T23:11:09.210+0800][239.445s] GC(192) Humongous regions: 29->29
[2022-03-30T23:11:09.210+0800][239.445s] GC(192) Metaspace: 52846K(53248K)->52846K(53248K) NonClass: 46674K(46912K)->46674K(46912K) Class: 6171K(6336K)->6171K(6336K)
[2022-03-30T23:11:09.210+0800][239.445s] GC(192) Pause Young (Normal) (G1 Preventive Collection) 506M->504M(512M) 2.112ms
[2022-03-30T23:11:09.210+0800][239.445s] GC(192) User=0.02s Sys=0.00s Real=0.00s
[2022-03-30T23:11:09.224+0800][239.459s] GC(193) Pause Young (Normal) (G1 Preventive Collection)
[2022-03-30T23:11:09.224+0800][239.459s] GC(193) Using 8 workers of 8 for evacuation
[2022-03-30T23:11:09.225+0800][239.460s] GC(193) To-space exhausted
[2022-03-30T23:11:09.225+0800][239.460s] GC(193)   Pre Evacuate Collection Set: 0.1ms
[2022-03-30T23:11:09.225+0800][239.460s] GC(193)   Merge Heap Roots: 0.1ms
[2022-03-30T23:11:09.225+0800][239.460s] GC(193)   Evacuate Collection Set: 0.9ms
[2022-03-30T23:11:09.225+0800][239.460s] GC(193)   Post Evacuate Collection Set: 0.6ms
[2022-03-30T23:11:09.225+0800][239.460s] GC(193)   Other: 0.2ms
[2022-03-30T23:11:09.225+0800][239.461s] GC(193) Eden regions: 2->0(24)
[2022-03-30T23:11:09.225+0800][239.461s] GC(193) Survivor regions: 1->1(1)
[2022-03-30T23:11:09.225+0800][239.461s] GC(193) Old regions: 479->482
[2022-03-30T23:11:09.226+0800][239.461s] GC(193) Archive regions: 0->0
[2022-03-30T23:11:09.226+0800][239.461s] GC(193) Humongous regions: 29->29
[2022-03-30T23:11:09.226+0800][239.461s] GC(193) Metaspace: 52846K(53248K)->52846K(53248K) NonClass: 46674K(46912K)->46674K(46912K) Class: 6171K(6336K)->6171K(6336K)
[2022-03-30T23:11:09.226+0800][239.461s] GC(193) Pause Young (Normal) (G1 Preventive Collection) 506M->507M(512M) 1.940ms
[2022-03-30T23:11:09.226+0800][239.461s] GC(193) User=0.00s Sys=0.02s Real=0.00s
[2022-03-30T23:11:09.226+0800][239.461s] Attempting full compaction
[2022-03-30T23:11:09.226+0800][239.461s] GC(194) Using 8 workers of 8 for full compaction
[2022-03-30T23:11:09.226+0800][239.461s] GC(194) Pause Full (G1 Compaction Pause)
[2022-03-30T23:11:09.226+0800][239.461s] GC(194) Phase 1: Mark live objects
[2022-03-30T23:11:09.414+0800][239.648s] GC(194) Phase 1: Mark live objects 187.263ms
[2022-03-30T23:11:09.414+0800][239.648s] GC(194) Phase 2: Prepare for compaction
[2022-03-30T23:11:09.415+0800][239.650s] GC(194) Phase 2: Prepare for compaction 1.467ms
[2022-03-30T23:11:09.415+0800][239.650s] GC(194) Phase 3: Adjust pointers
[2022-03-30T23:11:09.465+0800][239.699s] GC(194) Phase 3: Adjust pointers 49.321ms
[2022-03-30T23:11:09.465+0800][239.699s] GC(194) Phase 4: Compact heap
[2022-03-30T23:11:09.466+0800][239.700s] GC(194) Phase 4: Compact heap 1.034ms
[2022-03-30T23:11:09.471+0800][239.706s] GC(194) Eden regions: 0->0(25)
[2022-03-30T23:11:09.471+0800][239.706s] GC(194) Survivor regions: 1->0(1)
[2022-03-30T23:11:09.471+0800][239.706s] GC(194) Old regions: 482->465
[2022-03-30T23:11:09.471+0800][239.706s] GC(194) Archive regions: 0->0
[2022-03-30T23:11:09.471+0800][239.706s] GC(194) Humongous regions: 29->29
[2022-03-30T23:11:09.471+0800][239.706s] GC(194) Metaspace: 52846K(53248K)->52846K(53248K) NonClass: 46674K(46912K)->46674K(46912K) Class: 6171K(6336K)->6171K(6336K)
[2022-03-30T23:11:09.471+0800][239.706s] GC(194) Pause Full (G1 Compaction Pause) 507M->492M(512M) 244.985ms
[2022-03-30T23:11:09.471+0800][239.706s] GC(194) User=1.73s Sys=0.00s Real=0.24s
[2022-03-30T23:11:09.471+0800][239.706s] GC(191) Concurrent Mark From Roots 290.900ms
[2022-03-30T23:11:09.471+0800][239.706s] GC(191) Concurrent Mark Abort
[2022-03-30T23:11:09.471+0800][239.706s] GC(191) Concurrent Mark Cycle 291.869ms
[2022-03-30T23:11:38.784+0800][269.019s] GC(195) Pause Young (Concurrent Start) (G1 Humongous Allocation)
[2022-03-30T23:11:38.784+0800][269.019s] GC(195) Using 8 workers of 8 for evacuation
[2022-03-30T23:11:38.785+0800][269.020s] GC(195)   Pre Evacuate Collection Set: 0.1ms
[2022-03-30T23:11:38.786+0800][269.020s] GC(195)   Merge Heap Roots: 0.1ms
[2022-03-30T23:11:38.786+0800][269.020s] GC(195)   Evacuate Collection Set: 0.7ms
[2022-03-30T23:11:38.786+0800][269.020s] GC(195)   Post Evacuate Collection Set: 0.4ms
[2022-03-30T23:11:38.786+0800][269.020s] GC(195)   Other: 0.1ms
[2022-03-30T23:11:38.786+0800][269.020s] GC(195) Eden regions: 13->0(24)
[2022-03-30T23:11:38.786+0800][269.020s] GC(195) Survivor regions: 0->1(4)
[2022-03-30T23:11:38.786+0800][269.020s] GC(195) Old regions: 465->465
[2022-03-30T23:11:38.786+0800][269.020s] GC(195) Archive regions: 0->0
[2022-03-30T23:11:38.786+0800][269.020s] GC(195) Humongous regions: 29->29
[2022-03-30T23:11:38.786+0800][269.020s] GC(195) Metaspace: 52874K(53248K)->52874K(53248K) NonClass: 46702K(46912K)->46702K(46912K) Class: 6171K(6336K)->6171K(6336K)
[2022-03-30T23:11:38.786+0800][269.020s] GC(195) Pause Young (Concurrent Start) (G1 Humongous Allocation) 504M->493M(512M) 1.668ms
[2022-03-30T23:11:38.786+0800][269.021s] GC(195) User=0.00s Sys=0.00s Real=0.00s
[2022-03-30T23:11:38.786+0800][269.021s] GC(196) Concurrent Mark Cycle
[2022-03-30T23:11:38.786+0800][269.021s] GC(196) Concurrent Clear Claimed Marks
[2022-03-30T23:11:38.786+0800][269.021s] GC(196) Concurrent Clear Claimed Marks 0.040ms
[2022-03-30T23:11:38.786+0800][269.021s] GC(196) Concurrent Scan Root Regions
[2022-03-30T23:11:38.787+0800][269.022s] GC(196) Concurrent Scan Root Regions 0.997ms
[2022-03-30T23:11:38.787+0800][269.022s] GC(197) Pause Young (Normal) (G1 Humongous Allocation)
[2022-03-30T23:11:38.787+0800][269.022s] GC(196) Concurrent Mark
[2022-03-30T23:11:38.787+0800][269.022s] GC(197) Using 8 workers of 8 for evacuation
[2022-03-30T23:11:38.787+0800][269.022s] GC(196) Concurrent Mark From Roots
[2022-03-30T23:11:38.787+0800][269.022s] GC(196) Using 2 workers of 2 for marking
[2022-03-30T23:11:38.788+0800][269.023s] GC(197)   Pre Evacuate Collection Set: 1.1ms
[2022-03-30T23:11:38.788+0800][269.023s] GC(197)   Merge Heap Roots: 0.1ms
[2022-03-30T23:11:38.788+0800][269.023s] GC(197)   Evacuate Collection Set: 0.3ms
[2022-03-30T23:11:38.788+0800][269.023s] GC(197)   Post Evacuate Collection Set: 0.6ms
[2022-03-30T23:11:38.788+0800][269.023s] GC(197)   Other: 0.2ms
[2022-03-30T23:11:38.788+0800][269.023s] GC(197) Eden regions: 0->0(24)
[2022-03-30T23:11:38.788+0800][269.023s] GC(197) Survivor regions: 1->1(4)
[2022-03-30T23:11:38.788+0800][269.023s] GC(197) Old regions: 465->465
[2022-03-30T23:11:38.788+0800][269.023s] GC(197) Archive regions: 0->0
[2022-03-30T23:11:38.788+0800][269.023s] GC(197) Humongous regions: 29->29
[2022-03-30T23:11:38.788+0800][269.023s] GC(197) Metaspace: 52874K(53248K)->52874K(53248K) NonClass: 46702K(46912K)->46702K(46912K) Class: 6171K(6336K)->6171K(6336K)
[2022-03-30T23:11:38.789+0800][269.023s] GC(197) Pause Young (Normal) (G1 Humongous Allocation) 493M->492M(512M) 1.493ms
[2022-03-30T23:11:38.789+0800][269.023s] GC(197) User=0.09s Sys=0.00s Real=0.00s
[2022-03-30T23:11:38.789+0800][269.023s] Attempting full compaction
[2022-03-30T23:11:38.789+0800][269.023s] GC(198) Using 8 workers of 8 for full compaction
[2022-03-30T23:11:38.789+0800][269.024s] GC(198) Pause Full (G1 Compaction Pause)
[2022-03-30T23:11:38.789+0800][269.024s] GC(198) Phase 1: Mark live objects
[2022-03-30T23:11:38.956+0800][269.190s] GC(198) Phase 1: Mark live objects 166.215ms
[2022-03-30T23:11:38.956+0800][269.190s] GC(198) Phase 2: Prepare for compaction
[2022-03-30T23:11:38.957+0800][269.191s] GC(198) Phase 2: Prepare for compaction 1.148ms
[2022-03-30T23:11:38.957+0800][269.191s] GC(198) Phase 3: Adjust pointers
[2022-03-30T23:11:38.995+0800][269.230s] GC(198) Phase 3: Adjust pointers 38.419ms
[2022-03-30T23:11:38.995+0800][269.230s] GC(198) Phase 4: Compact heap
[2022-03-30T23:11:38.996+0800][269.230s] GC(198) Phase 4: Compact heap 0.443ms
[2022-03-30T23:11:39.005+0800][269.239s] GC(198) Eden regions: 0->0(25)
[2022-03-30T23:11:39.005+0800][269.239s] GC(198) Survivor regions: 1->0(4)
[2022-03-30T23:11:39.005+0800][269.239s] GC(198) Old regions: 465->466
[2022-03-30T23:11:39.005+0800][269.239s] GC(198) Archive regions: 0->0
[2022-03-30T23:11:39.005+0800][269.239s] GC(198) Humongous regions: 29->29
[2022-03-30T23:11:39.005+0800][269.239s] GC(198) Metaspace: 52874K(53248K)->52874K(53248K) NonClass: 46702K(46912K)->46702K(46912K) Class: 6171K(6336K)->6171K(6336K)
[2022-03-30T23:11:39.005+0800][269.240s] GC(198) Pause Full (G1 Compaction Pause) 492M->492M(512M) 215.995ms
[2022-03-30T23:11:39.006+0800][269.240s] GC(198) User=1.58s Sys=0.00s Real=0.22s
[2022-03-30T23:11:39.006+0800][269.240s] Attempting maximum full compaction clearing soft references
[2022-03-30T23:11:39.006+0800][269.240s] GC(199) Using 8 workers of 8 for full compaction
[2022-03-30T23:11:39.006+0800][269.241s] GC(199) Pause Full (G1 Compaction Pause)
[2022-03-30T23:11:39.006+0800][269.241s] GC(199) Phase 1: Mark live objects
[2022-03-30T23:11:39.191+0800][269.425s] GC(199) Phase 1: Mark live objects 184.169ms
[2022-03-30T23:11:39.191+0800][269.425s] GC(199) Phase 2: Prepare for compaction
[2022-03-30T23:11:39.230+0800][269.464s] GC(199) Phase 2: Prepare for compaction 39.369ms
[2022-03-30T23:11:39.230+0800][269.465s] GC(199) Phase 3: Adjust pointers
[2022-03-30T23:11:39.290+0800][269.525s] GC(199) Phase 3: Adjust pointers 60.347ms
[2022-03-30T23:11:39.290+0800][269.525s] GC(199) Phase 4: Compact heap
[2022-03-30T23:11:39.339+0800][269.574s] GC(199) Phase 4: Compact heap 48.647ms
[2022-03-30T23:11:39.346+0800][269.581s] GC(199) Eden regions: 0->0(25)
[2022-03-30T23:11:39.347+0800][269.581s] GC(199) Survivor regions: 0->0(4)
[2022-03-30T23:11:39.347+0800][269.581s] GC(199) Old regions: 466->466
[2022-03-30T23:11:39.347+0800][269.581s] GC(199) Archive regions: 0->0
[2022-03-30T23:11:39.347+0800][269.581s] GC(199) Humongous regions: 29->29
[2022-03-30T23:11:39.347+0800][269.581s] GC(199) Metaspace: 52874K(53248K)->52874K(53248K) NonClass: 46702K(46912K)->46702K(46912K) Class: 6171K(6336K)->6171K(6336K)
[2022-03-30T23:11:39.347+0800][269.581s] GC(199) Pause Full (G1 Compaction Pause) 492M->492M(512M) 340.593ms
[2022-03-30T23:11:39.348+0800][269.582s] GC(199) User=2.34s Sys=0.00s Real=0.34s
[2022-03-30T23:11:39.348+0800][269.582s] GC(196) Concurrent Mark From Roots 560.214ms
[2022-03-30T23:11:39.348+0800][269.582s] GC(196) Concurrent Mark Abort
[2022-03-30T23:11:39.348+0800][269.582s] GC(196) Concurrent Mark Cycle 561.575ms
[2022-03-30T23:11:42.369+0800][272.603s] GC(200) Pause Young (Concurrent Start) (G1 Humongous Allocation)
[2022-03-30T23:11:42.369+0800][272.604s] GC(200) Using 8 workers of 8 for evacuation
[2022-03-30T23:11:42.371+0800][272.606s] GC(200)   Pre Evacuate Collection Set: 0.2ms
[2022-03-30T23:11:42.371+0800][272.606s] GC(200)   Merge Heap Roots: 0.1ms
[2022-03-30T23:11:42.371+0800][272.606s] GC(200)   Evacuate Collection Set: 0.9ms
[2022-03-30T23:11:42.371+0800][272.606s] GC(200)   Post Evacuate Collection Set: 0.9ms
[2022-03-30T23:11:42.371+0800][272.606s] GC(200)   Other: 0.3ms
[2022-03-30T23:11:42.371+0800][272.606s] GC(200) Eden regions: 3->0(24)
[2022-03-30T23:11:42.371+0800][272.606s] GC(200) Survivor regions: 0->1(4)
[2022-03-30T23:11:42.371+0800][272.606s] GC(200) Old regions: 466->466
[2022-03-30T23:11:42.371+0800][272.606s] GC(200) Archive regions: 0->0
[2022-03-30T23:11:42.371+0800][272.606s] GC(200) Humongous regions: 29->29
[2022-03-30T23:11:42.371+0800][272.606s] GC(200) Metaspace: 52910K(53248K)->52910K(53248K) NonClass: 46737K(46912K)->46737K(46912K) Class: 6172K(6336K)->6172K(6336K)
[2022-03-30T23:11:42.371+0800][272.606s] GC(200) Pause Young (Concurrent Start) (G1 Humongous Allocation) 494M->492M(512M) 2.643ms
[2022-03-30T23:11:42.371+0800][272.606s] GC(200) User=0.00s Sys=0.00s Real=0.00s
[2022-03-30T23:11:42.371+0800][272.606s] GC(201) Concurrent Mark Cycle
[2022-03-30T23:11:42.371+0800][272.606s] GC(201) Concurrent Clear Claimed Marks
[2022-03-30T23:11:42.371+0800][272.606s] GC(201) Concurrent Clear Claimed Marks 0.038ms
[2022-03-30T23:11:42.371+0800][272.606s] GC(201) Concurrent Scan Root Regions
[2022-03-30T23:11:42.372+0800][272.607s] GC(201) Concurrent Scan Root Regions 0.879ms
[2022-03-30T23:11:42.372+0800][272.607s] GC(202) Pause Young (Normal) (G1 Humongous Allocation)
[2022-03-30T23:11:42.372+0800][272.607s] GC(201) Concurrent Mark
[2022-03-30T23:11:42.373+0800][272.607s] GC(202) Using 8 workers of 8 for evacuation
[2022-03-30T23:11:42.373+0800][272.608s] GC(201) Concurrent Mark From Roots
[2022-03-30T23:11:42.373+0800][272.608s] GC(201) Using 2 workers of 2 for marking
[2022-03-30T23:11:42.374+0800][272.609s] GC(202)   Pre Evacuate Collection Set: 0.8ms
[2022-03-30T23:11:42.374+0800][272.609s] GC(202)   Merge Heap Roots: 0.3ms
[2022-03-30T23:11:42.374+0800][272.609s] GC(202)   Evacuate Collection Set: 0.3ms
[2022-03-30T23:11:42.374+0800][272.609s] GC(202)   Post Evacuate Collection Set: 0.2ms
[2022-03-30T23:11:42.374+0800][272.609s] GC(202)   Other: 0.6ms
[2022-03-30T23:11:42.374+0800][272.609s] GC(202) Eden regions: 0->0(24)
[2022-03-30T23:11:42.374+0800][272.609s] GC(202) Survivor regions: 1->1(4)
[2022-03-30T23:11:42.374+0800][272.609s] GC(202) Old regions: 466->466
[2022-03-30T23:11:42.374+0800][272.609s] GC(202) Archive regions: 0->0
[2022-03-30T23:11:42.374+0800][272.609s] GC(202) Humongous regions: 29->29
[2022-03-30T23:11:42.374+0800][272.609s] GC(202) Metaspace: 52910K(53248K)->52910K(53248K) NonClass: 46737K(46912K)->46737K(46912K) Class: 6172K(6336K)->6172K(6336K)
[2022-03-30T23:11:42.375+0800][272.609s] GC(202) Pause Young (Normal) (G1 Humongous Allocation) 492M->492M(512M) 1.816ms
[2022-03-30T23:11:42.375+0800][272.609s] GC(202) User=0.00s Sys=0.00s Real=0.00s
[2022-03-30T23:11:42.375+0800][272.609s] Attempting full compaction
[2022-03-30T23:11:42.375+0800][272.609s] GC(203) Using 8 workers of 8 for full compaction
[2022-03-30T23:11:42.375+0800][272.609s] GC(203) Pause Full (G1 Compaction Pause)
[2022-03-30T23:11:42.375+0800][272.610s] GC(203) Phase 1: Mark live objects
[2022-03-30T23:11:42.534+0800][272.769s] GC(203) Phase 1: Mark live objects 159.208ms
[2022-03-30T23:11:42.534+0800][272.769s] GC(203) Phase 2: Prepare for compaction
[2022-03-30T23:11:42.535+0800][272.769s] GC(203) Phase 2: Prepare for compaction 0.551ms
[2022-03-30T23:11:42.535+0800][272.769s] GC(203) Phase 3: Adjust pointers
[2022-03-30T23:11:42.573+0800][272.808s] GC(203) Phase 3: Adjust pointers 38.567ms
[2022-03-30T23:11:42.573+0800][272.808s] GC(203) Phase 4: Compact heap
[2022-03-30T23:11:42.574+0800][272.808s] GC(203) Phase 4: Compact heap 0.404ms
[2022-03-30T23:11:42.579+0800][272.814s] GC(203) Eden regions: 0->0(25)
[2022-03-30T23:11:42.579+0800][272.814s] GC(203) Survivor regions: 1->0(4)
[2022-03-30T23:11:42.579+0800][272.814s] GC(203) Old regions: 466->467
[2022-03-30T23:11:42.579+0800][272.814s] GC(203) Archive regions: 0->0
[2022-03-30T23:11:42.579+0800][272.814s] GC(203) Humongous regions: 29->29
[2022-03-30T23:11:42.579+0800][272.814s] GC(203) Metaspace: 52910K(53248K)->52910K(53248K) NonClass: 46737K(46912K)->46737K(46912K) Class: 6172K(6336K)->6172K(6336K)
[2022-03-30T23:11:42.579+0800][272.814s] GC(203) Pause Full (G1 Compaction Pause) 492M->492M(512M) 204.943ms
[2022-03-30T23:11:42.580+0800][272.815s] GC(203) User=1.45s Sys=0.00s Real=0.20s
[2022-03-30T23:11:42.580+0800][272.815s] Attempting maximum full compaction clearing soft references
[2022-03-30T23:11:42.580+0800][272.815s] GC(204) Using 8 workers of 8 for full compaction
[2022-03-30T23:11:42.580+0800][272.815s] GC(204) Pause Full (G1 Compaction Pause)
[2022-03-30T23:11:42.580+0800][272.815s] GC(204) Phase 1: Mark live objects
[2022-03-30T23:11:42.750+0800][272.985s] GC(204) Phase 1: Mark live objects 170.054ms
[2022-03-30T23:11:42.750+0800][272.985s] GC(204) Phase 2: Prepare for compaction
[2022-03-30T23:11:42.795+0800][273.030s] GC(204) Phase 2: Prepare for compaction 44.412ms
[2022-03-30T23:11:42.795+0800][273.030s] GC(204) Phase 3: Adjust pointers
[2022-03-30T23:11:42.844+0800][273.079s] GC(204) Phase 3: Adjust pointers 49.409ms
[2022-03-30T23:11:42.844+0800][273.079s] GC(204) Phase 4: Compact heap
[2022-03-30T23:11:42.889+0800][273.124s] GC(204) Phase 4: Compact heap 44.526ms
[2022-03-30T23:11:42.898+0800][273.133s] GC(204) Eden regions: 0->0(25)
[2022-03-30T23:11:42.898+0800][273.133s] GC(204) Survivor regions: 0->0(4)
[2022-03-30T23:11:42.898+0800][273.133s] GC(204) Old regions: 467->466
[2022-03-30T23:11:42.898+0800][273.133s] GC(204) Archive regions: 0->0
[2022-03-30T23:11:42.898+0800][273.133s] GC(204) Humongous regions: 29->29
[2022-03-30T23:11:42.898+0800][273.133s] GC(204) Metaspace: 52910K(53248K)->52910K(53248K) NonClass: 46737K(46912K)->46737K(46912K) Class: 6172K(6336K)->6172K(6336K)
[2022-03-30T23:11:42.898+0800][273.134s] GC(204) Pause Full (G1 Compaction Pause) 492M->492M(512M) 318.552ms
[2022-03-30T23:11:42.899+0800][273.135s] GC(204) User=2.28s Sys=0.00s Real=0.32s
[2022-03-30T23:11:42.900+0800][273.135s] GC(201) Concurrent Mark From Roots 527.073ms
[2022-03-30T23:11:42.900+0800][273.135s] GC(201) Concurrent Mark Abort
[2022-03-30T23:11:42.900+0800][273.135s] GC(201) Concurrent Mark Cycle 528.612ms
[2022-03-30T23:11:42.911+0800][273.146s] GC(205) Pause Young (Concurrent Start) (G1 Humongous Allocation)
[2022-03-30T23:11:42.911+0800][273.146s] GC(205) Using 8 workers of 8 for evacuation
[2022-03-30T23:11:42.911+0800][273.147s] GC(205)   Pre Evacuate Collection Set: 0.1ms
[2022-03-30T23:11:42.911+0800][273.147s] GC(205)   Merge Heap Roots: 0.0ms
[2022-03-30T23:11:42.911+0800][273.147s] GC(205)   Evacuate Collection Set: 0.4ms
[2022-03-30T23:11:42.911+0800][273.147s] GC(205)   Post Evacuate Collection Set: 0.2ms
[2022-03-30T23:11:42.911+0800][273.147s] GC(205)   Other: 0.1ms
[2022-03-30T23:11:42.912+0800][273.147s] GC(205) Eden regions: 1->0(24)
[2022-03-30T23:11:42.912+0800][273.147s] GC(205) Survivor regions: 0->1(1)
[2022-03-30T23:11:42.912+0800][273.147s] GC(205) Old regions: 466->466
[2022-03-30T23:11:42.912+0800][273.147s] GC(205) Archive regions: 0->0
[2022-03-30T23:11:42.912+0800][273.147s] GC(205) Humongous regions: 44->44
[2022-03-30T23:11:42.912+0800][273.147s] GC(205) Metaspace: 52912K(53248K)->52912K(53248K) NonClass: 46740K(46912K)->46740K(46912K) Class: 6172K(6336K)->6172K(6336K)
[2022-03-30T23:11:42.912+0800][273.147s] GC(205) Pause Young (Concurrent Start) (G1 Humongous Allocation) 507M->507M(512M) 0.950ms
[2022-03-30T23:11:42.912+0800][273.147s] GC(205) User=0.00s Sys=0.00s Real=0.00s
[2022-03-30T23:11:42.912+0800][273.147s] GC(206) Concurrent Mark Cycle
[2022-03-30T23:11:42.912+0800][273.147s] GC(206) Concurrent Clear Claimed Marks
[2022-03-30T23:11:42.912+0800][273.147s] GC(206) Concurrent Clear Claimed Marks 0.018ms
[2022-03-30T23:11:42.912+0800][273.147s] GC(206) Concurrent Scan Root Regions
[2022-03-30T23:11:42.912+0800][273.147s] GC(206) Concurrent Scan Root Regions 0.068ms
[2022-03-30T23:11:42.912+0800][273.147s] GC(206) Concurrent Mark
[2022-03-30T23:11:42.912+0800][273.147s] GC(207) Pause Young (Normal) (G1 Humongous Allocation)
[2022-03-30T23:11:42.912+0800][273.147s] GC(206) Concurrent Mark From Roots
[2022-03-30T23:11:42.912+0800][273.147s] GC(207) Using 8 workers of 8 for evacuation
[2022-03-30T23:11:42.912+0800][273.147s] GC(206) Using 2 workers of 2 for marking
[2022-03-30T23:11:42.912+0800][273.147s] GC(207)   Pre Evacuate Collection Set: 0.1ms
[2022-03-30T23:11:42.912+0800][273.147s] GC(207)   Merge Heap Roots: 0.0ms
[2022-03-30T23:11:42.912+0800][273.147s] GC(207)   Evacuate Collection Set: 0.1ms
[2022-03-30T23:11:42.912+0800][273.147s] GC(207)   Post Evacuate Collection Set: 0.1ms
[2022-03-30T23:11:42.912+0800][273.148s] GC(207)   Other: 0.1ms
[2022-03-30T23:11:42.912+0800][273.148s] GC(207) Eden regions: 0->0(24)
[2022-03-30T23:11:42.912+0800][273.148s] GC(207) Survivor regions: 1->1(1)
[2022-03-30T23:11:42.912+0800][273.148s] GC(207) Old regions: 466->466
[2022-03-30T23:11:42.912+0800][273.148s] GC(207) Archive regions: 0->0
[2022-03-30T23:11:42.912+0800][273.148s] GC(207) Humongous regions: 44->44
[2022-03-30T23:11:42.912+0800][273.148s] GC(207) Metaspace: 52912K(53248K)->52912K(53248K) NonClass: 46740K(46912K)->46740K(46912K) Class: 6172K(6336K)->6172K(6336K)
[2022-03-30T23:11:42.912+0800][273.148s] GC(207) Pause Young (Normal) (G1 Humongous Allocation) 507M->507M(512M) 0.539ms
[2022-03-30T23:11:42.912+0800][273.148s] GC(207) User=0.00s Sys=0.00s Real=0.00s
[2022-03-30T23:11:42.912+0800][273.148s] Attempting full compaction
[2022-03-30T23:11:42.912+0800][273.148s] GC(208) Using 8 workers of 8 for full compaction
[2022-03-30T23:11:42.913+0800][273.148s] GC(208) Pause Full (G1 Compaction Pause)
[2022-03-30T23:11:42.913+0800][273.148s] GC(208) Phase 1: Mark live objects
[2022-03-30T23:11:43.099+0800][273.334s] GC(208) Phase 1: Mark live objects 185.992ms
[2022-03-30T23:11:43.099+0800][273.334s] GC(208) Phase 2: Prepare for compaction
[2022-03-30T23:11:43.100+0800][273.335s] GC(208) Phase 2: Prepare for compaction 0.802ms
[2022-03-30T23:11:43.100+0800][273.335s] GC(208) Phase 3: Adjust pointers
[2022-03-30T23:11:43.148+0800][273.383s] GC(208) Phase 3: Adjust pointers 48.002ms
[2022-03-30T23:11:43.148+0800][273.383s] GC(208) Phase 4: Compact heap
[2022-03-30T23:11:43.149+0800][273.383s] GC(208) Phase 4: Compact heap 0.382ms
[2022-03-30T23:11:43.157+0800][273.392s] GC(208) Eden regions: 0->0(25)
[2022-03-30T23:11:43.157+0800][273.392s] GC(208) Survivor regions: 1->0(1)
[2022-03-30T23:11:43.157+0800][273.392s] GC(208) Old regions: 466->467
[2022-03-30T23:11:43.157+0800][273.392s] GC(208) Archive regions: 0->0
[2022-03-30T23:11:43.157+0800][273.392s] GC(208) Humongous regions: 44->44
[2022-03-30T23:11:43.157+0800][273.392s] GC(208) Metaspace: 52912K(53248K)->52912K(53248K) NonClass: 46740K(46912K)->46740K(46912K) Class: 6172K(6336K)->6172K(6336K)
[2022-03-30T23:11:43.157+0800][273.392s] GC(208) Pause Full (G1 Compaction Pause) 507M->507M(512M) 244.482ms
[2022-03-30T23:11:43.158+0800][273.393s] GC(208) User=1.67s Sys=0.02s Real=0.25s
[2022-03-30T23:11:43.158+0800][273.393s] Attempting maximum full compaction clearing soft references
[2022-03-30T23:11:43.158+0800][273.393s] GC(209) Using 8 workers of 8 for full compaction
[2022-03-30T23:11:43.158+0800][273.393s] GC(209) Pause Full (G1 Compaction Pause)
[2022-03-30T23:11:43.158+0800][273.393s] GC(209) Phase 1: Mark live objects
[2022-03-30T23:11:43.377+0800][273.612s] GC(209) Phase 1: Mark live objects 218.668ms
[2022-03-30T23:11:43.377+0800][273.612s] GC(209) Phase 2: Prepare for compaction
[2022-03-30T23:11:43.423+0800][273.658s] GC(209) Phase 2: Prepare for compaction 45.963ms
[2022-03-30T23:11:43.423+0800][273.658s] GC(209) Phase 3: Adjust pointers
[2022-03-30T23:11:43.488+0800][273.722s] GC(209) Phase 3: Adjust pointers 64.245ms
[2022-03-30T23:11:43.488+0800][273.722s] GC(209) Phase 4: Compact heap
[2022-03-30T23:11:43.535+0800][273.770s] GC(209) Phase 4: Compact heap 48.119ms
[2022-03-30T23:11:43.546+0800][273.781s] GC(209) Eden regions: 0->0(25)
[2022-03-30T23:11:43.546+0800][273.781s] GC(209) Survivor regions: 0->0(1)
[2022-03-30T23:11:43.546+0800][273.781s] GC(209) Old regions: 467->466
[2022-03-30T23:11:43.546+0800][273.781s] GC(209) Archive regions: 0->0
[2022-03-30T23:11:43.546+0800][273.781s] GC(209) Humongous regions: 44->44
[2022-03-30T23:11:43.546+0800][273.781s] GC(209) Metaspace: 52912K(53248K)->52912K(53248K) NonClass: 46740K(46912K)->46740K(46912K) Class: 6172K(6336K)->6172K(6336K)
[2022-03-30T23:11:43.546+0800][273.781s] GC(209) Pause Full (G1 Compaction Pause) 507M->507M(512M) 387.901ms
[2022-03-30T23:11:43.546+0800][273.781s] GC(209) User=2.78s Sys=0.00s Real=0.39s
[2022-03-30T23:11:43.547+0800][273.782s] GC(206) Concurrent Mark From Roots 634.497ms
[2022-03-30T23:11:43.547+0800][273.782s] GC(206) Concurrent Mark Abort
[2022-03-30T23:11:43.547+0800][273.782s] GC(206) Concurrent Mark Cycle 634.704ms
[2022-03-30T23:12:10.733+0800][300.968s] GC(210) Pause Young (Normal) (G1 Preventive Collection)
[2022-03-30T23:12:10.733+0800][300.968s] GC(210) Using 8 workers of 8 for evacuation
[2022-03-30T23:12:10.735+0800][300.969s] GC(210)   Pre Evacuate Collection Set: 0.1ms
[2022-03-30T23:12:10.735+0800][300.969s] GC(210)   Merge Heap Roots: 0.0ms
[2022-03-30T23:12:10.735+0800][300.969s] GC(210)   Evacuate Collection Set: 0.5ms
[2022-03-30T23:12:10.735+0800][300.969s] GC(210)   Post Evacuate Collection Set: 0.3ms
[2022-03-30T23:12:10.735+0800][300.969s] GC(210)   Other: 0.2ms
[2022-03-30T23:12:10.735+0800][300.969s] GC(210) Eden regions: 1->0(24)
[2022-03-30T23:12:10.735+0800][300.969s] GC(210) Survivor regions: 0->1(1)
[2022-03-30T23:12:10.735+0800][300.969s] GC(210) Old regions: 466->466
[2022-03-30T23:12:10.735+0800][300.969s] GC(210) Archive regions: 0->0
[2022-03-30T23:12:10.735+0800][300.969s] GC(210) Humongous regions: 44->44
[2022-03-30T23:12:10.735+0800][300.970s] GC(210) Metaspace: 52960K(53312K)->52960K(53312K) NonClass: 46781K(46976K)->46781K(46976K) Class: 6179K(6336K)->6179K(6336K)
[2022-03-30T23:12:10.735+0800][300.970s] GC(210) Pause Young (Normal) (G1 Preventive Collection) 508M->507M(512M) 1.372ms
[2022-03-30T23:12:10.735+0800][300.970s] GC(210) User=0.00s Sys=0.00s Real=0.00s
[2022-03-30T23:12:10.747+0800][300.982s] GC(211) Pause Young (Concurrent Start) (G1 Evacuation Pause)
[2022-03-30T23:12:10.747+0800][300.982s] GC(211) Using 8 workers of 8 for evacuation
[2022-03-30T23:12:10.750+0800][300.984s] GC(211) To-space exhausted
[2022-03-30T23:12:10.750+0800][300.984s] GC(211)   Pre Evacuate Collection Set: 0.1ms
[2022-03-30T23:12:10.750+0800][300.984s] GC(211)   Merge Heap Roots: 0.0ms
[2022-03-30T23:12:10.750+0800][300.984s] GC(211)   Evacuate Collection Set: 0.8ms
[2022-03-30T23:12:10.750+0800][300.984s] GC(211)   Post Evacuate Collection Set: 0.8ms
[2022-03-30T23:12:10.750+0800][300.984s] GC(211)   Other: 0.2ms
[2022-03-30T23:12:10.750+0800][300.984s] GC(211) Eden regions: 1->0(25)
[2022-03-30T23:12:10.750+0800][300.984s] GC(211) Survivor regions: 1->0(0)
[2022-03-30T23:12:10.750+0800][300.984s] GC(211) Old regions: 466->468
[2022-03-30T23:12:10.750+0800][300.984s] GC(211) Archive regions: 0->0
[2022-03-30T23:12:10.750+0800][300.984s] GC(211) Humongous regions: 44->44
[2022-03-30T23:12:10.750+0800][300.984s] GC(211) Metaspace: 53000K(53376K)->53000K(53376K) NonClass: 46817K(47040K)->46817K(47040K) Class: 6182K(6336K)->6182K(6336K)
[2022-03-30T23:12:10.750+0800][300.984s] GC(211) Pause Young (Concurrent Start) (G1 Evacuation Pause) 508M->508M(512M) 2.024ms
[2022-03-30T23:12:10.750+0800][300.984s] GC(211) User=0.00s Sys=0.00s Real=0.00s
[2022-03-30T23:12:10.750+0800][300.984s] Attempting full compaction
[2022-03-30T23:12:10.750+0800][300.984s] GC(212) Concurrent Mark Cycle
[2022-03-30T23:12:10.750+0800][300.984s] GC(213) Using 8 workers of 8 for full compaction
[2022-03-30T23:12:10.750+0800][300.984s] GC(212) Concurrent Clear Claimed Marks
[2022-03-30T23:12:10.750+0800][300.984s] GC(212) Concurrent Clear Claimed Marks 0.049ms
[2022-03-30T23:12:10.750+0800][300.984s] GC(212) Concurrent Scan Root Regions
[2022-03-30T23:12:10.750+0800][300.984s] GC(212) Concurrent Scan Root Regions 0.012ms
[2022-03-30T23:12:10.750+0800][300.984s] GC(212) Concurrent Mark
[2022-03-30T23:12:10.750+0800][300.984s] GC(212) Concurrent Mark From Roots
[2022-03-30T23:12:10.750+0800][300.984s] GC(212) Using 2 workers of 2 for marking
[2022-03-30T23:12:10.750+0800][300.985s] GC(213) Pause Full (G1 Compaction Pause)
[2022-03-30T23:12:10.750+0800][300.985s] GC(213) Phase 1: Mark live objects
[2022-03-30T23:12:10.970+0800][301.204s] GC(213) Phase 1: Mark live objects 219.312ms
[2022-03-30T23:12:10.970+0800][301.204s] GC(213) Phase 2: Prepare for compaction
[2022-03-30T23:12:10.970+0800][301.205s] GC(213) Phase 2: Prepare for compaction 1.156ms
[2022-03-30T23:12:10.971+0800][301.206s] GC(213) Phase 3: Adjust pointers
[2022-03-30T23:12:11.020+0800][301.255s] GC(213) Phase 3: Adjust pointers 49.540ms
[2022-03-30T23:12:11.021+0800][301.255s] GC(213) Phase 4: Compact heap
[2022-03-30T23:12:11.021+0800][301.256s] GC(213) Phase 4: Compact heap 0.565ms
[2022-03-30T23:12:11.029+0800][301.263s] GC(213) Eden regions: 0->0(25)
[2022-03-30T23:12:11.029+0800][301.263s] GC(213) Survivor regions: 0->0(0)
[2022-03-30T23:12:11.029+0800][301.263s] GC(213) Old regions: 468->467
[2022-03-30T23:12:11.029+0800][301.263s] GC(213) Archive regions: 0->0
[2022-03-30T23:12:11.029+0800][301.263s] GC(213) Humongous regions: 44->29
[2022-03-30T23:12:11.029+0800][301.263s] GC(213) Metaspace: 53000K(53376K)->53000K(53376K) NonClass: 46817K(47040K)->46817K(47040K) Class: 6182K(6336K)->6182K(6336K)
[2022-03-30T23:12:11.029+0800][301.263s] GC(213) Pause Full (G1 Compaction Pause) 508M->492M(512M) 278.882ms
[2022-03-30T23:12:11.029+0800][301.264s] GC(213) User=2.02s Sys=0.00s Real=0.28s
[2022-03-30T23:12:11.030+0800][301.264s] GC(212) Concurrent Mark From Roots 279.540ms
[2022-03-30T23:12:11.030+0800][301.264s] GC(212) Concurrent Mark Abort
[2022-03-30T23:12:11.030+0800][301.264s] GC(212) Concurrent Mark Cycle 279.901ms
[2022-03-30T23:12:11.088+0800][301.322s] Heap
[2022-03-30T23:12:11.088+0800][301.322s]  garbage-first heap   total 524288K, used 507413K [0x00000000e0000000, 0x0000000100000000)
[2022-03-30T23:12:11.088+0800][301.322s]   region size 1024K, 4 young (4096K), 0 survivors (0K)
[2022-03-30T23:12:11.088+0800][301.322s]  Metaspace       used 53114K, committed 53440K, reserved 1097728K
[2022-03-30T23:12:11.088+0800][301.322s]   class space    used 6199K, committed 6400K, reserved 1048576K
