[2022-03-28T17:59:04.297+0800][0.016s] Using G1
[2022-03-28T17:59:04.452+0800][0.172s] Version: 17.0.2+8-LTS-86 (release)
[2022-03-28T17:59:04.452+0800][0.172s] CPUs: 8 total, 8 available
[2022-03-28T17:59:04.452+0800][0.172s] Memory: 16075M
[2022-03-28T17:59:04.452+0800][0.172s] Large Page Support: Disabled
[2022-03-28T17:59:04.452+0800][0.172s] NUMA Support: Disabled
[2022-03-28T17:59:04.452+0800][0.172s] Compressed Oops: Enabled (32-bit)
[2022-03-28T17:59:04.452+0800][0.172s] Heap Region Size: 1M
[2022-03-28T17:59:04.452+0800][0.172s] Heap Min Capacity: 512M
[2022-03-28T17:59:04.452+0800][0.172s] Heap Initial Capacity: 512M
[2022-03-28T17:59:04.452+0800][0.172s] Heap Max Capacity: 512M
[2022-03-28T17:59:04.453+0800][0.172s] Pre-touch: Enabled
[2022-03-28T17:59:04.453+0800][0.172s] Parallel Workers: 8
[2022-03-28T17:59:04.453+0800][0.172s] Concurrent Workers: 2
[2022-03-28T17:59:04.453+0800][0.172s] Concurrent Refinement Workers: 8
[2022-03-28T17:59:04.453+0800][0.172s] Periodic GC: Disabled
[2022-03-28T17:59:04.453+0800][0.173s] CDS archive(s) mapped at: [0x0000000800000000-0x0000000800bc0000-0x0000000800bc0000), size 12320768, SharedBaseAddress: 0x0000000800000000, ArchiveRelocationMode: 0.
[2022-03-28T17:59:04.453+0800][0.173s] Compressed class space mapped at: 0x0000000800c00000-0x0000000840c00000, reserved size: 1073741824
[2022-03-28T17:59:04.453+0800][0.173s] Narrow klass base: 0x0000000800000000, Narrow klass shift: 0, Narrow klass range: 0x100000000
[2022-03-28T17:59:05.597+0800][1.316s] GC(0) Pause Young (Normal) (G1 Evacuation Pause)
[2022-03-28T17:59:05.597+0800][1.317s] GC(0) Using 8 workers of 8 for evacuation
[2022-03-28T17:59:05.604+0800][1.323s] GC(0)   Pre Evacuate Collection Set: 0.1ms
[2022-03-28T17:59:05.604+0800][1.323s] GC(0)   Merge Heap Roots: 0.0ms
[2022-03-28T17:59:05.604+0800][1.323s] GC(0)   Evacuate Collection Set: 5.7ms
[2022-03-28T17:59:05.604+0800][1.323s] GC(0)   Post Evacuate Collection Set: 0.6ms
[2022-03-28T17:59:05.604+0800][1.323s] GC(0)   Other: 0.7ms
[2022-03-28T17:59:05.604+0800][1.323s] GC(0) Eden regions: 29->0(39)
[2022-03-28T17:59:05.604+0800][1.323s] GC(0) Survivor regions: 0->4(4)
[2022-03-28T17:59:05.604+0800][1.323s] GC(0) Old regions: 0->1
[2022-03-28T17:59:05.604+0800][1.323s] GC(0) Archive regions: 0->0
[2022-03-28T17:59:05.604+0800][1.323s] GC(0) Humongous regions: 0->0
[2022-03-28T17:59:05.604+0800][1.323s] GC(0) Metaspace: 9535K(9792K)->9535K(9792K) NonClass: 8425K(8576K)->8425K(8576K) Class: 1109K(1216K)->1109K(1216K)
[2022-03-28T17:59:05.604+0800][1.323s] GC(0) Pause Young (Normal) (G1 Evacuation Pause) 29M->4M(512M) 7.416ms
[2022-03-28T17:59:05.604+0800][1.323s] GC(0) User=0.02s Sys=0.02s Real=0.01s
[2022-03-28T17:59:06.558+0800][2.278s] GC(1) Pause Young (Normal) (G1 Evacuation Pause)
[2022-03-28T17:59:06.558+0800][2.278s] GC(1) Using 8 workers of 8 for evacuation
[2022-03-28T17:59:06.569+0800][2.289s] GC(1)   Pre Evacuate Collection Set: 0.1ms
[2022-03-28T17:59:06.570+0800][2.289s] GC(1)   Merge Heap Roots: 0.1ms
[2022-03-28T17:59:06.570+0800][2.289s] GC(1)   Evacuate Collection Set: 10.0ms
[2022-03-28T17:59:06.570+0800][2.289s] GC(1)   Post Evacuate Collection Set: 0.7ms
[2022-03-28T17:59:06.570+0800][2.289s] GC(1)   Other: 0.2ms
[2022-03-28T17:59:06.570+0800][2.289s] GC(1) Eden regions: 36->0(58)
[2022-03-28T17:59:06.570+0800][2.289s] GC(1) Survivor regions: 4->5(5)
[2022-03-28T17:59:06.570+0800][2.289s] GC(1) Old regions: 1->11
[2022-03-28T17:59:06.570+0800][2.289s] GC(1) Archive regions: 0->0
[2022-03-28T17:59:06.570+0800][2.289s] GC(1) Humongous regions: 4->4
[2022-03-28T17:59:06.570+0800][2.289s] GC(1) Metaspace: 15594K(15808K)->15594K(15808K) NonClass: 13772K(13888K)->13772K(13888K) Class: 1822K(1920K)->1822K(1920K)
[2022-03-28T17:59:06.570+0800][2.289s] GC(1) Pause Young (Normal) (G1 Evacuation Pause) 44M->19M(512M) 11.241ms
[2022-03-28T17:59:06.570+0800][2.289s] GC(1) User=0.00s Sys=0.00s Real=0.01s
[2022-03-28T17:59:07.419+0800][3.139s] GC(2) Pause Young (Concurrent Start) (Metadata GC Threshold)
[2022-03-28T17:59:07.419+0800][3.139s] GC(2) Using 8 workers of 8 for evacuation
[2022-03-28T17:59:07.426+0800][3.145s] GC(2)   Pre Evacuate Collection Set: 0.1ms
[2022-03-28T17:59:07.426+0800][3.145s] GC(2)   Merge Heap Roots: 0.1ms
[2022-03-28T17:59:07.426+0800][3.145s] GC(2)   Evacuate Collection Set: 4.8ms
[2022-03-28T17:59:07.426+0800][3.145s] GC(2)   Post Evacuate Collection Set: 0.5ms
[2022-03-28T17:59:07.426+0800][3.145s] GC(2)   Other: 0.3ms
[2022-03-28T17:59:07.426+0800][3.145s] GC(2) Eden regions: 53->0(87)
[2022-03-28T17:59:07.426+0800][3.145s] GC(2) Survivor regions: 5->6(8)
[2022-03-28T17:59:07.426+0800][3.145s] GC(2) Old regions: 11->16
[2022-03-28T17:59:07.426+0800][3.145s] GC(2) Archive regions: 0->0
[2022-03-28T17:59:07.426+0800][3.145s] GC(2) Humongous regions: 4->4
[2022-03-28T17:59:07.426+0800][3.145s] GC(2) Metaspace: 21250K(21504K)->21250K(21504K) NonClass: 18845K(18944K)->18845K(18944K) Class: 2405K(2560K)->2405K(2560K)
[2022-03-28T17:59:07.426+0800][3.145s] GC(2) Pause Young (Concurrent Start) (Metadata GC Threshold) 72M->24M(512M) 6.018ms
[2022-03-28T17:59:07.426+0800][3.145s] GC(2) User=0.00s Sys=0.00s Real=0.01s
[2022-03-28T17:59:07.426+0800][3.145s] GC(3) Concurrent Mark Cycle
[2022-03-28T17:59:07.426+0800][3.145s] GC(3) Concurrent Clear Claimed Marks
[2022-03-28T17:59:07.426+0800][3.145s] GC(3) Concurrent Clear Claimed Marks 0.026ms
[2022-03-28T17:59:07.426+0800][3.145s] GC(3) Concurrent Scan Root Regions
[2022-03-28T17:59:07.431+0800][3.150s] GC(3) Concurrent Scan Root Regions 4.767ms
[2022-03-28T17:59:07.431+0800][3.150s] GC(3) Concurrent Mark
[2022-03-28T17:59:07.431+0800][3.150s] GC(3) Concurrent Mark From Roots
[2022-03-28T17:59:07.431+0800][3.150s] GC(3) Using 2 workers of 2 for marking
[2022-03-28T17:59:07.444+0800][3.165s] GC(3) Concurrent Mark From Roots 14.445ms
[2022-03-28T17:59:07.444+0800][3.165s] GC(3) Concurrent Preclean
[2022-03-28T17:59:07.444+0800][3.165s] GC(3) Concurrent Preclean 0.124ms
[2022-03-28T17:59:07.444+0800][3.165s] GC(3) Pause Remark
[2022-03-28T17:59:07.447+0800][3.166s] GC(3) Pause Remark 26M->26M(512M) 1.377ms
[2022-03-28T17:59:07.447+0800][3.167s] GC(3) User=0.08s Sys=0.02s Real=0.00s
[2022-03-28T17:59:07.447+0800][3.167s] GC(3) Concurrent Mark 16.367ms
[2022-03-28T17:59:07.447+0800][3.167s] GC(3) Concurrent Rebuild Remembered Sets
[2022-03-28T17:59:07.457+0800][3.177s] GC(3) Concurrent Rebuild Remembered Sets 10.314ms
[2022-03-28T17:59:07.458+0800][3.177s] GC(3) Pause Cleanup
[2022-03-28T17:59:07.458+0800][3.177s] GC(3) Pause Cleanup 27M->27M(512M) 0.142ms
[2022-03-28T17:59:07.458+0800][3.177s] GC(3) User=0.00s Sys=0.00s Real=0.00s
[2022-03-28T17:59:07.458+0800][3.177s] GC(3) Concurrent Cleanup for Next Mark
[2022-03-28T17:59:07.458+0800][3.178s] GC(3) Concurrent Cleanup for Next Mark 0.327ms
[2022-03-28T17:59:07.458+0800][3.178s] GC(3) Concurrent Mark Cycle 32.520ms
[2022-03-28T17:59:09.788+0800][5.507s] GC(4) Pause Young (Concurrent Start) (Metadata GC Threshold)
[2022-03-28T17:59:09.788+0800][5.507s] GC(4) Using 8 workers of 8 for evacuation
[2022-03-28T17:59:09.793+0800][5.513s] GC(4)   Pre Evacuate Collection Set: 0.1ms
[2022-03-28T17:59:09.793+0800][5.513s] GC(4)   Merge Heap Roots: 0.1ms
[2022-03-28T17:59:09.793+0800][5.513s] GC(4)   Evacuate Collection Set: 4.7ms
[2022-03-28T17:59:09.793+0800][5.513s] GC(4)   Post Evacuate Collection Set: 0.7ms
[2022-03-28T17:59:09.793+0800][5.513s] GC(4)   Other: 0.3ms
[2022-03-28T17:59:09.793+0800][5.513s] GC(4) Eden regions: 84->0(295)
[2022-03-28T17:59:09.793+0800][5.513s] GC(4) Survivor regions: 6->12(12)
[2022-03-28T17:59:09.793+0800][5.513s] GC(4) Old regions: 16->16
[2022-03-28T17:59:09.793+0800][5.513s] GC(4) Archive regions: 0->0
[2022-03-28T17:59:09.793+0800][5.513s] GC(4) Humongous regions: 5->4
[2022-03-28T17:59:09.793+0800][5.513s] GC(4) Metaspace: 35972K(36288K)->35972K(36288K) NonClass: 31747K(31872K)->31747K(31872K) Class: 4224K(4416K)->4224K(4416K)
[2022-03-28T17:59:09.793+0800][5.513s] GC(4) Pause Young (Concurrent Start) (Metadata GC Threshold) 109M->32M(512M) 6.061ms
[2022-03-28T17:59:09.794+0800][5.513s] GC(4) User=0.12s Sys=0.00s Real=0.01s
[2022-03-28T17:59:09.794+0800][5.513s] GC(5) Concurrent Mark Cycle
[2022-03-28T17:59:09.794+0800][5.513s] GC(5) Concurrent Clear Claimed Marks
[2022-03-28T17:59:09.794+0800][5.513s] GC(5) Concurrent Clear Claimed Marks 0.027ms
[2022-03-28T17:59:09.794+0800][5.513s] GC(5) Concurrent Scan Root Regions
[2022-03-28T17:59:09.798+0800][5.517s] GC(5) Concurrent Scan Root Regions 4.016ms
[2022-03-28T17:59:09.798+0800][5.518s] GC(5) Concurrent Mark
[2022-03-28T17:59:09.798+0800][5.518s] GC(5) Concurrent Mark From Roots
[2022-03-28T17:59:09.798+0800][5.518s] GC(5) Using 2 workers of 2 for marking
[2022-03-28T17:59:09.817+0800][5.536s] GC(5) Concurrent Mark From Roots 18.943ms
[2022-03-28T17:59:09.817+0800][5.537s] GC(5) Concurrent Preclean
[2022-03-28T17:59:09.817+0800][5.537s] GC(5) Concurrent Preclean 0.155ms
[2022-03-28T17:59:09.817+0800][5.537s] GC(5) Pause Remark
[2022-03-28T17:59:09.820+0800][5.540s] GC(5) Pause Remark 34M->34M(512M) 2.741ms
[2022-03-28T17:59:09.820+0800][5.540s] GC(5) User=0.00s Sys=0.00s Real=0.00s
[2022-03-28T17:59:09.820+0800][5.540s] GC(5) Concurrent Mark 22.231ms
[2022-03-28T17:59:09.820+0800][5.540s] GC(5) Concurrent Rebuild Remembered Sets
[2022-03-28T17:59:09.831+0800][5.551s] GC(5) Concurrent Rebuild Remembered Sets 11.053ms
[2022-03-28T17:59:09.831+0800][5.551s] GC(5) Pause Cleanup
[2022-03-28T17:59:09.831+0800][5.551s] GC(5) Pause Cleanup 34M->34M(512M) 0.128ms
[2022-03-28T17:59:09.832+0800][5.551s] GC(5) User=0.00s Sys=0.00s Real=0.00s
[2022-03-28T17:59:09.832+0800][5.551s] GC(5) Concurrent Cleanup for Next Mark
[2022-03-28T17:59:09.832+0800][5.552s] GC(5) Concurrent Cleanup for Next Mark 0.338ms
[2022-03-28T17:59:09.832+0800][5.552s] GC(5) Concurrent Mark Cycle 38.330ms
[2022-03-28T17:59:15.444+0800][11.164s] GC(6) Pause Young (Normal) (G1 Evacuation Pause)
[2022-03-28T17:59:15.444+0800][11.164s] GC(6) Using 8 workers of 8 for evacuation
[2022-03-28T17:59:15.537+0800][11.257s] GC(6) To-space exhausted
[2022-03-28T17:59:15.537+0800][11.257s] GC(6)   Pre Evacuate Collection Set: 0.1ms
[2022-03-28T17:59:15.537+0800][11.257s] GC(6)   Merge Heap Roots: 0.5ms
[2022-03-28T17:59:15.537+0800][11.257s] GC(6)   Evacuate Collection Set: 73.9ms
[2022-03-28T17:59:15.537+0800][11.257s] GC(6)   Post Evacuate Collection Set: 18.2ms
[2022-03-28T17:59:15.538+0800][11.257s] GC(6)   Other: 0.3ms
[2022-03-28T17:59:15.538+0800][11.257s] GC(6) Eden regions: 295->0(66)
[2022-03-28T17:59:15.538+0800][11.257s] GC(6) Survivor regions: 12->39(39)
[2022-03-28T17:59:15.538+0800][11.257s] GC(6) Old regions: 16->265
[2022-03-28T17:59:15.538+0800][11.257s] GC(6) Archive regions: 0->0
[2022-03-28T17:59:15.538+0800][11.257s] GC(6) Humongous regions: 80->29
[2022-03-28T17:59:15.538+0800][11.257s] GC(6) Metaspace: 48214K(48576K)->48214K(48576K) NonClass: 42418K(42624K)->42418K(42624K) Class: 5795K(5952K)->5795K(5952K)
[2022-03-28T17:59:15.538+0800][11.257s] GC(6) Pause Young (Normal) (G1 Evacuation Pause) 403M->333M(512M) 93.192ms
[2022-03-28T17:59:15.538+0800][11.257s] GC(6) User=0.45s Sys=0.00s Real=0.09s
[2022-03-28T17:59:15.879+0800][11.598s] GC(7) Pause Young (Concurrent Start) (G1 Evacuation Pause)
[2022-03-28T17:59:15.879+0800][11.598s] GC(7) Using 8 workers of 8 for evacuation
[2022-03-28T17:59:15.912+0800][11.631s] GC(7)   Pre Evacuate Collection Set: 0.1ms
[2022-03-28T17:59:15.912+0800][11.631s] GC(7)   Merge Heap Roots: 0.7ms
[2022-03-28T17:59:15.912+0800][11.631s] GC(7)   Evacuate Collection Set: 31.2ms
[2022-03-28T17:59:15.912+0800][11.631s] GC(7)   Post Evacuate Collection Set: 0.6ms
[2022-03-28T17:59:15.912+0800][11.631s] GC(7)   Other: 0.2ms
[2022-03-28T17:59:15.912+0800][11.631s] GC(7) Eden regions: 26->0(56)
[2022-03-28T17:59:15.912+0800][11.631s] GC(7) Survivor regions: 39->9(9)
[2022-03-28T17:59:15.912+0800][11.631s] GC(7) Old regions: 265->307
[2022-03-28T17:59:15.912+0800][11.631s] GC(7) Archive regions: 0->0
[2022-03-28T17:59:15.912+0800][11.632s] GC(7) Humongous regions: 29->29
[2022-03-28T17:59:15.912+0800][11.632s] GC(7) Metaspace: 49142K(49472K)->49142K(49472K) NonClass: 43259K(43456K)->43259K(43456K) Class: 5882K(6016K)->5882K(6016K)
[2022-03-28T17:59:15.912+0800][11.632s] GC(7) Pause Young (Concurrent Start) (G1 Evacuation Pause) 359M->345M(512M) 33.221ms
[2022-03-28T17:59:15.912+0800][11.632s] GC(7) User=0.23s Sys=0.00s Real=0.03s
[2022-03-28T17:59:15.912+0800][11.632s] GC(8) Concurrent Mark Cycle
[2022-03-28T17:59:15.912+0800][11.632s] GC(8) Concurrent Clear Claimed Marks
[2022-03-28T17:59:15.912+0800][11.632s] GC(8) Concurrent Clear Claimed Marks 0.043ms
[2022-03-28T17:59:15.912+0800][11.632s] GC(8) Concurrent Scan Root Regions
[2022-03-28T17:59:15.935+0800][11.654s] GC(8) Concurrent Scan Root Regions 22.507ms
[2022-03-28T17:59:15.935+0800][11.654s] GC(8) Concurrent Mark
[2022-03-28T17:59:15.935+0800][11.654s] GC(8) Concurrent Mark From Roots
[2022-03-28T17:59:15.935+0800][11.654s] GC(8) Using 2 workers of 2 for marking
[2022-03-28T17:59:16.107+0800][11.827s] GC(8) Concurrent Mark From Roots 172.236ms
[2022-03-28T17:59:16.107+0800][11.827s] GC(8) Concurrent Preclean
[2022-03-28T17:59:16.107+0800][11.827s] GC(8) Concurrent Preclean 0.115ms
[2022-03-28T17:59:16.107+0800][11.827s] GC(8) Pause Remark
[2022-03-28T17:59:16.109+0800][11.829s] GC(8) Pause Remark 352M->348M(512M) 2.395ms
[2022-03-28T17:59:16.109+0800][11.829s] GC(8) User=0.00s Sys=0.00s Real=0.00s
[2022-03-28T17:59:16.109+0800][11.829s] GC(8) Concurrent Mark 175.069ms
[2022-03-28T17:59:16.109+0800][11.829s] GC(8) Concurrent Rebuild Remembered Sets
[2022-03-28T17:59:16.212+0800][11.931s] GC(8) Concurrent Rebuild Remembered Sets 101.987ms
[2022-03-28T17:59:16.212+0800][11.932s] GC(8) Pause Cleanup
[2022-03-28T17:59:16.212+0800][11.932s] GC(8) Pause Cleanup 354M->354M(512M) 0.195ms
[2022-03-28T17:59:16.212+0800][11.932s] GC(8) User=0.00s Sys=0.00s Real=0.00s
[2022-03-28T17:59:16.212+0800][11.932s] GC(8) Concurrent Cleanup for Next Mark
[2022-03-28T17:59:16.213+0800][11.932s] GC(8) Concurrent Cleanup for Next Mark 0.428ms
[2022-03-28T17:59:16.213+0800][11.932s] GC(8) Concurrent Mark Cycle 300.718ms
[2022-03-28T17:59:22.381+0800][18.101s] GC(9) Pause Young (Prepare Mixed) (G1 Evacuation Pause)
[2022-03-28T17:59:22.381+0800][18.101s] GC(9) Using 8 workers of 8 for evacuation
[2022-03-28T17:59:22.389+0800][18.109s] GC(9)   Pre Evacuate Collection Set: 0.1ms
[2022-03-28T17:59:22.389+0800][18.109s] GC(9)   Merge Heap Roots: 0.1ms
[2022-03-28T17:59:22.389+0800][18.109s] GC(9)   Evacuate Collection Set: 7.7ms
[2022-03-28T17:59:22.389+0800][18.109s] GC(9)   Post Evacuate Collection Set: 0.3ms
[2022-03-28T17:59:22.389+0800][18.109s] GC(9)   Other: 0.1ms
[2022-03-28T17:59:22.389+0800][18.109s] GC(9) Eden regions: 56->0(21)
[2022-03-28T17:59:22.389+0800][18.109s] GC(9) Survivor regions: 9->4(9)
[2022-03-28T17:59:22.389+0800][18.109s] GC(9) Old regions: 307->317
[2022-03-28T17:59:22.389+0800][18.109s] GC(9) Archive regions: 0->0
[2022-03-28T17:59:22.389+0800][18.109s] GC(9) Humongous regions: 48->33
[2022-03-28T17:59:22.389+0800][18.109s] GC(9) Metaspace: 49304K(49728K)->49304K(49728K) NonClass: 43413K(43648K)->43413K(43648K) Class: 5890K(6080K)->5890K(6080K)
[2022-03-28T17:59:22.390+0800][18.109s] GC(9) Pause Young (Prepare Mixed) (G1 Evacuation Pause) 420M->353M(512M) 8.495ms
[2022-03-28T17:59:22.390+0800][18.109s] GC(9) User=0.12s Sys=0.00s Real=0.01s
[2022-03-28T17:59:22.419+0800][18.139s] GC(10) Pause Young (Mixed) (G1 Evacuation Pause)
[2022-03-28T17:59:22.419+0800][18.139s] GC(10) Using 8 workers of 8 for evacuation
[2022-03-28T17:59:22.430+0800][18.149s] GC(10)   Pre Evacuate Collection Set: 0.1ms
[2022-03-28T17:59:22.430+0800][18.150s] GC(10)   Merge Heap Roots: 0.1ms
[2022-03-28T17:59:22.430+0800][18.150s] GC(10)   Evacuate Collection Set: 9.9ms
[2022-03-28T17:59:22.430+0800][18.150s] GC(10)   Post Evacuate Collection Set: 0.3ms
[2022-03-28T17:59:22.430+0800][18.150s] GC(10)   Other: 0.2ms
[2022-03-28T17:59:22.430+0800][18.150s] GC(10) Eden regions: 21->0(21)
[2022-03-28T17:59:22.430+0800][18.150s] GC(10) Survivor regions: 4->4(4)
[2022-03-28T17:59:22.430+0800][18.150s] GC(10) Old regions: 317->277
[2022-03-28T17:59:22.430+0800][18.150s] GC(10) Archive regions: 0->0
[2022-03-28T17:59:22.430+0800][18.150s] GC(10) Humongous regions: 34->34
[2022-03-28T17:59:22.430+0800][18.150s] GC(10) Metaspace: 49304K(49728K)->49304K(49728K) NonClass: 43413K(43648K)->43413K(43648K) Class: 5890K(6080K)->5890K(6080K)
[2022-03-28T17:59:22.430+0800][18.150s] GC(10) Pause Young (Mixed) (G1 Evacuation Pause) 375M->315M(512M) 10.763ms
[2022-03-28T17:59:22.430+0800][18.150s] GC(10) User=0.00s Sys=0.00s Real=0.01s
[2022-03-28T17:59:22.455+0800][18.176s] GC(11) Pause Young (Mixed) (G1 Evacuation Pause)
[2022-03-28T17:59:22.455+0800][18.176s] GC(11) Using 8 workers of 8 for evacuation
[2022-03-28T17:59:22.468+0800][18.187s] GC(11)   Pre Evacuate Collection Set: 0.1ms
[2022-03-28T17:59:22.468+0800][18.187s] GC(11)   Merge Heap Roots: 0.1ms
[2022-03-28T17:59:22.468+0800][18.187s] GC(11)   Evacuate Collection Set: 11.1ms
[2022-03-28T17:59:22.468+0800][18.187s] GC(11)   Post Evacuate Collection Set: 0.3ms
[2022-03-28T17:59:22.468+0800][18.187s] GC(11)   Other: 0.1ms
[2022-03-28T17:59:22.468+0800][18.187s] GC(11) Eden regions: 21->0(21)
[2022-03-28T17:59:22.468+0800][18.187s] GC(11) Survivor regions: 4->4(4)
[2022-03-28T17:59:22.468+0800][18.187s] GC(11) Old regions: 277->241
[2022-03-28T17:59:22.468+0800][18.187s] GC(11) Archive regions: 0->0
[2022-03-28T17:59:22.468+0800][18.187s] GC(11) Humongous regions: 34->34
[2022-03-28T17:59:22.468+0800][18.187s] GC(11) Metaspace: 49304K(49728K)->49304K(49728K) NonClass: 43413K(43648K)->43413K(43648K) Class: 5890K(6080K)->5890K(6080K)
[2022-03-28T17:59:22.468+0800][18.187s] GC(11) Pause Young (Mixed) (G1 Evacuation Pause) 336M->279M(512M) 11.866ms
[2022-03-28T17:59:22.468+0800][18.187s] GC(11) User=0.12s Sys=0.00s Real=0.01s
[2022-03-28T17:59:22.490+0800][18.210s] GC(12) Pause Young (Mixed) (G1 Evacuation Pause)
[2022-03-28T17:59:22.490+0800][18.210s] GC(12) Using 8 workers of 8 for evacuation
[2022-03-28T17:59:22.503+0800][18.222s] GC(12)   Pre Evacuate Collection Set: 0.1ms
[2022-03-28T17:59:22.503+0800][18.222s] GC(12)   Merge Heap Roots: 0.1ms
[2022-03-28T17:59:22.503+0800][18.222s] GC(12)   Evacuate Collection Set: 11.9ms
[2022-03-28T17:59:22.503+0800][18.222s] GC(12)   Post Evacuate Collection Set: 0.3ms
[2022-03-28T17:59:22.503+0800][18.222s] GC(12)   Other: 0.1ms
[2022-03-28T17:59:22.503+0800][18.222s] GC(12) Eden regions: 21->0(105)
[2022-03-28T17:59:22.503+0800][18.223s] GC(12) Survivor regions: 4->4(4)
[2022-03-28T17:59:22.503+0800][18.223s] GC(12) Old regions: 241->210
[2022-03-28T17:59:22.503+0800][18.223s] GC(12) Archive regions: 0->0
[2022-03-28T17:59:22.503+0800][18.223s] GC(12) Humongous regions: 36->36
[2022-03-28T17:59:22.503+0800][18.223s] GC(12) Metaspace: 49304K(49728K)->49304K(49728K) NonClass: 43413K(43648K)->43413K(43648K) Class: 5890K(6080K)->5890K(6080K)
[2022-03-28T17:59:22.503+0800][18.223s] GC(12) Pause Young (Mixed) (G1 Evacuation Pause) 302M->249M(512M) 12.753ms
[2022-03-28T17:59:22.503+0800][18.223s] GC(12) User=0.06s Sys=0.00s Real=0.01s
[2022-03-28T17:59:22.527+0800][18.246s] GC(13) Pause Young (Concurrent Start) (G1 Humongous Allocation)
[2022-03-28T17:59:22.527+0800][18.247s] GC(13) Using 8 workers of 8 for evacuation
[2022-03-28T17:59:22.540+0800][18.260s] GC(13)   Pre Evacuate Collection Set: 0.1ms
[2022-03-28T17:59:22.540+0800][18.260s] GC(13)   Merge Heap Roots: 0.2ms
[2022-03-28T17:59:22.540+0800][18.260s] GC(13)   Evacuate Collection Set: 12.7ms
[2022-03-28T17:59:22.540+0800][18.260s] GC(13)   Post Evacuate Collection Set: 0.3ms
[2022-03-28T17:59:22.540+0800][18.260s] GC(13)   Other: 0.2ms
[2022-03-28T17:59:22.540+0800][18.260s] GC(13) Eden regions: 26->0(92)
[2022-03-28T17:59:22.540+0800][18.260s] GC(13) Survivor regions: 4->14(14)
[2022-03-28T17:59:22.540+0800][18.260s] GC(13) Old regions: 210->215
[2022-03-28T17:59:22.540+0800][18.260s] GC(13) Archive regions: 0->0
[2022-03-28T17:59:22.540+0800][18.260s] GC(13) Humongous regions: 36->36
[2022-03-28T17:59:22.540+0800][18.260s] GC(13) Metaspace: 49304K(49728K)->49304K(49728K) NonClass: 43413K(43648K)->43413K(43648K) Class: 5890K(6080K)->5890K(6080K)
[2022-03-28T17:59:22.540+0800][18.260s] GC(13) Pause Young (Concurrent Start) (G1 Humongous Allocation) 274M->264M(512M) 13.802ms
[2022-03-28T17:59:22.540+0800][18.260s] GC(13) User=0.02s Sys=0.00s Real=0.01s
[2022-03-28T17:59:22.541+0800][18.260s] GC(14) Concurrent Mark Cycle
[2022-03-28T17:59:22.541+0800][18.260s] GC(14) Concurrent Clear Claimed Marks
[2022-03-28T17:59:22.541+0800][18.260s] GC(14) Concurrent Clear Claimed Marks 0.036ms
[2022-03-28T17:59:22.541+0800][18.260s] GC(14) Concurrent Scan Root Regions
[2022-03-28T17:59:22.551+0800][18.270s] GC(14) Concurrent Scan Root Regions 9.753ms
[2022-03-28T17:59:22.551+0800][18.270s] GC(14) Concurrent Mark
[2022-03-28T17:59:22.551+0800][18.270s] GC(14) Concurrent Mark From Roots
[2022-03-28T17:59:22.551+0800][18.270s] GC(14) Using 2 workers of 2 for marking
[2022-03-28T17:59:22.770+0800][18.490s] GC(14) Concurrent Mark From Roots 219.611ms
[2022-03-28T17:59:22.770+0800][18.490s] GC(14) Concurrent Preclean
[2022-03-28T17:59:22.771+0800][18.490s] GC(14) Concurrent Preclean 0.143ms
[2022-03-28T17:59:22.771+0800][18.490s] GC(14) Pause Remark
[2022-03-28T17:59:22.773+0800][18.493s] GC(14) Pause Remark 326M->317M(512M) 2.481ms
[2022-03-28T17:59:22.773+0800][18.493s] GC(14) User=0.00s Sys=0.00s Real=0.00s
[2022-03-28T17:59:22.773+0800][18.493s] GC(14) Concurrent Mark 222.536ms
[2022-03-28T17:59:22.773+0800][18.493s] GC(14) Concurrent Rebuild Remembered Sets
[2022-03-28T17:59:22.855+0800][18.575s] GC(15) Pause Young (Normal) (G1 Evacuation Pause)
[2022-03-28T17:59:22.855+0800][18.575s] GC(15) Using 8 workers of 8 for evacuation
[2022-03-28T17:59:22.889+0800][18.609s] GC(15)   Pre Evacuate Collection Set: 0.1ms
[2022-03-28T17:59:22.889+0800][18.609s] GC(15)   Merge Heap Roots: 0.4ms
[2022-03-28T17:59:22.889+0800][18.609s] GC(15)   Evacuate Collection Set: 33.5ms
[2022-03-28T17:59:22.889+0800][18.609s] GC(15)   Post Evacuate Collection Set: 0.4ms
[2022-03-28T17:59:22.889+0800][18.609s] GC(15)   Other: 0.2ms
[2022-03-28T17:59:22.889+0800][18.609s] GC(15) Eden regions: 65->0(80)
[2022-03-28T17:59:22.889+0800][18.609s] GC(15) Survivor regions: 14->10(10)
[2022-03-28T17:59:22.889+0800][18.609s] GC(15) Old regions: 215->249
[2022-03-28T17:59:22.889+0800][18.609s] GC(15) Archive regions: 0->0
[2022-03-28T17:59:22.889+0800][18.609s] GC(15) Humongous regions: 30->30
[2022-03-28T17:59:22.890+0800][18.609s] GC(15) Metaspace: 49559K(49920K)->49559K(49920K) NonClass: 43634K(43840K)->43634K(43840K) Class: 5925K(6080K)->5925K(6080K)
[2022-03-28T17:59:22.890+0800][18.609s] GC(15) Pause Young (Normal) (G1 Evacuation Pause) 323M->288M(512M) 34.775ms
[2022-03-28T17:59:22.890+0800][18.609s] GC(15) User=0.25s Sys=0.00s Real=0.04s
[2022-03-28T17:59:22.935+0800][18.655s] GC(14) Concurrent Rebuild Remembered Sets 162.071ms
[2022-03-28T17:59:22.936+0800][18.655s] GC(14) Pause Cleanup
[2022-03-28T17:59:22.936+0800][18.655s] GC(14) Pause Cleanup 290M->290M(512M) 0.225ms
[2022-03-28T17:59:22.936+0800][18.655s] GC(14) User=0.00s Sys=0.00s Real=0.00s
[2022-03-28T17:59:22.936+0800][18.656s] GC(14) Concurrent Cleanup for Next Mark
[2022-03-28T17:59:22.937+0800][18.657s] GC(14) Concurrent Cleanup for Next Mark 0.491ms
[2022-03-28T17:59:22.937+0800][18.657s] GC(14) Concurrent Mark Cycle 396.274ms
[2022-03-28T17:59:41.676+0800][37.396s] GC(16) Pause Young (Prepare Mixed) (G1 Evacuation Pause)
[2022-03-28T17:59:41.676+0800][37.396s] GC(16) Using 8 workers of 8 for evacuation
[2022-03-28T17:59:41.703+0800][37.423s] GC(16)   Pre Evacuate Collection Set: 0.1ms
[2022-03-28T17:59:41.703+0800][37.423s] GC(16)   Merge Heap Roots: 0.1ms
[2022-03-28T17:59:41.703+0800][37.423s] GC(16)   Evacuate Collection Set: 26.5ms
[2022-03-28T17:59:41.703+0800][37.423s] GC(16)   Post Evacuate Collection Set: 0.3ms
[2022-03-28T17:59:41.703+0800][37.423s] GC(16)   Other: 0.2ms
[2022-03-28T17:59:41.703+0800][37.423s] GC(16) Eden regions: 80->0(13)
[2022-03-28T17:59:41.703+0800][37.423s] GC(16) Survivor regions: 10->12(12)
[2022-03-28T17:59:41.703+0800][37.423s] GC(16) Old regions: 249->286
[2022-03-28T17:59:41.703+0800][37.423s] GC(16) Archive regions: 0->0
[2022-03-28T17:59:41.703+0800][37.423s] GC(16) Humongous regions: 56->41
[2022-03-28T17:59:41.703+0800][37.423s] GC(16) Metaspace: 49560K(49920K)->49560K(49920K) NonClass: 43635K(43840K)->43635K(43840K) Class: 5925K(6080K)->5925K(6080K)
[2022-03-28T17:59:41.703+0800][37.423s] GC(16) Pause Young (Prepare Mixed) (G1 Evacuation Pause) 394M->338M(512M) 27.388ms
[2022-03-28T17:59:41.704+0800][37.423s] GC(16) User=0.23s Sys=0.00s Real=0.03s
[2022-03-28T17:59:41.721+0800][37.441s] GC(17) Pause Young (Mixed) (G1 Evacuation Pause)
[2022-03-28T17:59:41.721+0800][37.441s] GC(17) Using 8 workers of 8 for evacuation
[2022-03-28T17:59:41.748+0800][37.468s] GC(17)   Pre Evacuate Collection Set: 0.1ms
[2022-03-28T17:59:41.748+0800][37.468s] GC(17)   Merge Heap Roots: 0.1ms
[2022-03-28T17:59:41.748+0800][37.468s] GC(17)   Evacuate Collection Set: 26.7ms
[2022-03-28T17:59:41.748+0800][37.468s] GC(17)   Post Evacuate Collection Set: 0.3ms
[2022-03-28T17:59:41.748+0800][37.468s] GC(17)   Other: 0.1ms
[2022-03-28T17:59:41.748+0800][37.468s] GC(17) Eden regions: 13->0(48)
[2022-03-28T17:59:41.748+0800][37.468s] GC(17) Survivor regions: 12->4(4)
[2022-03-28T17:59:41.748+0800][37.468s] GC(17) Old regions: 286->297
[2022-03-28T17:59:41.748+0800][37.468s] GC(17) Archive regions: 0->0
[2022-03-28T17:59:41.749+0800][37.468s] GC(17) Humongous regions: 64->49
[2022-03-28T17:59:41.749+0800][37.468s] GC(17) Metaspace: 49561K(49920K)->49561K(49920K) NonClass: 43636K(43840K)->43636K(43840K) Class: 5925K(6080K)->5925K(6080K)
[2022-03-28T17:59:41.749+0800][37.468s] GC(17) Pause Young (Mixed) (G1 Evacuation Pause) 374M->349M(512M) 27.460ms
[2022-03-28T17:59:41.749+0800][37.468s] GC(17) User=0.22s Sys=0.00s Real=0.03s
[2022-03-28T17:59:41.768+0800][37.487s] GC(18) Pause Young (Concurrent Start) (G1 Humongous Allocation)
[2022-03-28T17:59:41.768+0800][37.487s] GC(18) Using 8 workers of 8 for evacuation
[2022-03-28T17:59:41.780+0800][37.500s] GC(18)   Pre Evacuate Collection Set: 0.1ms
[2022-03-28T17:59:41.780+0800][37.500s] GC(18)   Merge Heap Roots: 0.1ms
[2022-03-28T17:59:41.780+0800][37.500s] GC(18)   Evacuate Collection Set: 11.8ms
[2022-03-28T17:59:41.780+0800][37.500s] GC(18)   Post Evacuate Collection Set: 0.3ms
[2022-03-28T17:59:41.780+0800][37.500s] GC(18)   Other: 0.2ms
[2022-03-28T17:59:41.780+0800][37.500s] GC(18) Eden regions: 29->0(39)
[2022-03-28T17:59:41.780+0800][37.500s] GC(18) Survivor regions: 4->7(7)
[2022-03-28T17:59:41.780+0800][37.500s] GC(18) Old regions: 297->312
[2022-03-28T17:59:41.781+0800][37.500s] GC(18) Archive regions: 0->0
[2022-03-28T17:59:41.781+0800][37.500s] GC(18) Humongous regions: 49->49
[2022-03-28T17:59:41.781+0800][37.500s] GC(18) Metaspace: 49561K(49920K)->49561K(49920K) NonClass: 43636K(43840K)->43636K(43840K) Class: 5925K(6080K)->5925K(6080K)
[2022-03-28T17:59:41.781+0800][37.500s] GC(18) Pause Young (Concurrent Start) (G1 Humongous Allocation) 378M->367M(512M) 12.715ms
[2022-03-28T17:59:41.781+0800][37.500s] GC(18) User=0.12s Sys=0.00s Real=0.01s
[2022-03-28T17:59:41.781+0800][37.500s] GC(19) Concurrent Mark Cycle
[2022-03-28T17:59:41.781+0800][37.500s] GC(19) Concurrent Clear Claimed Marks
[2022-03-28T17:59:41.781+0800][37.500s] GC(19) Concurrent Clear Claimed Marks 0.039ms
[2022-03-28T17:59:41.781+0800][37.500s] GC(19) Concurrent Scan Root Regions
[2022-03-28T17:59:41.790+0800][37.510s] GC(19) Concurrent Scan Root Regions 9.540ms
[2022-03-28T17:59:41.790+0800][37.510s] GC(19) Concurrent Mark
[2022-03-28T17:59:41.790+0800][37.510s] GC(19) Concurrent Mark From Roots
[2022-03-28T17:59:41.790+0800][37.510s] GC(19) Using 2 workers of 2 for marking
[2022-03-28T17:59:41.824+0800][37.544s] GC(20) Pause Young (Normal) (G1 Evacuation Pause)
[2022-03-28T17:59:41.824+0800][37.544s] GC(20) Using 8 workers of 8 for evacuation
[2022-03-28T17:59:41.844+0800][37.564s] GC(20)   Pre Evacuate Collection Set: 0.1ms
[2022-03-28T17:59:41.844+0800][37.564s] GC(20)   Merge Heap Roots: 0.3ms
[2022-03-28T17:59:41.844+0800][37.564s] GC(20)   Evacuate Collection Set: 19.0ms
[2022-03-28T17:59:41.844+0800][37.564s] GC(20)   Post Evacuate Collection Set: 0.3ms
[2022-03-28T17:59:41.844+0800][37.564s] GC(20)   Other: 0.2ms
[2022-03-28T17:59:41.844+0800][37.564s] GC(20) Eden regions: 39->0(27)
[2022-03-28T17:59:41.844+0800][37.564s] GC(20) Survivor regions: 7->6(6)
[2022-03-28T17:59:41.844+0800][37.564s] GC(20) Old regions: 312->337
[2022-03-28T17:59:41.844+0800][37.564s] GC(20) Archive regions: 0->0
[2022-03-28T17:59:41.844+0800][37.564s] GC(20) Humongous regions: 53->53
[2022-03-28T17:59:41.845+0800][37.564s] GC(20) Metaspace: 49561K(49920K)->49561K(49920K) NonClass: 43636K(43840K)->43636K(43840K) Class: 5925K(6080K)->5925K(6080K)
[2022-03-28T17:59:41.845+0800][37.564s] GC(20) Pause Young (Normal) (G1 Evacuation Pause) 410M->395M(512M) 20.076ms
[2022-03-28T17:59:41.845+0800][37.564s] GC(20) User=0.12s Sys=0.00s Real=0.02s
[2022-03-28T17:59:41.873+0800][37.593s] GC(21) Pause Young (Normal) (G1 Evacuation Pause)
[2022-03-28T17:59:41.873+0800][37.593s] GC(21) Using 8 workers of 8 for evacuation
[2022-03-28T17:59:41.890+0800][37.609s] GC(21)   Pre Evacuate Collection Set: 0.1ms
[2022-03-28T17:59:41.890+0800][37.609s] GC(21)   Merge Heap Roots: 0.2ms
[2022-03-28T17:59:41.890+0800][37.609s] GC(21)   Evacuate Collection Set: 16.1ms
[2022-03-28T17:59:41.890+0800][37.609s] GC(21)   Post Evacuate Collection Set: 0.3ms
[2022-03-28T17:59:41.890+0800][37.610s] GC(21)   Other: 0.2ms
[2022-03-28T17:59:41.890+0800][37.610s] GC(21) Eden regions: 27->0(20)
[2022-03-28T17:59:41.890+0800][37.610s] GC(21) Survivor regions: 6->5(5)
[2022-03-28T17:59:41.890+0800][37.610s] GC(21) Old regions: 337->356
[2022-03-28T17:59:41.890+0800][37.610s] GC(21) Archive regions: 0->0
[2022-03-28T17:59:41.890+0800][37.610s] GC(21) Humongous regions: 55->55
[2022-03-28T17:59:41.890+0800][37.610s] GC(21) Metaspace: 49561K(49920K)->49561K(49920K) NonClass: 43636K(43840K)->43636K(43840K) Class: 5925K(6080K)->5925K(6080K)
[2022-03-28T17:59:41.890+0800][37.610s] GC(21) Pause Young (Normal) (G1 Evacuation Pause) 424M->415M(512M) 17.121ms
[2022-03-28T17:59:41.890+0800][37.610s] GC(21) User=0.12s Sys=0.00s Real=0.02s
[2022-03-28T17:59:41.908+0800][37.627s] GC(22) Pause Young (Normal) (G1 Evacuation Pause)
[2022-03-28T17:59:41.908+0800][37.627s] GC(22) Using 8 workers of 8 for evacuation
[2022-03-28T17:59:41.922+0800][37.642s] GC(22)   Pre Evacuate Collection Set: 0.1ms
[2022-03-28T17:59:41.922+0800][37.642s] GC(22)   Merge Heap Roots: 0.2ms
[2022-03-28T17:59:41.922+0800][37.642s] GC(22)   Evacuate Collection Set: 13.4ms
[2022-03-28T17:59:41.922+0800][37.642s] GC(22)   Post Evacuate Collection Set: 0.3ms
[2022-03-28T17:59:41.922+0800][37.642s] GC(22)   Other: 0.2ms
[2022-03-28T17:59:41.922+0800][37.642s] GC(22) Eden regions: 20->0(21)
[2022-03-28T17:59:41.922+0800][37.642s] GC(22) Survivor regions: 5->4(4)
[2022-03-28T17:59:41.922+0800][37.642s] GC(22) Old regions: 356->370
[2022-03-28T17:59:41.922+0800][37.642s] GC(22) Archive regions: 0->0
[2022-03-28T17:59:41.922+0800][37.642s] GC(22) Humongous regions: 55->55
[2022-03-28T17:59:41.922+0800][37.642s] GC(22) Metaspace: 49561K(49920K)->49561K(49920K) NonClass: 43636K(43840K)->43636K(43840K) Class: 5925K(6080K)->5925K(6080K)
[2022-03-28T17:59:41.922+0800][37.642s] GC(22) Pause Young (Normal) (G1 Evacuation Pause) 435M->429M(512M) 14.489ms
[2022-03-28T17:59:41.922+0800][37.642s] GC(22) User=0.12s Sys=0.00s Real=0.01s
[2022-03-28T17:59:41.950+0800][37.669s] GC(23) Pause Young (Normal) (G1 Evacuation Pause)
[2022-03-28T17:59:41.950+0800][37.669s] GC(23) Using 8 workers of 8 for evacuation
[2022-03-28T17:59:41.965+0800][37.684s] GC(23)   Pre Evacuate Collection Set: 0.0ms
[2022-03-28T17:59:41.965+0800][37.684s] GC(23)   Merge Heap Roots: 0.2ms
[2022-03-28T17:59:41.965+0800][37.684s] GC(23)   Evacuate Collection Set: 14.0ms
[2022-03-28T17:59:41.965+0800][37.684s] GC(23)   Post Evacuate Collection Set: 0.3ms
[2022-03-28T17:59:41.965+0800][37.684s] GC(23)   Other: 0.2ms
[2022-03-28T17:59:41.965+0800][37.684s] GC(23) Eden regions: 21->0(21)
[2022-03-28T17:59:41.965+0800][37.684s] GC(23) Survivor regions: 4->4(4)
[2022-03-28T17:59:41.965+0800][37.684s] GC(23) Old regions: 370->384
[2022-03-28T17:59:41.965+0800][37.684s] GC(23) Archive regions: 0->0
[2022-03-28T17:59:41.965+0800][37.684s] GC(23) Humongous regions: 55->55
[2022-03-28T17:59:41.965+0800][37.684s] GC(23) Metaspace: 49563K(49920K)->49563K(49920K) NonClass: 43638K(43840K)->43638K(43840K) Class: 5925K(6080K)->5925K(6080K)
[2022-03-28T17:59:41.965+0800][37.684s] GC(23) Pause Young (Normal) (G1 Evacuation Pause) 450M->442M(512M) 15.046ms
[2022-03-28T17:59:41.965+0800][37.684s] GC(23) User=0.12s Sys=0.00s Real=0.01s
[2022-03-28T17:59:42.006+0800][37.725s] GC(24) Pause Young (Normal) (G1 Evacuation Pause)
[2022-03-28T17:59:42.006+0800][37.725s] GC(24) Using 8 workers of 8 for evacuation
[2022-03-28T17:59:42.020+0800][37.739s] GC(24)   Pre Evacuate Collection Set: 0.1ms
[2022-03-28T17:59:42.020+0800][37.739s] GC(24)   Merge Heap Roots: 0.2ms
[2022-03-28T17:59:42.020+0800][37.739s] GC(24)   Evacuate Collection Set: 13.1ms
[2022-03-28T17:59:42.020+0800][37.739s] GC(24)   Post Evacuate Collection Set: 0.3ms
[2022-03-28T17:59:42.020+0800][37.739s] GC(24)   Other: 0.2ms
[2022-03-28T17:59:42.020+0800][37.739s] GC(24) Eden regions: 21->0(21)
[2022-03-28T17:59:42.020+0800][37.739s] GC(24) Survivor regions: 4->4(4)
[2022-03-28T17:59:42.020+0800][37.739s] GC(24) Old regions: 384->396
[2022-03-28T17:59:42.020+0800][37.739s] GC(24) Archive regions: 0->0
[2022-03-28T17:59:42.020+0800][37.739s] GC(24) Humongous regions: 58->58
[2022-03-28T17:59:42.020+0800][37.739s] GC(24) Metaspace: 49567K(49920K)->49567K(49920K) NonClass: 43642K(43840K)->43642K(43840K) Class: 5925K(6080K)->5925K(6080K)
[2022-03-28T17:59:42.020+0800][37.739s] GC(24) Pause Young (Normal) (G1 Evacuation Pause) 466M->458M(512M) 14.129ms
[2022-03-28T17:59:42.020+0800][37.740s] GC(24) User=0.11s Sys=0.00s Real=0.01s
[2022-03-28T17:59:42.081+0800][37.800s] GC(25) Pause Young (Normal) (G1 Evacuation Pause)
[2022-03-28T17:59:42.081+0800][37.800s] GC(25) Using 8 workers of 8 for evacuation
[2022-03-28T17:59:42.093+0800][37.813s] GC(25)   Pre Evacuate Collection Set: 0.1ms
[2022-03-28T17:59:42.093+0800][37.813s] GC(25)   Merge Heap Roots: 0.1ms
[2022-03-28T17:59:42.093+0800][37.813s] GC(25)   Evacuate Collection Set: 11.8ms
[2022-03-28T17:59:42.093+0800][37.813s] GC(25)   Post Evacuate Collection Set: 0.3ms
[2022-03-28T17:59:42.093+0800][37.813s] GC(25)   Other: 0.2ms
[2022-03-28T17:59:42.093+0800][37.813s] GC(25) Eden regions: 21->0(21)
[2022-03-28T17:59:42.093+0800][37.813s] GC(25) Survivor regions: 4->4(4)
[2022-03-28T17:59:42.093+0800][37.813s] GC(25) Old regions: 396->407
[2022-03-28T17:59:42.093+0800][37.813s] GC(25) Archive regions: 0->0
[2022-03-28T17:59:42.093+0800][37.813s] GC(25) Humongous regions: 58->58
[2022-03-28T17:59:42.093+0800][37.813s] GC(25) Metaspace: 49567K(49920K)->49567K(49920K) NonClass: 43642K(43840K)->43642K(43840K) Class: 5925K(6080K)->5925K(6080K)
[2022-03-28T17:59:42.094+0800][37.813s] GC(25) Pause Young (Normal) (G1 Evacuation Pause) 479M->469M(512M) 12.797ms
[2022-03-28T17:59:42.094+0800][37.813s] GC(25) User=0.12s Sys=0.00s Real=0.01s
[2022-03-28T17:59:42.149+0800][37.868s] GC(26) Pause Young (Normal) (G1 Evacuation Pause)
[2022-03-28T17:59:42.149+0800][37.868s] GC(26) Using 8 workers of 8 for evacuation
[2022-03-28T17:59:42.164+0800][37.884s] GC(26)   Pre Evacuate Collection Set: 0.1ms
[2022-03-28T17:59:42.164+0800][37.884s] GC(26)   Merge Heap Roots: 0.2ms
[2022-03-28T17:59:42.164+0800][37.884s] GC(26)   Evacuate Collection Set: 14.7ms
[2022-03-28T17:59:42.165+0800][37.884s] GC(26)   Post Evacuate Collection Set: 0.3ms
[2022-03-28T17:59:42.165+0800][37.884s] GC(26)   Other: 0.2ms
[2022-03-28T17:59:42.165+0800][37.884s] GC(26) Eden regions: 21->0(21)
[2022-03-28T17:59:42.165+0800][37.884s] GC(26) Survivor regions: 4->4(4)
[2022-03-28T17:59:42.165+0800][37.884s] GC(26) Old regions: 407->419
[2022-03-28T17:59:42.165+0800][37.884s] GC(26) Archive regions: 0->0
[2022-03-28T17:59:42.165+0800][37.884s] GC(26) Humongous regions: 58->58
[2022-03-28T17:59:42.165+0800][37.884s] GC(26) Metaspace: 49583K(49984K)->49583K(49984K) NonClass: 43656K(43904K)->43656K(43904K) Class: 5927K(6080K)->5927K(6080K)
[2022-03-28T17:59:42.165+0800][37.884s] GC(26) Pause Young (Normal) (G1 Evacuation Pause) 490M->480M(512M) 15.784ms
[2022-03-28T17:59:42.165+0800][37.884s] GC(26) User=0.12s Sys=0.00s Real=0.02s
[2022-03-28T17:59:42.209+0800][37.929s] GC(27) Pause Young (Normal) (G1 Preventive Collection)
[2022-03-28T17:59:42.209+0800][37.929s] GC(27) Using 8 workers of 8 for evacuation
[2022-03-28T17:59:42.224+0800][37.944s] GC(27)   Pre Evacuate Collection Set: 0.1ms
[2022-03-28T17:59:42.224+0800][37.944s] GC(27)   Merge Heap Roots: 0.3ms
[2022-03-28T17:59:42.224+0800][37.944s] GC(27)   Evacuate Collection Set: 13.7ms
[2022-03-28T17:59:42.224+0800][37.944s] GC(27)   Post Evacuate Collection Set: 0.4ms
[2022-03-28T17:59:42.224+0800][37.944s] GC(27)   Other: 0.2ms
[2022-03-28T17:59:42.224+0800][37.944s] GC(27) Eden regions: 16->0(21)
[2022-03-28T17:59:42.224+0800][37.944s] GC(27) Survivor regions: 4->4(4)
[2022-03-28T17:59:42.224+0800][37.944s] GC(27) Old regions: 419->428
[2022-03-28T17:59:42.224+0800][37.944s] GC(27) Archive regions: 0->0
[2022-03-28T17:59:42.224+0800][37.944s] GC(27) Humongous regions: 58->58
[2022-03-28T17:59:42.224+0800][37.944s] GC(27) Metaspace: 49593K(49984K)->49593K(49984K) NonClass: 43665K(43904K)->43665K(43904K) Class: 5927K(6080K)->5927K(6080K)
[2022-03-28T17:59:42.224+0800][37.944s] GC(27) Pause Young (Normal) (G1 Preventive Collection) 496M->489M(512M) 14.873ms
[2022-03-28T17:59:42.224+0800][37.944s] GC(27) User=0.12s Sys=0.00s Real=0.01s
[2022-03-28T17:59:42.333+0800][38.053s] GC(28) Pause Young (Normal) (G1 Preventive Collection)
[2022-03-28T17:59:42.333+0800][38.053s] GC(28) Using 8 workers of 8 for evacuation
[2022-03-28T17:59:42.342+0800][38.062s] GC(28)   Pre Evacuate Collection Set: 0.1ms
[2022-03-28T17:59:42.342+0800][38.062s] GC(28)   Merge Heap Roots: 0.1ms
[2022-03-28T17:59:42.342+0800][38.062s] GC(28)   Evacuate Collection Set: 7.7ms
[2022-03-28T17:59:42.342+0800][38.062s] GC(28)   Post Evacuate Collection Set: 0.4ms
[2022-03-28T17:59:42.342+0800][38.062s] GC(28)   Other: 0.2ms
[2022-03-28T17:59:42.342+0800][38.062s] GC(28) Eden regions: 10->0(23)
[2022-03-28T17:59:42.342+0800][38.062s] GC(28) Survivor regions: 4->2(4)
[2022-03-28T17:59:42.342+0800][38.062s] GC(28) Old regions: 428->433
[2022-03-28T17:59:42.342+0800][38.062s] GC(28) Archive regions: 0->0
[2022-03-28T17:59:42.342+0800][38.062s] GC(28) Humongous regions: 58->58
[2022-03-28T17:59:42.342+0800][38.062s] GC(28) Metaspace: 49608K(49984K)->49608K(49984K) NonClass: 43680K(43904K)->43680K(43904K) Class: 5927K(6080K)->5927K(6080K)
[2022-03-28T17:59:42.342+0800][38.062s] GC(28) Pause Young (Normal) (G1 Preventive Collection) 499M->491M(512M) 8.765ms
[2022-03-28T17:59:42.342+0800][38.062s] GC(28) User=0.12s Sys=0.00s Real=0.01s
[2022-03-28T17:59:42.385+0800][38.105s] GC(19) Concurrent Mark From Roots 594.602ms
[2022-03-28T17:59:42.385+0800][38.105s] GC(19) Concurrent Preclean
[2022-03-28T17:59:42.385+0800][38.105s] GC(19) Concurrent Preclean 0.227ms
[2022-03-28T17:59:42.386+0800][38.105s] GC(19) Pause Remark
[2022-03-28T17:59:42.388+0800][38.108s] GC(19) Pause Remark 496M->485M(512M) 2.837ms
[2022-03-28T17:59:42.388+0800][38.108s] GC(19) User=0.00s Sys=0.00s Real=0.00s
[2022-03-28T17:59:42.388+0800][38.108s] GC(19) Concurrent Mark 598.143ms
[2022-03-28T17:59:42.388+0800][38.108s] GC(19) Concurrent Rebuild Remembered Sets
[2022-03-28T17:59:42.505+0800][38.224s] GC(29) Pause Young (Normal) (G1 Preventive Collection)
[2022-03-28T17:59:42.505+0800][38.224s] GC(29) Using 8 workers of 8 for evacuation
[2022-03-28T17:59:42.506+0800][38.226s] GC(29)   Pre Evacuate Collection Set: 0.1ms
[2022-03-28T17:59:42.506+0800][38.226s] GC(29)   Merge Heap Roots: 0.0ms
[2022-03-28T17:59:42.506+0800][38.226s] GC(29)   Evacuate Collection Set: 0.8ms
[2022-03-28T17:59:42.506+0800][38.226s] GC(29)   Post Evacuate Collection Set: 0.3ms
[2022-03-28T17:59:42.506+0800][38.226s] GC(29)   Other: 0.2ms
[2022-03-28T17:59:42.506+0800][38.226s] GC(29) Eden regions: 18->0(24)
[2022-03-28T17:59:42.506+0800][38.226s] GC(29) Survivor regions: 2->1(4)
[2022-03-28T17:59:42.506+0800][38.226s] GC(29) Old regions: 433->433
[2022-03-28T17:59:42.506+0800][38.226s] GC(29) Archive regions: 0->0
[2022-03-28T17:59:42.506+0800][38.226s] GC(29) Humongous regions: 47->47
[2022-03-28T17:59:42.506+0800][38.226s] GC(29) Metaspace: 49631K(49984K)->49631K(49984K) NonClass: 43703K(43904K)->43703K(43904K) Class: 5927K(6080K)->5927K(6080K)
[2022-03-28T17:59:42.507+0800][38.226s] GC(29) Pause Young (Normal) (G1 Preventive Collection) 498M->480M(512M) 1.820ms
[2022-03-28T17:59:42.507+0800][38.226s] GC(29) User=0.00s Sys=0.00s Real=0.00s
[2022-03-28T17:59:42.732+0800][38.452s] GC(30) Pause Young (Normal) (G1 Preventive Collection)
[2022-03-28T17:59:42.732+0800][38.452s] GC(30) Using 8 workers of 8 for evacuation
[2022-03-28T17:59:42.734+0800][38.453s] GC(30)   Pre Evacuate Collection Set: 0.1ms
[2022-03-28T17:59:42.734+0800][38.453s] GC(30)   Merge Heap Roots: 0.0ms
[2022-03-28T17:59:42.734+0800][38.453s] GC(30)   Evacuate Collection Set: 0.6ms
[2022-03-28T17:59:42.734+0800][38.453s] GC(30)   Post Evacuate Collection Set: 0.4ms
[2022-03-28T17:59:42.734+0800][38.453s] GC(30)   Other: 0.2ms
[2022-03-28T17:59:42.734+0800][38.453s] GC(30) Eden regions: 20->0(24)
[2022-03-28T17:59:42.734+0800][38.453s] GC(30) Survivor regions: 1->1(4)
[2022-03-28T17:59:42.734+0800][38.453s] GC(30) Old regions: 433->433
[2022-03-28T17:59:42.734+0800][38.453s] GC(30) Archive regions: 0->0
[2022-03-28T17:59:42.734+0800][38.453s] GC(30) Humongous regions: 47->47
[2022-03-28T17:59:42.734+0800][38.453s] GC(30) Metaspace: 49671K(49984K)->49671K(49984K) NonClass: 43743K(43904K)->43743K(43904K) Class: 5928K(6080K)->5928K(6080K)
[2022-03-28T17:59:42.734+0800][38.453s] GC(30) Pause Young (Normal) (G1 Preventive Collection) 500M->480M(512M) 1.551ms
[2022-03-28T17:59:42.734+0800][38.454s] GC(30) User=0.00s Sys=0.00s Real=0.00s
[2022-03-28T17:59:42.753+0800][38.473s] GC(19) Concurrent Rebuild Remembered Sets 364.434ms
[2022-03-28T17:59:42.753+0800][38.473s] GC(19) Pause Cleanup
[2022-03-28T17:59:42.754+0800][38.473s] GC(19) Pause Cleanup 482M->482M(512M) 0.442ms
[2022-03-28T17:59:42.754+0800][38.473s] GC(19) User=0.00s Sys=0.00s Real=0.00s
[2022-03-28T17:59:42.754+0800][38.474s] GC(19) Concurrent Cleanup for Next Mark
[2022-03-28T17:59:42.755+0800][38.475s] GC(19) Concurrent Cleanup for Next Mark 0.365ms
[2022-03-28T17:59:42.755+0800][38.475s] GC(19) Concurrent Mark Cycle 974.399ms
[2022-03-28T17:59:43.112+0800][38.831s] GC(31) Pause Young (Prepare Mixed) (G1 Preventive Collection)
[2022-03-28T17:59:43.112+0800][38.831s] GC(31) Using 8 workers of 8 for evacuation
[2022-03-28T17:59:43.113+0800][38.832s] GC(31)   Pre Evacuate Collection Set: 0.1ms
[2022-03-28T17:59:43.113+0800][38.832s] GC(31)   Merge Heap Roots: 0.0ms
[2022-03-28T17:59:43.113+0800][38.832s] GC(31)   Evacuate Collection Set: 0.6ms
[2022-03-28T17:59:43.113+0800][38.832s] GC(31)   Post Evacuate Collection Set: 0.3ms
[2022-03-28T17:59:43.113+0800][38.832s] GC(31)   Other: 0.2ms
[2022-03-28T17:59:43.113+0800][38.832s] GC(31) Eden regions: 21->0(24)
[2022-03-28T17:59:43.113+0800][38.832s] GC(31) Survivor regions: 1->1(4)
[2022-03-28T17:59:43.113+0800][38.832s] GC(31) Old regions: 433->433
[2022-03-28T17:59:43.113+0800][38.832s] GC(31) Archive regions: 0->0
[2022-03-28T17:59:43.113+0800][38.832s] GC(31) Humongous regions: 47->47
[2022-03-28T17:59:43.113+0800][38.833s] GC(31) Metaspace: 49674K(50048K)->49674K(50048K) NonClass: 43745K(43968K)->43745K(43968K) Class: 5928K(6080K)->5928K(6080K)
[2022-03-28T17:59:43.113+0800][38.833s] GC(31) Pause Young (Prepare Mixed) (G1 Preventive Collection) 501M->480M(512M) 1.559ms
[2022-03-28T17:59:43.113+0800][38.833s] GC(31) User=0.00s Sys=0.00s Real=0.00s
[2022-03-28T17:59:49.016+0800][44.735s] GC(32) Pause Young (Mixed) (G1 Preventive Collection)
[2022-03-28T17:59:49.016+0800][44.735s] GC(32) Using 8 workers of 8 for evacuation
[2022-03-28T17:59:49.018+0800][44.738s] GC(32)   Pre Evacuate Collection Set: 0.1ms
[2022-03-28T17:59:49.018+0800][44.738s] GC(32)   Merge Heap Roots: 0.1ms
[2022-03-28T17:59:49.018+0800][44.738s] GC(32)   Evacuate Collection Set: 1.5ms
[2022-03-28T17:59:49.018+0800][44.738s] GC(32)   Post Evacuate Collection Set: 0.4ms
[2022-03-28T17:59:49.018+0800][44.738s] GC(32)   Other: 0.2ms
[2022-03-28T17:59:49.018+0800][44.738s] GC(32) Eden regions: 21->0(24)
[2022-03-28T17:59:49.018+0800][44.738s] GC(32) Survivor regions: 1->1(4)
[2022-03-28T17:59:49.018+0800][44.738s] GC(32) Old regions: 433->427
[2022-03-28T17:59:49.018+0800][44.738s] GC(32) Archive regions: 0->0
[2022-03-28T17:59:49.018+0800][44.738s] GC(32) Humongous regions: 47->47
[2022-03-28T17:59:49.018+0800][44.738s] GC(32) Metaspace: 49682K(50048K)->49682K(50048K) NonClass: 43754K(43968K)->43754K(43968K) Class: 5928K(6080K)->5928K(6080K)
[2022-03-28T17:59:49.018+0800][44.738s] GC(32) Pause Young (Mixed) (G1 Preventive Collection) 501M->474M(512M) 2.558ms
[2022-03-28T17:59:49.018+0800][44.738s] GC(32) User=0.00s Sys=0.00s Real=0.00s
[2022-03-28T17:59:49.247+0800][44.968s] GC(33) Pause Young (Concurrent Start) (G1 Evacuation Pause)
[2022-03-28T17:59:49.247+0800][44.968s] GC(33) Using 8 workers of 8 for evacuation
[2022-03-28T17:59:49.249+0800][44.969s] GC(33)   Pre Evacuate Collection Set: 0.1ms
[2022-03-28T17:59:49.249+0800][44.969s] GC(33)   Merge Heap Roots: 0.0ms
[2022-03-28T17:59:49.249+0800][44.969s] GC(33)   Evacuate Collection Set: 0.5ms
[2022-03-28T17:59:49.249+0800][44.969s] GC(33)   Post Evacuate Collection Set: 0.2ms
[2022-03-28T17:59:49.249+0800][44.969s] GC(33)   Other: 0.2ms
[2022-03-28T17:59:49.249+0800][44.969s] GC(33) Eden regions: 24->0(24)
[2022-03-28T17:59:49.249+0800][44.969s] GC(33) Survivor regions: 1->1(4)
[2022-03-28T17:59:49.249+0800][44.969s] GC(33) Old regions: 427->427
[2022-03-28T17:59:49.249+0800][44.969s] GC(33) Archive regions: 0->0
[2022-03-28T17:59:49.249+0800][44.969s] GC(33) Humongous regions: 47->47
[2022-03-28T17:59:49.249+0800][44.969s] GC(33) Metaspace: 49690K(50048K)->49690K(50048K) NonClass: 43762K(43968K)->43762K(43968K) Class: 5928K(6080K)->5928K(6080K)
[2022-03-28T17:59:49.249+0800][44.969s] GC(33) Pause Young (Concurrent Start) (G1 Evacuation Pause) 498M->474M(512M) 1.083ms
[2022-03-28T17:59:49.249+0800][44.969s] GC(33) User=0.00s Sys=0.00s Real=0.00s
[2022-03-28T17:59:49.249+0800][44.969s] GC(34) Concurrent Mark Cycle
[2022-03-28T17:59:49.249+0800][44.969s] GC(34) Concurrent Clear Claimed Marks
[2022-03-28T17:59:49.250+0800][44.969s] GC(34) Concurrent Clear Claimed Marks 0.035ms
[2022-03-28T17:59:49.250+0800][44.969s] GC(34) Concurrent Scan Root Regions
[2022-03-28T17:59:49.250+0800][44.970s] GC(34) Concurrent Scan Root Regions 0.937ms
[2022-03-28T17:59:49.250+0800][44.970s] GC(34) Concurrent Mark
[2022-03-28T17:59:49.250+0800][44.970s] GC(34) Concurrent Mark From Roots
[2022-03-28T17:59:49.251+0800][44.970s] GC(34) Using 2 workers of 2 for marking
[2022-03-28T17:59:49.932+0800][45.652s] GC(34) Concurrent Mark From Roots 681.587ms
[2022-03-28T17:59:49.932+0800][45.652s] GC(34) Concurrent Preclean
[2022-03-28T17:59:49.933+0800][45.652s] GC(34) Concurrent Preclean 0.566ms
[2022-03-28T17:59:49.933+0800][45.652s] GC(34) Pause Remark
[2022-03-28T17:59:49.938+0800][45.658s] GC(34) Pause Remark 481M->460M(512M) 5.458ms
[2022-03-28T17:59:49.938+0800][45.658s] GC(34) User=0.00s Sys=0.00s Real=0.00s
[2022-03-28T17:59:49.938+0800][45.658s] GC(34) Concurrent Mark 687.976ms
[2022-03-28T17:59:49.938+0800][45.658s] GC(34) Concurrent Rebuild Remembered Sets
[2022-03-28T17:59:50.262+0800][45.982s] GC(34) Concurrent Rebuild Remembered Sets 324.232ms
[2022-03-28T17:59:50.262+0800][45.982s] GC(34) Pause Cleanup
[2022-03-28T17:59:50.263+0800][45.983s] GC(34) Pause Cleanup 460M->460M(512M) 0.300ms
[2022-03-28T17:59:50.263+0800][45.983s] GC(34) User=0.00s Sys=0.00s Real=0.00s
[2022-03-28T17:59:50.263+0800][45.983s] GC(34) Concurrent Cleanup for Next Mark
[2022-03-28T17:59:50.263+0800][45.983s] GC(34) Concurrent Cleanup for Next Mark 0.292ms
[2022-03-28T17:59:50.263+0800][45.983s] GC(34) Concurrent Mark Cycle 1014.296ms
[2022-03-28T18:03:18.032+0800][253.752s] GC(35) Pause Young (Prepare Mixed) (G1 Humongous Allocation)
[2022-03-28T18:03:18.032+0800][253.752s] GC(35) Using 8 workers of 8 for evacuation
[2022-03-28T18:03:18.034+0800][253.754s] GC(35)   Pre Evacuate Collection Set: 0.1ms
[2022-03-28T18:03:18.034+0800][253.754s] GC(35)   Merge Heap Roots: 0.0ms
[2022-03-28T18:03:18.034+0800][253.754s] GC(35)   Evacuate Collection Set: 1.5ms
[2022-03-28T18:03:18.034+0800][253.754s] GC(35)   Post Evacuate Collection Set: 0.4ms
[2022-03-28T18:03:18.034+0800][253.754s] GC(35)   Other: 0.2ms
[2022-03-28T18:03:18.034+0800][253.754s] GC(35) Eden regions: 12->0(23)
[2022-03-28T18:03:18.034+0800][253.754s] GC(35) Survivor regions: 1->2(4)
[2022-03-28T18:03:18.034+0800][253.754s] GC(35) Old regions: 427->427
[2022-03-28T18:03:18.034+0800][253.754s] GC(35) Archive regions: 0->0
[2022-03-28T18:03:18.034+0800][253.754s] GC(35) Humongous regions: 26->26
[2022-03-28T18:03:18.034+0800][253.754s] GC(35) Metaspace: 50009K(50304K)->50009K(50304K) NonClass: 44045K(44224K)->44045K(44224K) Class: 5964K(6080K)->5964K(6080K)
[2022-03-28T18:03:18.034+0800][253.754s] GC(35) Pause Young (Prepare Mixed) (G1 Humongous Allocation) 464M->453M(512M) 2.342ms
[2022-03-28T18:03:18.034+0800][253.755s] GC(35) User=0.00s Sys=0.00s Real=0.00s
[2022-03-28T18:03:18.034+0800][253.755s] Attempting full compaction
[2022-03-28T18:03:18.034+0800][253.755s] GC(36) Using 8 workers of 8 for full compaction
[2022-03-28T18:03:18.035+0800][253.755s] GC(36) Pause Full (G1 Compaction Pause)
[2022-03-28T18:03:18.035+0800][253.755s] GC(36) Phase 1: Mark live objects
[2022-03-28T18:03:18.182+0800][253.902s] GC(36) Phase 1: Mark live objects 146.421ms
[2022-03-28T18:03:18.182+0800][253.902s] GC(36) Phase 2: Prepare for compaction
[2022-03-28T18:03:18.189+0800][253.908s] GC(36) Phase 2: Prepare for compaction 6.417ms
[2022-03-28T18:03:18.189+0800][253.908s] GC(36) Phase 3: Adjust pointers
[2022-03-28T18:03:18.229+0800][253.949s] GC(36) Phase 3: Adjust pointers 40.963ms
[2022-03-28T18:03:18.229+0800][253.949s] GC(36) Phase 4: Compact heap
[2022-03-28T18:03:18.236+0800][253.956s] GC(36) Phase 4: Compact heap 6.553ms
[2022-03-28T18:03:18.241+0800][253.961s] GC(36) Eden regions: 0->0(31)
[2022-03-28T18:03:18.241+0800][253.961s] GC(36) Survivor regions: 2->0(4)
[2022-03-28T18:03:18.241+0800][253.961s] GC(36) Old regions: 427->388
[2022-03-28T18:03:18.241+0800][253.961s] GC(36) Archive regions: 0->0
[2022-03-28T18:03:18.241+0800][253.961s] GC(36) Humongous regions: 26->26
[2022-03-28T18:03:18.241+0800][253.961s] GC(36) Metaspace: 50009K(50304K)->50009K(50304K) NonClass: 44045K(44224K)->44045K(44224K) Class: 5964K(6080K)->5964K(6080K)
[2022-03-28T18:03:18.241+0800][253.961s] GC(36) Pause Full (G1 Compaction Pause) 453M->408M(512M) 206.013ms
[2022-03-28T18:03:18.242+0800][253.962s] GC(36) User=1.56s Sys=0.00s Real=0.21s
[2022-03-28T18:03:18.244+0800][253.963s] GC(37) Pause Young (Concurrent Start) (G1 Humongous Allocation)
[2022-03-28T18:03:18.244+0800][253.963s] GC(37) Using 8 workers of 8 for evacuation
[2022-03-28T18:03:18.244+0800][253.964s] GC(37)   Pre Evacuate Collection Set: 0.1ms
[2022-03-28T18:03:18.244+0800][253.964s] GC(37)   Merge Heap Roots: 0.0ms
[2022-03-28T18:03:18.244+0800][253.964s] GC(37)   Evacuate Collection Set: 0.7ms
[2022-03-28T18:03:18.244+0800][253.964s] GC(37)   Post Evacuate Collection Set: 0.4ms
[2022-03-28T18:03:18.244+0800][253.964s] GC(37)   Other: 0.2ms
[2022-03-28T18:03:18.244+0800][253.964s] GC(37) Eden regions: 1->0(24)
[2022-03-28T18:03:18.244+0800][253.964s] GC(37) Survivor regions: 0->1(4)
[2022-03-28T18:03:18.244+0800][253.964s] GC(37) Old regions: 388->388
[2022-03-28T18:03:18.244+0800][253.964s] GC(37) Archive regions: 0->0
[2022-03-28T18:03:18.244+0800][253.964s] GC(37) Humongous regions: 41->41
[2022-03-28T18:03:18.244+0800][253.964s] GC(37) Metaspace: 50009K(50304K)->50009K(50304K) NonClass: 44045K(44224K)->44045K(44224K) Class: 5964K(6080K)->5964K(6080K)
[2022-03-28T18:03:18.244+0800][253.964s] GC(37) Pause Young (Concurrent Start) (G1 Humongous Allocation) 423M->423M(512M) 1.514ms
[2022-03-28T18:03:18.244+0800][253.964s] GC(37) User=0.00s Sys=0.00s Real=0.00s
[2022-03-28T18:03:18.244+0800][253.965s] GC(38) Concurrent Mark Cycle
[2022-03-28T18:03:18.244+0800][253.965s] GC(38) Concurrent Clear Claimed Marks
[2022-03-28T18:03:18.244+0800][253.965s] GC(38) Concurrent Clear Claimed Marks 0.026ms
[2022-03-28T18:03:18.244+0800][253.965s] GC(38) Concurrent Scan Root Regions
[2022-03-28T18:03:18.245+0800][253.965s] GC(38) Concurrent Scan Root Regions 0.487ms
[2022-03-28T18:03:18.245+0800][253.965s] GC(38) Concurrent Mark
[2022-03-28T18:03:18.245+0800][253.965s] GC(38) Concurrent Mark From Roots
[2022-03-28T18:03:18.245+0800][253.965s] GC(38) Using 2 workers of 2 for marking
[2022-03-28T18:03:18.279+0800][254.004s] GC(39) Pause Young (Normal) (G1 Evacuation Pause)
[2022-03-28T18:03:18.279+0800][254.004s] GC(39) Using 8 workers of 8 for evacuation
[2022-03-28T18:03:18.286+0800][254.014s] GC(39)   Pre Evacuate Collection Set: 0.1ms
[2022-03-28T18:03:18.286+0800][254.014s] GC(39)   Merge Heap Roots: 0.1ms
[2022-03-28T18:03:18.286+0800][254.014s] GC(39)   Evacuate Collection Set: 9.4ms
[2022-03-28T18:03:18.286+0800][254.014s] GC(39)   Post Evacuate Collection Set: 0.3ms
[2022-03-28T18:03:18.286+0800][254.015s] GC(39)   Other: 0.2ms
[2022-03-28T18:03:18.286+0800][254.015s] GC(39) Eden regions: 24->0(21)
[2022-03-28T18:03:18.286+0800][254.015s] GC(39) Survivor regions: 1->4(4)
[2022-03-28T18:03:18.286+0800][254.015s] GC(39) Old regions: 388->398
[2022-03-28T18:03:18.286+0800][254.015s] GC(39) Archive regions: 0->0
[2022-03-28T18:03:18.286+0800][254.015s] GC(39) Humongous regions: 72->42
[2022-03-28T18:03:18.286+0800][254.015s] GC(39) Metaspace: 50009K(50304K)->50009K(50304K) NonClass: 44045K(44224K)->44045K(44224K) Class: 5964K(6080K)->5964K(6080K)
[2022-03-28T18:03:18.286+0800][254.015s] GC(39) Pause Young (Normal) (G1 Evacuation Pause) 478M->438M(512M) 10.270ms
[2022-03-28T18:03:18.286+0800][254.015s] GC(39) User=0.00s Sys=0.00s Real=0.01s
[2022-03-28T18:03:18.314+0800][254.036s] GC(40) Pause Young (Normal) (G1 Evacuation Pause)
[2022-03-28T18:03:18.314+0800][254.036s] GC(40) Using 8 workers of 8 for evacuation
[2022-03-28T18:03:18.314+0800][254.048s] GC(40)   Pre Evacuate Collection Set: 0.1ms
[2022-03-28T18:03:18.314+0800][254.048s] GC(40)   Merge Heap Roots: 0.1ms
[2022-03-28T18:03:18.314+0800][254.048s] GC(40)   Evacuate Collection Set: 11.2ms
[2022-03-28T18:03:18.314+0800][254.048s] GC(40)   Post Evacuate Collection Set: 0.3ms
[2022-03-28T18:03:18.314+0800][254.048s] GC(40)   Other: 0.2ms
[2022-03-28T18:03:18.314+0800][254.048s] GC(40) Eden regions: 21->0(21)
[2022-03-28T18:03:18.314+0800][254.048s] GC(40) Survivor regions: 4->4(4)
[2022-03-28T18:03:18.314+0800][254.048s] GC(40) Old regions: 398->411
[2022-03-28T18:03:18.314+0800][254.048s] GC(40) Archive regions: 0->0
[2022-03-28T18:03:18.314+0800][254.048s] GC(40) Humongous regions: 42->42
[2022-03-28T18:03:18.314+0800][254.048s] GC(40) Metaspace: 50009K(50304K)->50009K(50304K) NonClass: 44045K(44224K)->44045K(44224K) Class: 5964K(6080K)->5964K(6080K)
[2022-03-28T18:03:18.314+0800][254.048s] GC(40) Pause Young (Normal) (G1 Evacuation Pause) 459M->451M(512M) 12.056ms
[2022-03-28T18:03:18.314+0800][254.048s] GC(40) User=0.00s Sys=0.00s Real=0.00s
[2022-03-28T18:03:18.355+0800][254.075s] GC(41) Pause Young (Normal) (G1 Evacuation Pause)
[2022-03-28T18:03:18.355+0800][254.075s] GC(41) Using 8 workers of 8 for evacuation
[2022-03-28T18:03:18.387+0800][254.106s] GC(41)   Pre Evacuate Collection Set: 0.1ms
[2022-03-28T18:03:18.387+0800][254.106s] GC(41)   Merge Heap Roots: 0.1ms
[2022-03-28T18:03:18.387+0800][254.106s] GC(41)   Evacuate Collection Set: 30.5ms
[2022-03-28T18:03:18.387+0800][254.106s] GC(41)   Post Evacuate Collection Set: 0.4ms
[2022-03-28T18:03:18.387+0800][254.106s] GC(41)   Other: 0.2ms
[2022-03-28T18:03:18.387+0800][254.106s] GC(41) Eden regions: 21->0(21)
[2022-03-28T18:03:18.387+0800][254.106s] GC(41) Survivor regions: 4->4(4)
[2022-03-28T18:03:18.387+0800][254.106s] GC(41) Old regions: 411->424
[2022-03-28T18:03:18.387+0800][254.106s] GC(41) Archive regions: 0->0
[2022-03-28T18:03:18.387+0800][254.106s] GC(41) Humongous regions: 44->44
[2022-03-28T18:03:18.387+0800][254.106s] GC(41) Metaspace: 50009K(50304K)->50009K(50304K) NonClass: 44045K(44224K)->44045K(44224K) Class: 5964K(6080K)->5964K(6080K)
[2022-03-28T18:03:18.387+0800][254.106s] GC(41) Pause Young (Normal) (G1 Evacuation Pause) 474M->466M(512M) 31.574ms
[2022-03-28T18:03:18.387+0800][254.106s] GC(41) User=0.22s Sys=0.00s Real=0.03s
[2022-03-28T18:03:18.403+0800][254.129s] GC(42) Pause Young (Normal) (G1 Evacuation Pause)
[2022-03-28T18:03:18.403+0800][254.129s] GC(42) Using 8 workers of 8 for evacuation
[2022-03-28T18:03:18.438+0800][254.157s] GC(42)   Pre Evacuate Collection Set: 0.1ms
[2022-03-28T18:03:18.438+0800][254.158s] GC(42)   Merge Heap Roots: 0.1ms
[2022-03-28T18:03:18.438+0800][254.158s] GC(42)   Evacuate Collection Set: 27.9ms
[2022-03-28T18:03:18.438+0800][254.158s] GC(42)   Post Evacuate Collection Set: 0.3ms
[2022-03-28T18:03:18.438+0800][254.158s] GC(42)   Other: 0.2ms
[2022-03-28T18:03:18.438+0800][254.158s] GC(42) Eden regions: 21->0(21)
[2022-03-28T18:03:18.438+0800][254.158s] GC(42) Survivor regions: 4->4(4)
[2022-03-28T18:03:18.438+0800][254.158s] GC(42) Old regions: 424->436
[2022-03-28T18:03:18.438+0800][254.158s] GC(42) Archive regions: 0->0
[2022-03-28T18:03:18.438+0800][254.158s] GC(42) Humongous regions: 44->44
[2022-03-28T18:03:18.438+0800][254.158s] GC(42) Metaspace: 50009K(50304K)->50009K(50304K) NonClass: 44045K(44224K)->44045K(44224K) Class: 5964K(6080K)->5964K(6080K)
[2022-03-28T18:03:18.438+0800][254.158s] GC(42) Pause Young (Normal) (G1 Evacuation Pause) 487M->478M(512M) 28.946ms
[2022-03-28T18:03:18.438+0800][254.158s] GC(42) User=0.25s Sys=0.00s Real=0.03s
[2022-03-28T18:03:18.458+0800][254.178s] GC(43) Pause Young (Normal) (G1 Preventive Collection)
[2022-03-28T18:03:18.458+0800][254.178s] GC(43) Using 8 workers of 8 for evacuation
[2022-03-28T18:03:18.472+0800][254.192s] GC(43)   Pre Evacuate Collection Set: 0.1ms
[2022-03-28T18:03:18.472+0800][254.192s] GC(43)   Merge Heap Roots: 0.2ms
[2022-03-28T18:03:18.472+0800][254.192s] GC(43)   Evacuate Collection Set: 13.2ms
[2022-03-28T18:03:18.472+0800][254.192s] GC(43)   Post Evacuate Collection Set: 0.4ms
[2022-03-28T18:03:18.472+0800][254.192s] GC(43)   Other: 0.2ms
[2022-03-28T18:03:18.472+0800][254.192s] GC(43) Eden regions: 12->0(21)
[2022-03-28T18:03:18.472+0800][254.192s] GC(43) Survivor regions: 4->4(4)
[2022-03-28T18:03:18.472+0800][254.192s] GC(43) Old regions: 436->444
[2022-03-28T18:03:18.472+0800][254.192s] GC(43) Archive regions: 0->0
[2022-03-28T18:03:18.472+0800][254.192s] GC(43) Humongous regions: 48->48
[2022-03-28T18:03:18.472+0800][254.192s] GC(43) Metaspace: 50009K(50304K)->50009K(50304K) NonClass: 44045K(44224K)->44045K(44224K) Class: 5964K(6080K)->5964K(6080K)
[2022-03-28T18:03:18.472+0800][254.192s] GC(43) Pause Young (Normal) (G1 Preventive Collection) 494M->490M(512M) 14.313ms
[2022-03-28T18:03:18.472+0800][254.192s] GC(43) User=0.00s Sys=0.00s Real=0.01s
[2022-03-28T18:03:18.473+0800][254.198s] GC(44) Pause Young (Normal) (G1 Preventive Collection)
[2022-03-28T18:03:18.473+0800][254.198s] GC(44) Using 8 workers of 8 for evacuation
[2022-03-28T18:03:18.490+0800][254.210s] GC(44)   Pre Evacuate Collection Set: 0.1ms
[2022-03-28T18:03:18.490+0800][254.210s] GC(44)   Merge Heap Roots: 0.1ms
[2022-03-28T18:03:18.490+0800][254.210s] GC(44)   Evacuate Collection Set: 11.2ms
[2022-03-28T18:03:18.490+0800][254.210s] GC(44)   Post Evacuate Collection Set: 0.4ms
[2022-03-28T18:03:18.490+0800][254.210s] GC(44)   Other: 0.2ms
[2022-03-28T18:03:18.490+0800][254.210s] GC(44) Eden regions: 7->0(21)
[2022-03-28T18:03:18.490+0800][254.210s] GC(44) Survivor regions: 4->4(4)
[2022-03-28T18:03:18.490+0800][254.210s] GC(44) Old regions: 444->449
[2022-03-28T18:03:18.490+0800][254.210s] GC(44) Archive regions: 0->0
[2022-03-28T18:03:18.490+0800][254.210s] GC(44) Humongous regions: 48->48
[2022-03-28T18:03:18.490+0800][254.210s] GC(44) Metaspace: 50009K(50304K)->50009K(50304K) NonClass: 44045K(44224K)->44045K(44224K) Class: 5964K(6080K)->5964K(6080K)
[2022-03-28T18:03:18.491+0800][254.210s] GC(44) Pause Young (Normal) (G1 Preventive Collection) 497M->495M(512M) 12.261ms
[2022-03-28T18:03:18.491+0800][254.210s] GC(44) User=0.02s Sys=0.00s Real=0.02s
[2022-03-28T18:03:18.492+0800][254.214s] GC(45) Pause Young (Normal) (G1 Preventive Collection)
[2022-03-28T18:03:18.492+0800][254.214s] GC(45) Using 8 workers of 8 for evacuation
[2022-03-28T18:03:18.504+0800][254.225s] GC(45) To-space exhausted
[2022-03-28T18:03:18.504+0800][254.225s] GC(45)   Pre Evacuate Collection Set: 0.1ms
[2022-03-28T18:03:18.504+0800][254.225s] GC(45)   Merge Heap Roots: 0.1ms
[2022-03-28T18:03:18.504+0800][254.225s] GC(45)   Evacuate Collection Set: 9.6ms
[2022-03-28T18:03:18.504+0800][254.225s] GC(45)   Post Evacuate Collection Set: 1.3ms
[2022-03-28T18:03:18.504+0800][254.225s] GC(45)   Other: 0.2ms
[2022-03-28T18:03:18.504+0800][254.225s] GC(45) Eden regions: 4->0(22)
[2022-03-28T18:03:18.504+0800][254.225s] GC(45) Survivor regions: 4->3(4)
[2022-03-28T18:03:18.504+0800][254.225s] GC(45) Old regions: 449->455
[2022-03-28T18:03:18.504+0800][254.225s] GC(45) Archive regions: 0->0
[2022-03-28T18:03:18.504+0800][254.225s] GC(45) Humongous regions: 48->48
[2022-03-28T18:03:18.504+0800][254.225s] GC(45) Metaspace: 50009K(50304K)->50009K(50304K) NonClass: 44045K(44224K)->44045K(44224K) Class: 5964K(6080K)->5964K(6080K)
[2022-03-28T18:03:18.504+0800][254.225s] GC(45) Pause Young (Normal) (G1 Preventive Collection) 499M->500M(512M) 11.556ms
[2022-03-28T18:03:18.504+0800][254.225s] GC(45) User=0.00s Sys=0.02s Real=0.01s
[2022-03-28T18:03:18.504+0800][254.227s] GC(46) Pause Young (Normal) (G1 Preventive Collection)
[2022-03-28T18:03:18.504+0800][254.227s] GC(46) Using 8 workers of 8 for evacuation
[2022-03-28T18:03:18.512+0800][254.231s] GC(46)   Pre Evacuate Collection Set: 0.0ms
[2022-03-28T18:03:18.512+0800][254.231s] GC(46)   Merge Heap Roots: 0.1ms
[2022-03-28T18:03:18.512+0800][254.231s] GC(46)   Evacuate Collection Set: 3.9ms
[2022-03-28T18:03:18.512+0800][254.231s] GC(46)   Post Evacuate Collection Set: 0.3ms
[2022-03-28T18:03:18.512+0800][254.231s] GC(46)   Other: 0.1ms
[2022-03-28T18:03:18.512+0800][254.231s] GC(46) Eden regions: 1->0(24)
[2022-03-28T18:03:18.512+0800][254.231s] GC(46) Survivor regions: 3->1(4)
[2022-03-28T18:03:18.512+0800][254.231s] GC(46) Old regions: 455->458
[2022-03-28T18:03:18.512+0800][254.231s] GC(46) Archive regions: 0->0
[2022-03-28T18:03:18.512+0800][254.232s] GC(46) Humongous regions: 48->48
[2022-03-28T18:03:18.512+0800][254.232s] GC(46) Metaspace: 50009K(50304K)->50009K(50304K) NonClass: 44045K(44224K)->44045K(44224K) Class: 5964K(6080K)->5964K(6080K)
[2022-03-28T18:03:18.512+0800][254.232s] GC(46) Pause Young (Normal) (G1 Preventive Collection) 501M->501M(512M) 4.801ms
[2022-03-28T18:03:18.512+0800][254.232s] GC(46) User=0.06s Sys=0.00s Real=0.01s
[2022-03-28T18:03:18.515+0800][254.234s] GC(47) Pause Young (Normal) (G1 Preventive Collection)
[2022-03-28T18:03:18.515+0800][254.234s] GC(47) Using 8 workers of 8 for evacuation
[2022-03-28T18:03:18.518+0800][254.237s] GC(47)   Pre Evacuate Collection Set: 0.1ms
[2022-03-28T18:03:18.518+0800][254.237s] GC(47)   Merge Heap Roots: 0.1ms
[2022-03-28T18:03:18.518+0800][254.237s] GC(47)   Evacuate Collection Set: 2.4ms
[2022-03-28T18:03:18.518+0800][254.237s] GC(47)   Post Evacuate Collection Set: 0.3ms
[2022-03-28T18:03:18.518+0800][254.237s] GC(47)   Other: 0.1ms
[2022-03-28T18:03:18.518+0800][254.237s] GC(47) Eden regions: 2->0(23)
[2022-03-28T18:03:18.518+0800][254.237s] GC(47) Survivor regions: 1->2(3)
[2022-03-28T18:03:18.518+0800][254.237s] GC(47) Old regions: 458->458
[2022-03-28T18:03:18.518+0800][254.237s] GC(47) Archive regions: 0->0
[2022-03-28T18:03:18.518+0800][254.237s] GC(47) Humongous regions: 48->48
[2022-03-28T18:03:18.518+0800][254.237s] GC(47) Metaspace: 50009K(50304K)->50009K(50304K) NonClass: 44045K(44224K)->44045K(44224K) Class: 5964K(6080K)->5964K(6080K)
[2022-03-28T18:03:18.518+0800][254.237s] GC(47) Pause Young (Normal) (G1 Preventive Collection) 503M->502M(512M) 3.306ms
[2022-03-28T18:03:18.518+0800][254.238s] GC(47) User=0.00s Sys=0.00s Real=0.00s
[2022-03-28T18:03:18.520+0800][254.239s] GC(48) Pause Young (Normal) (G1 Preventive Collection)
[2022-03-28T18:03:18.520+0800][254.240s] GC(48) Using 8 workers of 8 for evacuation
[2022-03-28T18:03:18.523+0800][254.243s] GC(48)   Pre Evacuate Collection Set: 0.1ms
[2022-03-28T18:03:18.523+0800][254.243s] GC(48)   Merge Heap Roots: 0.1ms
[2022-03-28T18:03:18.523+0800][254.243s] GC(48)   Evacuate Collection Set: 3.0ms
[2022-03-28T18:03:18.523+0800][254.243s] GC(48)   Post Evacuate Collection Set: 0.3ms
[2022-03-28T18:03:18.523+0800][254.243s] GC(48)   Other: 0.2ms
[2022-03-28T18:03:18.523+0800][254.243s] GC(48) Eden regions: 1->0(22)
[2022-03-28T18:03:18.523+0800][254.243s] GC(48) Survivor regions: 2->3(3)
[2022-03-28T18:03:18.524+0800][254.243s] GC(48) Old regions: 458->458
[2022-03-28T18:03:18.524+0800][254.243s] GC(48) Archive regions: 0->0
[2022-03-28T18:03:18.524+0800][254.243s] GC(48) Humongous regions: 48->48
[2022-03-28T18:03:18.524+0800][254.243s] GC(48) Metaspace: 50009K(50304K)->50009K(50304K) NonClass: 44045K(44224K)->44045K(44224K) Class: 5964K(6080K)->5964K(6080K)
[2022-03-28T18:03:18.524+0800][254.243s] GC(48) Pause Young (Normal) (G1 Preventive Collection) 503M->502M(512M) 3.899ms
[2022-03-28T18:03:18.524+0800][254.243s] GC(48) User=0.00s Sys=0.00s Real=0.00s
[2022-03-28T18:03:18.524+0800][254.245s] GC(49) Pause Young (Normal) (G1 Preventive Collection)
[2022-03-28T18:03:18.524+0800][254.245s] GC(49) Using 8 workers of 8 for evacuation
[2022-03-28T18:03:18.530+0800][254.250s] GC(49) To-space exhausted
[2022-03-28T18:03:18.530+0800][254.250s] GC(49)   Pre Evacuate Collection Set: 0.0ms
[2022-03-28T18:03:18.530+0800][254.250s] GC(49)   Merge Heap Roots: 0.1ms
[2022-03-28T18:03:18.530+0800][254.250s] GC(49)   Evacuate Collection Set: 3.3ms
[2022-03-28T18:03:18.530+0800][254.250s] GC(49)   Post Evacuate Collection Set: 1.6ms
[2022-03-28T18:03:18.530+0800][254.250s] GC(49)   Other: 0.2ms
[2022-03-28T18:03:18.530+0800][254.250s] GC(49) Eden regions: 1->0(23)
[2022-03-28T18:03:18.530+0800][254.250s] GC(49) Survivor regions: 3->2(2)
[2022-03-28T18:03:18.530+0800][254.250s] GC(49) Old regions: 458->462
[2022-03-28T18:03:18.530+0800][254.250s] GC(49) Archive regions: 0->0
[2022-03-28T18:03:18.531+0800][254.250s] GC(49) Humongous regions: 48->48
[2022-03-28T18:03:18.531+0800][254.250s] GC(49) Metaspace: 50009K(50304K)->50009K(50304K) NonClass: 44045K(44224K)->44045K(44224K) Class: 5964K(6080K)->5964K(6080K)
[2022-03-28T18:03:18.531+0800][254.250s] GC(49) Pause Young (Normal) (G1 Preventive Collection) 503M->506M(512M) 5.544ms
[2022-03-28T18:03:18.531+0800][254.250s] GC(49) User=0.02s Sys=0.00s Real=0.01s
[2022-03-28T18:03:18.531+0800][254.250s] Attempting full compaction
[2022-03-28T18:03:18.531+0800][254.250s] GC(50) Using 8 workers of 8 for full compaction
[2022-03-28T18:03:18.531+0800][254.250s] GC(50) Pause Full (G1 Compaction Pause)
[2022-03-28T18:03:18.531+0800][254.251s] GC(50) Phase 1: Mark live objects
[2022-03-28T18:03:18.755+0800][254.474s] GC(50) Phase 1: Mark live objects 223.375ms
[2022-03-28T18:03:18.755+0800][254.474s] GC(50) Phase 2: Prepare for compaction
[2022-03-28T18:03:18.757+0800][254.476s] GC(50) Phase 2: Prepare for compaction 1.902ms
[2022-03-28T18:03:18.757+0800][254.476s] GC(50) Phase 3: Adjust pointers
[2022-03-28T18:03:18.807+0800][254.527s] GC(50) Phase 3: Adjust pointers 50.239ms
[2022-03-28T18:03:18.807+0800][254.527s] GC(50) Phase 4: Compact heap
[2022-03-28T18:03:18.809+0800][254.528s] GC(50) Phase 4: Compact heap 1.535ms
[2022-03-28T18:03:18.814+0800][254.534s] GC(50) Eden regions: 0->0(25)
[2022-03-28T18:03:18.814+0800][254.534s] GC(50) Survivor regions: 2->0(2)
[2022-03-28T18:03:18.814+0800][254.534s] GC(50) Old regions: 462->453
[2022-03-28T18:03:18.814+0800][254.534s] GC(50) Archive regions: 0->0
[2022-03-28T18:03:18.815+0800][254.534s] GC(50) Humongous regions: 48->46
[2022-03-28T18:03:18.815+0800][254.534s] GC(50) Metaspace: 50009K(50304K)->50009K(50304K) NonClass: 44045K(44224K)->44045K(44224K) Class: 5964K(6080K)->5964K(6080K)
[2022-03-28T18:03:18.815+0800][254.534s] GC(50) Pause Full (G1 Compaction Pause) 506M->494M(512M) 283.935ms
[2022-03-28T18:03:18.815+0800][254.535s] GC(50) User=2.08s Sys=0.00s Real=0.28s
[2022-03-28T18:03:18.815+0800][254.535s] GC(38) Concurrent Mark From Roots 569.766ms
[2022-03-28T18:03:18.815+0800][254.535s] GC(38) Concurrent Mark Abort
[2022-03-28T18:03:18.815+0800][254.535s] GC(38) Concurrent Mark Cycle 570.486ms
[2022-03-28T18:03:18.821+0800][254.541s] GC(51) Pause Young (Normal) (G1 Preventive Collection)
[2022-03-28T18:03:18.821+0800][254.541s] GC(51) Using 8 workers of 8 for evacuation
[2022-03-28T18:03:18.826+0800][254.546s] GC(51)   Pre Evacuate Collection Set: 0.1ms
[2022-03-28T18:03:18.826+0800][254.546s] GC(51)   Merge Heap Roots: 0.1ms
[2022-03-28T18:03:18.826+0800][254.546s] GC(51)   Evacuate Collection Set: 4.2ms
[2022-03-28T18:03:18.826+0800][254.546s] GC(51)   Post Evacuate Collection Set: 0.3ms
[2022-03-28T18:03:18.826+0800][254.546s] GC(51)   Other: 0.2ms
[2022-03-28T18:03:18.826+0800][254.546s] GC(51) Eden regions: 7->0(21)
[2022-03-28T18:03:18.826+0800][254.546s] GC(51) Survivor regions: 0->4(4)
[2022-03-28T18:03:18.826+0800][254.546s] GC(51) Old regions: 453->454
[2022-03-28T18:03:18.826+0800][254.546s] GC(51) Archive regions: 0->0
[2022-03-28T18:03:18.826+0800][254.546s] GC(51) Humongous regions: 46->46
[2022-03-28T18:03:18.826+0800][254.546s] GC(51) Metaspace: 50009K(50304K)->50009K(50304K) NonClass: 44045K(44224K)->44045K(44224K) Class: 5964K(6080K)->5964K(6080K)
[2022-03-28T18:03:18.826+0800][254.546s] GC(51) Pause Young (Normal) (G1 Preventive Collection) 501M->498M(512M) 5.139ms
[2022-03-28T18:03:18.826+0800][254.546s] GC(51) User=0.00s Sys=0.00s Real=0.00s
[2022-03-28T18:03:18.829+0800][254.549s] GC(52) Pause Young (Concurrent Start) (G1 Preventive Collection)
[2022-03-28T18:03:18.829+0800][254.549s] GC(52) Using 8 workers of 8 for evacuation
[2022-03-28T18:03:18.839+0800][254.558s] GC(52) To-space exhausted
[2022-03-28T18:03:18.839+0800][254.558s] GC(52)   Pre Evacuate Collection Set: 0.1ms
[2022-03-28T18:03:18.839+0800][254.558s] GC(52)   Merge Heap Roots: 0.1ms
[2022-03-28T18:03:18.839+0800][254.558s] GC(52)   Evacuate Collection Set: 6.6ms
[2022-03-28T18:03:18.839+0800][254.558s] GC(52)   Post Evacuate Collection Set: 2.4ms
[2022-03-28T18:03:18.839+0800][254.558s] GC(52)   Other: 0.3ms
[2022-03-28T18:03:18.839+0800][254.558s] GC(52) Eden regions: 4->0(23)
[2022-03-28T18:03:18.839+0800][254.558s] GC(52) Survivor regions: 4->2(4)
[2022-03-28T18:03:18.839+0800][254.558s] GC(52) Old regions: 454->464
[2022-03-28T18:03:18.839+0800][254.558s] GC(52) Archive regions: 0->0
[2022-03-28T18:03:18.839+0800][254.558s] GC(52) Humongous regions: 46->46
[2022-03-28T18:03:18.839+0800][254.558s] GC(52) Metaspace: 50009K(50304K)->50009K(50304K) NonClass: 44045K(44224K)->44045K(44224K) Class: 5964K(6080K)->5964K(6080K)
[2022-03-28T18:03:18.839+0800][254.558s] GC(52) Pause Young (Concurrent Start) (G1 Preventive Collection) 502M->507M(512M) 9.678ms
[2022-03-28T18:03:18.839+0800][254.558s] GC(52) User=0.03s Sys=0.00s Real=0.01s
[2022-03-28T18:03:18.839+0800][254.559s] Attempting full compaction
[2022-03-28T18:03:18.839+0800][254.559s] GC(53) Concurrent Mark Cycle
[2022-03-28T18:03:18.839+0800][254.559s] GC(54) Using 8 workers of 8 for full compaction
[2022-03-28T18:03:18.839+0800][254.559s] GC(53) Concurrent Clear Claimed Marks
[2022-03-28T18:03:18.839+0800][254.559s] GC(53) Concurrent Clear Claimed Marks 0.079ms
[2022-03-28T18:03:18.839+0800][254.559s] GC(53) Concurrent Scan Root Regions
[2022-03-28T18:03:18.839+0800][254.559s] GC(54) Pause Full (G1 Compaction Pause)
[2022-03-28T18:03:18.840+0800][254.560s] GC(53) Concurrent Scan Root Regions 1.014ms
[2022-03-28T18:03:18.840+0800][254.560s] GC(53) Concurrent Mark
[2022-03-28T18:03:18.840+0800][254.560s] GC(53) Concurrent Mark From Roots
[2022-03-28T18:03:18.840+0800][254.560s] GC(53) Using 2 workers of 2 for marking
[2022-03-28T18:03:18.840+0800][254.560s] GC(54) Phase 1: Mark live objects
[2022-03-28T18:03:19.065+0800][254.785s] GC(54) Phase 1: Mark live objects 224.698ms
[2022-03-28T18:03:19.065+0800][254.785s] GC(54) Phase 2: Prepare for compaction
[2022-03-28T18:03:19.067+0800][254.786s] GC(54) Phase 2: Prepare for compaction 1.560ms
[2022-03-28T18:03:19.067+0800][254.786s] GC(54) Phase 3: Adjust pointers
[2022-03-28T18:03:19.128+0800][254.848s] GC(54) Phase 3: Adjust pointers 61.476ms
[2022-03-28T18:03:19.129+0800][254.848s] GC(54) Phase 4: Compact heap
[2022-03-28T18:03:19.129+0800][254.849s] GC(54) Phase 4: Compact heap 0.607ms
[2022-03-28T18:03:19.134+0800][254.854s] GC(54) Eden regions: 0->0(25)
[2022-03-28T18:03:19.135+0800][254.854s] GC(54) Survivor regions: 2->0(4)
[2022-03-28T18:03:19.135+0800][254.854s] GC(54) Old regions: 464->457
[2022-03-28T18:03:19.135+0800][254.854s] GC(54) Archive regions: 0->0
[2022-03-28T18:03:19.135+0800][254.854s] GC(54) Humongous regions: 46->46
[2022-03-28T18:03:19.135+0800][254.854s] GC(54) Metaspace: 50009K(50304K)->50009K(50304K) NonClass: 44045K(44224K)->44045K(44224K) Class: 5964K(6080K)->5964K(6080K)
[2022-03-28T18:03:19.135+0800][254.854s] GC(54) Pause Full (G1 Compaction Pause) 507M->500M(512M) 295.561ms
[2022-03-28T18:03:19.135+0800][254.855s] GC(54) User=2.14s Sys=0.02s Real=0.30s
[2022-03-28T18:03:19.135+0800][254.855s] GC(53) Concurrent Mark From Roots 295.175ms
[2022-03-28T18:03:19.135+0800][254.855s] GC(53) Concurrent Mark Abort
[2022-03-28T18:03:19.135+0800][254.855s] GC(53) Concurrent Mark Cycle 296.545ms
[2022-03-28T18:03:19.140+0800][254.860s] GC(55) Pause Young (Normal) (G1 Preventive Collection)
[2022-03-28T18:03:19.140+0800][254.860s] GC(55) Using 8 workers of 8 for evacuation
[2022-03-28T18:03:19.145+0800][254.864s] GC(55)   Pre Evacuate Collection Set: 0.1ms
[2022-03-28T18:03:19.145+0800][254.864s] GC(55)   Merge Heap Roots: 0.1ms
[2022-03-28T18:03:19.145+0800][254.864s] GC(55)   Evacuate Collection Set: 3.9ms
[2022-03-28T18:03:19.145+0800][254.865s] GC(55)   Post Evacuate Collection Set: 0.3ms
[2022-03-28T18:03:19.145+0800][254.865s] GC(55)   Other: 0.2ms
[2022-03-28T18:03:19.145+0800][254.865s] GC(55) Eden regions: 5->0(22)
[2022-03-28T18:03:19.145+0800][254.865s] GC(55) Survivor regions: 0->3(4)
[2022-03-28T18:03:19.145+0800][254.865s] GC(55) Old regions: 457->457
[2022-03-28T18:03:19.145+0800][254.865s] GC(55) Archive regions: 0->0
[2022-03-28T18:03:19.145+0800][254.865s] GC(55) Humongous regions: 46->46
[2022-03-28T18:03:19.145+0800][254.865s] GC(55) Metaspace: 50009K(50304K)->50009K(50304K) NonClass: 44045K(44224K)->44045K(44224K) Class: 5964K(6080K)->5964K(6080K)
[2022-03-28T18:03:19.145+0800][254.865s] GC(55) Pause Young (Normal) (G1 Preventive Collection) 505M->503M(512M) 4.845ms
[2022-03-28T18:03:19.145+0800][254.865s] GC(55) User=0.00s Sys=0.00s Real=0.00s
[2022-03-28T18:03:19.148+0800][254.868s] GC(56) Pause Young (Concurrent Start) (G1 Preventive Collection)
[2022-03-28T18:03:19.148+0800][254.868s] GC(56) Using 8 workers of 8 for evacuation
[2022-03-28T18:03:19.157+0800][254.877s] GC(56) To-space exhausted
[2022-03-28T18:03:19.157+0800][254.877s] GC(56)   Pre Evacuate Collection Set: 0.1ms
[2022-03-28T18:03:19.157+0800][254.877s] GC(56)   Merge Heap Roots: 0.1ms
[2022-03-28T18:03:19.157+0800][254.877s] GC(56)   Evacuate Collection Set: 5.7ms
[2022-03-28T18:03:19.157+0800][254.877s] GC(56)   Post Evacuate Collection Set: 2.9ms
[2022-03-28T18:03:19.157+0800][254.877s] GC(56)   Other: 0.3ms
[2022-03-28T18:03:19.157+0800][254.877s] GC(56) Eden regions: 3->0(24)
[2022-03-28T18:03:19.158+0800][254.877s] GC(56) Survivor regions: 3->1(3)
[2022-03-28T18:03:19.158+0800][254.877s] GC(56) Old regions: 457->465
[2022-03-28T18:03:19.158+0800][254.877s] GC(56) Archive regions: 0->0
[2022-03-28T18:03:19.158+0800][254.877s] GC(56) Humongous regions: 46->46
[2022-03-28T18:03:19.158+0800][254.877s] GC(56) Metaspace: 50009K(50304K)->50009K(50304K) NonClass: 44045K(44224K)->44045K(44224K) Class: 5964K(6080K)->5964K(6080K)
[2022-03-28T18:03:19.158+0800][254.877s] GC(56) Pause Young (Concurrent Start) (G1 Preventive Collection) 506M->509M(512M) 9.262ms
[2022-03-28T18:03:19.158+0800][254.877s] GC(56) User=0.12s Sys=0.00s Real=0.01s
[2022-03-28T18:03:19.158+0800][254.877s] Attempting full compaction
[2022-03-28T18:03:19.158+0800][254.877s] GC(57) Concurrent Mark Cycle
[2022-03-28T18:03:19.158+0800][254.877s] GC(58) Using 8 workers of 8 for full compaction
[2022-03-28T18:03:19.158+0800][254.877s] GC(57) Concurrent Clear Claimed Marks
[2022-03-28T18:03:19.158+0800][254.877s] GC(57) Concurrent Clear Claimed Marks 0.066ms
[2022-03-28T18:03:19.158+0800][254.877s] GC(57) Concurrent Scan Root Regions
[2022-03-28T18:03:19.158+0800][254.877s] GC(58) Pause Full (G1 Compaction Pause)
[2022-03-28T18:03:19.159+0800][254.879s] GC(57) Concurrent Scan Root Regions 1.232ms
[2022-03-28T18:03:19.159+0800][254.879s] GC(57) Concurrent Mark
[2022-03-28T18:03:19.159+0800][254.879s] GC(57) Concurrent Mark From Roots
[2022-03-28T18:03:19.159+0800][254.879s] GC(57) Using 2 workers of 2 for marking
[2022-03-28T18:03:19.159+0800][254.879s] GC(58) Phase 1: Mark live objects
[2022-03-28T18:03:19.388+0800][255.107s] GC(58) Phase 1: Mark live objects 228.662ms
[2022-03-28T18:03:19.388+0800][255.108s] GC(58) Phase 2: Prepare for compaction
[2022-03-28T18:03:19.389+0800][255.109s] GC(58) Phase 2: Prepare for compaction 1.351ms
[2022-03-28T18:03:19.389+0800][255.109s] GC(58) Phase 3: Adjust pointers
[2022-03-28T18:03:19.441+0800][255.160s] GC(58) Phase 3: Adjust pointers 51.493ms
[2022-03-28T18:03:19.441+0800][255.160s] GC(58) Phase 4: Compact heap
[2022-03-28T18:03:19.442+0800][255.161s] GC(58) Phase 4: Compact heap 0.678ms
[2022-03-28T18:03:19.447+0800][255.167s] GC(58) Eden regions: 0->0(25)
[2022-03-28T18:03:19.447+0800][255.167s] GC(58) Survivor regions: 1->0(3)
[2022-03-28T18:03:19.447+0800][255.167s] GC(58) Old regions: 465->462
[2022-03-28T18:03:19.447+0800][255.167s] GC(58) Archive regions: 0->0
[2022-03-28T18:03:19.447+0800][255.167s] GC(58) Humongous regions: 46->46
[2022-03-28T18:03:19.447+0800][255.167s] GC(58) Metaspace: 50009K(50304K)->50009K(50304K) NonClass: 44045K(44224K)->44045K(44224K) Class: 5964K(6080K)->5964K(6080K)
[2022-03-28T18:03:19.447+0800][255.167s] GC(58) Pause Full (G1 Compaction Pause) 509M->505M(512M) 289.321ms
[2022-03-28T18:03:19.447+0800][255.167s] GC(58) User=2.09s Sys=0.00s Real=0.29s
[2022-03-28T18:03:19.448+0800][255.167s] GC(57) Concurrent Mark From Roots 288.703ms
[2022-03-28T18:03:19.448+0800][255.167s] GC(57) Concurrent Mark Abort
[2022-03-28T18:03:19.448+0800][255.167s] GC(57) Concurrent Mark Cycle 290.216ms
[2022-03-28T18:03:19.450+0800][255.169s] GC(59) Pause Young (Normal) (G1 Preventive Collection)
[2022-03-28T18:03:19.450+0800][255.169s] GC(59) Using 8 workers of 8 for evacuation
[2022-03-28T18:03:19.452+0800][255.171s] GC(59)   Pre Evacuate Collection Set: 0.1ms
[2022-03-28T18:03:19.452+0800][255.171s] GC(59)   Merge Heap Roots: 0.1ms
[2022-03-28T18:03:19.452+0800][255.171s] GC(59)   Evacuate Collection Set: 1.5ms
[2022-03-28T18:03:19.452+0800][255.172s] GC(59)   Post Evacuate Collection Set: 0.3ms
[2022-03-28T18:03:19.452+0800][255.172s] GC(59)   Other: 0.2ms
[2022-03-28T18:03:19.452+0800][255.172s] GC(59) Eden regions: 2->0(23)
[2022-03-28T18:03:19.452+0800][255.172s] GC(59) Survivor regions: 0->2(2)
[2022-03-28T18:03:19.452+0800][255.172s] GC(59) Old regions: 462->462
[2022-03-28T18:03:19.452+0800][255.172s] GC(59) Archive regions: 0->0
[2022-03-28T18:03:19.452+0800][255.172s] GC(59) Humongous regions: 46->46
[2022-03-28T18:03:19.452+0800][255.172s] GC(59) Metaspace: 50009K(50304K)->50009K(50304K) NonClass: 44045K(44224K)->44045K(44224K) Class: 5964K(6080K)->5964K(6080K)
[2022-03-28T18:03:19.452+0800][255.172s] GC(59) Pause Young (Normal) (G1 Preventive Collection) 507M->506M(512M) 2.312ms
[2022-03-28T18:03:19.452+0800][255.172s] GC(59) User=0.00s Sys=0.00s Real=0.00s
[2022-03-28T18:03:19.453+0800][255.173s] GC(60) Pause Young (Concurrent Start) (G1 Preventive Collection)
[2022-03-28T18:03:19.453+0800][255.173s] GC(60) Using 8 workers of 8 for evacuation
[2022-03-28T18:03:19.458+0800][255.178s] GC(60) To-space exhausted
[2022-03-28T18:03:19.458+0800][255.178s] GC(60)   Pre Evacuate Collection Set: 0.1ms
[2022-03-28T18:03:19.458+0800][255.178s] GC(60)   Merge Heap Roots: 0.1ms
[2022-03-28T18:03:19.458+0800][255.178s] GC(60)   Evacuate Collection Set: 2.6ms
[2022-03-28T18:03:19.458+0800][255.178s] GC(60)   Post Evacuate Collection Set: 2.1ms
[2022-03-28T18:03:19.458+0800][255.178s] GC(60)   Other: 0.3ms
[2022-03-28T18:03:19.458+0800][255.178s] GC(60) Eden regions: 1->0(24)
[2022-03-28T18:03:19.458+0800][255.178s] GC(60) Survivor regions: 2->1(1)
[2022-03-28T18:03:19.458+0800][255.178s] GC(60) Old regions: 462->465
[2022-03-28T18:03:19.458+0800][255.178s] GC(60) Archive regions: 0->0
[2022-03-28T18:03:19.458+0800][255.178s] GC(60) Humongous regions: 46->46
[2022-03-28T18:03:19.458+0800][255.178s] GC(60) Metaspace: 50009K(50304K)->50009K(50304K) NonClass: 44045K(44224K)->44045K(44224K) Class: 5964K(6080K)->5964K(6080K)
[2022-03-28T18:03:19.458+0800][255.178s] GC(60) Pause Young (Concurrent Start) (G1 Preventive Collection) 507M->508M(512M) 5.445ms
[2022-03-28T18:03:19.458+0800][255.178s] GC(60) User=0.00s Sys=0.00s Real=0.00s
[2022-03-28T18:03:19.458+0800][255.178s] Attempting full compaction
[2022-03-28T18:03:19.458+0800][255.178s] GC(61) Concurrent Mark Cycle
[2022-03-28T18:03:19.459+0800][255.178s] GC(62) Using 8 workers of 8 for full compaction
[2022-03-28T18:03:19.459+0800][255.178s] GC(61) Concurrent Clear Claimed Marks
[2022-03-28T18:03:19.459+0800][255.178s] GC(61) Concurrent Clear Claimed Marks 0.075ms
[2022-03-28T18:03:19.459+0800][255.178s] GC(61) Concurrent Scan Root Regions
[2022-03-28T18:03:19.459+0800][255.179s] GC(62) Pause Full (G1 Compaction Pause)
[2022-03-28T18:03:19.460+0800][255.179s] GC(61) Concurrent Scan Root Regions 0.924ms
[2022-03-28T18:03:19.460+0800][255.179s] GC(61) Concurrent Mark
[2022-03-28T18:03:19.460+0800][255.179s] GC(61) Concurrent Mark From Roots
[2022-03-28T18:03:19.460+0800][255.179s] GC(61) Using 2 workers of 2 for marking
[2022-03-28T18:03:19.460+0800][255.180s] GC(62) Phase 1: Mark live objects
[2022-03-28T18:03:19.701+0800][255.421s] GC(62) Phase 1: Mark live objects 241.220ms
[2022-03-28T18:03:19.701+0800][255.421s] GC(62) Phase 2: Prepare for compaction
[2022-03-28T18:03:19.703+0800][255.422s] GC(62) Phase 2: Prepare for compaction 1.523ms
[2022-03-28T18:03:19.703+0800][255.422s] GC(62) Phase 3: Adjust pointers
[2022-03-28T18:03:19.762+0800][255.482s] GC(62) Phase 3: Adjust pointers 59.282ms
[2022-03-28T18:03:19.762+0800][255.482s] GC(62) Phase 4: Compact heap
[2022-03-28T18:03:19.763+0800][255.483s] GC(62) Phase 4: Compact heap 0.752ms
[2022-03-28T18:03:19.768+0800][255.488s] GC(62) Eden regions: 0->0(25)
[2022-03-28T18:03:19.768+0800][255.488s] GC(62) Survivor regions: 1->0(1)
[2022-03-28T18:03:19.768+0800][255.488s] GC(62) Old regions: 465->464
[2022-03-28T18:03:19.768+0800][255.488s] GC(62) Archive regions: 0->0
[2022-03-28T18:03:19.768+0800][255.488s] GC(62) Humongous regions: 46->46
[2022-03-28T18:03:19.768+0800][255.488s] GC(62) Metaspace: 50009K(50304K)->50009K(50304K) NonClass: 44045K(44224K)->44045K(44224K) Class: 5964K(6080K)->5964K(6080K)
[2022-03-28T18:03:19.768+0800][255.488s] GC(62) Pause Full (G1 Compaction Pause) 508M->506M(512M) 309.592ms
[2022-03-28T18:03:19.769+0800][255.489s] GC(62) User=2.36s Sys=0.00s Real=0.31s
[2022-03-28T18:03:19.769+0800][255.489s] GC(61) Concurrent Mark From Roots 309.306ms
[2022-03-28T18:03:19.769+0800][255.489s] GC(61) Concurrent Mark Abort
[2022-03-28T18:03:19.769+0800][255.489s] GC(61) Concurrent Mark Cycle 310.559ms
[2022-03-28T18:03:19.770+0800][255.490s] GC(63) Pause Young (Normal) (G1 Preventive Collection)
[2022-03-28T18:03:19.770+0800][255.490s] GC(63) Using 8 workers of 8 for evacuation
[2022-03-28T18:03:19.772+0800][255.491s] GC(63)   Pre Evacuate Collection Set: 0.1ms
[2022-03-28T18:03:19.772+0800][255.491s] GC(63)   Merge Heap Roots: 0.1ms
[2022-03-28T18:03:19.772+0800][255.491s] GC(63)   Evacuate Collection Set: 1.0ms
[2022-03-28T18:03:19.772+0800][255.491s] GC(63)   Post Evacuate Collection Set: 0.2ms
[2022-03-28T18:03:19.772+0800][255.491s] GC(63)   Other: 0.2ms
[2022-03-28T18:03:19.772+0800][255.491s] GC(63) Eden regions: 1->0(24)
[2022-03-28T18:03:19.772+0800][255.491s] GC(63) Survivor regions: 0->1(1)
[2022-03-28T18:03:19.772+0800][255.491s] GC(63) Old regions: 464->464
[2022-03-28T18:03:19.772+0800][255.491s] GC(63) Archive regions: 0->0
[2022-03-28T18:03:19.772+0800][255.491s] GC(63) Humongous regions: 46->46
[2022-03-28T18:03:19.772+0800][255.491s] GC(63) Metaspace: 50009K(50304K)->50009K(50304K) NonClass: 44045K(44224K)->44045K(44224K) Class: 5964K(6080K)->5964K(6080K)
[2022-03-28T18:03:19.772+0800][255.492s] GC(63) Pause Young (Normal) (G1 Preventive Collection) 507M->507M(512M) 1.689ms
[2022-03-28T18:03:19.772+0800][255.492s] GC(63) User=0.00s Sys=0.00s Real=0.00s
[2022-03-28T18:03:19.773+0800][255.493s] GC(64) Pause Young (Concurrent Start) (G1 Evacuation Pause)
[2022-03-28T18:03:19.773+0800][255.493s] GC(64) Using 8 workers of 8 for evacuation
[2022-03-28T18:03:19.779+0800][255.499s] GC(64) To-space exhausted
[2022-03-28T18:03:19.779+0800][255.499s] GC(64)   Pre Evacuate Collection Set: 0.1ms
[2022-03-28T18:03:19.779+0800][255.499s] GC(64)   Merge Heap Roots: 0.1ms
[2022-03-28T18:03:19.779+0800][255.499s] GC(64)   Evacuate Collection Set: 2.5ms
[2022-03-28T18:03:19.779+0800][255.499s] GC(64)   Post Evacuate Collection Set: 3.3ms
[2022-03-28T18:03:19.779+0800][255.499s] GC(64)   Other: 0.2ms
[2022-03-28T18:03:19.779+0800][255.499s] GC(64) Eden regions: 1->0(25)
[2022-03-28T18:03:19.779+0800][255.499s] GC(64) Survivor regions: 1->0(0)
[2022-03-28T18:03:19.779+0800][255.499s] GC(64) Old regions: 464->466
[2022-03-28T18:03:19.779+0800][255.499s] GC(64) Archive regions: 0->0
[2022-03-28T18:03:19.779+0800][255.499s] GC(64) Humongous regions: 46->46
[2022-03-28T18:03:19.779+0800][255.499s] GC(64) Metaspace: 50009K(50304K)->50009K(50304K) NonClass: 44045K(44224K)->44045K(44224K) Class: 5964K(6080K)->5964K(6080K)
[2022-03-28T18:03:19.779+0800][255.499s] GC(64) Pause Young (Concurrent Start) (G1 Evacuation Pause) 508M->508M(512M) 6.292ms
[2022-03-28T18:03:19.779+0800][255.499s] GC(64) User=0.09s Sys=0.00s Real=0.01s
[2022-03-28T18:03:19.779+0800][255.499s] Attempting full compaction
[2022-03-28T18:03:19.779+0800][255.499s] GC(65) Concurrent Mark Cycle
[2022-03-28T18:03:19.779+0800][255.499s] GC(66) Using 8 workers of 8 for full compaction
[2022-03-28T18:03:19.779+0800][255.499s] GC(65) Concurrent Clear Claimed Marks
[2022-03-28T18:03:19.779+0800][255.499s] GC(65) Concurrent Clear Claimed Marks 0.060ms
[2022-03-28T18:03:19.779+0800][255.499s] GC(65) Concurrent Scan Root Regions
[2022-03-28T18:03:19.779+0800][255.499s] GC(65) Concurrent Scan Root Regions 0.019ms
[2022-03-28T18:03:19.779+0800][255.499s] GC(65) Concurrent Mark
[2022-03-28T18:03:19.779+0800][255.499s] GC(65) Concurrent Mark From Roots
[2022-03-28T18:03:19.779+0800][255.499s] GC(66) Pause Full (G1 Compaction Pause)
[2022-03-28T18:03:19.779+0800][255.499s] GC(65) Using 2 workers of 2 for marking
[2022-03-28T18:03:19.779+0800][255.499s] GC(66) Phase 1: Mark live objects
[2022-03-28T18:03:20.012+0800][255.731s] GC(66) Phase 1: Mark live objects 231.809ms
[2022-03-28T18:03:20.012+0800][255.731s] GC(66) Phase 2: Prepare for compaction
[2022-03-28T18:03:20.013+0800][255.732s] GC(66) Phase 2: Prepare for compaction 1.068ms
[2022-03-28T18:03:20.013+0800][255.732s] GC(66) Phase 3: Adjust pointers
[2022-03-28T18:03:20.063+0800][255.782s] GC(66) Phase 3: Adjust pointers 50.038ms
[2022-03-28T18:03:20.063+0800][255.782s] GC(66) Phase 4: Compact heap
[2022-03-28T18:03:20.063+0800][255.783s] GC(66) Phase 4: Compact heap 0.574ms
[2022-03-28T18:03:20.069+0800][255.789s] GC(66) Eden regions: 0->0(25)
[2022-03-28T18:03:20.069+0800][255.789s] GC(66) Survivor regions: 0->0(0)
[2022-03-28T18:03:20.069+0800][255.789s] GC(66) Old regions: 466->465
[2022-03-28T18:03:20.069+0800][255.789s] GC(66) Archive regions: 0->0
[2022-03-28T18:03:20.069+0800][255.789s] GC(66) Humongous regions: 46->46
[2022-03-28T18:03:20.069+0800][255.789s] GC(66) Metaspace: 50009K(50304K)->50009K(50304K) NonClass: 44045K(44224K)->44045K(44224K) Class: 5964K(6080K)->5964K(6080K)
[2022-03-28T18:03:20.069+0800][255.789s] GC(66) Pause Full (G1 Compaction Pause) 508M->507M(512M) 289.742ms
[2022-03-28T18:03:20.069+0800][255.789s] GC(66) User=2.06s Sys=0.00s Real=0.29s
[2022-03-28T18:03:20.069+0800][255.789s] GC(65) Concurrent Mark From Roots 290.262ms
[2022-03-28T18:03:20.069+0800][255.789s] GC(65) Concurrent Mark Abort
[2022-03-28T18:03:20.069+0800][255.789s] GC(65) Concurrent Mark Cycle 290.519ms
[2022-03-28T18:03:20.071+0800][255.790s] GC(67) Pause Young (Normal) (G1 Evacuation Pause)
[2022-03-28T18:03:20.071+0800][255.790s] GC(67) Using 8 workers of 8 for evacuation
[2022-03-28T18:03:20.075+0800][255.794s] GC(67) To-space exhausted
[2022-03-28T18:03:20.075+0800][255.794s] GC(67)   Pre Evacuate Collection Set: 0.1ms
[2022-03-28T18:03:20.075+0800][255.794s] GC(67)   Merge Heap Roots: 0.1ms
[2022-03-28T18:03:20.075+0800][255.794s] GC(67)   Evacuate Collection Set: 1.2ms
[2022-03-28T18:03:20.075+0800][255.794s] GC(67)   Post Evacuate Collection Set: 2.2ms
[2022-03-28T18:03:20.075+0800][255.794s] GC(67)   Other: 0.2ms
[2022-03-28T18:03:20.075+0800][255.794s] GC(67) Eden regions: 1->0(25)
[2022-03-28T18:03:20.075+0800][255.794s] GC(67) Survivor regions: 0->0(0)
[2022-03-28T18:03:20.075+0800][255.794s] GC(67) Old regions: 465->466
[2022-03-28T18:03:20.075+0800][255.794s] GC(67) Archive regions: 0->0
[2022-03-28T18:03:20.075+0800][255.794s] GC(67) Humongous regions: 46->46
[2022-03-28T18:03:20.075+0800][255.794s] GC(67) Metaspace: 50009K(50304K)->50009K(50304K) NonClass: 44045K(44224K)->44045K(44224K) Class: 5964K(6080K)->5964K(6080K)
[2022-03-28T18:03:20.075+0800][255.794s] GC(67) Pause Young (Normal) (G1 Evacuation Pause) 508M->508M(512M) 3.878ms
[2022-03-28T18:03:20.075+0800][255.794s] GC(67) User=0.11s Sys=0.00s Real=0.00s
[2022-03-28T18:03:20.075+0800][255.794s] Attempting full compaction
[2022-03-28T18:03:20.075+0800][255.794s] GC(68) Using 8 workers of 8 for full compaction
[2022-03-28T18:03:20.075+0800][255.795s] GC(68) Pause Full (G1 Compaction Pause)
[2022-03-28T18:03:20.075+0800][255.795s] GC(68) Phase 1: Mark live objects
[2022-03-28T18:03:20.316+0800][256.036s] GC(68) Phase 1: Mark live objects 241.177ms
[2022-03-28T18:03:20.316+0800][256.036s] GC(68) Phase 2: Prepare for compaction
[2022-03-28T18:03:20.317+0800][256.037s] GC(68) Phase 2: Prepare for compaction 1.309ms
[2022-03-28T18:03:20.317+0800][256.037s] GC(68) Phase 3: Adjust pointers
[2022-03-28T18:03:20.389+0800][256.109s] GC(68) Phase 3: Adjust pointers 71.261ms
[2022-03-28T18:03:20.389+0800][256.109s] GC(68) Phase 4: Compact heap
[2022-03-28T18:03:20.390+0800][256.109s] GC(68) Phase 4: Compact heap 0.673ms
[2022-03-28T18:03:20.396+0800][256.116s] GC(68) Eden regions: 0->0(25)
[2022-03-28T18:03:20.396+0800][256.116s] GC(68) Survivor regions: 0->0(0)
[2022-03-28T18:03:20.396+0800][256.116s] GC(68) Old regions: 466->465
[2022-03-28T18:03:20.396+0800][256.116s] GC(68) Archive regions: 0->0
[2022-03-28T18:03:20.396+0800][256.116s] GC(68) Humongous regions: 46->46
[2022-03-28T18:03:20.396+0800][256.116s] GC(68) Metaspace: 50009K(50304K)->50009K(50304K) NonClass: 44045K(44224K)->44045K(44224K) Class: 5964K(6080K)->5964K(6080K)
[2022-03-28T18:03:20.397+0800][256.116s] GC(68) Pause Full (G1 Compaction Pause) 508M->508M(512M) 321.487ms
[2022-03-28T18:03:20.397+0800][256.117s] GC(68) User=2.22s Sys=0.00s Real=0.32s
[2022-03-28T18:03:20.399+0800][256.118s] GC(69) Pause Young (Concurrent Start) (G1 Evacuation Pause)
[2022-03-28T18:03:20.399+0800][256.119s] GC(69) Using 8 workers of 8 for evacuation
[2022-03-28T18:03:20.404+0800][256.124s] GC(69) To-space exhausted
[2022-03-28T18:03:20.404+0800][256.124s] GC(69)   Pre Evacuate Collection Set: 0.1ms
[2022-03-28T18:03:20.404+0800][256.124s] GC(69)   Merge Heap Roots: 0.1ms
[2022-03-28T18:03:20.404+0800][256.124s] GC(69)   Evacuate Collection Set: 1.6ms
[2022-03-28T18:03:20.404+0800][256.124s] GC(69)   Post Evacuate Collection Set: 3.5ms
[2022-03-28T18:03:20.404+0800][256.124s] GC(69)   Other: 0.3ms
[2022-03-28T18:03:20.404+0800][256.124s] GC(69) Eden regions: 1->0(25)
[2022-03-28T18:03:20.404+0800][256.124s] GC(69) Survivor regions: 0->0(0)
[2022-03-28T18:03:20.404+0800][256.124s] GC(69) Old regions: 465->466
[2022-03-28T18:03:20.404+0800][256.124s] GC(69) Archive regions: 0->0
[2022-03-28T18:03:20.404+0800][256.124s] GC(69) Humongous regions: 46->46
[2022-03-28T18:03:20.405+0800][256.124s] GC(69) Metaspace: 50009K(50304K)->50009K(50304K) NonClass: 44045K(44224K)->44045K(44224K) Class: 5964K(6080K)->5964K(6080K)
[2022-03-28T18:03:20.405+0800][256.124s] GC(69) Pause Young (Concurrent Start) (G1 Evacuation Pause) 509M->509M(512M) 5.921ms
[2022-03-28T18:03:20.405+0800][256.124s] GC(69) User=0.12s Sys=0.00s Real=0.01s
[2022-03-28T18:03:20.405+0800][256.124s] Attempting full compaction
[2022-03-28T18:03:20.405+0800][256.124s] GC(70) Concurrent Mark Cycle
[2022-03-28T18:03:20.405+0800][256.125s] GC(71) Using 8 workers of 8 for full compaction
[2022-03-28T18:03:20.405+0800][256.125s] GC(70) Concurrent Clear Claimed Marks
[2022-03-28T18:03:20.405+0800][256.125s] GC(70) Concurrent Clear Claimed Marks 0.096ms
[2022-03-28T18:03:20.405+0800][256.125s] GC(70) Concurrent Scan Root Regions
[2022-03-28T18:03:20.405+0800][256.125s] GC(70) Concurrent Scan Root Regions 0.016ms
[2022-03-28T18:03:20.405+0800][256.125s] GC(70) Concurrent Mark
[2022-03-28T18:03:20.405+0800][256.125s] GC(70) Concurrent Mark From Roots
[2022-03-28T18:03:20.405+0800][256.125s] GC(70) Using 2 workers of 2 for marking
[2022-03-28T18:03:20.405+0800][256.125s] GC(71) Pause Full (G1 Compaction Pause)
[2022-03-28T18:03:20.405+0800][256.125s] GC(71) Phase 1: Mark live objects
[2022-03-28T18:03:20.676+0800][256.396s] GC(71) Phase 1: Mark live objects 270.826ms
[2022-03-28T18:03:20.676+0800][256.396s] GC(71) Phase 2: Prepare for compaction
[2022-03-28T18:03:20.682+0800][256.402s] GC(71) Phase 2: Prepare for compaction 5.589ms
[2022-03-28T18:03:20.682+0800][256.402s] GC(71) Phase 3: Adjust pointers
[2022-03-28T18:03:20.743+0800][256.463s] GC(71) Phase 3: Adjust pointers 61.037ms
[2022-03-28T18:03:20.743+0800][256.463s] GC(71) Phase 4: Compact heap
[2022-03-28T18:03:20.748+0800][256.467s] GC(71) Phase 4: Compact heap 4.362ms
[2022-03-28T18:03:20.752+0800][256.472s] GC(71) Eden regions: 0->0(25)
[2022-03-28T18:03:20.752+0800][256.472s] GC(71) Survivor regions: 0->0(0)
[2022-03-28T18:03:20.752+0800][256.472s] GC(71) Old regions: 466->464
[2022-03-28T18:03:20.753+0800][256.473s] GC(71) Archive regions: 0->0
[2022-03-28T18:03:20.753+0800][256.473s] GC(71) Humongous regions: 46->46
[2022-03-28T18:03:20.753+0800][256.473s] GC(71) Metaspace: 50009K(50304K)->50009K(50304K) NonClass: 44045K(44224K)->44045K(44224K) Class: 5964K(6080K)->5964K(6080K)
[2022-03-28T18:03:20.753+0800][256.473s] GC(71) Pause Full (G1 Compaction Pause) 509M->508M(512M) 347.730ms
[2022-03-28T18:03:20.753+0800][256.473s] GC(71) User=2.41s Sys=0.00s Real=0.35s
[2022-03-28T18:03:20.753+0800][256.473s] GC(70) Concurrent Mark From Roots 348.287ms
[2022-03-28T18:03:20.753+0800][256.473s] GC(70) Concurrent Mark Abort
[2022-03-28T18:03:20.753+0800][256.473s] GC(70) Concurrent Mark Cycle 348.619ms
[2022-03-28T18:03:20.754+0800][256.474s] GC(72) Pause Young (Normal) (G1 Preventive Collection)
[2022-03-28T18:03:20.754+0800][256.474s] GC(72) Using 8 workers of 8 for evacuation
[2022-03-28T18:03:20.756+0800][256.475s] GC(72)   Pre Evacuate Collection Set: 0.1ms
[2022-03-28T18:03:20.756+0800][256.476s] GC(72)   Merge Heap Roots: 0.1ms
[2022-03-28T18:03:20.756+0800][256.476s] GC(72)   Evacuate Collection Set: 1.0ms
[2022-03-28T18:03:20.756+0800][256.476s] GC(72)   Post Evacuate Collection Set: 0.3ms
[2022-03-28T18:03:20.756+0800][256.476s] GC(72)   Other: 0.1ms
[2022-03-28T18:03:20.756+0800][256.476s] GC(72) Eden regions: 1->0(24)
[2022-03-28T18:03:20.756+0800][256.476s] GC(72) Survivor regions: 0->1(1)
[2022-03-28T18:03:20.756+0800][256.476s] GC(72) Old regions: 464->464
[2022-03-28T18:03:20.756+0800][256.476s] GC(72) Archive regions: 0->0
[2022-03-28T18:03:20.756+0800][256.476s] GC(72) Humongous regions: 46->46
[2022-03-28T18:03:20.756+0800][256.476s] GC(72) Metaspace: 50009K(50304K)->50009K(50304K) NonClass: 44045K(44224K)->44045K(44224K) Class: 5964K(6080K)->5964K(6080K)
[2022-03-28T18:03:20.756+0800][256.476s] GC(72) Pause Young (Normal) (G1 Preventive Collection) 509M->509M(512M) 1.684ms
[2022-03-28T18:03:20.756+0800][256.476s] GC(72) User=0.00s Sys=0.00s Real=0.00s
[2022-03-28T18:03:20.757+0800][256.476s] GC(73) Pause Young (Concurrent Start) (G1 Evacuation Pause)
[2022-03-28T18:03:20.757+0800][256.477s] GC(73) Using 8 workers of 8 for evacuation
[2022-03-28T18:03:20.763+0800][256.482s] GC(73) To-space exhausted
[2022-03-28T18:03:20.763+0800][256.482s] GC(73)   Pre Evacuate Collection Set: 0.1ms
[2022-03-28T18:03:20.763+0800][256.482s] GC(73)   Merge Heap Roots: 0.1ms
[2022-03-28T18:03:20.763+0800][256.482s] GC(73)   Evacuate Collection Set: 2.2ms
[2022-03-28T18:03:20.763+0800][256.482s] GC(73)   Post Evacuate Collection Set: 3.1ms
[2022-03-28T18:03:20.763+0800][256.482s] GC(73)   Other: 0.2ms
[2022-03-28T18:03:20.763+0800][256.482s] GC(73) Eden regions: 1->0(25)
[2022-03-28T18:03:20.763+0800][256.482s] GC(73) Survivor regions: 1->0(0)
[2022-03-28T18:03:20.763+0800][256.482s] GC(73) Old regions: 464->466
[2022-03-28T18:03:20.763+0800][256.482s] GC(73) Archive regions: 0->0
[2022-03-28T18:03:20.763+0800][256.482s] GC(73) Humongous regions: 46->46
[2022-03-28T18:03:20.763+0800][256.482s] GC(73) Metaspace: 50009K(50304K)->50009K(50304K) NonClass: 44045K(44224K)->44045K(44224K) Class: 5964K(6080K)->5964K(6080K)
[2022-03-28T18:03:20.763+0800][256.482s] GC(73) Pause Young (Concurrent Start) (G1 Evacuation Pause) 510M->510M(512M) 5.841ms
[2022-03-28T18:03:20.763+0800][256.482s] GC(73) User=0.00s Sys=0.00s Real=0.01s
[2022-03-28T18:03:20.763+0800][256.482s] Attempting full compaction
[2022-03-28T18:03:20.763+0800][256.482s] GC(74) Concurrent Mark Cycle
[2022-03-28T18:03:20.763+0800][256.482s] GC(75) Using 8 workers of 8 for full compaction
[2022-03-28T18:03:20.763+0800][256.482s] GC(74) Concurrent Clear Claimed Marks
[2022-03-28T18:03:20.763+0800][256.483s] GC(74) Concurrent Clear Claimed Marks 0.068ms
[2022-03-28T18:03:20.763+0800][256.483s] GC(74) Concurrent Scan Root Regions
[2022-03-28T18:03:20.763+0800][256.483s] GC(74) Concurrent Scan Root Regions 0.020ms
[2022-03-28T18:03:20.763+0800][256.483s] GC(74) Concurrent Mark
[2022-03-28T18:03:20.763+0800][256.483s] GC(74) Concurrent Mark From Roots
[2022-03-28T18:03:20.763+0800][256.483s] GC(74) Using 2 workers of 2 for marking
[2022-03-28T18:03:20.763+0800][256.483s] GC(75) Pause Full (G1 Compaction Pause)
[2022-03-28T18:03:20.764+0800][256.483s] GC(75) Phase 1: Mark live objects
[2022-03-28T18:03:21.013+0800][256.732s] GC(75) Phase 1: Mark live objects 249.463ms
[2022-03-28T18:03:21.013+0800][256.732s] GC(75) Phase 2: Prepare for compaction
[2022-03-28T18:03:21.014+0800][256.733s] GC(75) Phase 2: Prepare for compaction 0.936ms
[2022-03-28T18:03:21.014+0800][256.733s] GC(75) Phase 3: Adjust pointers
[2022-03-28T18:03:21.071+0800][256.791s] GC(75) Phase 3: Adjust pointers 57.252ms
[2022-03-28T18:03:21.071+0800][256.791s] GC(75) Phase 4: Compact heap
[2022-03-28T18:03:21.072+0800][256.791s] GC(75) Phase 4: Compact heap 0.593ms
[2022-03-28T18:03:21.078+0800][256.797s] GC(75) Eden regions: 0->0(25)
[2022-03-28T18:03:21.078+0800][256.798s] GC(75) Survivor regions: 0->0(0)
[2022-03-28T18:03:21.078+0800][256.798s] GC(75) Old regions: 466->465
[2022-03-28T18:03:21.078+0800][256.798s] GC(75) Archive regions: 0->0
[2022-03-28T18:03:21.078+0800][256.798s] GC(75) Humongous regions: 46->46
[2022-03-28T18:03:21.078+0800][256.798s] GC(75) Metaspace: 50009K(50304K)->50009K(50304K) NonClass: 44045K(44224K)->44045K(44224K) Class: 5964K(6080K)->5964K(6080K)
[2022-03-28T18:03:21.078+0800][256.798s] GC(75) Pause Full (G1 Compaction Pause) 510M->510M(512M) 314.984ms
[2022-03-28T18:03:21.078+0800][256.798s] GC(75) User=2.38s Sys=0.00s Real=0.32s
[2022-03-28T18:03:21.078+0800][256.798s] GC(74) Concurrent Mark From Roots 315.666ms
[2022-03-28T18:03:21.078+0800][256.798s] GC(74) Concurrent Mark Abort
[2022-03-28T18:03:21.079+0800][256.798s] GC(74) Concurrent Mark Cycle 315.955ms
[2022-03-28T18:03:21.080+0800][256.800s] GC(76) Pause Young (Normal) (G1 Evacuation Pause)
[2022-03-28T18:03:21.080+0800][256.800s] GC(76) Using 8 workers of 8 for evacuation
[2022-03-28T18:03:21.084+0800][256.804s] GC(76) To-space exhausted
[2022-03-28T18:03:21.084+0800][256.804s] GC(76)   Pre Evacuate Collection Set: 0.2ms
[2022-03-28T18:03:21.084+0800][256.804s] GC(76)   Merge Heap Roots: 0.1ms
[2022-03-28T18:03:21.084+0800][256.804s] GC(76)   Evacuate Collection Set: 1.1ms
[2022-03-28T18:03:21.084+0800][256.804s] GC(76)   Post Evacuate Collection Set: 2.7ms
[2022-03-28T18:03:21.084+0800][256.804s] GC(76)   Other: 0.2ms
[2022-03-28T18:03:21.084+0800][256.804s] GC(76) Eden regions: 1->0(25)
[2022-03-28T18:03:21.084+0800][256.804s] GC(76) Survivor regions: 0->0(0)
[2022-03-28T18:03:21.084+0800][256.804s] GC(76) Old regions: 465->466
[2022-03-28T18:03:21.084+0800][256.804s] GC(76) Archive regions: 0->0
[2022-03-28T18:03:21.084+0800][256.804s] GC(76) Humongous regions: 46->46
[2022-03-28T18:03:21.084+0800][256.804s] GC(76) Metaspace: 50009K(50304K)->50009K(50304K) NonClass: 44045K(44224K)->44045K(44224K) Class: 5964K(6080K)->5964K(6080K)
[2022-03-28T18:03:21.084+0800][256.804s] GC(76) Pause Young (Normal) (G1 Evacuation Pause) 511M->511M(512M) 4.559ms
[2022-03-28T18:03:21.084+0800][256.804s] GC(76) User=0.00s Sys=0.00s Real=0.00s
[2022-03-28T18:03:21.084+0800][256.804s] Attempting full compaction
[2022-03-28T18:03:21.084+0800][256.804s] GC(77) Using 8 workers of 8 for full compaction
[2022-03-28T18:03:21.085+0800][256.804s] GC(77) Pause Full (G1 Compaction Pause)
[2022-03-28T18:03:21.085+0800][256.805s] GC(77) Phase 1: Mark live objects
[2022-03-28T18:03:21.352+0800][257.072s] GC(77) Phase 1: Mark live objects 267.630ms
[2022-03-28T18:03:21.352+0800][257.072s] GC(77) Phase 2: Prepare for compaction
[2022-03-28T18:03:21.354+0800][257.074s] GC(77) Phase 2: Prepare for compaction 1.898ms
[2022-03-28T18:03:21.354+0800][257.074s] GC(77) Phase 3: Adjust pointers
[2022-03-28T18:03:21.410+0800][257.130s] GC(77) Phase 3: Adjust pointers 55.369ms
[2022-03-28T18:03:21.410+0800][257.130s] GC(77) Phase 4: Compact heap
[2022-03-28T18:03:21.411+0800][257.131s] GC(77) Phase 4: Compact heap 1.201ms
[2022-03-28T18:03:21.416+0800][257.136s] GC(77) Eden regions: 0->0(25)
[2022-03-28T18:03:21.417+0800][257.136s] GC(77) Survivor regions: 0->0(0)
[2022-03-28T18:03:21.417+0800][257.137s] GC(77) Old regions: 466->465
[2022-03-28T18:03:21.417+0800][257.137s] GC(77) Archive regions: 0->0
[2022-03-28T18:03:21.417+0800][257.137s] GC(77) Humongous regions: 46->46
[2022-03-28T18:03:21.417+0800][257.137s] GC(77) Metaspace: 50009K(50304K)->50009K(50304K) NonClass: 44045K(44224K)->44045K(44224K) Class: 5964K(6080K)->5964K(6080K)
[2022-03-28T18:03:21.417+0800][257.137s] GC(77) Pause Full (G1 Compaction Pause) 511M->510M(512M) 332.162ms
[2022-03-28T18:03:21.417+0800][257.137s] GC(77) User=2.48s Sys=0.00s Real=0.33s
[2022-03-28T18:03:21.419+0800][257.139s] GC(78) Pause Young (Concurrent Start) (G1 Evacuation Pause)
[2022-03-28T18:03:21.419+0800][257.139s] GC(78) Using 8 workers of 8 for evacuation
[2022-03-28T18:03:21.425+0800][257.144s] GC(78) To-space exhausted
[2022-03-28T18:03:21.425+0800][257.144s] GC(78)   Pre Evacuate Collection Set: 0.1ms
[2022-03-28T18:03:21.425+0800][257.144s] GC(78)   Merge Heap Roots: 0.1ms
[2022-03-28T18:03:21.425+0800][257.145s] GC(78)   Evacuate Collection Set: 1.5ms
[2022-03-28T18:03:21.425+0800][257.145s] GC(78)   Post Evacuate Collection Set: 3.8ms
[2022-03-28T18:03:21.425+0800][257.145s] GC(78)   Other: 0.4ms
[2022-03-28T18:03:21.425+0800][257.145s] GC(78) Eden regions: 1->0(25)
[2022-03-28T18:03:21.425+0800][257.145s] GC(78) Survivor regions: 0->0(0)
[2022-03-28T18:03:21.425+0800][257.145s] GC(78) Old regions: 465->466
[2022-03-28T18:03:21.425+0800][257.145s] GC(78) Archive regions: 0->0
[2022-03-28T18:03:21.425+0800][257.145s] GC(78) Humongous regions: 46->46
[2022-03-28T18:03:21.425+0800][257.145s] GC(78) Metaspace: 50009K(50304K)->50009K(50304K) NonClass: 44045K(44224K)->44045K(44224K) Class: 5964K(6080K)->5964K(6080K)
[2022-03-28T18:03:21.425+0800][257.145s] GC(78) Pause Young (Concurrent Start) (G1 Evacuation Pause) 511M->511M(512M) 6.112ms
[2022-03-28T18:03:21.425+0800][257.145s] GC(78) User=0.00s Sys=0.00s Real=0.01s
[2022-03-28T18:03:21.425+0800][257.145s] Attempting full compaction
[2022-03-28T18:03:21.425+0800][257.145s] GC(79) Concurrent Mark Cycle
[2022-03-28T18:03:21.425+0800][257.145s] GC(80) Using 8 workers of 8 for full compaction
[2022-03-28T18:03:21.425+0800][257.145s] GC(79) Concurrent Clear Claimed Marks
[2022-03-28T18:03:21.425+0800][257.145s] GC(79) Concurrent Clear Claimed Marks 0.084ms
[2022-03-28T18:03:21.425+0800][257.145s] GC(79) Concurrent Scan Root Regions
[2022-03-28T18:03:21.425+0800][257.145s] GC(79) Concurrent Scan Root Regions 0.024ms
[2022-03-28T18:03:21.425+0800][257.145s] GC(79) Concurrent Mark
[2022-03-28T18:03:21.425+0800][257.145s] GC(79) Concurrent Mark From Roots
[2022-03-28T18:03:21.426+0800][257.145s] GC(79) Using 2 workers of 2 for marking
[2022-03-28T18:03:21.426+0800][257.145s] GC(80) Pause Full (G1 Compaction Pause)
[2022-03-28T18:03:21.426+0800][257.146s] GC(80) Phase 1: Mark live objects
[2022-03-28T18:03:21.682+0800][257.402s] GC(80) Phase 1: Mark live objects 256.142ms
[2022-03-28T18:03:21.682+0800][257.402s] GC(80) Phase 2: Prepare for compaction
[2022-03-28T18:03:21.684+0800][257.403s] GC(80) Phase 2: Prepare for compaction 1.642ms
[2022-03-28T18:03:21.684+0800][257.403s] GC(80) Phase 3: Adjust pointers
[2022-03-28T18:03:21.743+0800][257.462s] GC(80) Phase 3: Adjust pointers 58.866ms
[2022-03-28T18:03:21.743+0800][257.462s] GC(80) Phase 4: Compact heap
[2022-03-28T18:03:21.744+0800][257.463s] GC(80) Phase 4: Compact heap 0.925ms
[2022-03-28T18:03:21.749+0800][257.469s] GC(80) Eden regions: 0->0(25)
[2022-03-28T18:03:21.749+0800][257.469s] GC(80) Survivor regions: 0->0(0)
[2022-03-28T18:03:21.750+0800][257.469s] GC(80) Old regions: 466->466
[2022-03-28T18:03:21.750+0800][257.469s] GC(80) Archive regions: 0->0
[2022-03-28T18:03:21.750+0800][257.469s] GC(80) Humongous regions: 46->46
[2022-03-28T18:03:21.750+0800][257.469s] GC(80) Metaspace: 50009K(50304K)->50009K(50304K) NonClass: 44045K(44224K)->44045K(44224K) Class: 5964K(6080K)->5964K(6080K)
[2022-03-28T18:03:21.750+0800][257.469s] GC(80) Pause Full (G1 Compaction Pause) 511M->511M(512M) 323.986ms
[2022-03-28T18:03:21.750+0800][257.470s] GC(80) User=2.44s Sys=0.00s Real=0.33s
[2022-03-28T18:03:21.750+0800][257.470s] Attempting maximum full compaction clearing soft references
[2022-03-28T18:03:21.750+0800][257.470s] GC(81) Using 8 workers of 8 for full compaction
[2022-03-28T18:03:21.750+0800][257.470s] GC(81) Pause Full (G1 Compaction Pause)
[2022-03-28T18:03:21.751+0800][257.470s] GC(81) Phase 1: Mark live objects
[2022-03-28T18:03:21.996+0800][257.716s] GC(81) Phase 1: Mark live objects 245.667ms
[2022-03-28T18:03:21.996+0800][257.716s] GC(81) Phase 2: Prepare for compaction
[2022-03-28T18:03:22.040+0800][257.760s] GC(81) Phase 2: Prepare for compaction 44.224ms
[2022-03-28T18:03:22.040+0800][257.760s] GC(81) Phase 3: Adjust pointers
[2022-03-28T18:03:22.110+0800][257.830s] GC(81) Phase 3: Adjust pointers 69.679ms
[2022-03-28T18:03:22.111+0800][257.830s] GC(81) Phase 4: Compact heap
[2022-03-28T18:03:22.153+0800][257.873s] GC(81) Phase 4: Compact heap 42.923ms
[2022-03-28T18:03:22.159+0800][257.879s] GC(81) Eden regions: 0->0(25)
[2022-03-28T18:03:22.159+0800][257.879s] GC(81) Survivor regions: 0->0(0)
[2022-03-28T18:03:22.159+0800][257.879s] GC(81) Old regions: 466->465
[2022-03-28T18:03:22.159+0800][257.879s] GC(81) Archive regions: 0->0
[2022-03-28T18:03:22.159+0800][257.879s] GC(81) Humongous regions: 46->46
[2022-03-28T18:03:22.159+0800][257.879s] GC(81) Metaspace: 50009K(50304K)->50009K(50304K) NonClass: 44045K(44224K)->44045K(44224K) Class: 5964K(6080K)->5964K(6080K)
[2022-03-28T18:03:22.159+0800][257.879s] GC(81) Pause Full (G1 Compaction Pause) 511M->510M(512M) 408.905ms
[2022-03-28T18:03:22.160+0800][257.879s] GC(81) User=2.77s Sys=0.00s Real=0.41s
[2022-03-28T18:03:22.160+0800][257.879s] GC(79) Concurrent Mark From Roots 734.341ms
[2022-03-28T18:03:22.160+0800][257.880s] GC(79) Concurrent Mark Abort
[2022-03-28T18:03:22.160+0800][257.880s] GC(79) Concurrent Mark Cycle 734.666ms
[2022-03-28T18:03:22.161+0800][257.881s] GC(82) Pause Young (Normal) (G1 Evacuation Pause)
[2022-03-28T18:03:22.161+0800][257.881s] GC(82) Using 8 workers of 8 for evacuation
[2022-03-28T18:03:22.165+0800][257.885s] GC(82) To-space exhausted
[2022-03-28T18:03:22.165+0800][257.885s] GC(82)   Pre Evacuate Collection Set: 0.1ms
[2022-03-28T18:03:22.165+0800][257.885s] GC(82)   Merge Heap Roots: 0.1ms
[2022-03-28T18:03:22.165+0800][257.885s] GC(82)   Evacuate Collection Set: 1.2ms
[2022-03-28T18:03:22.165+0800][257.885s] GC(82)   Post Evacuate Collection Set: 2.7ms
[2022-03-28T18:03:22.165+0800][257.885s] GC(82)   Other: 0.3ms
[2022-03-28T18:03:22.165+0800][257.885s] GC(82) Eden regions: 1->0(25)
[2022-03-28T18:03:22.165+0800][257.885s] GC(82) Survivor regions: 0->0(0)
[2022-03-28T18:03:22.165+0800][257.885s] GC(82) Old regions: 465->466
[2022-03-28T18:03:22.165+0800][257.885s] GC(82) Archive regions: 0->0
[2022-03-28T18:03:22.165+0800][257.885s] GC(82) Humongous regions: 46->46
[2022-03-28T18:03:22.165+0800][257.885s] GC(82) Metaspace: 50009K(50304K)->50009K(50304K) NonClass: 44045K(44224K)->44045K(44224K) Class: 5964K(6080K)->5964K(6080K)
[2022-03-28T18:03:22.165+0800][257.885s] GC(82) Pause Young (Normal) (G1 Evacuation Pause) 511M->511M(512M) 4.535ms
[2022-03-28T18:03:22.165+0800][257.885s] GC(82) User=0.00s Sys=0.02s Real=0.00s
[2022-03-28T18:03:22.165+0800][257.885s] Attempting full compaction
[2022-03-28T18:03:22.165+0800][257.885s] GC(83) Using 8 workers of 8 for full compaction
[2022-03-28T18:03:22.166+0800][257.885s] GC(83) Pause Full (G1 Compaction Pause)
[2022-03-28T18:03:22.166+0800][257.885s] GC(83) Phase 1: Mark live objects
[2022-03-28T18:03:22.389+0800][258.108s] GC(83) Phase 1: Mark live objects 222.771ms
[2022-03-28T18:03:22.389+0800][258.108s] GC(83) Phase 2: Prepare for compaction
[2022-03-28T18:03:22.393+0800][258.113s] GC(83) Phase 2: Prepare for compaction 4.582ms
[2022-03-28T18:03:22.394+0800][258.113s] GC(83) Phase 3: Adjust pointers
[2022-03-28T18:03:22.443+0800][258.163s] GC(83) Phase 3: Adjust pointers 49.989ms
[2022-03-28T18:03:22.443+0800][258.163s] GC(83) Phase 4: Compact heap
[2022-03-28T18:03:22.447+0800][258.167s] GC(83) Phase 4: Compact heap 4.158ms
[2022-03-28T18:03:22.452+0800][258.173s] GC(83) Eden regions: 0->0(25)
[2022-03-28T18:03:22.452+0800][258.173s] GC(83) Survivor regions: 0->0(0)
[2022-03-28T18:03:22.452+0800][258.173s] GC(83) Old regions: 466->465
[2022-03-28T18:03:22.452+0800][258.173s] GC(83) Archive regions: 0->0
[2022-03-28T18:03:22.452+0800][258.173s] GC(83) Humongous regions: 46->46
[2022-03-28T18:03:22.452+0800][258.173s] GC(83) Metaspace: 50009K(50304K)->50009K(50304K) NonClass: 44045K(44224K)->44045K(44224K) Class: 5964K(6080K)->5964K(6080K)
[2022-03-28T18:03:22.452+0800][258.173s] GC(83) Pause Full (G1 Compaction Pause) 511M->510M(512M) 287.595ms
[2022-03-28T18:03:22.452+0800][258.173s] GC(83) User=1.94s Sys=0.00s Real=0.29s
[2022-03-28T18:03:22.457+0800][258.178s] GC(84) Pause Young (Concurrent Start) (G1 Evacuation Pause)
[2022-03-28T18:03:22.457+0800][258.178s] GC(84) Using 8 workers of 8 for evacuation
[2022-03-28T18:03:22.464+0800][258.183s] GC(84) To-space exhausted
[2022-03-28T18:03:22.464+0800][258.183s] GC(84)   Pre Evacuate Collection Set: 0.1ms
[2022-03-28T18:03:22.464+0800][258.183s] GC(84)   Merge Heap Roots: 0.1ms
[2022-03-28T18:03:22.464+0800][258.183s] GC(84)   Evacuate Collection Set: 1.2ms
[2022-03-28T18:03:22.464+0800][258.183s] GC(84)   Post Evacuate Collection Set: 3.5ms
[2022-03-28T18:03:22.464+0800][258.184s] GC(84)   Other: 0.3ms
[2022-03-28T18:03:22.464+0800][258.184s] GC(84) Eden regions: 1->0(25)
[2022-03-28T18:03:22.464+0800][258.184s] GC(84) Survivor regions: 0->0(0)
[2022-03-28T18:03:22.464+0800][258.184s] GC(84) Old regions: 465->466
[2022-03-28T18:03:22.464+0800][258.184s] GC(84) Archive regions: 0->0
[2022-03-28T18:03:22.464+0800][258.184s] GC(84) Humongous regions: 46->46
[2022-03-28T18:03:22.464+0800][258.184s] GC(84) Metaspace: 50009K(50304K)->50009K(50304K) NonClass: 44045K(44224K)->44045K(44224K) Class: 5964K(6080K)->5964K(6080K)
[2022-03-28T18:03:22.464+0800][258.184s] GC(84) Pause Young (Concurrent Start) (G1 Evacuation Pause) 511M->511M(512M) 5.473ms
[2022-03-28T18:03:22.464+0800][258.184s] GC(84) User=0.02s Sys=0.00s Real=0.01s
[2022-03-28T18:03:22.464+0800][258.184s] Attempting full compaction
[2022-03-28T18:03:22.464+0800][258.184s] GC(85) Concurrent Mark Cycle
[2022-03-28T18:03:22.464+0800][258.184s] GC(86) Using 8 workers of 8 for full compaction
[2022-03-28T18:03:22.464+0800][258.184s] GC(85) Concurrent Clear Claimed Marks
[2022-03-28T18:03:22.464+0800][258.184s] GC(85) Concurrent Clear Claimed Marks 0.076ms
[2022-03-28T18:03:22.464+0800][258.184s] GC(85) Concurrent Scan Root Regions
[2022-03-28T18:03:22.464+0800][258.184s] GC(85) Concurrent Scan Root Regions 0.020ms
[2022-03-28T18:03:22.464+0800][258.184s] GC(85) Concurrent Mark
[2022-03-28T18:03:22.464+0800][258.184s] GC(85) Concurrent Mark From Roots
[2022-03-28T18:03:22.464+0800][258.184s] GC(85) Using 2 workers of 2 for marking
[2022-03-28T18:03:22.464+0800][258.184s] GC(86) Pause Full (G1 Compaction Pause)
[2022-03-28T18:03:22.465+0800][258.184s] GC(86) Phase 1: Mark live objects
[2022-03-28T18:03:22.726+0800][258.446s] GC(86) Phase 1: Mark live objects 261.339ms
[2022-03-28T18:03:22.726+0800][258.446s] GC(86) Phase 2: Prepare for compaction
[2022-03-28T18:03:22.728+0800][258.448s] GC(86) Phase 2: Prepare for compaction 1.875ms
[2022-03-28T18:03:22.728+0800][258.448s] GC(86) Phase 3: Adjust pointers
[2022-03-28T18:03:22.782+0800][258.502s] GC(86) Phase 3: Adjust pointers 53.913ms
[2022-03-28T18:03:22.782+0800][258.502s] GC(86) Phase 4: Compact heap
[2022-03-28T18:03:22.783+0800][258.503s] GC(86) Phase 4: Compact heap 1.133ms
[2022-03-28T18:03:22.789+0800][258.508s] GC(86) Eden regions: 0->0(25)
[2022-03-28T18:03:22.789+0800][258.509s] GC(86) Survivor regions: 0->0(0)
[2022-03-28T18:03:22.789+0800][258.509s] GC(86) Old regions: 466->466
[2022-03-28T18:03:22.789+0800][258.509s] GC(86) Archive regions: 0->0
[2022-03-28T18:03:22.789+0800][258.509s] GC(86) Humongous regions: 46->46
[2022-03-28T18:03:22.789+0800][258.509s] GC(86) Metaspace: 50009K(50304K)->50009K(50304K) NonClass: 44045K(44224K)->44045K(44224K) Class: 5964K(6080K)->5964K(6080K)
[2022-03-28T18:03:22.789+0800][258.509s] GC(86) Pause Full (G1 Compaction Pause) 511M->511M(512M) 324.564ms
[2022-03-28T18:03:22.790+0800][258.509s] GC(86) User=2.17s Sys=0.00s Real=0.33s
[2022-03-28T18:03:22.790+0800][258.509s] Attempting maximum full compaction clearing soft references
[2022-03-28T18:03:22.790+0800][258.509s] GC(87) Using 8 workers of 8 for full compaction
[2022-03-28T18:03:22.790+0800][258.509s] GC(87) Pause Full (G1 Compaction Pause)
[2022-03-28T18:03:22.790+0800][258.509s] GC(87) Phase 1: Mark live objects
[2022-03-28T18:03:23.047+0800][258.766s] GC(87) Phase 1: Mark live objects 256.908ms
[2022-03-28T18:03:23.047+0800][258.766s] GC(87) Phase 2: Prepare for compaction
[2022-03-28T18:03:23.097+0800][258.816s] GC(87) Phase 2: Prepare for compaction 49.710ms
[2022-03-28T18:03:23.097+0800][258.816s] GC(87) Phase 3: Adjust pointers
[2022-03-28T18:03:23.151+0800][258.879s] GC(87) Phase 3: Adjust pointers 63.244ms
[2022-03-28T18:03:23.151+0800][258.880s] GC(87) Phase 4: Compact heap
[2022-03-28T18:03:23.202+0800][258.925s] GC(87) Phase 4: Compact heap 45.512ms
[2022-03-28T18:03:23.207+0800][258.930s] GC(87) Eden regions: 0->0(25)
[2022-03-28T18:03:23.207+0800][258.930s] GC(87) Survivor regions: 0->0(0)
[2022-03-28T18:03:23.207+0800][258.930s] GC(87) Old regions: 466->466
[2022-03-28T18:03:23.207+0800][258.930s] GC(87) Archive regions: 0->0
[2022-03-28T18:03:23.207+0800][258.930s] GC(87) Humongous regions: 46->46
[2022-03-28T18:03:23.207+0800][258.930s] GC(87) Metaspace: 50009K(50304K)->50009K(50304K) NonClass: 44045K(44224K)->44045K(44224K) Class: 5964K(6080K)->5964K(6080K)
[2022-03-28T18:03:23.207+0800][258.930s] GC(87) Pause Full (G1 Compaction Pause) 511M->511M(512M) 420.846ms
[2022-03-28T18:03:23.207+0800][258.931s] GC(87) User=2.98s Sys=0.00s Real=0.42s
[2022-03-28T18:03:23.207+0800][258.931s] GC(85) Concurrent Mark From Roots 746.766ms
[2022-03-28T18:03:23.211+0800][258.931s] GC(88) Pause Young (Normal) (G1 Evacuation Pause)
[2022-03-28T18:03:23.211+0800][258.931s] GC(88) Using 8 workers of 8 for evacuation
[2022-03-28T18:03:23.213+0800][258.932s] GC(88)   Pre Evacuate Collection Set: 0.1ms
[2022-03-28T18:03:23.213+0800][258.932s] GC(88)   Merge Heap Roots: 0.1ms
[2022-03-28T18:03:23.213+0800][258.932s] GC(88)   Evacuate Collection Set: 0.2ms
[2022-03-28T18:03:23.213+0800][258.932s] GC(88)   Post Evacuate Collection Set: 0.2ms
[2022-03-28T18:03:23.213+0800][258.932s] GC(88)   Other: 0.3ms
[2022-03-28T18:03:23.213+0800][258.932s] GC(88) Eden regions: 0->0(25)
[2022-03-28T18:03:23.213+0800][258.932s] GC(88) Survivor regions: 0->0(0)
[2022-03-28T18:03:23.213+0800][258.932s] GC(88) Old regions: 466->466
[2022-03-28T18:03:23.213+0800][258.932s] GC(88) Archive regions: 0->0
[2022-03-28T18:03:23.213+0800][258.932s] GC(88) Humongous regions: 46->46
[2022-03-28T18:03:23.213+0800][258.932s] GC(88) Metaspace: 50009K(50304K)->50009K(50304K) NonClass: 44045K(44224K)->44045K(44224K) Class: 5964K(6080K)->5964K(6080K)
[2022-03-28T18:03:23.213+0800][258.932s] GC(88) Pause Young (Normal) (G1 Evacuation Pause) 511M->511M(512M) 1.090ms
[2022-03-28T18:03:23.213+0800][258.932s] GC(88) User=0.02s Sys=0.00s Real=0.00s
[2022-03-28T18:03:23.213+0800][258.932s] Attempting full compaction
[2022-03-28T18:03:23.213+0800][258.932s] GC(89) Using 8 workers of 8 for full compaction
[2022-03-28T18:03:23.213+0800][258.932s] GC(89) Pause Full (G1 Compaction Pause)
[2022-03-28T18:03:23.213+0800][258.932s] GC(89) Phase 1: Mark live objects
[2022-03-28T18:03:23.459+0800][259.178s] GC(89) Phase 1: Mark live objects 245.691ms
[2022-03-28T18:03:23.459+0800][259.178s] GC(89) Phase 2: Prepare for compaction
[2022-03-28T18:03:23.460+0800][259.179s] GC(89) Phase 2: Prepare for compaction 0.655ms
[2022-03-28T18:03:23.460+0800][259.179s] GC(89) Phase 3: Adjust pointers
[2022-03-28T18:03:23.512+0800][259.231s] GC(89) Phase 3: Adjust pointers 52.126ms
[2022-03-28T18:03:23.512+0800][259.231s] GC(89) Phase 4: Compact heap
[2022-03-28T18:03:23.512+0800][259.231s] GC(89) Phase 4: Compact heap 0.202ms
[2022-03-28T18:03:23.513+0800][259.235s] GC(89) Eden regions: 0->0(25)
[2022-03-28T18:03:23.513+0800][259.235s] GC(89) Survivor regions: 0->0(0)
[2022-03-28T18:03:23.513+0800][259.235s] GC(89) Old regions: 466->466
[2022-03-28T18:03:23.513+0800][259.235s] GC(89) Archive regions: 0->0
[2022-03-28T18:03:23.513+0800][259.235s] GC(89) Humongous regions: 46->46
[2022-03-28T18:03:23.513+0800][259.235s] GC(89) Metaspace: 50009K(50304K)->50009K(50304K) NonClass: 44045K(44224K)->44045K(44224K) Class: 5964K(6080K)->5964K(6080K)
[2022-03-28T18:03:23.513+0800][259.235s] GC(89) Pause Full (G1 Compaction Pause) 511M->511M(512M) 302.733ms
[2022-03-28T18:03:23.513+0800][259.236s] GC(89) User=1.95s Sys=0.00s Real=0.30s
[2022-03-28T18:03:23.513+0800][259.236s] Attempting maximum full compaction clearing soft references
[2022-03-28T18:03:23.513+0800][259.236s] GC(90) Using 8 workers of 8 for full compaction
[2022-03-28T18:03:23.513+0800][259.236s] GC(90) Pause Full (G1 Compaction Pause)
[2022-03-28T18:03:23.513+0800][259.236s] GC(90) Phase 1: Mark live objects
[2022-03-28T18:03:23.762+0800][259.482s] GC(90) Phase 1: Mark live objects 245.828ms
[2022-03-28T18:03:23.762+0800][259.482s] GC(90) Phase 2: Prepare for compaction
[2022-03-28T18:03:23.810+0800][259.530s] GC(90) Phase 2: Prepare for compaction 48.668ms
[2022-03-28T18:03:23.810+0800][259.530s] GC(90) Phase 3: Adjust pointers
[2022-03-28T18:03:23.873+0800][259.593s] GC(90) Phase 3: Adjust pointers 62.370ms
[2022-03-28T18:03:23.873+0800][259.593s] GC(90) Phase 4: Compact heap
[2022-03-28T18:03:23.914+0800][259.634s] GC(90) Phase 4: Compact heap 41.308ms
[2022-03-28T18:03:23.920+0800][259.640s] GC(90) Eden regions: 0->0(25)
[2022-03-28T18:03:23.920+0800][259.640s] GC(90) Survivor regions: 0->0(0)
[2022-03-28T18:03:23.920+0800][259.640s] GC(90) Old regions: 466->466
[2022-03-28T18:03:23.920+0800][259.640s] GC(90) Archive regions: 0->0
[2022-03-28T18:03:23.920+0800][259.640s] GC(90) Humongous regions: 46->46
[2022-03-28T18:03:23.920+0800][259.640s] GC(90) Metaspace: 50009K(50304K)->50009K(50304K) NonClass: 44045K(44224K)->44045K(44224K) Class: 5964K(6080K)->5964K(6080K)
[2022-03-28T18:03:23.920+0800][259.640s] GC(90) Pause Full (G1 Compaction Pause) 511M->511M(512M) 404.529ms
[2022-03-28T18:03:23.920+0800][259.641s] GC(90) User=2.83s Sys=0.00s Real=0.41s
[2022-03-28T18:03:23.920+0800][259.641s] GC(85) Concurrent Mark Abort
[2022-03-28T18:03:23.920+0800][259.641s] GC(85) Concurrent Mark Cycle 1457.005ms
[2022-03-28T18:03:23.920+0800][259.641s] GC(91) Pause Young (Normal) (G1 Evacuation Pause)
[2022-03-28T18:03:23.920+0800][259.641s] GC(91) Using 8 workers of 8 for evacuation
[2022-03-28T18:03:23.922+0800][259.641s] GC(91)   Pre Evacuate Collection Set: 0.1ms
[2022-03-28T18:03:23.922+0800][259.642s] GC(91)   Merge Heap Roots: 0.0ms
[2022-03-28T18:03:23.922+0800][259.642s] GC(91)   Evacuate Collection Set: 0.2ms
[2022-03-28T18:03:23.922+0800][259.642s] GC(91)   Post Evacuate Collection Set: 0.2ms
[2022-03-28T18:03:23.922+0800][259.642s] GC(91)   Other: 0.1ms
[2022-03-28T18:03:23.922+0800][259.642s] GC(91) Eden regions: 0->0(25)
[2022-03-28T18:03:23.922+0800][259.642s] GC(91) Survivor regions: 0->0(0)
[2022-03-28T18:03:23.922+0800][259.642s] GC(91) Old regions: 466->466
[2022-03-28T18:03:23.922+0800][259.642s] GC(91) Archive regions: 0->0
[2022-03-28T18:03:23.922+0800][259.642s] GC(91) Humongous regions: 46->46
[2022-03-28T18:03:23.922+0800][259.642s] GC(91) Metaspace: 50009K(50304K)->50009K(50304K) NonClass: 44045K(44224K)->44045K(44224K) Class: 5964K(6080K)->5964K(6080K)
[2022-03-28T18:03:23.922+0800][259.642s] GC(91) Pause Young (Normal) (G1 Evacuation Pause) 511M->511M(512M) 0.809ms
[2022-03-28T18:03:23.922+0800][259.642s] GC(91) User=0.00s Sys=0.00s Real=0.00s
[2022-03-28T18:03:23.922+0800][259.642s] Attempting full compaction
[2022-03-28T18:03:23.922+0800][259.642s] GC(92) Using 8 workers of 8 for full compaction
[2022-03-28T18:03:23.922+0800][259.642s] GC(92) Pause Full (G1 Compaction Pause)
[2022-03-28T18:03:23.922+0800][259.642s] GC(92) Phase 1: Mark live objects
[2022-03-28T18:03:24.197+0800][259.917s] GC(92) Phase 1: Mark live objects 274.665ms
[2022-03-28T18:03:24.197+0800][259.917s] GC(92) Phase 2: Prepare for compaction
[2022-03-28T18:03:24.198+0800][259.917s] GC(92) Phase 2: Prepare for compaction 0.620ms
[2022-03-28T18:03:24.198+0800][259.917s] GC(92) Phase 3: Adjust pointers
[2022-03-28T18:03:24.255+0800][259.975s] GC(92) Phase 3: Adjust pointers 57.749ms
[2022-03-28T18:03:24.255+0800][259.975s] GC(92) Phase 4: Compact heap
[2022-03-28T18:03:24.255+0800][259.975s] GC(92) Phase 4: Compact heap 0.225ms
[2022-03-28T18:03:24.262+0800][259.982s] GC(92) Eden regions: 0->0(25)
[2022-03-28T18:03:24.262+0800][259.982s] GC(92) Survivor regions: 0->0(0)
[2022-03-28T18:03:24.262+0800][259.982s] GC(92) Old regions: 466->466
[2022-03-28T18:03:24.262+0800][259.982s] GC(92) Archive regions: 0->0
[2022-03-28T18:03:24.262+0800][259.982s] GC(92) Humongous regions: 46->46
[2022-03-28T18:03:24.262+0800][259.982s] GC(92) Metaspace: 50009K(50304K)->50009K(50304K) NonClass: 44045K(44224K)->44045K(44224K) Class: 5964K(6080K)->5964K(6080K)
[2022-03-28T18:03:24.262+0800][259.982s] GC(92) Pause Full (G1 Compaction Pause) 511M->511M(512M) 339.805ms
[2022-03-28T18:03:24.262+0800][259.982s] GC(92) User=2.50s Sys=0.00s Real=0.34s
[2022-03-28T18:03:24.262+0800][259.982s] Attempting maximum full compaction clearing soft references
[2022-03-28T18:03:24.262+0800][259.982s] GC(93) Using 8 workers of 8 for full compaction
[2022-03-28T18:03:24.262+0800][259.983s] GC(93) Pause Full (G1 Compaction Pause)
[2022-03-28T18:03:24.263+0800][259.983s] GC(93) Phase 1: Mark live objects
[2022-03-28T18:03:24.504+0800][260.223s] GC(93) Phase 1: Mark live objects 240.679ms
[2022-03-28T18:03:24.504+0800][260.223s] GC(93) Phase 2: Prepare for compaction
[2022-03-28T18:03:24.557+0800][260.277s] GC(93) Phase 2: Prepare for compaction 53.670ms
[2022-03-28T18:03:24.558+0800][260.277s] GC(93) Phase 3: Adjust pointers
[2022-03-28T18:03:24.628+0800][260.348s] GC(93) Phase 3: Adjust pointers 70.335ms
[2022-03-28T18:03:24.628+0800][260.348s] GC(93) Phase 4: Compact heap
[2022-03-28T18:03:24.673+0800][260.393s] GC(93) Phase 4: Compact heap 45.765ms
[2022-03-28T18:03:24.677+0800][260.398s] GC(93) Eden regions: 0->0(25)
[2022-03-28T18:03:24.677+0800][260.398s] GC(93) Survivor regions: 0->0(0)
[2022-03-28T18:03:24.677+0800][260.398s] GC(93) Old regions: 466->466
[2022-03-28T18:03:24.677+0800][260.398s] GC(93) Archive regions: 0->0
[2022-03-28T18:03:24.677+0800][260.398s] GC(93) Humongous regions: 46->46
[2022-03-28T18:03:24.677+0800][260.398s] GC(93) Metaspace: 50009K(50304K)->50009K(50304K) NonClass: 44045K(44224K)->44045K(44224K) Class: 5964K(6080K)->5964K(6080K)
[2022-03-28T18:03:24.678+0800][260.398s] GC(93) Pause Full (G1 Compaction Pause) 511M->511M(512M) 415.288ms
[2022-03-28T18:03:24.679+0800][260.398s] GC(93) User=2.78s Sys=0.00s Real=0.42s
[2022-03-28T18:03:24.679+0800][260.399s] GC(94) Pause Young (Concurrent Start) (G1 Evacuation Pause)
[2022-03-28T18:03:24.679+0800][260.399s] GC(94) Using 8 workers of 8 for evacuation
[2022-03-28T18:03:24.679+0800][260.400s] GC(94)   Pre Evacuate Collection Set: 0.1ms
[2022-03-28T18:03:24.679+0800][260.400s] GC(94)   Merge Heap Roots: 0.0ms
[2022-03-28T18:03:24.679+0800][260.400s] GC(94)   Evacuate Collection Set: 0.5ms
[2022-03-28T18:03:24.679+0800][260.400s] GC(94)   Post Evacuate Collection Set: 0.2ms
[2022-03-28T18:03:24.679+0800][260.400s] GC(94)   Other: 0.2ms
[2022-03-28T18:03:24.679+0800][260.400s] GC(94) Eden regions: 0->0(25)
[2022-03-28T18:03:24.679+0800][260.400s] GC(94) Survivor regions: 0->0(0)
[2022-03-28T18:03:24.679+0800][260.400s] GC(94) Old regions: 466->466
[2022-03-28T18:03:24.679+0800][260.400s] GC(94) Archive regions: 0->0
[2022-03-28T18:03:24.679+0800][260.400s] GC(94) Humongous regions: 46->46
[2022-03-28T18:03:24.679+0800][260.400s] GC(94) Metaspace: 50009K(50304K)->50009K(50304K) NonClass: 44045K(44224K)->44045K(44224K) Class: 5964K(6080K)->5964K(6080K)
[2022-03-28T18:03:24.679+0800][260.400s] GC(94) Pause Young (Concurrent Start) (G1 Evacuation Pause) 511M->511M(512M) 1.118ms
[2022-03-28T18:03:24.679+0800][260.400s] GC(94) User=0.00s Sys=0.00s Real=0.00s
[2022-03-28T18:03:24.679+0800][260.400s] Attempting full compaction
[2022-03-28T18:03:24.679+0800][260.400s] GC(95) Using 8 workers of 8 for full compaction
[2022-03-28T18:03:24.679+0800][260.400s] GC(96) Concurrent Mark Cycle
[2022-03-28T18:03:24.679+0800][260.400s] GC(96) Concurrent Clear Claimed Marks
[2022-03-28T18:03:24.680+0800][260.400s] GC(96) Concurrent Clear Claimed Marks 0.075ms
[2022-03-28T18:03:24.680+0800][260.400s] GC(96) Concurrent Scan Root Regions
[2022-03-28T18:03:24.680+0800][260.400s] GC(96) Concurrent Scan Root Regions 0.013ms
[2022-03-28T18:03:24.680+0800][260.400s] GC(95) Pause Full (G1 Compaction Pause)
[2022-03-28T18:03:24.680+0800][260.400s] GC(96) Concurrent Mark
[2022-03-28T18:03:24.680+0800][260.400s] GC(96) Concurrent Mark From Roots
[2022-03-28T18:03:24.680+0800][260.400s] GC(96) Using 2 workers of 2 for marking
[2022-03-28T18:03:24.680+0800][260.400s] GC(95) Phase 1: Mark live objects
[2022-03-28T18:03:24.906+0800][260.626s] GC(95) Phase 1: Mark live objects 225.340ms
[2022-03-28T18:03:24.906+0800][260.626s] GC(95) Phase 2: Prepare for compaction
[2022-03-28T18:03:24.907+0800][260.626s] GC(95) Phase 2: Prepare for compaction 0.578ms
[2022-03-28T18:03:24.907+0800][260.626s] GC(95) Phase 3: Adjust pointers
[2022-03-28T18:03:24.959+0800][260.678s] GC(95) Phase 3: Adjust pointers 52.080ms
[2022-03-28T18:03:24.959+0800][260.678s] GC(95) Phase 4: Compact heap
[2022-03-28T18:03:24.959+0800][260.678s] GC(95) Phase 4: Compact heap 0.169ms
[2022-03-28T18:03:24.964+0800][260.684s] GC(95) Eden regions: 0->0(25)
[2022-03-28T18:03:24.964+0800][260.684s] GC(95) Survivor regions: 0->0(0)
[2022-03-28T18:03:24.964+0800][260.684s] GC(95) Old regions: 466->466
[2022-03-28T18:03:24.964+0800][260.684s] GC(95) Archive regions: 0->0
[2022-03-28T18:03:24.964+0800][260.684s] GC(95) Humongous regions: 46->46
[2022-03-28T18:03:24.964+0800][260.684s] GC(95) Metaspace: 50009K(50304K)->50009K(50304K) NonClass: 44045K(44224K)->44045K(44224K) Class: 5964K(6080K)->5964K(6080K)
[2022-03-28T18:03:24.964+0800][260.684s] GC(95) Pause Full (G1 Compaction Pause) 511M->511M(512M) 284.079ms
[2022-03-28T18:03:24.965+0800][260.684s] GC(95) User=2.11s Sys=0.02s Real=0.29s
[2022-03-28T18:03:24.965+0800][260.685s] Attempting maximum full compaction clearing soft references
[2022-03-28T18:03:24.965+0800][260.685s] GC(97) Using 8 workers of 8 for full compaction
[2022-03-28T18:03:24.965+0800][260.685s] GC(97) Pause Full (G1 Compaction Pause)
[2022-03-28T18:03:24.965+0800][260.685s] GC(97) Phase 1: Mark live objects
[2022-03-28T18:03:25.223+0800][260.943s] GC(97) Phase 1: Mark live objects 257.978ms
[2022-03-28T18:03:25.223+0800][260.943s] GC(97) Phase 2: Prepare for compaction
[2022-03-28T18:03:25.275+0800][260.995s] GC(97) Phase 2: Prepare for compaction 51.817ms
[2022-03-28T18:03:25.275+0800][260.995s] GC(97) Phase 3: Adjust pointers
[2022-03-28T18:03:25.359+0800][261.078s] GC(97) Phase 3: Adjust pointers 83.403ms
[2022-03-28T18:03:25.359+0800][261.079s] GC(97) Phase 4: Compact heap
[2022-03-28T18:03:25.413+0800][261.133s] GC(97) Phase 4: Compact heap 54.005ms
[2022-03-28T18:03:25.417+0800][261.137s] GC(97) Eden regions: 0->0(25)
[2022-03-28T18:03:25.417+0800][261.137s] GC(97) Survivor regions: 0->0(0)
[2022-03-28T18:03:25.417+0800][261.137s] GC(97) Old regions: 466->466
[2022-03-28T18:03:25.417+0800][261.137s] GC(97) Archive regions: 0->0
[2022-03-28T18:03:25.417+0800][261.137s] GC(97) Humongous regions: 46->46
[2022-03-28T18:03:25.417+0800][261.137s] GC(97) Metaspace: 50009K(50304K)->50009K(50304K) NonClass: 44045K(44224K)->44045K(44224K) Class: 5964K(6080K)->5964K(6080K)
[2022-03-28T18:03:25.417+0800][261.137s] GC(97) Pause Full (G1 Compaction Pause) 511M->511M(512M) 452.639ms
[2022-03-28T18:03:25.418+0800][261.138s] GC(97) User=3.17s Sys=0.00s Real=0.45s
[2022-03-28T18:03:25.418+0800][261.138s] GC(96) Concurrent Mark From Roots 737.909ms
[2022-03-28T18:03:25.418+0800][261.138s] GC(98) Pause Young (Normal) (G1 Evacuation Pause)
[2022-03-28T18:03:25.418+0800][261.138s] GC(98) Using 8 workers of 8 for evacuation
[2022-03-28T18:03:25.419+0800][261.139s] GC(98)   Pre Evacuate Collection Set: 0.1ms
[2022-03-28T18:03:25.419+0800][261.139s] GC(98)   Merge Heap Roots: 0.0ms
[2022-03-28T18:03:25.419+0800][261.139s] GC(98)   Evacuate Collection Set: 0.3ms
[2022-03-28T18:03:25.419+0800][261.139s] GC(98)   Post Evacuate Collection Set: 0.5ms
[2022-03-28T18:03:25.420+0800][261.139s] GC(98)   Other: 0.1ms
[2022-03-28T18:03:25.420+0800][261.139s] GC(98) Eden regions: 0->0(25)
[2022-03-28T18:03:25.420+0800][261.139s] GC(98) Survivor regions: 0->0(0)
[2022-03-28T18:03:25.420+0800][261.139s] GC(98) Old regions: 466->466
[2022-03-28T18:03:25.420+0800][261.139s] GC(98) Archive regions: 0->0
[2022-03-28T18:03:25.420+0800][261.139s] GC(98) Humongous regions: 46->46
[2022-03-28T18:03:25.420+0800][261.139s] GC(98) Metaspace: 50009K(50304K)->50009K(50304K) NonClass: 44045K(44224K)->44045K(44224K) Class: 5964K(6080K)->5964K(6080K)
[2022-03-28T18:03:25.420+0800][261.139s] GC(98) Pause Young (Normal) (G1 Evacuation Pause) 511M->511M(512M) 1.469ms
[2022-03-28T18:03:25.420+0800][261.140s] GC(98) User=0.00s Sys=0.00s Real=0.00s
[2022-03-28T18:03:25.420+0800][261.140s] Attempting full compaction
[2022-03-28T18:03:25.420+0800][261.140s] GC(99) Using 8 workers of 8 for full compaction
[2022-03-28T18:03:25.420+0800][261.140s] GC(99) Pause Full (G1 Compaction Pause)
[2022-03-28T18:03:25.420+0800][261.140s] GC(99) Phase 1: Mark live objects
[2022-03-28T18:03:25.662+0800][261.382s] GC(99) Phase 1: Mark live objects 241.666ms
[2022-03-28T18:03:25.662+0800][261.382s] GC(99) Phase 2: Prepare for compaction
[2022-03-28T18:03:25.669+0800][261.389s] GC(99) Phase 2: Prepare for compaction 6.917ms
[2022-03-28T18:03:25.669+0800][261.389s] GC(99) Phase 3: Adjust pointers
[2022-03-28T18:03:25.723+0800][261.443s] GC(99) Phase 3: Adjust pointers 53.857ms
[2022-03-28T18:03:25.723+0800][261.443s] GC(99) Phase 4: Compact heap
[2022-03-28T18:03:25.729+0800][261.449s] GC(99) Phase 4: Compact heap 6.117ms
[2022-03-28T18:03:25.735+0800][261.455s] GC(99) Eden regions: 0->0(25)
[2022-03-28T18:03:25.735+0800][261.455s] GC(99) Survivor regions: 0->0(0)
[2022-03-28T18:03:25.735+0800][261.455s] GC(99) Old regions: 466->429
[2022-03-28T18:03:25.735+0800][261.455s] GC(99) Archive regions: 0->0
[2022-03-28T18:03:25.736+0800][261.455s] GC(99) Humongous regions: 46->36
[2022-03-28T18:03:25.736+0800][261.455s] GC(99) Metaspace: 50009K(50304K)->50009K(50304K) NonClass: 44045K(44224K)->44045K(44224K) Class: 5964K(6080K)->5964K(6080K)
[2022-03-28T18:03:25.736+0800][261.455s] GC(99) Pause Full (G1 Compaction Pause) 511M->459M(512M) 315.119ms
[2022-03-28T18:03:25.736+0800][261.455s] GC(99) User=2.41s Sys=0.00s Real=0.32s
[2022-03-28T18:03:25.736+0800][261.456s] GC(96) Concurrent Mark Abort
[2022-03-28T18:03:25.736+0800][261.456s] GC(96) Concurrent Mark Cycle 1055.953ms
[2022-03-28T18:03:25.835+0800][261.554s] GC(100) Pause Young (Concurrent Start) (G1 Humongous Allocation)
[2022-03-28T18:03:25.835+0800][261.554s] GC(100) Using 8 workers of 8 for evacuation
[2022-03-28T18:03:25.847+0800][261.567s] GC(100)   Pre Evacuate Collection Set: 0.1ms
[2022-03-28T18:03:25.847+0800][261.567s] GC(100)   Merge Heap Roots: 0.2ms
[2022-03-28T18:03:25.847+0800][261.567s] GC(100)   Evacuate Collection Set: 11.7ms
[2022-03-28T18:03:25.847+0800][261.567s] GC(100)   Post Evacuate Collection Set: 0.4ms
[2022-03-28T18:03:25.847+0800][261.567s] GC(100)   Other: 0.3ms
[2022-03-28T18:03:25.847+0800][261.567s] GC(100) Eden regions: 24->0(21)
[2022-03-28T18:03:25.847+0800][261.567s] GC(100) Survivor regions: 0->4(4)
[2022-03-28T18:03:25.847+0800][261.567s] GC(100) Old regions: 429->437
[2022-03-28T18:03:25.847+0800][261.567s] GC(100) Archive regions: 0->0
[2022-03-28T18:03:25.847+0800][261.567s] GC(100) Humongous regions: 36->36
[2022-03-28T18:03:25.848+0800][261.567s] GC(100) Metaspace: 50154K(50496K)->50154K(50496K) NonClass: 44165K(44352K)->44165K(44352K) Class: 5988K(6144K)->5988K(6144K)
[2022-03-28T18:03:25.848+0800][261.567s] GC(100) Pause Young (Concurrent Start) (G1 Humongous Allocation) 483M->471M(512M) 12.995ms
[2022-03-28T18:03:25.848+0800][261.567s] GC(100) User=0.12s Sys=0.00s Real=0.01s
[2022-03-28T18:03:25.848+0800][261.567s] GC(101) Concurrent Mark Cycle
[2022-03-28T18:03:25.848+0800][261.568s] GC(101) Concurrent Clear Claimed Marks
[2022-03-28T18:03:25.848+0800][261.568s] GC(101) Concurrent Clear Claimed Marks 0.052ms
[2022-03-28T18:03:25.848+0800][261.568s] GC(101) Concurrent Scan Root Regions
[2022-03-28T18:03:25.856+0800][261.575s] GC(101) Concurrent Scan Root Regions 7.846ms
[2022-03-28T18:03:25.856+0800][261.576s] GC(101) Concurrent Mark
[2022-03-28T18:03:25.856+0800][261.576s] GC(101) Concurrent Mark From Roots
[2022-03-28T18:03:25.856+0800][261.576s] GC(101) Using 2 workers of 2 for marking
[2022-03-28T18:03:25.953+0800][261.673s] GC(102) Pause Young (Normal) (G1 Evacuation Pause)
[2022-03-28T18:03:25.953+0800][261.673s] GC(102) Using 8 workers of 8 for evacuation
[2022-03-28T18:03:25.974+0800][261.694s] GC(102) To-space exhausted
[2022-03-28T18:03:25.974+0800][261.694s] GC(102)   Pre Evacuate Collection Set: 0.1ms
[2022-03-28T18:03:25.974+0800][261.694s] GC(102)   Merge Heap Roots: 0.2ms
[2022-03-28T18:03:25.974+0800][261.694s] GC(102)   Evacuate Collection Set: 14.7ms
[2022-03-28T18:03:25.974+0800][261.694s] GC(102)   Post Evacuate Collection Set: 5.8ms
[2022-03-28T18:03:25.974+0800][261.694s] GC(102)   Other: 0.3ms
[2022-03-28T18:03:25.974+0800][261.694s] GC(102) Eden regions: 21->0(21)
[2022-03-28T18:03:25.974+0800][261.694s] GC(102) Survivor regions: 4->4(4)
[2022-03-28T18:03:25.974+0800][261.694s] GC(102) Old regions: 437->469
[2022-03-28T18:03:25.974+0800][261.694s] GC(102) Archive regions: 0->0
[2022-03-28T18:03:25.974+0800][261.694s] GC(102) Humongous regions: 39->39
[2022-03-28T18:03:25.975+0800][261.694s] GC(102) Metaspace: 50154K(50496K)->50154K(50496K) NonClass: 44165K(44352K)->44165K(44352K) Class: 5988K(6144K)->5988K(6144K)
[2022-03-28T18:03:25.975+0800][261.694s] GC(102) Pause Young (Normal) (G1 Evacuation Pause) 495M->506M(512M) 21.227ms
[2022-03-28T18:03:25.975+0800][261.694s] GC(102) User=0.12s Sys=0.00s Real=0.02s
[2022-03-28T18:03:25.975+0800][261.694s] Attempting full compaction
[2022-03-28T18:03:25.975+0800][261.694s] GC(103) Using 8 workers of 8 for full compaction
[2022-03-28T18:03:25.975+0800][261.694s] GC(103) Pause Full (G1 Compaction Pause)
[2022-03-28T18:03:25.975+0800][261.695s] GC(103) Phase 1: Mark live objects
[2022-03-28T18:03:26.249+0800][261.969s] GC(103) Phase 1: Mark live objects 274.221ms
[2022-03-28T18:03:26.250+0800][261.969s] GC(103) Phase 2: Prepare for compaction
[2022-03-28T18:03:26.250+0800][261.971s] GC(103) Phase 2: Prepare for compaction 1.852ms
[2022-03-28T18:03:26.250+0800][261.971s] GC(103) Phase 3: Adjust pointers
[2022-03-28T18:03:26.305+0800][262.024s] GC(103) Phase 3: Adjust pointers 53.190ms
[2022-03-28T18:03:26.305+0800][262.024s] GC(103) Phase 4: Compact heap
[2022-03-28T18:03:26.305+0800][262.026s] GC(103) Phase 4: Compact heap 1.350ms
[2022-03-28T18:03:26.312+0800][262.032s] GC(103) Eden regions: 0->0(25)
[2022-03-28T18:03:26.312+0800][262.032s] GC(103) Survivor regions: 4->0(4)
[2022-03-28T18:03:26.312+0800][262.032s] GC(103) Old regions: 469->450
[2022-03-28T18:03:26.312+0800][262.032s] GC(103) Archive regions: 0->0
[2022-03-28T18:03:26.312+0800][262.032s] GC(103) Humongous regions: 39->37
[2022-03-28T18:03:26.312+0800][262.032s] GC(103) Metaspace: 50154K(50496K)->50154K(50496K) NonClass: 44165K(44352K)->44165K(44352K) Class: 5988K(6144K)->5988K(6144K)
[2022-03-28T18:03:26.312+0800][262.032s] GC(103) Pause Full (G1 Compaction Pause) 506M->483M(512M) 337.737ms
[2022-03-28T18:03:26.312+0800][262.033s] GC(103) User=2.48s Sys=0.00s Real=0.34s
[2022-03-28T18:03:26.312+0800][262.033s] GC(101) Concurrent Mark From Roots 457.160ms
[2022-03-28T18:03:26.313+0800][262.033s] GC(101) Concurrent Mark Abort
[2022-03-28T18:03:26.313+0800][262.033s] GC(101) Concurrent Mark Cycle 465.296ms
[2022-03-28T18:03:26.341+0800][262.061s] GC(104) Pause Young (Normal) (G1 Preventive Collection)
[2022-03-28T18:03:26.341+0800][262.061s] GC(104) Using 8 workers of 8 for evacuation
[2022-03-28T18:03:26.358+0800][262.077s] GC(104) To-space exhausted
[2022-03-28T18:03:26.358+0800][262.077s] GC(104)   Pre Evacuate Collection Set: 0.1ms
[2022-03-28T18:03:26.358+0800][262.077s] GC(104)   Merge Heap Roots: 0.1ms
[2022-03-28T18:03:26.358+0800][262.077s] GC(104)   Evacuate Collection Set: 12.5ms
[2022-03-28T18:03:26.358+0800][262.077s] GC(104)   Post Evacuate Collection Set: 3.5ms
[2022-03-28T18:03:26.358+0800][262.077s] GC(104)   Other: 0.2ms
[2022-03-28T18:03:26.358+0800][262.077s] GC(104) Eden regions: 17->0(21)
[2022-03-28T18:03:26.358+0800][262.077s] GC(104) Survivor regions: 0->4(4)
[2022-03-28T18:03:26.358+0800][262.077s] GC(104) Old regions: 450->471
[2022-03-28T18:03:26.358+0800][262.077s] GC(104) Archive regions: 0->0
[2022-03-28T18:03:26.358+0800][262.077s] GC(104) Humongous regions: 37->37
[2022-03-28T18:03:26.358+0800][262.077s] GC(104) Metaspace: 50154K(50496K)->50154K(50496K) NonClass: 44165K(44352K)->44165K(44352K) Class: 5988K(6144K)->5988K(6144K)
[2022-03-28T18:03:26.358+0800][262.077s] GC(104) Pause Young (Normal) (G1 Preventive Collection) 500M->508M(512M) 16.644ms
[2022-03-28T18:03:26.358+0800][262.078s] GC(104) User=0.11s Sys=0.00s Real=0.02s
[2022-03-28T18:03:26.358+0800][262.078s] Attempting full compaction
[2022-03-28T18:03:26.358+0800][262.078s] GC(105) Using 8 workers of 8 for full compaction
[2022-03-28T18:03:26.358+0800][262.078s] GC(105) Pause Full (G1 Compaction Pause)
[2022-03-28T18:03:26.358+0800][262.078s] GC(105) Phase 1: Mark live objects
[2022-03-28T18:03:26.585+0800][262.305s] GC(105) Phase 1: Mark live objects 227.095ms
[2022-03-28T18:03:26.585+0800][262.305s] GC(105) Phase 2: Prepare for compaction
[2022-03-28T18:03:26.587+0800][262.307s] GC(105) Phase 2: Prepare for compaction 1.632ms
[2022-03-28T18:03:26.587+0800][262.307s] GC(105) Phase 3: Adjust pointers
[2022-03-28T18:03:26.641+0800][262.360s] GC(105) Phase 3: Adjust pointers 53.525ms
[2022-03-28T18:03:26.641+0800][262.360s] GC(105) Phase 4: Compact heap
[2022-03-28T18:03:26.642+0800][262.361s] GC(105) Phase 4: Compact heap 0.903ms
[2022-03-28T18:03:26.647+0800][262.367s] GC(105) Eden regions: 0->0(25)
[2022-03-28T18:03:26.647+0800][262.367s] GC(105) Survivor regions: 4->0(4)
[2022-03-28T18:03:26.647+0800][262.367s] GC(105) Old regions: 471->463
[2022-03-28T18:03:26.647+0800][262.367s] GC(105) Archive regions: 0->0
[2022-03-28T18:03:26.647+0800][262.367s] GC(105) Humongous regions: 37->37
[2022-03-28T18:03:26.647+0800][262.367s] GC(105) Metaspace: 50154K(50496K)->50154K(50496K) NonClass: 44165K(44352K)->44165K(44352K) Class: 5988K(6144K)->5988K(6144K)
[2022-03-28T18:03:26.647+0800][262.367s] GC(105) Pause Full (G1 Compaction Pause) 508M->493M(512M) 289.371ms
[2022-03-28T18:03:26.648+0800][262.368s] GC(105) User=2.02s Sys=0.02s Real=0.29s
[2022-03-28T18:03:26.663+0800][262.383s] GC(106) Pause Young (Concurrent Start) (G1 Preventive Collection)
[2022-03-28T18:03:26.663+0800][262.383s] GC(106) Using 8 workers of 8 for evacuation
[2022-03-28T18:03:26.673+0800][262.393s] GC(106) To-space exhausted
[2022-03-28T18:03:26.673+0800][262.393s] GC(106)   Pre Evacuate Collection Set: 0.1ms
[2022-03-28T18:03:26.673+0800][262.393s] GC(106)   Merge Heap Roots: 0.1ms
[2022-03-28T18:03:26.673+0800][262.393s] GC(106)   Evacuate Collection Set: 7.6ms
[2022-03-28T18:03:26.673+0800][262.393s] GC(106)   Post Evacuate Collection Set: 2.1ms
[2022-03-28T18:03:26.673+0800][262.393s] GC(106)   Other: 0.3ms
[2022-03-28T18:03:26.673+0800][262.393s] GC(106) Eden regions: 8->0(21)
[2022-03-28T18:03:26.673+0800][262.393s] GC(106) Survivor regions: 0->4(4)
[2022-03-28T18:03:26.673+0800][262.393s] GC(106) Old regions: 463->471
[2022-03-28T18:03:26.673+0800][262.393s] GC(106) Archive regions: 0->0
[2022-03-28T18:03:26.673+0800][262.393s] GC(106) Humongous regions: 37->37
[2022-03-28T18:03:26.673+0800][262.393s] GC(106) Metaspace: 50154K(50496K)->50154K(50496K) NonClass: 44165K(44352K)->44165K(44352K) Class: 5988K(6144K)->5988K(6144K)
[2022-03-28T18:03:26.673+0800][262.393s] GC(106) Pause Young (Concurrent Start) (G1 Preventive Collection) 501M->505M(512M) 10.246ms
[2022-03-28T18:03:26.673+0800][262.393s] GC(106) User=0.09s Sys=0.00s Real=0.01s
[2022-03-28T18:03:26.673+0800][262.393s] Attempting full compaction
[2022-03-28T18:03:26.673+0800][262.393s] GC(107) Concurrent Mark Cycle
[2022-03-28T18:03:26.673+0800][262.393s] GC(108) Using 8 workers of 8 for full compaction
[2022-03-28T18:03:26.673+0800][262.393s] GC(107) Concurrent Clear Claimed Marks
[2022-03-28T18:03:26.673+0800][262.393s] GC(107) Concurrent Clear Claimed Marks 0.059ms
[2022-03-28T18:03:26.673+0800][262.393s] GC(107) Concurrent Scan Root Regions
[2022-03-28T18:03:26.673+0800][262.393s] GC(108) Pause Full (G1 Compaction Pause)
[2022-03-28T18:03:26.674+0800][262.394s] GC(107) Concurrent Scan Root Regions 0.803ms
[2022-03-28T18:03:26.674+0800][262.394s] GC(107) Concurrent Mark
[2022-03-28T18:03:26.674+0800][262.394s] GC(107) Concurrent Mark From Roots
[2022-03-28T18:03:26.674+0800][262.394s] GC(107) Using 2 workers of 2 for marking
[2022-03-28T18:03:26.674+0800][262.394s] GC(108) Phase 1: Mark live objects
[2022-03-28T18:03:26.904+0800][262.624s] GC(108) Phase 1: Mark live objects 229.666ms
[2022-03-28T18:03:26.904+0800][262.624s] GC(108) Phase 2: Prepare for compaction
[2022-03-28T18:03:26.906+0800][262.625s] GC(108) Phase 2: Prepare for compaction 1.336ms
[2022-03-28T18:03:26.906+0800][262.625s] GC(108) Phase 3: Adjust pointers
[2022-03-28T18:03:26.962+0800][262.682s] GC(108) Phase 3: Adjust pointers 56.402ms
[2022-03-28T18:03:26.962+0800][262.682s] GC(108) Phase 4: Compact heap
[2022-03-28T18:03:26.963+0800][262.683s] GC(108) Phase 4: Compact heap 0.777ms
[2022-03-28T18:03:26.968+0800][262.688s] GC(108) Eden regions: 0->0(25)
[2022-03-28T18:03:26.968+0800][262.688s] GC(108) Survivor regions: 4->0(4)
[2022-03-28T18:03:26.968+0800][262.688s] GC(108) Old regions: 471->466
[2022-03-28T18:03:26.968+0800][262.688s] GC(108) Archive regions: 0->0
[2022-03-28T18:03:26.968+0800][262.688s] GC(108) Humongous regions: 37->37
[2022-03-28T18:03:26.968+0800][262.688s] GC(108) Metaspace: 50154K(50496K)->50154K(50496K) NonClass: 44165K(44352K)->44165K(44352K) Class: 5988K(6144K)->5988K(6144K)
[2022-03-28T18:03:26.968+0800][262.688s] GC(108) Pause Full (G1 Compaction Pause) 505M->498M(512M) 294.805ms
[2022-03-28T18:03:26.968+0800][262.688s] GC(108) User=1.92s Sys=0.02s Real=0.29s
[2022-03-28T18:03:26.968+0800][262.689s] GC(107) Concurrent Mark From Roots 294.512ms
[2022-03-28T18:03:26.968+0800][262.689s] GC(107) Concurrent Mark Abort
[2022-03-28T18:03:26.968+0800][262.689s] GC(107) Concurrent Mark Cycle 295.607ms
[2022-03-28T18:03:26.995+0800][262.715s] GC(109) Pause Young (Normal) (G1 Preventive Collection)
[2022-03-28T18:03:26.995+0800][262.715s] GC(109) Using 8 workers of 8 for evacuation
[2022-03-28T18:03:26.998+0800][262.718s] GC(109)   Pre Evacuate Collection Set: 0.1ms
[2022-03-28T18:03:26.998+0800][262.718s] GC(109)   Merge Heap Roots: 0.1ms
[2022-03-28T18:03:26.998+0800][262.718s] GC(109)   Evacuate Collection Set: 2.8ms
[2022-03-28T18:03:26.998+0800][262.718s] GC(109)   Post Evacuate Collection Set: 0.3ms
[2022-03-28T18:03:26.998+0800][262.718s] GC(109)   Other: 0.2ms
[2022-03-28T18:03:26.998+0800][262.719s] GC(109) Eden regions: 5->0(22)
[2022-03-28T18:03:26.998+0800][262.719s] GC(109) Survivor regions: 0->3(4)
[2022-03-28T18:03:26.998+0800][262.719s] GC(109) Old regions: 466->466
[2022-03-28T18:03:26.998+0800][262.719s] GC(109) Archive regions: 0->0
[2022-03-28T18:03:26.998+0800][262.719s] GC(109) Humongous regions: 37->37
[2022-03-28T18:03:26.998+0800][262.719s] GC(109) Metaspace: 50173K(50496K)->50173K(50496K) NonClass: 44185K(44352K)->44185K(44352K) Class: 5988K(6144K)->5988K(6144K)
[2022-03-28T18:03:26.998+0800][262.719s] GC(109) Pause Young (Normal) (G1 Preventive Collection) 503M->500M(512M) 3.760ms
[2022-03-28T18:03:26.999+0800][262.719s] GC(109) User=0.00s Sys=0.00s Real=0.00s
[2022-03-28T18:03:27.040+0800][262.760s] GC(110) Pause Young (Concurrent Start) (G1 Preventive Collection)
[2022-03-28T18:03:27.040+0800][262.760s] GC(110) Using 8 workers of 8 for evacuation
[2022-03-28T18:03:27.044+0800][262.764s] GC(110) To-space exhausted
[2022-03-28T18:03:27.044+0800][262.765s] GC(110)   Pre Evacuate Collection Set: 0.1ms
[2022-03-28T18:03:27.044+0800][262.765s] GC(110)   Merge Heap Roots: 0.1ms
[2022-03-28T18:03:27.044+0800][262.765s] GC(110)   Evacuate Collection Set: 3.1ms
[2022-03-28T18:03:27.044+0800][262.765s] GC(110)   Post Evacuate Collection Set: 1.3ms
[2022-03-28T18:03:27.044+0800][262.765s] GC(110)   Other: 0.3ms
[2022-03-28T18:03:27.044+0800][262.765s] GC(110) Eden regions: 3->0(24)
[2022-03-28T18:03:27.044+0800][262.765s] GC(110) Survivor regions: 3->1(3)
[2022-03-28T18:03:27.044+0800][262.765s] GC(110) Old regions: 466->471
[2022-03-28T18:03:27.044+0800][262.765s] GC(110) Archive regions: 0->0
[2022-03-28T18:03:27.044+0800][262.765s] GC(110) Humongous regions: 37->37
[2022-03-28T18:03:27.044+0800][262.765s] GC(110) Metaspace: 50173K(50496K)->50173K(50496K) NonClass: 44185K(44352K)->44185K(44352K) Class: 5988K(6144K)->5988K(6144K)
[2022-03-28T18:03:27.044+0800][262.765s] GC(110) Pause Young (Concurrent Start) (G1 Preventive Collection) 503M->503M(512M) 5.224ms
[2022-03-28T18:03:27.045+0800][262.765s] GC(110) User=0.12s Sys=0.00s Real=0.01s
[2022-03-28T18:03:27.045+0800][262.765s] GC(111) Concurrent Mark Cycle
[2022-03-28T18:03:27.045+0800][262.765s] GC(111) Concurrent Clear Claimed Marks
[2022-03-28T18:03:27.045+0800][262.765s] GC(111) Concurrent Clear Claimed Marks 0.045ms
[2022-03-28T18:03:27.045+0800][262.765s] GC(111) Concurrent Scan Root Regions
[2022-03-28T18:03:27.047+0800][262.767s] GC(111) Concurrent Scan Root Regions 1.715ms
[2022-03-28T18:03:27.047+0800][262.767s] GC(111) Concurrent Mark
[2022-03-28T18:03:27.047+0800][262.767s] GC(111) Concurrent Mark From Roots
[2022-03-28T18:03:27.047+0800][262.767s] GC(111) Using 2 workers of 2 for marking
[2022-03-28T18:03:27.073+0800][262.793s] GC(112) Pause Young (Normal) (G1 Preventive Collection)
[2022-03-28T18:03:27.073+0800][262.793s] GC(112) Using 8 workers of 8 for evacuation
[2022-03-28T18:03:27.074+0800][262.794s] GC(112)   Pre Evacuate Collection Set: 0.1ms
[2022-03-28T18:03:27.074+0800][262.794s] GC(112)   Merge Heap Roots: 0.1ms
[2022-03-28T18:03:27.074+0800][262.794s] GC(112)   Evacuate Collection Set: 0.5ms
[2022-03-28T18:03:27.074+0800][262.794s] GC(112)   Post Evacuate Collection Set: 0.3ms
[2022-03-28T18:03:27.074+0800][262.794s] GC(112)   Other: 0.2ms
[2022-03-28T18:03:27.074+0800][262.794s] GC(112) Eden regions: 2->0(24)
[2022-03-28T18:03:27.074+0800][262.794s] GC(112) Survivor regions: 1->1(1)
[2022-03-28T18:03:27.075+0800][262.794s] GC(112) Old regions: 471->471
[2022-03-28T18:03:27.075+0800][262.794s] GC(112) Archive regions: 0->0
[2022-03-28T18:03:27.075+0800][262.794s] GC(112) Humongous regions: 37->37
[2022-03-28T18:03:27.075+0800][262.794s] GC(112) Metaspace: 50173K(50496K)->50173K(50496K) NonClass: 44185K(44352K)->44185K(44352K) Class: 5988K(6144K)->5988K(6144K)
[2022-03-28T18:03:27.075+0800][262.795s] GC(112) Pause Young (Normal) (G1 Preventive Collection) 505M->503M(512M) 1.297ms
[2022-03-28T18:03:27.075+0800][262.795s] GC(112) User=0.00s Sys=0.00s Real=0.00s
[2022-03-28T18:03:27.105+0800][262.825s] GC(113) Pause Young (Normal) (G1 Preventive Collection)
[2022-03-28T18:03:27.105+0800][262.825s] GC(113) Using 8 workers of 8 for evacuation
[2022-03-28T18:03:27.106+0800][262.826s] GC(113)   Pre Evacuate Collection Set: 0.1ms
[2022-03-28T18:03:27.106+0800][262.826s] GC(113)   Merge Heap Roots: 0.0ms
[2022-03-28T18:03:27.106+0800][262.826s] GC(113)   Evacuate Collection Set: 0.2ms
[2022-03-28T18:03:27.106+0800][262.826s] GC(113)   Post Evacuate Collection Set: 0.3ms
[2022-03-28T18:03:27.106+0800][262.826s] GC(113)   Other: 0.2ms
[2022-03-28T18:03:27.106+0800][262.826s] GC(113) Eden regions: 2->0(24)
[2022-03-28T18:03:27.106+0800][262.826s] GC(113) Survivor regions: 1->1(1)
[2022-03-28T18:03:27.106+0800][262.826s] GC(113) Old regions: 471->471
[2022-03-28T18:03:27.106+0800][262.826s] GC(113) Archive regions: 0->0
[2022-03-28T18:03:27.106+0800][262.826s] GC(113) Humongous regions: 37->37
[2022-03-28T18:03:27.106+0800][262.826s] GC(113) Metaspace: 50173K(50496K)->50173K(50496K) NonClass: 44185K(44352K)->44185K(44352K) Class: 5988K(6144K)->5988K(6144K)
[2022-03-28T18:03:27.106+0800][262.826s] GC(113) Pause Young (Normal) (G1 Preventive Collection) 505M->502M(512M) 0.967ms
[2022-03-28T18:03:27.106+0800][262.826s] GC(113) User=0.00s Sys=0.00s Real=0.00s
[2022-03-28T18:03:27.130+0800][262.850s] GC(114) Pause Young (Normal) (G1 Preventive Collection)
[2022-03-28T18:03:27.130+0800][262.850s] GC(114) Using 8 workers of 8 for evacuation
[2022-03-28T18:03:27.131+0800][262.851s] GC(114)   Pre Evacuate Collection Set: 0.1ms
[2022-03-28T18:03:27.131+0800][262.851s] GC(114)   Merge Heap Roots: 0.0ms
[2022-03-28T18:03:27.131+0800][262.851s] GC(114)   Evacuate Collection Set: 0.3ms
[2022-03-28T18:03:27.131+0800][262.851s] GC(114)   Post Evacuate Collection Set: 0.3ms
[2022-03-28T18:03:27.132+0800][262.851s] GC(114)   Other: 0.2ms
[2022-03-28T18:03:27.132+0800][262.851s] GC(114) Eden regions: 2->0(24)
[2022-03-28T18:03:27.132+0800][262.851s] GC(114) Survivor regions: 1->1(1)
[2022-03-28T18:03:27.132+0800][262.851s] GC(114) Old regions: 471->471
[2022-03-28T18:03:27.132+0800][262.851s] GC(114) Archive regions: 0->0
[2022-03-28T18:03:27.132+0800][262.851s] GC(114) Humongous regions: 37->37
[2022-03-28T18:03:27.132+0800][262.851s] GC(114) Metaspace: 50173K(50496K)->50173K(50496K) NonClass: 44185K(44352K)->44185K(44352K) Class: 5988K(6144K)->5988K(6144K)
[2022-03-28T18:03:27.132+0800][262.851s] GC(114) Pause Young (Normal) (G1 Preventive Collection) 504M->503M(512M) 1.230ms
[2022-03-28T18:03:27.132+0800][262.851s] GC(114) User=0.00s Sys=0.00s Real=0.00s
[2022-03-28T18:03:27.156+0800][262.876s] GC(115) Pause Young (Normal) (G1 Preventive Collection)
[2022-03-28T18:03:27.156+0800][262.876s] GC(115) Using 8 workers of 8 for evacuation
[2022-03-28T18:03:27.158+0800][262.877s] GC(115)   Pre Evacuate Collection Set: 0.1ms
[2022-03-28T18:03:27.158+0800][262.877s] GC(115)   Merge Heap Roots: 0.0ms
[2022-03-28T18:03:27.158+0800][262.877s] GC(115)   Evacuate Collection Set: 0.2ms
[2022-03-28T18:03:27.158+0800][262.877s] GC(115)   Post Evacuate Collection Set: 0.3ms
[2022-03-28T18:03:27.158+0800][262.877s] GC(115)   Other: 0.2ms
[2022-03-28T18:03:27.158+0800][262.877s] GC(115) Eden regions: 2->0(24)
[2022-03-28T18:03:27.158+0800][262.877s] GC(115) Survivor regions: 1->1(1)
[2022-03-28T18:03:27.158+0800][262.877s] GC(115) Old regions: 471->471
[2022-03-28T18:03:27.158+0800][262.877s] GC(115) Archive regions: 0->0
[2022-03-28T18:03:27.158+0800][262.878s] GC(115) Humongous regions: 37->37
[2022-03-28T18:03:27.158+0800][262.878s] GC(115) Metaspace: 50173K(50496K)->50173K(50496K) NonClass: 44185K(44352K)->44185K(44352K) Class: 5988K(6144K)->5988K(6144K)
[2022-03-28T18:03:27.158+0800][262.878s] GC(115) Pause Young (Normal) (G1 Preventive Collection) 505M->503M(512M) 1.175ms
[2022-03-28T18:03:27.158+0800][262.878s] GC(115) User=0.00s Sys=0.00s Real=0.00s
[2022-03-28T18:03:27.185+0800][262.906s] GC(116) Pause Young (Normal) (G1 Preventive Collection)
[2022-03-28T18:03:27.185+0800][262.906s] GC(116) Using 8 workers of 8 for evacuation
[2022-03-28T18:03:27.187+0800][262.907s] GC(116)   Pre Evacuate Collection Set: 0.1ms
[2022-03-28T18:03:27.187+0800][262.907s] GC(116)   Merge Heap Roots: 0.2ms
[2022-03-28T18:03:27.187+0800][262.907s] GC(116)   Evacuate Collection Set: 0.4ms
[2022-03-28T18:03:27.187+0800][262.907s] GC(116)   Post Evacuate Collection Set: 0.2ms
[2022-03-28T18:03:27.187+0800][262.907s] GC(116)   Other: 0.2ms
[2022-03-28T18:03:27.187+0800][262.907s] GC(116) Eden regions: 2->0(24)
[2022-03-28T18:03:27.187+0800][262.907s] GC(116) Survivor regions: 1->1(1)
[2022-03-28T18:03:27.187+0800][262.907s] GC(116) Old regions: 471->471
[2022-03-28T18:03:27.187+0800][262.907s] GC(116) Archive regions: 0->0
[2022-03-28T18:03:27.187+0800][262.907s] GC(116) Humongous regions: 37->37
[2022-03-28T18:03:27.187+0800][262.907s] GC(116) Metaspace: 50173K(50496K)->50173K(50496K) NonClass: 44185K(44352K)->44185K(44352K) Class: 5988K(6144K)->5988K(6144K)
[2022-03-28T18:03:27.187+0800][262.907s] GC(116) Pause Young (Normal) (G1 Preventive Collection) 505M->503M(512M) 1.368ms
[2022-03-28T18:03:27.187+0800][262.907s] GC(116) User=0.00s Sys=0.00s Real=0.00s
[2022-03-28T18:03:27.208+0800][262.929s] GC(117) Pause Young (Normal) (G1 Preventive Collection)
[2022-03-28T18:03:27.209+0800][262.929s] GC(117) Using 8 workers of 8 for evacuation
[2022-03-28T18:03:27.209+0800][262.930s] GC(117)   Pre Evacuate Collection Set: 0.1ms
[2022-03-28T18:03:27.209+0800][262.930s] GC(117)   Merge Heap Roots: 0.1ms
[2022-03-28T18:03:27.209+0800][262.930s] GC(117)   Evacuate Collection Set: 0.3ms
[2022-03-28T18:03:27.209+0800][262.930s] GC(117)   Post Evacuate Collection Set: 0.2ms
[2022-03-28T18:03:27.209+0800][262.930s] GC(117)   Other: 0.2ms
[2022-03-28T18:03:27.209+0800][262.930s] GC(117) Eden regions: 2->0(24)
[2022-03-28T18:03:27.209+0800][262.930s] GC(117) Survivor regions: 1->1(1)
[2022-03-28T18:03:27.209+0800][262.930s] GC(117) Old regions: 471->471
[2022-03-28T18:03:27.209+0800][262.930s] GC(117) Archive regions: 0->0
[2022-03-28T18:03:27.209+0800][262.930s] GC(117) Humongous regions: 37->37
[2022-03-28T18:03:27.209+0800][262.930s] GC(117) Metaspace: 50173K(50496K)->50173K(50496K) NonClass: 44185K(44352K)->44185K(44352K) Class: 5988K(6144K)->5988K(6144K)
[2022-03-28T18:03:27.210+0800][262.930s] GC(117) Pause Young (Normal) (G1 Preventive Collection) 505M->503M(512M) 1.024ms
[2022-03-28T18:03:27.210+0800][262.930s] GC(117) User=0.00s Sys=0.00s Real=0.00s
[2022-03-28T18:03:27.232+0800][262.953s] GC(118) Pause Young (Normal) (G1 Preventive Collection)
[2022-03-28T18:03:27.232+0800][262.953s] GC(118) Using 8 workers of 8 for evacuation
[2022-03-28T18:03:27.234+0800][262.954s] GC(118)   Pre Evacuate Collection Set: 0.2ms
[2022-03-28T18:03:27.234+0800][262.954s] GC(118)   Merge Heap Roots: 0.1ms
[2022-03-28T18:03:27.234+0800][262.954s] GC(118)   Evacuate Collection Set: 0.4ms
[2022-03-28T18:03:27.234+0800][262.954s] GC(118)   Post Evacuate Collection Set: 0.3ms
[2022-03-28T18:03:27.234+0800][262.954s] GC(118)   Other: 0.2ms
[2022-03-28T18:03:27.234+0800][262.954s] GC(118) Eden regions: 2->0(24)
[2022-03-28T18:03:27.234+0800][262.954s] GC(118) Survivor regions: 1->1(1)
[2022-03-28T18:03:27.234+0800][262.954s] GC(118) Old regions: 471->471
[2022-03-28T18:03:27.234+0800][262.954s] GC(118) Archive regions: 0->0
[2022-03-28T18:03:27.234+0800][262.954s] GC(118) Humongous regions: 37->37
[2022-03-28T18:03:27.234+0800][262.954s] GC(118) Metaspace: 50173K(50496K)->50173K(50496K) NonClass: 44185K(44352K)->44185K(44352K) Class: 5988K(6144K)->5988K(6144K)
[2022-03-28T18:03:27.234+0800][262.954s] GC(118) Pause Young (Normal) (G1 Preventive Collection) 505M->503M(512M) 1.262ms
[2022-03-28T18:03:27.234+0800][262.954s] GC(118) User=0.00s Sys=0.00s Real=0.00s
[2022-03-28T18:03:27.259+0800][262.979s] GC(119) Pause Young (Normal) (G1 Preventive Collection)
[2022-03-28T18:03:27.259+0800][262.979s] GC(119) Using 8 workers of 8 for evacuation
[2022-03-28T18:03:27.260+0800][262.980s] GC(119)   Pre Evacuate Collection Set: 0.0ms
[2022-03-28T18:03:27.260+0800][262.980s] GC(119)   Merge Heap Roots: 0.1ms
[2022-03-28T18:03:27.260+0800][262.980s] GC(119)   Evacuate Collection Set: 0.4ms
[2022-03-28T18:03:27.260+0800][262.980s] GC(119)   Post Evacuate Collection Set: 0.4ms
[2022-03-28T18:03:27.260+0800][262.980s] GC(119)   Other: 0.2ms
[2022-03-28T18:03:27.260+0800][262.980s] GC(119) Eden regions: 2->0(24)
[2022-03-28T18:03:27.260+0800][262.980s] GC(119) Survivor regions: 1->1(1)
[2022-03-28T18:03:27.260+0800][262.980s] GC(119) Old regions: 471->471
[2022-03-28T18:03:27.260+0800][262.980s] GC(119) Archive regions: 0->0
[2022-03-28T18:03:27.260+0800][262.980s] GC(119) Humongous regions: 37->37
[2022-03-28T18:03:27.260+0800][262.980s] GC(119) Metaspace: 50173K(50496K)->50173K(50496K) NonClass: 44185K(44352K)->44185K(44352K) Class: 5988K(6144K)->5988K(6144K)
[2022-03-28T18:03:27.260+0800][262.980s] GC(119) Pause Young (Normal) (G1 Preventive Collection) 505M->503M(512M) 1.227ms
[2022-03-28T18:03:27.260+0800][262.980s] GC(119) User=0.00s Sys=0.00s Real=0.00s
[2022-03-28T18:03:27.279+0800][263.005s] GC(120) Pause Young (Normal) (G1 Preventive Collection)
[2022-03-28T18:03:27.279+0800][263.005s] GC(120) Using 8 workers of 8 for evacuation
[2022-03-28T18:03:27.279+0800][263.006s] GC(120)   Pre Evacuate Collection Set: 0.1ms
[2022-03-28T18:03:27.279+0800][263.006s] GC(120)   Merge Heap Roots: 0.0ms
[2022-03-28T18:03:27.279+0800][263.006s] GC(120)   Evacuate Collection Set: 0.3ms
[2022-03-28T18:03:27.279+0800][263.006s] GC(120)   Post Evacuate Collection Set: 0.3ms
[2022-03-28T18:03:27.279+0800][263.006s] GC(120)   Other: 0.2ms
[2022-03-28T18:03:27.279+0800][263.006s] GC(120) Eden regions: 2->0(24)
[2022-03-28T18:03:27.279+0800][263.006s] GC(120) Survivor regions: 1->1(1)
[2022-03-28T18:03:27.279+0800][263.006s] GC(120) Old regions: 471->471
[2022-03-28T18:03:27.279+0800][263.006s] GC(120) Archive regions: 0->0
[2022-03-28T18:03:27.279+0800][263.006s] GC(120) Humongous regions: 37->37
[2022-03-28T18:03:27.279+0800][263.006s] GC(120) Metaspace: 50173K(50496K)->50173K(50496K) NonClass: 44185K(44352K)->44185K(44352K) Class: 5988K(6144K)->5988K(6144K)
[2022-03-28T18:03:27.279+0800][263.006s] GC(120) Pause Young (Normal) (G1 Preventive Collection) 505M->503M(512M) 0.996ms
[2022-03-28T18:03:27.279+0800][263.006s] GC(120) User=0.00s Sys=0.00s Real=0.00s
[2022-03-28T18:03:27.311+0800][263.036s] GC(121) Pause Young (Normal) (G1 Preventive Collection)
[2022-03-28T18:03:27.311+0800][263.036s] GC(121) Using 8 workers of 8 for evacuation
[2022-03-28T18:03:27.311+0800][263.037s] GC(121)   Pre Evacuate Collection Set: 0.1ms
[2022-03-28T18:03:27.311+0800][263.037s] GC(121)   Merge Heap Roots: 0.0ms
[2022-03-28T18:03:27.311+0800][263.037s] GC(121)   Evacuate Collection Set: 0.3ms
[2022-03-28T18:03:27.311+0800][263.037s] GC(121)   Post Evacuate Collection Set: 0.2ms
[2022-03-28T18:03:27.311+0800][263.037s] GC(121)   Other: 0.2ms
[2022-03-28T18:03:27.311+0800][263.037s] GC(121) Eden regions: 2->0(24)
[2022-03-28T18:03:27.311+0800][263.037s] GC(121) Survivor regions: 1->1(1)
[2022-03-28T18:03:27.311+0800][263.037s] GC(121) Old regions: 471->471
[2022-03-28T18:03:27.311+0800][263.037s] GC(121) Archive regions: 0->0
[2022-03-28T18:03:27.311+0800][263.037s] GC(121) Humongous regions: 37->37
[2022-03-28T18:03:27.311+0800][263.037s] GC(121) Metaspace: 50173K(50496K)->50173K(50496K) NonClass: 44185K(44352K)->44185K(44352K) Class: 5988K(6144K)->5988K(6144K)
[2022-03-28T18:03:27.311+0800][263.037s] GC(121) Pause Young (Normal) (G1 Preventive Collection) 505M->503M(512M) 1.089ms
[2022-03-28T18:03:27.311+0800][263.037s] GC(121) User=0.00s Sys=0.00s Real=0.00s
[2022-03-28T18:03:27.347+0800][263.067s] GC(122) Pause Young (Normal) (G1 Preventive Collection)
[2022-03-28T18:03:27.347+0800][263.067s] GC(122) Using 8 workers of 8 for evacuation
[2022-03-28T18:03:27.348+0800][263.068s] GC(122)   Pre Evacuate Collection Set: 0.1ms
[2022-03-28T18:03:27.348+0800][263.068s] GC(122)   Merge Heap Roots: 0.0ms
[2022-03-28T18:03:27.348+0800][263.068s] GC(122)   Evacuate Collection Set: 0.3ms
[2022-03-28T18:03:27.348+0800][263.068s] GC(122)   Post Evacuate Collection Set: 0.3ms
[2022-03-28T18:03:27.348+0800][263.068s] GC(122)   Other: 0.2ms
[2022-03-28T18:03:27.348+0800][263.068s] GC(122) Eden regions: 2->0(24)
[2022-03-28T18:03:27.348+0800][263.068s] GC(122) Survivor regions: 1->1(1)
[2022-03-28T18:03:27.348+0800][263.068s] GC(122) Old regions: 471->471
[2022-03-28T18:03:27.348+0800][263.068s] GC(122) Archive regions: 0->0
[2022-03-28T18:03:27.348+0800][263.068s] GC(122) Humongous regions: 37->37
[2022-03-28T18:03:27.348+0800][263.068s] GC(122) Metaspace: 50173K(50496K)->50173K(50496K) NonClass: 44185K(44352K)->44185K(44352K) Class: 5988K(6144K)->5988K(6144K)
[2022-03-28T18:03:27.348+0800][263.068s] GC(122) Pause Young (Normal) (G1 Preventive Collection) 505M->503M(512M) 0.987ms
[2022-03-28T18:03:27.348+0800][263.068s] GC(122) User=0.00s Sys=0.00s Real=0.00s
[2022-03-28T18:03:27.366+0800][263.094s] GC(123) Pause Young (Normal) (G1 Preventive Collection)
[2022-03-28T18:03:27.366+0800][263.094s] GC(123) Using 8 workers of 8 for evacuation
[2022-03-28T18:03:27.366+0800][263.094s] GC(123)   Pre Evacuate Collection Set: 0.1ms
[2022-03-28T18:03:27.366+0800][263.094s] GC(123)   Merge Heap Roots: 0.1ms
[2022-03-28T18:03:27.366+0800][263.094s] GC(123)   Evacuate Collection Set: 0.3ms
[2022-03-28T18:03:27.366+0800][263.095s] GC(123)   Post Evacuate Collection Set: 0.3ms
[2022-03-28T18:03:27.366+0800][263.095s] GC(123)   Other: 0.2ms
[2022-03-28T18:03:27.366+0800][263.095s] GC(123) Eden regions: 2->0(24)
[2022-03-28T18:03:27.366+0800][263.095s] GC(123) Survivor regions: 1->1(1)
[2022-03-28T18:03:27.366+0800][263.095s] GC(123) Old regions: 471->471
[2022-03-28T18:03:27.366+0800][263.095s] GC(123) Archive regions: 0->0
[2022-03-28T18:03:27.366+0800][263.095s] GC(123) Humongous regions: 37->37
[2022-03-28T18:03:27.366+0800][263.095s] GC(123) Metaspace: 50173K(50496K)->50173K(50496K) NonClass: 44185K(44352K)->44185K(44352K) Class: 5988K(6144K)->5988K(6144K)
[2022-03-28T18:03:27.366+0800][263.095s] GC(123) Pause Young (Normal) (G1 Preventive Collection) 505M->503M(512M) 1.111ms
[2022-03-28T18:03:27.366+0800][263.095s] GC(123) User=0.00s Sys=0.00s Real=0.00s
[2022-03-28T18:03:27.401+0800][263.121s] GC(124) Pause Young (Normal) (G1 Preventive Collection)
[2022-03-28T18:03:27.401+0800][263.121s] GC(124) Using 8 workers of 8 for evacuation
[2022-03-28T18:03:27.401+0800][263.121s] GC(124)   Pre Evacuate Collection Set: 0.1ms
[2022-03-28T18:03:27.401+0800][263.122s] GC(124)   Merge Heap Roots: 0.0ms
[2022-03-28T18:03:27.401+0800][263.122s] GC(124)   Evacuate Collection Set: 0.4ms
[2022-03-28T18:03:27.401+0800][263.122s] GC(124)   Post Evacuate Collection Set: 0.2ms
[2022-03-28T18:03:27.401+0800][263.122s] GC(124)   Other: 0.2ms
[2022-03-28T18:03:27.401+0800][263.122s] GC(124) Eden regions: 2->0(24)
[2022-03-28T18:03:27.401+0800][263.122s] GC(124) Survivor regions: 1->1(1)
[2022-03-28T18:03:27.401+0800][263.122s] GC(124) Old regions: 471->471
[2022-03-28T18:03:27.401+0800][263.122s] GC(124) Archive regions: 0->0
[2022-03-28T18:03:27.401+0800][263.122s] GC(124) Humongous regions: 37->37
[2022-03-28T18:03:27.402+0800][263.122s] GC(124) Metaspace: 50173K(50496K)->50173K(50496K) NonClass: 44185K(44352K)->44185K(44352K) Class: 5988K(6144K)->5988K(6144K)
[2022-03-28T18:03:27.402+0800][263.122s] GC(124) Pause Young (Normal) (G1 Preventive Collection) 505M->503M(512M) 1.015ms
[2022-03-28T18:03:27.402+0800][263.122s] GC(124) User=0.00s Sys=0.00s Real=0.00s
[2022-03-28T18:03:27.425+0800][263.145s] GC(125) Pause Young (Normal) (G1 Preventive Collection)
[2022-03-28T18:03:27.425+0800][263.145s] GC(125) Using 8 workers of 8 for evacuation
[2022-03-28T18:03:27.427+0800][263.146s] GC(125)   Pre Evacuate Collection Set: 0.1ms
[2022-03-28T18:03:27.427+0800][263.146s] GC(125)   Merge Heap Roots: 0.0ms
[2022-03-28T18:03:27.427+0800][263.146s] GC(125)   Evacuate Collection Set: 0.3ms
[2022-03-28T18:03:27.427+0800][263.146s] GC(125)   Post Evacuate Collection Set: 0.2ms
[2022-03-28T18:03:27.427+0800][263.146s] GC(125)   Other: 0.2ms
[2022-03-28T18:03:27.427+0800][263.146s] GC(125) Eden regions: 2->0(24)
[2022-03-28T18:03:27.427+0800][263.146s] GC(125) Survivor regions: 1->1(1)
[2022-03-28T18:03:27.427+0800][263.146s] GC(125) Old regions: 471->471
[2022-03-28T18:03:27.427+0800][263.146s] GC(125) Archive regions: 0->0
[2022-03-28T18:03:27.427+0800][263.146s] GC(125) Humongous regions: 37->37
[2022-03-28T18:03:27.427+0800][263.146s] GC(125) Metaspace: 50173K(50496K)->50173K(50496K) NonClass: 44185K(44352K)->44185K(44352K) Class: 5988K(6144K)->5988K(6144K)
[2022-03-28T18:03:27.427+0800][263.146s] GC(125) Pause Young (Normal) (G1 Preventive Collection) 505M->503M(512M) 0.973ms
[2022-03-28T18:03:27.427+0800][263.146s] GC(125) User=0.00s Sys=0.00s Real=0.00s
[2022-03-28T18:03:27.456+0800][263.175s] GC(126) Pause Young (Normal) (G1 Preventive Collection)
[2022-03-28T18:03:27.456+0800][263.175s] GC(126) Using 8 workers of 8 for evacuation
[2022-03-28T18:03:27.457+0800][263.176s] GC(126) To-space exhausted
[2022-03-28T18:03:27.457+0800][263.176s] GC(126)   Pre Evacuate Collection Set: 0.1ms
[2022-03-28T18:03:27.457+0800][263.176s] GC(126)   Merge Heap Roots: 0.0ms
[2022-03-28T18:03:27.457+0800][263.176s] GC(126)   Evacuate Collection Set: 0.3ms
[2022-03-28T18:03:27.457+0800][263.176s] GC(126)   Post Evacuate Collection Set: 0.5ms
[2022-03-28T18:03:27.457+0800][263.176s] GC(126)   Other: 0.2ms
[2022-03-28T18:03:27.457+0800][263.176s] GC(126) Eden regions: 2->0(24)
[2022-03-28T18:03:27.457+0800][263.176s] GC(126) Survivor regions: 1->1(1)
[2022-03-28T18:03:27.457+0800][263.176s] GC(126) Old regions: 471->472
[2022-03-28T18:03:27.457+0800][263.176s] GC(126) Archive regions: 0->0
[2022-03-28T18:03:27.457+0800][263.177s] GC(126) Humongous regions: 37->37
[2022-03-28T18:03:27.457+0800][263.177s] GC(126) Metaspace: 50173K(50496K)->50173K(50496K) NonClass: 44185K(44352K)->44185K(44352K) Class: 5988K(6144K)->5988K(6144K)
[2022-03-28T18:03:27.457+0800][263.177s] GC(126) Pause Young (Normal) (G1 Preventive Collection) 505M->503M(512M) 1.178ms
[2022-03-28T18:03:27.457+0800][263.177s] GC(126) User=0.00s Sys=0.00s Real=0.00s
[2022-03-28T18:03:27.469+0800][263.189s] GC(127) Pause Young (Normal) (G1 Preventive Collection)
[2022-03-28T18:03:27.469+0800][263.189s] GC(127) Using 8 workers of 8 for evacuation
[2022-03-28T18:03:27.470+0800][263.190s] GC(127) To-space exhausted
[2022-03-28T18:03:27.470+0800][263.190s] GC(127)   Pre Evacuate Collection Set: 0.1ms
[2022-03-28T18:03:27.470+0800][263.190s] GC(127)   Merge Heap Roots: 0.0ms
[2022-03-28T18:03:27.470+0800][263.190s] GC(127)   Evacuate Collection Set: 0.3ms
[2022-03-28T18:03:27.470+0800][263.190s] GC(127)   Post Evacuate Collection Set: 0.4ms
[2022-03-28T18:03:27.470+0800][263.190s] GC(127)   Other: 0.2ms
[2022-03-28T18:03:27.470+0800][263.190s] GC(127) Eden regions: 1->0(24)
[2022-03-28T18:03:27.470+0800][263.190s] GC(127) Survivor regions: 1->1(1)
[2022-03-28T18:03:27.470+0800][263.190s] GC(127) Old regions: 472->473
[2022-03-28T18:03:27.470+0800][263.190s] GC(127) Archive regions: 0->0
[2022-03-28T18:03:27.470+0800][263.190s] GC(127) Humongous regions: 37->37
[2022-03-28T18:03:27.470+0800][263.190s] GC(127) Metaspace: 50173K(50496K)->50173K(50496K) NonClass: 44185K(44352K)->44185K(44352K) Class: 5988K(6144K)->5988K(6144K)
[2022-03-28T18:03:27.470+0800][263.190s] GC(127) Pause Young (Normal) (G1 Preventive Collection) 504M->504M(512M) 1.109ms
[2022-03-28T18:03:27.470+0800][263.190s] GC(127) User=0.00s Sys=0.00s Real=0.00s
[2022-03-28T18:03:27.479+0800][263.205s] GC(128) Pause Young (Normal) (G1 Evacuation Pause)
[2022-03-28T18:03:27.479+0800][263.205s] GC(128) Using 8 workers of 8 for evacuation
[2022-03-28T18:03:27.479+0800][263.207s] GC(128) To-space exhausted
[2022-03-28T18:03:27.479+0800][263.207s] GC(128)   Pre Evacuate Collection Set: 0.0ms
[2022-03-28T18:03:27.479+0800][263.207s] GC(128)   Merge Heap Roots: 0.0ms
[2022-03-28T18:03:27.479+0800][263.207s] GC(128)   Evacuate Collection Set: 0.4ms
[2022-03-28T18:03:27.479+0800][263.207s] GC(128)   Post Evacuate Collection Set: 0.7ms
[2022-03-28T18:03:27.479+0800][263.207s] GC(128)   Other: 0.2ms
[2022-03-28T18:03:27.479+0800][263.207s] GC(128) Eden regions: 1->0(25)
[2022-03-28T18:03:27.479+0800][263.207s] GC(128) Survivor regions: 1->0(0)
[2022-03-28T18:03:27.479+0800][263.207s] GC(128) Old regions: 473->475
[2022-03-28T18:03:27.479+0800][263.207s] GC(128) Archive regions: 0->0
[2022-03-28T18:03:27.479+0800][263.207s] GC(128) Humongous regions: 37->37
[2022-03-28T18:03:27.479+0800][263.207s] GC(128) Metaspace: 50173K(50496K)->50173K(50496K) NonClass: 44185K(44352K)->44185K(44352K) Class: 5988K(6144K)->5988K(6144K)
[2022-03-28T18:03:27.479+0800][263.207s] GC(128) Pause Young (Normal) (G1 Evacuation Pause) 505M->505M(512M) 1.448ms
[2022-03-28T18:03:27.479+0800][263.207s] GC(128) User=0.00s Sys=0.00s Real=0.00s
[2022-03-28T18:03:27.479+0800][263.207s] Attempting full compaction
[2022-03-28T18:03:27.479+0800][263.207s] GC(129) Using 8 workers of 8 for full compaction
[2022-03-28T18:03:27.479+0800][263.207s] GC(129) Pause Full (G1 Compaction Pause)
[2022-03-28T18:03:27.479+0800][263.207s] GC(129) Phase 1: Mark live objects
[2022-03-28T18:03:27.747+0800][263.466s] GC(129) Phase 1: Mark live objects 258.963ms
[2022-03-28T18:03:27.747+0800][263.466s] GC(129) Phase 2: Prepare for compaction
[2022-03-28T18:03:27.748+0800][263.468s] GC(129) Phase 2: Prepare for compaction 1.520ms
[2022-03-28T18:03:27.748+0800][263.468s] GC(129) Phase 3: Adjust pointers
[2022-03-28T18:03:27.803+0800][263.522s] GC(129) Phase 3: Adjust pointers 54.426ms
[2022-03-28T18:03:27.803+0800][263.522s] GC(129) Phase 4: Compact heap
[2022-03-28T18:03:27.804+0800][263.523s] GC(129) Phase 4: Compact heap 0.658ms
[2022-03-28T18:03:27.808+0800][263.528s] GC(129) Eden regions: 0->0(25)
[2022-03-28T18:03:27.808+0800][263.528s] GC(129) Survivor regions: 0->0(0)
[2022-03-28T18:03:27.808+0800][263.528s] GC(129) Old regions: 475->466
[2022-03-28T18:03:27.808+0800][263.528s] GC(129) Archive regions: 0->0
[2022-03-28T18:03:27.808+0800][263.528s] GC(129) Humongous regions: 37->29
[2022-03-28T18:03:27.809+0800][263.528s] GC(129) Metaspace: 50173K(50496K)->50173K(50496K) NonClass: 44185K(44352K)->44185K(44352K) Class: 5988K(6144K)->5988K(6144K)
[2022-03-28T18:03:27.809+0800][263.528s] GC(129) Pause Full (G1 Compaction Pause) 505M->492M(512M) 321.073ms
[2022-03-28T18:03:27.809+0800][263.528s] GC(129) User=2.20s Sys=0.00s Real=0.33s
[2022-03-28T18:03:27.809+0800][263.529s] GC(111) Concurrent Mark From Roots 761.430ms
[2022-03-28T18:03:27.809+0800][263.529s] GC(111) Concurrent Mark Abort
[2022-03-28T18:03:27.809+0800][263.529s] GC(111) Concurrent Mark Cycle 763.432ms
[2022-03-28T18:03:27.968+0800][263.687s] GC(130) Pause Young (Normal) (G1 Preventive Collection)
[2022-03-28T18:03:27.968+0800][263.687s] GC(130) Using 8 workers of 8 for evacuation
[2022-03-28T18:03:27.968+0800][263.688s] GC(130)   Pre Evacuate Collection Set: 0.1ms
[2022-03-28T18:03:27.968+0800][263.688s] GC(130)   Merge Heap Roots: 0.0ms
[2022-03-28T18:03:27.968+0800][263.688s] GC(130)   Evacuate Collection Set: 0.3ms
[2022-03-28T18:03:27.968+0800][263.688s] GC(130)   Post Evacuate Collection Set: 0.4ms
[2022-03-28T18:03:27.968+0800][263.688s] GC(130)   Other: 0.2ms
[2022-03-28T18:03:27.968+0800][263.688s] GC(130) Eden regions: 12->0(24)
[2022-03-28T18:03:27.968+0800][263.688s] GC(130) Survivor regions: 0->1(4)
[2022-03-28T18:03:27.968+0800][263.688s] GC(130) Old regions: 466->466
[2022-03-28T18:03:27.968+0800][263.688s] GC(130) Archive regions: 0->0
[2022-03-28T18:03:27.968+0800][263.688s] GC(130) Humongous regions: 29->29
[2022-03-28T18:03:27.968+0800][263.688s] GC(130) Metaspace: 50185K(50496K)->50185K(50496K) NonClass: 44197K(44352K)->44197K(44352K) Class: 5988K(6144K)->5988K(6144K)
[2022-03-28T18:03:27.968+0800][263.688s] GC(130) Pause Young (Normal) (G1 Preventive Collection) 504M->492M(512M) 1.089ms
[2022-03-28T18:03:27.968+0800][263.688s] GC(130) User=0.00s Sys=0.00s Real=0.00s
[2022-03-28T18:03:38.917+0800][274.637s] GC(131) Pause Young (Concurrent Start) (G1 Humongous Allocation)
[2022-03-28T18:03:38.917+0800][274.637s] GC(131) Using 8 workers of 8 for evacuation
[2022-03-28T18:03:38.918+0800][274.638s] GC(131)   Pre Evacuate Collection Set: 0.1ms
[2022-03-28T18:03:38.918+0800][274.638s] GC(131)   Merge Heap Roots: 0.0ms
[2022-03-28T18:03:38.918+0800][274.638s] GC(131)   Evacuate Collection Set: 0.5ms
[2022-03-28T18:03:38.918+0800][274.638s] GC(131)   Post Evacuate Collection Set: 0.2ms
[2022-03-28T18:03:38.918+0800][274.638s] GC(131)   Other: 0.2ms
[2022-03-28T18:03:38.918+0800][274.638s] GC(131) Eden regions: 4->0(24)
[2022-03-28T18:03:38.918+0800][274.638s] GC(131) Survivor regions: 1->1(4)
[2022-03-28T18:03:38.918+0800][274.638s] GC(131) Old regions: 466->466
[2022-03-28T18:03:38.918+0800][274.638s] GC(131) Archive regions: 0->0
[2022-03-28T18:03:38.918+0800][274.638s] GC(131) Humongous regions: 29->29
[2022-03-28T18:03:38.918+0800][274.638s] GC(131) Metaspace: 50186K(50496K)->50186K(50496K) NonClass: 44198K(44352K)->44198K(44352K) Class: 5988K(6144K)->5988K(6144K)
[2022-03-28T18:03:38.918+0800][274.638s] GC(131) Pause Young (Concurrent Start) (G1 Humongous Allocation) 495M->492M(512M) 1.225ms
[2022-03-28T18:03:38.918+0800][274.638s] GC(131) User=0.00s Sys=0.00s Real=0.00s
[2022-03-28T18:03:38.918+0800][274.638s] GC(132) Concurrent Mark Cycle
[2022-03-28T18:03:38.918+0800][274.638s] GC(132) Concurrent Clear Claimed Marks
[2022-03-28T18:03:38.918+0800][274.638s] GC(132) Concurrent Clear Claimed Marks 0.030ms
[2022-03-28T18:03:38.918+0800][274.638s] GC(132) Concurrent Scan Root Regions
[2022-03-28T18:03:38.919+0800][274.639s] GC(132) Concurrent Scan Root Regions 0.635ms
[2022-03-28T18:03:38.919+0800][274.639s] GC(132) Concurrent Mark
[2022-03-28T18:03:38.919+0800][274.639s] GC(133) Pause Young (Normal) (G1 Humongous Allocation)
[2022-03-28T18:03:38.919+0800][274.639s] GC(132) Concurrent Mark From Roots
[2022-03-28T18:03:38.919+0800][274.639s] GC(133) Using 8 workers of 8 for evacuation
[2022-03-28T18:03:38.919+0800][274.639s] GC(132) Using 2 workers of 2 for marking
[2022-03-28T18:03:38.920+0800][274.640s] GC(133)   Pre Evacuate Collection Set: 0.7ms
[2022-03-28T18:03:38.920+0800][274.640s] GC(133)   Merge Heap Roots: 0.0ms
[2022-03-28T18:03:38.920+0800][274.640s] GC(133)   Evacuate Collection Set: 0.2ms
[2022-03-28T18:03:38.920+0800][274.640s] GC(133)   Post Evacuate Collection Set: 0.2ms
[2022-03-28T18:03:38.920+0800][274.640s] GC(133)   Other: 0.2ms
[2022-03-28T18:03:38.920+0800][274.640s] GC(133) Eden regions: 0->0(24)
[2022-03-28T18:03:38.920+0800][274.640s] GC(133) Survivor regions: 1->1(4)
[2022-03-28T18:03:38.920+0800][274.640s] GC(133) Old regions: 466->466
[2022-03-28T18:03:38.920+0800][274.640s] GC(133) Archive regions: 0->0
[2022-03-28T18:03:38.920+0800][274.640s] GC(133) Humongous regions: 29->29
[2022-03-28T18:03:38.920+0800][274.640s] GC(133) Metaspace: 50186K(50496K)->50186K(50496K) NonClass: 44198K(44352K)->44198K(44352K) Class: 5988K(6144K)->5988K(6144K)
[2022-03-28T18:03:38.920+0800][274.640s] GC(133) Pause Young (Normal) (G1 Humongous Allocation) 492M->492M(512M) 0.912ms
[2022-03-28T18:03:38.920+0800][274.640s] GC(133) User=0.00s Sys=0.00s Real=0.00s
[2022-03-28T18:03:38.920+0800][274.640s] Attempting full compaction
[2022-03-28T18:03:38.920+0800][274.640s] GC(134) Using 8 workers of 8 for full compaction
[2022-03-28T18:03:38.920+0800][274.640s] GC(134) Pause Full (G1 Compaction Pause)
[2022-03-28T18:03:38.920+0800][274.640s] GC(134) Phase 1: Mark live objects
[2022-03-28T18:03:39.153+0800][274.872s] GC(134) Phase 1: Mark live objects 231.965ms
[2022-03-28T18:03:39.153+0800][274.872s] GC(134) Phase 2: Prepare for compaction
[2022-03-28T18:03:39.154+0800][274.873s] GC(134) Phase 2: Prepare for compaction 0.999ms
[2022-03-28T18:03:39.154+0800][274.873s] GC(134) Phase 3: Adjust pointers
[2022-03-28T18:03:39.202+0800][274.921s] GC(134) Phase 3: Adjust pointers 47.803ms
[2022-03-28T18:03:39.202+0800][274.921s] GC(134) Phase 4: Compact heap
[2022-03-28T18:03:39.202+0800][274.922s] GC(134) Phase 4: Compact heap 0.493ms
[2022-03-28T18:03:39.208+0800][274.927s] GC(134) Eden regions: 0->0(25)
[2022-03-28T18:03:39.208+0800][274.927s] GC(134) Survivor regions: 1->0(4)
[2022-03-28T18:03:39.208+0800][274.927s] GC(134) Old regions: 466->467
[2022-03-28T18:03:39.208+0800][274.927s] GC(134) Archive regions: 0->0
[2022-03-28T18:03:39.208+0800][274.927s] GC(134) Humongous regions: 29->29
[2022-03-28T18:03:39.208+0800][274.927s] GC(134) Metaspace: 50186K(50496K)->50186K(50496K) NonClass: 44198K(44352K)->44198K(44352K) Class: 5988K(6144K)->5988K(6144K)
[2022-03-28T18:03:39.208+0800][274.927s] GC(134) Pause Full (G1 Compaction Pause) 492M->492M(512M) 287.292ms
[2022-03-28T18:03:39.208+0800][274.928s] GC(134) User=1.98s Sys=0.02s Real=0.29s
[2022-03-28T18:03:39.208+0800][274.928s] Attempting maximum full compaction clearing soft references
[2022-03-28T18:03:39.208+0800][274.928s] GC(135) Using 8 workers of 8 for full compaction
[2022-03-28T18:03:39.209+0800][274.928s] GC(135) Pause Full (G1 Compaction Pause)
[2022-03-28T18:03:39.209+0800][274.928s] GC(135) Phase 1: Mark live objects
[2022-03-28T18:03:39.416+0800][275.135s] GC(135) Phase 1: Mark live objects 206.955ms
[2022-03-28T18:03:39.416+0800][275.135s] GC(135) Phase 2: Prepare for compaction
[2022-03-28T18:03:39.461+0800][275.181s] GC(135) Phase 2: Prepare for compaction 45.408ms
[2022-03-28T18:03:39.461+0800][275.181s] GC(135) Phase 3: Adjust pointers
[2022-03-28T18:03:39.523+0800][275.243s] GC(135) Phase 3: Adjust pointers 61.767ms
[2022-03-28T18:03:39.523+0800][275.243s] GC(135) Phase 4: Compact heap
[2022-03-28T18:03:39.574+0800][275.294s] GC(135) Phase 4: Compact heap 51.429ms
[2022-03-28T18:03:39.580+0800][275.300s] GC(135) Eden regions: 0->0(25)
[2022-03-28T18:03:39.580+0800][275.300s] GC(135) Survivor regions: 0->0(4)
[2022-03-28T18:03:39.580+0800][275.300s] GC(135) Old regions: 467->466
[2022-03-28T18:03:39.580+0800][275.300s] GC(135) Archive regions: 0->0
[2022-03-28T18:03:39.580+0800][275.300s] GC(135) Humongous regions: 29->29
[2022-03-28T18:03:39.580+0800][275.300s] GC(135) Metaspace: 50186K(50496K)->50186K(50496K) NonClass: 44198K(44352K)->44198K(44352K) Class: 5988K(6144K)->5988K(6144K)
[2022-03-28T18:03:39.580+0800][275.300s] GC(135) Pause Full (G1 Compaction Pause) 492M->491M(512M) 372.096ms
[2022-03-28T18:03:39.581+0800][275.301s] GC(135) User=2.77s Sys=0.00s Real=0.37s
[2022-03-28T18:03:39.581+0800][275.301s] GC(132) Concurrent Mark From Roots 661.881ms
[2022-03-28T18:03:39.581+0800][275.301s] GC(132) Concurrent Mark Abort
[2022-03-28T18:03:39.581+0800][275.301s] GC(132) Concurrent Mark Cycle 662.729ms
[2022-03-28T18:04:14.764+0800][310.484s] Heap
[2022-03-28T18:04:14.764+0800][310.484s]  garbage-first heap   total 524288K, used 510022K [0x00000000e0000000, 0x0000000100000000)
[2022-03-28T18:04:14.764+0800][310.484s]   region size 1024K, 7 young (7168K), 0 survivors (0K)
[2022-03-28T18:04:14.764+0800][310.484s]  Metaspace       used 50494K, committed 50752K, reserved 1097728K
[2022-03-28T18:04:14.764+0800][310.484s]   class space    used 6034K, committed 6144K, reserved 1048576K
