[2022-03-28T17:23:24.394+0800][0.019s] Using G1
[2022-03-28T17:23:24.544+0800][0.168s] Version: 17.0.2+8-LTS-86 (release)
[2022-03-28T17:23:24.544+0800][0.168s] CPUs: 8 total, 8 available
[2022-03-28T17:23:24.544+0800][0.168s] Memory: 16075M
[2022-03-28T17:23:24.544+0800][0.168s] Large Page Support: Disabled
[2022-03-28T17:23:24.544+0800][0.168s] NUMA Support: Disabled
[2022-03-28T17:23:24.544+0800][0.168s] Compressed Oops: Enabled (32-bit)
[2022-03-28T17:23:24.544+0800][0.168s] Heap Region Size: 1M
[2022-03-28T17:23:24.544+0800][0.168s] Heap Min Capacity: 512M
[2022-03-28T17:23:24.544+0800][0.168s] Heap Initial Capacity: 512M
[2022-03-28T17:23:24.545+0800][0.168s] Heap Max Capacity: 512M
[2022-03-28T17:23:24.545+0800][0.168s] Pre-touch: Enabled
[2022-03-28T17:23:24.545+0800][0.168s] Parallel Workers: 8
[2022-03-28T17:23:24.545+0800][0.168s] Concurrent Workers: 2
[2022-03-28T17:23:24.545+0800][0.168s] Concurrent Refinement Workers: 8
[2022-03-28T17:23:24.545+0800][0.168s] Periodic GC: Disabled
[2022-03-28T17:23:24.545+0800][0.169s] CDS archive(s) mapped at: [0x0000000800000000-0x0000000800bc0000-0x0000000800bc0000), size 12320768, SharedBaseAddress: 0x0000000800000000, ArchiveRelocationMode: 0.
[2022-03-28T17:23:24.545+0800][0.169s] Compressed class space mapped at: 0x0000000800c00000-0x0000000840c00000, reserved size: 1073741824
[2022-03-28T17:23:24.545+0800][0.169s] Narrow klass base: 0x0000000800000000, Narrow klass shift: 0, Narrow klass range: 0x100000000
[2022-03-28T17:23:26.113+0800][1.737s] GC(0) Pause Young (Normal) (G1 Evacuation Pause)
[2022-03-28T17:23:26.114+0800][1.737s] GC(0) Using 8 workers of 8 for evacuation
[2022-03-28T17:23:26.118+0800][1.742s] GC(0)   Pre Evacuate Collection Set: 0.1ms
[2022-03-28T17:23:26.118+0800][1.742s] GC(0)   Merge Heap Roots: 0.0ms
[2022-03-28T17:23:26.118+0800][1.742s] GC(0)   Evacuate Collection Set: 4.0ms
[2022-03-28T17:23:26.118+0800][1.742s] GC(0)   Post Evacuate Collection Set: 0.4ms
[2022-03-28T17:23:26.118+0800][1.742s] GC(0)   Other: 0.7ms
[2022-03-28T17:23:26.118+0800][1.742s] GC(0) Eden regions: 29->0(39)
[2022-03-28T17:23:26.118+0800][1.742s] GC(0) Survivor regions: 0->4(4)
[2022-03-28T17:23:26.118+0800][1.742s] GC(0) Old regions: 0->1
[2022-03-28T17:23:26.118+0800][1.742s] GC(0) Archive regions: 0->0
[2022-03-28T17:23:26.118+0800][1.742s] GC(0) Humongous regions: 0->0
[2022-03-28T17:23:26.118+0800][1.742s] GC(0) Metaspace: 9527K(9728K)->9527K(9728K) NonClass: 8419K(8512K)->8419K(8512K) Class: 1107K(1216K)->1107K(1216K)
[2022-03-28T17:23:26.118+0800][1.742s] GC(0) Pause Young (Normal) (G1 Evacuation Pause) 29M->4M(512M) 5.504ms
[2022-03-28T17:23:26.118+0800][1.742s] GC(0) User=0.00s Sys=0.00s Real=0.01s
[2022-03-28T17:23:27.189+0800][2.812s] GC(1) Pause Young (Normal) (G1 Evacuation Pause)
[2022-03-28T17:23:27.189+0800][2.812s] GC(1) Using 8 workers of 8 for evacuation
[2022-03-28T17:23:27.200+0800][2.824s] GC(1)   Pre Evacuate Collection Set: 0.1ms
[2022-03-28T17:23:27.201+0800][2.824s] GC(1)   Merge Heap Roots: 0.0ms
[2022-03-28T17:23:27.201+0800][2.824s] GC(1)   Evacuate Collection Set: 11.0ms
[2022-03-28T17:23:27.201+0800][2.824s] GC(1)   Post Evacuate Collection Set: 0.7ms
[2022-03-28T17:23:27.201+0800][2.824s] GC(1)   Other: 0.2ms
[2022-03-28T17:23:27.201+0800][2.824s] GC(1) Eden regions: 37->0(58)
[2022-03-28T17:23:27.201+0800][2.824s] GC(1) Survivor regions: 4->6(6)
[2022-03-28T17:23:27.201+0800][2.824s] GC(1) Old regions: 1->10
[2022-03-28T17:23:27.201+0800][2.824s] GC(1) Archive regions: 0->0
[2022-03-28T17:23:27.201+0800][2.824s] GC(1) Humongous regions: 4->4
[2022-03-28T17:23:27.201+0800][2.824s] GC(1) Metaspace: 15606K(15808K)->15606K(15808K) NonClass: 13783K(13888K)->13783K(13888K) Class: 1822K(1920K)->1822K(1920K)
[2022-03-28T17:23:27.201+0800][2.824s] GC(1) Pause Young (Normal) (G1 Evacuation Pause) 45M->19M(512M) 12.086ms
[2022-03-28T17:23:27.201+0800][2.825s] GC(1) User=0.09s Sys=0.02s Real=0.01s
[2022-03-28T17:23:28.274+0800][3.897s] GC(2) Pause Young (Concurrent Start) (Metadata GC Threshold)
[2022-03-28T17:23:28.274+0800][3.897s] GC(2) Using 8 workers of 8 for evacuation
[2022-03-28T17:23:28.280+0800][3.903s] GC(2)   Pre Evacuate Collection Set: 0.1ms
[2022-03-28T17:23:28.280+0800][3.903s] GC(2)   Merge Heap Roots: 0.1ms
[2022-03-28T17:23:28.280+0800][3.903s] GC(2)   Evacuate Collection Set: 5.1ms
[2022-03-28T17:23:28.280+0800][3.904s] GC(2)   Post Evacuate Collection Set: 0.5ms
[2022-03-28T17:23:28.280+0800][3.904s] GC(2)   Other: 0.3ms
[2022-03-28T17:23:28.280+0800][3.904s] GC(2) Eden regions: 52->0(80)
[2022-03-28T17:23:28.280+0800][3.904s] GC(2) Survivor regions: 6->6(8)
[2022-03-28T17:23:28.280+0800][3.904s] GC(2) Old regions: 10->16
[2022-03-28T17:23:28.280+0800][3.904s] GC(2) Archive regions: 0->0
[2022-03-28T17:23:28.280+0800][3.904s] GC(2) Humongous regions: 4->4
[2022-03-28T17:23:28.280+0800][3.904s] GC(2) Metaspace: 21202K(21504K)->21202K(21504K) NonClass: 18809K(18944K)->18809K(18944K) Class: 2393K(2560K)->2393K(2560K)
[2022-03-28T17:23:28.280+0800][3.904s] GC(2) Pause Young (Concurrent Start) (Metadata GC Threshold) 70M->25M(512M) 6.291ms
[2022-03-28T17:23:28.280+0800][3.904s] GC(2) User=0.12s Sys=0.00s Real=0.01s
[2022-03-28T17:23:28.280+0800][3.904s] GC(3) Concurrent Mark Cycle
[2022-03-28T17:23:28.280+0800][3.904s] GC(3) Concurrent Clear Claimed Marks
[2022-03-28T17:23:28.280+0800][3.904s] GC(3) Concurrent Clear Claimed Marks 0.029ms
[2022-03-28T17:23:28.280+0800][3.904s] GC(3) Concurrent Scan Root Regions
[2022-03-28T17:23:28.286+0800][3.909s] GC(3) Concurrent Scan Root Regions 5.540ms
[2022-03-28T17:23:28.286+0800][3.909s] GC(3) Concurrent Mark
[2022-03-28T17:23:28.286+0800][3.909s] GC(3) Concurrent Mark From Roots
[2022-03-28T17:23:28.286+0800][3.909s] GC(3) Using 2 workers of 2 for marking
[2022-03-28T17:23:28.299+0800][3.923s] GC(3) Concurrent Mark From Roots 13.236ms
[2022-03-28T17:23:28.299+0800][3.923s] GC(3) Concurrent Preclean
[2022-03-28T17:23:28.299+0800][3.923s] GC(3) Concurrent Preclean 0.122ms
[2022-03-28T17:23:28.299+0800][3.923s] GC(3) Pause Remark
[2022-03-28T17:23:28.301+0800][3.925s] GC(3) Pause Remark 27M->27M(512M) 1.565ms
[2022-03-28T17:23:28.301+0800][3.925s] GC(3) User=0.00s Sys=0.00s Real=0.00s
[2022-03-28T17:23:28.301+0800][3.925s] GC(3) Concurrent Mark 15.228ms
[2022-03-28T17:23:28.301+0800][3.925s] GC(3) Concurrent Rebuild Remembered Sets
[2022-03-28T17:23:28.308+0800][3.933s] GC(3) Concurrent Rebuild Remembered Sets 7.991ms
[2022-03-28T17:23:28.308+0800][3.933s] GC(3) Pause Cleanup
[2022-03-28T17:23:28.309+0800][3.933s] GC(3) Pause Cleanup 27M->27M(512M) 0.144ms
[2022-03-28T17:23:28.309+0800][3.933s] GC(3) User=0.00s Sys=0.00s Real=0.00s
[2022-03-28T17:23:28.309+0800][3.933s] GC(3) Concurrent Cleanup for Next Mark
[2022-03-28T17:23:28.309+0800][3.933s] GC(3) Concurrent Cleanup for Next Mark 0.281ms
[2022-03-28T17:23:28.309+0800][3.933s] GC(3) Concurrent Mark Cycle 29.637ms
[2022-03-28T17:23:30.910+0800][6.534s] GC(4) Pause Young (Prepare Mixed) (G1 Evacuation Pause)
[2022-03-28T17:23:30.910+0800][6.534s] GC(4) Using 8 workers of 8 for evacuation
[2022-03-28T17:23:30.917+0800][6.540s] GC(4)   Pre Evacuate Collection Set: 0.1ms
[2022-03-28T17:23:30.917+0800][6.540s] GC(4)   Merge Heap Roots: 0.1ms
[2022-03-28T17:23:30.917+0800][6.540s] GC(4)   Evacuate Collection Set: 5.6ms
[2022-03-28T17:23:30.917+0800][6.540s] GC(4)   Post Evacuate Collection Set: 0.6ms
[2022-03-28T17:23:30.917+0800][6.540s] GC(4)   Other: 0.2ms
[2022-03-28T17:23:30.917+0800][6.540s] GC(4) Eden regions: 80->0(14)
[2022-03-28T17:23:30.917+0800][6.540s] GC(4) Survivor regions: 6->11(11)
[2022-03-28T17:23:30.917+0800][6.540s] GC(4) Old regions: 16->17
[2022-03-28T17:23:30.917+0800][6.540s] GC(4) Archive regions: 0->0
[2022-03-28T17:23:30.917+0800][6.540s] GC(4) Humongous regions: 5->4
[2022-03-28T17:23:30.917+0800][6.540s] GC(4) Metaspace: 35164K(35456K)->35164K(35456K) NonClass: 31046K(31168K)->31046K(31168K) Class: 4118K(4288K)->4118K(4288K)
[2022-03-28T17:23:30.917+0800][6.540s] GC(4) Pause Young (Prepare Mixed) (G1 Evacuation Pause) 106M->31M(512M) 6.830ms
[2022-03-28T17:23:30.917+0800][6.541s] GC(4) User=0.11s Sys=0.00s Real=0.01s
[2022-03-28T17:23:31.012+0800][6.635s] GC(5) Pause Young (Mixed) (Metadata GC Threshold)
[2022-03-28T17:23:31.012+0800][6.636s] GC(5) Using 8 workers of 8 for evacuation
[2022-03-28T17:23:31.017+0800][6.641s] GC(5)   Pre Evacuate Collection Set: 0.1ms
[2022-03-28T17:23:31.017+0800][6.641s] GC(5)   Merge Heap Roots: 0.0ms
[2022-03-28T17:23:31.017+0800][6.641s] GC(5)   Evacuate Collection Set: 4.7ms
[2022-03-28T17:23:31.017+0800][6.641s] GC(5)   Post Evacuate Collection Set: 0.3ms
[2022-03-28T17:23:31.017+0800][6.641s] GC(5)   Other: 0.2ms
[2022-03-28T17:23:31.017+0800][6.641s] GC(5) Eden regions: 5->0(306)
[2022-03-28T17:23:31.017+0800][6.641s] GC(5) Survivor regions: 11->1(4)
[2022-03-28T17:23:31.017+0800][6.641s] GC(5) Old regions: 17->28
[2022-03-28T17:23:31.017+0800][6.641s] GC(5) Archive regions: 0->0
[2022-03-28T17:23:31.017+0800][6.641s] GC(5) Humongous regions: 4->4
[2022-03-28T17:23:31.017+0800][6.641s] GC(5) Metaspace: 35968K(36288K)->35968K(36288K) NonClass: 31746K(31872K)->31746K(31872K) Class: 4222K(4416K)->4222K(4416K)
[2022-03-28T17:23:31.017+0800][6.641s] GC(5) Pause Young (Mixed) (Metadata GC Threshold) 35M->32M(512M) 5.585ms
[2022-03-28T17:23:31.017+0800][6.641s] GC(5) User=0.00s Sys=0.00s Real=0.00s
[2022-03-28T17:23:31.053+0800][6.677s] GC(6) Pause Young (Concurrent Start) (Metadata GC Threshold)
[2022-03-28T17:23:31.053+0800][6.677s] GC(6) Using 8 workers of 8 for evacuation
[2022-03-28T17:23:31.055+0800][6.679s] GC(6)   Pre Evacuate Collection Set: 0.1ms
[2022-03-28T17:23:31.055+0800][6.679s] GC(6)   Merge Heap Roots: 0.0ms
[2022-03-28T17:23:31.055+0800][6.679s] GC(6)   Evacuate Collection Set: 0.9ms
[2022-03-28T17:23:31.055+0800][6.679s] GC(6)   Post Evacuate Collection Set: 0.2ms
[2022-03-28T17:23:31.055+0800][6.679s] GC(6)   Other: 0.2ms
[2022-03-28T17:23:31.055+0800][6.679s] GC(6) Eden regions: 3->0(306)
[2022-03-28T17:23:31.055+0800][6.679s] GC(6) Survivor regions: 1->1(39)
[2022-03-28T17:23:31.055+0800][6.679s] GC(6) Old regions: 28->28
[2022-03-28T17:23:31.055+0800][6.679s] GC(6) Archive regions: 0->0
[2022-03-28T17:23:31.055+0800][6.679s] GC(6) Humongous regions: 4->4
[2022-03-28T17:23:31.055+0800][6.679s] GC(6) Metaspace: 36337K(36608K)->36337K(36608K) NonClass: 32061K(32192K)->32061K(32192K) Class: 4276K(4416K)->4276K(4416K)
[2022-03-28T17:23:31.055+0800][6.679s] GC(6) Pause Young (Concurrent Start) (Metadata GC Threshold) 34M->31M(512M) 1.788ms
[2022-03-28T17:23:31.055+0800][6.679s] GC(6) User=0.00s Sys=0.00s Real=0.00s
[2022-03-28T17:23:31.056+0800][6.679s] GC(7) Concurrent Mark Cycle
[2022-03-28T17:23:31.056+0800][6.679s] GC(7) Concurrent Clear Claimed Marks
[2022-03-28T17:23:31.056+0800][6.679s] GC(7) Concurrent Clear Claimed Marks 0.025ms
[2022-03-28T17:23:31.056+0800][6.679s] GC(7) Concurrent Scan Root Regions
[2022-03-28T17:23:31.056+0800][6.680s] GC(7) Concurrent Scan Root Regions 1.113ms
[2022-03-28T17:23:31.056+0800][6.680s] GC(7) Concurrent Mark
[2022-03-28T17:23:31.056+0800][6.680s] GC(7) Concurrent Mark From Roots
[2022-03-28T17:23:31.056+0800][6.680s] GC(7) Using 2 workers of 2 for marking
[2022-03-28T17:23:31.089+0800][6.713s] GC(7) Concurrent Mark From Roots 32.618ms
[2022-03-28T17:23:31.089+0800][6.713s] GC(7) Concurrent Preclean
[2022-03-28T17:23:31.090+0800][6.713s] GC(7) Concurrent Preclean 0.216ms
[2022-03-28T17:23:31.091+0800][6.715s] GC(7) Pause Remark
[2022-03-28T17:23:31.094+0800][6.718s] GC(7) Pause Remark 34M->34M(512M) 3.060ms
[2022-03-28T17:23:31.094+0800][6.718s] GC(7) User=0.00s Sys=0.00s Real=0.00s
[2022-03-28T17:23:31.096+0800][6.720s] GC(7) Concurrent Mark 39.641ms
[2022-03-28T17:23:31.096+0800][6.720s] GC(7) Concurrent Rebuild Remembered Sets
[2022-03-28T17:23:31.112+0800][6.736s] GC(7) Concurrent Rebuild Remembered Sets 16.260ms
[2022-03-28T17:23:31.112+0800][6.736s] GC(7) Pause Cleanup
[2022-03-28T17:23:31.113+0800][6.737s] GC(7) Pause Cleanup 35M->35M(512M) 0.143ms
[2022-03-28T17:23:31.113+0800][6.737s] GC(7) User=0.00s Sys=0.00s Real=0.00s
[2022-03-28T17:23:31.113+0800][6.737s] GC(7) Concurrent Cleanup for Next Mark
[2022-03-28T17:23:31.113+0800][6.737s] GC(7) Concurrent Cleanup for Next Mark 0.335ms
[2022-03-28T17:23:31.114+0800][6.737s] GC(7) Concurrent Mark Cycle 58.003ms
[2022-03-28T17:23:36.660+0800][12.285s] GC(8) Pause Young (Normal) (G1 Evacuation Pause)
[2022-03-28T17:23:36.660+0800][12.285s] GC(8) Using 8 workers of 8 for evacuation
[2022-03-28T17:23:36.754+0800][12.378s] GC(8) To-space exhausted
[2022-03-28T17:23:36.754+0800][12.378s] GC(8)   Pre Evacuate Collection Set: 0.0ms
[2022-03-28T17:23:36.754+0800][12.378s] GC(8)   Merge Heap Roots: 0.5ms
[2022-03-28T17:23:36.754+0800][12.378s] GC(8)   Evacuate Collection Set: 71.9ms
[2022-03-28T17:23:36.754+0800][12.378s] GC(8)   Post Evacuate Collection Set: 21.1ms
[2022-03-28T17:23:36.755+0800][12.378s] GC(8)   Other: 0.3ms
[2022-03-28T17:23:36.755+0800][12.378s] GC(8) Eden regions: 306->0(58)
[2022-03-28T17:23:36.755+0800][12.378s] GC(8) Survivor regions: 1->39(39)
[2022-03-28T17:23:36.755+0800][12.378s] GC(8) Old regions: 28->285
[2022-03-28T17:23:36.755+0800][12.378s] GC(8) Archive regions: 0->0
[2022-03-28T17:23:36.755+0800][12.378s] GC(8) Humongous regions: 80->29
[2022-03-28T17:23:36.755+0800][12.378s] GC(8) Metaspace: 48253K(48576K)->48253K(48576K) NonClass: 42458K(42624K)->42458K(42624K) Class: 5795K(5952K)->5795K(5952K)
[2022-03-28T17:23:36.755+0800][12.379s] GC(8) Pause Young (Normal) (G1 Evacuation Pause) 413M->352M(512M) 93.992ms
[2022-03-28T17:23:36.755+0800][12.379s] GC(8) User=0.67s Sys=0.00s Real=0.10s
[2022-03-28T17:24:12.903+0800][48.527s] GC(9) Pause Young (Concurrent Start) (G1 Humongous Allocation)
[2022-03-28T17:24:12.903+0800][48.527s] GC(9) Using 8 workers of 8 for evacuation
[2022-03-28T17:24:12.928+0800][48.552s] GC(9)   Pre Evacuate Collection Set: 0.1ms
[2022-03-28T17:24:12.928+0800][48.552s] GC(9)   Merge Heap Roots: 0.2ms
[2022-03-28T17:24:12.928+0800][48.552s] GC(9)   Evacuate Collection Set: 24.3ms
[2022-03-28T17:24:12.928+0800][48.552s] GC(9)   Post Evacuate Collection Set: 0.7ms
[2022-03-28T17:24:12.928+0800][48.552s] GC(9)   Other: 0.2ms
[2022-03-28T17:24:12.928+0800][48.552s] GC(9) Eden regions: 15->0(48)
[2022-03-28T17:24:12.928+0800][48.552s] GC(9) Survivor regions: 39->7(13)
[2022-03-28T17:24:12.928+0800][48.552s] GC(9) Old regions: 285->327
[2022-03-28T17:24:12.928+0800][48.552s] GC(9) Archive regions: 0->0
[2022-03-28T17:24:12.928+0800][48.552s] GC(9) Humongous regions: 29->29
[2022-03-28T17:24:12.928+0800][48.552s] GC(9) Metaspace: 49244K(49600K)->49244K(49600K) NonClass: 43323K(43520K)->43323K(43520K) Class: 5921K(6080K)->5921K(6080K)
[2022-03-28T17:24:12.929+0800][48.553s] GC(9) Pause Young (Concurrent Start) (G1 Humongous Allocation) 366M->362M(512M) 25.827ms
[2022-03-28T17:24:12.929+0800][48.553s] GC(9) User=0.12s Sys=0.00s Real=0.03s
[2022-03-28T17:24:12.929+0800][48.553s] GC(10) Concurrent Mark Cycle
[2022-03-28T17:24:12.929+0800][48.553s] GC(10) Concurrent Clear Claimed Marks
[2022-03-28T17:24:12.929+0800][48.553s] GC(10) Concurrent Clear Claimed Marks 0.046ms
[2022-03-28T17:24:12.929+0800][48.553s] GC(10) Concurrent Scan Root Regions
[2022-03-28T17:24:12.949+0800][48.572s] GC(10) Concurrent Scan Root Regions 19.419ms
[2022-03-28T17:24:12.949+0800][48.572s] GC(10) Concurrent Mark
[2022-03-28T17:24:12.949+0800][48.572s] GC(10) Concurrent Mark From Roots
[2022-03-28T17:24:12.949+0800][48.572s] GC(10) Using 2 workers of 2 for marking
[2022-03-28T17:24:13.120+0800][48.743s] GC(10) Concurrent Mark From Roots 171.118ms
[2022-03-28T17:24:13.120+0800][48.743s] GC(10) Concurrent Preclean
[2022-03-28T17:24:13.120+0800][48.744s] GC(10) Concurrent Preclean 0.240ms
[2022-03-28T17:24:13.120+0800][48.744s] GC(10) Pause Remark
[2022-03-28T17:24:13.123+0800][48.747s] GC(10) Pause Remark 434M->430M(512M) 2.678ms
[2022-03-28T17:24:13.123+0800][48.747s] GC(10) User=0.00s Sys=0.00s Real=0.00s
[2022-03-28T17:24:13.123+0800][48.747s] GC(10) Concurrent Mark 174.714ms
[2022-03-28T17:24:13.123+0800][48.747s] GC(10) Concurrent Rebuild Remembered Sets
[2022-03-28T17:24:13.128+0800][48.752s] GC(11) Pause Young (Normal) (G1 Evacuation Pause)
[2022-03-28T17:24:13.128+0800][48.752s] GC(11) Using 8 workers of 8 for evacuation
[2022-03-28T17:24:13.161+0800][48.785s] GC(11)   Pre Evacuate Collection Set: 0.1ms
[2022-03-28T17:24:13.161+0800][48.785s] GC(11)   Merge Heap Roots: 0.2ms
[2022-03-28T17:24:13.161+0800][48.785s] GC(11)   Evacuate Collection Set: 31.7ms
[2022-03-28T17:24:13.161+0800][48.785s] GC(11)   Post Evacuate Collection Set: 0.4ms
[2022-03-28T17:24:13.161+0800][48.785s] GC(11)   Other: 0.4ms
[2022-03-28T17:24:13.161+0800][48.785s] GC(11) Eden regions: 48->0(29)
[2022-03-28T17:24:13.161+0800][48.785s] GC(11) Survivor regions: 7->7(7)
[2022-03-28T17:24:13.161+0800][48.785s] GC(11) Old regions: 327->355
[2022-03-28T17:24:13.161+0800][48.785s] GC(11) Archive regions: 0->0
[2022-03-28T17:24:13.161+0800][48.785s] GC(11) Humongous regions: 51->36
[2022-03-28T17:24:13.161+0800][48.785s] GC(11) Metaspace: 49245K(49600K)->49245K(49600K) NonClass: 43324K(43520K)->43324K(43520K) Class: 5921K(6080K)->5921K(6080K)
[2022-03-28T17:24:13.161+0800][48.785s] GC(11) Pause Young (Normal) (G1 Evacuation Pause) 432M->397M(512M) 33.007ms
[2022-03-28T17:24:13.162+0800][48.785s] GC(11) User=0.22s Sys=0.00s Real=0.03s
[2022-03-28T17:24:13.229+0800][48.853s] GC(12) Pause Young (Normal) (G1 Evacuation Pause)
[2022-03-28T17:24:13.229+0800][48.853s] GC(12) Using 8 workers of 8 for evacuation
[2022-03-28T17:24:13.252+0800][48.876s] GC(12)   Pre Evacuate Collection Set: 0.1ms
[2022-03-28T17:24:13.252+0800][48.876s] GC(12)   Merge Heap Roots: 0.3ms
[2022-03-28T17:24:13.252+0800][48.876s] GC(12)   Evacuate Collection Set: 22.1ms
[2022-03-28T17:24:13.252+0800][48.876s] GC(12)   Post Evacuate Collection Set: 0.4ms
[2022-03-28T17:24:13.252+0800][48.876s] GC(12)   Other: 0.2ms
[2022-03-28T17:24:13.252+0800][48.876s] GC(12) Eden regions: 29->0(20)
[2022-03-28T17:24:13.252+0800][48.876s] GC(12) Survivor regions: 7->5(5)
[2022-03-28T17:24:13.252+0800][48.876s] GC(12) Old regions: 355->375
[2022-03-28T17:24:13.252+0800][48.876s] GC(12) Archive regions: 0->0
[2022-03-28T17:24:13.252+0800][48.876s] GC(12) Humongous regions: 36->36
[2022-03-28T17:24:13.252+0800][48.876s] GC(12) Metaspace: 49245K(49600K)->49245K(49600K) NonClass: 43324K(43520K)->43324K(43520K) Class: 5921K(6080K)->5921K(6080K)
[2022-03-28T17:24:13.252+0800][48.876s] GC(12) Pause Young (Normal) (G1 Evacuation Pause) 426M->415M(512M) 23.455ms
[2022-03-28T17:24:13.252+0800][48.876s] GC(12) User=0.11s Sys=0.00s Real=0.02s
[2022-03-28T17:24:13.304+0800][48.928s] GC(10) Concurrent Rebuild Remembered Sets 180.630ms
[2022-03-28T17:24:13.304+0800][48.928s] GC(10) Pause Cleanup
[2022-03-28T17:24:13.304+0800][48.928s] GC(10) Pause Cleanup 429M->429M(512M) 0.297ms
[2022-03-28T17:24:13.304+0800][48.928s] GC(10) User=0.00s Sys=0.00s Real=0.00s
[2022-03-28T17:24:13.304+0800][48.928s] GC(10) Concurrent Cleanup for Next Mark
[2022-03-28T17:24:13.305+0800][48.929s] GC(10) Concurrent Cleanup for Next Mark 0.690ms
[2022-03-28T17:24:13.305+0800][48.929s] GC(10) Concurrent Mark Cycle 376.373ms
[2022-03-28T17:24:13.336+0800][48.960s] GC(13) Pause Young (Prepare Mixed) (G1 Evacuation Pause)
[2022-03-28T17:24:13.336+0800][48.960s] GC(13) Using 8 workers of 8 for evacuation
[2022-03-28T17:24:13.353+0800][48.977s] GC(13)   Pre Evacuate Collection Set: 0.1ms
[2022-03-28T17:24:13.353+0800][48.977s] GC(13)   Merge Heap Roots: 0.3ms
[2022-03-28T17:24:13.353+0800][48.977s] GC(13)   Evacuate Collection Set: 15.5ms
[2022-03-28T17:24:13.353+0800][48.977s] GC(13)   Post Evacuate Collection Set: 0.4ms
[2022-03-28T17:24:13.353+0800][48.977s] GC(13)   Other: 0.2ms
[2022-03-28T17:24:13.353+0800][48.977s] GC(13) Eden regions: 20->0(21)
[2022-03-28T17:24:13.353+0800][48.977s] GC(13) Survivor regions: 5->4(4)
[2022-03-28T17:24:13.353+0800][48.977s] GC(13) Old regions: 375->390
[2022-03-28T17:24:13.353+0800][48.977s] GC(13) Archive regions: 0->0
[2022-03-28T17:24:13.353+0800][48.977s] GC(13) Humongous regions: 39->39
[2022-03-28T17:24:13.353+0800][48.977s] GC(13) Metaspace: 49245K(49600K)->49245K(49600K) NonClass: 43324K(43520K)->43324K(43520K) Class: 5921K(6080K)->5921K(6080K)
[2022-03-28T17:24:13.353+0800][48.977s] GC(13) Pause Young (Prepare Mixed) (G1 Evacuation Pause) 438M->432M(512M) 16.826ms
[2022-03-28T17:24:13.353+0800][48.977s] GC(13) User=0.14s Sys=0.00s Real=0.02s
[2022-03-28T17:24:13.393+0800][49.017s] GC(14) Pause Young (Mixed) (G1 Evacuation Pause)
[2022-03-28T17:24:13.393+0800][49.017s] GC(14) Using 8 workers of 8 for evacuation
[2022-03-28T17:24:13.415+0800][49.038s] GC(14)   Pre Evacuate Collection Set: 0.1ms
[2022-03-28T17:24:13.415+0800][49.038s] GC(14)   Merge Heap Roots: 0.3ms
[2022-03-28T17:24:13.415+0800][49.038s] GC(14)   Evacuate Collection Set: 20.4ms
[2022-03-28T17:24:13.415+0800][49.038s] GC(14)   Post Evacuate Collection Set: 0.4ms
[2022-03-28T17:24:13.415+0800][49.038s] GC(14)   Other: 0.2ms
[2022-03-28T17:24:13.415+0800][49.038s] GC(14) Eden regions: 21->0(21)
[2022-03-28T17:24:13.415+0800][49.038s] GC(14) Survivor regions: 4->4(4)
[2022-03-28T17:24:13.415+0800][49.039s] GC(14) Old regions: 390->351
[2022-03-28T17:24:13.415+0800][49.039s] GC(14) Archive regions: 0->0
[2022-03-28T17:24:13.415+0800][49.039s] GC(14) Humongous regions: 39->39
[2022-03-28T17:24:13.415+0800][49.039s] GC(14) Metaspace: 49245K(49600K)->49245K(49600K) NonClass: 43324K(43520K)->43324K(43520K) Class: 5921K(6080K)->5921K(6080K)
[2022-03-28T17:24:13.415+0800][49.039s] GC(14) Pause Young (Mixed) (G1 Evacuation Pause) 453M->393M(512M) 21.599ms
[2022-03-28T17:24:13.415+0800][49.039s] GC(14) User=0.09s Sys=0.00s Real=0.02s
[2022-03-28T17:24:13.456+0800][49.080s] GC(15) Pause Young (Mixed) (G1 Evacuation Pause)
[2022-03-28T17:24:13.456+0800][49.080s] GC(15) Using 8 workers of 8 for evacuation
[2022-03-28T17:24:13.476+0800][49.100s] GC(15)   Pre Evacuate Collection Set: 0.1ms
[2022-03-28T17:24:13.477+0800][49.100s] GC(15)   Merge Heap Roots: 0.3ms
[2022-03-28T17:24:13.477+0800][49.100s] GC(15)   Evacuate Collection Set: 19.3ms
[2022-03-28T17:24:13.477+0800][49.100s] GC(15)   Post Evacuate Collection Set: 0.4ms
[2022-03-28T17:24:13.477+0800][49.100s] GC(15)   Other: 0.2ms
[2022-03-28T17:24:13.477+0800][49.100s] GC(15) Eden regions: 21->0(21)
[2022-03-28T17:24:13.477+0800][49.100s] GC(15) Survivor regions: 4->4(4)
[2022-03-28T17:24:13.477+0800][49.101s] GC(15) Old regions: 351->314
[2022-03-28T17:24:13.477+0800][49.101s] GC(15) Archive regions: 0->0
[2022-03-28T17:24:13.477+0800][49.101s] GC(15) Humongous regions: 39->39
[2022-03-28T17:24:13.477+0800][49.101s] GC(15) Metaspace: 49245K(49600K)->49245K(49600K) NonClass: 43324K(43520K)->43324K(43520K) Class: 5921K(6080K)->5921K(6080K)
[2022-03-28T17:24:13.477+0800][49.101s] GC(15) Pause Young (Mixed) (G1 Evacuation Pause) 414M->356M(512M) 20.620ms
[2022-03-28T17:24:13.477+0800][49.101s] GC(15) User=0.09s Sys=0.00s Real=0.02s
[2022-03-28T17:24:13.950+0800][49.575s] GC(16) Pause Young (Mixed) (G1 Evacuation Pause)
[2022-03-28T17:24:13.950+0800][49.575s] GC(16) Using 8 workers of 8 for evacuation
[2022-03-28T17:24:13.970+0800][49.594s] GC(16)   Pre Evacuate Collection Set: 0.1ms
[2022-03-28T17:24:13.970+0800][49.594s] GC(16)   Merge Heap Roots: 0.1ms
[2022-03-28T17:24:13.971+0800][49.594s] GC(16)   Evacuate Collection Set: 18.9ms
[2022-03-28T17:24:13.971+0800][49.594s] GC(16)   Post Evacuate Collection Set: 0.4ms
[2022-03-28T17:24:13.971+0800][49.594s] GC(16)   Other: 0.2ms
[2022-03-28T17:24:13.971+0800][49.594s] GC(16) Eden regions: 21->0(21)
[2022-03-28T17:24:13.971+0800][49.594s] GC(16) Survivor regions: 4->4(4)
[2022-03-28T17:24:13.971+0800][49.594s] GC(16) Old regions: 314->278
[2022-03-28T17:24:13.971+0800][49.594s] GC(16) Archive regions: 0->0
[2022-03-28T17:24:13.971+0800][49.594s] GC(16) Humongous regions: 62->47
[2022-03-28T17:24:13.971+0800][49.594s] GC(16) Metaspace: 49248K(49600K)->49248K(49600K) NonClass: 43324K(43520K)->43324K(43520K) Class: 5923K(6080K)->5923K(6080K)
[2022-03-28T17:24:13.971+0800][49.594s] GC(16) Pause Young (Mixed) (G1 Evacuation Pause) 400M->328M(512M) 19.943ms
[2022-03-28T17:24:13.971+0800][49.595s] GC(16) User=0.11s Sys=0.00s Real=0.02s
[2022-03-28T17:24:14.012+0800][49.636s] GC(17) Pause Young (Mixed) (G1 Evacuation Pause)
[2022-03-28T17:24:14.012+0800][49.636s] GC(17) Using 8 workers of 8 for evacuation
[2022-03-28T17:24:14.027+0800][49.651s] GC(17)   Pre Evacuate Collection Set: 0.1ms
[2022-03-28T17:24:14.027+0800][49.651s] GC(17)   Merge Heap Roots: 0.1ms
[2022-03-28T17:24:14.027+0800][49.651s] GC(17)   Evacuate Collection Set: 14.3ms
[2022-03-28T17:24:14.027+0800][49.651s] GC(17)   Post Evacuate Collection Set: 0.3ms
[2022-03-28T17:24:14.027+0800][49.651s] GC(17)   Other: 0.2ms
[2022-03-28T17:24:14.027+0800][49.651s] GC(17) Eden regions: 21->0(55)
[2022-03-28T17:24:14.027+0800][49.651s] GC(17) Survivor regions: 4->4(4)
[2022-03-28T17:24:14.027+0800][49.651s] GC(17) Old regions: 278->281
[2022-03-28T17:24:14.027+0800][49.651s] GC(17) Archive regions: 0->0
[2022-03-28T17:24:14.027+0800][49.651s] GC(17) Humongous regions: 48->48
[2022-03-28T17:24:14.027+0800][49.651s] GC(17) Metaspace: 49248K(49600K)->49248K(49600K) NonClass: 43324K(43520K)->43324K(43520K) Class: 5923K(6080K)->5923K(6080K)
[2022-03-28T17:24:14.027+0800][49.651s] GC(17) Pause Young (Mixed) (G1 Evacuation Pause) 350M->332M(512M) 15.307ms
[2022-03-28T17:24:14.027+0800][49.651s] GC(17) User=0.11s Sys=0.00s Real=0.01s
[2022-03-28T17:24:14.038+0800][49.662s] GC(18) Pause Young (Concurrent Start) (G1 Humongous Allocation)
[2022-03-28T17:24:14.038+0800][49.662s] GC(18) Using 8 workers of 8 for evacuation
[2022-03-28T17:24:14.059+0800][49.682s] GC(18)   Pre Evacuate Collection Set: 0.1ms
[2022-03-28T17:24:14.059+0800][49.682s] GC(18)   Merge Heap Roots: 0.1ms
[2022-03-28T17:24:14.059+0800][49.683s] GC(18)   Evacuate Collection Set: 20.0ms
[2022-03-28T17:24:14.059+0800][49.683s] GC(18)   Post Evacuate Collection Set: 0.3ms
[2022-03-28T17:24:14.059+0800][49.683s] GC(18)   Other: 0.3ms
[2022-03-28T17:24:14.059+0800][49.683s] GC(18) Eden regions: 6->0(52)
[2022-03-28T17:24:14.059+0800][49.683s] GC(18) Survivor regions: 4->8(8)
[2022-03-28T17:24:14.059+0800][49.683s] GC(18) Old regions: 281->281
[2022-03-28T17:24:14.059+0800][49.683s] GC(18) Archive regions: 0->0
[2022-03-28T17:24:14.059+0800][49.683s] GC(18) Humongous regions: 48->48
[2022-03-28T17:24:14.059+0800][49.683s] GC(18) Metaspace: 49248K(49600K)->49248K(49600K) NonClass: 43324K(43520K)->43324K(43520K) Class: 5923K(6080K)->5923K(6080K)
[2022-03-28T17:24:14.059+0800][49.683s] GC(18) Pause Young (Concurrent Start) (G1 Humongous Allocation) 338M->336M(512M) 21.020ms
[2022-03-28T17:24:14.059+0800][49.683s] GC(18) User=0.20s Sys=0.00s Real=0.02s
[2022-03-28T17:24:14.059+0800][49.683s] GC(19) Concurrent Mark Cycle
[2022-03-28T17:24:14.059+0800][49.683s] GC(19) Concurrent Clear Claimed Marks
[2022-03-28T17:24:14.059+0800][49.683s] GC(19) Concurrent Clear Claimed Marks 0.046ms
[2022-03-28T17:24:14.059+0800][49.683s] GC(19) Concurrent Scan Root Regions
[2022-03-28T17:24:14.063+0800][49.687s] GC(19) Concurrent Scan Root Regions 3.635ms
[2022-03-28T17:24:14.063+0800][49.687s] GC(19) Concurrent Mark
[2022-03-28T17:24:14.063+0800][49.687s] GC(19) Concurrent Mark From Roots
[2022-03-28T17:24:14.063+0800][49.687s] GC(19) Using 2 workers of 2 for marking
[2022-03-28T17:24:14.239+0800][49.863s] GC(20) Pause Young (Normal) (G1 Evacuation Pause)
[2022-03-28T17:24:14.239+0800][49.863s] GC(20) Using 8 workers of 8 for evacuation
[2022-03-28T17:24:14.276+0800][49.900s] GC(20)   Pre Evacuate Collection Set: 0.1ms
[2022-03-28T17:24:14.276+0800][49.900s] GC(20)   Merge Heap Roots: 0.7ms
[2022-03-28T17:24:14.276+0800][49.900s] GC(20)   Evacuate Collection Set: 35.7ms
[2022-03-28T17:24:14.276+0800][49.900s] GC(20)   Post Evacuate Collection Set: 0.4ms
[2022-03-28T17:24:14.276+0800][49.900s] GC(20)   Other: 0.2ms
[2022-03-28T17:24:14.276+0800][49.900s] GC(20) Eden regions: 52->0(37)
[2022-03-28T17:24:14.276+0800][49.900s] GC(20) Survivor regions: 8->8(8)
[2022-03-28T17:24:14.276+0800][49.900s] GC(20) Old regions: 281->310
[2022-03-28T17:24:14.276+0800][49.900s] GC(20) Archive regions: 0->0
[2022-03-28T17:24:14.276+0800][49.900s] GC(20) Humongous regions: 53->53
[2022-03-28T17:24:14.276+0800][49.900s] GC(20) Metaspace: 49248K(49600K)->49248K(49600K) NonClass: 43324K(43520K)->43324K(43520K) Class: 5923K(6080K)->5923K(6080K)
[2022-03-28T17:24:14.276+0800][49.900s] GC(20) Pause Young (Normal) (G1 Evacuation Pause) 393M->371M(512M) 37.517ms
[2022-03-28T17:24:14.277+0800][49.900s] GC(20) User=0.31s Sys=0.00s Real=0.04s
[2022-03-28T17:24:14.366+0800][49.989s] GC(21) Pause Young (Normal) (G1 Evacuation Pause)
[2022-03-28T17:24:14.366+0800][49.989s] GC(21) Using 8 workers of 8 for evacuation
[2022-03-28T17:24:14.394+0800][50.018s] GC(21)   Pre Evacuate Collection Set: 0.1ms
[2022-03-28T17:24:14.394+0800][50.018s] GC(21)   Merge Heap Roots: 0.4ms
[2022-03-28T17:24:14.394+0800][50.018s] GC(21)   Evacuate Collection Set: 27.7ms
[2022-03-28T17:24:14.394+0800][50.018s] GC(21)   Post Evacuate Collection Set: 0.5ms
[2022-03-28T17:24:14.395+0800][50.018s] GC(21)   Other: 0.2ms
[2022-03-28T17:24:14.395+0800][50.018s] GC(21) Eden regions: 37->0(27)
[2022-03-28T17:24:14.395+0800][50.018s] GC(21) Survivor regions: 8->6(6)
[2022-03-28T17:24:14.395+0800][50.018s] GC(21) Old regions: 310->336
[2022-03-28T17:24:14.395+0800][50.018s] GC(21) Archive regions: 0->0
[2022-03-28T17:24:14.395+0800][50.018s] GC(21) Humongous regions: 53->53
[2022-03-28T17:24:14.395+0800][50.018s] GC(21) Metaspace: 49248K(49600K)->49248K(49600K) NonClass: 43324K(43520K)->43324K(43520K) Class: 5923K(6080K)->5923K(6080K)
[2022-03-28T17:24:14.395+0800][50.018s] GC(21) Pause Young (Normal) (G1 Evacuation Pause) 408M->394M(512M) 29.226ms
[2022-03-28T17:24:14.395+0800][50.018s] GC(21) User=0.19s Sys=0.00s Real=0.03s
[2022-03-28T17:24:14.543+0800][50.171s] GC(19) Concurrent Mark From Roots 484.706ms
[2022-03-28T17:24:14.543+0800][50.171s] GC(19) Concurrent Preclean
[2022-03-28T17:24:14.543+0800][50.172s] GC(19) Concurrent Preclean 0.225ms
[2022-03-28T17:24:14.548+0800][50.172s] GC(19) Pause Remark
[2022-03-28T17:24:14.551+0800][50.175s] GC(19) Pause Remark 401M->382M(512M) 2.823ms
[2022-03-28T17:24:14.551+0800][50.175s] GC(19) User=0.00s Sys=0.00s Real=0.00s
[2022-03-28T17:24:14.552+0800][50.176s] GC(19) Concurrent Mark 488.987ms
[2022-03-28T17:24:14.552+0800][50.176s] GC(19) Concurrent Rebuild Remembered Sets
[2022-03-28T17:24:14.796+0800][50.420s] GC(19) Concurrent Rebuild Remembered Sets 243.934ms
[2022-03-28T17:24:14.796+0800][50.420s] GC(19) Pause Cleanup
[2022-03-28T17:24:14.796+0800][50.420s] GC(19) Pause Cleanup 385M->385M(512M) 0.272ms
[2022-03-28T17:24:14.796+0800][50.420s] GC(19) User=0.00s Sys=0.00s Real=0.00s
[2022-03-28T17:24:14.797+0800][50.420s] GC(19) Concurrent Cleanup for Next Mark
[2022-03-28T17:24:14.797+0800][50.421s] GC(19) Concurrent Cleanup for Next Mark 0.639ms
[2022-03-28T17:24:14.797+0800][50.421s] GC(19) Concurrent Mark Cycle 738.069ms
[2022-03-28T17:24:41.329+0800][76.953s] GC(22) Pause Young (Prepare Mixed) (G1 Evacuation Pause)
[2022-03-28T17:24:41.329+0800][76.953s] GC(22) Using 8 workers of 8 for evacuation
[2022-03-28T17:24:41.347+0800][76.970s] GC(22)   Pre Evacuate Collection Set: 0.1ms
[2022-03-28T17:24:41.347+0800][76.970s] GC(22)   Merge Heap Roots: 0.1ms
[2022-03-28T17:24:41.347+0800][76.970s] GC(22)   Evacuate Collection Set: 16.8ms
[2022-03-28T17:24:41.347+0800][76.970s] GC(22)   Post Evacuate Collection Set: 0.4ms
[2022-03-28T17:24:41.347+0800][76.970s] GC(22)   Other: 0.2ms
[2022-03-28T17:24:41.347+0800][76.970s] GC(22) Eden regions: 27->0(20)
[2022-03-28T17:24:41.347+0800][76.970s] GC(22) Survivor regions: 6->5(5)
[2022-03-28T17:24:41.347+0800][76.970s] GC(22) Old regions: 336->344
[2022-03-28T17:24:41.347+0800][76.970s] GC(22) Archive regions: 0->0
[2022-03-28T17:24:41.347+0800][76.970s] GC(22) Humongous regions: 34->34
[2022-03-28T17:24:41.347+0800][76.970s] GC(22) Metaspace: 50046K(50432K)->50046K(50432K) NonClass: 44060K(44288K)->44060K(44288K) Class: 5986K(6144K)->5986K(6144K)
[2022-03-28T17:24:41.347+0800][76.971s] GC(22) Pause Young (Prepare Mixed) (G1 Evacuation Pause) 402M->382M(512M) 17.804ms
[2022-03-28T17:24:41.347+0800][76.971s] GC(22) User=0.12s Sys=0.00s Real=0.02s
[2022-03-28T17:24:41.671+0800][77.295s] GC(23) Pause Young (Mixed) (G1 Evacuation Pause)
[2022-03-28T17:24:41.671+0800][77.295s] GC(23) Using 8 workers of 8 for evacuation
[2022-03-28T17:24:41.679+0800][77.303s] GC(23)   Pre Evacuate Collection Set: 0.1ms
[2022-03-28T17:24:41.679+0800][77.303s] GC(23)   Merge Heap Roots: 0.2ms
[2022-03-28T17:24:41.679+0800][77.303s] GC(23)   Evacuate Collection Set: 7.4ms
[2022-03-28T17:24:41.679+0800][77.303s] GC(23)   Post Evacuate Collection Set: 0.3ms
[2022-03-28T17:24:41.679+0800][77.303s] GC(23)   Other: 0.2ms
[2022-03-28T17:24:41.679+0800][77.303s] GC(23) Eden regions: 20->0(40)
[2022-03-28T17:24:41.679+0800][77.303s] GC(23) Survivor regions: 5->1(4)
[2022-03-28T17:24:41.679+0800][77.303s] GC(23) Old regions: 344->337
[2022-03-28T17:24:41.679+0800][77.303s] GC(23) Archive regions: 0->0
[2022-03-28T17:24:41.679+0800][77.303s] GC(23) Humongous regions: 34->34
[2022-03-28T17:24:41.680+0800][77.303s] GC(23) Metaspace: 50059K(50432K)->50059K(50432K) NonClass: 44073K(44288K)->44073K(44288K) Class: 5986K(6144K)->5986K(6144K)
[2022-03-28T17:24:41.680+0800][77.303s] GC(23) Pause Young (Mixed) (G1 Evacuation Pause) 402M->371M(512M) 8.311ms
[2022-03-28T17:24:41.680+0800][77.303s] GC(23) User=0.00s Sys=0.00s Real=0.01s
[2022-03-28T17:25:38.571+0800][134.196s] GC(24) Pause Young (Concurrent Start) (G1 Evacuation Pause)
[2022-03-28T17:25:38.571+0800][134.196s] GC(24) Using 8 workers of 8 for evacuation
[2022-03-28T17:25:38.574+0800][134.198s] GC(24)   Pre Evacuate Collection Set: 0.1ms
[2022-03-28T17:25:38.574+0800][134.198s] GC(24)   Merge Heap Roots: 0.1ms
[2022-03-28T17:25:38.575+0800][134.198s] GC(24)   Evacuate Collection Set: 1.7ms
[2022-03-28T17:25:38.575+0800][134.198s] GC(24)   Post Evacuate Collection Set: 0.3ms
[2022-03-28T17:25:38.575+0800][134.198s] GC(24)   Other: 0.2ms
[2022-03-28T17:25:38.575+0800][134.198s] GC(24) Eden regions: 40->0(43)
[2022-03-28T17:25:38.575+0800][134.198s] GC(24) Survivor regions: 1->2(6)
[2022-03-28T17:25:38.575+0800][134.198s] GC(24) Old regions: 337->337
[2022-03-28T17:25:38.575+0800][134.198s] GC(24) Archive regions: 0->0
[2022-03-28T17:25:38.575+0800][134.198s] GC(24) Humongous regions: 34->34
[2022-03-28T17:25:38.575+0800][134.198s] GC(24) Metaspace: 50118K(50432K)->50118K(50432K) NonClass: 44132K(44288K)->44132K(44288K) Class: 5986K(6144K)->5986K(6144K)
[2022-03-28T17:25:38.575+0800][134.198s] GC(24) Pause Young (Concurrent Start) (G1 Evacuation Pause) 411M->371M(512M) 2.492ms
[2022-03-28T17:25:38.575+0800][134.198s] GC(24) User=0.02s Sys=0.03s Real=0.00s
[2022-03-28T17:25:38.575+0800][134.198s] GC(25) Concurrent Mark Cycle
[2022-03-28T17:25:38.575+0800][134.198s] GC(25) Concurrent Clear Claimed Marks
[2022-03-28T17:25:38.575+0800][134.198s] GC(25) Concurrent Clear Claimed Marks 0.029ms
[2022-03-28T17:25:38.575+0800][134.198s] GC(25) Concurrent Scan Root Regions
[2022-03-28T17:25:38.575+0800][134.199s] GC(25) Concurrent Scan Root Regions 0.752ms
[2022-03-28T17:25:38.575+0800][134.199s] GC(25) Concurrent Mark
[2022-03-28T17:25:38.575+0800][134.199s] GC(25) Concurrent Mark From Roots
[2022-03-28T17:25:38.575+0800][134.199s] GC(25) Using 2 workers of 2 for marking
[2022-03-28T17:25:39.047+0800][134.671s] GC(25) Concurrent Mark From Roots 471.732ms
[2022-03-28T17:25:39.047+0800][134.671s] GC(25) Concurrent Preclean
[2022-03-28T17:25:39.047+0800][134.671s] GC(25) Concurrent Preclean 0.215ms
[2022-03-28T17:25:39.047+0800][134.671s] GC(25) Pause Remark
[2022-03-28T17:25:39.051+0800][134.674s] GC(25) Pause Remark 405M->394M(512M) 2.946ms
[2022-03-28T17:25:39.051+0800][134.674s] GC(25) User=0.00s Sys=0.00s Real=0.00s
[2022-03-28T17:25:39.051+0800][134.675s] GC(25) Concurrent Mark 475.395ms
[2022-03-28T17:25:39.051+0800][134.675s] GC(25) Concurrent Rebuild Remembered Sets
[2022-03-28T17:25:39.177+0800][134.801s] GC(26) Pause Young (Normal) (G1 Evacuation Pause)
[2022-03-28T17:25:39.177+0800][134.801s] GC(26) Using 8 workers of 8 for evacuation
[2022-03-28T17:25:39.179+0800][134.803s] GC(26)   Pre Evacuate Collection Set: 0.1ms
[2022-03-28T17:25:39.179+0800][134.803s] GC(26)   Merge Heap Roots: 0.0ms
[2022-03-28T17:25:39.179+0800][134.803s] GC(26)   Evacuate Collection Set: 0.7ms
[2022-03-28T17:25:39.179+0800][134.803s] GC(26)   Post Evacuate Collection Set: 0.3ms
[2022-03-28T17:25:39.179+0800][134.803s] GC(26)   Other: 0.3ms
[2022-03-28T17:25:39.179+0800][134.803s] GC(26) Eden regions: 43->0(53)
[2022-03-28T17:25:39.179+0800][134.803s] GC(26) Survivor regions: 2->2(6)
[2022-03-28T17:25:39.179+0800][134.803s] GC(26) Old regions: 337->337
[2022-03-28T17:25:39.179+0800][134.803s] GC(26) Archive regions: 0->0
[2022-03-28T17:25:39.179+0800][134.803s] GC(26) Humongous regions: 23->23
[2022-03-28T17:25:39.179+0800][134.803s] GC(26) Metaspace: 50130K(50496K)->50130K(50496K) NonClass: 44143K(44352K)->44143K(44352K) Class: 5986K(6144K)->5986K(6144K)
[2022-03-28T17:25:39.179+0800][134.803s] GC(26) Pause Young (Normal) (G1 Evacuation Pause) 403M->360M(512M) 1.708ms
[2022-03-28T17:25:39.179+0800][134.803s] GC(26) User=0.00s Sys=0.00s Real=0.00s
[2022-03-28T17:25:39.346+0800][134.970s] GC(25) Concurrent Rebuild Remembered Sets 295.741ms
[2022-03-28T17:25:39.347+0800][134.971s] GC(25) Pause Cleanup
[2022-03-28T17:25:39.347+0800][134.971s] GC(25) Pause Cleanup 372M->372M(512M) 0.476ms
[2022-03-28T17:25:39.347+0800][134.971s] GC(25) User=0.00s Sys=0.00s Real=0.00s
[2022-03-28T17:25:39.347+0800][134.971s] GC(25) Concurrent Cleanup for Next Mark
[2022-03-28T17:25:39.347+0800][134.972s] GC(25) Concurrent Cleanup for Next Mark 0.378ms
[2022-03-28T17:25:39.347+0800][134.972s] GC(25) Concurrent Mark Cycle 773.577ms
[2022-03-28T17:25:40.089+0800][135.714s] GC(27) Pause Young (Prepare Mixed) (G1 Evacuation Pause)
[2022-03-28T17:25:40.089+0800][135.714s] GC(27) Using 8 workers of 8 for evacuation
[2022-03-28T17:25:40.092+0800][135.715s] GC(27)   Pre Evacuate Collection Set: 0.1ms
[2022-03-28T17:25:40.092+0800][135.715s] GC(27)   Merge Heap Roots: 0.0ms
[2022-03-28T17:25:40.092+0800][135.715s] GC(27)   Evacuate Collection Set: 1.0ms
[2022-03-28T17:25:40.092+0800][135.715s] GC(27)   Post Evacuate Collection Set: 0.2ms
[2022-03-28T17:25:40.092+0800][135.715s] GC(27)   Other: 0.2ms
[2022-03-28T17:25:40.092+0800][135.715s] GC(27) Eden regions: 53->0(24)
[2022-03-28T17:25:40.092+0800][135.715s] GC(27) Survivor regions: 2->1(7)
[2022-03-28T17:25:40.092+0800][135.715s] GC(27) Old regions: 337->337
[2022-03-28T17:25:40.092+0800][135.715s] GC(27) Archive regions: 0->0
[2022-03-28T17:25:40.092+0800][135.715s] GC(27) Humongous regions: 23->23
[2022-03-28T17:25:40.092+0800][135.715s] GC(27) Metaspace: 50176K(50496K)->50176K(50496K) NonClass: 44189K(44352K)->44189K(44352K) Class: 5986K(6144K)->5986K(6144K)
[2022-03-28T17:25:40.092+0800][135.715s] GC(27) Pause Young (Prepare Mixed) (G1 Evacuation Pause) 413M->360M(512M) 1.630ms
[2022-03-28T17:25:40.092+0800][135.716s] GC(27) User=0.00s Sys=0.00s Real=0.00s
[2022-03-28T17:25:40.475+0800][136.099s] GC(28) Pause Young (Mixed) (G1 Evacuation Pause)
[2022-03-28T17:25:40.475+0800][136.099s] GC(28) Using 8 workers of 8 for evacuation
[2022-03-28T17:25:40.478+0800][136.102s] GC(28)   Pre Evacuate Collection Set: 0.1ms
[2022-03-28T17:25:40.478+0800][136.102s] GC(28)   Merge Heap Roots: 0.1ms
[2022-03-28T17:25:40.478+0800][136.102s] GC(28)   Evacuate Collection Set: 2.3ms
[2022-03-28T17:25:40.478+0800][136.102s] GC(28)   Post Evacuate Collection Set: 0.4ms
[2022-03-28T17:25:40.478+0800][136.102s] GC(28)   Other: 0.3ms
[2022-03-28T17:25:40.478+0800][136.102s] GC(28) Eden regions: 24->0(62)
[2022-03-28T17:25:40.478+0800][136.102s] GC(28) Survivor regions: 1->2(4)
[2022-03-28T17:25:40.478+0800][136.102s] GC(28) Old regions: 337->331
[2022-03-28T17:25:40.478+0800][136.102s] GC(28) Archive regions: 0->0
[2022-03-28T17:25:40.478+0800][136.102s] GC(28) Humongous regions: 23->23
[2022-03-28T17:25:40.478+0800][136.102s] GC(28) Metaspace: 50189K(50496K)->50189K(50496K) NonClass: 44203K(44352K)->44203K(44352K) Class: 5986K(6144K)->5986K(6144K)
[2022-03-28T17:25:40.478+0800][136.103s] GC(28) Pause Young (Mixed) (G1 Evacuation Pause) 384M->354M(512M) 3.536ms
[2022-03-28T17:25:40.478+0800][136.103s] GC(28) User=0.11s Sys=0.00s Real=0.00s
[2022-03-28T17:25:41.390+0800][137.014s] GC(29) Pause Young (Concurrent Start) (G1 Evacuation Pause)
[2022-03-28T17:25:41.390+0800][137.014s] GC(29) Using 8 workers of 8 for evacuation
[2022-03-28T17:25:41.391+0800][137.015s] GC(29)   Pre Evacuate Collection Set: 0.1ms
[2022-03-28T17:25:41.391+0800][137.015s] GC(29)   Merge Heap Roots: 0.0ms
[2022-03-28T17:25:41.391+0800][137.015s] GC(29)   Evacuate Collection Set: 0.8ms
[2022-03-28T17:25:41.391+0800][137.015s] GC(29)   Post Evacuate Collection Set: 0.3ms
[2022-03-28T17:25:41.391+0800][137.015s] GC(29)   Other: 0.2ms
[2022-03-28T17:25:41.391+0800][137.015s] GC(29) Eden regions: 62->0(67)
[2022-03-28T17:25:41.391+0800][137.015s] GC(29) Survivor regions: 2->2(8)
[2022-03-28T17:25:41.391+0800][137.015s] GC(29) Old regions: 331->331
[2022-03-28T17:25:41.391+0800][137.015s] GC(29) Archive regions: 0->0
[2022-03-28T17:25:41.391+0800][137.015s] GC(29) Humongous regions: 23->23
[2022-03-28T17:25:41.391+0800][137.015s] GC(29) Metaspace: 50203K(50560K)->50203K(50560K) NonClass: 44217K(44416K)->44217K(44416K) Class: 5986K(6144K)->5986K(6144K)
[2022-03-28T17:25:41.391+0800][137.015s] GC(29) Pause Young (Concurrent Start) (G1 Evacuation Pause) 416M->354M(512M) 1.569ms
[2022-03-28T17:25:41.391+0800][137.015s] GC(29) User=0.00s Sys=0.00s Real=0.00s
[2022-03-28T17:25:41.391+0800][137.015s] GC(30) Concurrent Mark Cycle
[2022-03-28T17:25:41.391+0800][137.015s] GC(30) Concurrent Clear Claimed Marks
[2022-03-28T17:25:41.391+0800][137.015s] GC(30) Concurrent Clear Claimed Marks 0.020ms
[2022-03-28T17:25:41.391+0800][137.015s] GC(30) Concurrent Scan Root Regions
[2022-03-28T17:25:41.391+0800][137.016s] GC(30) Concurrent Scan Root Regions 0.512ms
[2022-03-28T17:25:41.391+0800][137.016s] GC(30) Concurrent Mark
[2022-03-28T17:25:41.391+0800][137.016s] GC(30) Concurrent Mark From Roots
[2022-03-28T17:25:41.391+0800][137.016s] GC(30) Using 2 workers of 2 for marking
[2022-03-28T17:25:41.875+0800][137.499s] GC(30) Concurrent Mark From Roots 483.312ms
[2022-03-28T17:25:41.875+0800][137.499s] GC(30) Concurrent Preclean
[2022-03-28T17:25:41.875+0800][137.499s] GC(30) Concurrent Preclean 0.135ms
[2022-03-28T17:25:41.875+0800][137.500s] GC(30) Pause Remark
[2022-03-28T17:25:41.879+0800][137.502s] GC(30) Pause Remark 376M->376M(512M) 2.624ms
[2022-03-28T17:25:41.879+0800][137.502s] GC(30) User=0.00s Sys=0.00s Real=0.00s
[2022-03-28T17:25:41.879+0800][137.502s] GC(30) Concurrent Mark 486.370ms
[2022-03-28T17:25:41.879+0800][137.502s] GC(30) Concurrent Rebuild Remembered Sets
[2022-03-28T17:25:42.125+0800][137.749s] GC(30) Concurrent Rebuild Remembered Sets 246.322ms
[2022-03-28T17:25:42.125+0800][137.749s] GC(30) Pause Cleanup
[2022-03-28T17:25:42.125+0800][137.749s] GC(30) Pause Cleanup 376M->376M(512M) 0.148ms
[2022-03-28T17:25:42.125+0800][137.749s] GC(30) User=0.00s Sys=0.00s Real=0.00s
[2022-03-28T17:25:42.125+0800][137.749s] GC(30) Concurrent Cleanup for Next Mark
[2022-03-28T17:25:42.125+0800][137.749s] GC(30) Concurrent Cleanup for Next Mark 0.233ms
[2022-03-28T17:25:42.125+0800][137.749s] GC(30) Concurrent Mark Cycle 733.935ms
[2022-03-28T17:29:08.363+0800][343.986s] GC(31) Pause Young (Prepare Mixed) (G1 Evacuation Pause)
[2022-03-28T17:29:08.363+0800][343.986s] GC(31) Using 8 workers of 8 for evacuation
[2022-03-28T17:29:08.364+0800][343.988s] GC(31)   Pre Evacuate Collection Set: 0.1ms
[2022-03-28T17:29:08.364+0800][343.988s] GC(31)   Merge Heap Roots: 0.1ms
[2022-03-28T17:29:08.364+0800][343.988s] GC(31)   Evacuate Collection Set: 0.9ms
[2022-03-28T17:29:08.364+0800][343.988s] GC(31)   Post Evacuate Collection Set: 0.3ms
[2022-03-28T17:29:08.364+0800][343.988s] GC(31)   Other: 0.1ms
[2022-03-28T17:29:08.364+0800][343.988s] GC(31) Eden regions: 67->0(23)
[2022-03-28T17:29:08.364+0800][343.988s] GC(31) Survivor regions: 2->2(9)
[2022-03-28T17:29:08.364+0800][343.988s] GC(31) Old regions: 331->331
[2022-03-28T17:29:08.364+0800][343.988s] GC(31) Archive regions: 0->0
[2022-03-28T17:29:08.364+0800][343.988s] GC(31) Humongous regions: 23->23
[2022-03-28T17:29:08.364+0800][343.988s] GC(31) Metaspace: 50258K(50624K)->50258K(50624K) NonClass: 44271K(44480K)->44271K(44480K) Class: 5986K(6144K)->5986K(6144K)
[2022-03-28T17:29:08.364+0800][343.988s] GC(31) Pause Young (Prepare Mixed) (G1 Evacuation Pause) 421M->354M(512M) 1.707ms
[2022-03-28T17:29:08.364+0800][343.988s] GC(31) User=0.00s Sys=0.00s Real=0.00s
[2022-03-28T17:29:08.650+0800][344.274s] GC(32) Pause Young (Mixed) (G1 Evacuation Pause)
[2022-03-28T17:29:08.650+0800][344.274s] GC(32) Using 8 workers of 8 for evacuation
[2022-03-28T17:29:08.654+0800][344.278s] GC(32)   Pre Evacuate Collection Set: 0.1ms
[2022-03-28T17:29:08.654+0800][344.278s] GC(32)   Merge Heap Roots: 0.1ms
[2022-03-28T17:29:08.654+0800][344.278s] GC(32)   Evacuate Collection Set: 2.5ms
[2022-03-28T17:29:08.654+0800][344.278s] GC(32)   Post Evacuate Collection Set: 0.3ms
[2022-03-28T17:29:08.654+0800][344.278s] GC(32)   Other: 0.1ms
[2022-03-28T17:29:08.654+0800][344.278s] GC(32) Eden regions: 23->0(76)
[2022-03-28T17:29:08.654+0800][344.278s] GC(32) Survivor regions: 2->2(4)
[2022-03-28T17:29:08.654+0800][344.278s] GC(32) Old regions: 331->327
[2022-03-28T17:29:08.654+0800][344.278s] GC(32) Archive regions: 0->0
[2022-03-28T17:29:08.654+0800][344.278s] GC(32) Humongous regions: 23->23
[2022-03-28T17:29:08.654+0800][344.278s] GC(32) Metaspace: 50258K(50624K)->50258K(50624K) NonClass: 44271K(44480K)->44271K(44480K) Class: 5986K(6144K)->5986K(6144K)
[2022-03-28T17:29:08.654+0800][344.278s] GC(32) Pause Young (Mixed) (G1 Evacuation Pause) 377M->350M(512M) 3.406ms
[2022-03-28T17:29:08.654+0800][344.278s] GC(32) User=0.00s Sys=0.00s Real=0.00s
[2022-03-28T17:29:09.614+0800][345.238s] GC(33) Pause Young (Concurrent Start) (G1 Evacuation Pause)
[2022-03-28T17:29:09.614+0800][345.238s] GC(33) Using 8 workers of 8 for evacuation
[2022-03-28T17:29:09.616+0800][345.240s] GC(33)   Pre Evacuate Collection Set: 0.1ms
[2022-03-28T17:29:09.616+0800][345.240s] GC(33)   Merge Heap Roots: 0.1ms
[2022-03-28T17:29:09.616+0800][345.240s] GC(33)   Evacuate Collection Set: 0.8ms
[2022-03-28T17:29:09.616+0800][345.240s] GC(33)   Post Evacuate Collection Set: 0.4ms
[2022-03-28T17:29:09.616+0800][345.240s] GC(33)   Other: 0.2ms
[2022-03-28T17:29:09.616+0800][345.240s] GC(33) Eden regions: 76->0(80)
[2022-03-28T17:29:09.616+0800][345.240s] GC(33) Survivor regions: 2->2(10)
[2022-03-28T17:29:09.616+0800][345.240s] GC(33) Old regions: 327->327
[2022-03-28T17:29:09.616+0800][345.240s] GC(33) Archive regions: 0->0
[2022-03-28T17:29:09.616+0800][345.240s] GC(33) Humongous regions: 23->23
[2022-03-28T17:29:09.616+0800][345.240s] GC(33) Metaspace: 50265K(50624K)->50265K(50624K) NonClass: 44279K(44480K)->44279K(44480K) Class: 5986K(6144K)->5986K(6144K)
[2022-03-28T17:29:09.616+0800][345.240s] GC(33) Pause Young (Concurrent Start) (G1 Evacuation Pause) 426M->350M(512M) 1.848ms
[2022-03-28T17:29:09.616+0800][345.240s] GC(33) User=0.00s Sys=0.00s Real=0.00s
[2022-03-28T17:29:09.616+0800][345.240s] GC(34) Concurrent Mark Cycle
[2022-03-28T17:29:09.616+0800][345.240s] GC(34) Concurrent Clear Claimed Marks
[2022-03-28T17:29:09.616+0800][345.240s] GC(34) Concurrent Clear Claimed Marks 0.038ms
[2022-03-28T17:29:09.616+0800][345.240s] GC(34) Concurrent Scan Root Regions
[2022-03-28T17:29:09.618+0800][345.242s] GC(34) Concurrent Scan Root Regions 1.906ms
[2022-03-28T17:29:09.618+0800][345.242s] GC(34) Concurrent Mark
[2022-03-28T17:29:09.618+0800][345.242s] GC(34) Concurrent Mark From Roots
[2022-03-28T17:29:09.618+0800][345.242s] GC(34) Using 2 workers of 2 for marking
[2022-03-28T17:29:10.180+0800][345.804s] GC(34) Concurrent Mark From Roots 561.654ms
[2022-03-28T17:29:10.180+0800][345.804s] GC(34) Concurrent Preclean
[2022-03-28T17:29:10.181+0800][345.804s] GC(34) Concurrent Preclean 0.424ms
[2022-03-28T17:29:10.181+0800][345.804s] GC(34) Pause Remark
[2022-03-28T17:29:10.187+0800][345.810s] GC(34) Pause Remark 386M->386M(512M) 6.078ms
[2022-03-28T17:29:10.187+0800][345.810s] GC(34) User=0.09s Sys=0.00s Real=0.01s
[2022-03-28T17:29:10.187+0800][345.811s] GC(34) Concurrent Mark 568.525ms
[2022-03-28T17:29:10.187+0800][345.811s] GC(34) Concurrent Rebuild Remembered Sets
[2022-03-28T17:29:10.489+0800][346.113s] GC(34) Concurrent Rebuild Remembered Sets 302.397ms
[2022-03-28T17:29:10.489+0800][346.113s] GC(34) Pause Cleanup
[2022-03-28T17:29:10.489+0800][346.113s] GC(34) Pause Cleanup 405M->405M(512M) 0.245ms
[2022-03-28T17:29:10.489+0800][346.113s] GC(34) User=0.00s Sys=0.00s Real=0.00s
[2022-03-28T17:29:10.489+0800][346.114s] GC(34) Concurrent Cleanup for Next Mark
[2022-03-28T17:29:10.490+0800][346.114s] GC(34) Concurrent Cleanup for Next Mark 0.392ms
[2022-03-28T17:29:10.490+0800][346.114s] GC(34) Concurrent Mark Cycle 874.102ms
[2022-03-28T17:29:10.917+0800][346.541s] GC(35) Pause Young (Prepare Mixed) (G1 Evacuation Pause)
[2022-03-28T17:29:10.917+0800][346.541s] GC(35) Using 8 workers of 8 for evacuation
[2022-03-28T17:29:10.919+0800][346.543s] GC(35)   Pre Evacuate Collection Set: 0.2ms
[2022-03-28T17:29:10.919+0800][346.543s] GC(35)   Merge Heap Roots: 0.1ms
[2022-03-28T17:29:10.919+0800][346.543s] GC(35)   Evacuate Collection Set: 1.1ms
[2022-03-28T17:29:10.919+0800][346.543s] GC(35)   Post Evacuate Collection Set: 0.5ms
[2022-03-28T17:29:10.919+0800][346.543s] GC(35)   Other: 0.2ms
[2022-03-28T17:29:10.919+0800][346.543s] GC(35) Eden regions: 80->0(23)
[2022-03-28T17:29:10.919+0800][346.543s] GC(35) Survivor regions: 2->2(11)
[2022-03-28T17:29:10.919+0800][346.543s] GC(35) Old regions: 327->327
[2022-03-28T17:29:10.919+0800][346.543s] GC(35) Archive regions: 0->0
[2022-03-28T17:29:10.919+0800][346.543s] GC(35) Humongous regions: 23->23
[2022-03-28T17:29:10.919+0800][346.543s] GC(35) Metaspace: 50193K(50624K)->50193K(50624K) NonClass: 44224K(44480K)->44224K(44480K) Class: 5968K(6144K)->5968K(6144K)
[2022-03-28T17:29:10.919+0800][346.543s] GC(35) Pause Young (Prepare Mixed) (G1 Evacuation Pause) 430M->350M(512M) 2.316ms
[2022-03-28T17:29:10.919+0800][346.543s] GC(35) User=0.00s Sys=0.00s Real=0.00s
[2022-03-28T17:29:11.260+0800][346.883s] GC(36) Pause Young (Mixed) (G1 Evacuation Pause)
[2022-03-28T17:29:11.260+0800][346.883s] GC(36) Using 8 workers of 8 for evacuation
[2022-03-28T17:29:11.263+0800][346.887s] GC(36)   Pre Evacuate Collection Set: 0.1ms
[2022-03-28T17:29:11.263+0800][346.887s] GC(36)   Merge Heap Roots: 0.1ms
[2022-03-28T17:29:11.263+0800][346.887s] GC(36)   Evacuate Collection Set: 2.6ms
[2022-03-28T17:29:11.263+0800][346.887s] GC(36)   Post Evacuate Collection Set: 0.3ms
[2022-03-28T17:29:11.263+0800][346.887s] GC(36)   Other: 0.1ms
[2022-03-28T17:29:11.263+0800][346.887s] GC(36) Eden regions: 23->0(88)
[2022-03-28T17:29:11.263+0800][346.887s] GC(36) Survivor regions: 2->2(4)
[2022-03-28T17:29:11.263+0800][346.887s] GC(36) Old regions: 327->323
[2022-03-28T17:29:11.263+0800][346.887s] GC(36) Archive regions: 0->0
[2022-03-28T17:29:11.263+0800][346.887s] GC(36) Humongous regions: 23->23
[2022-03-28T17:29:11.263+0800][346.887s] GC(36) Metaspace: 50193K(50624K)->50193K(50624K) NonClass: 44224K(44480K)->44224K(44480K) Class: 5968K(6144K)->5968K(6144K)
[2022-03-28T17:29:11.263+0800][346.887s] GC(36) Pause Young (Mixed) (G1 Evacuation Pause) 373M->346M(512M) 3.376ms
[2022-03-28T17:29:11.263+0800][346.887s] GC(36) User=0.00s Sys=0.00s Real=0.00s
[2022-03-28T17:30:27.688+0800][423.312s] GC(37) Pause Young (Concurrent Start) (G1 Evacuation Pause)
[2022-03-28T17:30:27.688+0800][423.312s] GC(37) Using 8 workers of 8 for evacuation
[2022-03-28T17:30:27.690+0800][423.314s] GC(37)   Pre Evacuate Collection Set: 0.2ms
[2022-03-28T17:30:27.690+0800][423.314s] GC(37)   Merge Heap Roots: 0.1ms
[2022-03-28T17:30:27.690+0800][423.314s] GC(37)   Evacuate Collection Set: 0.6ms
[2022-03-28T17:30:27.690+0800][423.314s] GC(37)   Post Evacuate Collection Set: 0.4ms
[2022-03-28T17:30:27.690+0800][423.314s] GC(37)   Other: 0.2ms
[2022-03-28T17:30:27.690+0800][423.314s] GC(37) Eden regions: 88->0(91)
[2022-03-28T17:30:27.690+0800][423.314s] GC(37) Survivor regions: 2->2(12)
[2022-03-28T17:30:27.690+0800][423.314s] GC(37) Old regions: 323->323
[2022-03-28T17:30:27.690+0800][423.314s] GC(37) Archive regions: 0->0
[2022-03-28T17:30:27.690+0800][423.314s] GC(37) Humongous regions: 23->23
[2022-03-28T17:30:27.690+0800][423.314s] GC(37) Metaspace: 50535K(50816K)->50535K(50816K) NonClass: 44534K(44672K)->44534K(44672K) Class: 6001K(6144K)->6001K(6144K)
[2022-03-28T17:30:27.690+0800][423.314s] GC(37) Pause Young (Concurrent Start) (G1 Evacuation Pause) 434M->346M(512M) 1.618ms
[2022-03-28T17:30:27.690+0800][423.314s] GC(37) User=0.00s Sys=0.00s Real=0.00s
[2022-03-28T17:30:27.690+0800][423.314s] GC(38) Concurrent Mark Cycle
[2022-03-28T17:30:27.690+0800][423.314s] GC(38) Concurrent Clear Claimed Marks
[2022-03-28T17:30:27.690+0800][423.314s] GC(38) Concurrent Clear Claimed Marks 0.017ms
[2022-03-28T17:30:27.690+0800][423.314s] GC(38) Concurrent Scan Root Regions
[2022-03-28T17:30:27.691+0800][423.315s] GC(38) Concurrent Scan Root Regions 0.758ms
[2022-03-28T17:30:27.691+0800][423.315s] GC(38) Concurrent Mark
[2022-03-28T17:30:27.691+0800][423.315s] GC(38) Concurrent Mark From Roots
[2022-03-28T17:30:27.691+0800][423.315s] GC(38) Using 2 workers of 2 for marking
[2022-03-28T17:30:28.149+0800][423.772s] GC(38) Concurrent Mark From Roots 457.624ms
[2022-03-28T17:30:28.149+0800][423.772s] GC(38) Concurrent Preclean
[2022-03-28T17:30:28.149+0800][423.773s] GC(38) Concurrent Preclean 0.316ms
[2022-03-28T17:30:28.149+0800][423.773s] GC(38) Pause Remark
[2022-03-28T17:30:28.152+0800][423.775s] GC(38) Pause Remark 396M->396M(512M) 2.197ms
[2022-03-28T17:30:28.152+0800][423.775s] GC(38) User=0.08s Sys=0.00s Real=0.00s
[2022-03-28T17:30:28.152+0800][423.775s] GC(38) Concurrent Mark 460.600ms
[2022-03-28T17:30:28.152+0800][423.775s] GC(38) Concurrent Rebuild Remembered Sets
[2022-03-28T17:30:28.368+0800][423.992s] GC(38) Concurrent Rebuild Remembered Sets 216.220ms
[2022-03-28T17:30:28.368+0800][423.992s] GC(38) Pause Cleanup
[2022-03-28T17:30:28.368+0800][423.992s] GC(38) Pause Cleanup 415M->415M(512M) 0.171ms
[2022-03-28T17:30:28.368+0800][423.992s] GC(38) User=0.00s Sys=0.00s Real=0.00s
[2022-03-28T17:30:28.368+0800][423.992s] GC(38) Concurrent Cleanup for Next Mark
[2022-03-28T17:30:28.369+0800][423.993s] GC(38) Concurrent Cleanup for Next Mark 0.597ms
[2022-03-28T17:30:28.369+0800][423.993s] GC(38) Concurrent Mark Cycle 678.815ms
[2022-03-28T17:30:28.634+0800][424.258s] GC(39) Pause Young (Prepare Mixed) (G1 Evacuation Pause)
[2022-03-28T17:30:28.634+0800][424.258s] GC(39) Using 8 workers of 8 for evacuation
[2022-03-28T17:30:28.636+0800][424.259s] GC(39)   Pre Evacuate Collection Set: 0.1ms
[2022-03-28T17:30:28.636+0800][424.259s] GC(39)   Merge Heap Roots: 0.1ms
[2022-03-28T17:30:28.636+0800][424.259s] GC(39)   Evacuate Collection Set: 0.8ms
[2022-03-28T17:30:28.636+0800][424.259s] GC(39)   Post Evacuate Collection Set: 0.5ms
[2022-03-28T17:30:28.636+0800][424.259s] GC(39)   Other: 0.1ms
[2022-03-28T17:30:28.636+0800][424.259s] GC(39) Eden regions: 91->0(23)
[2022-03-28T17:30:28.636+0800][424.259s] GC(39) Survivor regions: 2->2(12)
[2022-03-28T17:30:28.636+0800][424.259s] GC(39) Old regions: 323->323
[2022-03-28T17:30:28.636+0800][424.259s] GC(39) Archive regions: 0->0
[2022-03-28T17:30:28.636+0800][424.259s] GC(39) Humongous regions: 23->23
[2022-03-28T17:30:28.636+0800][424.259s] GC(39) Metaspace: 50537K(50816K)->50537K(50816K) NonClass: 44536K(44672K)->44536K(44672K) Class: 6001K(6144K)->6001K(6144K)
[2022-03-28T17:30:28.636+0800][424.260s] GC(39) Pause Young (Prepare Mixed) (G1 Evacuation Pause) 437M->346M(512M) 2.006ms
[2022-03-28T17:30:28.636+0800][424.260s] GC(39) User=0.11s Sys=0.00s Real=0.00s
[2022-03-28T17:30:28.866+0800][424.489s] GC(40) Pause Young (Mixed) (G1 Evacuation Pause)
[2022-03-28T17:30:28.866+0800][424.489s] GC(40) Using 8 workers of 8 for evacuation
[2022-03-28T17:30:28.868+0800][424.492s] GC(40)   Pre Evacuate Collection Set: 0.1ms
[2022-03-28T17:30:28.868+0800][424.492s] GC(40)   Merge Heap Roots: 0.0ms
[2022-03-28T17:30:28.868+0800][424.492s] GC(40)   Evacuate Collection Set: 1.6ms
[2022-03-28T17:30:28.868+0800][424.492s] GC(40)   Post Evacuate Collection Set: 0.6ms
[2022-03-28T17:30:28.868+0800][424.492s] GC(40)   Other: 0.1ms
[2022-03-28T17:30:28.868+0800][424.492s] GC(40) Eden regions: 23->0(97)
[2022-03-28T17:30:28.868+0800][424.492s] GC(40) Survivor regions: 2->2(4)
[2022-03-28T17:30:28.868+0800][424.492s] GC(40) Old regions: 323->320
[2022-03-28T17:30:28.868+0800][424.492s] GC(40) Archive regions: 0->0
[2022-03-28T17:30:28.868+0800][424.492s] GC(40) Humongous regions: 23->23
[2022-03-28T17:30:28.868+0800][424.492s] GC(40) Metaspace: 50537K(50816K)->50537K(50816K) NonClass: 44536K(44672K)->44536K(44672K) Class: 6001K(6144K)->6001K(6144K)
[2022-03-28T17:30:28.868+0800][424.492s] GC(40) Pause Young (Mixed) (G1 Evacuation Pause) 369M->343M(512M) 2.802ms
[2022-03-28T17:30:28.868+0800][424.492s] GC(40) User=0.00s Sys=0.00s Real=0.00s
[2022-03-28T17:43:44.873+0800][1220.497s] GC(41) Pause Young (Concurrent Start) (G1 Evacuation Pause)
[2022-03-28T17:43:44.873+0800][1220.497s] GC(41) Using 8 workers of 8 for evacuation
[2022-03-28T17:43:44.874+0800][1220.499s] GC(41)   Pre Evacuate Collection Set: 0.2ms
[2022-03-28T17:43:44.875+0800][1220.499s] GC(41)   Merge Heap Roots: 0.1ms
[2022-03-28T17:43:44.875+0800][1220.499s] GC(41)   Evacuate Collection Set: 0.7ms
[2022-03-28T17:43:44.875+0800][1220.499s] GC(41)   Post Evacuate Collection Set: 0.5ms
[2022-03-28T17:43:44.875+0800][1220.499s] GC(41)   Other: 0.2ms
[2022-03-28T17:43:44.875+0800][1220.499s] GC(41) Eden regions: 97->0(100)
[2022-03-28T17:43:44.875+0800][1220.499s] GC(41) Survivor regions: 2->2(13)
[2022-03-28T17:43:44.875+0800][1220.499s] GC(41) Old regions: 320->320
[2022-03-28T17:43:44.875+0800][1220.499s] GC(41) Archive regions: 0->0
[2022-03-28T17:43:44.875+0800][1220.499s] GC(41) Humongous regions: 23->23
[2022-03-28T17:43:44.875+0800][1220.499s] GC(41) Metaspace: 50564K(50816K)->50564K(50816K) NonClass: 44563K(44672K)->44563K(44672K) Class: 6001K(6144K)->6001K(6144K)
[2022-03-28T17:43:44.875+0800][1220.499s] GC(41) Pause Young (Concurrent Start) (G1 Evacuation Pause) 440M->343M(512M) 1.866ms
[2022-03-28T17:43:44.875+0800][1220.499s] GC(41) User=0.00s Sys=0.00s Real=0.00s
[2022-03-28T17:43:44.875+0800][1220.499s] GC(42) Concurrent Mark Cycle
[2022-03-28T17:43:44.875+0800][1220.499s] GC(42) Concurrent Clear Claimed Marks
[2022-03-28T17:43:44.875+0800][1220.499s] GC(42) Concurrent Clear Claimed Marks 0.026ms
[2022-03-28T17:43:44.875+0800][1220.499s] GC(42) Concurrent Scan Root Regions
[2022-03-28T17:43:44.877+0800][1220.500s] GC(42) Concurrent Scan Root Regions 1.492ms
[2022-03-28T17:43:44.877+0800][1220.500s] GC(42) Concurrent Mark
[2022-03-28T17:43:44.877+0800][1220.500s] GC(42) Concurrent Mark From Roots
[2022-03-28T17:43:44.877+0800][1220.500s] GC(42) Using 2 workers of 2 for marking
[2022-03-28T17:43:45.178+0800][1220.802s] GC(42) Concurrent Mark From Roots 301.260ms
[2022-03-28T17:43:45.178+0800][1220.802s] GC(42) Concurrent Preclean
[2022-03-28T17:43:45.178+0800][1220.802s] GC(42) Concurrent Preclean 0.153ms
[2022-03-28T17:43:45.178+0800][1220.802s] GC(42) Pause Remark
[2022-03-28T17:43:45.181+0800][1220.805s] GC(42) Pause Remark 378M->378M(512M) 3.174ms
[2022-03-28T17:43:45.182+0800][1220.805s] GC(42) User=0.02s Sys=0.02s Real=0.00s
[2022-03-28T17:43:45.182+0800][1220.805s] GC(42) Concurrent Mark 304.890ms
[2022-03-28T17:43:45.182+0800][1220.805s] GC(42) Concurrent Rebuild Remembered Sets
[2022-03-28T17:43:45.367+0800][1220.991s] GC(42) Concurrent Rebuild Remembered Sets 185.364ms
[2022-03-28T17:43:45.367+0800][1220.991s] GC(42) Pause Cleanup
[2022-03-28T17:43:45.367+0800][1220.991s] GC(42) Pause Cleanup 396M->396M(512M) 0.212ms
[2022-03-28T17:43:45.367+0800][1220.991s] GC(42) User=0.00s Sys=0.00s Real=0.00s
[2022-03-28T17:43:45.367+0800][1220.991s] GC(42) Concurrent Cleanup for Next Mark
[2022-03-28T17:43:45.368+0800][1220.992s] GC(42) Concurrent Cleanup for Next Mark 0.822ms
[2022-03-28T17:43:45.368+0800][1220.992s] GC(42) Concurrent Mark Cycle 493.231ms
[2022-03-28T17:43:45.757+0800][1221.382s] GC(43) Pause Young (Prepare Mixed) (G1 Evacuation Pause)
[2022-03-28T17:43:45.757+0800][1221.382s] GC(43) Using 8 workers of 8 for evacuation
[2022-03-28T17:43:45.759+0800][1221.383s] GC(43)   Pre Evacuate Collection Set: 0.1ms
[2022-03-28T17:43:45.759+0800][1221.383s] GC(43)   Merge Heap Roots: 0.1ms
[2022-03-28T17:43:45.759+0800][1221.383s] GC(43)   Evacuate Collection Set: 0.8ms
[2022-03-28T17:43:45.759+0800][1221.383s] GC(43)   Post Evacuate Collection Set: 0.5ms
[2022-03-28T17:43:45.759+0800][1221.383s] GC(43)   Other: 0.1ms
[2022-03-28T17:43:45.759+0800][1221.383s] GC(43) Eden regions: 100->0(23)
[2022-03-28T17:43:45.759+0800][1221.383s] GC(43) Survivor regions: 2->2(13)
[2022-03-28T17:43:45.759+0800][1221.383s] GC(43) Old regions: 320->320
[2022-03-28T17:43:45.759+0800][1221.383s] GC(43) Archive regions: 0->0
[2022-03-28T17:43:45.759+0800][1221.383s] GC(43) Humongous regions: 23->23
[2022-03-28T17:43:45.759+0800][1221.383s] GC(43) Metaspace: 50564K(50816K)->50564K(50816K) NonClass: 44563K(44672K)->44563K(44672K) Class: 6001K(6144K)->6001K(6144K)
[2022-03-28T17:43:45.760+0800][1221.383s] GC(43) Pause Young (Prepare Mixed) (G1 Evacuation Pause) 443M->343M(512M) 1.693ms
[2022-03-28T17:43:45.760+0800][1221.383s] GC(43) User=0.12s Sys=0.00s Real=0.00s
[2022-03-28T17:43:45.956+0800][1221.580s] GC(44) Pause Young (Mixed) (G1 Evacuation Pause)
[2022-03-28T17:43:45.956+0800][1221.580s] GC(44) Using 8 workers of 8 for evacuation
[2022-03-28T17:43:45.959+0800][1221.583s] GC(44)   Pre Evacuate Collection Set: 0.2ms
[2022-03-28T17:43:45.959+0800][1221.583s] GC(44)   Merge Heap Roots: 0.1ms
[2022-03-28T17:43:45.959+0800][1221.583s] GC(44)   Evacuate Collection Set: 2.0ms
[2022-03-28T17:43:45.959+0800][1221.583s] GC(44)   Post Evacuate Collection Set: 0.6ms
[2022-03-28T17:43:45.959+0800][1221.583s] GC(44)   Other: 0.1ms
[2022-03-28T17:43:45.959+0800][1221.583s] GC(44) Eden regions: 23->0(105)
[2022-03-28T17:43:45.959+0800][1221.583s] GC(44) Survivor regions: 2->2(4)
[2022-03-28T17:43:45.959+0800][1221.583s] GC(44) Old regions: 320->317
[2022-03-28T17:43:45.959+0800][1221.583s] GC(44) Archive regions: 0->0
[2022-03-28T17:43:45.959+0800][1221.583s] GC(44) Humongous regions: 23->23
[2022-03-28T17:43:45.959+0800][1221.583s] GC(44) Metaspace: 50564K(50816K)->50564K(50816K) NonClass: 44563K(44672K)->44563K(44672K) Class: 6001K(6144K)->6001K(6144K)
[2022-03-28T17:43:45.959+0800][1221.583s] GC(44) Pause Young (Mixed) (G1 Evacuation Pause) 366M->340M(512M) 3.108ms
[2022-03-28T17:43:45.959+0800][1221.583s] GC(44) User=0.00s Sys=0.00s Real=0.00s
[2022-03-28T17:43:53.549+0800][1229.173s] GC(45) Pause Young (Concurrent Start) (G1 Humongous Allocation)
[2022-03-28T17:43:53.549+0800][1229.173s] GC(45) Using 8 workers of 8 for evacuation
[2022-03-28T17:43:53.551+0800][1229.174s] GC(45)   Pre Evacuate Collection Set: 0.1ms
[2022-03-28T17:43:53.551+0800][1229.174s] GC(45)   Merge Heap Roots: 0.0ms
[2022-03-28T17:43:53.551+0800][1229.174s] GC(45)   Evacuate Collection Set: 0.8ms
[2022-03-28T17:43:53.551+0800][1229.174s] GC(45)   Post Evacuate Collection Set: 0.4ms
[2022-03-28T17:43:53.551+0800][1229.174s] GC(45)   Other: 0.2ms
[2022-03-28T17:43:53.551+0800][1229.174s] GC(45) Eden regions: 79->0(107)
[2022-03-28T17:43:53.551+0800][1229.174s] GC(45) Survivor regions: 2->2(14)
[2022-03-28T17:43:53.551+0800][1229.174s] GC(45) Old regions: 317->317
[2022-03-28T17:43:53.551+0800][1229.174s] GC(45) Archive regions: 0->0
[2022-03-28T17:43:53.551+0800][1229.174s] GC(45) Humongous regions: 23->23
[2022-03-28T17:43:53.551+0800][1229.174s] GC(45) Metaspace: 50565K(50816K)->50565K(50816K) NonClass: 44564K(44672K)->44564K(44672K) Class: 6001K(6144K)->6001K(6144K)
[2022-03-28T17:43:53.551+0800][1229.175s] GC(45) Pause Young (Concurrent Start) (G1 Humongous Allocation) 419M->340M(512M) 1.571ms
[2022-03-28T17:43:53.551+0800][1229.175s] GC(45) User=0.00s Sys=0.00s Real=0.00s
[2022-03-28T17:43:53.551+0800][1229.175s] GC(46) Concurrent Mark Cycle
[2022-03-28T17:43:53.551+0800][1229.175s] GC(46) Concurrent Clear Claimed Marks
[2022-03-28T17:43:53.551+0800][1229.175s] GC(46) Concurrent Clear Claimed Marks 0.025ms
[2022-03-28T17:43:53.551+0800][1229.175s] GC(46) Concurrent Scan Root Regions
[2022-03-28T17:43:53.552+0800][1229.175s] GC(46) Concurrent Scan Root Regions 0.750ms
[2022-03-28T17:43:53.552+0800][1229.175s] GC(46) Concurrent Mark
[2022-03-28T17:43:53.552+0800][1229.175s] GC(46) Concurrent Mark From Roots
[2022-03-28T17:43:53.552+0800][1229.175s] GC(46) Using 2 workers of 2 for marking
[2022-03-28T17:43:53.741+0800][1229.365s] GC(47) Pause Young (Normal) (G1 Evacuation Pause)
[2022-03-28T17:43:53.741+0800][1229.365s] GC(47) Using 8 workers of 8 for evacuation
[2022-03-28T17:43:53.817+0800][1229.440s] GC(47) To-space exhausted
[2022-03-28T17:43:53.817+0800][1229.440s] GC(47)   Pre Evacuate Collection Set: 0.1ms
[2022-03-28T17:43:53.817+0800][1229.441s] GC(47)   Merge Heap Roots: 0.1ms
[2022-03-28T17:43:53.817+0800][1229.441s] GC(47)   Evacuate Collection Set: 50.7ms
[2022-03-28T17:43:53.817+0800][1229.441s] GC(47)   Post Evacuate Collection Set: 25.0ms
[2022-03-28T17:43:53.817+0800][1229.441s] GC(47)   Other: 0.2ms
[2022-03-28T17:43:53.817+0800][1229.441s] GC(47) Eden regions: 107->0(11)
[2022-03-28T17:43:53.817+0800][1229.441s] GC(47) Survivor regions: 2->14(14)
[2022-03-28T17:43:53.817+0800][1229.441s] GC(47) Old regions: 317->445
[2022-03-28T17:43:53.817+0800][1229.441s] GC(47) Archive regions: 0->0
[2022-03-28T17:43:53.817+0800][1229.441s] GC(47) Humongous regions: 52->37
[2022-03-28T17:43:53.817+0800][1229.441s] GC(47) Metaspace: 50566K(50816K)->50566K(50816K) NonClass: 44564K(44672K)->44564K(44672K) Class: 6001K(6144K)->6001K(6144K)
[2022-03-28T17:43:53.817+0800][1229.441s] GC(47) Pause Young (Normal) (G1 Evacuation Pause) 476M->496M(512M) 76.143ms
[2022-03-28T17:43:53.817+0800][1229.441s] GC(47) User=0.52s Sys=0.00s Real=0.08s
[2022-03-28T17:43:53.829+0800][1229.454s] GC(48) Pause Young (Normal) (G1 Preventive Collection)
[2022-03-28T17:43:53.829+0800][1229.454s] GC(48) Using 8 workers of 8 for evacuation
[2022-03-28T17:43:53.852+0800][1229.476s] GC(48) To-space exhausted
[2022-03-28T17:43:53.852+0800][1229.476s] GC(48)   Pre Evacuate Collection Set: 0.1ms
[2022-03-28T17:43:53.852+0800][1229.476s] GC(48)   Merge Heap Roots: 0.1ms
[2022-03-28T17:43:53.852+0800][1229.476s] GC(48)   Evacuate Collection Set: 15.8ms
[2022-03-28T17:43:53.852+0800][1229.476s] GC(48)   Post Evacuate Collection Set: 6.0ms
[2022-03-28T17:43:53.852+0800][1229.476s] GC(48)   Other: 0.2ms
[2022-03-28T17:43:53.852+0800][1229.476s] GC(48) Eden regions: 7->0(21)
[2022-03-28T17:43:53.852+0800][1229.476s] GC(48) Survivor regions: 14->4(4)
[2022-03-28T17:43:53.852+0800][1229.476s] GC(48) Old regions: 445->469
[2022-03-28T17:43:53.852+0800][1229.476s] GC(48) Archive regions: 0->0
[2022-03-28T17:43:53.852+0800][1229.476s] GC(48) Humongous regions: 37->37
[2022-03-28T17:43:53.852+0800][1229.476s] GC(48) Metaspace: 50566K(50816K)->50566K(50816K) NonClass: 44564K(44672K)->44564K(44672K) Class: 6001K(6144K)->6001K(6144K)
[2022-03-28T17:43:53.852+0800][1229.476s] GC(48) Pause Young (Normal) (G1 Preventive Collection) 503M->510M(512M) 22.419ms
[2022-03-28T17:43:53.852+0800][1229.476s] GC(48) User=0.12s Sys=0.00s Real=0.02s
[2022-03-28T17:43:53.855+0800][1229.479s] GC(49) Pause Young (Normal) (G1 Preventive Collection)
[2022-03-28T17:43:53.855+0800][1229.479s] GC(49) Using 8 workers of 8 for evacuation
[2022-03-28T17:43:53.867+0800][1229.491s] GC(49) To-space exhausted
[2022-03-28T17:43:53.868+0800][1229.491s] GC(49)   Pre Evacuate Collection Set: 0.1ms
[2022-03-28T17:43:53.868+0800][1229.491s] GC(49)   Merge Heap Roots: 0.1ms
[2022-03-28T17:43:53.868+0800][1229.491s] GC(49)   Evacuate Collection Set: 9.0ms
[2022-03-28T17:43:53.868+0800][1229.491s] GC(49)   Post Evacuate Collection Set: 2.9ms
[2022-03-28T17:43:53.868+0800][1229.491s] GC(49)   Other: 0.2ms
[2022-03-28T17:43:53.868+0800][1229.491s] GC(49) Eden regions: 1->0(24)
[2022-03-28T17:43:53.868+0800][1229.491s] GC(49) Survivor regions: 4->1(1)
[2022-03-28T17:43:53.868+0800][1229.491s] GC(49) Old regions: 469->473
[2022-03-28T17:43:53.868+0800][1229.491s] GC(49) Archive regions: 0->0
[2022-03-28T17:43:53.868+0800][1229.491s] GC(49) Humongous regions: 37->37
[2022-03-28T17:43:53.868+0800][1229.491s] GC(49) Metaspace: 50566K(50816K)->50566K(50816K) NonClass: 44564K(44672K)->44564K(44672K) Class: 6001K(6144K)->6001K(6144K)
[2022-03-28T17:43:53.868+0800][1229.491s] GC(49) Pause Young (Normal) (G1 Preventive Collection) 511M->511M(512M) 12.596ms
[2022-03-28T17:43:53.868+0800][1229.491s] GC(49) User=0.00s Sys=0.00s Real=0.01s
[2022-03-28T17:43:53.870+0800][1229.493s] GC(50) Pause Young (Normal) (G1 Evacuation Pause)
[2022-03-28T17:43:53.870+0800][1229.493s] GC(50) Using 8 workers of 8 for evacuation
[2022-03-28T17:43:53.875+0800][1229.498s] GC(50) To-space exhausted
[2022-03-28T17:43:53.875+0800][1229.498s] GC(50)   Pre Evacuate Collection Set: 0.1ms
[2022-03-28T17:43:53.875+0800][1229.498s] GC(50)   Merge Heap Roots: 0.1ms
[2022-03-28T17:43:53.875+0800][1229.498s] GC(50)   Evacuate Collection Set: 3.0ms
[2022-03-28T17:43:53.875+0800][1229.498s] GC(50)   Post Evacuate Collection Set: 1.7ms
[2022-03-28T17:43:53.875+0800][1229.498s] GC(50)   Other: 0.2ms
[2022-03-28T17:43:53.875+0800][1229.498s] GC(50) Eden regions: 1->0(25)
[2022-03-28T17:43:53.875+0800][1229.498s] GC(50) Survivor regions: 1->0(0)
[2022-03-28T17:43:53.875+0800][1229.499s] GC(50) Old regions: 473->475
[2022-03-28T17:43:53.875+0800][1229.499s] GC(50) Archive regions: 0->0
[2022-03-28T17:43:53.875+0800][1229.499s] GC(50) Humongous regions: 37->37
[2022-03-28T17:43:53.875+0800][1229.499s] GC(50) Metaspace: 50566K(50816K)->50566K(50816K) NonClass: 44564K(44672K)->44564K(44672K) Class: 6001K(6144K)->6001K(6144K)
[2022-03-28T17:43:53.875+0800][1229.499s] GC(50) Pause Young (Normal) (G1 Evacuation Pause) 512M->512M(512M) 5.199ms
[2022-03-28T17:43:53.875+0800][1229.499s] GC(50) User=0.00s Sys=0.00s Real=0.01s
[2022-03-28T17:43:53.875+0800][1229.499s] Attempting full compaction
[2022-03-28T17:43:53.875+0800][1229.499s] GC(51) Using 8 workers of 8 for full compaction
[2022-03-28T17:43:53.876+0800][1229.499s] GC(51) Pause Full (G1 Compaction Pause)
[2022-03-28T17:43:53.876+0800][1229.500s] GC(51) Phase 1: Mark live objects
[2022-03-28T17:43:54.114+0800][1229.738s] GC(51) Phase 1: Mark live objects 238.595ms
[2022-03-28T17:43:54.114+0800][1229.738s] GC(51) Phase 2: Prepare for compaction
[2022-03-28T17:43:54.125+0800][1229.749s] GC(51) Phase 2: Prepare for compaction 10.774ms
[2022-03-28T17:43:54.125+0800][1229.749s] GC(51) Phase 3: Adjust pointers
[2022-03-28T17:43:54.185+0800][1229.809s] GC(51) Phase 3: Adjust pointers 59.693ms
[2022-03-28T17:43:54.185+0800][1229.809s] GC(51) Phase 4: Compact heap
[2022-03-28T17:43:54.200+0800][1229.824s] GC(51) Phase 4: Compact heap 14.905ms
[2022-03-28T17:43:54.205+0800][1229.829s] GC(51) Eden regions: 0->0(34)
[2022-03-28T17:43:54.205+0800][1229.829s] GC(51) Survivor regions: 0->0(0)
[2022-03-28T17:43:54.205+0800][1229.829s] GC(51) Old regions: 475->375
[2022-03-28T17:43:54.205+0800][1229.830s] GC(51) Archive regions: 0->0
[2022-03-28T17:43:54.205+0800][1229.830s] GC(51) Humongous regions: 37->34
[2022-03-28T17:43:54.205+0800][1229.830s] GC(51) Metaspace: 50566K(50816K)->50566K(50816K) NonClass: 44564K(44672K)->44564K(44672K) Class: 6001K(6144K)->6001K(6144K)
[2022-03-28T17:43:54.205+0800][1229.830s] GC(51) Pause Full (G1 Compaction Pause) 512M->403M(512M) 330.229ms
[2022-03-28T17:43:54.206+0800][1229.830s] GC(51) User=2.12s Sys=0.00s Real=0.33s
[2022-03-28T17:43:54.206+0800][1229.830s] GC(46) Concurrent Mark From Roots 654.784ms
[2022-03-28T17:43:54.206+0800][1229.830s] GC(46) Concurrent Mark Abort
[2022-03-28T17:43:54.206+0800][1229.830s] GC(46) Concurrent Mark Cycle 655.693ms
[2022-03-28T17:43:54.347+0800][1229.971s] GC(52) Pause Young (Normal) (G1 Evacuation Pause)
[2022-03-28T17:43:54.347+0800][1229.971s] GC(52) Using 8 workers of 8 for evacuation
[2022-03-28T17:43:54.362+0800][1229.986s] GC(52)   Pre Evacuate Collection Set: 0.1ms
[2022-03-28T17:43:54.362+0800][1229.986s] GC(52)   Merge Heap Roots: 0.2ms
[2022-03-28T17:43:54.362+0800][1229.986s] GC(52)   Evacuate Collection Set: 13.9ms
[2022-03-28T17:43:54.362+0800][1229.986s] GC(52)   Post Evacuate Collection Set: 0.4ms
[2022-03-28T17:43:54.362+0800][1229.986s] GC(52)   Other: 0.2ms
[2022-03-28T17:43:54.362+0800][1229.986s] GC(52) Eden regions: 34->0(20)
[2022-03-28T17:43:54.362+0800][1229.986s] GC(52) Survivor regions: 0->5(5)
[2022-03-28T17:43:54.362+0800][1229.986s] GC(52) Old regions: 375->385
[2022-03-28T17:43:54.362+0800][1229.986s] GC(52) Archive regions: 0->0
[2022-03-28T17:43:54.362+0800][1229.986s] GC(52) Humongous regions: 34->34
[2022-03-28T17:43:54.362+0800][1229.986s] GC(52) Metaspace: 50566K(50816K)->50566K(50816K) NonClass: 44565K(44672K)->44565K(44672K) Class: 6001K(6144K)->6001K(6144K)
[2022-03-28T17:43:54.362+0800][1229.986s] GC(52) Pause Young (Normal) (G1 Evacuation Pause) 437M->417M(512M) 15.045ms
[2022-03-28T17:43:54.362+0800][1229.986s] GC(52) User=0.11s Sys=0.00s Real=0.02s
[2022-03-28T17:43:54.537+0800][1230.161s] GC(53) Pause Young (Concurrent Start) (G1 Evacuation Pause)
[2022-03-28T17:43:54.537+0800][1230.161s] GC(53) Using 8 workers of 8 for evacuation
[2022-03-28T17:43:54.541+0800][1230.166s] GC(53)   Pre Evacuate Collection Set: 0.1ms
[2022-03-28T17:43:54.542+0800][1230.166s] GC(53)   Merge Heap Roots: 0.1ms
[2022-03-28T17:43:54.542+0800][1230.166s] GC(53)   Evacuate Collection Set: 3.7ms
[2022-03-28T17:43:54.542+0800][1230.166s] GC(53)   Post Evacuate Collection Set: 0.6ms
[2022-03-28T17:43:54.542+0800][1230.166s] GC(53)   Other: 0.2ms
[2022-03-28T17:43:54.542+0800][1230.166s] GC(53) Eden regions: 20->0(24)
[2022-03-28T17:43:54.542+0800][1230.166s] GC(53) Survivor regions: 5->1(4)
[2022-03-28T17:43:54.542+0800][1230.166s] GC(53) Old regions: 385->391
[2022-03-28T17:43:54.542+0800][1230.166s] GC(53) Archive regions: 0->0
[2022-03-28T17:43:54.542+0800][1230.166s] GC(53) Humongous regions: 34->34
[2022-03-28T17:43:54.542+0800][1230.166s] GC(53) Metaspace: 50566K(50816K)->50566K(50816K) NonClass: 44565K(44672K)->44565K(44672K) Class: 6001K(6144K)->6001K(6144K)
[2022-03-28T17:43:54.542+0800][1230.166s] GC(53) Pause Young (Concurrent Start) (G1 Evacuation Pause) 437M->419M(512M) 4.788ms
[2022-03-28T17:43:54.542+0800][1230.166s] GC(53) User=0.12s Sys=0.00s Real=0.01s
[2022-03-28T17:43:54.542+0800][1230.166s] GC(54) Concurrent Mark Cycle
[2022-03-28T17:43:54.542+0800][1230.166s] GC(54) Concurrent Clear Claimed Marks
[2022-03-28T17:43:54.542+0800][1230.166s] GC(54) Concurrent Clear Claimed Marks 0.030ms
[2022-03-28T17:43:54.542+0800][1230.166s] GC(54) Concurrent Scan Root Regions
[2022-03-28T17:43:54.545+0800][1230.169s] GC(54) Concurrent Scan Root Regions 2.502ms
[2022-03-28T17:43:54.545+0800][1230.169s] GC(54) Concurrent Mark
[2022-03-28T17:43:54.545+0800][1230.169s] GC(54) Concurrent Mark From Roots
[2022-03-28T17:43:54.545+0800][1230.169s] GC(54) Using 2 workers of 2 for marking
[2022-03-28T17:43:54.796+0800][1230.421s] GC(55) Pause Young (Normal) (G1 Evacuation Pause)
[2022-03-28T17:43:54.796+0800][1230.421s] GC(55) Using 8 workers of 8 for evacuation
[2022-03-28T17:43:54.797+0800][1230.422s] GC(55)   Pre Evacuate Collection Set: 0.1ms
[2022-03-28T17:43:54.797+0800][1230.422s] GC(55)   Merge Heap Roots: 0.0ms
[2022-03-28T17:43:54.797+0800][1230.422s] GC(55)   Evacuate Collection Set: 0.5ms
[2022-03-28T17:43:54.797+0800][1230.422s] GC(55)   Post Evacuate Collection Set: 0.2ms
[2022-03-28T17:43:54.797+0800][1230.422s] GC(55)   Other: 0.1ms
[2022-03-28T17:43:54.797+0800][1230.422s] GC(55) Eden regions: 24->0(24)
[2022-03-28T17:43:54.797+0800][1230.422s] GC(55) Survivor regions: 1->1(4)
[2022-03-28T17:43:54.797+0800][1230.422s] GC(55) Old regions: 391->391
[2022-03-28T17:43:54.797+0800][1230.422s] GC(55) Archive regions: 0->0
[2022-03-28T17:43:54.798+0800][1230.422s] GC(55) Humongous regions: 34->34
[2022-03-28T17:43:54.798+0800][1230.422s] GC(55) Metaspace: 50566K(50816K)->50566K(50816K) NonClass: 44565K(44672K)->44565K(44672K) Class: 6001K(6144K)->6001K(6144K)
[2022-03-28T17:43:54.798+0800][1230.422s] GC(55) Pause Young (Normal) (G1 Evacuation Pause) 443M->419M(512M) 1.140ms
[2022-03-28T17:43:54.798+0800][1230.422s] GC(55) User=0.00s Sys=0.00s Real=0.00s
[2022-03-28T17:43:55.002+0800][1230.626s] GC(54) Concurrent Mark From Roots 457.089ms
[2022-03-28T17:43:55.002+0800][1230.626s] GC(54) Concurrent Preclean
[2022-03-28T17:43:55.002+0800][1230.626s] GC(54) Concurrent Preclean 0.152ms
[2022-03-28T17:43:55.003+0800][1230.626s] GC(54) Pause Remark
[2022-03-28T17:43:55.005+0800][1230.628s] GC(54) Pause Remark 438M->430M(512M) 2.017ms
[2022-03-28T17:43:55.005+0800][1230.628s] GC(54) User=0.00s Sys=0.00s Real=0.00s
[2022-03-28T17:43:55.005+0800][1230.628s] GC(54) Concurrent Mark 459.555ms
[2022-03-28T17:43:55.005+0800][1230.628s] GC(54) Concurrent Rebuild Remembered Sets
[2022-03-28T17:43:55.051+0800][1230.675s] GC(56) Pause Young (Normal) (G1 Evacuation Pause)
[2022-03-28T17:43:55.051+0800][1230.675s] GC(56) Using 8 workers of 8 for evacuation
[2022-03-28T17:43:55.052+0800][1230.676s] GC(56)   Pre Evacuate Collection Set: 0.1ms
[2022-03-28T17:43:55.052+0800][1230.676s] GC(56)   Merge Heap Roots: 0.0ms
[2022-03-28T17:43:55.052+0800][1230.676s] GC(56)   Evacuate Collection Set: 0.4ms
[2022-03-28T17:43:55.052+0800][1230.676s] GC(56)   Post Evacuate Collection Set: 0.3ms
[2022-03-28T17:43:55.052+0800][1230.676s] GC(56)   Other: 0.1ms
[2022-03-28T17:43:55.052+0800][1230.676s] GC(56) Eden regions: 24->0(29)
[2022-03-28T17:43:55.052+0800][1230.676s] GC(56) Survivor regions: 1->1(4)
[2022-03-28T17:43:55.052+0800][1230.676s] GC(56) Old regions: 391->391
[2022-03-28T17:43:55.052+0800][1230.676s] GC(56) Archive regions: 0->0
[2022-03-28T17:43:55.052+0800][1230.676s] GC(56) Humongous regions: 26->26
[2022-03-28T17:43:55.052+0800][1230.676s] GC(56) Metaspace: 50566K(50816K)->50566K(50816K) NonClass: 44565K(44672K)->44565K(44672K) Class: 6001K(6144K)->6001K(6144K)
[2022-03-28T17:43:55.052+0800][1230.676s] GC(56) Pause Young (Normal) (G1 Evacuation Pause) 435M->410M(512M) 1.152ms
[2022-03-28T17:43:55.052+0800][1230.676s] GC(56) User=0.00s Sys=0.00s Real=0.00s
[2022-03-28T17:43:55.243+0800][1230.868s] GC(54) Concurrent Rebuild Remembered Sets 239.439ms
[2022-03-28T17:43:55.244+0800][1230.868s] GC(54) Pause Cleanup
[2022-03-28T17:43:55.244+0800][1230.868s] GC(54) Pause Cleanup 428M->428M(512M) 0.267ms
[2022-03-28T17:43:55.245+0800][1230.868s] GC(54) User=0.00s Sys=0.00s Real=0.00s
[2022-03-28T17:43:55.245+0800][1230.868s] GC(54) Concurrent Cleanup for Next Mark
[2022-03-28T17:43:55.245+0800][1230.869s] GC(54) Concurrent Cleanup for Next Mark 0.329ms
[2022-03-28T17:43:55.245+0800][1230.869s] GC(54) Concurrent Mark Cycle 702.653ms
[2022-03-28T17:43:55.352+0800][1230.975s] GC(57) Pause Young (Prepare Mixed) (G1 Evacuation Pause)
[2022-03-28T17:43:55.352+0800][1230.975s] GC(57) Using 8 workers of 8 for evacuation
[2022-03-28T17:43:55.353+0800][1230.977s] GC(57)   Pre Evacuate Collection Set: 0.1ms
[2022-03-28T17:43:55.353+0800][1230.977s] GC(57)   Merge Heap Roots: 0.0ms
[2022-03-28T17:43:55.353+0800][1230.977s] GC(57)   Evacuate Collection Set: 0.6ms
[2022-03-28T17:43:55.353+0800][1230.977s] GC(57)   Post Evacuate Collection Set: 0.5ms
[2022-03-28T17:43:55.353+0800][1230.977s] GC(57)   Other: 0.1ms
[2022-03-28T17:43:55.353+0800][1230.977s] GC(57) Eden regions: 29->0(24)
[2022-03-28T17:43:55.353+0800][1230.977s] GC(57) Survivor regions: 1->1(4)
[2022-03-28T17:43:55.353+0800][1230.977s] GC(57) Old regions: 391->391
[2022-03-28T17:43:55.353+0800][1230.977s] GC(57) Archive regions: 0->0
[2022-03-28T17:43:55.353+0800][1230.977s] GC(57) Humongous regions: 26->26
[2022-03-28T17:43:55.353+0800][1230.977s] GC(57) Metaspace: 50566K(50816K)->50566K(50816K) NonClass: 44565K(44672K)->44565K(44672K) Class: 6001K(6144K)->6001K(6144K)
[2022-03-28T17:43:55.353+0800][1230.977s] GC(57) Pause Young (Prepare Mixed) (G1 Evacuation Pause) 439M->410M(512M) 1.563ms
[2022-03-28T17:43:55.353+0800][1230.977s] GC(57) User=0.02s Sys=0.00s Real=0.00s
[2022-03-28T17:43:55.565+0800][1231.190s] GC(58) Pause Young (Mixed) (G1 Evacuation Pause)
[2022-03-28T17:43:55.565+0800][1231.190s] GC(58) Using 8 workers of 8 for evacuation
[2022-03-28T17:43:55.566+0800][1231.191s] GC(58)   Pre Evacuate Collection Set: 0.1ms
[2022-03-28T17:43:55.566+0800][1231.191s] GC(58)   Merge Heap Roots: 0.1ms
[2022-03-28T17:43:55.566+0800][1231.191s] GC(58)   Evacuate Collection Set: 0.4ms
[2022-03-28T17:43:55.566+0800][1231.191s] GC(58)   Post Evacuate Collection Set: 0.3ms
[2022-03-28T17:43:55.566+0800][1231.191s] GC(58)   Other: 0.1ms
[2022-03-28T17:43:55.566+0800][1231.191s] GC(58) Eden regions: 24->0(32)
[2022-03-28T17:43:55.566+0800][1231.191s] GC(58) Survivor regions: 1->1(4)
[2022-03-28T17:43:55.566+0800][1231.191s] GC(58) Old regions: 391->390
[2022-03-28T17:43:55.566+0800][1231.191s] GC(58) Archive regions: 0->0
[2022-03-28T17:43:55.566+0800][1231.191s] GC(58) Humongous regions: 26->26
[2022-03-28T17:43:55.566+0800][1231.191s] GC(58) Metaspace: 50566K(50816K)->50566K(50816K) NonClass: 44565K(44672K)->44565K(44672K) Class: 6001K(6144K)->6001K(6144K)
[2022-03-28T17:43:55.566+0800][1231.191s] GC(58) Pause Young (Mixed) (G1 Evacuation Pause) 434M->410M(512M) 1.150ms
[2022-03-28T17:43:55.566+0800][1231.191s] GC(58) User=0.00s Sys=0.00s Real=0.00s
[2022-03-28T17:43:55.856+0800][1231.480s] GC(59) Pause Young (Concurrent Start) (G1 Evacuation Pause)
[2022-03-28T17:43:55.856+0800][1231.481s] GC(59) Using 8 workers of 8 for evacuation
[2022-03-28T17:43:55.858+0800][1231.482s] GC(59)   Pre Evacuate Collection Set: 0.1ms
[2022-03-28T17:43:55.858+0800][1231.482s] GC(59)   Merge Heap Roots: 0.1ms
[2022-03-28T17:43:55.858+0800][1231.482s] GC(59)   Evacuate Collection Set: 0.7ms
[2022-03-28T17:43:55.858+0800][1231.482s] GC(59)   Post Evacuate Collection Set: 0.5ms
[2022-03-28T17:43:55.858+0800][1231.482s] GC(59)   Other: 0.3ms
[2022-03-28T17:43:55.858+0800][1231.482s] GC(59) Eden regions: 32->0(33)
[2022-03-28T17:43:55.858+0800][1231.482s] GC(59) Survivor regions: 1->1(5)
[2022-03-28T17:43:55.858+0800][1231.482s] GC(59) Old regions: 390->390
[2022-03-28T17:43:55.858+0800][1231.482s] GC(59) Archive regions: 0->0
[2022-03-28T17:43:55.858+0800][1231.482s] GC(59) Humongous regions: 26->26
[2022-03-28T17:43:55.858+0800][1231.482s] GC(59) Metaspace: 50566K(50816K)->50566K(50816K) NonClass: 44565K(44672K)->44565K(44672K) Class: 6001K(6144K)->6001K(6144K)
[2022-03-28T17:43:55.858+0800][1231.482s] GC(59) Pause Young (Concurrent Start) (G1 Evacuation Pause) 442M->410M(512M) 1.800ms
[2022-03-28T17:43:55.858+0800][1231.482s] GC(59) User=0.00s Sys=0.00s Real=0.00s
[2022-03-28T17:43:55.858+0800][1231.482s] GC(60) Concurrent Mark Cycle
[2022-03-28T17:43:55.858+0800][1231.482s] GC(60) Concurrent Clear Claimed Marks
[2022-03-28T17:43:55.858+0800][1231.482s] GC(60) Concurrent Clear Claimed Marks 0.017ms
[2022-03-28T17:43:55.858+0800][1231.482s] GC(60) Concurrent Scan Root Regions
[2022-03-28T17:43:55.859+0800][1231.483s] GC(60) Concurrent Scan Root Regions 0.622ms
[2022-03-28T17:43:55.859+0800][1231.483s] GC(60) Concurrent Mark
[2022-03-28T17:43:55.859+0800][1231.483s] GC(60) Concurrent Mark From Roots
[2022-03-28T17:43:55.859+0800][1231.483s] GC(60) Using 2 workers of 2 for marking
[2022-03-28T17:43:56.232+0800][1231.856s] GC(61) Pause Young (Normal) (G1 Evacuation Pause)
[2022-03-28T17:43:56.232+0800][1231.857s] GC(61) Using 8 workers of 8 for evacuation
[2022-03-28T17:43:56.233+0800][1231.857s] GC(61)   Pre Evacuate Collection Set: 0.1ms
[2022-03-28T17:43:56.233+0800][1231.857s] GC(61)   Merge Heap Roots: 0.0ms
[2022-03-28T17:43:56.233+0800][1231.857s] GC(61)   Evacuate Collection Set: 0.5ms
[2022-03-28T17:43:56.233+0800][1231.857s] GC(61)   Post Evacuate Collection Set: 0.2ms
[2022-03-28T17:43:56.233+0800][1231.857s] GC(61)   Other: 0.1ms
[2022-03-28T17:43:56.233+0800][1231.857s] GC(61) Eden regions: 33->0(34)
[2022-03-28T17:43:56.233+0800][1231.857s] GC(61) Survivor regions: 1->1(5)
[2022-03-28T17:43:56.233+0800][1231.857s] GC(61) Old regions: 390->390
[2022-03-28T17:43:56.233+0800][1231.858s] GC(61) Archive regions: 0->0
[2022-03-28T17:43:56.233+0800][1231.858s] GC(61) Humongous regions: 26->26
[2022-03-28T17:43:56.233+0800][1231.858s] GC(61) Metaspace: 50566K(50816K)->50566K(50816K) NonClass: 44565K(44672K)->44565K(44672K) Class: 6001K(6144K)->6001K(6144K)
[2022-03-28T17:43:56.233+0800][1231.858s] GC(61) Pause Young (Normal) (G1 Evacuation Pause) 443M->410M(512M) 1.097ms
[2022-03-28T17:43:56.233+0800][1231.858s] GC(61) User=0.00s Sys=0.00s Real=0.00s
[2022-03-28T17:43:56.284+0800][1231.908s] GC(60) Concurrent Mark From Roots 425.215ms
[2022-03-28T17:43:56.284+0800][1231.908s] GC(60) Concurrent Preclean
[2022-03-28T17:43:56.285+0800][1231.909s] GC(60) Concurrent Preclean 0.277ms
[2022-03-28T17:43:56.285+0800][1231.909s] GC(60) Pause Remark
[2022-03-28T17:43:56.287+0800][1231.911s] GC(60) Pause Remark 415M->415M(512M) 2.051ms
[2022-03-28T17:43:56.287+0800][1231.911s] GC(60) User=0.00s Sys=0.00s Real=0.00s
[2022-03-28T17:43:56.287+0800][1231.911s] GC(60) Concurrent Mark 427.887ms
[2022-03-28T17:43:56.287+0800][1231.911s] GC(60) Concurrent Rebuild Remembered Sets
[2022-03-28T17:43:56.500+0800][1232.125s] GC(60) Concurrent Rebuild Remembered Sets 213.872ms
[2022-03-28T17:43:56.500+0800][1232.125s] GC(60) Pause Cleanup
[2022-03-28T17:43:56.502+0800][1232.125s] GC(60) Pause Cleanup 425M->425M(512M) 0.134ms
[2022-03-28T17:43:56.502+0800][1232.125s] GC(60) User=0.00s Sys=0.00s Real=0.00s
[2022-03-28T17:43:56.502+0800][1232.125s] GC(60) Concurrent Cleanup for Next Mark
[2022-03-28T17:43:56.502+0800][1232.126s] GC(60) Concurrent Cleanup for Next Mark 0.433ms
[2022-03-28T17:43:56.502+0800][1232.126s] GC(60) Concurrent Mark Cycle 643.325ms
[2022-03-28T17:45:09.549+0800][1305.173s] GC(62) Pause Young (Prepare Mixed) (G1 Evacuation Pause)
[2022-03-28T17:45:09.549+0800][1305.173s] GC(62) Using 8 workers of 8 for evacuation
[2022-03-28T17:45:09.554+0800][1305.178s] GC(62)   Pre Evacuate Collection Set: 0.1ms
[2022-03-28T17:45:09.554+0800][1305.178s] GC(62)   Merge Heap Roots: 0.1ms
[2022-03-28T17:45:09.554+0800][1305.178s] GC(62)   Evacuate Collection Set: 4.7ms
[2022-03-28T17:45:09.554+0800][1305.178s] GC(62)   Post Evacuate Collection Set: 0.3ms
[2022-03-28T17:45:09.554+0800][1305.178s] GC(62)   Other: 0.1ms
[2022-03-28T17:45:09.554+0800][1305.178s] GC(62) Eden regions: 34->0(20)
[2022-03-28T17:45:09.554+0800][1305.178s] GC(62) Survivor regions: 1->5(5)
[2022-03-28T17:45:09.554+0800][1305.178s] GC(62) Old regions: 390->395
[2022-03-28T17:45:09.554+0800][1305.178s] GC(62) Archive regions: 0->0
[2022-03-28T17:45:09.554+0800][1305.178s] GC(62) Humongous regions: 49->34
[2022-03-28T17:45:09.554+0800][1305.178s] GC(62) Metaspace: 50572K(50880K)->50572K(50880K) NonClass: 44571K(44736K)->44571K(44736K) Class: 6001K(6144K)->6001K(6144K)
[2022-03-28T17:45:09.554+0800][1305.178s] GC(62) Pause Young (Prepare Mixed) (G1 Evacuation Pause) 467M->428M(512M) 5.424ms
[2022-03-28T17:45:09.554+0800][1305.178s] GC(62) User=0.00s Sys=0.00s Real=0.00s
[2022-03-28T17:45:09.591+0800][1305.215s] GC(63) Pause Young (Mixed) (G1 Evacuation Pause)
[2022-03-28T17:45:09.591+0800][1305.215s] GC(63) Using 8 workers of 8 for evacuation
[2022-03-28T17:45:09.602+0800][1305.226s] GC(63)   Pre Evacuate Collection Set: 0.1ms
[2022-03-28T17:45:09.602+0800][1305.226s] GC(63)   Merge Heap Roots: 0.1ms
[2022-03-28T17:45:09.602+0800][1305.226s] GC(63)   Evacuate Collection Set: 10.1ms
[2022-03-28T17:45:09.602+0800][1305.226s] GC(63)   Post Evacuate Collection Set: 0.4ms
[2022-03-28T17:45:09.602+0800][1305.226s] GC(63)   Other: 0.1ms
[2022-03-28T17:45:09.602+0800][1305.226s] GC(63) Eden regions: 20->0(21)
[2022-03-28T17:45:09.602+0800][1305.226s] GC(63) Survivor regions: 5->4(4)
[2022-03-28T17:45:09.602+0800][1305.226s] GC(63) Old regions: 395->407
[2022-03-28T17:45:09.602+0800][1305.226s] GC(63) Archive regions: 0->0
[2022-03-28T17:45:09.602+0800][1305.226s] GC(63) Humongous regions: 35->35
[2022-03-28T17:45:09.602+0800][1305.226s] GC(63) Metaspace: 50572K(50880K)->50572K(50880K) NonClass: 44571K(44736K)->44571K(44736K) Class: 6001K(6144K)->6001K(6144K)
[2022-03-28T17:45:09.602+0800][1305.226s] GC(63) Pause Young (Mixed) (G1 Evacuation Pause) 449M->441M(512M) 10.892ms
[2022-03-28T17:45:09.602+0800][1305.226s] GC(63) User=0.00s Sys=0.00s Real=0.01s
[2022-03-28T17:45:09.617+0800][1305.241s] GC(64) Pause Young (Concurrent Start) (G1 Humongous Allocation)
[2022-03-28T17:45:09.617+0800][1305.241s] GC(64) Using 8 workers of 8 for evacuation
[2022-03-28T17:45:09.624+0800][1305.248s] GC(64)   Pre Evacuate Collection Set: 0.1ms
[2022-03-28T17:45:09.624+0800][1305.248s] GC(64)   Merge Heap Roots: 0.1ms
[2022-03-28T17:45:09.624+0800][1305.248s] GC(64)   Evacuate Collection Set: 6.4ms
[2022-03-28T17:45:09.624+0800][1305.248s] GC(64)   Post Evacuate Collection Set: 0.4ms
[2022-03-28T17:45:09.624+0800][1305.248s] GC(64)   Other: 0.2ms
[2022-03-28T17:45:09.624+0800][1305.248s] GC(64) Eden regions: 9->0(21)
[2022-03-28T17:45:09.624+0800][1305.248s] GC(64) Survivor regions: 4->4(4)
[2022-03-28T17:45:09.624+0800][1305.248s] GC(64) Old regions: 407->413
[2022-03-28T17:45:09.624+0800][1305.248s] GC(64) Archive regions: 0->0
[2022-03-28T17:45:09.624+0800][1305.248s] GC(64) Humongous regions: 35->35
[2022-03-28T17:45:09.624+0800][1305.248s] GC(64) Metaspace: 50572K(50880K)->50572K(50880K) NonClass: 44571K(44736K)->44571K(44736K) Class: 6001K(6144K)->6001K(6144K)
[2022-03-28T17:45:09.624+0800][1305.248s] GC(64) Pause Young (Concurrent Start) (G1 Humongous Allocation) 450M->447M(512M) 7.389ms
[2022-03-28T17:45:09.624+0800][1305.248s] GC(64) User=0.12s Sys=0.00s Real=0.01s
[2022-03-28T17:45:09.624+0800][1305.248s] GC(65) Concurrent Mark Cycle
[2022-03-28T17:45:09.624+0800][1305.248s] GC(65) Concurrent Clear Claimed Marks
[2022-03-28T17:45:09.625+0800][1305.248s] GC(65) Concurrent Clear Claimed Marks 0.035ms
[2022-03-28T17:45:09.625+0800][1305.248s] GC(65) Concurrent Scan Root Regions
[2022-03-28T17:45:09.626+0800][1305.251s] GC(65) Concurrent Scan Root Regions 2.505ms
[2022-03-28T17:45:09.626+0800][1305.251s] GC(65) Concurrent Mark
[2022-03-28T17:45:09.626+0800][1305.251s] GC(65) Concurrent Mark From Roots
[2022-03-28T17:45:09.626+0800][1305.251s] GC(65) Using 2 workers of 2 for marking
[2022-03-28T17:45:09.664+0800][1305.288s] GC(66) Pause Young (Normal) (G1 Evacuation Pause)
[2022-03-28T17:45:09.664+0800][1305.288s] GC(66) Using 8 workers of 8 for evacuation
[2022-03-28T17:45:09.679+0800][1305.303s] GC(66)   Pre Evacuate Collection Set: 0.1ms
[2022-03-28T17:45:09.679+0800][1305.303s] GC(66)   Merge Heap Roots: 0.1ms
[2022-03-28T17:45:09.679+0800][1305.303s] GC(66)   Evacuate Collection Set: 14.5ms
[2022-03-28T17:45:09.679+0800][1305.303s] GC(66)   Post Evacuate Collection Set: 0.4ms
[2022-03-28T17:45:09.679+0800][1305.303s] GC(66)   Other: 0.1ms
[2022-03-28T17:45:09.679+0800][1305.303s] GC(66) Eden regions: 21->0(21)
[2022-03-28T17:45:09.679+0800][1305.303s] GC(66) Survivor regions: 4->4(4)
[2022-03-28T17:45:09.679+0800][1305.303s] GC(66) Old regions: 413->425
[2022-03-28T17:45:09.679+0800][1305.303s] GC(66) Archive regions: 0->0
[2022-03-28T17:45:09.679+0800][1305.303s] GC(66) Humongous regions: 37->37
[2022-03-28T17:45:09.679+0800][1305.303s] GC(66) Metaspace: 50572K(50880K)->50572K(50880K) NonClass: 44571K(44736K)->44571K(44736K) Class: 6001K(6144K)->6001K(6144K)
[2022-03-28T17:45:09.679+0800][1305.303s] GC(66) Pause Young (Normal) (G1 Evacuation Pause) 470M->461M(512M) 15.354ms
[2022-03-28T17:45:09.679+0800][1305.303s] GC(66) User=0.12s Sys=0.00s Real=0.01s
[2022-03-28T17:45:09.729+0800][1305.353s] GC(67) Pause Young (Normal) (G1 Evacuation Pause)
[2022-03-28T17:45:09.729+0800][1305.353s] GC(67) Using 8 workers of 8 for evacuation
[2022-03-28T17:45:09.748+0800][1305.372s] GC(67)   Pre Evacuate Collection Set: 0.1ms
[2022-03-28T17:45:09.748+0800][1305.372s] GC(67)   Merge Heap Roots: 0.2ms
[2022-03-28T17:45:09.748+0800][1305.372s] GC(67)   Evacuate Collection Set: 18.2ms
[2022-03-28T17:45:09.748+0800][1305.372s] GC(67)   Post Evacuate Collection Set: 0.2ms
[2022-03-28T17:45:09.748+0800][1305.372s] GC(67)   Other: 0.2ms
[2022-03-28T17:45:09.748+0800][1305.372s] GC(67) Eden regions: 21->0(21)
[2022-03-28T17:45:09.748+0800][1305.372s] GC(67) Survivor regions: 4->4(4)
[2022-03-28T17:45:09.748+0800][1305.372s] GC(67) Old regions: 425->439
[2022-03-28T17:45:09.748+0800][1305.372s] GC(67) Archive regions: 0->0
[2022-03-28T17:45:09.748+0800][1305.372s] GC(67) Humongous regions: 37->37
[2022-03-28T17:45:09.748+0800][1305.372s] GC(67) Metaspace: 50572K(50880K)->50572K(50880K) NonClass: 44571K(44736K)->44571K(44736K) Class: 6001K(6144K)->6001K(6144K)
[2022-03-28T17:45:09.748+0800][1305.372s] GC(67) Pause Young (Normal) (G1 Evacuation Pause) 482M->475M(512M) 18.985ms
[2022-03-28T17:45:09.748+0800][1305.372s] GC(67) User=0.08s Sys=0.00s Real=0.02s
[2022-03-28T17:45:09.793+0800][1305.424s] GC(68) Pause Young (Normal) (G1 Preventive Collection)
[2022-03-28T17:45:09.793+0800][1305.424s] GC(68) Using 8 workers of 8 for evacuation
[2022-03-28T17:45:09.818+0800][1305.442s] GC(68)   Pre Evacuate Collection Set: 0.1ms
[2022-03-28T17:45:09.818+0800][1305.442s] GC(68)   Merge Heap Roots: 0.2ms
[2022-03-28T17:45:09.818+0800][1305.442s] GC(68)   Evacuate Collection Set: 16.3ms
[2022-03-28T17:45:09.818+0800][1305.442s] GC(68)   Post Evacuate Collection Set: 0.5ms
[2022-03-28T17:45:09.818+0800][1305.442s] GC(68)   Other: 0.3ms
[2022-03-28T17:45:09.818+0800][1305.442s] GC(68) Eden regions: 14->0(21)
[2022-03-28T17:45:09.818+0800][1305.442s] GC(68) Survivor regions: 4->4(4)
[2022-03-28T17:45:09.818+0800][1305.442s] GC(68) Old regions: 439->448
[2022-03-28T17:45:09.818+0800][1305.442s] GC(68) Archive regions: 0->0
[2022-03-28T17:45:09.818+0800][1305.442s] GC(68) Humongous regions: 40->40
[2022-03-28T17:45:09.818+0800][1305.442s] GC(68) Metaspace: 50572K(50880K)->50572K(50880K) NonClass: 44571K(44736K)->44571K(44736K) Class: 6001K(6144K)->6001K(6144K)
[2022-03-28T17:45:09.818+0800][1305.442s] GC(68) Pause Young (Normal) (G1 Preventive Collection) 492M->487M(512M) 17.797ms
[2022-03-28T17:45:09.818+0800][1305.442s] GC(68) User=0.05s Sys=0.00s Real=0.03s
[2022-03-28T17:45:09.827+0800][1305.457s] GC(69) Pause Young (Normal) (G1 Preventive Collection)
[2022-03-28T17:45:09.827+0800][1305.457s] GC(69) Using 8 workers of 8 for evacuation
[2022-03-28T17:45:09.845+0800][1305.470s] GC(69)   Pre Evacuate Collection Set: 0.0ms
[2022-03-28T17:45:09.845+0800][1305.470s] GC(69)   Merge Heap Roots: 0.1ms
[2022-03-28T17:45:09.845+0800][1305.470s] GC(69)   Evacuate Collection Set: 11.6ms
[2022-03-28T17:45:09.845+0800][1305.470s] GC(69)   Post Evacuate Collection Set: 0.3ms
[2022-03-28T17:45:09.845+0800][1305.470s] GC(69)   Other: 0.1ms
[2022-03-28T17:45:09.845+0800][1305.470s] GC(69) Eden regions: 9->0(21)
[2022-03-28T17:45:09.845+0800][1305.470s] GC(69) Survivor regions: 4->4(4)
[2022-03-28T17:45:09.845+0800][1305.470s] GC(69) Old regions: 448->454
[2022-03-28T17:45:09.845+0800][1305.470s] GC(69) Archive regions: 0->0
[2022-03-28T17:45:09.845+0800][1305.470s] GC(69) Humongous regions: 40->40
[2022-03-28T17:45:09.845+0800][1305.470s] GC(69) Metaspace: 50572K(50880K)->50572K(50880K) NonClass: 44571K(44736K)->44571K(44736K) Class: 6001K(6144K)->6001K(6144K)
[2022-03-28T17:45:09.845+0800][1305.470s] GC(69) Pause Young (Normal) (G1 Preventive Collection) 496M->493M(512M) 12.306ms
[2022-03-28T17:45:09.845+0800][1305.470s] GC(69) User=0.12s Sys=0.00s Real=0.02s
[2022-03-28T17:45:09.857+0800][1305.481s] GC(70) Pause Young (Normal) (G1 Preventive Collection)
[2022-03-28T17:45:09.857+0800][1305.481s] GC(70) Using 8 workers of 8 for evacuation
[2022-03-28T17:45:09.861+0800][1305.490s] GC(70)   Pre Evacuate Collection Set: 0.1ms
[2022-03-28T17:45:09.861+0800][1305.490s] GC(70)   Merge Heap Roots: 0.1ms
[2022-03-28T17:45:09.861+0800][1305.490s] GC(70)   Evacuate Collection Set: 8.1ms
[2022-03-28T17:45:09.861+0800][1305.490s] GC(70)   Post Evacuate Collection Set: 0.4ms
[2022-03-28T17:45:09.861+0800][1305.490s] GC(70)   Other: 0.1ms
[2022-03-28T17:45:09.861+0800][1305.490s] GC(70) Eden regions: 5->0(21)
[2022-03-28T17:45:09.861+0800][1305.490s] GC(70) Survivor regions: 4->4(4)
[2022-03-28T17:45:09.861+0800][1305.490s] GC(70) Old regions: 454->458
[2022-03-28T17:45:09.861+0800][1305.490s] GC(70) Archive regions: 0->0
[2022-03-28T17:45:09.861+0800][1305.490s] GC(70) Humongous regions: 40->40
[2022-03-28T17:45:09.861+0800][1305.490s] GC(70) Metaspace: 50572K(50880K)->50572K(50880K) NonClass: 44571K(44736K)->44571K(44736K) Class: 6001K(6144K)->6001K(6144K)
[2022-03-28T17:45:09.861+0800][1305.490s] GC(70) Pause Young (Normal) (G1 Preventive Collection) 498M->497M(512M) 9.271ms
[2022-03-28T17:45:09.861+0800][1305.490s] GC(70) User=0.00s Sys=0.00s Real=0.00s
[2022-03-28T17:45:09.876+0800][1305.499s] GC(71) Pause Young (Normal) (G1 Preventive Collection)
[2022-03-28T17:45:09.876+0800][1305.500s] GC(71) Using 8 workers of 8 for evacuation
[2022-03-28T17:45:09.881+0800][1305.505s] GC(71)   Pre Evacuate Collection Set: 0.1ms
[2022-03-28T17:45:09.881+0800][1305.505s] GC(71)   Merge Heap Roots: 0.1ms
[2022-03-28T17:45:09.881+0800][1305.505s] GC(71)   Evacuate Collection Set: 4.8ms
[2022-03-28T17:45:09.881+0800][1305.505s] GC(71)   Post Evacuate Collection Set: 0.2ms
[2022-03-28T17:45:09.881+0800][1305.505s] GC(71)   Other: 0.1ms
[2022-03-28T17:45:09.881+0800][1305.505s] GC(71) Eden regions: 3->0(23)
[2022-03-28T17:45:09.881+0800][1305.505s] GC(71) Survivor regions: 4->2(4)
[2022-03-28T17:45:09.881+0800][1305.505s] GC(71) Old regions: 458->462
[2022-03-28T17:45:09.881+0800][1305.505s] GC(71) Archive regions: 0->0
[2022-03-28T17:45:09.881+0800][1305.505s] GC(71) Humongous regions: 40->40
[2022-03-28T17:45:09.881+0800][1305.505s] GC(71) Metaspace: 50572K(50880K)->50572K(50880K) NonClass: 44571K(44736K)->44571K(44736K) Class: 6001K(6144K)->6001K(6144K)
[2022-03-28T17:45:09.881+0800][1305.505s] GC(71) Pause Young (Normal) (G1 Preventive Collection) 500M->499M(512M) 5.382ms
[2022-03-28T17:45:09.881+0800][1305.505s] GC(71) User=0.00s Sys=0.00s Real=0.01s
[2022-03-28T17:45:09.891+0800][1305.515s] GC(72) Pause Young (Normal) (G1 Preventive Collection)
[2022-03-28T17:45:09.891+0800][1305.515s] GC(72) Using 8 workers of 8 for evacuation
[2022-03-28T17:45:09.897+0800][1305.520s] GC(72)   Pre Evacuate Collection Set: 0.1ms
[2022-03-28T17:45:09.897+0800][1305.520s] GC(72)   Merge Heap Roots: 0.1ms
[2022-03-28T17:45:09.897+0800][1305.520s] GC(72)   Evacuate Collection Set: 4.9ms
[2022-03-28T17:45:09.897+0800][1305.520s] GC(72)   Post Evacuate Collection Set: 0.3ms
[2022-03-28T17:45:09.897+0800][1305.520s] GC(72)   Other: 0.2ms
[2022-03-28T17:45:09.897+0800][1305.520s] GC(72) Eden regions: 3->0(21)
[2022-03-28T17:45:09.897+0800][1305.520s] GC(72) Survivor regions: 2->4(4)
[2022-03-28T17:45:09.897+0800][1305.520s] GC(72) Old regions: 462->462
[2022-03-28T17:45:09.897+0800][1305.521s] GC(72) Archive regions: 0->0
[2022-03-28T17:45:09.897+0800][1305.521s] GC(72) Humongous regions: 40->40
[2022-03-28T17:45:09.897+0800][1305.521s] GC(72) Metaspace: 50572K(50880K)->50572K(50880K) NonClass: 44571K(44736K)->44571K(44736K) Class: 6001K(6144K)->6001K(6144K)
[2022-03-28T17:45:09.897+0800][1305.521s] GC(72) Pause Young (Normal) (G1 Preventive Collection) 502M->501M(512M) 5.671ms
[2022-03-28T17:45:09.897+0800][1305.521s] GC(72) User=0.00s Sys=0.00s Real=0.01s
[2022-03-28T17:45:09.897+0800][1305.524s] GC(73) Pause Young (Normal) (G1 Preventive Collection)
[2022-03-28T17:45:09.897+0800][1305.524s] GC(73) Using 8 workers of 8 for evacuation
[2022-03-28T17:45:09.905+0800][1305.529s] GC(73)   Pre Evacuate Collection Set: 0.1ms
[2022-03-28T17:45:09.905+0800][1305.529s] GC(73)   Merge Heap Roots: 0.1ms
[2022-03-28T17:45:09.905+0800][1305.529s] GC(73)   Evacuate Collection Set: 4.1ms
[2022-03-28T17:45:09.905+0800][1305.529s] GC(73)   Post Evacuate Collection Set: 0.2ms
[2022-03-28T17:45:09.905+0800][1305.529s] GC(73)   Other: 0.1ms
[2022-03-28T17:45:09.905+0800][1305.529s] GC(73) Eden regions: 1->0(22)
[2022-03-28T17:45:09.905+0800][1305.529s] GC(73) Survivor regions: 4->3(4)
[2022-03-28T17:45:09.905+0800][1305.529s] GC(73) Old regions: 462->464
[2022-03-28T17:45:09.905+0800][1305.529s] GC(73) Archive regions: 0->0
[2022-03-28T17:45:09.905+0800][1305.529s] GC(73) Humongous regions: 40->40
[2022-03-28T17:45:09.905+0800][1305.529s] GC(73) Metaspace: 50572K(50880K)->50572K(50880K) NonClass: 44571K(44736K)->44571K(44736K) Class: 6001K(6144K)->6001K(6144K)
[2022-03-28T17:45:09.905+0800][1305.529s] GC(73) Pause Young (Normal) (G1 Preventive Collection) 502M->501M(512M) 4.800ms
[2022-03-28T17:45:09.905+0800][1305.529s] GC(73) User=0.11s Sys=0.00s Real=0.01s
[2022-03-28T17:45:09.908+0800][1305.532s] GC(74) Pause Young (Normal) (G1 Preventive Collection)
[2022-03-28T17:45:09.908+0800][1305.532s] GC(74) Using 8 workers of 8 for evacuation
[2022-03-28T17:45:09.914+0800][1305.537s] GC(74)   Pre Evacuate Collection Set: 0.1ms
[2022-03-28T17:45:09.914+0800][1305.537s] GC(74)   Merge Heap Roots: 0.1ms
[2022-03-28T17:45:09.914+0800][1305.537s] GC(74)   Evacuate Collection Set: 5.0ms
[2022-03-28T17:45:09.914+0800][1305.538s] GC(74)   Post Evacuate Collection Set: 0.3ms
[2022-03-28T17:45:09.914+0800][1305.538s] GC(74)   Other: 0.2ms
[2022-03-28T17:45:09.914+0800][1305.538s] GC(74) Eden regions: 1->0(23)
[2022-03-28T17:45:09.914+0800][1305.538s] GC(74) Survivor regions: 3->2(4)
[2022-03-28T17:45:09.914+0800][1305.538s] GC(74) Old regions: 464->465
[2022-03-28T17:45:09.914+0800][1305.538s] GC(74) Archive regions: 0->0
[2022-03-28T17:45:09.914+0800][1305.538s] GC(74) Humongous regions: 40->40
[2022-03-28T17:45:09.914+0800][1305.538s] GC(74) Metaspace: 50572K(50880K)->50572K(50880K) NonClass: 44571K(44736K)->44571K(44736K) Class: 6001K(6144K)->6001K(6144K)
[2022-03-28T17:45:09.914+0800][1305.538s] GC(74) Pause Young (Normal) (G1 Preventive Collection) 502M->502M(512M) 6.030ms
[2022-03-28T17:45:09.914+0800][1305.538s] GC(74) User=0.00s Sys=0.00s Real=0.01s
[2022-03-28T17:45:09.917+0800][1305.541s] GC(75) Pause Young (Normal) (G1 Preventive Collection)
[2022-03-28T17:45:09.917+0800][1305.541s] GC(75) Using 8 workers of 8 for evacuation
[2022-03-28T17:45:09.921+0800][1305.545s] GC(75)   Pre Evacuate Collection Set: 0.1ms
[2022-03-28T17:45:09.921+0800][1305.545s] GC(75)   Merge Heap Roots: 0.1ms
[2022-03-28T17:45:09.921+0800][1305.545s] GC(75)   Evacuate Collection Set: 3.0ms
[2022-03-28T17:45:09.921+0800][1305.545s] GC(75)   Post Evacuate Collection Set: 0.2ms
[2022-03-28T17:45:09.921+0800][1305.545s] GC(75)   Other: 0.2ms
[2022-03-28T17:45:09.921+0800][1305.545s] GC(75) Eden regions: 2->0(22)
[2022-03-28T17:45:09.921+0800][1305.545s] GC(75) Survivor regions: 2->3(3)
[2022-03-28T17:45:09.921+0800][1305.545s] GC(75) Old regions: 465->465
[2022-03-28T17:45:09.921+0800][1305.545s] GC(75) Archive regions: 0->0
[2022-03-28T17:45:09.921+0800][1305.545s] GC(75) Humongous regions: 40->40
[2022-03-28T17:45:09.921+0800][1305.545s] GC(75) Metaspace: 50572K(50880K)->50572K(50880K) NonClass: 44571K(44736K)->44571K(44736K) Class: 6001K(6144K)->6001K(6144K)
[2022-03-28T17:45:09.921+0800][1305.545s] GC(75) Pause Young (Normal) (G1 Preventive Collection) 504M->503M(512M) 3.800ms
[2022-03-28T17:45:09.921+0800][1305.545s] GC(75) User=0.00s Sys=0.00s Real=0.00s
[2022-03-28T17:45:09.923+0800][1305.548s] GC(76) Pause Young (Normal) (G1 Preventive Collection)
[2022-03-28T17:45:09.923+0800][1305.548s] GC(76) Using 8 workers of 8 for evacuation
[2022-03-28T17:45:09.927+0800][1305.553s] GC(76)   Pre Evacuate Collection Set: 0.1ms
[2022-03-28T17:45:09.927+0800][1305.553s] GC(76)   Merge Heap Roots: 0.2ms
[2022-03-28T17:45:09.927+0800][1305.553s] GC(76)   Evacuate Collection Set: 4.5ms
[2022-03-28T17:45:09.927+0800][1305.553s] GC(76)   Post Evacuate Collection Set: 0.4ms
[2022-03-28T17:45:09.927+0800][1305.553s] GC(76)   Other: 0.1ms
[2022-03-28T17:45:09.927+0800][1305.553s] GC(76) Eden regions: 1->0(23)
[2022-03-28T17:45:09.927+0800][1305.553s] GC(76) Survivor regions: 3->2(3)
[2022-03-28T17:45:09.927+0800][1305.553s] GC(76) Old regions: 465->466
[2022-03-28T17:45:09.927+0800][1305.553s] GC(76) Archive regions: 0->0
[2022-03-28T17:45:09.927+0800][1305.553s] GC(76) Humongous regions: 40->40
[2022-03-28T17:45:09.927+0800][1305.553s] GC(76) Metaspace: 50572K(50880K)->50572K(50880K) NonClass: 44571K(44736K)->44571K(44736K) Class: 6001K(6144K)->6001K(6144K)
[2022-03-28T17:45:09.927+0800][1305.553s] GC(76) Pause Young (Normal) (G1 Preventive Collection) 504M->503M(512M) 5.638ms
[2022-03-28T17:45:09.927+0800][1305.553s] GC(76) User=0.00s Sys=0.00s Real=0.00s
[2022-03-28T17:45:09.927+0800][1305.556s] GC(77) Pause Young (Normal) (G1 Preventive Collection)
[2022-03-28T17:45:09.927+0800][1305.556s] GC(77) Using 8 workers of 8 for evacuation
[2022-03-28T17:45:09.938+0800][1305.561s] GC(77)   Pre Evacuate Collection Set: 0.1ms
[2022-03-28T17:45:09.938+0800][1305.561s] GC(77)   Merge Heap Roots: 0.1ms
[2022-03-28T17:45:09.938+0800][1305.561s] GC(77)   Evacuate Collection Set: 4.9ms
[2022-03-28T17:45:09.938+0800][1305.561s] GC(77)   Post Evacuate Collection Set: 0.4ms
[2022-03-28T17:45:09.938+0800][1305.561s] GC(77)   Other: 0.1ms
[2022-03-28T17:45:09.938+0800][1305.561s] GC(77) Eden regions: 1->0(22)
[2022-03-28T17:45:09.938+0800][1305.561s] GC(77) Survivor regions: 2->3(3)
[2022-03-28T17:45:09.938+0800][1305.561s] GC(77) Old regions: 466->466
[2022-03-28T17:45:09.938+0800][1305.561s] GC(77) Archive regions: 0->0
[2022-03-28T17:45:09.938+0800][1305.561s] GC(77) Humongous regions: 40->40
[2022-03-28T17:45:09.938+0800][1305.561s] GC(77) Metaspace: 50572K(50880K)->50572K(50880K) NonClass: 44571K(44736K)->44571K(44736K) Class: 6001K(6144K)->6001K(6144K)
[2022-03-28T17:45:09.938+0800][1305.561s] GC(77) Pause Young (Normal) (G1 Preventive Collection) 504M->504M(512M) 5.868ms
[2022-03-28T17:45:09.938+0800][1305.562s] GC(77) User=0.11s Sys=0.00s Real=0.01s
[2022-03-28T17:45:09.941+0800][1305.564s] GC(78) Pause Young (Normal) (G1 Preventive Collection)
[2022-03-28T17:45:09.941+0800][1305.564s] GC(78) Using 8 workers of 8 for evacuation
[2022-03-28T17:45:09.947+0800][1305.571s] GC(78) To-space exhausted
[2022-03-28T17:45:09.947+0800][1305.571s] GC(78)   Pre Evacuate Collection Set: 0.1ms
[2022-03-28T17:45:09.947+0800][1305.571s] GC(78)   Merge Heap Roots: 0.1ms
[2022-03-28T17:45:09.947+0800][1305.571s] GC(78)   Evacuate Collection Set: 4.3ms
[2022-03-28T17:45:09.947+0800][1305.571s] GC(78)   Post Evacuate Collection Set: 2.1ms
[2022-03-28T17:45:09.947+0800][1305.571s] GC(78)   Other: 0.2ms
[2022-03-28T17:45:09.947+0800][1305.571s] GC(78) Eden regions: 1->0(24)
[2022-03-28T17:45:09.947+0800][1305.571s] GC(78) Survivor regions: 3->1(2)
[2022-03-28T17:45:09.947+0800][1305.571s] GC(78) Old regions: 466->471
[2022-03-28T17:45:09.947+0800][1305.571s] GC(78) Archive regions: 0->0
[2022-03-28T17:45:09.947+0800][1305.571s] GC(78) Humongous regions: 40->40
[2022-03-28T17:45:09.947+0800][1305.571s] GC(78) Metaspace: 50572K(50880K)->50572K(50880K) NonClass: 44571K(44736K)->44571K(44736K) Class: 6001K(6144K)->6001K(6144K)
[2022-03-28T17:45:09.947+0800][1305.571s] GC(78) Pause Young (Normal) (G1 Preventive Collection) 505M->507M(512M) 6.842ms
[2022-03-28T17:45:09.947+0800][1305.571s] GC(78) User=0.03s Sys=0.00s Real=0.01s
[2022-03-28T17:45:09.947+0800][1305.571s] Attempting full compaction
[2022-03-28T17:45:09.947+0800][1305.571s] GC(79) Using 8 workers of 8 for full compaction
[2022-03-28T17:45:09.947+0800][1305.571s] GC(79) Pause Full (G1 Compaction Pause)
[2022-03-28T17:45:09.948+0800][1305.572s] GC(79) Phase 1: Mark live objects
[2022-03-28T17:45:10.183+0800][1305.806s] GC(79) Phase 1: Mark live objects 234.840ms
[2022-03-28T17:45:10.183+0800][1305.807s] GC(79) Phase 2: Prepare for compaction
[2022-03-28T17:45:10.187+0800][1305.810s] GC(79) Phase 2: Prepare for compaction 3.794ms
[2022-03-28T17:45:10.187+0800][1305.810s] GC(79) Phase 3: Adjust pointers
[2022-03-28T17:45:10.249+0800][1305.872s] GC(79) Phase 3: Adjust pointers 61.882ms
[2022-03-28T17:45:10.249+0800][1305.872s] GC(79) Phase 4: Compact heap
[2022-03-28T17:45:10.252+0800][1305.877s] GC(79) Phase 4: Compact heap 4.126ms
[2022-03-28T17:45:10.261+0800][1305.884s] GC(79) Eden regions: 0->0(25)
[2022-03-28T17:45:10.261+0800][1305.884s] GC(79) Survivor regions: 1->0(2)
[2022-03-28T17:45:10.261+0800][1305.884s] GC(79) Old regions: 471->461
[2022-03-28T17:45:10.261+0800][1305.884s] GC(79) Archive regions: 0->0
[2022-03-28T17:45:10.261+0800][1305.884s] GC(79) Humongous regions: 40->37
[2022-03-28T17:45:10.261+0800][1305.884s] GC(79) Metaspace: 50572K(50880K)->50572K(50880K) NonClass: 44571K(44736K)->44571K(44736K) Class: 6001K(6144K)->6001K(6144K)
[2022-03-28T17:45:10.261+0800][1305.884s] GC(79) Pause Full (G1 Compaction Pause) 507M->494M(512M) 312.983ms
[2022-03-28T17:45:10.261+0800][1305.885s] GC(79) User=1.91s Sys=0.03s Real=0.31s
[2022-03-28T17:45:10.261+0800][1305.885s] GC(65) Concurrent Mark From Roots 634.054ms
[2022-03-28T17:45:10.261+0800][1305.885s] GC(65) Concurrent Mark Abort
[2022-03-28T17:45:10.261+0800][1305.885s] GC(65) Concurrent Mark Cycle 636.743ms
[2022-03-28T17:45:10.275+0800][1305.905s] GC(80) Pause Young (Normal) (G1 Preventive Collection)
[2022-03-28T17:45:10.275+0800][1305.905s] GC(80) Using 8 workers of 8 for evacuation
[2022-03-28T17:45:10.292+0800][1305.916s] GC(80)   Pre Evacuate Collection Set: 0.1ms
[2022-03-28T17:45:10.292+0800][1305.916s] GC(80)   Merge Heap Roots: 0.1ms
[2022-03-28T17:45:10.292+0800][1305.916s] GC(80)   Evacuate Collection Set: 10.2ms
[2022-03-28T17:45:10.292+0800][1305.916s] GC(80)   Post Evacuate Collection Set: 0.3ms
[2022-03-28T17:45:10.292+0800][1305.916s] GC(80)   Other: 0.3ms
[2022-03-28T17:45:10.292+0800][1305.916s] GC(80) Eden regions: 8->0(21)
[2022-03-28T17:45:10.292+0800][1305.916s] GC(80) Survivor regions: 0->4(4)
[2022-03-28T17:45:10.292+0800][1305.916s] GC(80) Old regions: 461->462
[2022-03-28T17:45:10.292+0800][1305.916s] GC(80) Archive regions: 0->0
[2022-03-28T17:45:10.292+0800][1305.916s] GC(80) Humongous regions: 37->37
[2022-03-28T17:45:10.292+0800][1305.916s] GC(80) Metaspace: 50572K(50880K)->50572K(50880K) NonClass: 44571K(44736K)->44571K(44736K) Class: 6001K(6144K)->6001K(6144K)
[2022-03-28T17:45:10.292+0800][1305.916s] GC(80) Pause Young (Normal) (G1 Preventive Collection) 502M->499M(512M) 11.224ms
[2022-03-28T17:45:10.292+0800][1305.916s] GC(80) User=0.06s Sys=0.00s Real=0.02s
[2022-03-28T17:45:10.316+0800][1305.940s] GC(81) Pause Young (Concurrent Start) (G1 Preventive Collection)
[2022-03-28T17:45:10.317+0800][1305.940s] GC(81) Using 8 workers of 8 for evacuation
[2022-03-28T17:45:10.331+0800][1305.956s] GC(81) To-space exhausted
[2022-03-28T17:45:10.331+0800][1305.956s] GC(81)   Pre Evacuate Collection Set: 0.1ms
[2022-03-28T17:45:10.331+0800][1305.956s] GC(81)   Merge Heap Roots: 0.2ms
[2022-03-28T17:45:10.331+0800][1305.956s] GC(81)   Evacuate Collection Set: 12.8ms
[2022-03-28T17:45:10.331+0800][1305.956s] GC(81)   Post Evacuate Collection Set: 2.0ms
[2022-03-28T17:45:10.331+0800][1305.956s] GC(81)   Other: 0.4ms
[2022-03-28T17:45:10.331+0800][1305.956s] GC(81) Eden regions: 4->0(23)
[2022-03-28T17:45:10.331+0800][1305.956s] GC(81) Survivor regions: 4->2(4)
[2022-03-28T17:45:10.331+0800][1305.956s] GC(81) Old regions: 462->473
[2022-03-28T17:45:10.331+0800][1305.956s] GC(81) Archive regions: 0->0
[2022-03-28T17:45:10.331+0800][1305.956s] GC(81) Humongous regions: 37->37
[2022-03-28T17:45:10.331+0800][1305.956s] GC(81) Metaspace: 50575K(50880K)->50575K(50880K) NonClass: 44574K(44736K)->44574K(44736K) Class: 6001K(6144K)->6001K(6144K)
[2022-03-28T17:45:10.331+0800][1305.956s] GC(81) Pause Young (Concurrent Start) (G1 Preventive Collection) 503M->508M(512M) 15.602ms
[2022-03-28T17:45:10.331+0800][1305.956s] GC(81) User=0.09s Sys=0.00s Real=0.02s
[2022-03-28T17:45:10.331+0800][1305.956s] Attempting full compaction
[2022-03-28T17:45:10.331+0800][1305.956s] GC(82) Concurrent Mark Cycle
[2022-03-28T17:45:10.331+0800][1305.956s] GC(83) Using 8 workers of 8 for full compaction
[2022-03-28T17:45:10.331+0800][1305.956s] GC(82) Concurrent Clear Claimed Marks
[2022-03-28T17:45:10.331+0800][1305.956s] GC(82) Concurrent Clear Claimed Marks 0.067ms
[2022-03-28T17:45:10.331+0800][1305.956s] GC(82) Concurrent Scan Root Regions
[2022-03-28T17:45:10.331+0800][1305.956s] GC(83) Pause Full (G1 Compaction Pause)
[2022-03-28T17:45:10.331+0800][1305.957s] GC(82) Concurrent Scan Root Regions 0.795ms
[2022-03-28T17:45:10.331+0800][1305.957s] GC(82) Concurrent Mark
[2022-03-28T17:45:10.331+0800][1305.957s] GC(82) Concurrent Mark From Roots
[2022-03-28T17:45:10.331+0800][1305.957s] GC(82) Using 2 workers of 2 for marking
[2022-03-28T17:45:10.331+0800][1305.957s] GC(83) Phase 1: Mark live objects
[2022-03-28T17:45:10.561+0800][1306.185s] GC(83) Phase 1: Mark live objects 227.551ms
[2022-03-28T17:45:10.561+0800][1306.185s] GC(83) Phase 2: Prepare for compaction
[2022-03-28T17:45:10.563+0800][1306.187s] GC(83) Phase 2: Prepare for compaction 1.925ms
[2022-03-28T17:45:10.563+0800][1306.187s] GC(83) Phase 3: Adjust pointers
[2022-03-28T17:45:10.664+0800][1306.288s] GC(83) Phase 3: Adjust pointers 100.980ms
[2022-03-28T17:45:10.664+0800][1306.288s] GC(83) Phase 4: Compact heap
[2022-03-28T17:45:10.665+0800][1306.289s] GC(83) Phase 4: Compact heap 0.720ms
[2022-03-28T17:45:10.671+0800][1306.295s] GC(83) Eden regions: 0->0(25)
[2022-03-28T17:45:10.671+0800][1306.295s] GC(83) Survivor regions: 2->0(4)
[2022-03-28T17:45:10.671+0800][1306.295s] GC(83) Old regions: 473->466
[2022-03-28T17:45:10.671+0800][1306.295s] GC(83) Archive regions: 0->0
[2022-03-28T17:45:10.671+0800][1306.295s] GC(83) Humongous regions: 37->29
[2022-03-28T17:45:10.671+0800][1306.295s] GC(83) Metaspace: 50575K(50880K)->50575K(50880K) NonClass: 44574K(44736K)->44574K(44736K) Class: 6001K(6144K)->6001K(6144K)
[2022-03-28T17:45:10.671+0800][1306.295s] GC(83) Pause Full (G1 Compaction Pause) 508M->492M(512M) 338.518ms
[2022-03-28T17:45:10.671+0800][1306.295s] GC(83) User=1.95s Sys=0.05s Real=0.34s
[2022-03-28T17:45:10.671+0800][1306.295s] GC(82) Concurrent Mark From Roots 338.370ms
[2022-03-28T17:45:10.672+0800][1306.295s] GC(82) Concurrent Mark Abort
[2022-03-28T17:45:10.672+0800][1306.295s] GC(82) Concurrent Mark Cycle 339.425ms
[2022-03-28T17:45:10.841+0800][1306.464s] GC(84) Pause Young (Normal) (G1 Preventive Collection)
[2022-03-28T17:45:10.841+0800][1306.464s] GC(84) Using 8 workers of 8 for evacuation
[2022-03-28T17:45:10.842+0800][1306.465s] GC(84)   Pre Evacuate Collection Set: 0.1ms
[2022-03-28T17:45:10.842+0800][1306.465s] GC(84)   Merge Heap Roots: 0.0ms
[2022-03-28T17:45:10.842+0800][1306.465s] GC(84)   Evacuate Collection Set: 0.4ms
[2022-03-28T17:45:10.842+0800][1306.465s] GC(84)   Post Evacuate Collection Set: 0.2ms
[2022-03-28T17:45:10.842+0800][1306.465s] GC(84)   Other: 0.1ms
[2022-03-28T17:45:10.842+0800][1306.465s] GC(84) Eden regions: 10->0(24)
[2022-03-28T17:45:10.842+0800][1306.465s] GC(84) Survivor regions: 0->1(4)
[2022-03-28T17:45:10.842+0800][1306.465s] GC(84) Old regions: 466->466
[2022-03-28T17:45:10.842+0800][1306.465s] GC(84) Archive regions: 0->0
[2022-03-28T17:45:10.842+0800][1306.465s] GC(84) Humongous regions: 29->29
[2022-03-28T17:45:10.842+0800][1306.465s] GC(84) Metaspace: 50575K(50880K)->50575K(50880K) NonClass: 44574K(44736K)->44574K(44736K) Class: 6001K(6144K)->6001K(6144K)
[2022-03-28T17:45:10.842+0800][1306.465s] GC(84) Pause Young (Normal) (G1 Preventive Collection) 502M->493M(512M) 1.048ms
[2022-03-28T17:45:10.842+0800][1306.465s] GC(84) User=0.00s Sys=0.00s Real=0.00s
[2022-03-28T17:45:10.985+0800][1306.609s] GC(85) Pause Young (Concurrent Start) (G1 Preventive Collection)
[2022-03-28T17:45:10.985+0800][1306.609s] GC(85) Using 8 workers of 8 for evacuation
[2022-03-28T17:45:10.987+0800][1306.611s] GC(85)   Pre Evacuate Collection Set: 0.2ms
[2022-03-28T17:45:10.987+0800][1306.611s] GC(85)   Merge Heap Roots: 0.1ms
[2022-03-28T17:45:10.987+0800][1306.611s] GC(85)   Evacuate Collection Set: 0.7ms
[2022-03-28T17:45:10.987+0800][1306.611s] GC(85)   Post Evacuate Collection Set: 0.6ms
[2022-03-28T17:45:10.987+0800][1306.611s] GC(85)   Other: 0.3ms
[2022-03-28T17:45:10.987+0800][1306.611s] GC(85) Eden regions: 10->0(24)
[2022-03-28T17:45:10.987+0800][1306.611s] GC(85) Survivor regions: 1->1(4)
[2022-03-28T17:45:10.987+0800][1306.611s] GC(85) Old regions: 466->466
[2022-03-28T17:45:10.987+0800][1306.611s] GC(85) Archive regions: 0->0
[2022-03-28T17:45:10.987+0800][1306.611s] GC(85) Humongous regions: 29->29
[2022-03-28T17:45:10.987+0800][1306.611s] GC(85) Metaspace: 50575K(50880K)->50575K(50880K) NonClass: 44574K(44736K)->44574K(44736K) Class: 6001K(6144K)->6001K(6144K)
[2022-03-28T17:45:10.987+0800][1306.611s] GC(85) Pause Young (Concurrent Start) (G1 Preventive Collection) 503M->493M(512M) 2.021ms
[2022-03-28T17:45:10.987+0800][1306.611s] GC(85) User=0.00s Sys=0.00s Real=0.00s
[2022-03-28T17:45:10.987+0800][1306.611s] GC(86) Concurrent Mark Cycle
[2022-03-28T17:45:10.987+0800][1306.611s] GC(86) Concurrent Clear Claimed Marks
[2022-03-28T17:45:10.987+0800][1306.611s] GC(86) Concurrent Clear Claimed Marks 0.027ms
[2022-03-28T17:45:10.987+0800][1306.611s] GC(86) Concurrent Scan Root Regions
[2022-03-28T17:45:10.989+0800][1306.613s] GC(86) Concurrent Scan Root Regions 1.514ms
[2022-03-28T17:45:10.989+0800][1306.613s] GC(86) Concurrent Mark
[2022-03-28T17:45:10.989+0800][1306.613s] GC(86) Concurrent Mark From Roots
[2022-03-28T17:45:10.989+0800][1306.613s] GC(86) Using 2 workers of 2 for marking
[2022-03-28T17:45:11.159+0800][1306.788s] GC(87) Pause Young (Normal) (G1 Preventive Collection)
[2022-03-28T17:45:11.159+0800][1306.788s] GC(87) Using 8 workers of 8 for evacuation
[2022-03-28T17:45:11.165+0800][1306.789s] GC(87)   Pre Evacuate Collection Set: 0.1ms
[2022-03-28T17:45:11.165+0800][1306.789s] GC(87)   Merge Heap Roots: 0.0ms
[2022-03-28T17:45:11.165+0800][1306.789s] GC(87)   Evacuate Collection Set: 0.5ms
[2022-03-28T17:45:11.165+0800][1306.789s] GC(87)   Post Evacuate Collection Set: 0.3ms
[2022-03-28T17:45:11.165+0800][1306.789s] GC(87)   Other: 0.2ms
[2022-03-28T17:45:11.165+0800][1306.789s] GC(87) Eden regions: 10->0(24)
[2022-03-28T17:45:11.165+0800][1306.789s] GC(87) Survivor regions: 1->1(4)
[2022-03-28T17:45:11.165+0800][1306.789s] GC(87) Old regions: 466->466
[2022-03-28T17:45:11.165+0800][1306.789s] GC(87) Archive regions: 0->0
[2022-03-28T17:45:11.165+0800][1306.789s] GC(87) Humongous regions: 29->29
[2022-03-28T17:45:11.165+0800][1306.789s] GC(87) Metaspace: 50575K(50880K)->50575K(50880K) NonClass: 44574K(44736K)->44574K(44736K) Class: 6001K(6144K)->6001K(6144K)
[2022-03-28T17:45:11.165+0800][1306.789s] GC(87) Pause Young (Normal) (G1 Preventive Collection) 503M->493M(512M) 1.382ms
[2022-03-28T17:45:11.165+0800][1306.789s] GC(87) User=0.09s Sys=0.02s Real=0.01s
[2022-03-28T17:45:11.356+0800][1306.979s] GC(88) Pause Young (Normal) (G1 Preventive Collection)
[2022-03-28T17:45:11.356+0800][1306.979s] GC(88) Using 8 workers of 8 for evacuation
[2022-03-28T17:45:11.357+0800][1306.980s] GC(88)   Pre Evacuate Collection Set: 0.1ms
[2022-03-28T17:45:11.357+0800][1306.980s] GC(88)   Merge Heap Roots: 0.1ms
[2022-03-28T17:45:11.357+0800][1306.980s] GC(88)   Evacuate Collection Set: 0.5ms
[2022-03-28T17:45:11.357+0800][1306.980s] GC(88)   Post Evacuate Collection Set: 0.3ms
[2022-03-28T17:45:11.357+0800][1306.980s] GC(88)   Other: 0.1ms
[2022-03-28T17:45:11.357+0800][1306.980s] GC(88) Eden regions: 11->0(24)
[2022-03-28T17:45:11.357+0800][1306.980s] GC(88) Survivor regions: 1->1(4)
[2022-03-28T17:45:11.357+0800][1306.980s] GC(88) Old regions: 466->466
[2022-03-28T17:45:11.357+0800][1306.980s] GC(88) Archive regions: 0->0
[2022-03-28T17:45:11.357+0800][1306.980s] GC(88) Humongous regions: 29->29
[2022-03-28T17:45:11.357+0800][1306.980s] GC(88) Metaspace: 50575K(50880K)->50575K(50880K) NonClass: 44574K(44736K)->44574K(44736K) Class: 6001K(6144K)->6001K(6144K)
[2022-03-28T17:45:11.357+0800][1306.981s] GC(88) Pause Young (Normal) (G1 Preventive Collection) 504M->493M(512M) 1.207ms
[2022-03-28T17:45:11.357+0800][1306.981s] GC(88) User=0.00s Sys=0.00s Real=0.00s
[2022-03-28T17:45:11.826+0800][1307.460s] GC(86) Concurrent Mark From Roots 846.992ms
[2022-03-28T17:45:11.826+0800][1307.460s] GC(86) Concurrent Preclean
[2022-03-28T17:45:11.826+0800][1307.460s] GC(86) Concurrent Preclean 0.374ms
[2022-03-28T17:45:11.826+0800][1307.460s] GC(86) Pause Remark
[2022-03-28T17:45:11.839+0800][1307.463s] GC(86) Pause Remark 505M->505M(512M) 2.756ms
[2022-03-28T17:45:11.839+0800][1307.463s] GC(86) User=0.06s Sys=0.00s Real=0.01s
[2022-03-28T17:45:11.840+0800][1307.463s] GC(86) Concurrent Mark 850.518ms
[2022-03-28T17:45:11.840+0800][1307.463s] GC(86) Concurrent Rebuild Remembered Sets
[2022-03-28T17:45:12.258+0800][1307.883s] GC(86) Concurrent Rebuild Remembered Sets 420.286ms
[2022-03-28T17:45:12.258+0800][1307.884s] GC(86) Pause Cleanup
[2022-03-28T17:45:12.260+0800][1307.884s] GC(86) Pause Cleanup 505M->505M(512M) 0.161ms
[2022-03-28T17:45:12.260+0800][1307.884s] GC(86) User=0.09s Sys=0.00s Real=0.00s
[2022-03-28T17:45:12.260+0800][1307.884s] GC(86) Concurrent Cleanup for Next Mark
[2022-03-28T17:45:12.260+0800][1307.884s] GC(86) Concurrent Cleanup for Next Mark 0.317ms
[2022-03-28T17:45:12.260+0800][1307.884s] GC(86) Concurrent Mark Cycle 1273.265ms
[2022-03-28T17:45:32.860+0800][1328.484s] GC(89) Pause Young (Normal) (G1 Preventive Collection)
[2022-03-28T17:45:32.860+0800][1328.484s] GC(89) Using 8 workers of 8 for evacuation
[2022-03-28T17:45:32.860+0800][1328.485s] GC(89)   Pre Evacuate Collection Set: 0.1ms
[2022-03-28T17:45:32.860+0800][1328.485s] GC(89)   Merge Heap Roots: 0.1ms
[2022-03-28T17:45:32.860+0800][1328.485s] GC(89)   Evacuate Collection Set: 0.3ms
[2022-03-28T17:45:32.860+0800][1328.485s] GC(89)   Post Evacuate Collection Set: 0.5ms
[2022-03-28T17:45:32.860+0800][1328.485s] GC(89)   Other: 0.1ms
[2022-03-28T17:45:32.860+0800][1328.485s] GC(89) Eden regions: 12->0(24)
[2022-03-28T17:45:32.860+0800][1328.485s] GC(89) Survivor regions: 1->1(4)
[2022-03-28T17:45:32.860+0800][1328.485s] GC(89) Old regions: 466->466
[2022-03-28T17:45:32.860+0800][1328.485s] GC(89) Archive regions: 0->0
[2022-03-28T17:45:32.860+0800][1328.485s] GC(89) Humongous regions: 29->29
[2022-03-28T17:45:32.860+0800][1328.485s] GC(89) Metaspace: 50576K(50880K)->50576K(50880K) NonClass: 44574K(44736K)->44574K(44736K) Class: 6001K(6144K)->6001K(6144K)
[2022-03-28T17:45:32.860+0800][1328.485s] GC(89) Pause Young (Normal) (G1 Preventive Collection) 505M->493M(512M) 1.155ms
[2022-03-28T17:45:32.860+0800][1328.485s] GC(89) User=0.00s Sys=0.00s Real=0.00s
[2022-03-28T17:45:35.603+0800][1331.227s] GC(90) Pause Young (Concurrent Start) (G1 Preventive Collection)
[2022-03-28T17:45:35.603+0800][1331.227s] GC(90) Using 8 workers of 8 for evacuation
[2022-03-28T17:45:35.604+0800][1331.228s] GC(90)   Pre Evacuate Collection Set: 0.1ms
[2022-03-28T17:45:35.604+0800][1331.228s] GC(90)   Merge Heap Roots: 0.1ms
[2022-03-28T17:45:35.604+0800][1331.228s] GC(90)   Evacuate Collection Set: 0.4ms
[2022-03-28T17:45:35.604+0800][1331.228s] GC(90)   Post Evacuate Collection Set: 0.4ms
[2022-03-28T17:45:35.604+0800][1331.228s] GC(90)   Other: 0.2ms
[2022-03-28T17:45:35.604+0800][1331.228s] GC(90) Eden regions: 12->0(24)
[2022-03-28T17:45:35.604+0800][1331.228s] GC(90) Survivor regions: 1->1(4)
[2022-03-28T17:45:35.604+0800][1331.228s] GC(90) Old regions: 466->466
[2022-03-28T17:45:35.604+0800][1331.228s] GC(90) Archive regions: 0->0
[2022-03-28T17:45:35.604+0800][1331.228s] GC(90) Humongous regions: 29->29
[2022-03-28T17:45:35.604+0800][1331.228s] GC(90) Metaspace: 50579K(50880K)->50579K(50880K) NonClass: 44578K(44736K)->44578K(44736K) Class: 6001K(6144K)->6001K(6144K)
[2022-03-28T17:45:35.604+0800][1331.228s] GC(90) Pause Young (Concurrent Start) (G1 Preventive Collection) 505M->493M(512M) 1.372ms
[2022-03-28T17:45:35.604+0800][1331.228s] GC(90) User=0.00s Sys=0.00s Real=0.00s
[2022-03-28T17:45:35.605+0800][1331.228s] GC(91) Concurrent Mark Cycle
[2022-03-28T17:45:35.605+0800][1331.228s] GC(91) Concurrent Clear Claimed Marks
[2022-03-28T17:45:35.605+0800][1331.228s] GC(91) Concurrent Clear Claimed Marks 0.015ms
[2022-03-28T17:45:35.605+0800][1331.228s] GC(91) Concurrent Scan Root Regions
[2022-03-28T17:45:35.606+0800][1331.230s] GC(91) Concurrent Scan Root Regions 1.319ms
[2022-03-28T17:45:35.606+0800][1331.230s] GC(91) Concurrent Mark
[2022-03-28T17:45:35.606+0800][1331.230s] GC(91) Concurrent Mark From Roots
[2022-03-28T17:45:35.606+0800][1331.230s] GC(91) Using 2 workers of 2 for marking
[2022-03-28T17:45:35.790+0800][1331.414s] GC(92) Pause Young (Normal) (G1 Preventive Collection)
[2022-03-28T17:45:35.790+0800][1331.414s] GC(92) Using 8 workers of 8 for evacuation
[2022-03-28T17:45:35.792+0800][1331.415s] GC(92)   Pre Evacuate Collection Set: 0.1ms
[2022-03-28T17:45:35.792+0800][1331.415s] GC(92)   Merge Heap Roots: 0.1ms
[2022-03-28T17:45:35.792+0800][1331.415s] GC(92)   Evacuate Collection Set: 0.7ms
[2022-03-28T17:45:35.792+0800][1331.415s] GC(92)   Post Evacuate Collection Set: 0.5ms
[2022-03-28T17:45:35.792+0800][1331.415s] GC(92)   Other: 0.1ms
[2022-03-28T17:45:35.792+0800][1331.415s] GC(92) Eden regions: 13->0(24)
[2022-03-28T17:45:35.792+0800][1331.415s] GC(92) Survivor regions: 1->1(3)
[2022-03-28T17:45:35.792+0800][1331.415s] GC(92) Old regions: 466->466
[2022-03-28T17:45:35.792+0800][1331.415s] GC(92) Archive regions: 0->0
[2022-03-28T17:45:35.792+0800][1331.415s] GC(92) Humongous regions: 29->29
[2022-03-28T17:45:35.792+0800][1331.415s] GC(92) Metaspace: 50579K(50880K)->50579K(50880K) NonClass: 44578K(44736K)->44578K(44736K) Class: 6001K(6144K)->6001K(6144K)
[2022-03-28T17:45:35.792+0800][1331.415s] GC(92) Pause Young (Normal) (G1 Preventive Collection) 506M->493M(512M) 1.664ms
[2022-03-28T17:45:35.792+0800][1331.415s] GC(92) User=0.11s Sys=0.00s Real=0.00s
[2022-03-28T17:45:35.922+0800][1331.546s] GC(93) Pause Young (Normal) (G1 Preventive Collection)
[2022-03-28T17:45:35.922+0800][1331.546s] GC(93) Using 8 workers of 8 for evacuation
[2022-03-28T17:45:35.923+0800][1331.547s] GC(93)   Pre Evacuate Collection Set: 0.1ms
[2022-03-28T17:45:35.923+0800][1331.547s] GC(93)   Merge Heap Roots: 0.1ms
[2022-03-28T17:45:35.923+0800][1331.547s] GC(93)   Evacuate Collection Set: 0.5ms
[2022-03-28T17:45:35.923+0800][1331.547s] GC(93)   Post Evacuate Collection Set: 0.5ms
[2022-03-28T17:45:35.923+0800][1331.547s] GC(93)   Other: 0.1ms
[2022-03-28T17:45:35.923+0800][1331.547s] GC(93) Eden regions: 13->0(24)
[2022-03-28T17:45:35.923+0800][1331.547s] GC(93) Survivor regions: 1->1(3)
[2022-03-28T17:45:35.923+0800][1331.547s] GC(93) Old regions: 466->466
[2022-03-28T17:45:35.923+0800][1331.547s] GC(93) Archive regions: 0->0
[2022-03-28T17:45:35.923+0800][1331.547s] GC(93) Humongous regions: 29->29
[2022-03-28T17:45:35.923+0800][1331.547s] GC(93) Metaspace: 50579K(50880K)->50579K(50880K) NonClass: 44578K(44736K)->44578K(44736K) Class: 6001K(6144K)->6001K(6144K)
[2022-03-28T17:45:35.923+0800][1331.547s] GC(93) Pause Young (Normal) (G1 Preventive Collection) 506M->493M(512M) 1.461ms
[2022-03-28T17:45:35.923+0800][1331.547s] GC(93) User=0.00s Sys=0.00s Real=0.00s
[2022-03-28T17:45:36.095+0800][1331.719s] GC(94) Pause Young (Normal) (G1 Preventive Collection)
[2022-03-28T17:45:36.095+0800][1331.719s] GC(94) Using 8 workers of 8 for evacuation
[2022-03-28T17:45:36.096+0800][1331.720s] GC(94)   Pre Evacuate Collection Set: 0.1ms
[2022-03-28T17:45:36.096+0800][1331.720s] GC(94)   Merge Heap Roots: 0.0ms
[2022-03-28T17:45:36.096+0800][1331.720s] GC(94)   Evacuate Collection Set: 0.4ms
[2022-03-28T17:45:36.096+0800][1331.720s] GC(94)   Post Evacuate Collection Set: 0.2ms
[2022-03-28T17:45:36.096+0800][1331.720s] GC(94)   Other: 0.2ms
[2022-03-28T17:45:36.096+0800][1331.720s] GC(94) Eden regions: 13->0(24)
[2022-03-28T17:45:36.096+0800][1331.720s] GC(94) Survivor regions: 1->1(3)
[2022-03-28T17:45:36.096+0800][1331.720s] GC(94) Old regions: 466->466
[2022-03-28T17:45:36.096+0800][1331.720s] GC(94) Archive regions: 0->0
[2022-03-28T17:45:36.096+0800][1331.720s] GC(94) Humongous regions: 29->29
[2022-03-28T17:45:36.096+0800][1331.720s] GC(94) Metaspace: 50579K(50880K)->50579K(50880K) NonClass: 44578K(44736K)->44578K(44736K) Class: 6001K(6144K)->6001K(6144K)
[2022-03-28T17:45:36.096+0800][1331.720s] GC(94) Pause Young (Normal) (G1 Preventive Collection) 506M->493M(512M) 0.979ms
[2022-03-28T17:45:36.096+0800][1331.720s] GC(94) User=0.00s Sys=0.00s Real=0.00s
[2022-03-28T17:45:36.518+0800][1332.142s] GC(91) Concurrent Mark From Roots 912.037ms
[2022-03-28T17:45:36.518+0800][1332.142s] GC(91) Concurrent Preclean
[2022-03-28T17:45:36.518+0800][1332.142s] GC(91) Concurrent Preclean 0.137ms
[2022-03-28T17:45:36.519+0800][1332.142s] GC(91) Pause Remark
[2022-03-28T17:45:36.521+0800][1332.145s] GC(91) Pause Remark 496M->496M(512M) 2.818ms
[2022-03-28T17:45:36.521+0800][1332.145s] GC(91) User=0.00s Sys=0.00s Real=0.00s
[2022-03-28T17:45:36.521+0800][1332.145s] GC(91) Concurrent Mark 915.289ms
[2022-03-28T17:45:36.521+0800][1332.145s] GC(91) Concurrent Rebuild Remembered Sets
[2022-03-28T17:45:36.969+0800][1332.593s] GC(91) Concurrent Rebuild Remembered Sets 448.023ms
[2022-03-28T17:45:36.970+0800][1332.593s] GC(91) Pause Cleanup
[2022-03-28T17:45:36.970+0800][1332.593s] GC(91) Pause Cleanup 496M->496M(512M) 0.216ms
[2022-03-28T17:45:36.970+0800][1332.594s] GC(91) User=0.00s Sys=0.00s Real=0.00s
[2022-03-28T17:45:36.970+0800][1332.594s] GC(91) Concurrent Cleanup for Next Mark
[2022-03-28T17:45:36.970+0800][1332.594s] GC(91) Concurrent Cleanup for Next Mark 0.386ms
[2022-03-28T17:45:36.970+0800][1332.594s] GC(91) Concurrent Mark Cycle 1365.635ms
[2022-03-28T17:49:49.681+0800][1585.305s] GC(95) Pause Young (Concurrent Start) (G1 Humongous Allocation)
[2022-03-28T17:49:49.681+0800][1585.305s] GC(95) Using 8 workers of 8 for evacuation
[2022-03-28T17:49:49.683+0800][1585.307s] GC(95)   Pre Evacuate Collection Set: 0.3ms
[2022-03-28T17:49:49.683+0800][1585.307s] GC(95)   Merge Heap Roots: 0.1ms
[2022-03-28T17:49:49.683+0800][1585.307s] GC(95)   Evacuate Collection Set: 1.4ms
[2022-03-28T17:49:49.683+0800][1585.307s] GC(95)   Post Evacuate Collection Set: 0.6ms
[2022-03-28T17:49:49.683+0800][1585.307s] GC(95)   Other: 0.2ms
[2022-03-28T17:49:49.683+0800][1585.307s] GC(95) Eden regions: 6->0(24)
[2022-03-28T17:49:49.683+0800][1585.307s] GC(95) Survivor regions: 1->1(4)
[2022-03-28T17:49:49.683+0800][1585.307s] GC(95) Old regions: 466->466
[2022-03-28T17:49:49.683+0800][1585.308s] GC(95) Archive regions: 0->0
[2022-03-28T17:49:49.683+0800][1585.308s] GC(95) Humongous regions: 29->29
[2022-03-28T17:49:49.683+0800][1585.308s] GC(95) Metaspace: 50590K(50944K)->50590K(50944K) NonClass: 44588K(44800K)->44588K(44800K) Class: 6001K(6144K)->6001K(6144K)
[2022-03-28T17:49:49.683+0800][1585.308s] GC(95) Pause Young (Concurrent Start) (G1 Humongous Allocation) 499M->493M(512M) 2.987ms
[2022-03-28T17:49:49.683+0800][1585.308s] GC(95) User=0.00s Sys=0.00s Real=0.00s
[2022-03-28T17:49:49.684+0800][1585.308s] GC(96) Concurrent Mark Cycle
[2022-03-28T17:49:49.684+0800][1585.308s] GC(96) Concurrent Clear Claimed Marks
[2022-03-28T17:49:49.684+0800][1585.308s] GC(96) Concurrent Clear Claimed Marks 0.041ms
[2022-03-28T17:49:49.684+0800][1585.308s] GC(96) Concurrent Scan Root Regions
[2022-03-28T17:49:49.685+0800][1585.309s] GC(96) Concurrent Scan Root Regions 1.102ms
[2022-03-28T17:49:49.685+0800][1585.309s] GC(97) Pause Young (Normal) (G1 Humongous Allocation)
[2022-03-28T17:49:49.685+0800][1585.309s] GC(96) Concurrent Mark
[2022-03-28T17:49:49.685+0800][1585.309s] GC(97) Using 8 workers of 8 for evacuation
[2022-03-28T17:49:49.685+0800][1585.309s] GC(96) Concurrent Mark From Roots
[2022-03-28T17:49:49.685+0800][1585.309s] GC(96) Using 2 workers of 2 for marking
[2022-03-28T17:49:49.687+0800][1585.310s] GC(97)   Pre Evacuate Collection Set: 1.0ms
[2022-03-28T17:49:49.687+0800][1585.310s] GC(97)   Merge Heap Roots: 0.1ms
[2022-03-28T17:49:49.687+0800][1585.310s] GC(97)   Evacuate Collection Set: 0.3ms
[2022-03-28T17:49:49.687+0800][1585.310s] GC(97)   Post Evacuate Collection Set: 0.7ms
[2022-03-28T17:49:49.687+0800][1585.310s] GC(97)   Other: 0.1ms
[2022-03-28T17:49:49.687+0800][1585.310s] GC(97) Eden regions: 0->0(24)
[2022-03-28T17:49:49.687+0800][1585.310s] GC(97) Survivor regions: 1->1(4)
[2022-03-28T17:49:49.687+0800][1585.310s] GC(97) Old regions: 466->466
[2022-03-28T17:49:49.687+0800][1585.310s] GC(97) Archive regions: 0->0
[2022-03-28T17:49:49.687+0800][1585.310s] GC(97) Humongous regions: 29->29
[2022-03-28T17:49:49.687+0800][1585.310s] GC(97) Metaspace: 50590K(50944K)->50590K(50944K) NonClass: 44588K(44800K)->44588K(44800K) Class: 6001K(6144K)->6001K(6144K)
[2022-03-28T17:49:49.687+0800][1585.311s] GC(97) Pause Young (Normal) (G1 Humongous Allocation) 493M->493M(512M) 1.587ms
[2022-03-28T17:49:49.687+0800][1585.311s] GC(97) User=0.00s Sys=0.00s Real=0.00s
[2022-03-28T17:49:49.687+0800][1585.311s] Attempting full compaction
[2022-03-28T17:49:49.687+0800][1585.311s] GC(98) Using 8 workers of 8 for full compaction
[2022-03-28T17:49:49.687+0800][1585.311s] GC(98) Pause Full (G1 Compaction Pause)
[2022-03-28T17:49:49.687+0800][1585.311s] GC(98) Phase 1: Mark live objects
[2022-03-28T17:49:49.835+0800][1585.459s] GC(98) Phase 1: Mark live objects 147.680ms
[2022-03-28T17:49:49.835+0800][1585.459s] GC(98) Phase 2: Prepare for compaction
[2022-03-28T17:49:49.836+0800][1585.459s] GC(98) Phase 2: Prepare for compaction 0.621ms
[2022-03-28T17:49:49.836+0800][1585.459s] GC(98) Phase 3: Adjust pointers
[2022-03-28T17:49:49.872+0800][1585.496s] GC(98) Phase 3: Adjust pointers 36.680ms
[2022-03-28T17:49:49.872+0800][1585.496s] GC(98) Phase 4: Compact heap
[2022-03-28T17:49:49.873+0800][1585.497s] GC(98) Phase 4: Compact heap 0.369ms
[2022-03-28T17:49:49.876+0800][1585.500s] GC(98) Eden regions: 0->0(25)
[2022-03-28T17:49:49.876+0800][1585.500s] GC(98) Survivor regions: 1->0(4)
[2022-03-28T17:49:49.876+0800][1585.500s] GC(98) Old regions: 466->466
[2022-03-28T17:49:49.876+0800][1585.500s] GC(98) Archive regions: 0->0
[2022-03-28T17:49:49.876+0800][1585.500s] GC(98) Humongous regions: 29->29
[2022-03-28T17:49:49.876+0800][1585.500s] GC(98) Metaspace: 50590K(50944K)->50590K(50944K) NonClass: 44588K(44800K)->44588K(44800K) Class: 6001K(6144K)->6001K(6144K)
[2022-03-28T17:49:49.876+0800][1585.500s] GC(98) Pause Full (G1 Compaction Pause) 493M->492M(512M) 189.113ms
[2022-03-28T17:49:49.876+0800][1585.500s] GC(98) User=1.38s Sys=0.00s Real=0.19s
[2022-03-28T17:49:49.876+0800][1585.500s] Attempting maximum full compaction clearing soft references
[2022-03-28T17:49:49.877+0800][1585.500s] GC(99) Using 8 workers of 8 for full compaction
[2022-03-28T17:49:49.877+0800][1585.500s] GC(99) Pause Full (G1 Compaction Pause)
[2022-03-28T17:49:49.877+0800][1585.500s] GC(99) Phase 1: Mark live objects
[2022-03-28T17:49:50.055+0800][1585.679s] GC(99) Phase 1: Mark live objects 178.805ms
[2022-03-28T17:49:50.055+0800][1585.679s] GC(99) Phase 2: Prepare for compaction
[2022-03-28T17:49:50.086+0800][1585.709s] GC(99) Phase 2: Prepare for compaction 30.015ms
[2022-03-28T17:49:50.086+0800][1585.709s] GC(99) Phase 3: Adjust pointers
[2022-03-28T17:49:50.131+0800][1585.755s] GC(99) Phase 3: Adjust pointers 46.110ms
[2022-03-28T17:49:50.131+0800][1585.756s] GC(99) Phase 4: Compact heap
[2022-03-28T17:49:50.170+0800][1585.794s] GC(99) Phase 4: Compact heap 38.046ms
[2022-03-28T17:49:50.173+0800][1585.797s] GC(99) Eden regions: 0->0(25)
[2022-03-28T17:49:50.173+0800][1585.797s] GC(99) Survivor regions: 0->0(4)
[2022-03-28T17:49:50.173+0800][1585.797s] GC(99) Old regions: 466->465
[2022-03-28T17:49:50.173+0800][1585.797s] GC(99) Archive regions: 0->0
[2022-03-28T17:49:50.173+0800][1585.797s] GC(99) Humongous regions: 29->29
[2022-03-28T17:49:50.173+0800][1585.797s] GC(99) Metaspace: 50590K(50944K)->50590K(50944K) NonClass: 44588K(44800K)->44588K(44800K) Class: 6001K(6144K)->6001K(6144K)
[2022-03-28T17:49:50.173+0800][1585.797s] GC(99) Pause Full (G1 Compaction Pause) 492M->491M(512M) 296.388ms
[2022-03-28T17:49:50.173+0800][1585.797s] GC(99) User=2.16s Sys=0.00s Real=0.30s
[2022-03-28T17:49:50.173+0800][1585.797s] GC(96) Concurrent Mark From Roots 488.130ms
[2022-03-28T17:49:50.173+0800][1585.797s] GC(96) Concurrent Mark Abort
[2022-03-28T17:49:50.173+0800][1585.797s] GC(96) Concurrent Mark Cycle 489.440ms
[2022-03-28T17:50:05.526+0800][1601.149s] Heap
[2022-03-28T17:50:05.526+0800][1601.149s]  garbage-first heap   total 524288K, used 510757K [0x00000000e0000000, 0x0000000100000000)
[2022-03-28T17:50:05.526+0800][1601.149s]   region size 1024K, 8 young (8192K), 0 survivors (0K)
[2022-03-28T17:50:05.526+0800][1601.149s]  Metaspace       used 51040K, committed 51392K, reserved 1097728K
[2022-03-28T17:50:05.526+0800][1601.149s]   class space    used 6070K, committed 6272K, reserved 1048576K
