[2022-03-13T02:52:13.074+0800][0.014s] Using G1
[2022-03-13T02:52:13.251+0800][0.193s] Version: 17.0.2+8-LTS-86 (release)
[2022-03-13T02:52:13.251+0800][0.193s] CPUs: 8 total, 8 available
[2022-03-13T02:52:13.251+0800][0.193s] Memory: 16075M
[2022-03-13T02:52:13.251+0800][0.193s] Large Page Support: Disabled
[2022-03-13T02:52:13.251+0800][0.193s] NUMA Support: Disabled
[2022-03-13T02:52:13.251+0800][0.193s] Compressed Oops: Enabled (32-bit)
[2022-03-13T02:52:13.251+0800][0.193s] Heap Region Size: 1M
[2022-03-13T02:52:13.251+0800][0.193s] Heap Min Capacity: 512M
[2022-03-13T02:52:13.251+0800][0.193s] Heap Initial Capacity: 512M
[2022-03-13T02:52:13.251+0800][0.193s] Heap Max Capacity: 512M
[2022-03-13T02:52:13.251+0800][0.193s] Pre-touch: Enabled
[2022-03-13T02:52:13.251+0800][0.193s] Parallel Workers: 8
[2022-03-13T02:52:13.251+0800][0.193s] Concurrent Workers: 2
[2022-03-13T02:52:13.251+0800][0.193s] Concurrent Refinement Workers: 8
[2022-03-13T02:52:13.251+0800][0.193s] Periodic GC: Disabled
[2022-03-13T02:52:13.251+0800][0.194s] CDS archive(s) mapped at: [0x0000000800000000-0x0000000800bc0000-0x0000000800bc0000), size 12320768, SharedBaseAddress: 0x0000000800000000, ArchiveRelocationMode: 0.
[2022-03-13T02:52:13.251+0800][0.194s] Compressed class space mapped at: 0x0000000800c00000-0x0000000840c00000, reserved size: 1073741824
[2022-03-13T02:52:13.251+0800][0.194s] Narrow klass base: 0x0000000800000000, Narrow klass shift: 0, Narrow klass range: 0x100000000
[2022-03-13T02:52:14.648+0800][1.587s] GC(0) Pause Young (Normal) (G1 Evacuation Pause)
[2022-03-13T02:52:14.648+0800][1.588s] GC(0) Using 8 workers of 8 for evacuation
[2022-03-13T02:52:14.654+0800][1.594s] GC(0)   Pre Evacuate Collection Set: 0.1ms
[2022-03-13T02:52:14.654+0800][1.594s] GC(0)   Merge Heap Roots: 0.0ms
[2022-03-13T02:52:14.654+0800][1.594s] GC(0)   Evacuate Collection Set: 5.2ms
[2022-03-13T02:52:14.654+0800][1.594s] GC(0)   Post Evacuate Collection Set: 0.5ms
[2022-03-13T02:52:14.654+0800][1.594s] GC(0)   Other: 0.7ms
[2022-03-13T02:52:14.654+0800][1.594s] GC(0) Eden regions: 29->0(39)
[2022-03-13T02:52:14.654+0800][1.594s] GC(0) Survivor regions: 0->4(4)
[2022-03-13T02:52:14.654+0800][1.594s] GC(0) Old regions: 0->1
[2022-03-13T02:52:14.654+0800][1.594s] GC(0) Archive regions: 0->0
[2022-03-13T02:52:14.654+0800][1.594s] GC(0) Humongous regions: 0->0
[2022-03-13T02:52:14.654+0800][1.594s] GC(0) Metaspace: 9537K(9728K)->9537K(9728K) NonClass: 8431K(8512K)->8431K(8512K) Class: 1105K(1216K)->1105K(1216K)
[2022-03-13T02:52:14.654+0800][1.594s] GC(0) Pause Young (Normal) (G1 Evacuation Pause) 29M->4M(512M) 6.875ms
[2022-03-13T02:52:14.654+0800][1.594s] GC(0) User=0.02s Sys=0.00s Real=0.01s
[2022-03-13T02:52:15.576+0800][2.519s] GC(1) Pause Young (Normal) (G1 Evacuation Pause)
[2022-03-13T02:52:15.576+0800][2.519s] GC(1) Using 8 workers of 8 for evacuation
[2022-03-13T02:52:15.588+0800][2.528s] GC(1)   Pre Evacuate Collection Set: 0.1ms
[2022-03-13T02:52:15.588+0800][2.528s] GC(1)   Merge Heap Roots: 0.0ms
[2022-03-13T02:52:15.588+0800][2.528s] GC(1)   Evacuate Collection Set: 8.5ms
[2022-03-13T02:52:15.588+0800][2.528s] GC(1)   Post Evacuate Collection Set: 0.6ms
[2022-03-13T02:52:15.588+0800][2.528s] GC(1)   Other: 0.2ms
[2022-03-13T02:52:15.588+0800][2.528s] GC(1) Eden regions: 36->0(58)
[2022-03-13T02:52:15.588+0800][2.528s] GC(1) Survivor regions: 4->5(5)
[2022-03-13T02:52:15.588+0800][2.528s] GC(1) Old regions: 1->10
[2022-03-13T02:52:15.588+0800][2.528s] GC(1) Archive regions: 0->0
[2022-03-13T02:52:15.589+0800][2.528s] GC(1) Humongous regions: 4->4
[2022-03-13T02:52:15.589+0800][2.528s] GC(1) Metaspace: 15632K(15808K)->15632K(15808K) NonClass: 13810K(13888K)->13810K(13888K) Class: 1822K(1920K)->1822K(1920K)
[2022-03-13T02:52:15.589+0800][2.528s] GC(1) Pause Young (Normal) (G1 Evacuation Pause) 44M->18M(512M) 9.698ms
[2022-03-13T02:52:15.589+0800][2.528s] GC(1) User=0.00s Sys=0.00s Real=0.01s
[2022-03-13T02:52:16.405+0800][3.352s] GC(2) Pause Young (Concurrent Start) (Metadata GC Threshold)
[2022-03-13T02:52:16.405+0800][3.353s] GC(2) Using 8 workers of 8 for evacuation
[2022-03-13T02:52:16.419+0800][3.359s] GC(2)   Pre Evacuate Collection Set: 0.1ms
[2022-03-13T02:52:16.419+0800][3.359s] GC(2)   Merge Heap Roots: 0.1ms
[2022-03-13T02:52:16.419+0800][3.359s] GC(2)   Evacuate Collection Set: 5.1ms
[2022-03-13T02:52:16.419+0800][3.359s] GC(2)   Post Evacuate Collection Set: 0.6ms
[2022-03-13T02:52:16.419+0800][3.359s] GC(2)   Other: 0.6ms
[2022-03-13T02:52:16.419+0800][3.359s] GC(2) Eden regions: 53->0(90)
[2022-03-13T02:52:16.419+0800][3.359s] GC(2) Survivor regions: 5->6(8)
[2022-03-13T02:52:16.419+0800][3.359s] GC(2) Old regions: 10->16
[2022-03-13T02:52:16.419+0800][3.359s] GC(2) Archive regions: 0->0
[2022-03-13T02:52:16.419+0800][3.359s] GC(2) Humongous regions: 4->4
[2022-03-13T02:52:16.419+0800][3.359s] GC(2) Metaspace: 21224K(21504K)->21224K(21504K) NonClass: 18828K(18944K)->18828K(18944K) Class: 2395K(2560K)->2395K(2560K)
[2022-03-13T02:52:16.419+0800][3.359s] GC(2) Pause Young (Concurrent Start) (Metadata GC Threshold) 71M->24M(512M) 6.605ms
[2022-03-13T02:52:16.419+0800][3.359s] GC(2) User=0.00s Sys=0.02s Real=0.01s
[2022-03-13T02:52:16.419+0800][3.359s] GC(3) Concurrent Mark Cycle
[2022-03-13T02:52:16.420+0800][3.359s] GC(3) Concurrent Clear Claimed Marks
[2022-03-13T02:52:16.420+0800][3.359s] GC(3) Concurrent Clear Claimed Marks 0.039ms
[2022-03-13T02:52:16.420+0800][3.359s] GC(3) Concurrent Scan Root Regions
[2022-03-13T02:52:16.421+0800][3.362s] GC(3) Concurrent Scan Root Regions 3.185ms
[2022-03-13T02:52:16.421+0800][3.363s] GC(3) Concurrent Mark
[2022-03-13T02:52:16.421+0800][3.363s] GC(3) Concurrent Mark From Roots
[2022-03-13T02:52:16.421+0800][3.363s] GC(3) Using 2 workers of 2 for marking
[2022-03-13T02:52:16.437+0800][3.377s] GC(3) Concurrent Mark From Roots 14.553ms
[2022-03-13T02:52:16.437+0800][3.377s] GC(3) Concurrent Preclean
[2022-03-13T02:52:16.438+0800][3.377s] GC(3) Concurrent Preclean 0.105ms
[2022-03-13T02:52:16.438+0800][3.377s] GC(3) Pause Remark
[2022-03-13T02:52:16.439+0800][3.379s] GC(3) Pause Remark 26M->26M(512M) 1.378ms
[2022-03-13T02:52:16.439+0800][3.379s] GC(3) User=0.00s Sys=0.00s Real=0.00s
[2022-03-13T02:52:16.439+0800][3.379s] GC(3) Concurrent Mark 16.338ms
[2022-03-13T02:52:16.439+0800][3.379s] GC(3) Concurrent Rebuild Remembered Sets
[2022-03-13T02:52:16.440+0800][3.385s] GC(3) Concurrent Rebuild Remembered Sets 6.562ms
[2022-03-13T02:52:16.440+0800][3.386s] GC(3) Pause Cleanup
[2022-03-13T02:52:16.446+0800][3.386s] GC(3) Pause Cleanup 26M->26M(512M) 0.171ms
[2022-03-13T02:52:16.446+0800][3.386s] GC(3) User=0.00s Sys=0.00s Real=0.01s
[2022-03-13T02:52:16.446+0800][3.386s] GC(3) Concurrent Cleanup for Next Mark
[2022-03-13T02:52:16.447+0800][3.386s] GC(3) Concurrent Cleanup for Next Mark 0.395ms
[2022-03-13T02:52:16.447+0800][3.386s] GC(3) Concurrent Mark Cycle 27.194ms
[2022-03-13T02:52:18.751+0800][5.691s] GC(4) Pause Young (Prepare Mixed) (Metadata GC Threshold)
[2022-03-13T02:52:18.751+0800][5.691s] GC(4) Using 8 workers of 8 for evacuation
[2022-03-13T02:52:18.757+0800][5.697s] GC(4)   Pre Evacuate Collection Set: 0.1ms
[2022-03-13T02:52:18.757+0800][5.697s] GC(4)   Merge Heap Roots: 0.1ms
[2022-03-13T02:52:18.757+0800][5.697s] GC(4)   Evacuate Collection Set: 5.2ms
[2022-03-13T02:52:18.757+0800][5.697s] GC(4)   Post Evacuate Collection Set: 0.7ms
[2022-03-13T02:52:18.757+0800][5.697s] GC(4)   Other: 0.2ms
[2022-03-13T02:52:18.757+0800][5.697s] GC(4) Eden regions: 89->0(13)
[2022-03-13T02:52:18.757+0800][5.697s] GC(4) Survivor regions: 6->12(12)
[2022-03-13T02:52:18.757+0800][5.697s] GC(4) Old regions: 16->16
[2022-03-13T02:52:18.757+0800][5.697s] GC(4) Archive regions: 0->0
[2022-03-13T02:52:18.757+0800][5.697s] GC(4) Humongous regions: 5->4
[2022-03-13T02:52:18.757+0800][5.697s] GC(4) Metaspace: 35850K(36160K)->35850K(36160K) NonClass: 31645K(31744K)->31645K(31744K) Class: 4205K(4416K)->4205K(4416K)
[2022-03-13T02:52:18.757+0800][5.697s] GC(4) Pause Young (Prepare Mixed) (Metadata GC Threshold) 114M->31M(512M) 6.485ms
[2022-03-13T02:52:18.758+0800][5.697s] GC(4) User=0.00s Sys=0.00s Real=0.01s
[2022-03-13T02:52:18.786+0800][5.732s] GC(5) Pause Young (Mixed) (Metadata GC Threshold)
[2022-03-13T02:52:18.786+0800][5.732s] GC(5) Using 8 workers of 8 for evacuation
[2022-03-13T02:52:18.798+0800][5.737s] GC(5)   Pre Evacuate Collection Set: 0.1ms
[2022-03-13T02:52:18.798+0800][5.737s] GC(5)   Merge Heap Roots: 0.0ms
[2022-03-13T02:52:18.798+0800][5.738s] GC(5)   Evacuate Collection Set: 5.1ms
[2022-03-13T02:52:18.798+0800][5.738s] GC(5)   Post Evacuate Collection Set: 0.4ms
[2022-03-13T02:52:18.798+0800][5.738s] GC(5)   Other: 0.1ms
[2022-03-13T02:52:18.798+0800][5.738s] GC(5) Eden regions: 3->0(305)
[2022-03-13T02:52:18.798+0800][5.738s] GC(5) Survivor regions: 12->2(4)
[2022-03-13T02:52:18.798+0800][5.738s] GC(5) Old regions: 16->28
[2022-03-13T02:52:18.798+0800][5.738s] GC(5) Archive regions: 0->0
[2022-03-13T02:52:18.798+0800][5.738s] GC(5) Humongous regions: 4->4
[2022-03-13T02:52:18.798+0800][5.738s] GC(5) Metaspace: 36222K(36480K)->36222K(36480K) NonClass: 31957K(32064K)->31957K(32064K) Class: 4265K(4416K)->4265K(4416K)
[2022-03-13T02:52:18.798+0800][5.738s] GC(5) Pause Young (Mixed) (Metadata GC Threshold) 33M->32M(512M) 6.074ms
[2022-03-13T02:52:18.798+0800][5.738s] GC(5) User=0.02s Sys=0.00s Real=0.01s
[2022-03-13T02:52:18.832+0800][5.772s] GC(6) Pause Young (Concurrent Start) (Metadata GC Threshold)
[2022-03-13T02:52:18.832+0800][5.772s] GC(6) Using 8 workers of 8 for evacuation
[2022-03-13T02:52:18.834+0800][5.774s] GC(6)   Pre Evacuate Collection Set: 0.1ms
[2022-03-13T02:52:18.834+0800][5.774s] GC(6)   Merge Heap Roots: 0.0ms
[2022-03-13T02:52:18.834+0800][5.774s] GC(6)   Evacuate Collection Set: 1.6ms
[2022-03-13T02:52:18.834+0800][5.774s] GC(6)   Post Evacuate Collection Set: 0.3ms
[2022-03-13T02:52:18.835+0800][5.774s] GC(6)   Other: 0.2ms
[2022-03-13T02:52:18.835+0800][5.774s] GC(6) Eden regions: 5->0(306)
[2022-03-13T02:52:18.835+0800][5.774s] GC(6) Survivor regions: 2->1(39)
[2022-03-13T02:52:18.835+0800][5.774s] GC(6) Old regions: 28->28
[2022-03-13T02:52:18.835+0800][5.774s] GC(6) Archive regions: 0->0
[2022-03-13T02:52:18.835+0800][5.774s] GC(6) Humongous regions: 4->4
[2022-03-13T02:52:18.835+0800][5.774s] GC(6) Metaspace: 36503K(36800K)->36503K(36800K) NonClass: 32199K(32320K)->32199K(32320K) Class: 4303K(4480K)->4303K(4480K)
[2022-03-13T02:52:18.835+0800][5.774s] GC(6) Pause Young (Concurrent Start) (Metadata GC Threshold) 36M->31M(512M) 2.620ms
[2022-03-13T02:52:18.835+0800][5.774s] GC(6) User=0.00s Sys=0.00s Real=0.00s
[2022-03-13T02:52:18.835+0800][5.774s] GC(7) Concurrent Mark Cycle
[2022-03-13T02:52:18.835+0800][5.774s] GC(7) Concurrent Clear Claimed Marks
[2022-03-13T02:52:18.835+0800][5.774s] GC(7) Concurrent Clear Claimed Marks 0.030ms
[2022-03-13T02:52:18.835+0800][5.775s] GC(7) Concurrent Scan Root Regions
[2022-03-13T02:52:18.836+0800][5.776s] GC(7) Concurrent Scan Root Regions 1.028ms
[2022-03-13T02:52:18.836+0800][5.776s] GC(7) Concurrent Mark
[2022-03-13T02:52:18.836+0800][5.776s] GC(7) Concurrent Mark From Roots
[2022-03-13T02:52:18.836+0800][5.776s] GC(7) Using 2 workers of 2 for marking
[2022-03-13T02:52:18.871+0800][5.810s] GC(7) Concurrent Mark From Roots 34.663ms
[2022-03-13T02:52:18.871+0800][5.810s] GC(7) Concurrent Preclean
[2022-03-13T02:52:18.871+0800][5.811s] GC(7) Concurrent Preclean 0.199ms
[2022-03-13T02:52:18.871+0800][5.811s] GC(7) Pause Remark
[2022-03-13T02:52:18.874+0800][5.814s] GC(7) Pause Remark 34M->34M(512M) 3.136ms
[2022-03-13T02:52:18.874+0800][5.814s] GC(7) User=0.06s Sys=0.02s Real=0.00s
[2022-03-13T02:52:18.874+0800][5.814s] GC(7) Concurrent Mark 38.340ms
[2022-03-13T02:52:18.874+0800][5.814s] GC(7) Concurrent Rebuild Remembered Sets
[2022-03-13T02:52:18.891+0800][5.831s] GC(7) Concurrent Rebuild Remembered Sets 16.954ms
[2022-03-13T02:52:18.892+0800][5.831s] GC(7) Pause Cleanup
[2022-03-13T02:52:18.892+0800][5.831s] GC(7) Pause Cleanup 35M->35M(512M) 0.144ms
[2022-03-13T02:52:18.892+0800][5.831s] GC(7) User=0.00s Sys=0.00s Real=0.00s
[2022-03-13T02:52:18.892+0800][5.831s] GC(7) Concurrent Cleanup for Next Mark
[2022-03-13T02:52:18.892+0800][5.832s] GC(7) Concurrent Cleanup for Next Mark 0.367ms
[2022-03-13T02:52:18.892+0800][5.832s] GC(7) Concurrent Mark Cycle 57.365ms
[2022-03-13T02:52:45.478+0800][32.417s] GC(8) Pause Young (Normal) (G1 Evacuation Pause)
[2022-03-13T02:52:45.478+0800][32.417s] GC(8) Using 8 workers of 8 for evacuation
[2022-03-13T02:52:45.566+0800][32.506s] GC(8) To-space exhausted
[2022-03-13T02:52:45.566+0800][32.506s] GC(8)   Pre Evacuate Collection Set: 0.1ms
[2022-03-13T02:52:45.566+0800][32.506s] GC(8)   Merge Heap Roots: 0.4ms
[2022-03-13T02:52:45.566+0800][32.506s] GC(8)   Evacuate Collection Set: 67.8ms
[2022-03-13T02:52:45.566+0800][32.506s] GC(8)   Post Evacuate Collection Set: 20.1ms
[2022-03-13T02:52:45.566+0800][32.506s] GC(8)   Other: 0.2ms
[2022-03-13T02:52:45.566+0800][32.506s] GC(8) Eden regions: 306->0(62)
[2022-03-13T02:52:45.566+0800][32.506s] GC(8) Survivor regions: 1->39(39)
[2022-03-13T02:52:45.566+0800][32.506s] GC(8) Old regions: 28->291
[2022-03-13T02:52:45.566+0800][32.506s] GC(8) Archive regions: 0->0
[2022-03-13T02:52:45.566+0800][32.506s] GC(8) Humongous regions: 80->21
[2022-03-13T02:52:45.566+0800][32.506s] GC(8) Metaspace: 47862K(48256K)->47862K(48256K) NonClass: 42111K(42304K)->42111K(42304K) Class: 5751K(5952K)->5751K(5952K)
[2022-03-13T02:52:45.566+0800][32.506s] GC(8) Pause Young (Normal) (G1 Evacuation Pause) 413M->350M(512M) 88.727ms
[2022-03-13T02:52:45.566+0800][32.506s] GC(8) User=0.58s Sys=0.00s Real=0.09s
[2022-03-13T02:52:45.978+0800][32.917s] GC(9) Pause Young (Concurrent Start) (G1 Evacuation Pause)
[2022-03-13T02:52:45.978+0800][32.917s] GC(9) Using 8 workers of 8 for evacuation
[2022-03-13T02:52:45.997+0800][32.936s] GC(9)   Pre Evacuate Collection Set: 0.1ms
[2022-03-13T02:52:45.997+0800][32.936s] GC(9)   Merge Heap Roots: 0.1ms
[2022-03-13T02:52:45.997+0800][32.936s] GC(9)   Evacuate Collection Set: 17.8ms
[2022-03-13T02:52:45.997+0800][32.936s] GC(9)   Post Evacuate Collection Set: 0.5ms
[2022-03-13T02:52:45.997+0800][32.936s] GC(9)   Other: 0.2ms
[2022-03-13T02:52:45.997+0800][32.936s] GC(9) Eden regions: 62->0(65)
[2022-03-13T02:52:45.997+0800][32.936s] GC(9) Survivor regions: 39->4(13)
[2022-03-13T02:52:45.997+0800][32.936s] GC(9) Old regions: 291->332
[2022-03-13T02:52:45.997+0800][32.936s] GC(9) Archive regions: 0->0
[2022-03-13T02:52:45.997+0800][32.936s] GC(9) Humongous regions: 21->21
[2022-03-13T02:52:45.997+0800][32.936s] GC(9) Metaspace: 48467K(48832K)->48467K(48832K) NonClass: 42700K(42880K)->42700K(42880K) Class: 5766K(5952K)->5766K(5952K)
[2022-03-13T02:52:45.997+0800][32.936s] GC(9) Pause Young (Concurrent Start) (G1 Evacuation Pause) 412M->355M(512M) 18.957ms
[2022-03-13T02:52:45.997+0800][32.936s] GC(9) User=0.08s Sys=0.00s Real=0.02s
[2022-03-13T02:52:45.997+0800][32.936s] GC(10) Concurrent Mark Cycle
[2022-03-13T02:52:45.997+0800][32.936s] GC(10) Concurrent Clear Claimed Marks
[2022-03-13T02:52:45.997+0800][32.936s] GC(10) Concurrent Clear Claimed Marks 0.039ms
[2022-03-13T02:52:45.997+0800][32.936s] GC(10) Concurrent Scan Root Regions
[2022-03-13T02:52:46.002+0800][32.954s] GC(10) Concurrent Scan Root Regions 17.433ms
[2022-03-13T02:52:46.002+0800][32.954s] GC(10) Concurrent Mark
[2022-03-13T02:52:46.002+0800][32.954s] GC(10) Concurrent Mark From Roots
[2022-03-13T02:52:46.002+0800][32.954s] GC(10) Using 2 workers of 2 for marking
[2022-03-13T02:52:46.199+0800][33.138s] GC(10) Concurrent Mark From Roots 184.069ms
[2022-03-13T02:52:46.199+0800][33.138s] GC(10) Concurrent Preclean
[2022-03-13T02:52:46.199+0800][33.138s] GC(10) Concurrent Preclean 0.217ms
[2022-03-13T02:52:46.199+0800][33.139s] GC(10) Pause Remark
[2022-03-13T02:52:46.202+0800][33.142s] GC(10) Pause Remark 389M->385M(512M) 3.244ms
[2022-03-13T02:52:46.202+0800][33.142s] GC(10) User=0.11s Sys=0.00s Real=0.00s
[2022-03-13T02:52:46.202+0800][33.142s] GC(10) Concurrent Mark 188.016ms
[2022-03-13T02:52:46.202+0800][33.142s] GC(10) Concurrent Rebuild Remembered Sets
[2022-03-13T02:52:46.318+0800][33.265s] GC(10) Concurrent Rebuild Remembered Sets 123.228ms
[2022-03-13T02:52:46.318+0800][33.265s] GC(10) Pause Cleanup
[2022-03-13T02:52:46.326+0800][33.266s] GC(10) Pause Cleanup 405M->405M(512M) 0.291ms
[2022-03-13T02:52:46.326+0800][33.266s] GC(10) User=0.05s Sys=0.00s Real=0.01s
[2022-03-13T02:52:46.326+0800][33.266s] GC(10) Concurrent Cleanup for Next Mark
[2022-03-13T02:52:46.327+0800][33.266s] GC(10) Concurrent Cleanup for Next Mark 0.363ms
[2022-03-13T02:52:46.327+0800][33.266s] GC(10) Concurrent Mark Cycle 330.009ms
[2022-03-13T02:52:46.383+0800][33.323s] GC(11) Pause Young (Prepare Mixed) (G1 Evacuation Pause)
[2022-03-13T02:52:46.383+0800][33.323s] GC(11) Using 8 workers of 8 for evacuation
[2022-03-13T02:52:46.385+0800][33.324s] GC(11)   Pre Evacuate Collection Set: 0.1ms
[2022-03-13T02:52:46.385+0800][33.324s] GC(11)   Merge Heap Roots: 0.1ms
[2022-03-13T02:52:46.385+0800][33.324s] GC(11)   Evacuate Collection Set: 0.9ms
[2022-03-13T02:52:46.385+0800][33.324s] GC(11)   Post Evacuate Collection Set: 0.3ms
[2022-03-13T02:52:46.385+0800][33.324s] GC(11)   Other: 0.2ms
[2022-03-13T02:52:46.385+0800][33.324s] GC(11) Eden regions: 65->0(23)
[2022-03-13T02:52:46.385+0800][33.324s] GC(11) Survivor regions: 4->2(9)
[2022-03-13T02:52:46.385+0800][33.324s] GC(11) Old regions: 332->332
[2022-03-13T02:52:46.385+0800][33.324s] GC(11) Archive regions: 0->0
[2022-03-13T02:52:46.385+0800][33.324s] GC(11) Humongous regions: 17->17
[2022-03-13T02:52:46.385+0800][33.324s] GC(11) Metaspace: 48561K(48896K)->48561K(48896K) NonClass: 42794K(42944K)->42794K(42944K) Class: 5766K(5952K)->5766K(5952K)
[2022-03-13T02:52:46.385+0800][33.324s] GC(11) Pause Young (Prepare Mixed) (G1 Evacuation Pause) 416M->349M(512M) 1.786ms
[2022-03-13T02:52:46.385+0800][33.324s] GC(11) User=0.00s Sys=0.00s Real=0.00s
[2022-03-13T02:52:46.500+0800][33.446s] GC(12) Pause Young (Mixed) (G1 Evacuation Pause)
[2022-03-13T02:52:46.500+0800][33.446s] GC(12) Using 8 workers of 8 for evacuation
[2022-03-13T02:52:46.508+0800][33.447s] GC(12)   Pre Evacuate Collection Set: 0.1ms
[2022-03-13T02:52:46.508+0800][33.447s] GC(12)   Merge Heap Roots: 0.1ms
[2022-03-13T02:52:46.508+0800][33.447s] GC(12)   Evacuate Collection Set: 0.7ms
[2022-03-13T02:52:46.508+0800][33.447s] GC(12)   Post Evacuate Collection Set: 0.3ms
[2022-03-13T02:52:46.508+0800][33.447s] GC(12)   Other: 0.2ms
[2022-03-13T02:52:46.508+0800][33.447s] GC(12) Eden regions: 23->0(24)
[2022-03-13T02:52:46.508+0800][33.447s] GC(12) Survivor regions: 2->1(4)
[2022-03-13T02:52:46.508+0800][33.447s] GC(12) Old regions: 332->281
[2022-03-13T02:52:46.508+0800][33.447s] GC(12) Archive regions: 0->0
[2022-03-13T02:52:46.508+0800][33.447s] GC(12) Humongous regions: 17->17
[2022-03-13T02:52:46.508+0800][33.447s] GC(12) Metaspace: 48576K(48896K)->48576K(48896K) NonClass: 42809K(42944K)->42809K(42944K) Class: 5766K(5952K)->5766K(5952K)
[2022-03-13T02:52:46.508+0800][33.448s] GC(12) Pause Young (Mixed) (G1 Evacuation Pause) 372M->298M(512M) 1.641ms
[2022-03-13T02:52:46.508+0800][33.448s] GC(12) User=0.00s Sys=0.00s Real=0.01s
[2022-03-13T02:52:46.617+0800][33.561s] GC(13) Pause Young (Mixed) (G1 Evacuation Pause)
[2022-03-13T02:52:46.617+0800][33.561s] GC(13) Using 8 workers of 8 for evacuation
[2022-03-13T02:52:46.627+0800][33.567s] GC(13)   Pre Evacuate Collection Set: 0.1ms
[2022-03-13T02:52:46.627+0800][33.567s] GC(13)   Merge Heap Roots: 0.1ms
[2022-03-13T02:52:46.627+0800][33.567s] GC(13)   Evacuate Collection Set: 4.9ms
[2022-03-13T02:52:46.627+0800][33.567s] GC(13)   Post Evacuate Collection Set: 0.4ms
[2022-03-13T02:52:46.627+0800][33.567s] GC(13)   Other: 0.2ms
[2022-03-13T02:52:46.627+0800][33.567s] GC(13) Eden regions: 24->0(24)
[2022-03-13T02:52:46.627+0800][33.567s] GC(13) Survivor regions: 1->1(4)
[2022-03-13T02:52:46.627+0800][33.567s] GC(13) Old regions: 281->234
[2022-03-13T02:52:46.627+0800][33.567s] GC(13) Archive regions: 0->0
[2022-03-13T02:52:46.627+0800][33.567s] GC(13) Humongous regions: 17->17
[2022-03-13T02:52:46.627+0800][33.567s] GC(13) Metaspace: 48582K(48896K)->48582K(48896K) NonClass: 42815K(42944K)->42815K(42944K) Class: 5766K(5952K)->5766K(5952K)
[2022-03-13T02:52:46.627+0800][33.567s] GC(13) Pause Young (Mixed) (G1 Evacuation Pause) 322M->251M(512M) 6.012ms
[2022-03-13T02:52:46.627+0800][33.567s] GC(13) User=0.03s Sys=0.00s Real=0.01s
[2022-03-13T02:52:46.773+0800][33.713s] GC(14) Pause Young (Mixed) (G1 Evacuation Pause)
[2022-03-13T02:52:46.773+0800][33.713s] GC(14) Using 8 workers of 8 for evacuation
[2022-03-13T02:52:46.782+0800][33.721s] GC(14)   Pre Evacuate Collection Set: 0.1ms
[2022-03-13T02:52:46.782+0800][33.721s] GC(14)   Merge Heap Roots: 0.2ms
[2022-03-13T02:52:46.782+0800][33.722s] GC(14)   Evacuate Collection Set: 7.4ms
[2022-03-13T02:52:46.782+0800][33.722s] GC(14)   Post Evacuate Collection Set: 0.4ms
[2022-03-13T02:52:46.782+0800][33.722s] GC(14)   Other: 0.2ms
[2022-03-13T02:52:46.782+0800][33.722s] GC(14) Eden regions: 24->0(24)
[2022-03-13T02:52:46.782+0800][33.722s] GC(14) Survivor regions: 1->1(4)
[2022-03-13T02:52:46.782+0800][33.722s] GC(14) Old regions: 234->189
[2022-03-13T02:52:46.782+0800][33.722s] GC(14) Archive regions: 0->0
[2022-03-13T02:52:46.782+0800][33.722s] GC(14) Humongous regions: 17->17
[2022-03-13T02:52:46.782+0800][33.722s] GC(14) Metaspace: 48611K(48960K)->48611K(48960K) NonClass: 42844K(43008K)->42844K(43008K) Class: 5766K(5952K)->5766K(5952K)
[2022-03-13T02:52:46.782+0800][33.722s] GC(14) Pause Young (Mixed) (G1 Evacuation Pause) 275M->206M(512M) 8.590ms
[2022-03-13T02:52:46.782+0800][33.722s] GC(14) User=0.12s Sys=0.00s Real=0.01s
[2022-03-13T02:52:46.898+0800][33.838s] GC(15) Pause Young (Mixed) (G1 Evacuation Pause)
[2022-03-13T02:52:46.898+0800][33.838s] GC(15) Using 8 workers of 8 for evacuation
[2022-03-13T02:52:46.903+0800][33.843s] GC(15)   Pre Evacuate Collection Set: 0.1ms
[2022-03-13T02:52:46.903+0800][33.843s] GC(15)   Merge Heap Roots: 0.1ms
[2022-03-13T02:52:46.903+0800][33.843s] GC(15)   Evacuate Collection Set: 3.9ms
[2022-03-13T02:52:46.903+0800][33.843s] GC(15)   Post Evacuate Collection Set: 0.3ms
[2022-03-13T02:52:46.903+0800][33.843s] GC(15)   Other: 0.2ms
[2022-03-13T02:52:46.903+0800][33.843s] GC(15) Eden regions: 24->0(184)
[2022-03-13T02:52:46.903+0800][33.843s] GC(15) Survivor regions: 1->1(4)
[2022-03-13T02:52:46.903+0800][33.843s] GC(15) Old regions: 189->172
[2022-03-13T02:52:46.903+0800][33.843s] GC(15) Archive regions: 0->0
[2022-03-13T02:52:46.903+0800][33.843s] GC(15) Humongous regions: 17->17
[2022-03-13T02:52:46.903+0800][33.843s] GC(15) Metaspace: 48614K(48960K)->48614K(48960K) NonClass: 42847K(43008K)->42847K(43008K) Class: 5766K(5952K)->5766K(5952K)
[2022-03-13T02:52:46.903+0800][33.843s] GC(15) Pause Young (Mixed) (G1 Evacuation Pause) 230M->189M(512M) 4.899ms
[2022-03-13T02:52:46.903+0800][33.843s] GC(15) User=0.03s Sys=0.00s Real=0.01s
[2022-03-13T02:52:47.824+0800][34.764s] GC(16) Pause Young (Normal) (G1 Evacuation Pause)
[2022-03-13T02:52:47.824+0800][34.764s] GC(16) Using 8 workers of 8 for evacuation
[2022-03-13T02:52:47.826+0800][34.765s] GC(16)   Pre Evacuate Collection Set: 0.1ms
[2022-03-13T02:52:47.826+0800][34.765s] GC(16)   Merge Heap Roots: 0.1ms
[2022-03-13T02:52:47.826+0800][34.765s] GC(16)   Evacuate Collection Set: 0.7ms
[2022-03-13T02:52:47.826+0800][34.765s] GC(16)   Post Evacuate Collection Set: 0.3ms
[2022-03-13T02:52:47.826+0800][34.765s] GC(16)   Other: 0.1ms
[2022-03-13T02:52:47.826+0800][34.765s] GC(16) Eden regions: 184->0(200)
[2022-03-13T02:52:47.826+0800][34.765s] GC(16) Survivor regions: 1->2(24)
[2022-03-13T02:52:47.826+0800][34.765s] GC(16) Old regions: 172->172
[2022-03-13T02:52:47.826+0800][34.765s] GC(16) Archive regions: 0->0
[2022-03-13T02:52:47.826+0800][34.765s] GC(16) Humongous regions: 17->17
[2022-03-13T02:52:47.826+0800][34.765s] GC(16) Metaspace: 48734K(49088K)->48734K(49088K) NonClass: 42966K(43136K)->42966K(43136K) Class: 5768K(5952K)->5768K(5952K)
[2022-03-13T02:52:47.826+0800][34.765s] GC(16) Pause Young (Normal) (G1 Evacuation Pause) 373M->189M(512M) 1.515ms
[2022-03-13T02:52:47.826+0800][34.766s] GC(16) User=0.03s Sys=0.00s Real=0.00s
[2022-03-13T02:52:48.483+0800][35.426s] GC(17) Pause Young (Normal) (G1 Evacuation Pause)
[2022-03-13T02:52:48.483+0800][35.426s] GC(17) Using 8 workers of 8 for evacuation
[2022-03-13T02:52:48.488+0800][35.428s] GC(17)   Pre Evacuate Collection Set: 0.1ms
[2022-03-13T02:52:48.488+0800][35.428s] GC(17)   Merge Heap Roots: 0.1ms
[2022-03-13T02:52:48.488+0800][35.428s] GC(17)   Evacuate Collection Set: 1.0ms
[2022-03-13T02:52:48.488+0800][35.428s] GC(17)   Post Evacuate Collection Set: 0.4ms
[2022-03-13T02:52:48.488+0800][35.428s] GC(17)   Other: 0.2ms
[2022-03-13T02:52:48.488+0800][35.428s] GC(17) Eden regions: 200->0(213)
[2022-03-13T02:52:48.488+0800][35.428s] GC(17) Survivor regions: 2->2(26)
[2022-03-13T02:52:48.488+0800][35.428s] GC(17) Old regions: 172->172
[2022-03-13T02:52:48.488+0800][35.428s] GC(17) Archive regions: 0->0
[2022-03-13T02:52:48.488+0800][35.428s] GC(17) Humongous regions: 17->17
[2022-03-13T02:52:48.488+0800][35.428s] GC(17) Metaspace: 48834K(49216K)->48834K(49216K) NonClass: 43065K(43264K)->43065K(43264K) Class: 5768K(5952K)->5768K(5952K)
[2022-03-13T02:52:48.488+0800][35.428s] GC(17) Pause Young (Normal) (G1 Evacuation Pause) 389M->189M(512M) 2.028ms
[2022-03-13T02:52:48.488+0800][35.428s] GC(17) User=0.00s Sys=0.00s Real=0.00s
[2022-03-13T02:52:49.077+0800][36.017s] GC(18) Pause Young (Normal) (G1 Evacuation Pause)
[2022-03-13T02:52:49.077+0800][36.017s] GC(18) Using 8 workers of 8 for evacuation
[2022-03-13T02:52:49.080+0800][36.019s] GC(18)   Pre Evacuate Collection Set: 0.1ms
[2022-03-13T02:52:49.080+0800][36.019s] GC(18)   Merge Heap Roots: 0.1ms
[2022-03-13T02:52:49.080+0800][36.019s] GC(18)   Evacuate Collection Set: 1.4ms
[2022-03-13T02:52:49.080+0800][36.019s] GC(18)   Post Evacuate Collection Set: 0.5ms
[2022-03-13T02:52:49.080+0800][36.019s] GC(18)   Other: 0.2ms
[2022-03-13T02:52:49.080+0800][36.019s] GC(18) Eden regions: 213->0(223)
[2022-03-13T02:52:49.080+0800][36.019s] GC(18) Survivor regions: 2->3(27)
[2022-03-13T02:52:49.080+0800][36.019s] GC(18) Old regions: 172->172
[2022-03-13T02:52:49.080+0800][36.019s] GC(18) Archive regions: 0->0
[2022-03-13T02:52:49.080+0800][36.019s] GC(18) Humongous regions: 17->17
[2022-03-13T02:52:49.080+0800][36.019s] GC(18) Metaspace: 48845K(49216K)->48845K(49216K) NonClass: 43077K(43264K)->43077K(43264K) Class: 5768K(5952K)->5768K(5952K)
[2022-03-13T02:52:49.080+0800][36.019s] GC(18) Pause Young (Normal) (G1 Evacuation Pause) 402M->190M(512M) 2.574ms
[2022-03-13T02:52:49.080+0800][36.019s] GC(18) User=0.00s Sys=0.00s Real=0.00s
[2022-03-13T02:52:49.573+0800][36.513s] GC(19) Pause Young (Normal) (G1 Evacuation Pause)
[2022-03-13T02:52:49.573+0800][36.513s] GC(19) Using 8 workers of 8 for evacuation
[2022-03-13T02:52:49.575+0800][36.515s] GC(19)   Pre Evacuate Collection Set: 0.1ms
[2022-03-13T02:52:49.575+0800][36.515s] GC(19)   Merge Heap Roots: 0.1ms
[2022-03-13T02:52:49.575+0800][36.515s] GC(19)   Evacuate Collection Set: 0.9ms
[2022-03-13T02:52:49.575+0800][36.515s] GC(19)   Post Evacuate Collection Set: 0.5ms
[2022-03-13T02:52:49.575+0800][36.515s] GC(19)   Other: 0.1ms
[2022-03-13T02:52:49.575+0800][36.515s] GC(19) Eden regions: 223->0(229)
[2022-03-13T02:52:49.575+0800][36.515s] GC(19) Survivor regions: 3->3(29)
[2022-03-13T02:52:49.575+0800][36.515s] GC(19) Old regions: 172->172
[2022-03-13T02:52:49.575+0800][36.515s] GC(19) Archive regions: 0->0
[2022-03-13T02:52:49.575+0800][36.515s] GC(19) Humongous regions: 17->17
[2022-03-13T02:52:49.575+0800][36.515s] GC(19) Metaspace: 48848K(49216K)->48848K(49216K) NonClass: 43079K(43264K)->43079K(43264K) Class: 5768K(5952K)->5768K(5952K)
[2022-03-13T02:52:49.575+0800][36.515s] GC(19) Pause Young (Normal) (G1 Evacuation Pause) 413M->190M(512M) 1.892ms
[2022-03-13T02:52:49.575+0800][36.515s] GC(19) User=0.11s Sys=0.00s Real=0.00s
[2022-03-13T02:52:50.112+0800][37.051s] GC(20) Pause Young (Normal) (G1 Evacuation Pause)
[2022-03-13T02:52:50.112+0800][37.051s] GC(20) Using 8 workers of 8 for evacuation
[2022-03-13T02:52:50.113+0800][37.053s] GC(20)   Pre Evacuate Collection Set: 0.1ms
[2022-03-13T02:52:50.113+0800][37.053s] GC(20)   Merge Heap Roots: 0.1ms
[2022-03-13T02:52:50.113+0800][37.053s] GC(20)   Evacuate Collection Set: 0.9ms
[2022-03-13T02:52:50.113+0800][37.053s] GC(20)   Post Evacuate Collection Set: 0.4ms
[2022-03-13T02:52:50.113+0800][37.053s] GC(20)   Other: 0.1ms
[2022-03-13T02:52:50.113+0800][37.053s] GC(20) Eden regions: 229->0(234)
[2022-03-13T02:52:50.113+0800][37.053s] GC(20) Survivor regions: 3->3(29)
[2022-03-13T02:52:50.113+0800][37.053s] GC(20) Old regions: 172->172
[2022-03-13T02:52:50.113+0800][37.053s] GC(20) Archive regions: 0->0
[2022-03-13T02:52:50.113+0800][37.053s] GC(20) Humongous regions: 17->17
[2022-03-13T02:52:50.113+0800][37.053s] GC(20) Metaspace: 48851K(49216K)->48851K(49216K) NonClass: 43083K(43264K)->43083K(43264K) Class: 5768K(5952K)->5768K(5952K)
[2022-03-13T02:52:50.113+0800][37.053s] GC(20) Pause Young (Normal) (G1 Evacuation Pause) 419M->191M(512M) 1.780ms
[2022-03-13T02:52:50.113+0800][37.053s] GC(20) User=0.00s Sys=0.00s Real=0.00s
[2022-03-13T02:52:50.527+0800][37.467s] GC(21) Pause Young (Normal) (G1 Evacuation Pause)
[2022-03-13T02:52:50.527+0800][37.467s] GC(21) Using 8 workers of 8 for evacuation
[2022-03-13T02:52:50.529+0800][37.468s] GC(21)   Pre Evacuate Collection Set: 0.1ms
[2022-03-13T02:52:50.529+0800][37.468s] GC(21)   Merge Heap Roots: 0.1ms
[2022-03-13T02:52:50.529+0800][37.468s] GC(21)   Evacuate Collection Set: 0.9ms
[2022-03-13T02:52:50.529+0800][37.468s] GC(21)   Post Evacuate Collection Set: 0.4ms
[2022-03-13T02:52:50.529+0800][37.468s] GC(21)   Other: 0.1ms
[2022-03-13T02:52:50.529+0800][37.468s] GC(21) Eden regions: 234->0(237)
[2022-03-13T02:52:50.529+0800][37.468s] GC(21) Survivor regions: 3->4(30)
[2022-03-13T02:52:50.529+0800][37.468s] GC(21) Old regions: 172->172
[2022-03-13T02:52:50.529+0800][37.468s] GC(21) Archive regions: 0->0
[2022-03-13T02:52:50.529+0800][37.468s] GC(21) Humongous regions: 17->17
[2022-03-13T02:52:50.529+0800][37.468s] GC(21) Metaspace: 48857K(49216K)->48857K(49216K) NonClass: 43088K(43264K)->43088K(43264K) Class: 5768K(5952K)->5768K(5952K)
[2022-03-13T02:52:50.529+0800][37.468s] GC(21) Pause Young (Normal) (G1 Evacuation Pause) 425M->191M(512M) 1.754ms
[2022-03-13T02:52:50.529+0800][37.468s] GC(21) User=0.12s Sys=0.00s Real=0.00s
[2022-03-13T02:52:50.967+0800][37.907s] GC(22) Pause Young (Normal) (G1 Evacuation Pause)
[2022-03-13T02:52:50.967+0800][37.907s] GC(22) Using 8 workers of 8 for evacuation
[2022-03-13T02:52:50.969+0800][37.908s] GC(22)   Pre Evacuate Collection Set: 0.1ms
[2022-03-13T02:52:50.969+0800][37.908s] GC(22)   Merge Heap Roots: 0.1ms
[2022-03-13T02:52:50.969+0800][37.908s] GC(22)   Evacuate Collection Set: 1.1ms
[2022-03-13T02:52:50.969+0800][37.908s] GC(22)   Post Evacuate Collection Set: 0.4ms
[2022-03-13T02:52:50.969+0800][37.908s] GC(22)   Other: 0.2ms
[2022-03-13T02:52:50.969+0800][37.908s] GC(22) Eden regions: 237->0(241)
[2022-03-13T02:52:50.969+0800][37.908s] GC(22) Survivor regions: 4->4(31)
[2022-03-13T02:52:50.969+0800][37.908s] GC(22) Old regions: 172->172
[2022-03-13T02:52:50.969+0800][37.908s] GC(22) Archive regions: 0->0
[2022-03-13T02:52:50.969+0800][37.908s] GC(22) Humongous regions: 17->17
[2022-03-13T02:52:50.969+0800][37.908s] GC(22) Metaspace: 48863K(49216K)->48863K(49216K) NonClass: 43094K(43264K)->43094K(43264K) Class: 5768K(5952K)->5768K(5952K)
[2022-03-13T02:52:50.969+0800][37.908s] GC(22) Pause Young (Normal) (G1 Evacuation Pause) 428M->191M(512M) 1.963ms
[2022-03-13T02:52:50.969+0800][37.909s] GC(22) User=0.00s Sys=0.00s Real=0.00s
[2022-03-13T02:52:51.365+0800][38.320s] GC(23) Pause Young (Normal) (G1 Evacuation Pause)
[2022-03-13T02:52:51.365+0800][38.320s] GC(23) Using 8 workers of 8 for evacuation
[2022-03-13T02:52:51.382+0800][38.322s] GC(23)   Pre Evacuate Collection Set: 0.1ms
[2022-03-13T02:52:51.382+0800][38.322s] GC(23)   Merge Heap Roots: 0.1ms
[2022-03-13T02:52:51.382+0800][38.322s] GC(23)   Evacuate Collection Set: 1.1ms
[2022-03-13T02:52:51.382+0800][38.322s] GC(23)   Post Evacuate Collection Set: 0.3ms
[2022-03-13T02:52:51.382+0800][38.322s] GC(23)   Other: 0.2ms
[2022-03-13T02:52:51.383+0800][38.322s] GC(23) Eden regions: 241->0(244)
[2022-03-13T02:52:51.383+0800][38.322s] GC(23) Survivor regions: 4->5(31)
[2022-03-13T02:52:51.383+0800][38.322s] GC(23) Old regions: 172->172
[2022-03-13T02:52:51.383+0800][38.322s] GC(23) Archive regions: 0->0
[2022-03-13T02:52:51.383+0800][38.322s] GC(23) Humongous regions: 17->17
[2022-03-13T02:52:51.383+0800][38.322s] GC(23) Metaspace: 48864K(49216K)->48864K(49216K) NonClass: 43096K(43264K)->43096K(43264K) Class: 5768K(5952K)->5768K(5952K)
[2022-03-13T02:52:51.383+0800][38.322s] GC(23) Pause Young (Normal) (G1 Evacuation Pause) 432M->192M(512M) 1.925ms
[2022-03-13T02:52:51.383+0800][38.322s] GC(23) User=0.02s Sys=0.00s Real=0.02s
[2022-03-13T02:52:51.777+0800][38.717s] GC(24) Pause Young (Normal) (G1 Evacuation Pause)
[2022-03-13T02:52:51.777+0800][38.717s] GC(24) Using 8 workers of 8 for evacuation
[2022-03-13T02:52:51.779+0800][38.719s] GC(24)   Pre Evacuate Collection Set: 0.1ms
[2022-03-13T02:52:51.779+0800][38.719s] GC(24)   Merge Heap Roots: 0.1ms
[2022-03-13T02:52:51.779+0800][38.719s] GC(24)   Evacuate Collection Set: 1.1ms
[2022-03-13T02:52:51.779+0800][38.719s] GC(24)   Post Evacuate Collection Set: 0.5ms
[2022-03-13T02:52:51.779+0800][38.719s] GC(24)   Other: 0.2ms
[2022-03-13T02:52:51.779+0800][38.719s] GC(24) Eden regions: 244->0(247)
[2022-03-13T02:52:51.779+0800][38.719s] GC(24) Survivor regions: 5->5(32)
[2022-03-13T02:52:51.779+0800][38.719s] GC(24) Old regions: 172->172
[2022-03-13T02:52:51.779+0800][38.719s] GC(24) Archive regions: 0->0
[2022-03-13T02:52:51.779+0800][38.719s] GC(24) Humongous regions: 17->17
[2022-03-13T02:52:51.779+0800][38.719s] GC(24) Metaspace: 48872K(49216K)->48872K(49216K) NonClass: 43104K(43264K)->43104K(43264K) Class: 5768K(5952K)->5768K(5952K)
[2022-03-13T02:52:51.779+0800][38.719s] GC(24) Pause Young (Normal) (G1 Evacuation Pause) 436M->192M(512M) 2.029ms
[2022-03-13T02:52:51.779+0800][38.719s] GC(24) User=0.12s Sys=0.00s Real=0.00s
[2022-03-13T02:52:52.149+0800][39.103s] GC(25) Pause Young (Normal) (G1 Evacuation Pause)
[2022-03-13T02:52:52.149+0800][39.103s] GC(25) Using 8 workers of 8 for evacuation
[2022-03-13T02:52:52.165+0800][39.104s] GC(25)   Pre Evacuate Collection Set: 0.2ms
[2022-03-13T02:52:52.165+0800][39.104s] GC(25)   Merge Heap Roots: 0.1ms
[2022-03-13T02:52:52.165+0800][39.104s] GC(25)   Evacuate Collection Set: 1.1ms
[2022-03-13T02:52:52.165+0800][39.104s] GC(25)   Post Evacuate Collection Set: 0.3ms
[2022-03-13T02:52:52.165+0800][39.104s] GC(25)   Other: 0.1ms
[2022-03-13T02:52:52.165+0800][39.104s] GC(25) Eden regions: 247->0(250)
[2022-03-13T02:52:52.165+0800][39.105s] GC(25) Survivor regions: 5->5(32)
[2022-03-13T02:52:52.165+0800][39.105s] GC(25) Old regions: 172->172
[2022-03-13T02:52:52.165+0800][39.105s] GC(25) Archive regions: 0->0
[2022-03-13T02:52:52.165+0800][39.105s] GC(25) Humongous regions: 17->17
[2022-03-13T02:52:52.165+0800][39.105s] GC(25) Metaspace: 48895K(49216K)->48895K(49216K) NonClass: 43127K(43264K)->43127K(43264K) Class: 5768K(5952K)->5768K(5952K)
[2022-03-13T02:52:52.165+0800][39.105s] GC(25) Pause Young (Normal) (G1 Evacuation Pause) 439M->193M(512M) 1.953ms
[2022-03-13T02:52:52.165+0800][39.105s] GC(25) User=0.08s Sys=0.00s Real=0.02s
[2022-03-13T02:52:52.532+0800][39.484s] GC(26) Pause Young (Normal) (G1 Evacuation Pause)
[2022-03-13T02:52:52.532+0800][39.484s] GC(26) Using 8 workers of 8 for evacuation
[2022-03-13T02:52:52.546+0800][39.486s] GC(26)   Pre Evacuate Collection Set: 0.1ms
[2022-03-13T02:52:52.546+0800][39.486s] GC(26)   Merge Heap Roots: 0.1ms
[2022-03-13T02:52:52.546+0800][39.486s] GC(26)   Evacuate Collection Set: 0.9ms
[2022-03-13T02:52:52.546+0800][39.486s] GC(26)   Post Evacuate Collection Set: 0.3ms
[2022-03-13T02:52:52.546+0800][39.486s] GC(26)   Other: 0.1ms
[2022-03-13T02:52:52.546+0800][39.486s] GC(26) Eden regions: 250->0(251)
[2022-03-13T02:52:52.546+0800][39.486s] GC(26) Survivor regions: 5->6(32)
[2022-03-13T02:52:52.546+0800][39.486s] GC(26) Old regions: 172->172
[2022-03-13T02:52:52.546+0800][39.486s] GC(26) Archive regions: 0->0
[2022-03-13T02:52:52.546+0800][39.486s] GC(26) Humongous regions: 17->17
[2022-03-13T02:52:52.546+0800][39.486s] GC(26) Metaspace: 48898K(49216K)->48898K(49216K) NonClass: 43130K(43264K)->43130K(43264K) Class: 5768K(5952K)->5768K(5952K)
[2022-03-13T02:52:52.546+0800][39.486s] GC(26) Pause Young (Normal) (G1 Evacuation Pause) 443M->193M(512M) 1.711ms
[2022-03-13T02:52:52.546+0800][39.486s] GC(26) User=0.00s Sys=0.02s Real=0.01s
[2022-03-13T02:52:52.999+0800][39.944s] GC(27) Pause Young (Normal) (G1 Evacuation Pause)
[2022-03-13T02:52:52.999+0800][39.944s] GC(27) Using 8 workers of 8 for evacuation
[2022-03-13T02:52:52.999+0800][39.946s] GC(27)   Pre Evacuate Collection Set: 0.1ms
[2022-03-13T02:52:52.999+0800][39.946s] GC(27)   Merge Heap Roots: 0.1ms
[2022-03-13T02:52:52.999+0800][39.946s] GC(27)   Evacuate Collection Set: 1.0ms
[2022-03-13T02:52:52.999+0800][39.946s] GC(27)   Post Evacuate Collection Set: 0.5ms
[2022-03-13T02:52:52.999+0800][39.946s] GC(27)   Other: 0.1ms
[2022-03-13T02:52:52.999+0800][39.946s] GC(27) Eden regions: 251->0(253)
[2022-03-13T02:52:52.999+0800][39.946s] GC(27) Survivor regions: 6->6(33)
[2022-03-13T02:52:52.999+0800][39.946s] GC(27) Old regions: 172->172
[2022-03-13T02:52:52.999+0800][39.946s] GC(27) Archive regions: 0->0
[2022-03-13T02:52:52.999+0800][39.946s] GC(27) Humongous regions: 17->17
[2022-03-13T02:52:52.999+0800][39.946s] GC(27) Metaspace: 48899K(49216K)->48899K(49216K) NonClass: 43131K(43264K)->43131K(43264K) Class: 5768K(5952K)->5768K(5952K)
[2022-03-13T02:52:52.999+0800][39.946s] GC(27) Pause Young (Normal) (G1 Evacuation Pause) 444M->194M(512M) 2.015ms
[2022-03-13T02:52:52.999+0800][39.946s] GC(27) User=0.00s Sys=0.00s Real=0.00s
[2022-03-13T02:52:53.449+0800][40.388s] GC(28) Pause Young (Normal) (G1 Evacuation Pause)
[2022-03-13T02:52:53.449+0800][40.388s] GC(28) Using 8 workers of 8 for evacuation
[2022-03-13T02:52:53.451+0800][40.390s] GC(28)   Pre Evacuate Collection Set: 0.1ms
[2022-03-13T02:52:53.451+0800][40.390s] GC(28)   Merge Heap Roots: 0.1ms
[2022-03-13T02:52:53.451+0800][40.390s] GC(28)   Evacuate Collection Set: 1.3ms
[2022-03-13T02:52:53.451+0800][40.390s] GC(28)   Post Evacuate Collection Set: 0.5ms
[2022-03-13T02:52:53.451+0800][40.390s] GC(28)   Other: 0.1ms
[2022-03-13T02:52:53.451+0800][40.390s] GC(28) Eden regions: 253->0(254)
[2022-03-13T02:52:53.451+0800][40.390s] GC(28) Survivor regions: 6->6(33)
[2022-03-13T02:52:53.451+0800][40.390s] GC(28) Old regions: 172->172
[2022-03-13T02:52:53.451+0800][40.390s] GC(28) Archive regions: 0->0
[2022-03-13T02:52:53.451+0800][40.390s] GC(28) Humongous regions: 17->17
[2022-03-13T02:52:53.451+0800][40.390s] GC(28) Metaspace: 48899K(49216K)->48899K(49216K) NonClass: 43131K(43264K)->43131K(43264K) Class: 5768K(5952K)->5768K(5952K)
[2022-03-13T02:52:53.451+0800][40.390s] GC(28) Pause Young (Normal) (G1 Evacuation Pause) 447M->194M(512M) 2.218ms
[2022-03-13T02:52:53.451+0800][40.390s] GC(28) User=0.00s Sys=0.00s Real=0.00s
[2022-03-13T02:52:53.866+0800][40.816s] GC(29) Pause Young (Normal) (G1 Evacuation Pause)
[2022-03-13T02:52:53.866+0800][40.816s] GC(29) Using 8 workers of 8 for evacuation
[2022-03-13T02:52:53.878+0800][40.818s] GC(29)   Pre Evacuate Collection Set: 0.1ms
[2022-03-13T02:52:53.878+0800][40.818s] GC(29)   Merge Heap Roots: 0.1ms
[2022-03-13T02:52:53.878+0800][40.818s] GC(29)   Evacuate Collection Set: 1.2ms
[2022-03-13T02:52:53.878+0800][40.818s] GC(29)   Post Evacuate Collection Set: 0.4ms
[2022-03-13T02:52:53.878+0800][40.818s] GC(29)   Other: 0.2ms
[2022-03-13T02:52:53.878+0800][40.818s] GC(29) Eden regions: 254->0(254)
[2022-03-13T02:52:53.878+0800][40.818s] GC(29) Survivor regions: 6->7(33)
[2022-03-13T02:52:53.879+0800][40.818s] GC(29) Old regions: 172->172
[2022-03-13T02:52:53.879+0800][40.818s] GC(29) Archive regions: 0->0
[2022-03-13T02:52:53.879+0800][40.818s] GC(29) Humongous regions: 17->17
[2022-03-13T02:52:53.879+0800][40.818s] GC(29) Metaspace: 48914K(49216K)->48914K(49216K) NonClass: 43146K(43264K)->43146K(43264K) Class: 5768K(5952K)->5768K(5952K)
[2022-03-13T02:52:53.879+0800][40.818s] GC(29) Pause Young (Normal) (G1 Evacuation Pause) 448M->194M(512M) 2.197ms
[2022-03-13T02:52:53.879+0800][40.818s] GC(29) User=0.00s Sys=0.00s Real=0.01s
[2022-03-13T02:52:54.332+0800][41.276s] GC(30) Pause Young (Normal) (G1 Evacuation Pause)
[2022-03-13T02:52:54.332+0800][41.276s] GC(30) Using 8 workers of 8 for evacuation
[2022-03-13T02:52:54.332+0800][41.278s] GC(30)   Pre Evacuate Collection Set: 0.2ms
[2022-03-13T02:52:54.332+0800][41.278s] GC(30)   Merge Heap Roots: 0.1ms
[2022-03-13T02:52:54.332+0800][41.278s] GC(30)   Evacuate Collection Set: 1.2ms
[2022-03-13T02:52:54.332+0800][41.278s] GC(30)   Post Evacuate Collection Set: 0.5ms
[2022-03-13T02:52:54.332+0800][41.278s] GC(30)   Other: 0.1ms
[2022-03-13T02:52:54.332+0800][41.278s] GC(30) Eden regions: 254->0(255)
[2022-03-13T02:52:54.332+0800][41.278s] GC(30) Survivor regions: 7->7(33)
[2022-03-13T02:52:54.332+0800][41.278s] GC(30) Old regions: 172->172
[2022-03-13T02:52:54.332+0800][41.278s] GC(30) Archive regions: 0->0
[2022-03-13T02:52:54.332+0800][41.278s] GC(30) Humongous regions: 17->17
[2022-03-13T02:52:54.332+0800][41.278s] GC(30) Metaspace: 48937K(49280K)->48937K(49280K) NonClass: 43168K(43328K)->43168K(43328K) Class: 5768K(5952K)->5768K(5952K)
[2022-03-13T02:52:54.332+0800][41.278s] GC(30) Pause Young (Normal) (G1 Evacuation Pause) 448M->195M(512M) 2.136ms
[2022-03-13T02:52:54.332+0800][41.278s] GC(30) User=0.00s Sys=0.00s Real=0.00s
[2022-03-13T02:52:54.729+0800][41.668s] GC(31) Pause Young (Normal) (G1 Evacuation Pause)
[2022-03-13T02:52:54.729+0800][41.668s] GC(31) Using 8 workers of 8 for evacuation
[2022-03-13T02:52:54.731+0800][41.670s] GC(31)   Pre Evacuate Collection Set: 0.1ms
[2022-03-13T02:52:54.731+0800][41.670s] GC(31)   Merge Heap Roots: 0.1ms
[2022-03-13T02:52:54.731+0800][41.670s] GC(31)   Evacuate Collection Set: 1.3ms
[2022-03-13T02:52:54.731+0800][41.670s] GC(31)   Post Evacuate Collection Set: 0.4ms
[2022-03-13T02:52:54.731+0800][41.670s] GC(31)   Other: 0.2ms
[2022-03-13T02:52:54.731+0800][41.670s] GC(31) Eden regions: 255->0(255)
[2022-03-13T02:52:54.731+0800][41.670s] GC(31) Survivor regions: 7->7(33)
[2022-03-13T02:52:54.731+0800][41.670s] GC(31) Old regions: 172->173
[2022-03-13T02:52:54.731+0800][41.670s] GC(31) Archive regions: 0->0
[2022-03-13T02:52:54.731+0800][41.670s] GC(31) Humongous regions: 17->17
[2022-03-13T02:52:54.731+0800][41.670s] GC(31) Metaspace: 48938K(49280K)->48938K(49280K) NonClass: 43170K(43328K)->43170K(43328K) Class: 5768K(5952K)->5768K(5952K)
[2022-03-13T02:52:54.731+0800][41.670s] GC(31) Pause Young (Normal) (G1 Evacuation Pause) 450M->195M(512M) 2.186ms
[2022-03-13T02:52:54.731+0800][41.670s] GC(31) User=0.00s Sys=0.00s Real=0.00s
[2022-03-13T02:52:55.115+0800][42.066s] GC(32) Pause Young (Normal) (G1 Evacuation Pause)
[2022-03-13T02:52:55.115+0800][42.066s] GC(32) Using 8 workers of 8 for evacuation
[2022-03-13T02:52:55.128+0800][42.069s] GC(32)   Pre Evacuate Collection Set: 0.1ms
[2022-03-13T02:52:55.128+0800][42.069s] GC(32)   Merge Heap Roots: 0.2ms
[2022-03-13T02:52:55.128+0800][42.069s] GC(32)   Evacuate Collection Set: 1.3ms
[2022-03-13T02:52:55.128+0800][42.069s] GC(32)   Post Evacuate Collection Set: 0.5ms
[2022-03-13T02:52:55.128+0800][42.069s] GC(32)   Other: 0.1ms
[2022-03-13T02:52:55.128+0800][42.069s] GC(32) Eden regions: 255->0(255)
[2022-03-13T02:52:55.128+0800][42.069s] GC(32) Survivor regions: 7->7(33)
[2022-03-13T02:52:55.128+0800][42.069s] GC(32) Old regions: 173->173
[2022-03-13T02:52:55.128+0800][42.069s] GC(32) Archive regions: 0->0
[2022-03-13T02:52:55.128+0800][42.069s] GC(32) Humongous regions: 17->17
[2022-03-13T02:52:55.128+0800][42.069s] GC(32) Metaspace: 48941K(49280K)->48941K(49280K) NonClass: 43172K(43328K)->43172K(43328K) Class: 5768K(5952K)->5768K(5952K)
[2022-03-13T02:52:55.128+0800][42.069s] GC(32) Pause Young (Normal) (G1 Evacuation Pause) 450M->195M(512M) 2.305ms
[2022-03-13T02:52:55.128+0800][42.069s] GC(32) User=0.09s Sys=0.00s Real=0.01s
[2022-03-13T02:52:55.481+0800][42.427s] GC(33) Pause Young (Normal) (G1 Evacuation Pause)
[2022-03-13T02:52:55.481+0800][42.427s] GC(33) Using 8 workers of 8 for evacuation
[2022-03-13T02:52:55.489+0800][42.429s] GC(33)   Pre Evacuate Collection Set: 0.1ms
[2022-03-13T02:52:55.489+0800][42.429s] GC(33)   Merge Heap Roots: 0.1ms
[2022-03-13T02:52:55.489+0800][42.429s] GC(33)   Evacuate Collection Set: 1.2ms
[2022-03-13T02:52:55.489+0800][42.429s] GC(33)   Post Evacuate Collection Set: 0.4ms
[2022-03-13T02:52:55.489+0800][42.429s] GC(33)   Other: 0.1ms
[2022-03-13T02:52:55.489+0800][42.429s] GC(33) Eden regions: 255->0(256)
[2022-03-13T02:52:55.489+0800][42.429s] GC(33) Survivor regions: 7->7(33)
[2022-03-13T02:52:55.489+0800][42.429s] GC(33) Old regions: 173->173
[2022-03-13T02:52:55.489+0800][42.429s] GC(33) Archive regions: 0->0
[2022-03-13T02:52:55.489+0800][42.429s] GC(33) Humongous regions: 17->17
[2022-03-13T02:52:55.489+0800][42.429s] GC(33) Metaspace: 48945K(49344K)->48945K(49344K) NonClass: 43176K(43392K)->43176K(43392K) Class: 5768K(5952K)->5768K(5952K)
[2022-03-13T02:52:55.489+0800][42.429s] GC(33) Pause Young (Normal) (G1 Evacuation Pause) 450M->196M(512M) 2.000ms
[2022-03-13T02:52:55.489+0800][42.429s] GC(33) User=0.00s Sys=0.00s Real=0.01s
[2022-03-13T02:52:55.866+0800][42.814s] GC(34) Pause Young (Normal) (G1 Evacuation Pause)
[2022-03-13T02:52:55.866+0800][42.814s] GC(34) Using 8 workers of 8 for evacuation
[2022-03-13T02:52:55.877+0800][42.816s] GC(34)   Pre Evacuate Collection Set: 0.1ms
[2022-03-13T02:52:55.877+0800][42.816s] GC(34)   Merge Heap Roots: 0.1ms
[2022-03-13T02:52:55.877+0800][42.816s] GC(34)   Evacuate Collection Set: 1.2ms
[2022-03-13T02:52:55.877+0800][42.816s] GC(34)   Post Evacuate Collection Set: 0.5ms
[2022-03-13T02:52:55.877+0800][42.816s] GC(34)   Other: 0.1ms
[2022-03-13T02:52:55.877+0800][42.816s] GC(34) Eden regions: 256->0(256)
[2022-03-13T02:52:55.877+0800][42.816s] GC(34) Survivor regions: 7->7(33)
[2022-03-13T02:52:55.877+0800][42.816s] GC(34) Old regions: 173->173
[2022-03-13T02:52:55.877+0800][42.816s] GC(34) Archive regions: 0->0
[2022-03-13T02:52:55.877+0800][42.816s] GC(34) Humongous regions: 17->17
[2022-03-13T02:52:55.877+0800][42.816s] GC(34) Metaspace: 48977K(49344K)->48977K(49344K) NonClass: 43208K(43392K)->43208K(43392K) Class: 5768K(5952K)->5768K(5952K)
[2022-03-13T02:52:55.877+0800][42.816s] GC(34) Pause Young (Normal) (G1 Evacuation Pause) 452M->196M(512M) 2.216ms
[2022-03-13T02:52:55.877+0800][42.817s] GC(34) User=0.00s Sys=0.00s Real=0.01s
[2022-03-13T02:52:56.266+0800][43.209s] GC(35) Pause Young (Normal) (G1 Evacuation Pause)
[2022-03-13T02:52:56.266+0800][43.209s] GC(35) Using 8 workers of 8 for evacuation
[2022-03-13T02:52:56.266+0800][43.211s] GC(35)   Pre Evacuate Collection Set: 0.1ms
[2022-03-13T02:52:56.266+0800][43.211s] GC(35)   Merge Heap Roots: 0.1ms
[2022-03-13T02:52:56.266+0800][43.211s] GC(35)   Evacuate Collection Set: 1.2ms
[2022-03-13T02:52:56.266+0800][43.211s] GC(35)   Post Evacuate Collection Set: 0.5ms
[2022-03-13T02:52:56.266+0800][43.211s] GC(35)   Other: 0.2ms
[2022-03-13T02:52:56.266+0800][43.211s] GC(35) Eden regions: 256->0(253)
[2022-03-13T02:52:56.266+0800][43.211s] GC(35) Survivor regions: 7->8(33)
[2022-03-13T02:52:56.266+0800][43.211s] GC(35) Old regions: 173->174
[2022-03-13T02:52:56.266+0800][43.211s] GC(35) Archive regions: 0->0
[2022-03-13T02:52:56.266+0800][43.211s] GC(35) Humongous regions: 17->17
[2022-03-13T02:52:56.266+0800][43.211s] GC(35) Metaspace: 48978K(49344K)->48978K(49344K) NonClass: 43209K(43392K)->43209K(43392K) Class: 5768K(5952K)->5768K(5952K)
[2022-03-13T02:52:56.266+0800][43.211s] GC(35) Pause Young (Normal) (G1 Evacuation Pause) 452M->197M(512M) 2.119ms
[2022-03-13T02:52:56.266+0800][43.211s] GC(35) User=0.00s Sys=0.00s Real=0.00s
[2022-03-13T02:52:56.632+0800][43.585s] GC(36) Pause Young (Normal) (G1 Evacuation Pause)
[2022-03-13T02:52:56.632+0800][43.585s] GC(36) Using 8 workers of 8 for evacuation
[2022-03-13T02:52:56.648+0800][43.587s] GC(36)   Pre Evacuate Collection Set: 0.1ms
[2022-03-13T02:52:56.648+0800][43.587s] GC(36)   Merge Heap Roots: 0.1ms
[2022-03-13T02:52:56.648+0800][43.588s] GC(36)   Evacuate Collection Set: 1.5ms
[2022-03-13T02:52:56.648+0800][43.588s] GC(36)   Post Evacuate Collection Set: 0.3ms
[2022-03-13T02:52:56.648+0800][43.588s] GC(36)   Other: 0.2ms
[2022-03-13T02:52:56.648+0800][43.588s] GC(36) Eden regions: 253->0(253)
[2022-03-13T02:52:56.648+0800][43.588s] GC(36) Survivor regions: 8->8(33)
[2022-03-13T02:52:56.648+0800][43.588s] GC(36) Old regions: 174->174
[2022-03-13T02:52:56.648+0800][43.588s] GC(36) Archive regions: 0->0
[2022-03-13T02:52:56.648+0800][43.588s] GC(36) Humongous regions: 17->17
[2022-03-13T02:52:56.648+0800][43.588s] GC(36) Metaspace: 48979K(49344K)->48979K(49344K) NonClass: 43210K(43392K)->43210K(43392K) Class: 5768K(5952K)->5768K(5952K)
[2022-03-13T02:52:56.648+0800][43.588s] GC(36) Pause Young (Normal) (G1 Evacuation Pause) 450M->197M(512M) 2.311ms
[2022-03-13T02:52:56.648+0800][43.588s] GC(36) User=0.00s Sys=0.00s Real=0.02s
[2022-03-13T02:52:56.998+0800][43.946s] GC(37) Pause Young (Normal) (G1 Evacuation Pause)
[2022-03-13T02:52:56.998+0800][43.946s] GC(37) Using 8 workers of 8 for evacuation
[2022-03-13T02:52:57.008+0800][43.948s] GC(37)   Pre Evacuate Collection Set: 0.2ms
[2022-03-13T02:52:57.008+0800][43.948s] GC(37)   Merge Heap Roots: 0.1ms
[2022-03-13T02:52:57.008+0800][43.948s] GC(37)   Evacuate Collection Set: 1.2ms
[2022-03-13T02:52:57.008+0800][43.948s] GC(37)   Post Evacuate Collection Set: 0.4ms
[2022-03-13T02:52:57.008+0800][43.948s] GC(37)   Other: 0.2ms
[2022-03-13T02:52:57.008+0800][43.948s] GC(37) Eden regions: 253->0(253)
[2022-03-13T02:52:57.008+0800][43.948s] GC(37) Survivor regions: 8->8(33)
[2022-03-13T02:52:57.008+0800][43.948s] GC(37) Old regions: 174->174
[2022-03-13T02:52:57.008+0800][43.948s] GC(37) Archive regions: 0->0
[2022-03-13T02:52:57.008+0800][43.948s] GC(37) Humongous regions: 17->17
[2022-03-13T02:52:57.008+0800][43.948s] GC(37) Metaspace: 48979K(49344K)->48979K(49344K) NonClass: 43210K(43392K)->43210K(43392K) Class: 5768K(5952K)->5768K(5952K)
[2022-03-13T02:52:57.008+0800][43.948s] GC(37) Pause Young (Normal) (G1 Evacuation Pause) 450M->198M(512M) 2.110ms
[2022-03-13T02:52:57.008+0800][43.948s] GC(37) User=0.00s Sys=0.00s Real=0.01s
[2022-03-13T02:52:57.366+0800][44.306s] GC(38) Pause Young (Normal) (G1 Evacuation Pause)
[2022-03-13T02:52:57.366+0800][44.306s] GC(38) Using 8 workers of 8 for evacuation
[2022-03-13T02:52:57.368+0800][44.308s] GC(38)   Pre Evacuate Collection Set: 0.1ms
[2022-03-13T02:52:57.368+0800][44.308s] GC(38)   Merge Heap Roots: 0.1ms
[2022-03-13T02:52:57.368+0800][44.308s] GC(38)   Evacuate Collection Set: 1.3ms
[2022-03-13T02:52:57.368+0800][44.308s] GC(38)   Post Evacuate Collection Set: 0.5ms
[2022-03-13T02:52:57.368+0800][44.308s] GC(38)   Other: 0.1ms
[2022-03-13T02:52:57.368+0800][44.308s] GC(38) Eden regions: 253->0(252)
[2022-03-13T02:52:57.368+0800][44.308s] GC(38) Survivor regions: 8->8(33)
[2022-03-13T02:52:57.368+0800][44.308s] GC(38) Old regions: 174->175
[2022-03-13T02:52:57.368+0800][44.308s] GC(38) Archive regions: 0->0
[2022-03-13T02:52:57.368+0800][44.308s] GC(38) Humongous regions: 17->17
[2022-03-13T02:52:57.368+0800][44.308s] GC(38) Metaspace: 48979K(49344K)->48979K(49344K) NonClass: 43211K(43392K)->43211K(43392K) Class: 5768K(5952K)->5768K(5952K)
[2022-03-13T02:52:57.368+0800][44.308s] GC(38) Pause Young (Normal) (G1 Evacuation Pause) 451M->198M(512M) 2.133ms
[2022-03-13T02:52:57.368+0800][44.308s] GC(38) User=0.00s Sys=0.00s Real=0.00s
[2022-03-13T02:52:57.715+0800][44.661s] GC(39) Pause Young (Normal) (G1 Evacuation Pause)
[2022-03-13T02:52:57.715+0800][44.661s] GC(39) Using 8 workers of 8 for evacuation
[2022-03-13T02:52:57.723+0800][44.663s] GC(39)   Pre Evacuate Collection Set: 0.2ms
[2022-03-13T02:52:57.723+0800][44.663s] GC(39)   Merge Heap Roots: 0.1ms
[2022-03-13T02:52:57.723+0800][44.663s] GC(39)   Evacuate Collection Set: 1.3ms
[2022-03-13T02:52:57.723+0800][44.663s] GC(39)   Post Evacuate Collection Set: 0.4ms
[2022-03-13T02:52:57.723+0800][44.663s] GC(39)   Other: 0.2ms
[2022-03-13T02:52:57.723+0800][44.663s] GC(39) Eden regions: 252->0(252)
[2022-03-13T02:52:57.723+0800][44.663s] GC(39) Survivor regions: 8->8(33)
[2022-03-13T02:52:57.723+0800][44.663s] GC(39) Old regions: 175->175
[2022-03-13T02:52:57.723+0800][44.663s] GC(39) Archive regions: 0->0
[2022-03-13T02:52:57.723+0800][44.663s] GC(39) Humongous regions: 17->17
[2022-03-13T02:52:57.723+0800][44.663s] GC(39) Metaspace: 48980K(49344K)->48980K(49344K) NonClass: 43211K(43392K)->43211K(43392K) Class: 5768K(5952K)->5768K(5952K)
[2022-03-13T02:52:57.723+0800][44.663s] GC(39) Pause Young (Normal) (G1 Evacuation Pause) 450M->198M(512M) 2.344ms
[2022-03-13T02:52:57.723+0800][44.663s] GC(39) User=0.00s Sys=0.00s Real=0.01s
[2022-03-13T02:52:58.082+0800][45.036s] GC(40) Pause Young (Normal) (G1 Evacuation Pause)
[2022-03-13T02:52:58.082+0800][45.036s] GC(40) Using 8 workers of 8 for evacuation
[2022-03-13T02:52:58.099+0800][45.038s] GC(40)   Pre Evacuate Collection Set: 0.1ms
[2022-03-13T02:52:58.099+0800][45.038s] GC(40)   Merge Heap Roots: 0.1ms
[2022-03-13T02:52:58.099+0800][45.038s] GC(40)   Evacuate Collection Set: 1.8ms
[2022-03-13T02:52:58.099+0800][45.038s] GC(40)   Post Evacuate Collection Set: 0.2ms
[2022-03-13T02:52:58.099+0800][45.038s] GC(40)   Other: 0.1ms
[2022-03-13T02:52:58.099+0800][45.038s] GC(40) Eden regions: 252->0(252)
[2022-03-13T02:52:58.099+0800][45.038s] GC(40) Survivor regions: 8->8(33)
[2022-03-13T02:52:58.099+0800][45.038s] GC(40) Old regions: 175->175
[2022-03-13T02:52:58.099+0800][45.038s] GC(40) Archive regions: 0->0
[2022-03-13T02:52:58.099+0800][45.038s] GC(40) Humongous regions: 17->17
[2022-03-13T02:52:58.099+0800][45.038s] GC(40) Metaspace: 48980K(49344K)->48980K(49344K) NonClass: 43211K(43392K)->43211K(43392K) Class: 5768K(5952K)->5768K(5952K)
[2022-03-13T02:52:58.099+0800][45.038s] GC(40) Pause Young (Normal) (G1 Evacuation Pause) 450M->199M(512M) 2.590ms
[2022-03-13T02:52:58.099+0800][45.038s] GC(40) User=0.08s Sys=0.00s Real=0.02s
[2022-03-13T02:52:58.448+0800][45.394s] GC(41) Pause Young (Normal) (G1 Evacuation Pause)
[2022-03-13T02:52:58.448+0800][45.394s] GC(41) Using 8 workers of 8 for evacuation
[2022-03-13T02:52:58.457+0800][45.397s] GC(41)   Pre Evacuate Collection Set: 0.2ms
[2022-03-13T02:52:58.457+0800][45.397s] GC(41)   Merge Heap Roots: 0.1ms
[2022-03-13T02:52:58.457+0800][45.397s] GC(41)   Evacuate Collection Set: 1.3ms
[2022-03-13T02:52:58.457+0800][45.397s] GC(41)   Post Evacuate Collection Set: 0.4ms
[2022-03-13T02:52:58.457+0800][45.397s] GC(41)   Other: 0.1ms
[2022-03-13T02:52:58.457+0800][45.397s] GC(41) Eden regions: 252->0(251)
[2022-03-13T02:52:58.457+0800][45.397s] GC(41) Survivor regions: 8->8(33)
[2022-03-13T02:52:58.457+0800][45.397s] GC(41) Old regions: 175->176
[2022-03-13T02:52:58.457+0800][45.397s] GC(41) Archive regions: 0->0
[2022-03-13T02:52:58.457+0800][45.397s] GC(41) Humongous regions: 17->17
[2022-03-13T02:52:58.457+0800][45.397s] GC(41) Metaspace: 48983K(49344K)->48983K(49344K) NonClass: 43214K(43392K)->43214K(43392K) Class: 5768K(5952K)->5768K(5952K)
[2022-03-13T02:52:58.457+0800][45.397s] GC(41) Pause Young (Normal) (G1 Evacuation Pause) 451M->199M(512M) 2.272ms
[2022-03-13T02:52:58.457+0800][45.397s] GC(41) User=0.03s Sys=0.00s Real=0.01s
[2022-03-13T02:52:58.815+0800][45.755s] GC(42) Pause Young (Normal) (G1 Evacuation Pause)
[2022-03-13T02:52:58.815+0800][45.755s] GC(42) Using 8 workers of 8 for evacuation
[2022-03-13T02:52:58.815+0800][45.757s] GC(42)   Pre Evacuate Collection Set: 0.1ms
[2022-03-13T02:52:58.815+0800][45.757s] GC(42)   Merge Heap Roots: 0.1ms
[2022-03-13T02:52:58.815+0800][45.757s] GC(42)   Evacuate Collection Set: 1.4ms
[2022-03-13T02:52:58.815+0800][45.757s] GC(42)   Post Evacuate Collection Set: 0.4ms
[2022-03-13T02:52:58.815+0800][45.757s] GC(42)   Other: 0.1ms
[2022-03-13T02:52:58.815+0800][45.757s] GC(42) Eden regions: 251->0(251)
[2022-03-13T02:52:58.815+0800][45.757s] GC(42) Survivor regions: 8->8(33)
[2022-03-13T02:52:58.815+0800][45.757s] GC(42) Old regions: 176->176
[2022-03-13T02:52:58.815+0800][45.757s] GC(42) Archive regions: 0->0
[2022-03-13T02:52:58.815+0800][45.757s] GC(42) Humongous regions: 17->17
[2022-03-13T02:52:58.815+0800][45.757s] GC(42) Metaspace: 48984K(49344K)->48984K(49344K) NonClass: 43215K(43392K)->43215K(43392K) Class: 5768K(5952K)->5768K(5952K)
[2022-03-13T02:52:58.815+0800][45.757s] GC(42) Pause Young (Normal) (G1 Evacuation Pause) 450M->200M(512M) 2.230ms
[2022-03-13T02:52:58.815+0800][45.757s] GC(42) User=0.00s Sys=0.00s Real=0.00s
[2022-03-13T02:52:59.165+0800][46.115s] GC(43) Pause Young (Normal) (G1 Evacuation Pause)
[2022-03-13T02:52:59.165+0800][46.115s] GC(43) Using 8 workers of 8 for evacuation
[2022-03-13T02:52:59.176+0800][46.117s] GC(43)   Pre Evacuate Collection Set: 0.1ms
[2022-03-13T02:52:59.176+0800][46.117s] GC(43)   Merge Heap Roots: 0.2ms
[2022-03-13T02:52:59.176+0800][46.117s] GC(43)   Evacuate Collection Set: 1.3ms
[2022-03-13T02:52:59.176+0800][46.117s] GC(43)   Post Evacuate Collection Set: 0.5ms
[2022-03-13T02:52:59.176+0800][46.117s] GC(43)   Other: 0.1ms
[2022-03-13T02:52:59.176+0800][46.117s] GC(43) Eden regions: 251->0(251)
[2022-03-13T02:52:59.176+0800][46.117s] GC(43) Survivor regions: 8->8(33)
[2022-03-13T02:52:59.176+0800][46.117s] GC(43) Old regions: 176->176
[2022-03-13T02:52:59.176+0800][46.117s] GC(43) Archive regions: 0->0
[2022-03-13T02:52:59.176+0800][46.117s] GC(43) Humongous regions: 17->17
[2022-03-13T02:52:59.176+0800][46.117s] GC(43) Metaspace: 48984K(49344K)->48984K(49344K) NonClass: 43215K(43392K)->43215K(43392K) Class: 5768K(5952K)->5768K(5952K)
[2022-03-13T02:52:59.176+0800][46.117s] GC(43) Pause Young (Normal) (G1 Evacuation Pause) 451M->200M(512M) 2.373ms
[2022-03-13T02:52:59.176+0800][46.117s] GC(43) User=0.03s Sys=0.00s Real=0.01s
[2022-03-13T02:52:59.531+0800][46.475s] GC(44) Pause Young (Normal) (G1 Evacuation Pause)
[2022-03-13T02:52:59.531+0800][46.475s] GC(44) Using 8 workers of 8 for evacuation
[2022-03-13T02:52:59.538+0800][46.477s] GC(44)   Pre Evacuate Collection Set: 0.0ms
[2022-03-13T02:52:59.538+0800][46.477s] GC(44)   Merge Heap Roots: 0.1ms
[2022-03-13T02:52:59.538+0800][46.477s] GC(44)   Evacuate Collection Set: 1.4ms
[2022-03-13T02:52:59.538+0800][46.477s] GC(44)   Post Evacuate Collection Set: 0.3ms
[2022-03-13T02:52:59.538+0800][46.477s] GC(44)   Other: 0.1ms
[2022-03-13T02:52:59.538+0800][46.477s] GC(44) Eden regions: 251->0(249)
[2022-03-13T02:52:59.538+0800][46.477s] GC(44) Survivor regions: 8->9(33)
[2022-03-13T02:52:59.538+0800][46.477s] GC(44) Old regions: 176->176
[2022-03-13T02:52:59.538+0800][46.477s] GC(44) Archive regions: 0->0
[2022-03-13T02:52:59.538+0800][46.477s] GC(44) Humongous regions: 17->17
[2022-03-13T02:52:59.538+0800][46.477s] GC(44) Metaspace: 48984K(49344K)->48984K(49344K) NonClass: 43215K(43392K)->43215K(43392K) Class: 5768K(5952K)->5768K(5952K)
[2022-03-13T02:52:59.538+0800][46.477s] GC(44) Pause Young (Normal) (G1 Evacuation Pause) 451M->200M(512M) 2.118ms
[2022-03-13T02:52:59.538+0800][46.477s] GC(44) User=0.00s Sys=0.00s Real=0.01s
[2022-03-13T02:52:59.898+0800][46.851s] GC(45) Pause Young (Normal) (G1 Evacuation Pause)
[2022-03-13T02:52:59.898+0800][46.851s] GC(45) Using 8 workers of 8 for evacuation
[2022-03-13T02:52:59.914+0800][46.854s] GC(45)   Pre Evacuate Collection Set: 0.2ms
[2022-03-13T02:52:59.914+0800][46.854s] GC(45)   Merge Heap Roots: 0.2ms
[2022-03-13T02:52:59.914+0800][46.854s] GC(45)   Evacuate Collection Set: 1.5ms
[2022-03-13T02:52:59.914+0800][46.854s] GC(45)   Post Evacuate Collection Set: 0.3ms
[2022-03-13T02:52:59.914+0800][46.854s] GC(45)   Other: 0.1ms
[2022-03-13T02:52:59.914+0800][46.854s] GC(45) Eden regions: 249->0(248)
[2022-03-13T02:52:59.914+0800][46.854s] GC(45) Survivor regions: 9->9(33)
[2022-03-13T02:52:59.914+0800][46.854s] GC(45) Old regions: 176->177
[2022-03-13T02:52:59.914+0800][46.854s] GC(45) Archive regions: 0->0
[2022-03-13T02:52:59.914+0800][46.854s] GC(45) Humongous regions: 17->17
[2022-03-13T02:52:59.914+0800][46.854s] GC(45) Metaspace: 48986K(49344K)->48986K(49344K) NonClass: 43217K(43392K)->43217K(43392K) Class: 5768K(5952K)->5768K(5952K)
[2022-03-13T02:52:59.914+0800][46.854s] GC(45) Pause Young (Normal) (G1 Evacuation Pause) 449M->201M(512M) 2.449ms
[2022-03-13T02:52:59.914+0800][46.854s] GC(45) User=0.00s Sys=0.00s Real=0.02s
[2022-03-13T02:53:00.314+0800][47.253s] GC(46) Pause Young (Normal) (G1 Evacuation Pause)
[2022-03-13T02:53:00.314+0800][47.253s] GC(46) Using 8 workers of 8 for evacuation
[2022-03-13T02:53:00.316+0800][47.255s] GC(46)   Pre Evacuate Collection Set: 0.1ms
[2022-03-13T02:53:00.316+0800][47.255s] GC(46)   Merge Heap Roots: 0.1ms
[2022-03-13T02:53:00.316+0800][47.255s] GC(46)   Evacuate Collection Set: 1.6ms
[2022-03-13T02:53:00.316+0800][47.255s] GC(46)   Post Evacuate Collection Set: 0.3ms
[2022-03-13T02:53:00.316+0800][47.255s] GC(46)   Other: 0.2ms
[2022-03-13T02:53:00.316+0800][47.255s] GC(46) Eden regions: 248->0(248)
[2022-03-13T02:53:00.316+0800][47.255s] GC(46) Survivor regions: 9->9(33)
[2022-03-13T02:53:00.316+0800][47.255s] GC(46) Old regions: 177->177
[2022-03-13T02:53:00.316+0800][47.255s] GC(46) Archive regions: 0->0
[2022-03-13T02:53:00.316+0800][47.255s] GC(46) Humongous regions: 17->17
[2022-03-13T02:53:00.316+0800][47.256s] GC(46) Metaspace: 48987K(49344K)->48987K(49344K) NonClass: 43218K(43392K)->43218K(43392K) Class: 5768K(5952K)->5768K(5952K)
[2022-03-13T02:53:00.316+0800][47.256s] GC(46) Pause Young (Normal) (G1 Evacuation Pause) 449M->201M(512M) 2.309ms
[2022-03-13T02:53:00.316+0800][47.256s] GC(46) User=0.00s Sys=0.00s Real=0.00s
[2022-03-13T02:53:00.734+0800][47.676s] GC(47) Pause Young (Normal) (G1 Evacuation Pause)
[2022-03-13T02:53:00.734+0800][47.676s] GC(47) Using 8 workers of 8 for evacuation
[2022-03-13T02:53:00.739+0800][47.679s] GC(47)   Pre Evacuate Collection Set: 0.1ms
[2022-03-13T02:53:00.739+0800][47.679s] GC(47)   Merge Heap Roots: 0.1ms
[2022-03-13T02:53:00.739+0800][47.679s] GC(47)   Evacuate Collection Set: 1.9ms
[2022-03-13T02:53:00.739+0800][47.679s] GC(47)   Post Evacuate Collection Set: 0.3ms
[2022-03-13T02:53:00.739+0800][47.679s] GC(47)   Other: 0.1ms
[2022-03-13T02:53:00.739+0800][47.679s] GC(47) Eden regions: 248->0(248)
[2022-03-13T02:53:00.739+0800][47.679s] GC(47) Survivor regions: 9->9(33)
[2022-03-13T02:53:00.739+0800][47.679s] GC(47) Old regions: 177->177
[2022-03-13T02:53:00.739+0800][47.679s] GC(47) Archive regions: 0->0
[2022-03-13T02:53:00.739+0800][47.679s] GC(47) Humongous regions: 17->17
[2022-03-13T02:53:00.739+0800][47.679s] GC(47) Metaspace: 49257K(49600K)->49257K(49600K) NonClass: 43461K(43648K)->43461K(43648K) Class: 5796K(5952K)->5796K(5952K)
[2022-03-13T02:53:00.739+0800][47.679s] GC(47) Pause Young (Normal) (G1 Evacuation Pause) 449M->202M(512M) 2.567ms
[2022-03-13T02:53:00.739+0800][47.679s] GC(47) User=0.00s Sys=0.00s Real=0.01s
[2022-03-13T02:53:01.315+0800][48.255s] GC(48) Pause Young (Normal) (G1 Evacuation Pause)
[2022-03-13T02:53:01.315+0800][48.255s] GC(48) Using 8 workers of 8 for evacuation
[2022-03-13T02:53:01.318+0800][48.258s] GC(48)   Pre Evacuate Collection Set: 0.1ms
[2022-03-13T02:53:01.318+0800][48.258s] GC(48)   Merge Heap Roots: 0.1ms
[2022-03-13T02:53:01.318+0800][48.258s] GC(48)   Evacuate Collection Set: 2.3ms
[2022-03-13T02:53:01.318+0800][48.258s] GC(48)   Post Evacuate Collection Set: 0.4ms
[2022-03-13T02:53:01.318+0800][48.258s] GC(48)   Other: 0.2ms
[2022-03-13T02:53:01.318+0800][48.258s] GC(48) Eden regions: 248->0(245)
[2022-03-13T02:53:01.318+0800][48.258s] GC(48) Survivor regions: 9->10(33)
[2022-03-13T02:53:01.318+0800][48.258s] GC(48) Old regions: 177->178
[2022-03-13T02:53:01.318+0800][48.258s] GC(48) Archive regions: 0->0
[2022-03-13T02:53:01.318+0800][48.258s] GC(48) Humongous regions: 17->17
[2022-03-13T02:53:01.318+0800][48.258s] GC(48) Metaspace: 49873K(50176K)->49873K(50176K) NonClass: 44024K(44160K)->44024K(44160K) Class: 5848K(6016K)->5848K(6016K)
[2022-03-13T02:53:01.319+0800][48.258s] GC(48) Pause Young (Normal) (G1 Evacuation Pause) 450M->203M(512M) 3.213ms
[2022-03-13T02:53:01.319+0800][48.258s] GC(48) User=0.00s Sys=0.00s Real=0.00s
[2022-03-13T02:53:01.881+0800][48.825s] GC(49) Pause Young (Normal) (G1 Evacuation Pause)
[2022-03-13T02:53:01.881+0800][48.825s] GC(49) Using 8 workers of 8 for evacuation
[2022-03-13T02:53:01.888+0800][48.828s] GC(49)   Pre Evacuate Collection Set: 0.1ms
[2022-03-13T02:53:01.888+0800][48.828s] GC(49)   Merge Heap Roots: 0.1ms
[2022-03-13T02:53:01.888+0800][48.828s] GC(49)   Evacuate Collection Set: 2.2ms
[2022-03-13T02:53:01.888+0800][48.828s] GC(49)   Post Evacuate Collection Set: 0.4ms
[2022-03-13T02:53:01.888+0800][48.828s] GC(49)   Other: 0.2ms
[2022-03-13T02:53:01.888+0800][48.828s] GC(49) Eden regions: 245->0(247)
[2022-03-13T02:53:01.888+0800][48.828s] GC(49) Survivor regions: 10->9(32)
[2022-03-13T02:53:01.888+0800][48.828s] GC(49) Old regions: 178->178
[2022-03-13T02:53:01.888+0800][48.828s] GC(49) Archive regions: 0->0
[2022-03-13T02:53:01.888+0800][48.828s] GC(49) Humongous regions: 17->17
[2022-03-13T02:53:01.888+0800][48.828s] GC(49) Metaspace: 50407K(50688K)->50407K(50688K) NonClass: 44482K(44608K)->44482K(44608K) Class: 5925K(6080K)->5925K(6080K)
[2022-03-13T02:53:01.888+0800][48.828s] GC(49) Pause Young (Normal) (G1 Evacuation Pause) 448M->202M(512M) 3.127ms
[2022-03-13T02:53:01.888+0800][48.828s] GC(49) User=0.03s Sys=0.00s Real=0.01s
[2022-03-13T02:53:02.565+0800][49.515s] GC(50) Pause Young (Normal) (G1 Evacuation Pause)
[2022-03-13T02:53:02.565+0800][49.515s] GC(50) Using 8 workers of 8 for evacuation
[2022-03-13T02:53:02.578+0800][49.518s] GC(50)   Pre Evacuate Collection Set: 0.1ms
[2022-03-13T02:53:02.578+0800][49.518s] GC(50)   Merge Heap Roots: 0.1ms
[2022-03-13T02:53:02.578+0800][49.518s] GC(50)   Evacuate Collection Set: 2.3ms
[2022-03-13T02:53:02.578+0800][49.518s] GC(50)   Post Evacuate Collection Set: 0.3ms
[2022-03-13T02:53:02.578+0800][49.518s] GC(50)   Other: 0.2ms
[2022-03-13T02:53:02.578+0800][49.518s] GC(50) Eden regions: 247->0(248)
[2022-03-13T02:53:02.578+0800][49.518s] GC(50) Survivor regions: 9->8(32)
[2022-03-13T02:53:02.578+0800][49.518s] GC(50) Old regions: 178->179
[2022-03-13T02:53:02.578+0800][49.518s] GC(50) Archive regions: 0->0
[2022-03-13T02:53:02.578+0800][49.518s] GC(50) Humongous regions: 17->17
[2022-03-13T02:53:02.578+0800][49.518s] GC(50) Metaspace: 50409K(50688K)->50409K(50688K) NonClass: 44484K(44608K)->44484K(44608K) Class: 5925K(6080K)->5925K(6080K)
[2022-03-13T02:53:02.578+0800][49.518s] GC(50) Pause Young (Normal) (G1 Evacuation Pause) 449M->203M(512M) 3.225ms
[2022-03-13T02:53:02.578+0800][49.518s] GC(50) User=0.02s Sys=0.02s Real=0.01s
[2022-03-13T02:53:03.171+0800][50.111s] GC(51) Pause Young (Normal) (G1 Evacuation Pause)
[2022-03-13T02:53:03.171+0800][50.111s] GC(51) Using 8 workers of 8 for evacuation
[2022-03-13T02:53:03.171+0800][50.113s] GC(51)   Pre Evacuate Collection Set: 0.1ms
[2022-03-13T02:53:03.171+0800][50.113s] GC(51)   Merge Heap Roots: 0.1ms
[2022-03-13T02:53:03.171+0800][50.113s] GC(51)   Evacuate Collection Set: 1.6ms
[2022-03-13T02:53:03.171+0800][50.113s] GC(51)   Post Evacuate Collection Set: 0.3ms
[2022-03-13T02:53:03.171+0800][50.113s] GC(51)   Other: 0.2ms
[2022-03-13T02:53:03.171+0800][50.113s] GC(51) Eden regions: 248->0(246)
[2022-03-13T02:53:03.171+0800][50.113s] GC(51) Survivor regions: 8->9(32)
[2022-03-13T02:53:03.171+0800][50.113s] GC(51) Old regions: 179->179
[2022-03-13T02:53:03.171+0800][50.113s] GC(51) Archive regions: 0->0
[2022-03-13T02:53:03.171+0800][50.113s] GC(51) Humongous regions: 17->17
[2022-03-13T02:53:03.171+0800][50.113s] GC(51) Metaspace: 50409K(50688K)->50409K(50688K) NonClass: 44484K(44608K)->44484K(44608K) Class: 5925K(6080K)->5925K(6080K)
[2022-03-13T02:53:03.171+0800][50.113s] GC(51) Pause Young (Normal) (G1 Evacuation Pause) 451M->203M(512M) 2.472ms
[2022-03-13T02:53:03.171+0800][50.113s] GC(51) User=0.00s Sys=0.00s Real=0.00s
[2022-03-13T02:53:03.815+0800][50.761s] GC(52) Pause Young (Normal) (G1 Evacuation Pause)
[2022-03-13T02:53:03.815+0800][50.761s] GC(52) Using 8 workers of 8 for evacuation
[2022-03-13T02:53:03.824+0800][50.763s] GC(52)   Pre Evacuate Collection Set: 0.1ms
[2022-03-13T02:53:03.824+0800][50.763s] GC(52)   Merge Heap Roots: 0.1ms
[2022-03-13T02:53:03.824+0800][50.763s] GC(52)   Evacuate Collection Set: 1.4ms
[2022-03-13T02:53:03.824+0800][50.763s] GC(52)   Post Evacuate Collection Set: 0.4ms
[2022-03-13T02:53:03.824+0800][50.763s] GC(52)   Other: 0.1ms
[2022-03-13T02:53:03.824+0800][50.763s] GC(52) Eden regions: 246->0(246)
[2022-03-13T02:53:03.824+0800][50.763s] GC(52) Survivor regions: 9->9(32)
[2022-03-13T02:53:03.824+0800][50.763s] GC(52) Old regions: 179->179
[2022-03-13T02:53:03.824+0800][50.763s] GC(52) Archive regions: 0->0
[2022-03-13T02:53:03.824+0800][50.763s] GC(52) Humongous regions: 17->17
[2022-03-13T02:53:03.824+0800][50.763s] GC(52) Metaspace: 50410K(50688K)->50410K(50688K) NonClass: 44485K(44608K)->44485K(44608K) Class: 5925K(6080K)->5925K(6080K)
[2022-03-13T02:53:03.824+0800][50.763s] GC(52) Pause Young (Normal) (G1 Evacuation Pause) 449M->204M(512M) 2.287ms
[2022-03-13T02:53:03.824+0800][50.763s] GC(52) User=0.00s Sys=0.00s Real=0.01s
[2022-03-13T02:53:04.281+0800][51.231s] GC(53) Pause Young (Normal) (G1 Evacuation Pause)
[2022-03-13T02:53:04.281+0800][51.231s] GC(53) Using 8 workers of 8 for evacuation
[2022-03-13T02:53:04.293+0800][51.234s] GC(53)   Pre Evacuate Collection Set: 0.1ms
[2022-03-13T02:53:04.293+0800][51.234s] GC(53)   Merge Heap Roots: 0.1ms
[2022-03-13T02:53:04.293+0800][51.234s] GC(53)   Evacuate Collection Set: 1.7ms
[2022-03-13T02:53:04.293+0800][51.234s] GC(53)   Post Evacuate Collection Set: 0.3ms
[2022-03-13T02:53:04.293+0800][51.234s] GC(53)   Other: 0.2ms
[2022-03-13T02:53:04.293+0800][51.234s] GC(53) Eden regions: 246->0(246)
[2022-03-13T02:53:04.293+0800][51.234s] GC(53) Survivor regions: 9->9(32)
[2022-03-13T02:53:04.293+0800][51.234s] GC(53) Old regions: 179->179
[2022-03-13T02:53:04.293+0800][51.234s] GC(53) Archive regions: 0->0
[2022-03-13T02:53:04.293+0800][51.234s] GC(53) Humongous regions: 17->17
[2022-03-13T02:53:04.293+0800][51.234s] GC(53) Metaspace: 50410K(50688K)->50410K(50688K) NonClass: 44485K(44608K)->44485K(44608K) Class: 5925K(6080K)->5925K(6080K)
[2022-03-13T02:53:04.293+0800][51.234s] GC(53) Pause Young (Normal) (G1 Evacuation Pause) 450M->204M(512M) 2.586ms
[2022-03-13T02:53:04.293+0800][51.234s] GC(53) User=0.00s Sys=0.00s Real=0.01s
[2022-03-13T02:53:04.701+0800][51.640s] GC(54) Pause Young (Normal) (G1 Evacuation Pause)
[2022-03-13T02:53:04.701+0800][51.640s] GC(54) Using 8 workers of 8 for evacuation
[2022-03-13T02:53:04.703+0800][51.643s] GC(54)   Pre Evacuate Collection Set: 0.1ms
[2022-03-13T02:53:04.703+0800][51.643s] GC(54)   Merge Heap Roots: 0.1ms
[2022-03-13T02:53:04.703+0800][51.643s] GC(54)   Evacuate Collection Set: 1.5ms
[2022-03-13T02:53:04.703+0800][51.643s] GC(54)   Post Evacuate Collection Set: 0.5ms
[2022-03-13T02:53:04.703+0800][51.643s] GC(54)   Other: 0.2ms
[2022-03-13T02:53:04.703+0800][51.643s] GC(54) Eden regions: 246->0(245)
[2022-03-13T02:53:04.703+0800][51.643s] GC(54) Survivor regions: 9->9(32)
[2022-03-13T02:53:04.703+0800][51.643s] GC(54) Old regions: 179->180
[2022-03-13T02:53:04.703+0800][51.643s] GC(54) Archive regions: 0->0
[2022-03-13T02:53:04.703+0800][51.643s] GC(54) Humongous regions: 17->17
[2022-03-13T02:53:04.703+0800][51.643s] GC(54) Metaspace: 50410K(50688K)->50410K(50688K) NonClass: 44485K(44608K)->44485K(44608K) Class: 5925K(6080K)->5925K(6080K)
[2022-03-13T02:53:04.703+0800][51.643s] GC(54) Pause Young (Normal) (G1 Evacuation Pause) 450M->205M(512M) 2.457ms
[2022-03-13T02:53:04.703+0800][51.643s] GC(54) User=0.00s Sys=0.00s Real=0.00s
[2022-03-13T02:53:05.099+0800][52.053s] GC(55) Pause Young (Normal) (G1 Evacuation Pause)
[2022-03-13T02:53:05.099+0800][52.053s] GC(55) Using 8 workers of 8 for evacuation
[2022-03-13T02:53:05.115+0800][52.055s] GC(55)   Pre Evacuate Collection Set: 0.2ms
[2022-03-13T02:53:05.115+0800][52.055s] GC(55)   Merge Heap Roots: 0.1ms
[2022-03-13T02:53:05.115+0800][52.055s] GC(55)   Evacuate Collection Set: 1.5ms
[2022-03-13T02:53:05.115+0800][52.055s] GC(55)   Post Evacuate Collection Set: 0.3ms
[2022-03-13T02:53:05.115+0800][52.055s] GC(55)   Other: 0.1ms
[2022-03-13T02:53:05.115+0800][52.055s] GC(55) Eden regions: 245->0(243)
[2022-03-13T02:53:05.115+0800][52.055s] GC(55) Survivor regions: 9->10(32)
[2022-03-13T02:53:05.115+0800][52.055s] GC(55) Old regions: 180->180
[2022-03-13T02:53:05.115+0800][52.055s] GC(55) Archive regions: 0->0
[2022-03-13T02:53:05.116+0800][52.055s] GC(55) Humongous regions: 17->17
[2022-03-13T02:53:05.116+0800][52.055s] GC(55) Metaspace: 50411K(50688K)->50411K(50688K) NonClass: 44486K(44608K)->44486K(44608K) Class: 5925K(6080K)->5925K(6080K)
[2022-03-13T02:53:05.116+0800][52.055s] GC(55) Pause Young (Normal) (G1 Evacuation Pause) 450M->205M(512M) 2.513ms
[2022-03-13T02:53:05.116+0800][52.055s] GC(55) User=0.03s Sys=0.00s Real=0.02s
[2022-03-13T02:53:05.481+0800][52.425s] GC(56) Pause Young (Normal) (G1 Evacuation Pause)
[2022-03-13T02:53:05.481+0800][52.425s] GC(56) Using 8 workers of 8 for evacuation
[2022-03-13T02:53:05.488+0800][52.427s] GC(56)   Pre Evacuate Collection Set: 0.2ms
[2022-03-13T02:53:05.488+0800][52.427s] GC(56)   Merge Heap Roots: 0.1ms
[2022-03-13T02:53:05.488+0800][52.427s] GC(56)   Evacuate Collection Set: 1.3ms
[2022-03-13T02:53:05.488+0800][52.427s] GC(56)   Post Evacuate Collection Set: 0.5ms
[2022-03-13T02:53:05.488+0800][52.427s] GC(56)   Other: 0.2ms
[2022-03-13T02:53:05.488+0800][52.427s] GC(56) Eden regions: 243->0(245)
[2022-03-13T02:53:05.488+0800][52.427s] GC(56) Survivor regions: 10->9(32)
[2022-03-13T02:53:05.488+0800][52.427s] GC(56) Old regions: 180->180
[2022-03-13T02:53:05.488+0800][52.427s] GC(56) Archive regions: 0->0
[2022-03-13T02:53:05.488+0800][52.427s] GC(56) Humongous regions: 17->17
[2022-03-13T02:53:05.488+0800][52.427s] GC(56) Metaspace: 50411K(50688K)->50411K(50688K) NonClass: 44486K(44608K)->44486K(44608K) Class: 5925K(6080K)->5925K(6080K)
[2022-03-13T02:53:05.488+0800][52.427s] GC(56) Pause Young (Normal) (G1 Evacuation Pause) 448M->205M(512M) 2.371ms
[2022-03-13T02:53:05.488+0800][52.427s] GC(56) User=0.00s Sys=0.00s Real=0.01s
[2022-03-13T02:53:06.206+0800][53.145s] GC(57) Pause Young (Normal) (G1 Evacuation Pause)
[2022-03-13T02:53:06.206+0800][53.145s] GC(57) Using 8 workers of 8 for evacuation
[2022-03-13T02:53:06.208+0800][53.148s] GC(57)   Pre Evacuate Collection Set: 0.1ms
[2022-03-13T02:53:06.208+0800][53.148s] GC(57)   Merge Heap Roots: 0.1ms
[2022-03-13T02:53:06.208+0800][53.148s] GC(57)   Evacuate Collection Set: 1.9ms
[2022-03-13T02:53:06.208+0800][53.148s] GC(57)   Post Evacuate Collection Set: 0.4ms
[2022-03-13T02:53:06.208+0800][53.148s] GC(57)   Other: 0.2ms
[2022-03-13T02:53:06.208+0800][53.148s] GC(57) Eden regions: 245->0(244)
[2022-03-13T02:53:06.208+0800][53.148s] GC(57) Survivor regions: 9->9(32)
[2022-03-13T02:53:06.208+0800][53.148s] GC(57) Old regions: 180->181
[2022-03-13T02:53:06.208+0800][53.148s] GC(57) Archive regions: 0->0
[2022-03-13T02:53:06.208+0800][53.148s] GC(57) Humongous regions: 17->17
[2022-03-13T02:53:06.208+0800][53.148s] GC(57) Metaspace: 50411K(50688K)->50411K(50688K) NonClass: 44486K(44608K)->44486K(44608K) Class: 5925K(6080K)->5925K(6080K)
[2022-03-13T02:53:06.209+0800][53.148s] GC(57) Pause Young (Normal) (G1 Evacuation Pause) 450M->206M(512M) 2.835ms
[2022-03-13T02:53:06.209+0800][53.148s] GC(57) User=0.00s Sys=0.00s Real=0.00s
[2022-03-13T02:53:06.932+0800][53.882s] GC(58) Pause Young (Normal) (G1 Evacuation Pause)
[2022-03-13T02:53:06.932+0800][53.882s] GC(58) Using 8 workers of 8 for evacuation
[2022-03-13T02:53:06.945+0800][53.885s] GC(58)   Pre Evacuate Collection Set: 0.1ms
[2022-03-13T02:53:06.945+0800][53.885s] GC(58)   Merge Heap Roots: 0.1ms
[2022-03-13T02:53:06.945+0800][53.885s] GC(58)   Evacuate Collection Set: 1.9ms
[2022-03-13T02:53:06.945+0800][53.885s] GC(58)   Post Evacuate Collection Set: 0.4ms
[2022-03-13T02:53:06.945+0800][53.885s] GC(58)   Other: 0.2ms
[2022-03-13T02:53:06.945+0800][53.885s] GC(58) Eden regions: 244->0(243)
[2022-03-13T02:53:06.945+0800][53.885s] GC(58) Survivor regions: 9->9(32)
[2022-03-13T02:53:06.945+0800][53.885s] GC(58) Old regions: 181->182
[2022-03-13T02:53:06.945+0800][53.885s] GC(58) Archive regions: 0->0
[2022-03-13T02:53:06.945+0800][53.885s] GC(58) Humongous regions: 17->17
[2022-03-13T02:53:06.945+0800][53.885s] GC(58) Metaspace: 50411K(50688K)->50411K(50688K) NonClass: 44486K(44608K)->44486K(44608K) Class: 5925K(6080K)->5925K(6080K)
[2022-03-13T02:53:06.945+0800][53.885s] GC(58) Pause Young (Normal) (G1 Evacuation Pause) 450M->206M(512M) 2.988ms
[2022-03-13T02:53:06.945+0800][53.885s] GC(58) User=0.00s Sys=0.00s Real=0.01s
[2022-03-13T02:53:07.465+0800][54.404s] GC(59) Pause Young (Normal) (G1 Evacuation Pause)
[2022-03-13T02:53:07.465+0800][54.405s] GC(59) Using 8 workers of 8 for evacuation
[2022-03-13T02:53:07.467+0800][54.407s] GC(59)   Pre Evacuate Collection Set: 0.1ms
[2022-03-13T02:53:07.467+0800][54.407s] GC(59)   Merge Heap Roots: 0.1ms
[2022-03-13T02:53:07.467+0800][54.407s] GC(59)   Evacuate Collection Set: 1.8ms
[2022-03-13T02:53:07.467+0800][54.407s] GC(59)   Post Evacuate Collection Set: 0.4ms
[2022-03-13T02:53:07.467+0800][54.407s] GC(59)   Other: 0.2ms
[2022-03-13T02:53:07.467+0800][54.407s] GC(59) Eden regions: 243->0(243)
[2022-03-13T02:53:07.467+0800][54.407s] GC(59) Survivor regions: 9->9(32)
[2022-03-13T02:53:07.467+0800][54.407s] GC(59) Old regions: 182->182
[2022-03-13T02:53:07.467+0800][54.407s] GC(59) Archive regions: 0->0
[2022-03-13T02:53:07.467+0800][54.407s] GC(59) Humongous regions: 17->17
[2022-03-13T02:53:07.467+0800][54.407s] GC(59) Metaspace: 50411K(50688K)->50411K(50688K) NonClass: 44486K(44608K)->44486K(44608K) Class: 5925K(6080K)->5925K(6080K)
[2022-03-13T02:53:07.467+0800][54.407s] GC(59) Pause Young (Normal) (G1 Evacuation Pause) 449M->207M(512M) 2.688ms
[2022-03-13T02:53:07.467+0800][54.407s] GC(59) User=0.09s Sys=0.00s Real=0.00s
[2022-03-13T02:53:08.113+0800][55.053s] GC(60) Pause Young (Normal) (G1 Evacuation Pause)
[2022-03-13T02:53:08.113+0800][55.053s] GC(60) Using 8 workers of 8 for evacuation
[2022-03-13T02:53:08.116+0800][55.056s] GC(60)   Pre Evacuate Collection Set: 0.1ms
[2022-03-13T02:53:08.116+0800][55.056s] GC(60)   Merge Heap Roots: 0.1ms
[2022-03-13T02:53:08.116+0800][55.056s] GC(60)   Evacuate Collection Set: 1.8ms
[2022-03-13T02:53:08.116+0800][55.056s] GC(60)   Post Evacuate Collection Set: 0.4ms
[2022-03-13T02:53:08.116+0800][55.056s] GC(60)   Other: 0.2ms
[2022-03-13T02:53:08.116+0800][55.056s] GC(60) Eden regions: 243->0(244)
[2022-03-13T02:53:08.116+0800][55.056s] GC(60) Survivor regions: 9->8(32)
[2022-03-13T02:53:08.116+0800][55.056s] GC(60) Old regions: 182->183
[2022-03-13T02:53:08.116+0800][55.056s] GC(60) Archive regions: 0->0
[2022-03-13T02:53:08.116+0800][55.056s] GC(60) Humongous regions: 17->17
[2022-03-13T02:53:08.116+0800][55.056s] GC(60) Metaspace: 50416K(50688K)->50416K(50688K) NonClass: 44489K(44608K)->44489K(44608K) Class: 5926K(6080K)->5926K(6080K)
[2022-03-13T02:53:08.116+0800][55.056s] GC(60) Pause Young (Normal) (G1 Evacuation Pause) 450M->207M(512M) 2.736ms
[2022-03-13T02:53:08.116+0800][55.056s] GC(60) User=0.00s Sys=0.00s Real=0.00s
[2022-03-13T02:53:08.581+0800][55.521s] GC(61) Pause Young (Normal) (G1 Evacuation Pause)
[2022-03-13T02:53:08.581+0800][55.521s] GC(61) Using 8 workers of 8 for evacuation
[2022-03-13T02:53:08.583+0800][55.523s] GC(61)   Pre Evacuate Collection Set: 0.1ms
[2022-03-13T02:53:08.583+0800][55.523s] GC(61)   Merge Heap Roots: 0.1ms
[2022-03-13T02:53:08.583+0800][55.523s] GC(61)   Evacuate Collection Set: 1.4ms
[2022-03-13T02:53:08.583+0800][55.523s] GC(61)   Post Evacuate Collection Set: 0.5ms
[2022-03-13T02:53:08.583+0800][55.523s] GC(61)   Other: 0.2ms
[2022-03-13T02:53:08.583+0800][55.523s] GC(61) Eden regions: 244->0(244)
[2022-03-13T02:53:08.583+0800][55.523s] GC(61) Survivor regions: 8->7(32)
[2022-03-13T02:53:08.583+0800][55.523s] GC(61) Old regions: 183->185
[2022-03-13T02:53:08.583+0800][55.523s] GC(61) Archive regions: 0->0
[2022-03-13T02:53:08.583+0800][55.523s] GC(61) Humongous regions: 17->17
[2022-03-13T02:53:08.583+0800][55.523s] GC(61) Metaspace: 50416K(50688K)->50416K(50688K) NonClass: 44489K(44608K)->44489K(44608K) Class: 5926K(6080K)->5926K(6080K)
[2022-03-13T02:53:08.583+0800][55.523s] GC(61) Pause Young (Normal) (G1 Evacuation Pause) 451M->207M(512M) 2.336ms
[2022-03-13T02:53:08.583+0800][55.523s] GC(61) User=0.00s Sys=0.00s Real=0.00s
[2022-03-13T02:53:09.011+0800][55.951s] GC(62) Pause Young (Normal) (G1 Evacuation Pause)
[2022-03-13T02:53:09.011+0800][55.951s] GC(62) Using 8 workers of 8 for evacuation
[2022-03-13T02:53:09.013+0800][55.953s] GC(62)   Pre Evacuate Collection Set: 0.1ms
[2022-03-13T02:53:09.013+0800][55.953s] GC(62)   Merge Heap Roots: 0.1ms
[2022-03-13T02:53:09.013+0800][55.953s] GC(62)   Evacuate Collection Set: 1.3ms
[2022-03-13T02:53:09.013+0800][55.953s] GC(62)   Post Evacuate Collection Set: 0.4ms
[2022-03-13T02:53:09.013+0800][55.953s] GC(62)   Other: 0.1ms
[2022-03-13T02:53:09.013+0800][55.953s] GC(62) Eden regions: 244->0(244)
[2022-03-13T02:53:09.013+0800][55.953s] GC(62) Survivor regions: 7->7(32)
[2022-03-13T02:53:09.014+0800][55.953s] GC(62) Old regions: 185->185
[2022-03-13T02:53:09.014+0800][55.953s] GC(62) Archive regions: 0->0
[2022-03-13T02:53:09.014+0800][55.953s] GC(62) Humongous regions: 17->17
[2022-03-13T02:53:09.014+0800][55.953s] GC(62) Metaspace: 50416K(50688K)->50416K(50688K) NonClass: 44489K(44608K)->44489K(44608K) Class: 5926K(6080K)->5926K(6080K)
[2022-03-13T02:53:09.014+0800][55.953s] GC(62) Pause Young (Normal) (G1 Evacuation Pause) 451M->208M(512M) 2.086ms
[2022-03-13T02:53:09.014+0800][55.953s] GC(62) User=0.12s Sys=0.00s Real=0.00s
[2022-03-13T02:53:09.468+0800][56.408s] GC(63) Pause Young (Normal) (G1 Evacuation Pause)
[2022-03-13T02:53:09.468+0800][56.408s] GC(63) Using 8 workers of 8 for evacuation
[2022-03-13T02:53:09.470+0800][56.410s] GC(63)   Pre Evacuate Collection Set: 0.1ms
[2022-03-13T02:53:09.470+0800][56.410s] GC(63)   Merge Heap Roots: 0.1ms
[2022-03-13T02:53:09.470+0800][56.410s] GC(63)   Evacuate Collection Set: 1.3ms
[2022-03-13T02:53:09.470+0800][56.410s] GC(63)   Post Evacuate Collection Set: 0.5ms
[2022-03-13T02:53:09.470+0800][56.410s] GC(63)   Other: 0.2ms
[2022-03-13T02:53:09.470+0800][56.410s] GC(63) Eden regions: 244->0(244)
[2022-03-13T02:53:09.470+0800][56.410s] GC(63) Survivor regions: 7->7(32)
[2022-03-13T02:53:09.470+0800][56.410s] GC(63) Old regions: 185->185
[2022-03-13T02:53:09.470+0800][56.410s] GC(63) Archive regions: 0->0
[2022-03-13T02:53:09.470+0800][56.410s] GC(63) Humongous regions: 17->17
[2022-03-13T02:53:09.470+0800][56.410s] GC(63) Metaspace: 50416K(50688K)->50416K(50688K) NonClass: 44489K(44608K)->44489K(44608K) Class: 5926K(6080K)->5926K(6080K)
[2022-03-13T02:53:09.470+0800][56.410s] GC(63) Pause Young (Normal) (G1 Evacuation Pause) 452M->208M(512M) 2.318ms
[2022-03-13T02:53:09.470+0800][56.410s] GC(63) User=0.00s Sys=0.00s Real=0.00s
[2022-03-13T02:53:10.080+0800][57.020s] GC(64) Pause Young (Normal) (G1 Evacuation Pause)
[2022-03-13T02:53:10.080+0800][57.020s] GC(64) Using 8 workers of 8 for evacuation
[2022-03-13T02:53:10.083+0800][57.022s] GC(64)   Pre Evacuate Collection Set: 0.1ms
[2022-03-13T02:53:10.083+0800][57.022s] GC(64)   Merge Heap Roots: 0.1ms
[2022-03-13T02:53:10.083+0800][57.022s] GC(64)   Evacuate Collection Set: 1.5ms
[2022-03-13T02:53:10.083+0800][57.022s] GC(64)   Post Evacuate Collection Set: 0.3ms
[2022-03-13T02:53:10.083+0800][57.022s] GC(64)   Other: 0.2ms
[2022-03-13T02:53:10.083+0800][57.022s] GC(64) Eden regions: 244->0(243)
[2022-03-13T02:53:10.083+0800][57.022s] GC(64) Survivor regions: 7->7(32)
[2022-03-13T02:53:10.083+0800][57.022s] GC(64) Old regions: 185->186
[2022-03-13T02:53:10.083+0800][57.022s] GC(64) Archive regions: 0->0
[2022-03-13T02:53:10.083+0800][57.022s] GC(64) Humongous regions: 17->17
[2022-03-13T02:53:10.083+0800][57.022s] GC(64) Metaspace: 50416K(50688K)->50416K(50688K) NonClass: 44489K(44608K)->44489K(44608K) Class: 5926K(6080K)->5926K(6080K)
[2022-03-13T02:53:10.083+0800][57.022s] GC(64) Pause Young (Normal) (G1 Evacuation Pause) 452M->208M(512M) 2.340ms
[2022-03-13T02:53:10.083+0800][57.022s] GC(64) User=0.00s Sys=0.00s Real=0.00s
[2022-03-13T02:53:10.576+0800][57.516s] GC(65) Pause Young (Normal) (G1 Evacuation Pause)
[2022-03-13T02:53:10.576+0800][57.516s] GC(65) Using 8 workers of 8 for evacuation
[2022-03-13T02:53:10.578+0800][57.518s] GC(65)   Pre Evacuate Collection Set: 0.2ms
[2022-03-13T02:53:10.578+0800][57.518s] GC(65)   Merge Heap Roots: 0.1ms
[2022-03-13T02:53:10.578+0800][57.518s] GC(65)   Evacuate Collection Set: 1.1ms
[2022-03-13T02:53:10.578+0800][57.518s] GC(65)   Post Evacuate Collection Set: 0.5ms
[2022-03-13T02:53:10.578+0800][57.518s] GC(65)   Other: 0.1ms
[2022-03-13T02:53:10.578+0800][57.518s] GC(65) Eden regions: 243->0(243)
[2022-03-13T02:53:10.578+0800][57.518s] GC(65) Survivor regions: 7->7(32)
[2022-03-13T02:53:10.578+0800][57.518s] GC(65) Old regions: 186->186
[2022-03-13T02:53:10.578+0800][57.518s] GC(65) Archive regions: 0->0
[2022-03-13T02:53:10.578+0800][57.518s] GC(65) Humongous regions: 17->17
[2022-03-13T02:53:10.578+0800][57.518s] GC(65) Metaspace: 50416K(50688K)->50416K(50688K) NonClass: 44489K(44608K)->44489K(44608K) Class: 5926K(6080K)->5926K(6080K)
[2022-03-13T02:53:10.578+0800][57.518s] GC(65) Pause Young (Normal) (G1 Evacuation Pause) 451M->209M(512M) 2.091ms
[2022-03-13T02:53:10.578+0800][57.518s] GC(65) User=0.00s Sys=0.00s Real=0.00s
[2022-03-13T02:53:11.054+0800][57.993s] GC(66) Pause Young (Normal) (G1 Evacuation Pause)
[2022-03-13T02:53:11.054+0800][57.993s] GC(66) Using 8 workers of 8 for evacuation
[2022-03-13T02:53:11.055+0800][57.995s] GC(66)   Pre Evacuate Collection Set: 0.1ms
[2022-03-13T02:53:11.055+0800][57.995s] GC(66)   Merge Heap Roots: 0.1ms
[2022-03-13T02:53:11.055+0800][57.995s] GC(66)   Evacuate Collection Set: 1.0ms
[2022-03-13T02:53:11.055+0800][57.995s] GC(66)   Post Evacuate Collection Set: 0.4ms
[2022-03-13T02:53:11.055+0800][57.995s] GC(66)   Other: 0.1ms
[2022-03-13T02:53:11.055+0800][57.995s] GC(66) Eden regions: 243->0(242)
[2022-03-13T02:53:11.055+0800][57.995s] GC(66) Survivor regions: 7->7(32)
[2022-03-13T02:53:11.055+0800][57.995s] GC(66) Old regions: 186->187
[2022-03-13T02:53:11.055+0800][57.995s] GC(66) Archive regions: 0->0
[2022-03-13T02:53:11.056+0800][57.995s] GC(66) Humongous regions: 17->17
[2022-03-13T02:53:11.056+0800][57.995s] GC(66) Metaspace: 50416K(50688K)->50416K(50688K) NonClass: 44489K(44608K)->44489K(44608K) Class: 5926K(6080K)->5926K(6080K)
[2022-03-13T02:53:11.056+0800][57.995s] GC(66) Pause Young (Normal) (G1 Evacuation Pause) 452M->209M(512M) 1.869ms
[2022-03-13T02:53:11.056+0800][57.995s] GC(66) User=0.00s Sys=0.00s Real=0.00s
[2022-03-13T02:53:11.465+0800][58.414s] GC(67) Pause Young (Normal) (G1 Evacuation Pause)
[2022-03-13T02:53:11.465+0800][58.414s] GC(67) Using 8 workers of 8 for evacuation
[2022-03-13T02:53:11.465+0800][58.416s] GC(67)   Pre Evacuate Collection Set: 0.1ms
[2022-03-13T02:53:11.465+0800][58.417s] GC(67)   Merge Heap Roots: 0.1ms
[2022-03-13T02:53:11.465+0800][58.417s] GC(67)   Evacuate Collection Set: 1.4ms
[2022-03-13T02:53:11.465+0800][58.417s] GC(67)   Post Evacuate Collection Set: 0.5ms
[2022-03-13T02:53:11.465+0800][58.417s] GC(67)   Other: 0.1ms
[2022-03-13T02:53:11.465+0800][58.417s] GC(67) Eden regions: 242->0(242)
[2022-03-13T02:53:11.465+0800][58.417s] GC(67) Survivor regions: 7->7(32)
[2022-03-13T02:53:11.465+0800][58.417s] GC(67) Old regions: 187->187
[2022-03-13T02:53:11.465+0800][58.417s] GC(67) Archive regions: 0->0
[2022-03-13T02:53:11.465+0800][58.417s] GC(67) Humongous regions: 17->17
[2022-03-13T02:53:11.465+0800][58.417s] GC(67) Metaspace: 50416K(50688K)->50416K(50688K) NonClass: 44489K(44608K)->44489K(44608K) Class: 5926K(6080K)->5926K(6080K)
[2022-03-13T02:53:11.465+0800][58.417s] GC(67) Pause Young (Normal) (G1 Evacuation Pause) 451M->209M(512M) 2.426ms
[2022-03-13T02:53:11.465+0800][58.417s] GC(67) User=0.00s Sys=0.00s Real=0.00s
[2022-03-13T02:53:11.865+0800][58.808s] GC(68) Pause Young (Normal) (G1 Evacuation Pause)
[2022-03-13T02:53:11.865+0800][58.808s] GC(68) Using 8 workers of 8 for evacuation
[2022-03-13T02:53:11.865+0800][58.810s] GC(68)   Pre Evacuate Collection Set: 0.1ms
[2022-03-13T02:53:11.865+0800][58.810s] GC(68)   Merge Heap Roots: 0.1ms
[2022-03-13T02:53:11.865+0800][58.810s] GC(68)   Evacuate Collection Set: 1.2ms
[2022-03-13T02:53:11.865+0800][58.810s] GC(68)   Post Evacuate Collection Set: 0.4ms
[2022-03-13T02:53:11.865+0800][58.810s] GC(68)   Other: 0.1ms
[2022-03-13T02:53:11.865+0800][58.810s] GC(68) Eden regions: 242->0(242)
[2022-03-13T02:53:11.865+0800][58.810s] GC(68) Survivor regions: 7->7(32)
[2022-03-13T02:53:11.865+0800][58.810s] GC(68) Old regions: 187->187
[2022-03-13T02:53:11.865+0800][58.810s] GC(68) Archive regions: 0->0
[2022-03-13T02:53:11.865+0800][58.810s] GC(68) Humongous regions: 17->17
[2022-03-13T02:53:11.865+0800][58.810s] GC(68) Metaspace: 50416K(50688K)->50416K(50688K) NonClass: 44489K(44608K)->44489K(44608K) Class: 5926K(6080K)->5926K(6080K)
[2022-03-13T02:53:11.865+0800][58.810s] GC(68) Pause Young (Normal) (G1 Evacuation Pause) 451M->210M(512M) 2.072ms
[2022-03-13T02:53:11.865+0800][58.810s] GC(68) User=0.00s Sys=0.00s Real=0.00s
[2022-03-13T02:53:12.391+0800][59.331s] GC(69) Pause Young (Normal) (G1 Evacuation Pause)
[2022-03-13T02:53:12.391+0800][59.331s] GC(69) Using 8 workers of 8 for evacuation
[2022-03-13T02:53:12.393+0800][59.333s] GC(69)   Pre Evacuate Collection Set: 0.1ms
[2022-03-13T02:53:12.393+0800][59.333s] GC(69)   Merge Heap Roots: 0.1ms
[2022-03-13T02:53:12.393+0800][59.333s] GC(69)   Evacuate Collection Set: 1.1ms
[2022-03-13T02:53:12.393+0800][59.333s] GC(69)   Post Evacuate Collection Set: 0.4ms
[2022-03-13T02:53:12.393+0800][59.333s] GC(69)   Other: 0.1ms
[2022-03-13T02:53:12.393+0800][59.333s] GC(69) Eden regions: 242->0(241)
[2022-03-13T02:53:12.393+0800][59.333s] GC(69) Survivor regions: 7->7(32)
[2022-03-13T02:53:12.393+0800][59.333s] GC(69) Old regions: 187->188
[2022-03-13T02:53:12.393+0800][59.333s] GC(69) Archive regions: 0->0
[2022-03-13T02:53:12.393+0800][59.333s] GC(69) Humongous regions: 17->17
[2022-03-13T02:53:12.393+0800][59.333s] GC(69) Metaspace: 50416K(50688K)->50416K(50688K) NonClass: 44489K(44608K)->44489K(44608K) Class: 5926K(6080K)->5926K(6080K)
[2022-03-13T02:53:12.393+0800][59.333s] GC(69) Pause Young (Normal) (G1 Evacuation Pause) 452M->210M(512M) 2.029ms
[2022-03-13T02:53:12.393+0800][59.333s] GC(69) User=0.00s Sys=0.00s Real=0.00s
[2022-03-13T02:53:12.947+0800][59.894s] GC(70) Pause Young (Normal) (G1 Evacuation Pause)
[2022-03-13T02:53:12.947+0800][59.894s] GC(70) Using 8 workers of 8 for evacuation
[2022-03-13T02:53:12.947+0800][59.897s] GC(70)   Pre Evacuate Collection Set: 0.1ms
[2022-03-13T02:53:12.947+0800][59.897s] GC(70)   Merge Heap Roots: 0.1ms
[2022-03-13T02:53:12.947+0800][59.897s] GC(70)   Evacuate Collection Set: 1.5ms
[2022-03-13T02:53:12.947+0800][59.897s] GC(70)   Post Evacuate Collection Set: 0.4ms
[2022-03-13T02:53:12.947+0800][59.897s] GC(70)   Other: 0.1ms
[2022-03-13T02:53:12.947+0800][59.897s] GC(70) Eden regions: 241->0(241)
[2022-03-13T02:53:12.947+0800][59.897s] GC(70) Survivor regions: 7->7(31)
[2022-03-13T02:53:12.947+0800][59.897s] GC(70) Old regions: 188->188
[2022-03-13T02:53:12.947+0800][59.897s] GC(70) Archive regions: 0->0
[2022-03-13T02:53:12.947+0800][59.897s] GC(70) Humongous regions: 17->17
[2022-03-13T02:53:12.947+0800][59.897s] GC(70) Metaspace: 50416K(50688K)->50416K(50688K) NonClass: 44489K(44608K)->44489K(44608K) Class: 5926K(6080K)->5926K(6080K)
[2022-03-13T02:53:12.947+0800][59.897s] GC(70) Pause Young (Normal) (G1 Evacuation Pause) 451M->211M(512M) 2.331ms
[2022-03-13T02:53:12.947+0800][59.897s] GC(70) User=0.00s Sys=0.00s Real=0.00s
[2022-03-13T02:53:13.447+0800][60.401s] GC(71) Pause Young (Normal) (G1 Evacuation Pause)
[2022-03-13T02:53:13.447+0800][60.401s] GC(71) Using 8 workers of 8 for evacuation
[2022-03-13T02:53:13.463+0800][60.403s] GC(71)   Pre Evacuate Collection Set: 0.1ms
[2022-03-13T02:53:13.463+0800][60.403s] GC(71)   Merge Heap Roots: 0.1ms
[2022-03-13T02:53:13.464+0800][60.403s] GC(71)   Evacuate Collection Set: 1.4ms
[2022-03-13T02:53:13.464+0800][60.403s] GC(71)   Post Evacuate Collection Set: 0.3ms
[2022-03-13T02:53:13.464+0800][60.403s] GC(71)   Other: 0.2ms
[2022-03-13T02:53:13.464+0800][60.403s] GC(71) Eden regions: 241->0(241)
[2022-03-13T02:53:13.464+0800][60.403s] GC(71) Survivor regions: 7->7(31)
[2022-03-13T02:53:13.464+0800][60.403s] GC(71) Old regions: 188->188
[2022-03-13T02:53:13.464+0800][60.403s] GC(71) Archive regions: 0->0
[2022-03-13T02:53:13.464+0800][60.403s] GC(71) Humongous regions: 17->17
[2022-03-13T02:53:13.464+0800][60.403s] GC(71) Metaspace: 50416K(50688K)->50416K(50688K) NonClass: 44489K(44608K)->44489K(44608K) Class: 5926K(6080K)->5926K(6080K)
[2022-03-13T02:53:13.464+0800][60.403s] GC(71) Pause Young (Normal) (G1 Evacuation Pause) 452M->211M(512M) 2.244ms
[2022-03-13T02:53:13.464+0800][60.403s] GC(71) User=0.12s Sys=0.00s Real=0.02s
[2022-03-13T02:53:13.880+0800][60.827s] GC(72) Pause Young (Normal) (G1 Evacuation Pause)
[2022-03-13T02:53:13.880+0800][60.828s] GC(72) Using 8 workers of 8 for evacuation
[2022-03-13T02:53:13.889+0800][60.830s] GC(72)   Pre Evacuate Collection Set: 0.1ms
[2022-03-13T02:53:13.889+0800][60.830s] GC(72)   Merge Heap Roots: 0.1ms
[2022-03-13T02:53:13.889+0800][60.830s] GC(72)   Evacuate Collection Set: 1.3ms
[2022-03-13T02:53:13.889+0800][60.830s] GC(72)   Post Evacuate Collection Set: 0.5ms
[2022-03-13T02:53:13.889+0800][60.830s] GC(72)   Other: 0.3ms
[2022-03-13T02:53:13.889+0800][60.830s] GC(72) Eden regions: 241->0(241)
[2022-03-13T02:53:13.889+0800][60.830s] GC(72) Survivor regions: 7->7(31)
[2022-03-13T02:53:13.889+0800][60.830s] GC(72) Old regions: 188->188
[2022-03-13T02:53:13.889+0800][60.830s] GC(72) Archive regions: 0->0
[2022-03-13T02:53:13.889+0800][60.830s] GC(72) Humongous regions: 17->17
[2022-03-13T02:53:13.889+0800][60.830s] GC(72) Metaspace: 50417K(50688K)->50417K(50688K) NonClass: 44491K(44608K)->44491K(44608K) Class: 5926K(6080K)->5926K(6080K)
[2022-03-13T02:53:13.889+0800][60.830s] GC(72) Pause Young (Normal) (G1 Evacuation Pause) 452M->211M(512M) 2.391ms
[2022-03-13T02:53:13.889+0800][60.830s] GC(72) User=0.00s Sys=0.00s Real=0.01s
[2022-03-13T02:53:14.330+0800][61.282s] GC(73) Pause Young (Normal) (G1 Evacuation Pause)
[2022-03-13T02:53:14.330+0800][61.282s] GC(73) Using 8 workers of 8 for evacuation
[2022-03-13T02:53:14.330+0800][61.284s] GC(73)   Pre Evacuate Collection Set: 0.2ms
[2022-03-13T02:53:14.330+0800][61.284s] GC(73)   Merge Heap Roots: 0.1ms
[2022-03-13T02:53:14.330+0800][61.284s] GC(73)   Evacuate Collection Set: 1.2ms
[2022-03-13T02:53:14.330+0800][61.284s] GC(73)   Post Evacuate Collection Set: 0.5ms
[2022-03-13T02:53:14.330+0800][61.284s] GC(73)   Other: 0.1ms
[2022-03-13T02:53:14.330+0800][61.284s] GC(73) Eden regions: 241->0(240)
[2022-03-13T02:53:14.330+0800][61.284s] GC(73) Survivor regions: 7->7(31)
[2022-03-13T02:53:14.330+0800][61.284s] GC(73) Old regions: 188->189
[2022-03-13T02:53:14.330+0800][61.284s] GC(73) Archive regions: 0->0
[2022-03-13T02:53:14.330+0800][61.284s] GC(73) Humongous regions: 17->17
[2022-03-13T02:53:14.330+0800][61.284s] GC(73) Metaspace: 50417K(50688K)->50417K(50688K) NonClass: 44491K(44608K)->44491K(44608K) Class: 5926K(6080K)->5926K(6080K)
[2022-03-13T02:53:14.330+0800][61.284s] GC(73) Pause Young (Normal) (G1 Evacuation Pause) 452M->212M(512M) 2.257ms
[2022-03-13T02:53:14.330+0800][61.284s] GC(73) User=0.00s Sys=0.00s Real=0.00s
[2022-03-13T02:53:14.747+0800][61.702s] GC(74) Pause Young (Normal) (G1 Evacuation Pause)
[2022-03-13T02:53:14.747+0800][61.702s] GC(74) Using 8 workers of 8 for evacuation
[2022-03-13T02:53:14.764+0800][61.704s] GC(74)   Pre Evacuate Collection Set: 0.2ms
[2022-03-13T02:53:14.764+0800][61.704s] GC(74)   Merge Heap Roots: 0.1ms
[2022-03-13T02:53:14.764+0800][61.704s] GC(74)   Evacuate Collection Set: 1.6ms
[2022-03-13T02:53:14.764+0800][61.704s] GC(74)   Post Evacuate Collection Set: 0.3ms
[2022-03-13T02:53:14.764+0800][61.704s] GC(74)   Other: 0.1ms
[2022-03-13T02:53:14.764+0800][61.704s] GC(74) Eden regions: 240->0(238)
[2022-03-13T02:53:14.764+0800][61.704s] GC(74) Survivor regions: 7->8(31)
[2022-03-13T02:53:14.764+0800][61.704s] GC(74) Old regions: 189->189
[2022-03-13T02:53:14.764+0800][61.704s] GC(74) Archive regions: 0->0
[2022-03-13T02:53:14.765+0800][61.704s] GC(74) Humongous regions: 17->17
[2022-03-13T02:53:14.765+0800][61.704s] GC(74) Metaspace: 50417K(50688K)->50417K(50688K) NonClass: 44491K(44608K)->44491K(44608K) Class: 5926K(6080K)->5926K(6080K)
[2022-03-13T02:53:14.765+0800][61.704s] GC(74) Pause Young (Normal) (G1 Evacuation Pause) 452M->212M(512M) 2.467ms
[2022-03-13T02:53:14.765+0800][61.704s] GC(74) User=0.00s Sys=0.00s Real=0.02s
[2022-03-13T02:53:15.147+0800][62.101s] GC(75) Pause Young (Normal) (G1 Evacuation Pause)
[2022-03-13T02:53:15.147+0800][62.101s] GC(75) Using 8 workers of 8 for evacuation
[2022-03-13T02:53:15.163+0800][62.102s] GC(75)   Pre Evacuate Collection Set: 0.1ms
[2022-03-13T02:53:15.163+0800][62.102s] GC(75)   Merge Heap Roots: 0.1ms
[2022-03-13T02:53:15.163+0800][62.102s] GC(75)   Evacuate Collection Set: 1.1ms
[2022-03-13T02:53:15.163+0800][62.102s] GC(75)   Post Evacuate Collection Set: 0.3ms
[2022-03-13T02:53:15.163+0800][62.102s] GC(75)   Other: 0.1ms
[2022-03-13T02:53:15.163+0800][62.102s] GC(75) Eden regions: 238->0(240)
[2022-03-13T02:53:15.163+0800][62.102s] GC(75) Survivor regions: 8->7(31)
[2022-03-13T02:53:15.163+0800][62.102s] GC(75) Old regions: 189->189
[2022-03-13T02:53:15.163+0800][62.102s] GC(75) Archive regions: 0->0
[2022-03-13T02:53:15.163+0800][62.102s] GC(75) Humongous regions: 17->17
[2022-03-13T02:53:15.163+0800][62.102s] GC(75) Metaspace: 50417K(50688K)->50417K(50688K) NonClass: 44491K(44608K)->44491K(44608K) Class: 5926K(6080K)->5926K(6080K)
[2022-03-13T02:53:15.163+0800][62.103s] GC(75) Pause Young (Normal) (G1 Evacuation Pause) 450M->212M(512M) 1.865ms
[2022-03-13T02:53:15.163+0800][62.103s] GC(75) User=0.12s Sys=0.00s Real=0.02s
[2022-03-13T02:53:15.580+0800][62.523s] GC(76) Pause Young (Normal) (G1 Evacuation Pause)
[2022-03-13T02:53:15.580+0800][62.523s] GC(76) Using 8 workers of 8 for evacuation
[2022-03-13T02:53:15.585+0800][62.525s] GC(76)   Pre Evacuate Collection Set: 0.1ms
[2022-03-13T02:53:15.585+0800][62.525s] GC(76)   Merge Heap Roots: 0.1ms
[2022-03-13T02:53:15.585+0800][62.525s] GC(76)   Evacuate Collection Set: 1.2ms
[2022-03-13T02:53:15.585+0800][62.525s] GC(76)   Post Evacuate Collection Set: 0.3ms
[2022-03-13T02:53:15.585+0800][62.525s] GC(76)   Other: 0.1ms
[2022-03-13T02:53:15.585+0800][62.525s] GC(76) Eden regions: 240->0(238)
[2022-03-13T02:53:15.585+0800][62.525s] GC(76) Survivor regions: 7->8(31)
[2022-03-13T02:53:15.585+0800][62.525s] GC(76) Old regions: 189->189
[2022-03-13T02:53:15.585+0800][62.525s] GC(76) Archive regions: 0->0
[2022-03-13T02:53:15.585+0800][62.525s] GC(76) Humongous regions: 17->17
[2022-03-13T02:53:15.585+0800][62.525s] GC(76) Metaspace: 50417K(50688K)->50417K(50688K) NonClass: 44491K(44608K)->44491K(44608K) Class: 5926K(6080K)->5926K(6080K)
[2022-03-13T02:53:15.585+0800][62.525s] GC(76) Pause Young (Normal) (G1 Evacuation Pause) 452M->213M(512M) 1.994ms
[2022-03-13T02:53:15.585+0800][62.525s] GC(76) User=0.00s Sys=0.00s Real=0.01s
[2022-03-13T02:53:17.085+0800][64.029s] GC(77) Pause Young (Concurrent Start) (G1 Humongous Allocation)
[2022-03-13T02:53:17.085+0800][64.029s] GC(77) Using 8 workers of 8 for evacuation
[2022-03-13T02:53:17.119+0800][64.059s] GC(77)   Pre Evacuate Collection Set: 0.1ms
[2022-03-13T02:53:17.119+0800][64.059s] GC(77)   Merge Heap Roots: 0.1ms
[2022-03-13T02:53:17.119+0800][64.059s] GC(77)   Evacuate Collection Set: 28.4ms
[2022-03-13T02:53:17.119+0800][64.059s] GC(77)   Post Evacuate Collection Set: 0.6ms
[2022-03-13T02:53:17.119+0800][64.059s] GC(77)   Other: 0.3ms
[2022-03-13T02:53:17.119+0800][64.059s] GC(77) Eden regions: 166->0(177)
[2022-03-13T02:53:17.119+0800][64.059s] GC(77) Survivor regions: 8->31(31)
[2022-03-13T02:53:17.119+0800][64.059s] GC(77) Old regions: 189->192
[2022-03-13T02:53:17.119+0800][64.059s] GC(77) Archive regions: 0->0
[2022-03-13T02:53:17.119+0800][64.059s] GC(77) Humongous regions: 41->26
[2022-03-13T02:53:17.119+0800][64.059s] GC(77) Metaspace: 51000K(51328K)->51000K(51328K) NonClass: 45019K(45184K)->45019K(45184K) Class: 5980K(6144K)->5980K(6144K)
[2022-03-13T02:53:17.119+0800][64.059s] GC(77) Pause Young (Concurrent Start) (G1 Humongous Allocation) 403M->248M(512M) 29.821ms
[2022-03-13T02:53:17.120+0800][64.059s] GC(77) User=0.16s Sys=0.02s Real=0.03s
[2022-03-13T02:53:17.120+0800][64.059s] GC(78) Concurrent Undo Cycle
[2022-03-13T02:53:17.120+0800][64.059s] GC(78) Concurrent Cleanup for Next Mark
[2022-03-13T02:53:17.123+0800][64.062s] GC(78) Concurrent Cleanup for Next Mark 3.297ms
[2022-03-13T02:53:17.123+0800][64.062s] GC(78) Concurrent Undo Cycle 3.468ms
[2022-03-13T02:54:40.921+0800][147.860s] GC(79) Pause Young (Concurrent Start) (G1 Humongous Allocation)
[2022-03-13T02:54:40.921+0800][147.860s] GC(79) Using 8 workers of 8 for evacuation
[2022-03-13T02:54:40.965+0800][147.904s] GC(79)   Pre Evacuate Collection Set: 0.1ms
[2022-03-13T02:54:40.965+0800][147.904s] GC(79)   Merge Heap Roots: 0.3ms
[2022-03-13T02:54:40.965+0800][147.905s] GC(79)   Evacuate Collection Set: 43.4ms
[2022-03-13T02:54:40.965+0800][147.905s] GC(79)   Post Evacuate Collection Set: 0.4ms
[2022-03-13T02:54:40.965+0800][147.905s] GC(79)   Other: 0.2ms
[2022-03-13T02:54:40.965+0800][147.905s] GC(79) Eden regions: 140->0(96)
[2022-03-13T02:54:40.965+0800][147.905s] GC(79) Survivor regions: 31->26(26)
[2022-03-13T02:54:40.965+0800][147.905s] GC(79) Old regions: 192->253
[2022-03-13T02:54:40.965+0800][147.905s] GC(79) Archive regions: 0->0
[2022-03-13T02:54:40.965+0800][147.905s] GC(79) Humongous regions: 36->24
[2022-03-13T02:54:40.965+0800][147.905s] GC(79) Metaspace: 52828K(53184K)->52828K(53184K) NonClass: 46670K(46848K)->46670K(46848K) Class: 6158K(6336K)->6158K(6336K)
[2022-03-13T02:54:40.965+0800][147.905s] GC(79) Pause Young (Concurrent Start) (G1 Humongous Allocation) 397M->302M(512M) 44.631ms
[2022-03-13T02:54:40.965+0800][147.905s] GC(79) User=0.25s Sys=0.00s Real=0.04s
[2022-03-13T02:54:40.965+0800][147.905s] GC(80) Concurrent Mark Cycle
[2022-03-13T02:54:40.965+0800][147.905s] GC(80) Concurrent Clear Claimed Marks
[2022-03-13T02:54:40.965+0800][147.905s] GC(80) Concurrent Clear Claimed Marks 0.035ms
[2022-03-13T02:54:40.965+0800][147.905s] GC(80) Concurrent Scan Root Regions
[2022-03-13T02:54:41.004+0800][147.944s] GC(80) Concurrent Scan Root Regions 39.525ms
[2022-03-13T02:54:41.004+0800][147.944s] GC(80) Concurrent Mark
[2022-03-13T02:54:41.004+0800][147.944s] GC(80) Concurrent Mark From Roots
[2022-03-13T02:54:41.004+0800][147.944s] GC(80) Using 2 workers of 2 for marking
[2022-03-13T02:54:41.186+0800][148.126s] GC(81) Pause Young (Normal) (G1 Evacuation Pause)
[2022-03-13T02:54:41.187+0800][148.126s] GC(81) Using 8 workers of 8 for evacuation
[2022-03-13T02:54:41.232+0800][148.172s] GC(81)   Pre Evacuate Collection Set: 0.1ms
[2022-03-13T02:54:41.232+0800][148.172s] GC(81)   Merge Heap Roots: 0.2ms
[2022-03-13T02:54:41.232+0800][148.172s] GC(81)   Evacuate Collection Set: 45.1ms
[2022-03-13T02:54:41.232+0800][148.172s] GC(81)   Post Evacuate Collection Set: 0.3ms
[2022-03-13T02:54:41.232+0800][148.172s] GC(81)   Other: 0.2ms
[2022-03-13T02:54:41.232+0800][148.172s] GC(81) Eden regions: 96->0(44)
[2022-03-13T02:54:41.232+0800][148.172s] GC(81) Survivor regions: 26->16(16)
[2022-03-13T02:54:41.232+0800][148.172s] GC(81) Old regions: 253->320
[2022-03-13T02:54:41.232+0800][148.172s] GC(81) Archive regions: 0->0
[2022-03-13T02:54:41.232+0800][148.172s] GC(81) Humongous regions: 53->38
[2022-03-13T02:54:41.232+0800][148.172s] GC(81) Metaspace: 52828K(53184K)->52828K(53184K) NonClass: 46670K(46848K)->46670K(46848K) Class: 6158K(6336K)->6158K(6336K)
[2022-03-13T02:54:41.232+0800][148.172s] GC(81) Pause Young (Normal) (G1 Evacuation Pause) 427M->374M(512M) 45.970ms
[2022-03-13T02:54:41.233+0800][148.172s] GC(81) User=0.34s Sys=0.00s Real=0.05s
[2022-03-13T02:54:41.320+0800][148.260s] GC(80) Concurrent Mark From Roots 315.226ms
[2022-03-13T02:54:41.320+0800][148.260s] GC(80) Concurrent Preclean
[2022-03-13T02:54:41.320+0800][148.260s] GC(80) Concurrent Preclean 0.123ms
[2022-03-13T02:54:41.320+0800][148.260s] GC(80) Pause Remark
[2022-03-13T02:54:41.324+0800][148.263s] GC(80) Pause Remark 417M->409M(512M) 3.226ms
[2022-03-13T02:54:41.324+0800][148.263s] GC(80) User=0.00s Sys=0.00s Real=0.00s
[2022-03-13T02:54:41.324+0800][148.263s] GC(80) Concurrent Mark 318.892ms
[2022-03-13T02:54:41.324+0800][148.263s] GC(80) Concurrent Rebuild Remembered Sets
[2022-03-13T02:54:41.325+0800][148.265s] GC(82) Pause Young (Normal) (G1 Evacuation Pause)
[2022-03-13T02:54:41.325+0800][148.265s] GC(82) Using 8 workers of 8 for evacuation
[2022-03-13T02:54:41.350+0800][148.290s] GC(82)   Pre Evacuate Collection Set: 0.1ms
[2022-03-13T02:54:41.350+0800][148.290s] GC(82)   Merge Heap Roots: 0.2ms
[2022-03-13T02:54:41.350+0800][148.290s] GC(82)   Evacuate Collection Set: 24.5ms
[2022-03-13T02:54:41.350+0800][148.290s] GC(82)   Post Evacuate Collection Set: 0.3ms
[2022-03-13T02:54:41.350+0800][148.290s] GC(82)   Other: 0.1ms
[2022-03-13T02:54:41.350+0800][148.290s] GC(82) Eden regions: 44->0(31)
[2022-03-13T02:54:41.350+0800][148.290s] GC(82) Survivor regions: 16->8(8)
[2022-03-13T02:54:41.351+0800][148.290s] GC(82) Old regions: 315->350
[2022-03-13T02:54:41.351+0800][148.290s] GC(82) Archive regions: 0->0
[2022-03-13T02:54:41.351+0800][148.290s] GC(82) Humongous regions: 35->35
[2022-03-13T02:54:41.351+0800][148.290s] GC(82) Metaspace: 52828K(53184K)->52828K(53184K) NonClass: 46670K(46848K)->46670K(46848K) Class: 6158K(6336K)->6158K(6336K)
[2022-03-13T02:54:41.351+0800][148.290s] GC(82) Pause Young (Normal) (G1 Evacuation Pause) 410M->393M(512M) 25.531ms
[2022-03-13T02:54:41.351+0800][148.290s] GC(82) User=0.12s Sys=0.00s Real=0.03s
[2022-03-13T02:54:41.544+0800][148.484s] GC(80) Concurrent Rebuild Remembered Sets 220.316ms
[2022-03-13T02:54:41.544+0800][148.484s] GC(80) Pause Cleanup
[2022-03-13T02:54:41.545+0800][148.484s] GC(80) Pause Cleanup 394M->394M(512M) 0.162ms
[2022-03-13T02:54:41.545+0800][148.484s] GC(80) User=0.00s Sys=0.00s Real=0.00s
[2022-03-13T02:54:41.545+0800][148.484s] GC(80) Concurrent Cleanup for Next Mark
[2022-03-13T02:54:41.545+0800][148.484s] GC(80) Concurrent Cleanup for Next Mark 0.271ms
[2022-03-13T02:54:41.545+0800][148.484s] GC(80) Concurrent Mark Cycle 579.593ms
[2022-03-13T02:54:45.742+0800][152.682s] GC(83) Pause Young (Prepare Mixed) (G1 Evacuation Pause)
[2022-03-13T02:54:45.742+0800][152.682s] GC(83) Using 8 workers of 8 for evacuation
[2022-03-13T02:54:45.763+0800][152.703s] GC(83)   Pre Evacuate Collection Set: 0.1ms
[2022-03-13T02:54:45.763+0800][152.703s] GC(83)   Merge Heap Roots: 0.1ms
[2022-03-13T02:54:45.763+0800][152.703s] GC(83)   Evacuate Collection Set: 20.7ms
[2022-03-13T02:54:45.764+0800][152.703s] GC(83)   Post Evacuate Collection Set: 0.4ms
[2022-03-13T02:54:45.764+0800][152.703s] GC(83)   Other: 0.1ms
[2022-03-13T02:54:45.764+0800][152.703s] GC(83) Eden regions: 31->0(20)
[2022-03-13T02:54:45.764+0800][152.703s] GC(83) Survivor regions: 8->5(5)
[2022-03-13T02:54:45.764+0800][152.703s] GC(83) Old regions: 350->372
[2022-03-13T02:54:45.764+0800][152.703s] GC(83) Archive regions: 0->0
[2022-03-13T02:54:45.764+0800][152.703s] GC(83) Humongous regions: 59->44
[2022-03-13T02:54:45.764+0800][152.703s] GC(83) Metaspace: 53109K(53440K)->53109K(53440K) NonClass: 46924K(47104K)->46924K(47104K) Class: 6184K(6336K)->6184K(6336K)
[2022-03-13T02:54:45.764+0800][152.703s] GC(83) Pause Young (Prepare Mixed) (G1 Evacuation Pause) 448M->421M(512M) 21.496ms
[2022-03-13T02:54:45.764+0800][152.703s] GC(83) User=0.23s Sys=0.00s Real=0.02s
[2022-03-13T02:54:45.811+0800][152.751s] GC(84) Pause Young (Mixed) (G1 Evacuation Pause)
[2022-03-13T02:54:45.811+0800][152.751s] GC(84) Using 8 workers of 8 for evacuation
[2022-03-13T02:54:45.823+0800][152.763s] GC(84)   Pre Evacuate Collection Set: 0.1ms
[2022-03-13T02:54:45.823+0800][152.763s] GC(84)   Merge Heap Roots: 0.1ms
[2022-03-13T02:54:45.823+0800][152.763s] GC(84)   Evacuate Collection Set: 11.5ms
[2022-03-13T02:54:45.823+0800][152.763s] GC(84)   Post Evacuate Collection Set: 0.3ms
[2022-03-13T02:54:45.824+0800][152.763s] GC(84)   Other: 0.2ms
[2022-03-13T02:54:45.824+0800][152.763s] GC(84) Eden regions: 20->0(21)
[2022-03-13T02:54:45.824+0800][152.763s] GC(84) Survivor regions: 5->4(4)
[2022-03-13T02:54:45.824+0800][152.763s] GC(84) Old regions: 372->372
[2022-03-13T02:54:45.824+0800][152.763s] GC(84) Archive regions: 0->0
[2022-03-13T02:54:45.824+0800][152.763s] GC(84) Humongous regions: 46->46
[2022-03-13T02:54:45.824+0800][152.763s] GC(84) Metaspace: 53109K(53440K)->53109K(53440K) NonClass: 46924K(47104K)->46924K(47104K) Class: 6184K(6336K)->6184K(6336K)
[2022-03-13T02:54:45.824+0800][152.763s] GC(84) Pause Young (Mixed) (G1 Evacuation Pause) 443M->422M(512M) 12.592ms
[2022-03-13T02:54:45.824+0800][152.763s] GC(84) User=0.00s Sys=0.00s Real=0.01s
[2022-03-13T02:54:45.878+0800][152.817s] GC(85) Pause Young (Concurrent Start) (G1 Evacuation Pause)
[2022-03-13T02:54:45.878+0800][152.817s] GC(85) Using 8 workers of 8 for evacuation
[2022-03-13T02:54:45.891+0800][152.830s] GC(85)   Pre Evacuate Collection Set: 0.1ms
[2022-03-13T02:54:45.891+0800][152.830s] GC(85)   Merge Heap Roots: 0.1ms
[2022-03-13T02:54:45.891+0800][152.830s] GC(85)   Evacuate Collection Set: 12.6ms
[2022-03-13T02:54:45.891+0800][152.830s] GC(85)   Post Evacuate Collection Set: 0.3ms
[2022-03-13T02:54:45.891+0800][152.830s] GC(85)   Other: 0.2ms
[2022-03-13T02:54:45.891+0800][152.831s] GC(85) Eden regions: 21->0(21)
[2022-03-13T02:54:45.891+0800][152.831s] GC(85) Survivor regions: 4->4(4)
[2022-03-13T02:54:45.891+0800][152.831s] GC(85) Old regions: 372->386
[2022-03-13T02:54:45.891+0800][152.831s] GC(85) Archive regions: 0->0
[2022-03-13T02:54:45.891+0800][152.831s] GC(85) Humongous regions: 46->46
[2022-03-13T02:54:45.891+0800][152.831s] GC(85) Metaspace: 53109K(53440K)->53109K(53440K) NonClass: 46924K(47104K)->46924K(47104K) Class: 6184K(6336K)->6184K(6336K)
[2022-03-13T02:54:45.891+0800][152.831s] GC(85) Pause Young (Concurrent Start) (G1 Evacuation Pause) 443M->435M(512M) 13.577ms
[2022-03-13T02:54:45.891+0800][152.831s] GC(85) User=0.12s Sys=0.00s Real=0.01s
[2022-03-13T02:54:45.891+0800][152.831s] GC(86) Concurrent Mark Cycle
[2022-03-13T02:54:45.892+0800][152.831s] GC(86) Concurrent Clear Claimed Marks
[2022-03-13T02:54:45.892+0800][152.831s] GC(86) Concurrent Clear Claimed Marks 0.053ms
[2022-03-13T02:54:45.892+0800][152.831s] GC(86) Concurrent Scan Root Regions
[2022-03-13T02:54:45.901+0800][152.841s] GC(86) Concurrent Scan Root Regions 10.114ms
[2022-03-13T02:54:45.901+0800][152.841s] GC(86) Concurrent Mark
[2022-03-13T02:54:45.901+0800][152.841s] GC(86) Concurrent Mark From Roots
[2022-03-13T02:54:45.901+0800][152.841s] GC(86) Using 2 workers of 2 for marking
[2022-03-13T02:54:45.945+0800][152.884s] GC(87) Pause Young (Normal) (G1 Evacuation Pause)
[2022-03-13T02:54:45.945+0800][152.884s] GC(87) Using 8 workers of 8 for evacuation
[2022-03-13T02:54:45.956+0800][152.895s] GC(87)   Pre Evacuate Collection Set: 0.1ms
[2022-03-13T02:54:45.956+0800][152.895s] GC(87)   Merge Heap Roots: 0.2ms
[2022-03-13T02:54:45.956+0800][152.895s] GC(87)   Evacuate Collection Set: 9.9ms
[2022-03-13T02:54:45.956+0800][152.895s] GC(87)   Post Evacuate Collection Set: 0.3ms
[2022-03-13T02:54:45.956+0800][152.895s] GC(87)   Other: 0.2ms
[2022-03-13T02:54:45.956+0800][152.895s] GC(87) Eden regions: 21->0(21)
[2022-03-13T02:54:45.956+0800][152.895s] GC(87) Survivor regions: 4->4(4)
[2022-03-13T02:54:45.956+0800][152.895s] GC(87) Old regions: 386->399
[2022-03-13T02:54:45.956+0800][152.895s] GC(87) Archive regions: 0->0
[2022-03-13T02:54:45.956+0800][152.895s] GC(87) Humongous regions: 46->46
[2022-03-13T02:54:45.956+0800][152.895s] GC(87) Metaspace: 53109K(53440K)->53109K(53440K) NonClass: 46924K(47104K)->46924K(47104K) Class: 6184K(6336K)->6184K(6336K)
[2022-03-13T02:54:45.956+0800][152.895s] GC(87) Pause Young (Normal) (G1 Evacuation Pause) 456M->448M(512M) 10.889ms
[2022-03-13T02:54:45.956+0800][152.895s] GC(87) User=0.12s Sys=0.00s Real=0.01s
[2022-03-13T02:54:46.013+0800][152.952s] GC(88) Pause Young (Normal) (G1 Evacuation Pause)
[2022-03-13T02:54:46.013+0800][152.952s] GC(88) Using 8 workers of 8 for evacuation
[2022-03-13T02:54:46.027+0800][152.966s] GC(88)   Pre Evacuate Collection Set: 0.1ms
[2022-03-13T02:54:46.027+0800][152.966s] GC(88)   Merge Heap Roots: 0.2ms
[2022-03-13T02:54:46.027+0800][152.966s] GC(88)   Evacuate Collection Set: 13.0ms
[2022-03-13T02:54:46.027+0800][152.966s] GC(88)   Post Evacuate Collection Set: 0.4ms
[2022-03-13T02:54:46.027+0800][152.966s] GC(88)   Other: 0.2ms
[2022-03-13T02:54:46.027+0800][152.966s] GC(88) Eden regions: 21->0(21)
[2022-03-13T02:54:46.027+0800][152.966s] GC(88) Survivor regions: 4->4(4)
[2022-03-13T02:54:46.027+0800][152.967s] GC(88) Old regions: 399->412
[2022-03-13T02:54:46.027+0800][152.967s] GC(88) Archive regions: 0->0
[2022-03-13T02:54:46.027+0800][152.967s] GC(88) Humongous regions: 49->49
[2022-03-13T02:54:46.027+0800][152.967s] GC(88) Metaspace: 53109K(53440K)->53109K(53440K) NonClass: 46924K(47104K)->46924K(47104K) Class: 6184K(6336K)->6184K(6336K)
[2022-03-13T02:54:46.027+0800][152.967s] GC(88) Pause Young (Normal) (G1 Evacuation Pause) 472M->464M(512M) 14.189ms
[2022-03-13T02:54:46.027+0800][152.967s] GC(88) User=0.00s Sys=0.00s Real=0.01s
[2022-03-13T02:54:46.071+0800][153.010s] GC(89) Pause Young (Normal) (G1 Evacuation Pause)
[2022-03-13T02:54:46.071+0800][153.011s] GC(89) Using 8 workers of 8 for evacuation
[2022-03-13T02:54:46.084+0800][153.024s] GC(89)   Pre Evacuate Collection Set: 0.1ms
[2022-03-13T02:54:46.084+0800][153.024s] GC(89)   Merge Heap Roots: 0.2ms
[2022-03-13T02:54:46.084+0800][153.024s] GC(89)   Evacuate Collection Set: 12.7ms
[2022-03-13T02:54:46.084+0800][153.024s] GC(89)   Post Evacuate Collection Set: 0.3ms
[2022-03-13T02:54:46.084+0800][153.024s] GC(89)   Other: 0.2ms
[2022-03-13T02:54:46.084+0800][153.024s] GC(89) Eden regions: 21->0(21)
[2022-03-13T02:54:46.084+0800][153.024s] GC(89) Survivor regions: 4->4(4)
[2022-03-13T02:54:46.084+0800][153.024s] GC(89) Old regions: 412->425
[2022-03-13T02:54:46.084+0800][153.024s] GC(89) Archive regions: 0->0
[2022-03-13T02:54:46.084+0800][153.024s] GC(89) Humongous regions: 49->49
[2022-03-13T02:54:46.084+0800][153.024s] GC(89) Metaspace: 53109K(53440K)->53109K(53440K) NonClass: 46924K(47104K)->46924K(47104K) Class: 6184K(6336K)->6184K(6336K)
[2022-03-13T02:54:46.085+0800][153.024s] GC(89) Pause Young (Normal) (G1 Evacuation Pause) 485M->477M(512M) 13.681ms
[2022-03-13T02:54:46.085+0800][153.024s] GC(89) User=0.09s Sys=0.00s Real=0.01s
[2022-03-13T02:54:46.546+0800][153.486s] GC(86) Concurrent Mark From Roots 644.727ms
[2022-03-13T02:54:46.546+0800][153.486s] GC(86) Concurrent Preclean
[2022-03-13T02:54:46.547+0800][153.487s] GC(86) Concurrent Preclean 0.647ms
[2022-03-13T02:54:46.547+0800][153.487s] GC(86) Pause Remark
[2022-03-13T02:54:46.554+0800][153.493s] GC(86) Pause Remark 485M->473M(512M) 6.024ms
[2022-03-13T02:54:46.554+0800][153.493s] GC(86) User=0.00s Sys=0.00s Real=0.01s
[2022-03-13T02:54:46.554+0800][153.493s] GC(86) Concurrent Mark 651.859ms
[2022-03-13T02:54:46.554+0800][153.493s] GC(86) Concurrent Rebuild Remembered Sets
[2022-03-13T02:54:46.869+0800][153.809s] GC(86) Concurrent Rebuild Remembered Sets 315.583ms
[2022-03-13T02:54:46.869+0800][153.809s] GC(86) Pause Cleanup
[2022-03-13T02:54:46.870+0800][153.809s] GC(86) Pause Cleanup 473M->473M(512M) 0.189ms
[2022-03-13T02:54:46.870+0800][153.809s] GC(86) User=0.00s Sys=0.00s Real=0.00s
[2022-03-13T02:54:46.870+0800][153.809s] GC(86) Concurrent Cleanup for Next Mark
[2022-03-13T02:54:46.870+0800][153.809s] GC(86) Concurrent Cleanup for Next Mark 0.321ms
[2022-03-13T02:54:46.870+0800][153.810s] GC(86) Concurrent Mark Cycle 978.710ms
[2022-03-13T02:55:00.873+0800][167.812s] GC(90) Pause Young (Prepare Mixed) (G1 Evacuation Pause)
[2022-03-13T02:55:00.873+0800][167.812s] GC(90) Using 8 workers of 8 for evacuation
[2022-03-13T02:55:00.882+0800][167.821s] GC(90)   Pre Evacuate Collection Set: 0.1ms
[2022-03-13T02:55:00.882+0800][167.821s] GC(90)   Merge Heap Roots: 0.2ms
[2022-03-13T02:55:00.882+0800][167.821s] GC(90)   Evacuate Collection Set: 8.4ms
[2022-03-13T02:55:00.882+0800][167.821s] GC(90)   Post Evacuate Collection Set: 0.3ms
[2022-03-13T02:55:00.882+0800][167.821s] GC(90)   Other: 0.2ms
[2022-03-13T02:55:00.882+0800][167.821s] GC(90) Eden regions: 21->0(21)
[2022-03-13T02:55:00.882+0800][167.821s] GC(90) Survivor regions: 4->4(4)
[2022-03-13T02:55:00.882+0800][167.821s] GC(90) Old regions: 425->431
[2022-03-13T02:55:00.882+0800][167.821s] GC(90) Archive regions: 0->0
[2022-03-13T02:55:00.882+0800][167.821s] GC(90) Humongous regions: 37->37
[2022-03-13T02:55:00.882+0800][167.821s] GC(90) Metaspace: 53079K(53440K)->53079K(53440K) NonClass: 46909K(47104K)->46909K(47104K) Class: 6170K(6336K)->6170K(6336K)
[2022-03-13T02:55:00.882+0800][167.821s] GC(90) Pause Young (Prepare Mixed) (G1 Evacuation Pause) 486M->471M(512M) 9.274ms
[2022-03-13T02:55:00.882+0800][167.821s] GC(90) User=0.00s Sys=0.00s Real=0.01s
[2022-03-13T02:55:01.219+0800][168.158s] GC(91) Pause Young (Mixed) (G1 Preventive Collection)
[2022-03-13T02:55:01.219+0800][168.159s] GC(91) Using 8 workers of 8 for evacuation
[2022-03-13T02:55:01.228+0800][168.168s] GC(91)   Pre Evacuate Collection Set: 0.1ms
[2022-03-13T02:55:01.228+0800][168.168s] GC(91)   Merge Heap Roots: 0.1ms
[2022-03-13T02:55:01.228+0800][168.168s] GC(91)   Evacuate Collection Set: 8.8ms
[2022-03-13T02:55:01.228+0800][168.168s] GC(91)   Post Evacuate Collection Set: 0.2ms
[2022-03-13T02:55:01.228+0800][168.168s] GC(91)   Other: 0.2ms
[2022-03-13T02:55:01.229+0800][168.168s] GC(91) Eden regions: 21->0(24)
[2022-03-13T02:55:01.229+0800][168.168s] GC(91) Survivor regions: 4->1(4)
[2022-03-13T02:55:01.229+0800][168.168s] GC(91) Old regions: 431->417
[2022-03-13T02:55:01.229+0800][168.168s] GC(91) Archive regions: 0->0
[2022-03-13T02:55:01.229+0800][168.168s] GC(91) Humongous regions: 37->37
[2022-03-13T02:55:01.229+0800][168.168s] GC(91) Metaspace: 53085K(53440K)->53085K(53440K) NonClass: 46915K(47104K)->46915K(47104K) Class: 6170K(6336K)->6170K(6336K)
[2022-03-13T02:55:01.229+0800][168.168s] GC(91) Pause Young (Mixed) (G1 Preventive Collection) 492M->454M(512M) 9.652ms
[2022-03-13T02:55:01.229+0800][168.168s] GC(91) User=0.00s Sys=0.00s Real=0.01s
[2022-03-13T02:55:01.645+0800][168.585s] GC(92) Pause Young (Concurrent Start) (G1 Evacuation Pause)
[2022-03-13T02:55:01.645+0800][168.585s] GC(92) Using 8 workers of 8 for evacuation
[2022-03-13T02:55:01.647+0800][168.586s] GC(92)   Pre Evacuate Collection Set: 0.1ms
[2022-03-13T02:55:01.647+0800][168.586s] GC(92)   Merge Heap Roots: 0.1ms
[2022-03-13T02:55:01.647+0800][168.586s] GC(92)   Evacuate Collection Set: 0.6ms
[2022-03-13T02:55:01.647+0800][168.586s] GC(92)   Post Evacuate Collection Set: 0.3ms
[2022-03-13T02:55:01.647+0800][168.586s] GC(92)   Other: 0.2ms
[2022-03-13T02:55:01.647+0800][168.586s] GC(92) Eden regions: 24->0(24)
[2022-03-13T02:55:01.647+0800][168.586s] GC(92) Survivor regions: 1->1(4)
[2022-03-13T02:55:01.647+0800][168.586s] GC(92) Old regions: 417->417
[2022-03-13T02:55:01.647+0800][168.586s] GC(92) Archive regions: 0->0
[2022-03-13T02:55:01.647+0800][168.586s] GC(92) Humongous regions: 37->37
[2022-03-13T02:55:01.647+0800][168.586s] GC(92) Metaspace: 53102K(53440K)->53102K(53440K) NonClass: 46931K(47104K)->46931K(47104K) Class: 6170K(6336K)->6170K(6336K)
[2022-03-13T02:55:01.647+0800][168.586s] GC(92) Pause Young (Concurrent Start) (G1 Evacuation Pause) 478M->453M(512M) 1.489ms
[2022-03-13T02:55:01.647+0800][168.587s] GC(92) User=0.00s Sys=0.00s Real=0.00s
[2022-03-13T02:55:01.647+0800][168.587s] GC(93) Concurrent Mark Cycle
[2022-03-13T02:55:01.647+0800][168.587s] GC(93) Concurrent Clear Claimed Marks
[2022-03-13T02:55:01.647+0800][168.587s] GC(93) Concurrent Clear Claimed Marks 0.031ms
[2022-03-13T02:55:01.647+0800][168.587s] GC(93) Concurrent Scan Root Regions
[2022-03-13T02:55:01.647+0800][168.588s] GC(93) Concurrent Scan Root Regions 0.868ms
[2022-03-13T02:55:01.647+0800][168.588s] GC(93) Concurrent Mark
[2022-03-13T02:55:01.647+0800][168.588s] GC(93) Concurrent Mark From Roots
[2022-03-13T02:55:01.647+0800][168.588s] GC(93) Using 2 workers of 2 for marking
[2022-03-13T02:55:02.120+0800][169.060s] GC(94) Pause Young (Normal) (G1 Evacuation Pause)
[2022-03-13T02:55:02.120+0800][169.060s] GC(94) Using 8 workers of 8 for evacuation
[2022-03-13T02:55:02.122+0800][169.061s] GC(94)   Pre Evacuate Collection Set: 0.1ms
[2022-03-13T02:55:02.122+0800][169.061s] GC(94)   Merge Heap Roots: 0.0ms
[2022-03-13T02:55:02.122+0800][169.061s] GC(94)   Evacuate Collection Set: 0.7ms
[2022-03-13T02:55:02.122+0800][169.061s] GC(94)   Post Evacuate Collection Set: 0.4ms
[2022-03-13T02:55:02.122+0800][169.061s] GC(94)   Other: 0.1ms
[2022-03-13T02:55:02.122+0800][169.061s] GC(94) Eden regions: 24->0(24)
[2022-03-13T02:55:02.122+0800][169.061s] GC(94) Survivor regions: 1->1(4)
[2022-03-13T02:55:02.122+0800][169.061s] GC(94) Old regions: 417->417
[2022-03-13T02:55:02.122+0800][169.061s] GC(94) Archive regions: 0->0
[2022-03-13T02:55:02.122+0800][169.061s] GC(94) Humongous regions: 37->37
[2022-03-13T02:55:02.122+0800][169.061s] GC(94) Metaspace: 53124K(53504K)->53124K(53504K) NonClass: 46953K(47168K)->46953K(47168K) Class: 6170K(6336K)->6170K(6336K)
[2022-03-13T02:55:02.122+0800][169.061s] GC(94) Pause Young (Normal) (G1 Evacuation Pause) 477M->453M(512M) 1.540ms
[2022-03-13T02:55:02.122+0800][169.061s] GC(94) User=0.11s Sys=0.00s Real=0.00s
[2022-03-13T02:55:02.459+0800][169.399s] GC(93) Concurrent Mark From Roots 811.535ms
[2022-03-13T02:55:02.459+0800][169.399s] GC(93) Concurrent Preclean
[2022-03-13T02:55:02.460+0800][169.399s] GC(93) Concurrent Preclean 0.211ms
[2022-03-13T02:55:02.460+0800][169.400s] GC(93) Pause Remark
[2022-03-13T02:55:02.463+0800][169.402s] GC(93) Pause Remark 470M->460M(512M) 2.611ms
[2022-03-13T02:55:02.463+0800][169.402s] GC(93) User=0.00s Sys=0.00s Real=0.00s
[2022-03-13T02:55:02.463+0800][169.402s] GC(93) Concurrent Mark 814.752ms
[2022-03-13T02:55:02.463+0800][169.402s] GC(93) Concurrent Rebuild Remembered Sets
[2022-03-13T02:55:02.601+0800][169.540s] GC(95) Pause Young (Normal) (G1 Evacuation Pause)
[2022-03-13T02:55:02.601+0800][169.540s] GC(95) Using 8 workers of 8 for evacuation
[2022-03-13T02:55:02.601+0800][169.541s] GC(95)   Pre Evacuate Collection Set: 0.1ms
[2022-03-13T02:55:02.602+0800][169.541s] GC(95)   Merge Heap Roots: 0.0ms
[2022-03-13T02:55:02.602+0800][169.541s] GC(95)   Evacuate Collection Set: 0.2ms
[2022-03-13T02:55:02.602+0800][169.541s] GC(95)   Post Evacuate Collection Set: 0.2ms
[2022-03-13T02:55:02.602+0800][169.541s] GC(95)   Other: 0.2ms
[2022-03-13T02:55:02.602+0800][169.541s] GC(95) Eden regions: 24->0(24)
[2022-03-13T02:55:02.602+0800][169.541s] GC(95) Survivor regions: 1->1(4)
[2022-03-13T02:55:02.602+0800][169.541s] GC(95) Old regions: 417->417
[2022-03-13T02:55:02.602+0800][169.541s] GC(95) Archive regions: 0->0
[2022-03-13T02:55:02.602+0800][169.541s] GC(95) Humongous regions: 27->27
[2022-03-13T02:55:02.602+0800][169.541s] GC(95) Metaspace: 53150K(53504K)->53150K(53504K) NonClass: 46980K(47168K)->46980K(47168K) Class: 6170K(6336K)->6170K(6336K)
[2022-03-13T02:55:02.602+0800][169.541s] GC(95) Pause Young (Normal) (G1 Evacuation Pause) 467M->443M(512M) 0.891ms
[2022-03-13T02:55:02.602+0800][169.541s] GC(95) User=0.00s Sys=0.00s Real=0.00s
[2022-03-13T02:55:02.804+0800][169.744s] GC(93) Concurrent Rebuild Remembered Sets 341.449ms
[2022-03-13T02:55:02.804+0800][169.744s] GC(93) Pause Cleanup
[2022-03-13T02:55:02.804+0800][169.744s] GC(93) Pause Cleanup 457M->457M(512M) 0.380ms
[2022-03-13T02:55:02.804+0800][169.745s] GC(93) User=0.00s Sys=0.00s Real=0.00s
[2022-03-13T02:55:02.804+0800][169.745s] GC(93) Concurrent Cleanup for Next Mark
[2022-03-13T02:55:02.805+0800][169.745s] GC(93) Concurrent Cleanup for Next Mark 0.305ms
[2022-03-13T02:55:02.805+0800][169.745s] GC(93) Concurrent Mark Cycle 1158.350ms
[2022-03-13T02:55:02.985+0800][169.925s] GC(96) Pause Young (Prepare Mixed) (G1 Evacuation Pause)
[2022-03-13T02:55:02.985+0800][169.925s] GC(96) Using 8 workers of 8 for evacuation
[2022-03-13T02:55:02.986+0800][169.926s] GC(96)   Pre Evacuate Collection Set: 0.1ms
[2022-03-13T02:55:02.986+0800][169.926s] GC(96)   Merge Heap Roots: 0.1ms
[2022-03-13T02:55:02.987+0800][169.926s] GC(96)   Evacuate Collection Set: 0.4ms
[2022-03-13T02:55:02.987+0800][169.926s] GC(96)   Post Evacuate Collection Set: 0.5ms
[2022-03-13T02:55:02.987+0800][169.926s] GC(96)   Other: 0.2ms
[2022-03-13T02:55:02.987+0800][169.926s] GC(96) Eden regions: 24->0(24)
[2022-03-13T02:55:02.987+0800][169.926s] GC(96) Survivor regions: 1->1(4)
[2022-03-13T02:55:02.987+0800][169.926s] GC(96) Old regions: 417->417
[2022-03-13T02:55:02.987+0800][169.926s] GC(96) Archive regions: 0->0
[2022-03-13T02:55:02.987+0800][169.926s] GC(96) Humongous regions: 27->27
[2022-03-13T02:55:02.987+0800][169.926s] GC(96) Metaspace: 53152K(53504K)->53152K(53504K) NonClass: 46982K(47168K)->46982K(47168K) Class: 6170K(6336K)->6170K(6336K)
[2022-03-13T02:55:02.987+0800][169.926s] GC(96) Pause Young (Prepare Mixed) (G1 Evacuation Pause) 467M->443M(512M) 1.467ms
[2022-03-13T02:55:02.987+0800][169.926s] GC(96) User=0.00s Sys=0.00s Real=0.00s
[2022-03-13T02:55:03.313+0800][170.253s] GC(97) Pause Young (Mixed) (G1 Evacuation Pause)
[2022-03-13T02:55:03.313+0800][170.253s] GC(97) Using 8 workers of 8 for evacuation
[2022-03-13T02:55:03.317+0800][170.256s] GC(97)   Pre Evacuate Collection Set: 0.1ms
[2022-03-13T02:55:03.317+0800][170.256s] GC(97)   Merge Heap Roots: 0.1ms
[2022-03-13T02:55:03.317+0800][170.256s] GC(97)   Evacuate Collection Set: 1.9ms
[2022-03-13T02:55:03.317+0800][170.256s] GC(97)   Post Evacuate Collection Set: 0.4ms
[2022-03-13T02:55:03.317+0800][170.256s] GC(97)   Other: 0.1ms
[2022-03-13T02:55:03.317+0800][170.256s] GC(97) Eden regions: 24->0(24)
[2022-03-13T02:55:03.317+0800][170.256s] GC(97) Survivor regions: 1->1(4)
[2022-03-13T02:55:03.317+0800][170.256s] GC(97) Old regions: 417->411
[2022-03-13T02:55:03.317+0800][170.256s] GC(97) Archive regions: 0->0
[2022-03-13T02:55:03.317+0800][170.256s] GC(97) Humongous regions: 27->27
[2022-03-13T02:55:03.317+0800][170.256s] GC(97) Metaspace: 53157K(53504K)->53157K(53504K) NonClass: 46986K(47168K)->46986K(47168K) Class: 6170K(6336K)->6170K(6336K)
[2022-03-13T02:55:03.317+0800][170.256s] GC(97) Pause Young (Mixed) (G1 Evacuation Pause) 467M->437M(512M) 2.869ms
[2022-03-13T02:55:03.317+0800][170.256s] GC(97) User=0.00s Sys=0.00s Real=0.00s
[2022-03-13T02:55:03.618+0800][170.558s] GC(98) Pause Young (Concurrent Start) (G1 Evacuation Pause)
[2022-03-13T02:55:03.618+0800][170.558s] GC(98) Using 8 workers of 8 for evacuation
[2022-03-13T02:55:03.620+0800][170.560s] GC(98)   Pre Evacuate Collection Set: 0.1ms
[2022-03-13T02:55:03.620+0800][170.560s] GC(98)   Merge Heap Roots: 0.1ms
[2022-03-13T02:55:03.620+0800][170.560s] GC(98)   Evacuate Collection Set: 0.5ms
[2022-03-13T02:55:03.620+0800][170.560s] GC(98)   Post Evacuate Collection Set: 0.5ms
[2022-03-13T02:55:03.620+0800][170.560s] GC(98)   Other: 0.2ms
[2022-03-13T02:55:03.620+0800][170.560s] GC(98) Eden regions: 24->0(24)
[2022-03-13T02:55:03.620+0800][170.560s] GC(98) Survivor regions: 1->1(4)
[2022-03-13T02:55:03.620+0800][170.560s] GC(98) Old regions: 411->411
[2022-03-13T02:55:03.620+0800][170.560s] GC(98) Archive regions: 0->0
[2022-03-13T02:55:03.620+0800][170.560s] GC(98) Humongous regions: 27->27
[2022-03-13T02:55:03.620+0800][170.560s] GC(98) Metaspace: 53160K(53504K)->53160K(53504K) NonClass: 46989K(47168K)->46989K(47168K) Class: 6170K(6336K)->6170K(6336K)
[2022-03-13T02:55:03.620+0800][170.560s] GC(98) Pause Young (Concurrent Start) (G1 Evacuation Pause) 461M->437M(512M) 1.672ms
[2022-03-13T02:55:03.620+0800][170.560s] GC(98) User=0.00s Sys=0.00s Real=0.00s
[2022-03-13T02:55:03.620+0800][170.560s] GC(99) Concurrent Mark Cycle
[2022-03-13T02:55:03.620+0800][170.560s] GC(99) Concurrent Clear Claimed Marks
[2022-03-13T02:55:03.620+0800][170.560s] GC(99) Concurrent Clear Claimed Marks 0.040ms
[2022-03-13T02:55:03.620+0800][170.560s] GC(99) Concurrent Scan Root Regions
[2022-03-13T02:55:03.622+0800][170.561s] GC(99) Concurrent Scan Root Regions 0.907ms
[2022-03-13T02:55:03.622+0800][170.561s] GC(99) Concurrent Mark
[2022-03-13T02:55:03.622+0800][170.561s] GC(99) Concurrent Mark From Roots
[2022-03-13T02:55:03.622+0800][170.561s] GC(99) Using 2 workers of 2 for marking
[2022-03-13T02:55:04.030+0800][170.970s] GC(100) Pause Young (Normal) (G1 Evacuation Pause)
[2022-03-13T02:55:04.030+0800][170.970s] GC(100) Using 8 workers of 8 for evacuation
[2022-03-13T02:55:04.031+0800][170.971s] GC(100)   Pre Evacuate Collection Set: 0.1ms
[2022-03-13T02:55:04.031+0800][170.971s] GC(100)   Merge Heap Roots: 0.1ms
[2022-03-13T02:55:04.031+0800][170.971s] GC(100)   Evacuate Collection Set: 0.6ms
[2022-03-13T02:55:04.031+0800][170.971s] GC(100)   Post Evacuate Collection Set: 0.2ms
[2022-03-13T02:55:04.031+0800][170.971s] GC(100)   Other: 0.1ms
[2022-03-13T02:55:04.031+0800][170.971s] GC(100) Eden regions: 24->0(24)
[2022-03-13T02:55:04.031+0800][170.971s] GC(100) Survivor regions: 1->1(4)
[2022-03-13T02:55:04.031+0800][170.971s] GC(100) Old regions: 411->411
[2022-03-13T02:55:04.031+0800][170.971s] GC(100) Archive regions: 0->0
[2022-03-13T02:55:04.031+0800][170.971s] GC(100) Humongous regions: 27->27
[2022-03-13T02:55:04.032+0800][170.971s] GC(100) Metaspace: 53160K(53504K)->53160K(53504K) NonClass: 46989K(47168K)->46989K(47168K) Class: 6170K(6336K)->6170K(6336K)
[2022-03-13T02:55:04.032+0800][170.971s] GC(100) Pause Young (Normal) (G1 Evacuation Pause) 461M->437M(512M) 1.184ms
[2022-03-13T02:55:04.032+0800][170.971s] GC(100) User=0.00s Sys=0.00s Real=0.00s
[2022-03-13T02:55:04.317+0800][171.256s] GC(99) Concurrent Mark From Roots 694.713ms
[2022-03-13T02:55:04.317+0800][171.256s] GC(99) Concurrent Preclean
[2022-03-13T02:55:04.317+0800][171.256s] GC(99) Concurrent Preclean 0.291ms
[2022-03-13T02:55:04.317+0800][171.257s] GC(99) Pause Remark
[2022-03-13T02:55:04.321+0800][171.260s] GC(99) Pause Remark 440M->440M(512M) 3.439ms
[2022-03-13T02:55:04.321+0800][171.260s] GC(99) User=0.00s Sys=0.00s Real=0.00s
[2022-03-13T02:55:04.321+0800][171.260s] GC(99) Concurrent Mark 698.805ms
[2022-03-13T02:55:04.321+0800][171.260s] GC(99) Concurrent Rebuild Remembered Sets
[2022-03-13T02:55:04.645+0800][171.585s] GC(99) Concurrent Rebuild Remembered Sets 324.680ms
[2022-03-13T02:55:04.646+0800][171.585s] GC(99) Pause Cleanup
[2022-03-13T02:55:04.646+0800][171.585s] GC(99) Pause Cleanup 440M->440M(512M) 0.278ms
[2022-03-13T02:55:04.646+0800][171.585s] GC(99) User=0.00s Sys=0.00s Real=0.00s
[2022-03-13T02:55:04.646+0800][171.585s] GC(99) Concurrent Cleanup for Next Mark
[2022-03-13T02:55:04.646+0800][171.586s] GC(99) Concurrent Cleanup for Next Mark 0.295ms
[2022-03-13T02:55:04.646+0800][171.586s] GC(99) Concurrent Mark Cycle 1025.522ms
[2022-03-13T02:55:05.773+0800][172.713s] GC(101) Pause Young (Prepare Mixed) (G1 Evacuation Pause)
[2022-03-13T02:55:05.773+0800][172.713s] GC(101) Using 8 workers of 8 for evacuation
[2022-03-13T02:55:05.774+0800][172.714s] GC(101)   Pre Evacuate Collection Set: 0.1ms
[2022-03-13T02:55:05.774+0800][172.714s] GC(101)   Merge Heap Roots: 0.0ms
[2022-03-13T02:55:05.774+0800][172.714s] GC(101)   Evacuate Collection Set: 0.6ms
[2022-03-13T02:55:05.774+0800][172.714s] GC(101)   Post Evacuate Collection Set: 0.3ms
[2022-03-13T02:55:05.774+0800][172.714s] GC(101)   Other: 0.3ms
[2022-03-13T02:55:05.775+0800][172.714s] GC(101) Eden regions: 24->0(24)
[2022-03-13T02:55:05.775+0800][172.714s] GC(101) Survivor regions: 1->1(4)
[2022-03-13T02:55:05.775+0800][172.714s] GC(101) Old regions: 411->411
[2022-03-13T02:55:05.775+0800][172.714s] GC(101) Archive regions: 0->0
[2022-03-13T02:55:05.775+0800][172.714s] GC(101) Humongous regions: 27->27
[2022-03-13T02:55:05.775+0800][172.714s] GC(101) Metaspace: 53174K(53504K)->53174K(53504K) NonClass: 47003K(47168K)->47003K(47168K) Class: 6171K(6336K)->6171K(6336K)
[2022-03-13T02:55:05.775+0800][172.714s] GC(101) Pause Young (Prepare Mixed) (G1 Evacuation Pause) 461M->437M(512M) 1.571ms
[2022-03-13T02:55:05.775+0800][172.714s] GC(101) User=0.00s Sys=0.00s Real=0.00s
[2022-03-13T02:55:06.208+0800][173.148s] GC(102) Pause Young (Mixed) (G1 Evacuation Pause)
[2022-03-13T02:55:06.208+0800][173.148s] GC(102) Using 8 workers of 8 for evacuation
[2022-03-13T02:55:06.210+0800][173.150s] GC(102)   Pre Evacuate Collection Set: 0.2ms
[2022-03-13T02:55:06.210+0800][173.150s] GC(102)   Merge Heap Roots: 0.1ms
[2022-03-13T02:55:06.210+0800][173.150s] GC(102)   Evacuate Collection Set: 1.6ms
[2022-03-13T02:55:06.210+0800][173.150s] GC(102)   Post Evacuate Collection Set: 0.5ms
[2022-03-13T02:55:06.210+0800][173.150s] GC(102)   Other: 0.1ms
[2022-03-13T02:55:06.210+0800][173.150s] GC(102) Eden regions: 24->0(24)
[2022-03-13T02:55:06.210+0800][173.150s] GC(102) Survivor regions: 1->1(4)
[2022-03-13T02:55:06.210+0800][173.150s] GC(102) Old regions: 411->405
[2022-03-13T02:55:06.210+0800][173.150s] GC(102) Archive regions: 0->0
[2022-03-13T02:55:06.210+0800][173.150s] GC(102) Humongous regions: 27->27
[2022-03-13T02:55:06.210+0800][173.150s] GC(102) Metaspace: 53193K(53504K)->53193K(53504K) NonClass: 47022K(47168K)->47022K(47168K) Class: 6171K(6336K)->6171K(6336K)
[2022-03-13T02:55:06.210+0800][173.151s] GC(102) Pause Young (Mixed) (G1 Evacuation Pause) 461M->431M(512M) 2.632ms
[2022-03-13T02:55:06.210+0800][173.151s] GC(102) User=0.00s Sys=0.00s Real=0.00s
[2022-03-13T02:55:07.350+0800][174.289s] GC(103) Pause Young (Concurrent Start) (G1 Evacuation Pause)
[2022-03-13T02:55:07.350+0800][174.289s] GC(103) Using 8 workers of 8 for evacuation
[2022-03-13T02:55:07.351+0800][174.291s] GC(103)   Pre Evacuate Collection Set: 0.1ms
[2022-03-13T02:55:07.351+0800][174.291s] GC(103)   Merge Heap Roots: 0.1ms
[2022-03-13T02:55:07.351+0800][174.291s] GC(103)   Evacuate Collection Set: 0.9ms
[2022-03-13T02:55:07.351+0800][174.291s] GC(103)   Post Evacuate Collection Set: 0.5ms
[2022-03-13T02:55:07.351+0800][174.291s] GC(103)   Other: 0.2ms
[2022-03-13T02:55:07.351+0800][174.291s] GC(103) Eden regions: 24->0(24)
[2022-03-13T02:55:07.351+0800][174.291s] GC(103) Survivor regions: 1->1(4)
[2022-03-13T02:55:07.351+0800][174.291s] GC(103) Old regions: 405->405
[2022-03-13T02:55:07.351+0800][174.291s] GC(103) Archive regions: 0->0
[2022-03-13T02:55:07.351+0800][174.291s] GC(103) Humongous regions: 27->27
[2022-03-13T02:55:07.351+0800][174.291s] GC(103) Metaspace: 53195K(53504K)->53195K(53504K) NonClass: 47024K(47168K)->47024K(47168K) Class: 6171K(6336K)->6171K(6336K)
[2022-03-13T02:55:07.351+0800][174.291s] GC(103) Pause Young (Concurrent Start) (G1 Evacuation Pause) 455M->431M(512M) 2.023ms
[2022-03-13T02:55:07.351+0800][174.291s] GC(103) User=0.00s Sys=0.00s Real=0.00s
[2022-03-13T02:55:07.351+0800][174.291s] GC(104) Concurrent Mark Cycle
[2022-03-13T02:55:07.351+0800][174.291s] GC(104) Concurrent Clear Claimed Marks
[2022-03-13T02:55:07.351+0800][174.291s] GC(104) Concurrent Clear Claimed Marks 0.029ms
[2022-03-13T02:55:07.351+0800][174.291s] GC(104) Concurrent Scan Root Regions
[2022-03-13T02:55:07.353+0800][174.293s] GC(104) Concurrent Scan Root Regions 1.255ms
[2022-03-13T02:55:07.353+0800][174.293s] GC(104) Concurrent Mark
[2022-03-13T02:55:07.353+0800][174.293s] GC(104) Concurrent Mark From Roots
[2022-03-13T02:55:07.353+0800][174.293s] GC(104) Using 2 workers of 2 for marking
[2022-03-13T02:55:07.721+0800][174.660s] GC(105) Pause Young (Normal) (G1 Evacuation Pause)
[2022-03-13T02:55:07.721+0800][174.660s] GC(105) Using 8 workers of 8 for evacuation
[2022-03-13T02:55:07.722+0800][174.662s] GC(105)   Pre Evacuate Collection Set: 0.1ms
[2022-03-13T02:55:07.722+0800][174.662s] GC(105)   Merge Heap Roots: 0.1ms
[2022-03-13T02:55:07.722+0800][174.662s] GC(105)   Evacuate Collection Set: 0.8ms
[2022-03-13T02:55:07.722+0800][174.662s] GC(105)   Post Evacuate Collection Set: 0.3ms
[2022-03-13T02:55:07.722+0800][174.662s] GC(105)   Other: 0.2ms
[2022-03-13T02:55:07.722+0800][174.662s] GC(105) Eden regions: 24->0(24)
[2022-03-13T02:55:07.722+0800][174.662s] GC(105) Survivor regions: 1->1(4)
[2022-03-13T02:55:07.722+0800][174.662s] GC(105) Old regions: 405->405
[2022-03-13T02:55:07.722+0800][174.662s] GC(105) Archive regions: 0->0
[2022-03-13T02:55:07.722+0800][174.662s] GC(105) Humongous regions: 27->27
[2022-03-13T02:55:07.722+0800][174.662s] GC(105) Metaspace: 53197K(53504K)->53197K(53504K) NonClass: 47025K(47168K)->47025K(47168K) Class: 6171K(6336K)->6171K(6336K)
[2022-03-13T02:55:07.722+0800][174.662s] GC(105) Pause Young (Normal) (G1 Evacuation Pause) 455M->431M(512M) 1.703ms
[2022-03-13T02:55:07.722+0800][174.662s] GC(105) User=0.00s Sys=0.00s Real=0.00s
[2022-03-13T02:55:07.984+0800][174.924s] GC(104) Concurrent Mark From Roots 631.693ms
[2022-03-13T02:55:07.984+0800][174.925s] GC(104) Concurrent Preclean
[2022-03-13T02:55:07.985+0800][174.925s] GC(104) Concurrent Preclean 0.140ms
[2022-03-13T02:55:07.985+0800][174.925s] GC(104) Pause Remark
[2022-03-13T02:55:07.988+0800][174.927s] GC(104) Pause Remark 449M->449M(512M) 2.643ms
[2022-03-13T02:55:07.988+0800][174.928s] GC(104) User=0.00s Sys=0.00s Real=0.00s
[2022-03-13T02:55:07.988+0800][174.928s] GC(104) Concurrent Mark 634.779ms
[2022-03-13T02:55:07.988+0800][174.928s] GC(104) Concurrent Rebuild Remembered Sets
[2022-03-13T02:55:08.101+0800][175.040s] GC(106) Pause Young (Normal) (G1 Evacuation Pause)
[2022-03-13T02:55:08.101+0800][175.040s] GC(106) Using 8 workers of 8 for evacuation
[2022-03-13T02:55:08.102+0800][175.041s] GC(106)   Pre Evacuate Collection Set: 0.1ms
[2022-03-13T02:55:08.102+0800][175.042s] GC(106)   Merge Heap Roots: 0.1ms
[2022-03-13T02:55:08.102+0800][175.042s] GC(106)   Evacuate Collection Set: 0.5ms
[2022-03-13T02:55:08.102+0800][175.042s] GC(106)   Post Evacuate Collection Set: 0.4ms
[2022-03-13T02:55:08.102+0800][175.042s] GC(106)   Other: 0.2ms
[2022-03-13T02:55:08.102+0800][175.042s] GC(106) Eden regions: 24->0(24)
[2022-03-13T02:55:08.102+0800][175.042s] GC(106) Survivor regions: 1->1(4)
[2022-03-13T02:55:08.102+0800][175.042s] GC(106) Old regions: 405->405
[2022-03-13T02:55:08.102+0800][175.042s] GC(106) Archive regions: 0->0
[2022-03-13T02:55:08.102+0800][175.042s] GC(106) Humongous regions: 27->27
[2022-03-13T02:55:08.102+0800][175.042s] GC(106) Metaspace: 53200K(53504K)->53200K(53504K) NonClass: 47029K(47168K)->47029K(47168K) Class: 6171K(6336K)->6171K(6336K)
[2022-03-13T02:55:08.102+0800][175.042s] GC(106) Pause Young (Normal) (G1 Evacuation Pause) 455M->431M(512M) 1.578ms
[2022-03-13T02:55:08.102+0800][175.042s] GC(106) User=0.00s Sys=0.00s Real=0.00s
[2022-03-13T02:55:08.340+0800][175.280s] GC(104) Concurrent Rebuild Remembered Sets 352.325ms
[2022-03-13T02:55:08.341+0800][175.280s] GC(104) Pause Cleanup
[2022-03-13T02:55:08.341+0800][175.280s] GC(104) Pause Cleanup 445M->445M(512M) 0.190ms
[2022-03-13T02:55:08.341+0800][175.280s] GC(104) User=0.00s Sys=0.00s Real=0.00s
[2022-03-13T02:55:08.341+0800][175.280s] GC(104) Concurrent Cleanup for Next Mark
[2022-03-13T02:55:08.341+0800][175.281s] GC(104) Concurrent Cleanup for Next Mark 0.258ms
[2022-03-13T02:55:08.341+0800][175.281s] GC(104) Concurrent Mark Cycle 989.224ms
[2022-03-13T02:55:08.527+0800][175.467s] GC(107) Pause Young (Prepare Mixed) (G1 Evacuation Pause)
[2022-03-13T02:55:08.528+0800][175.467s] GC(107) Using 8 workers of 8 for evacuation
[2022-03-13T02:55:08.529+0800][175.469s] GC(107)   Pre Evacuate Collection Set: 0.2ms
[2022-03-13T02:55:08.529+0800][175.469s] GC(107)   Merge Heap Roots: 0.1ms
[2022-03-13T02:55:08.529+0800][175.469s] GC(107)   Evacuate Collection Set: 0.6ms
[2022-03-13T02:55:08.529+0800][175.469s] GC(107)   Post Evacuate Collection Set: 0.6ms
[2022-03-13T02:55:08.529+0800][175.469s] GC(107)   Other: 0.2ms
[2022-03-13T02:55:08.529+0800][175.469s] GC(107) Eden regions: 24->0(24)
[2022-03-13T02:55:08.529+0800][175.469s] GC(107) Survivor regions: 1->1(4)
[2022-03-13T02:55:08.529+0800][175.469s] GC(107) Old regions: 405->405
[2022-03-13T02:55:08.529+0800][175.469s] GC(107) Archive regions: 0->0
[2022-03-13T02:55:08.529+0800][175.469s] GC(107) Humongous regions: 27->27
[2022-03-13T02:55:08.529+0800][175.469s] GC(107) Metaspace: 53217K(53504K)->53217K(53504K) NonClass: 47046K(47168K)->47046K(47168K) Class: 6171K(6336K)->6171K(6336K)
[2022-03-13T02:55:08.529+0800][175.469s] GC(107) Pause Young (Prepare Mixed) (G1 Evacuation Pause) 455M->431M(512M) 1.876ms
[2022-03-13T02:55:08.529+0800][175.469s] GC(107) User=0.03s Sys=0.00s Real=0.00s
[2022-03-13T02:55:08.903+0800][175.843s] GC(108) Pause Young (Mixed) (G1 Evacuation Pause)
[2022-03-13T02:55:08.903+0800][175.843s] GC(108) Using 8 workers of 8 for evacuation
[2022-03-13T02:55:08.907+0800][175.846s] GC(108)   Pre Evacuate Collection Set: 0.1ms
[2022-03-13T02:55:08.907+0800][175.846s] GC(108)   Merge Heap Roots: 0.1ms
[2022-03-13T02:55:08.907+0800][175.846s] GC(108)   Evacuate Collection Set: 2.2ms
[2022-03-13T02:55:08.907+0800][175.846s] GC(108)   Post Evacuate Collection Set: 0.5ms
[2022-03-13T02:55:08.907+0800][175.846s] GC(108)   Other: 0.2ms
[2022-03-13T02:55:08.907+0800][175.846s] GC(108) Eden regions: 24->0(27)
[2022-03-13T02:55:08.907+0800][175.846s] GC(108) Survivor regions: 1->1(4)
[2022-03-13T02:55:08.907+0800][175.846s] GC(108) Old regions: 405->401
[2022-03-13T02:55:08.907+0800][175.846s] GC(108) Archive regions: 0->0
[2022-03-13T02:55:08.907+0800][175.846s] GC(108) Humongous regions: 27->27
[2022-03-13T02:55:08.907+0800][175.846s] GC(108) Metaspace: 53217K(53504K)->53217K(53504K) NonClass: 47046K(47168K)->47046K(47168K) Class: 6171K(6336K)->6171K(6336K)
[2022-03-13T02:55:08.907+0800][175.846s] GC(108) Pause Young (Mixed) (G1 Evacuation Pause) 455M->428M(512M) 3.199ms
[2022-03-13T02:55:08.907+0800][175.846s] GC(108) User=0.00s Sys=0.00s Real=0.00s
[2022-03-13T02:55:09.301+0800][176.241s] GC(109) Pause Young (Concurrent Start) (G1 Evacuation Pause)
[2022-03-13T02:55:09.301+0800][176.241s] GC(109) Using 8 workers of 8 for evacuation
[2022-03-13T02:55:09.303+0800][176.242s] GC(109)   Pre Evacuate Collection Set: 0.1ms
[2022-03-13T02:55:09.303+0800][176.242s] GC(109)   Merge Heap Roots: 0.1ms
[2022-03-13T02:55:09.303+0800][176.242s] GC(109)   Evacuate Collection Set: 0.6ms
[2022-03-13T02:55:09.303+0800][176.242s] GC(109)   Post Evacuate Collection Set: 0.5ms
[2022-03-13T02:55:09.303+0800][176.242s] GC(109)   Other: 0.2ms
[2022-03-13T02:55:09.303+0800][176.243s] GC(109) Eden regions: 27->0(27)
[2022-03-13T02:55:09.303+0800][176.243s] GC(109) Survivor regions: 1->1(4)
[2022-03-13T02:55:09.303+0800][176.243s] GC(109) Old regions: 401->401
[2022-03-13T02:55:09.303+0800][176.243s] GC(109) Archive regions: 0->0
[2022-03-13T02:55:09.303+0800][176.243s] GC(109) Humongous regions: 27->27
[2022-03-13T02:55:09.303+0800][176.243s] GC(109) Metaspace: 53217K(53504K)->53217K(53504K) NonClass: 47046K(47168K)->47046K(47168K) Class: 6171K(6336K)->6171K(6336K)
[2022-03-13T02:55:09.303+0800][176.243s] GC(109) Pause Young (Concurrent Start) (G1 Evacuation Pause) 455M->428M(512M) 1.930ms
[2022-03-13T02:55:09.303+0800][176.243s] GC(109) User=0.00s Sys=0.00s Real=0.00s
[2022-03-13T02:55:09.303+0800][176.243s] GC(110) Concurrent Mark Cycle
[2022-03-13T02:55:09.303+0800][176.243s] GC(110) Concurrent Clear Claimed Marks
[2022-03-13T02:55:09.303+0800][176.243s] GC(110) Concurrent Clear Claimed Marks 0.037ms
[2022-03-13T02:55:09.303+0800][176.243s] GC(110) Concurrent Scan Root Regions
[2022-03-13T02:55:09.304+0800][176.244s] GC(110) Concurrent Scan Root Regions 1.194ms
[2022-03-13T02:55:09.304+0800][176.244s] GC(110) Concurrent Mark
[2022-03-13T02:55:09.304+0800][176.244s] GC(110) Concurrent Mark From Roots
[2022-03-13T02:55:09.304+0800][176.244s] GC(110) Using 2 workers of 2 for marking
[2022-03-13T02:55:09.851+0800][176.791s] GC(110) Concurrent Mark From Roots 546.782ms
[2022-03-13T02:55:09.851+0800][176.791s] GC(110) Concurrent Preclean
[2022-03-13T02:55:09.851+0800][176.791s] GC(110) Concurrent Preclean 0.190ms
[2022-03-13T02:55:09.852+0800][176.792s] GC(110) Pause Remark
[2022-03-13T02:55:09.854+0800][176.794s] GC(110) Pause Remark 435M->435M(512M) 2.250ms
[2022-03-13T02:55:09.854+0800][176.794s] GC(110) User=0.00s Sys=0.00s Real=0.00s
[2022-03-13T02:55:09.855+0800][176.794s] GC(110) Concurrent Mark 549.496ms
[2022-03-13T02:55:09.855+0800][176.794s] GC(110) Concurrent Rebuild Remembered Sets
[2022-03-13T02:55:10.081+0800][177.021s] GC(110) Concurrent Rebuild Remembered Sets 227.101ms
[2022-03-13T02:55:10.082+0800][177.021s] GC(110) Pause Cleanup
[2022-03-13T02:55:10.082+0800][177.021s] GC(110) Pause Cleanup 435M->435M(512M) 0.235ms
[2022-03-13T02:55:10.082+0800][177.021s] GC(110) User=0.00s Sys=0.00s Real=0.00s
[2022-03-13T02:55:10.082+0800][177.021s] GC(110) Concurrent Cleanup for Next Mark
[2022-03-13T02:55:10.082+0800][177.022s] GC(110) Concurrent Cleanup for Next Mark 0.288ms
[2022-03-13T02:55:10.082+0800][177.022s] GC(110) Concurrent Mark Cycle 778.844ms
[2022-03-13T03:10:19.693+0800][1086.633s] GC(111) Pause Young (Prepare Mixed) (G1 Humongous Allocation)
[2022-03-13T03:10:19.693+0800][1086.633s] GC(111) Using 8 workers of 8 for evacuation
[2022-03-13T03:10:19.695+0800][1086.635s] GC(111)   Pre Evacuate Collection Set: 0.2ms
[2022-03-13T03:10:19.695+0800][1086.635s] GC(111)   Merge Heap Roots: 0.2ms
[2022-03-13T03:10:19.695+0800][1086.635s] GC(111)   Evacuate Collection Set: 1.2ms
[2022-03-13T03:10:19.695+0800][1086.635s] GC(111)   Post Evacuate Collection Set: 0.7ms
[2022-03-13T03:10:19.695+0800][1086.635s] GC(111)   Other: 0.3ms
[2022-03-13T03:10:19.695+0800][1086.635s] GC(111) Eden regions: 19->0(24)
[2022-03-13T03:10:19.695+0800][1086.635s] GC(111) Survivor regions: 1->1(4)
[2022-03-13T03:10:19.695+0800][1086.635s] GC(111) Old regions: 401->401
[2022-03-13T03:10:19.695+0800][1086.635s] GC(111) Archive regions: 0->0
[2022-03-13T03:10:19.695+0800][1086.635s] GC(111) Humongous regions: 27->27
[2022-03-13T03:10:19.695+0800][1086.635s] GC(111) Metaspace: 53269K(53632K)->53269K(53632K) NonClass: 47096K(47296K)->47096K(47296K) Class: 6172K(6336K)->6172K(6336K)
[2022-03-13T03:10:19.695+0800][1086.635s] GC(111) Pause Young (Prepare Mixed) (G1 Humongous Allocation) 446M->428M(512M) 2.909ms
[2022-03-13T03:10:19.695+0800][1086.635s] GC(111) User=0.00s Sys=0.00s Real=0.00s
[2022-03-13T03:10:19.743+0800][1086.683s] GC(112) Pause Young (Mixed) (G1 Evacuation Pause)
[2022-03-13T03:10:19.743+0800][1086.683s] GC(112) Using 8 workers of 8 for evacuation
[2022-03-13T03:10:19.755+0800][1086.694s] GC(112)   Pre Evacuate Collection Set: 0.1ms
[2022-03-13T03:10:19.755+0800][1086.694s] GC(112)   Merge Heap Roots: 0.1ms
[2022-03-13T03:10:19.755+0800][1086.694s] GC(112)   Evacuate Collection Set: 10.4ms
[2022-03-13T03:10:19.755+0800][1086.694s] GC(112)   Post Evacuate Collection Set: 0.4ms
[2022-03-13T03:10:19.755+0800][1086.694s] GC(112)   Other: 0.2ms
[2022-03-13T03:10:19.755+0800][1086.694s] GC(112) Eden regions: 24->0(21)
[2022-03-13T03:10:19.755+0800][1086.694s] GC(112) Survivor regions: 1->4(4)
[2022-03-13T03:10:19.755+0800][1086.694s] GC(112) Old regions: 401->409
[2022-03-13T03:10:19.755+0800][1086.694s] GC(112) Archive regions: 0->0
[2022-03-13T03:10:19.755+0800][1086.694s] GC(112) Humongous regions: 51->36
[2022-03-13T03:10:19.755+0800][1086.694s] GC(112) Metaspace: 53269K(53632K)->53269K(53632K) NonClass: 47096K(47296K)->47096K(47296K) Class: 6172K(6336K)->6172K(6336K)
[2022-03-13T03:10:19.755+0800][1086.694s] GC(112) Pause Young (Mixed) (G1 Evacuation Pause) 476M->448M(512M) 11.345ms
[2022-03-13T03:10:19.755+0800][1086.694s] GC(112) User=0.12s Sys=0.00s Real=0.01s
[2022-03-13T03:10:19.775+0800][1086.715s] GC(113) Pause Young (Concurrent Start) (G1 Evacuation Pause)
[2022-03-13T03:10:19.775+0800][1086.715s] GC(113) Using 8 workers of 8 for evacuation
[2022-03-13T03:10:19.786+0800][1086.726s] GC(113)   Pre Evacuate Collection Set: 0.1ms
[2022-03-13T03:10:19.786+0800][1086.726s] GC(113)   Merge Heap Roots: 0.1ms
[2022-03-13T03:10:19.786+0800][1086.726s] GC(113)   Evacuate Collection Set: 9.8ms
[2022-03-13T03:10:19.786+0800][1086.726s] GC(113)   Post Evacuate Collection Set: 0.2ms
[2022-03-13T03:10:19.786+0800][1086.726s] GC(113)   Other: 0.2ms
[2022-03-13T03:10:19.786+0800][1086.726s] GC(113) Eden regions: 21->0(21)
[2022-03-13T03:10:19.786+0800][1086.726s] GC(113) Survivor regions: 4->4(4)
[2022-03-13T03:10:19.786+0800][1086.726s] GC(113) Old regions: 409->421
[2022-03-13T03:10:19.786+0800][1086.726s] GC(113) Archive regions: 0->0
[2022-03-13T03:10:19.786+0800][1086.726s] GC(113) Humongous regions: 36->36
[2022-03-13T03:10:19.786+0800][1086.726s] GC(113) Metaspace: 53269K(53632K)->53269K(53632K) NonClass: 47096K(47296K)->47096K(47296K) Class: 6172K(6336K)->6172K(6336K)
[2022-03-13T03:10:19.786+0800][1086.726s] GC(113) Pause Young (Concurrent Start) (G1 Evacuation Pause) 469M->461M(512M) 10.611ms
[2022-03-13T03:10:19.786+0800][1086.726s] GC(113) User=0.11s Sys=0.00s Real=0.01s
[2022-03-13T03:10:19.786+0800][1086.726s] GC(114) Concurrent Mark Cycle
[2022-03-13T03:10:19.786+0800][1086.726s] GC(114) Concurrent Clear Claimed Marks
[2022-03-13T03:10:19.786+0800][1086.726s] GC(114) Concurrent Clear Claimed Marks 0.030ms
[2022-03-13T03:10:19.786+0800][1086.726s] GC(114) Concurrent Scan Root Regions
[2022-03-13T03:10:19.790+0800][1086.730s] GC(114) Concurrent Scan Root Regions 3.659ms
[2022-03-13T03:10:19.790+0800][1086.730s] GC(114) Concurrent Mark
[2022-03-13T03:10:19.790+0800][1086.730s] GC(114) Concurrent Mark From Roots
[2022-03-13T03:10:19.790+0800][1086.730s] GC(114) Using 2 workers of 2 for marking
[2022-03-13T03:10:19.813+0800][1086.752s] GC(115) Pause Young (Normal) (G1 Evacuation Pause)
[2022-03-13T03:10:19.813+0800][1086.752s] GC(115) Using 8 workers of 8 for evacuation
[2022-03-13T03:10:19.824+0800][1086.763s] GC(115)   Pre Evacuate Collection Set: 0.1ms
[2022-03-13T03:10:19.824+0800][1086.763s] GC(115)   Merge Heap Roots: 0.1ms
[2022-03-13T03:10:19.824+0800][1086.763s] GC(115)   Evacuate Collection Set: 10.5ms
[2022-03-13T03:10:19.824+0800][1086.763s] GC(115)   Post Evacuate Collection Set: 0.2ms
[2022-03-13T03:10:19.824+0800][1086.763s] GC(115)   Other: 0.1ms
[2022-03-13T03:10:19.824+0800][1086.763s] GC(115) Eden regions: 21->0(21)
[2022-03-13T03:10:19.824+0800][1086.763s] GC(115) Survivor regions: 4->4(4)
[2022-03-13T03:10:19.824+0800][1086.763s] GC(115) Old regions: 421->434
[2022-03-13T03:10:19.824+0800][1086.763s] GC(115) Archive regions: 0->0
[2022-03-13T03:10:19.824+0800][1086.763s] GC(115) Humongous regions: 38->38
[2022-03-13T03:10:19.824+0800][1086.763s] GC(115) Metaspace: 53269K(53632K)->53269K(53632K) NonClass: 47096K(47296K)->47096K(47296K) Class: 6172K(6336K)->6172K(6336K)
[2022-03-13T03:10:19.824+0800][1086.764s] GC(115) Pause Young (Normal) (G1 Evacuation Pause) 484M->475M(512M) 11.199ms
[2022-03-13T03:10:19.824+0800][1086.764s] GC(115) User=0.00s Sys=0.00s Real=0.01s
[2022-03-13T03:10:19.861+0800][1086.800s] GC(116) Pause Young (Normal) (G1 Preventive Collection)
[2022-03-13T03:10:19.861+0800][1086.800s] GC(116) Using 8 workers of 8 for evacuation
[2022-03-13T03:10:19.879+0800][1086.818s] GC(116) To-space exhausted
[2022-03-13T03:10:19.879+0800][1086.818s] GC(116)   Pre Evacuate Collection Set: 0.2ms
[2022-03-13T03:10:19.879+0800][1086.818s] GC(116)   Merge Heap Roots: 0.2ms
[2022-03-13T03:10:19.879+0800][1086.818s] GC(116)   Evacuate Collection Set: 15.0ms
[2022-03-13T03:10:19.879+0800][1086.818s] GC(116)   Post Evacuate Collection Set: 2.7ms
[2022-03-13T03:10:19.879+0800][1086.818s] GC(116)   Other: 0.2ms
[2022-03-13T03:10:19.879+0800][1086.818s] GC(116) Eden regions: 20->0(21)
[2022-03-13T03:10:19.879+0800][1086.818s] GC(116) Survivor regions: 4->4(4)
[2022-03-13T03:10:19.879+0800][1086.819s] GC(116) Old regions: 434->466
[2022-03-13T03:10:19.879+0800][1086.819s] GC(116) Archive regions: 0->0
[2022-03-13T03:10:19.879+0800][1086.819s] GC(116) Humongous regions: 38->38
[2022-03-13T03:10:19.879+0800][1086.819s] GC(116) Metaspace: 53269K(53632K)->53269K(53632K) NonClass: 47096K(47296K)->47096K(47296K) Class: 6172K(6336K)->6172K(6336K)
[2022-03-13T03:10:19.879+0800][1086.819s] GC(116) Pause Young (Normal) (G1 Preventive Collection) 495M->508M(512M) 18.443ms
[2022-03-13T03:10:19.879+0800][1086.819s] GC(116) User=0.11s Sys=0.00s Real=0.02s
[2022-03-13T03:10:19.880+0800][1086.821s] GC(117) Pause Young (Normal) (G1 Preventive Collection)
[2022-03-13T03:10:19.880+0800][1086.821s] GC(117) Using 8 workers of 8 for evacuation
[2022-03-13T03:10:19.890+0800][1086.830s] GC(117) To-space exhausted
[2022-03-13T03:10:19.890+0800][1086.830s] GC(117)   Pre Evacuate Collection Set: 0.1ms
[2022-03-13T03:10:19.890+0800][1086.830s] GC(117)   Merge Heap Roots: 0.1ms
[2022-03-13T03:10:19.890+0800][1086.831s] GC(117)   Evacuate Collection Set: 7.6ms
[2022-03-13T03:10:19.890+0800][1086.831s] GC(117)   Post Evacuate Collection Set: 1.7ms
[2022-03-13T03:10:19.890+0800][1086.831s] GC(117)   Other: 0.1ms
[2022-03-13T03:10:19.890+0800][1086.831s] GC(117) Eden regions: 1->0(24)
[2022-03-13T03:10:19.890+0800][1086.831s] GC(117) Survivor regions: 4->1(3)
[2022-03-13T03:10:19.890+0800][1086.831s] GC(117) Old regions: 466->472
[2022-03-13T03:10:19.890+0800][1086.831s] GC(117) Archive regions: 0->0
[2022-03-13T03:10:19.890+0800][1086.831s] GC(117) Humongous regions: 38->38
[2022-03-13T03:10:19.891+0800][1086.831s] GC(117) Metaspace: 53269K(53632K)->53269K(53632K) NonClass: 47096K(47296K)->47096K(47296K) Class: 6172K(6336K)->6172K(6336K)
[2022-03-13T03:10:19.891+0800][1086.831s] GC(117) Pause Young (Normal) (G1 Preventive Collection) 509M->510M(512M) 9.739ms
[2022-03-13T03:10:19.891+0800][1086.831s] GC(117) User=0.02s Sys=0.02s Real=0.01s
[2022-03-13T03:10:19.893+0800][1086.833s] GC(118) Pause Young (Normal) (G1 Evacuation Pause)
[2022-03-13T03:10:19.893+0800][1086.833s] GC(118) Using 8 workers of 8 for evacuation
[2022-03-13T03:10:19.899+0800][1086.839s] GC(118) To-space exhausted
[2022-03-13T03:10:19.899+0800][1086.839s] GC(118)   Pre Evacuate Collection Set: 0.1ms
[2022-03-13T03:10:19.899+0800][1086.839s] GC(118)   Merge Heap Roots: 0.1ms
[2022-03-13T03:10:19.899+0800][1086.839s] GC(118)   Evacuate Collection Set: 3.0ms
[2022-03-13T03:10:19.899+0800][1086.839s] GC(118)   Post Evacuate Collection Set: 2.8ms
[2022-03-13T03:10:19.899+0800][1086.839s] GC(118)   Other: 0.2ms
[2022-03-13T03:10:19.899+0800][1086.839s] GC(118) Eden regions: 1->0(25)
[2022-03-13T03:10:19.899+0800][1086.839s] GC(118) Survivor regions: 1->0(0)
[2022-03-13T03:10:19.899+0800][1086.839s] GC(118) Old regions: 472->474
[2022-03-13T03:10:19.899+0800][1086.839s] GC(118) Archive regions: 0->0
[2022-03-13T03:10:19.899+0800][1086.839s] GC(118) Humongous regions: 38->38
[2022-03-13T03:10:19.899+0800][1086.839s] GC(118) Metaspace: 53269K(53632K)->53269K(53632K) NonClass: 47096K(47296K)->47096K(47296K) Class: 6172K(6336K)->6172K(6336K)
[2022-03-13T03:10:19.899+0800][1086.839s] GC(118) Pause Young (Normal) (G1 Evacuation Pause) 511M->511M(512M) 6.252ms
[2022-03-13T03:10:19.899+0800][1086.839s] GC(118) User=0.00s Sys=0.00s Real=0.01s
[2022-03-13T03:10:19.899+0800][1086.839s] Attempting full compaction
[2022-03-13T03:10:19.901+0800][1086.841s] GC(119) Using 8 workers of 8 for full compaction
[2022-03-13T03:10:19.901+0800][1086.841s] GC(119) Pause Full (G1 Compaction Pause)
[2022-03-13T03:10:19.902+0800][1086.842s] GC(119) Phase 1: Mark live objects
[2022-03-13T03:10:20.066+0800][1087.005s] GC(119) Phase 1: Mark live objects 163.259ms
[2022-03-13T03:10:20.066+0800][1087.005s] GC(119) Phase 2: Prepare for compaction
[2022-03-13T03:10:20.070+0800][1087.009s] GC(119) Phase 2: Prepare for compaction 3.933ms
[2022-03-13T03:10:20.070+0800][1087.009s] GC(119) Phase 3: Adjust pointers
[2022-03-13T03:10:20.111+0800][1087.050s] GC(119) Phase 3: Adjust pointers 41.262ms
[2022-03-13T03:10:20.111+0800][1087.050s] GC(119) Phase 4: Compact heap
[2022-03-13T03:10:20.116+0800][1087.055s] GC(119) Phase 4: Compact heap 4.879ms
[2022-03-13T03:10:20.121+0800][1087.061s] GC(119) Eden regions: 0->0(25)
[2022-03-13T03:10:20.122+0800][1087.061s] GC(119) Survivor regions: 0->0(0)
[2022-03-13T03:10:20.122+0800][1087.061s] GC(119) Old regions: 474->438
[2022-03-13T03:10:20.122+0800][1087.061s] GC(119) Archive regions: 0->0
[2022-03-13T03:10:20.122+0800][1087.061s] GC(119) Humongous regions: 38->37
[2022-03-13T03:10:20.122+0800][1087.061s] GC(119) Metaspace: 53269K(53632K)->53263K(53632K) NonClass: 47096K(47296K)->47091K(47296K) Class: 6172K(6336K)->6171K(6336K)
[2022-03-13T03:10:20.122+0800][1087.061s] GC(119) Pause Full (G1 Compaction Pause) 511M->471M(512M) 220.121ms
[2022-03-13T03:10:20.122+0800][1087.062s] GC(119) User=1.67s Sys=0.02s Real=0.22s
[2022-03-13T03:10:20.122+0800][1087.062s] GC(114) Concurrent Mark From Roots 332.063ms
[2022-03-13T03:10:20.122+0800][1087.062s] GC(114) Concurrent Mark Abort
[2022-03-13T03:10:20.122+0800][1087.062s] GC(114) Concurrent Mark Cycle 335.903ms
[2022-03-13T03:10:20.125+0800][1087.066s] GC(120) Pause Young (Concurrent Start) (G1 Humongous Allocation)
[2022-03-13T03:10:20.125+0800][1087.066s] GC(120) Using 8 workers of 8 for evacuation
[2022-03-13T03:10:20.128+0800][1087.068s] GC(120)   Pre Evacuate Collection Set: 0.0ms
[2022-03-13T03:10:20.128+0800][1087.068s] GC(120)   Merge Heap Roots: 0.0ms
[2022-03-13T03:10:20.128+0800][1087.068s] GC(120)   Evacuate Collection Set: 2.0ms
[2022-03-13T03:10:20.128+0800][1087.068s] GC(120)   Post Evacuate Collection Set: 0.2ms
[2022-03-13T03:10:20.128+0800][1087.068s] GC(120)   Other: 0.1ms
[2022-03-13T03:10:20.128+0800][1087.068s] GC(120) Eden regions: 4->0(22)
[2022-03-13T03:10:20.128+0800][1087.068s] GC(120) Survivor regions: 0->3(4)
[2022-03-13T03:10:20.128+0800][1087.068s] GC(120) Old regions: 438->438
[2022-03-13T03:10:20.128+0800][1087.068s] GC(120) Archive regions: 0->0
[2022-03-13T03:10:20.128+0800][1087.068s] GC(120) Humongous regions: 37->37
[2022-03-13T03:10:20.128+0800][1087.068s] GC(120) Metaspace: 53263K(53632K)->53263K(53632K) NonClass: 47091K(47296K)->47091K(47296K) Class: 6171K(6336K)->6171K(6336K)
[2022-03-13T03:10:20.128+0800][1087.068s] GC(120) Pause Young (Concurrent Start) (G1 Humongous Allocation) 475M->474M(512M) 2.495ms
[2022-03-13T03:10:20.128+0800][1087.068s] GC(120) User=0.00s Sys=0.00s Real=0.00s
[2022-03-13T03:10:20.128+0800][1087.068s] GC(121) Concurrent Mark Cycle
[2022-03-13T03:10:20.128+0800][1087.068s] GC(121) Concurrent Clear Claimed Marks
[2022-03-13T03:10:20.128+0800][1087.068s] GC(121) Concurrent Clear Claimed Marks 0.015ms
[2022-03-13T03:10:20.128+0800][1087.068s] GC(121) Concurrent Scan Root Regions
[2022-03-13T03:10:20.128+0800][1087.069s] GC(121) Concurrent Scan Root Regions 0.420ms
[2022-03-13T03:10:20.128+0800][1087.069s] GC(121) Concurrent Mark
[2022-03-13T03:10:20.128+0800][1087.069s] GC(121) Concurrent Mark From Roots
[2022-03-13T03:10:20.128+0800][1087.069s] GC(121) Using 2 workers of 2 for marking
[2022-03-13T03:10:20.168+0800][1087.108s] GC(122) Pause Young (Normal) (G1 Preventive Collection)
[2022-03-13T03:10:20.168+0800][1087.108s] GC(122) Using 8 workers of 8 for evacuation
[2022-03-13T03:10:20.181+0800][1087.120s] GC(122)   Pre Evacuate Collection Set: 0.1ms
[2022-03-13T03:10:20.181+0800][1087.120s] GC(122)   Merge Heap Roots: 0.2ms
[2022-03-13T03:10:20.181+0800][1087.120s] GC(122)   Evacuate Collection Set: 11.0ms
[2022-03-13T03:10:20.181+0800][1087.120s] GC(122)   Post Evacuate Collection Set: 0.4ms
[2022-03-13T03:10:20.181+0800][1087.120s] GC(122)   Other: 0.1ms
[2022-03-13T03:10:20.181+0800][1087.120s] GC(122) Eden regions: 18->0(21)
[2022-03-13T03:10:20.181+0800][1087.120s] GC(122) Survivor regions: 3->4(4)
[2022-03-13T03:10:20.181+0800][1087.120s] GC(122) Old regions: 438->447
[2022-03-13T03:10:20.181+0800][1087.120s] GC(122) Archive regions: 0->0
[2022-03-13T03:10:20.181+0800][1087.120s] GC(122) Humongous regions: 40->40
[2022-03-13T03:10:20.181+0800][1087.120s] GC(122) Metaspace: 53263K(53632K)->53263K(53632K) NonClass: 47091K(47296K)->47091K(47296K) Class: 6171K(6336K)->6171K(6336K)
[2022-03-13T03:10:20.181+0800][1087.121s] GC(122) Pause Young (Normal) (G1 Preventive Collection) 495M->487M(512M) 12.131ms
[2022-03-13T03:10:20.181+0800][1087.121s] GC(122) User=0.00s Sys=0.02s Real=0.01s
[2022-03-13T03:10:20.190+0800][1087.130s] GC(123) Pause Young (Normal) (G1 Preventive Collection)
[2022-03-13T03:10:20.190+0800][1087.130s] GC(123) Using 8 workers of 8 for evacuation
[2022-03-13T03:10:20.199+0800][1087.138s] GC(123)   Pre Evacuate Collection Set: 0.0ms
[2022-03-13T03:10:20.199+0800][1087.138s] GC(123)   Merge Heap Roots: 0.1ms
[2022-03-13T03:10:20.199+0800][1087.138s] GC(123)   Evacuate Collection Set: 7.8ms
[2022-03-13T03:10:20.199+0800][1087.138s] GC(123)   Post Evacuate Collection Set: 0.4ms
[2022-03-13T03:10:20.199+0800][1087.138s] GC(123)   Other: 0.2ms
[2022-03-13T03:10:20.199+0800][1087.138s] GC(123) Eden regions: 10->0(21)
[2022-03-13T03:10:20.199+0800][1087.138s] GC(123) Survivor regions: 4->4(4)
[2022-03-13T03:10:20.199+0800][1087.138s] GC(123) Old regions: 447->454
[2022-03-13T03:10:20.199+0800][1087.138s] GC(123) Archive regions: 0->0
[2022-03-13T03:10:20.199+0800][1087.138s] GC(123) Humongous regions: 40->40
[2022-03-13T03:10:20.199+0800][1087.138s] GC(123) Metaspace: 53263K(53632K)->53263K(53632K) NonClass: 47091K(47296K)->47091K(47296K) Class: 6171K(6336K)->6171K(6336K)
[2022-03-13T03:10:20.199+0800][1087.139s] GC(123) Pause Young (Normal) (G1 Preventive Collection) 497M->493M(512M) 8.724ms
[2022-03-13T03:10:20.199+0800][1087.139s] GC(123) User=0.00s Sys=0.00s Real=0.01s
[2022-03-13T03:10:20.206+0800][1087.146s] GC(124) Pause Young (Normal) (G1 Preventive Collection)
[2022-03-13T03:10:20.207+0800][1087.146s] GC(124) Using 8 workers of 8 for evacuation
[2022-03-13T03:10:20.212+0800][1087.152s] GC(124)   Pre Evacuate Collection Set: 0.0ms
[2022-03-13T03:10:20.212+0800][1087.152s] GC(124)   Merge Heap Roots: 0.1ms
[2022-03-13T03:10:20.212+0800][1087.152s] GC(124)   Evacuate Collection Set: 5.9ms
[2022-03-13T03:10:20.212+0800][1087.152s] GC(124)   Post Evacuate Collection Set: 0.2ms
[2022-03-13T03:10:20.212+0800][1087.152s] GC(124)   Other: 0.1ms
[2022-03-13T03:10:20.212+0800][1087.152s] GC(124) Eden regions: 5->0(21)
[2022-03-13T03:10:20.212+0800][1087.152s] GC(124) Survivor regions: 4->4(4)
[2022-03-13T03:10:20.212+0800][1087.152s] GC(124) Old regions: 454->458
[2022-03-13T03:10:20.212+0800][1087.152s] GC(124) Archive regions: 0->0
[2022-03-13T03:10:20.212+0800][1087.152s] GC(124) Humongous regions: 40->40
[2022-03-13T03:10:20.212+0800][1087.152s] GC(124) Metaspace: 53263K(53632K)->53263K(53632K) NonClass: 47091K(47296K)->47091K(47296K) Class: 6171K(6336K)->6171K(6336K)
[2022-03-13T03:10:20.212+0800][1087.152s] GC(124) Pause Young (Normal) (G1 Preventive Collection) 498M->497M(512M) 6.495ms
[2022-03-13T03:10:20.212+0800][1087.152s] GC(124) User=0.00s Sys=0.00s Real=0.01s
[2022-03-13T03:10:20.217+0800][1087.157s] GC(125) Pause Young (Normal) (G1 Preventive Collection)
[2022-03-13T03:10:20.217+0800][1087.157s] GC(125) Using 8 workers of 8 for evacuation
[2022-03-13T03:10:20.223+0800][1087.163s] GC(125)   Pre Evacuate Collection Set: 0.0ms
[2022-03-13T03:10:20.223+0800][1087.163s] GC(125)   Merge Heap Roots: 0.0ms
[2022-03-13T03:10:20.223+0800][1087.163s] GC(125)   Evacuate Collection Set: 4.8ms
[2022-03-13T03:10:20.223+0800][1087.163s] GC(125)   Post Evacuate Collection Set: 0.2ms
[2022-03-13T03:10:20.223+0800][1087.163s] GC(125)   Other: 0.1ms
[2022-03-13T03:10:20.223+0800][1087.163s] GC(125) Eden regions: 3->0(23)
[2022-03-13T03:10:20.223+0800][1087.163s] GC(125) Survivor regions: 4->2(4)
[2022-03-13T03:10:20.223+0800][1087.163s] GC(125) Old regions: 458->462
[2022-03-13T03:10:20.223+0800][1087.163s] GC(125) Archive regions: 0->0
[2022-03-13T03:10:20.223+0800][1087.163s] GC(125) Humongous regions: 40->40
[2022-03-13T03:10:20.223+0800][1087.163s] GC(125) Metaspace: 53263K(53632K)->53263K(53632K) NonClass: 47091K(47296K)->47091K(47296K) Class: 6171K(6336K)->6171K(6336K)
[2022-03-13T03:10:20.223+0800][1087.163s] GC(125) Pause Young (Normal) (G1 Preventive Collection) 500M->499M(512M) 5.403ms
[2022-03-13T03:10:20.223+0800][1087.163s] GC(125) User=0.00s Sys=0.00s Real=0.01s
[2022-03-13T03:10:20.231+0800][1087.171s] GC(126) Pause Young (Normal) (G1 Preventive Collection)
[2022-03-13T03:10:20.231+0800][1087.171s] GC(126) Using 8 workers of 8 for evacuation
[2022-03-13T03:10:20.236+0800][1087.176s] GC(126)   Pre Evacuate Collection Set: 0.1ms
[2022-03-13T03:10:20.236+0800][1087.176s] GC(126)   Merge Heap Roots: 0.1ms
[2022-03-13T03:10:20.236+0800][1087.176s] GC(126)   Evacuate Collection Set: 4.4ms
[2022-03-13T03:10:20.236+0800][1087.176s] GC(126)   Post Evacuate Collection Set: 0.3ms
[2022-03-13T03:10:20.236+0800][1087.176s] GC(126)   Other: 0.1ms
[2022-03-13T03:10:20.236+0800][1087.176s] GC(126) Eden regions: 3->0(21)
[2022-03-13T03:10:20.236+0800][1087.176s] GC(126) Survivor regions: 2->4(4)
[2022-03-13T03:10:20.236+0800][1087.176s] GC(126) Old regions: 462->462
[2022-03-13T03:10:20.236+0800][1087.176s] GC(126) Archive regions: 0->0
[2022-03-13T03:10:20.236+0800][1087.176s] GC(126) Humongous regions: 40->40
[2022-03-13T03:10:20.236+0800][1087.176s] GC(126) Metaspace: 53263K(53632K)->53263K(53632K) NonClass: 47091K(47296K)->47091K(47296K) Class: 6171K(6336K)->6171K(6336K)
[2022-03-13T03:10:20.236+0800][1087.176s] GC(126) Pause Young (Normal) (G1 Preventive Collection) 502M->501M(512M) 5.170ms
[2022-03-13T03:10:20.236+0800][1087.176s] GC(126) User=0.00s Sys=0.00s Real=0.01s
[2022-03-13T03:10:20.238+0800][1087.178s] GC(127) Pause Young (Normal) (G1 Preventive Collection)
[2022-03-13T03:10:20.238+0800][1087.178s] GC(127) Using 8 workers of 8 for evacuation
[2022-03-13T03:10:20.242+0800][1087.181s] GC(127)   Pre Evacuate Collection Set: 0.0ms
[2022-03-13T03:10:20.242+0800][1087.181s] GC(127)   Merge Heap Roots: 0.0ms
[2022-03-13T03:10:20.242+0800][1087.182s] GC(127)   Evacuate Collection Set: 3.3ms
[2022-03-13T03:10:20.242+0800][1087.182s] GC(127)   Post Evacuate Collection Set: 0.2ms
[2022-03-13T03:10:20.242+0800][1087.182s] GC(127)   Other: 0.1ms
[2022-03-13T03:10:20.242+0800][1087.182s] GC(127) Eden regions: 1->0(22)
[2022-03-13T03:10:20.242+0800][1087.182s] GC(127) Survivor regions: 4->3(4)
[2022-03-13T03:10:20.242+0800][1087.182s] GC(127) Old regions: 462->463
[2022-03-13T03:10:20.242+0800][1087.182s] GC(127) Archive regions: 0->0
[2022-03-13T03:10:20.242+0800][1087.182s] GC(127) Humongous regions: 40->40
[2022-03-13T03:10:20.242+0800][1087.182s] GC(127) Metaspace: 53263K(53632K)->53263K(53632K) NonClass: 47091K(47296K)->47091K(47296K) Class: 6171K(6336K)->6171K(6336K)
[2022-03-13T03:10:20.242+0800][1087.182s] GC(127) Pause Young (Normal) (G1 Preventive Collection) 502M->502M(512M) 3.920ms
[2022-03-13T03:10:20.242+0800][1087.182s] GC(127) User=0.00s Sys=0.00s Real=0.00s
[2022-03-13T03:10:20.245+0800][1087.185s] GC(128) Pause Young (Normal) (G1 Preventive Collection)
[2022-03-13T03:10:20.245+0800][1087.185s] GC(128) Using 8 workers of 8 for evacuation
[2022-03-13T03:10:20.250+0800][1087.190s] GC(128)   Pre Evacuate Collection Set: 0.0ms
[2022-03-13T03:10:20.250+0800][1087.190s] GC(128)   Merge Heap Roots: 0.1ms
[2022-03-13T03:10:20.250+0800][1087.190s] GC(128)   Evacuate Collection Set: 4.3ms
[2022-03-13T03:10:20.250+0800][1087.190s] GC(128)   Post Evacuate Collection Set: 0.3ms
[2022-03-13T03:10:20.250+0800][1087.190s] GC(128)   Other: 0.1ms
[2022-03-13T03:10:20.250+0800][1087.190s] GC(128) Eden regions: 2->0(23)
[2022-03-13T03:10:20.250+0800][1087.190s] GC(128) Survivor regions: 3->2(4)
[2022-03-13T03:10:20.250+0800][1087.190s] GC(128) Old regions: 463->465
[2022-03-13T03:10:20.250+0800][1087.190s] GC(128) Archive regions: 0->0
[2022-03-13T03:10:20.250+0800][1087.190s] GC(128) Humongous regions: 40->40
[2022-03-13T03:10:20.250+0800][1087.190s] GC(128) Metaspace: 53263K(53632K)->53263K(53632K) NonClass: 47091K(47296K)->47091K(47296K) Class: 6171K(6336K)->6171K(6336K)
[2022-03-13T03:10:20.250+0800][1087.190s] GC(128) Pause Young (Normal) (G1 Preventive Collection) 504M->503M(512M) 5.147ms
[2022-03-13T03:10:20.251+0800][1087.190s] GC(128) User=0.12s Sys=0.00s Real=0.01s
[2022-03-13T03:10:20.252+0800][1087.191s] GC(129) Pause Young (Normal) (G1 Preventive Collection)
[2022-03-13T03:10:20.252+0800][1087.191s] GC(129) Using 8 workers of 8 for evacuation
[2022-03-13T03:10:20.255+0800][1087.194s] GC(129)   Pre Evacuate Collection Set: 0.0ms
[2022-03-13T03:10:20.255+0800][1087.195s] GC(129)   Merge Heap Roots: 0.0ms
[2022-03-13T03:10:20.255+0800][1087.195s] GC(129)   Evacuate Collection Set: 3.0ms
[2022-03-13T03:10:20.255+0800][1087.195s] GC(129)   Post Evacuate Collection Set: 0.2ms
[2022-03-13T03:10:20.255+0800][1087.195s] GC(129)   Other: 0.1ms
[2022-03-13T03:10:20.255+0800][1087.195s] GC(129) Eden regions: 1->0(22)
[2022-03-13T03:10:20.255+0800][1087.195s] GC(129) Survivor regions: 2->3(4)
[2022-03-13T03:10:20.255+0800][1087.195s] GC(129) Old regions: 465->465
[2022-03-13T03:10:20.255+0800][1087.195s] GC(129) Archive regions: 0->0
[2022-03-13T03:10:20.255+0800][1087.195s] GC(129) Humongous regions: 40->40
[2022-03-13T03:10:20.255+0800][1087.195s] GC(129) Metaspace: 53263K(53632K)->53263K(53632K) NonClass: 47091K(47296K)->47091K(47296K) Class: 6171K(6336K)->6171K(6336K)
[2022-03-13T03:10:20.255+0800][1087.195s] GC(129) Pause Young (Normal) (G1 Preventive Collection) 504M->503M(512M) 3.447ms
[2022-03-13T03:10:20.255+0800][1087.195s] GC(129) User=0.00s Sys=0.00s Real=0.00s
[2022-03-13T03:10:20.256+0800][1087.196s] GC(130) Pause Young (Normal) (G1 Preventive Collection)
[2022-03-13T03:10:20.256+0800][1087.196s] GC(130) Using 8 workers of 8 for evacuation
[2022-03-13T03:10:20.258+0800][1087.198s] GC(130)   Pre Evacuate Collection Set: 0.0ms
[2022-03-13T03:10:20.259+0800][1087.198s] GC(130)   Merge Heap Roots: 0.0ms
[2022-03-13T03:10:20.259+0800][1087.198s] GC(130)   Evacuate Collection Set: 2.2ms
[2022-03-13T03:10:20.259+0800][1087.198s] GC(130)   Post Evacuate Collection Set: 0.2ms
[2022-03-13T03:10:20.259+0800][1087.199s] GC(130)   Other: 0.1ms
[2022-03-13T03:10:20.259+0800][1087.199s] GC(130) Eden regions: 1->0(23)
[2022-03-13T03:10:20.259+0800][1087.199s] GC(130) Survivor regions: 3->2(3)
[2022-03-13T03:10:20.259+0800][1087.199s] GC(130) Old regions: 465->466
[2022-03-13T03:10:20.259+0800][1087.199s] GC(130) Archive regions: 0->0
[2022-03-13T03:10:20.259+0800][1087.199s] GC(130) Humongous regions: 40->40
[2022-03-13T03:10:20.259+0800][1087.199s] GC(130) Metaspace: 53263K(53632K)->53263K(53632K) NonClass: 47091K(47296K)->47091K(47296K) Class: 6171K(6336K)->6171K(6336K)
[2022-03-13T03:10:20.259+0800][1087.199s] GC(130) Pause Young (Normal) (G1 Preventive Collection) 504M->504M(512M) 2.790ms
[2022-03-13T03:10:20.259+0800][1087.199s] GC(130) User=0.00s Sys=0.00s Real=0.00s
[2022-03-13T03:10:20.261+0800][1087.201s] GC(131) Pause Young (Normal) (G1 Preventive Collection)
[2022-03-13T03:10:20.261+0800][1087.201s] GC(131) Using 8 workers of 8 for evacuation
[2022-03-13T03:10:20.265+0800][1087.204s] GC(131)   Pre Evacuate Collection Set: 0.0ms
[2022-03-13T03:10:20.265+0800][1087.204s] GC(131)   Merge Heap Roots: 0.1ms
[2022-03-13T03:10:20.265+0800][1087.204s] GC(131)   Evacuate Collection Set: 3.0ms
[2022-03-13T03:10:20.265+0800][1087.204s] GC(131)   Post Evacuate Collection Set: 0.3ms
[2022-03-13T03:10:20.265+0800][1087.204s] GC(131)   Other: 0.1ms
[2022-03-13T03:10:20.265+0800][1087.204s] GC(131) Eden regions: 1->0(22)
[2022-03-13T03:10:20.265+0800][1087.204s] GC(131) Survivor regions: 2->3(3)
[2022-03-13T03:10:20.265+0800][1087.204s] GC(131) Old regions: 466->466
[2022-03-13T03:10:20.265+0800][1087.204s] GC(131) Archive regions: 0->0
[2022-03-13T03:10:20.265+0800][1087.204s] GC(131) Humongous regions: 40->40
[2022-03-13T03:10:20.265+0800][1087.204s] GC(131) Metaspace: 53263K(53632K)->53263K(53632K) NonClass: 47091K(47296K)->47091K(47296K) Class: 6171K(6336K)->6171K(6336K)
[2022-03-13T03:10:20.265+0800][1087.204s] GC(131) Pause Young (Normal) (G1 Preventive Collection) 505M->505M(512M) 3.764ms
[2022-03-13T03:10:20.265+0800][1087.204s] GC(131) User=0.12s Sys=0.00s Real=0.00s
[2022-03-13T03:10:20.266+0800][1087.205s] GC(132) Pause Young (Normal) (G1 Preventive Collection)
[2022-03-13T03:10:20.266+0800][1087.205s] GC(132) Using 8 workers of 8 for evacuation
[2022-03-13T03:10:20.270+0800][1087.210s] GC(132) To-space exhausted
[2022-03-13T03:10:20.270+0800][1087.210s] GC(132)   Pre Evacuate Collection Set: 0.0ms
[2022-03-13T03:10:20.270+0800][1087.210s] GC(132)   Merge Heap Roots: 0.0ms
[2022-03-13T03:10:20.270+0800][1087.210s] GC(132)   Evacuate Collection Set: 2.8ms
[2022-03-13T03:10:20.270+0800][1087.210s] GC(132)   Post Evacuate Collection Set: 1.4ms
[2022-03-13T03:10:20.270+0800][1087.210s] GC(132)   Other: 0.1ms
[2022-03-13T03:10:20.270+0800][1087.210s] GC(132) Eden regions: 1->0(24)
[2022-03-13T03:10:20.270+0800][1087.210s] GC(132) Survivor regions: 3->1(2)
[2022-03-13T03:10:20.270+0800][1087.210s] GC(132) Old regions: 466->471
[2022-03-13T03:10:20.270+0800][1087.210s] GC(132) Archive regions: 0->0
[2022-03-13T03:10:20.270+0800][1087.210s] GC(132) Humongous regions: 40->40
[2022-03-13T03:10:20.270+0800][1087.210s] GC(132) Metaspace: 53263K(53632K)->53263K(53632K) NonClass: 47091K(47296K)->47091K(47296K) Class: 6171K(6336K)->6171K(6336K)
[2022-03-13T03:10:20.270+0800][1087.210s] GC(132) Pause Young (Normal) (G1 Preventive Collection) 506M->508M(512M) 4.378ms
[2022-03-13T03:10:20.270+0800][1087.210s] GC(132) User=0.00s Sys=0.00s Real=0.00s
[2022-03-13T03:10:20.270+0800][1087.210s] Attempting full compaction
[2022-03-13T03:10:20.270+0800][1087.210s] GC(133) Using 8 workers of 8 for full compaction
[2022-03-13T03:10:20.270+0800][1087.210s] GC(133) Pause Full (G1 Compaction Pause)
[2022-03-13T03:10:20.271+0800][1087.210s] GC(133) Phase 1: Mark live objects
[2022-03-13T03:10:20.431+0800][1087.371s] GC(133) Phase 1: Mark live objects 160.471ms
[2022-03-13T03:10:20.431+0800][1087.371s] GC(133) Phase 2: Prepare for compaction
[2022-03-13T03:10:20.433+0800][1087.372s] GC(133) Phase 2: Prepare for compaction 1.346ms
[2022-03-13T03:10:20.433+0800][1087.372s] GC(133) Phase 3: Adjust pointers
[2022-03-13T03:10:20.471+0800][1087.411s] GC(133) Phase 3: Adjust pointers 38.912ms
[2022-03-13T03:10:20.471+0800][1087.411s] GC(133) Phase 4: Compact heap
[2022-03-13T03:10:20.473+0800][1087.413s] GC(133) Phase 4: Compact heap 1.308ms
[2022-03-13T03:10:20.478+0800][1087.418s] GC(133) Eden regions: 0->0(25)
[2022-03-13T03:10:20.478+0800][1087.418s] GC(133) Survivor regions: 1->0(2)
[2022-03-13T03:10:20.478+0800][1087.418s] GC(133) Old regions: 471->467
[2022-03-13T03:10:20.478+0800][1087.418s] GC(133) Archive regions: 0->0
[2022-03-13T03:10:20.478+0800][1087.418s] GC(133) Humongous regions: 40->38
[2022-03-13T03:10:20.478+0800][1087.418s] GC(133) Metaspace: 53263K(53632K)->53263K(53632K) NonClass: 47091K(47296K)->47091K(47296K) Class: 6171K(6336K)->6171K(6336K)
[2022-03-13T03:10:20.479+0800][1087.418s] GC(133) Pause Full (G1 Compaction Pause) 508M->501M(512M) 208.145ms
[2022-03-13T03:10:20.479+0800][1087.418s] GC(133) User=1.48s Sys=0.02s Real=0.21s
[2022-03-13T03:10:20.479+0800][1087.418s] GC(121) Concurrent Mark From Roots 349.899ms
[2022-03-13T03:10:20.479+0800][1087.418s] GC(121) Concurrent Mark Abort
[2022-03-13T03:10:20.479+0800][1087.419s] GC(121) Concurrent Mark Cycle 350.434ms
[2022-03-13T03:10:20.491+0800][1087.431s] GC(134) Pause Young (Normal) (G1 Preventive Collection)
[2022-03-13T03:10:20.491+0800][1087.431s] GC(134) Using 8 workers of 8 for evacuation
[2022-03-13T03:10:20.494+0800][1087.433s] GC(134)   Pre Evacuate Collection Set: 0.0ms
[2022-03-13T03:10:20.494+0800][1087.433s] GC(134)   Merge Heap Roots: 0.0ms
[2022-03-13T03:10:20.494+0800][1087.433s] GC(134)   Evacuate Collection Set: 1.6ms
[2022-03-13T03:10:20.494+0800][1087.433s] GC(134)   Post Evacuate Collection Set: 0.4ms
[2022-03-13T03:10:20.494+0800][1087.433s] GC(134)   Other: 0.1ms
[2022-03-13T03:10:20.494+0800][1087.433s] GC(134) Eden regions: 4->0(22)
[2022-03-13T03:10:20.494+0800][1087.433s] GC(134) Survivor regions: 0->3(3)
[2022-03-13T03:10:20.494+0800][1087.433s] GC(134) Old regions: 467->467
[2022-03-13T03:10:20.494+0800][1087.434s] GC(134) Archive regions: 0->0
[2022-03-13T03:10:20.494+0800][1087.434s] GC(134) Humongous regions: 38->38
[2022-03-13T03:10:20.494+0800][1087.434s] GC(134) Metaspace: 53263K(53632K)->53263K(53632K) NonClass: 47092K(47296K)->47092K(47296K) Class: 6171K(6336K)->6171K(6336K)
[2022-03-13T03:10:20.494+0800][1087.434s] GC(134) Pause Young (Normal) (G1 Preventive Collection) 505M->504M(512M) 2.556ms
[2022-03-13T03:10:20.494+0800][1087.434s] GC(134) User=0.00s Sys=0.00s Real=0.00s
[2022-03-13T03:10:20.499+0800][1087.438s] GC(135) Pause Young (Concurrent Start) (G1 Preventive Collection)
[2022-03-13T03:10:20.499+0800][1087.438s] GC(135) Using 8 workers of 8 for evacuation
[2022-03-13T03:10:20.500+0800][1087.440s] GC(135)   Pre Evacuate Collection Set: 0.1ms
[2022-03-13T03:10:20.500+0800][1087.440s] GC(135)   Merge Heap Roots: 0.0ms
[2022-03-13T03:10:20.500+0800][1087.440s] GC(135)   Evacuate Collection Set: 1.1ms
[2022-03-13T03:10:20.500+0800][1087.440s] GC(135)   Post Evacuate Collection Set: 0.3ms
[2022-03-13T03:10:20.500+0800][1087.440s] GC(135)   Other: 0.2ms
[2022-03-13T03:10:20.500+0800][1087.440s] GC(135) Eden regions: 1->0(24)
[2022-03-13T03:10:20.500+0800][1087.440s] GC(135) Survivor regions: 3->1(3)
[2022-03-13T03:10:20.500+0800][1087.440s] GC(135) Old regions: 467->469
[2022-03-13T03:10:20.500+0800][1087.440s] GC(135) Archive regions: 0->0
[2022-03-13T03:10:20.500+0800][1087.440s] GC(135) Humongous regions: 38->38
[2022-03-13T03:10:20.500+0800][1087.440s] GC(135) Metaspace: 53263K(53632K)->53263K(53632K) NonClass: 47092K(47296K)->47092K(47296K) Class: 6171K(6336K)->6171K(6336K)
[2022-03-13T03:10:20.500+0800][1087.440s] GC(135) Pause Young (Concurrent Start) (G1 Preventive Collection) 505M->503M(512M) 1.744ms
[2022-03-13T03:10:20.500+0800][1087.440s] GC(135) User=0.00s Sys=0.00s Real=0.00s
[2022-03-13T03:10:20.500+0800][1087.440s] GC(136) Concurrent Mark Cycle
[2022-03-13T03:10:20.501+0800][1087.440s] GC(136) Concurrent Clear Claimed Marks
[2022-03-13T03:10:20.501+0800][1087.440s] GC(136) Concurrent Clear Claimed Marks 0.037ms
[2022-03-13T03:10:20.501+0800][1087.440s] GC(136) Concurrent Scan Root Regions
[2022-03-13T03:10:20.502+0800][1087.441s] GC(136) Concurrent Scan Root Regions 0.857ms
[2022-03-13T03:10:20.502+0800][1087.441s] GC(136) Concurrent Mark
[2022-03-13T03:10:20.502+0800][1087.441s] GC(136) Concurrent Mark From Roots
[2022-03-13T03:10:20.502+0800][1087.441s] GC(136) Using 2 workers of 2 for marking
[2022-03-13T03:10:20.523+0800][1087.463s] GC(137) Pause Young (Normal) (G1 Preventive Collection)
[2022-03-13T03:10:20.523+0800][1087.463s] GC(137) Using 8 workers of 8 for evacuation
[2022-03-13T03:10:20.524+0800][1087.464s] GC(137)   Pre Evacuate Collection Set: 0.1ms
[2022-03-13T03:10:20.524+0800][1087.464s] GC(137)   Merge Heap Roots: 0.0ms
[2022-03-13T03:10:20.524+0800][1087.464s] GC(137)   Evacuate Collection Set: 1.2ms
[2022-03-13T03:10:20.524+0800][1087.464s] GC(137)   Post Evacuate Collection Set: 0.2ms
[2022-03-13T03:10:20.524+0800][1087.465s] GC(137)   Other: 0.1ms
[2022-03-13T03:10:20.524+0800][1087.465s] GC(137) Eden regions: 2->0(24)
[2022-03-13T03:10:20.524+0800][1087.465s] GC(137) Survivor regions: 1->1(2)
[2022-03-13T03:10:20.524+0800][1087.465s] GC(137) Old regions: 469->469
[2022-03-13T03:10:20.524+0800][1087.465s] GC(137) Archive regions: 0->0
[2022-03-13T03:10:20.524+0800][1087.465s] GC(137) Humongous regions: 38->38
[2022-03-13T03:10:20.524+0800][1087.465s] GC(137) Metaspace: 53263K(53632K)->53263K(53632K) NonClass: 47092K(47296K)->47092K(47296K) Class: 6171K(6336K)->6171K(6336K)
[2022-03-13T03:10:20.524+0800][1087.465s] GC(137) Pause Young (Normal) (G1 Preventive Collection) 505M->503M(512M) 1.710ms
[2022-03-13T03:10:20.524+0800][1087.465s] GC(137) User=0.00s Sys=0.00s Real=0.00s
[2022-03-13T03:10:20.550+0800][1087.490s] GC(138) Pause Young (Normal) (G1 Preventive Collection)
[2022-03-13T03:10:20.550+0800][1087.490s] GC(138) Using 8 workers of 8 for evacuation
[2022-03-13T03:10:20.551+0800][1087.490s] GC(138)   Pre Evacuate Collection Set: 0.0ms
[2022-03-13T03:10:20.551+0800][1087.490s] GC(138)   Merge Heap Roots: 0.0ms
[2022-03-13T03:10:20.551+0800][1087.490s] GC(138)   Evacuate Collection Set: 0.3ms
[2022-03-13T03:10:20.551+0800][1087.490s] GC(138)   Post Evacuate Collection Set: 0.2ms
[2022-03-13T03:10:20.551+0800][1087.490s] GC(138)   Other: 0.1ms
[2022-03-13T03:10:20.551+0800][1087.490s] GC(138) Eden regions: 2->0(24)
[2022-03-13T03:10:20.551+0800][1087.490s] GC(138) Survivor regions: 1->1(2)
[2022-03-13T03:10:20.551+0800][1087.490s] GC(138) Old regions: 469->469
[2022-03-13T03:10:20.551+0800][1087.490s] GC(138) Archive regions: 0->0
[2022-03-13T03:10:20.551+0800][1087.490s] GC(138) Humongous regions: 38->38
[2022-03-13T03:10:20.551+0800][1087.490s] GC(138) Metaspace: 53263K(53632K)->53263K(53632K) NonClass: 47092K(47296K)->47092K(47296K) Class: 6171K(6336K)->6171K(6336K)
[2022-03-13T03:10:20.551+0800][1087.490s] GC(138) Pause Young (Normal) (G1 Preventive Collection) 505M->503M(512M) 0.850ms
[2022-03-13T03:10:20.551+0800][1087.490s] GC(138) User=0.00s Sys=0.00s Real=0.00s
[2022-03-13T03:10:20.577+0800][1087.516s] GC(139) Pause Young (Normal) (G1 Preventive Collection)
[2022-03-13T03:10:20.577+0800][1087.516s] GC(139) Using 8 workers of 8 for evacuation
[2022-03-13T03:10:20.578+0800][1087.517s] GC(139)   Pre Evacuate Collection Set: 0.1ms
[2022-03-13T03:10:20.578+0800][1087.517s] GC(139)   Merge Heap Roots: 0.0ms
[2022-03-13T03:10:20.578+0800][1087.517s] GC(139)   Evacuate Collection Set: 0.3ms
[2022-03-13T03:10:20.578+0800][1087.517s] GC(139)   Post Evacuate Collection Set: 0.3ms
[2022-03-13T03:10:20.578+0800][1087.517s] GC(139)   Other: 0.1ms
[2022-03-13T03:10:20.578+0800][1087.517s] GC(139) Eden regions: 2->0(24)
[2022-03-13T03:10:20.578+0800][1087.517s] GC(139) Survivor regions: 1->1(2)
[2022-03-13T03:10:20.578+0800][1087.517s] GC(139) Old regions: 469->469
[2022-03-13T03:10:20.578+0800][1087.517s] GC(139) Archive regions: 0->0
[2022-03-13T03:10:20.578+0800][1087.517s] GC(139) Humongous regions: 38->38
[2022-03-13T03:10:20.578+0800][1087.517s] GC(139) Metaspace: 53263K(53632K)->53263K(53632K) NonClass: 47092K(47296K)->47092K(47296K) Class: 6171K(6336K)->6171K(6336K)
[2022-03-13T03:10:20.578+0800][1087.517s] GC(139) Pause Young (Normal) (G1 Preventive Collection) 505M->503M(512M) 1.116ms
[2022-03-13T03:10:20.578+0800][1087.517s] GC(139) User=0.00s Sys=0.00s Real=0.00s
[2022-03-13T03:10:20.595+0800][1087.535s] GC(140) Pause Young (Normal) (G1 Preventive Collection)
[2022-03-13T03:10:20.595+0800][1087.535s] GC(140) Using 8 workers of 8 for evacuation
[2022-03-13T03:10:20.595+0800][1087.535s] GC(140)   Pre Evacuate Collection Set: 0.0ms
[2022-03-13T03:10:20.595+0800][1087.535s] GC(140)   Merge Heap Roots: 0.0ms
[2022-03-13T03:10:20.596+0800][1087.535s] GC(140)   Evacuate Collection Set: 0.3ms
[2022-03-13T03:10:20.596+0800][1087.535s] GC(140)   Post Evacuate Collection Set: 0.3ms
[2022-03-13T03:10:20.596+0800][1087.535s] GC(140)   Other: 0.1ms
[2022-03-13T03:10:20.596+0800][1087.535s] GC(140) Eden regions: 2->0(24)
[2022-03-13T03:10:20.596+0800][1087.535s] GC(140) Survivor regions: 1->1(2)
[2022-03-13T03:10:20.596+0800][1087.535s] GC(140) Old regions: 469->469
[2022-03-13T03:10:20.596+0800][1087.535s] GC(140) Archive regions: 0->0
[2022-03-13T03:10:20.596+0800][1087.535s] GC(140) Humongous regions: 38->38
[2022-03-13T03:10:20.596+0800][1087.535s] GC(140) Metaspace: 53263K(53632K)->53263K(53632K) NonClass: 47092K(47296K)->47092K(47296K) Class: 6171K(6336K)->6171K(6336K)
[2022-03-13T03:10:20.596+0800][1087.535s] GC(140) Pause Young (Normal) (G1 Preventive Collection) 505M->503M(512M) 0.862ms
[2022-03-13T03:10:20.596+0800][1087.535s] GC(140) User=0.00s Sys=0.00s Real=0.00s
[2022-03-13T03:10:20.630+0800][1087.569s] GC(141) Pause Young (Normal) (G1 Preventive Collection)
[2022-03-13T03:10:20.630+0800][1087.569s] GC(141) Using 8 workers of 8 for evacuation
[2022-03-13T03:10:20.631+0800][1087.570s] GC(141)   Pre Evacuate Collection Set: 0.1ms
[2022-03-13T03:10:20.631+0800][1087.570s] GC(141)   Merge Heap Roots: 0.0ms
[2022-03-13T03:10:20.631+0800][1087.570s] GC(141)   Evacuate Collection Set: 0.3ms
[2022-03-13T03:10:20.631+0800][1087.570s] GC(141)   Post Evacuate Collection Set: 0.3ms
[2022-03-13T03:10:20.631+0800][1087.570s] GC(141)   Other: 0.1ms
[2022-03-13T03:10:20.631+0800][1087.570s] GC(141) Eden regions: 2->0(24)
[2022-03-13T03:10:20.631+0800][1087.570s] GC(141) Survivor regions: 1->1(2)
[2022-03-13T03:10:20.631+0800][1087.570s] GC(141) Old regions: 469->469
[2022-03-13T03:10:20.631+0800][1087.570s] GC(141) Archive regions: 0->0
[2022-03-13T03:10:20.631+0800][1087.570s] GC(141) Humongous regions: 38->38
[2022-03-13T03:10:20.631+0800][1087.570s] GC(141) Metaspace: 53263K(53632K)->53263K(53632K) NonClass: 47092K(47296K)->47092K(47296K) Class: 6171K(6336K)->6171K(6336K)
[2022-03-13T03:10:20.631+0800][1087.570s] GC(141) Pause Young (Normal) (G1 Preventive Collection) 505M->503M(512M) 0.819ms
[2022-03-13T03:10:20.631+0800][1087.570s] GC(141) User=0.00s Sys=0.00s Real=0.00s
[2022-03-13T03:10:20.663+0800][1087.603s] GC(142) Pause Young (Normal) (G1 Preventive Collection)
[2022-03-13T03:10:20.663+0800][1087.603s] GC(142) Using 8 workers of 8 for evacuation
[2022-03-13T03:10:20.664+0800][1087.604s] GC(142)   Pre Evacuate Collection Set: 0.1ms
[2022-03-13T03:10:20.664+0800][1087.604s] GC(142)   Merge Heap Roots: 0.0ms
[2022-03-13T03:10:20.664+0800][1087.604s] GC(142)   Evacuate Collection Set: 0.5ms
[2022-03-13T03:10:20.664+0800][1087.604s] GC(142)   Post Evacuate Collection Set: 0.4ms
[2022-03-13T03:10:20.664+0800][1087.604s] GC(142)   Other: 0.1ms
[2022-03-13T03:10:20.664+0800][1087.604s] GC(142) Eden regions: 2->0(24)
[2022-03-13T03:10:20.664+0800][1087.604s] GC(142) Survivor regions: 1->1(2)
[2022-03-13T03:10:20.664+0800][1087.604s] GC(142) Old regions: 469->469
[2022-03-13T03:10:20.664+0800][1087.604s] GC(142) Archive regions: 0->0
[2022-03-13T03:10:20.664+0800][1087.604s] GC(142) Humongous regions: 38->38
[2022-03-13T03:10:20.664+0800][1087.604s] GC(142) Metaspace: 53263K(53632K)->53263K(53632K) NonClass: 47092K(47296K)->47092K(47296K) Class: 6171K(6336K)->6171K(6336K)
[2022-03-13T03:10:20.664+0800][1087.604s] GC(142) Pause Young (Normal) (G1 Preventive Collection) 505M->503M(512M) 1.430ms
[2022-03-13T03:10:20.664+0800][1087.604s] GC(142) User=0.00s Sys=0.00s Real=0.00s
[2022-03-13T03:10:20.693+0800][1087.633s] GC(143) Pause Young (Normal) (G1 Preventive Collection)
[2022-03-13T03:10:20.693+0800][1087.633s] GC(143) Using 8 workers of 8 for evacuation
[2022-03-13T03:10:20.694+0800][1087.634s] GC(143)   Pre Evacuate Collection Set: 0.1ms
[2022-03-13T03:10:20.694+0800][1087.634s] GC(143)   Merge Heap Roots: 0.0ms
[2022-03-13T03:10:20.694+0800][1087.634s] GC(143)   Evacuate Collection Set: 0.5ms
[2022-03-13T03:10:20.694+0800][1087.634s] GC(143)   Post Evacuate Collection Set: 0.4ms
[2022-03-13T03:10:20.694+0800][1087.634s] GC(143)   Other: 0.2ms
[2022-03-13T03:10:20.694+0800][1087.634s] GC(143) Eden regions: 2->0(24)
[2022-03-13T03:10:20.694+0800][1087.634s] GC(143) Survivor regions: 1->1(2)
[2022-03-13T03:10:20.694+0800][1087.634s] GC(143) Old regions: 469->469
[2022-03-13T03:10:20.694+0800][1087.634s] GC(143) Archive regions: 0->0
[2022-03-13T03:10:20.694+0800][1087.634s] GC(143) Humongous regions: 38->38
[2022-03-13T03:10:20.694+0800][1087.634s] GC(143) Metaspace: 53263K(53632K)->53263K(53632K) NonClass: 47092K(47296K)->47092K(47296K) Class: 6171K(6336K)->6171K(6336K)
[2022-03-13T03:10:20.694+0800][1087.634s] GC(143) Pause Young (Normal) (G1 Preventive Collection) 505M->503M(512M) 1.521ms
[2022-03-13T03:10:20.694+0800][1087.634s] GC(143) User=0.00s Sys=0.00s Real=0.00s
[2022-03-13T03:10:20.719+0800][1087.659s] GC(144) Pause Young (Normal) (G1 Preventive Collection)
[2022-03-13T03:10:20.719+0800][1087.659s] GC(144) Using 8 workers of 8 for evacuation
[2022-03-13T03:10:20.721+0800][1087.660s] GC(144)   Pre Evacuate Collection Set: 0.1ms
[2022-03-13T03:10:20.721+0800][1087.660s] GC(144)   Merge Heap Roots: 0.0ms
[2022-03-13T03:10:20.721+0800][1087.660s] GC(144)   Evacuate Collection Set: 0.5ms
[2022-03-13T03:10:20.721+0800][1087.660s] GC(144)   Post Evacuate Collection Set: 0.3ms
[2022-03-13T03:10:20.721+0800][1087.660s] GC(144)   Other: 0.2ms
[2022-03-13T03:10:20.721+0800][1087.660s] GC(144) Eden regions: 2->0(24)
[2022-03-13T03:10:20.721+0800][1087.660s] GC(144) Survivor regions: 1->1(2)
[2022-03-13T03:10:20.721+0800][1087.660s] GC(144) Old regions: 469->469
[2022-03-13T03:10:20.721+0800][1087.660s] GC(144) Archive regions: 0->0
[2022-03-13T03:10:20.721+0800][1087.660s] GC(144) Humongous regions: 38->38
[2022-03-13T03:10:20.721+0800][1087.660s] GC(144) Metaspace: 53263K(53632K)->53263K(53632K) NonClass: 47092K(47296K)->47092K(47296K) Class: 6171K(6336K)->6171K(6336K)
[2022-03-13T03:10:20.721+0800][1087.660s] GC(144) Pause Young (Normal) (G1 Preventive Collection) 505M->503M(512M) 1.188ms
[2022-03-13T03:10:20.721+0800][1087.660s] GC(144) User=0.00s Sys=0.00s Real=0.00s
[2022-03-13T03:10:20.737+0800][1087.676s] GC(145) Pause Young (Normal) (G1 Preventive Collection)
[2022-03-13T03:10:20.737+0800][1087.676s] GC(145) Using 8 workers of 8 for evacuation
[2022-03-13T03:10:20.738+0800][1087.677s] GC(145)   Pre Evacuate Collection Set: 0.1ms
[2022-03-13T03:10:20.738+0800][1087.677s] GC(145)   Merge Heap Roots: 0.0ms
[2022-03-13T03:10:20.738+0800][1087.677s] GC(145)   Evacuate Collection Set: 0.5ms
[2022-03-13T03:10:20.738+0800][1087.677s] GC(145)   Post Evacuate Collection Set: 0.3ms
[2022-03-13T03:10:20.738+0800][1087.677s] GC(145)   Other: 0.1ms
[2022-03-13T03:10:20.738+0800][1087.677s] GC(145) Eden regions: 2->0(24)
[2022-03-13T03:10:20.738+0800][1087.677s] GC(145) Survivor regions: 1->1(2)
[2022-03-13T03:10:20.738+0800][1087.677s] GC(145) Old regions: 469->469
[2022-03-13T03:10:20.738+0800][1087.677s] GC(145) Archive regions: 0->0
[2022-03-13T03:10:20.738+0800][1087.677s] GC(145) Humongous regions: 38->38
[2022-03-13T03:10:20.738+0800][1087.677s] GC(145) Metaspace: 53263K(53632K)->53263K(53632K) NonClass: 47092K(47296K)->47092K(47296K) Class: 6171K(6336K)->6171K(6336K)
[2022-03-13T03:10:20.738+0800][1087.677s] GC(145) Pause Young (Normal) (G1 Preventive Collection) 505M->503M(512M) 1.207ms
[2022-03-13T03:10:20.738+0800][1087.677s] GC(145) User=0.00s Sys=0.00s Real=0.00s
[2022-03-13T03:10:20.758+0800][1087.698s] GC(146) Pause Young (Normal) (G1 Preventive Collection)
[2022-03-13T03:10:20.758+0800][1087.698s] GC(146) Using 8 workers of 8 for evacuation
[2022-03-13T03:10:20.760+0800][1087.699s] GC(146)   Pre Evacuate Collection Set: 0.1ms
[2022-03-13T03:10:20.760+0800][1087.699s] GC(146)   Merge Heap Roots: 0.1ms
[2022-03-13T03:10:20.760+0800][1087.699s] GC(146)   Evacuate Collection Set: 0.4ms
[2022-03-13T03:10:20.760+0800][1087.699s] GC(146)   Post Evacuate Collection Set: 0.3ms
[2022-03-13T03:10:20.760+0800][1087.699s] GC(146)   Other: 0.2ms
[2022-03-13T03:10:20.760+0800][1087.699s] GC(146) Eden regions: 2->0(24)
[2022-03-13T03:10:20.760+0800][1087.699s] GC(146) Survivor regions: 1->1(2)
[2022-03-13T03:10:20.760+0800][1087.699s] GC(146) Old regions: 469->469
[2022-03-13T03:10:20.760+0800][1087.699s] GC(146) Archive regions: 0->0
[2022-03-13T03:10:20.760+0800][1087.699s] GC(146) Humongous regions: 38->38
[2022-03-13T03:10:20.760+0800][1087.699s] GC(146) Metaspace: 53263K(53632K)->53263K(53632K) NonClass: 47092K(47296K)->47092K(47296K) Class: 6171K(6336K)->6171K(6336K)
[2022-03-13T03:10:20.760+0800][1087.699s] GC(146) Pause Young (Normal) (G1 Preventive Collection) 505M->503M(512M) 1.256ms
[2022-03-13T03:10:20.760+0800][1087.699s] GC(146) User=0.00s Sys=0.00s Real=0.00s
[2022-03-13T03:10:20.795+0800][1087.734s] GC(147) Pause Young (Normal) (G1 Preventive Collection)
[2022-03-13T03:10:20.795+0800][1087.734s] GC(147) Using 8 workers of 8 for evacuation
[2022-03-13T03:10:20.795+0800][1087.735s] GC(147)   Pre Evacuate Collection Set: 0.1ms
[2022-03-13T03:10:20.795+0800][1087.735s] GC(147)   Merge Heap Roots: 0.0ms
[2022-03-13T03:10:20.795+0800][1087.735s] GC(147)   Evacuate Collection Set: 0.3ms
[2022-03-13T03:10:20.795+0800][1087.735s] GC(147)   Post Evacuate Collection Set: 0.3ms
[2022-03-13T03:10:20.796+0800][1087.735s] GC(147)   Other: 0.2ms
[2022-03-13T03:10:20.796+0800][1087.735s] GC(147) Eden regions: 2->0(24)
[2022-03-13T03:10:20.796+0800][1087.735s] GC(147) Survivor regions: 1->1(2)
[2022-03-13T03:10:20.796+0800][1087.735s] GC(147) Old regions: 469->469
[2022-03-13T03:10:20.796+0800][1087.735s] GC(147) Archive regions: 0->0
[2022-03-13T03:10:20.796+0800][1087.735s] GC(147) Humongous regions: 38->38
[2022-03-13T03:10:20.796+0800][1087.735s] GC(147) Metaspace: 53263K(53632K)->53263K(53632K) NonClass: 47092K(47296K)->47092K(47296K) Class: 6171K(6336K)->6171K(6336K)
[2022-03-13T03:10:20.796+0800][1087.735s] GC(147) Pause Young (Normal) (G1 Preventive Collection) 505M->503M(512M) 1.210ms
[2022-03-13T03:10:20.796+0800][1087.735s] GC(147) User=0.00s Sys=0.00s Real=0.00s
[2022-03-13T03:10:20.826+0800][1087.766s] GC(148) Pause Young (Normal) (G1 Preventive Collection)
[2022-03-13T03:10:20.826+0800][1087.766s] GC(148) Using 8 workers of 8 for evacuation
[2022-03-13T03:10:20.827+0800][1087.767s] GC(148)   Pre Evacuate Collection Set: 0.1ms
[2022-03-13T03:10:20.827+0800][1087.767s] GC(148)   Merge Heap Roots: 0.0ms
[2022-03-13T03:10:20.827+0800][1087.767s] GC(148)   Evacuate Collection Set: 0.5ms
[2022-03-13T03:10:20.827+0800][1087.767s] GC(148)   Post Evacuate Collection Set: 0.3ms
[2022-03-13T03:10:20.827+0800][1087.767s] GC(148)   Other: 0.2ms
[2022-03-13T03:10:20.827+0800][1087.767s] GC(148) Eden regions: 2->0(24)
[2022-03-13T03:10:20.827+0800][1087.767s] GC(148) Survivor regions: 1->1(2)
[2022-03-13T03:10:20.827+0800][1087.767s] GC(148) Old regions: 469->469
[2022-03-13T03:10:20.827+0800][1087.767s] GC(148) Archive regions: 0->0
[2022-03-13T03:10:20.827+0800][1087.767s] GC(148) Humongous regions: 38->38
[2022-03-13T03:10:20.827+0800][1087.767s] GC(148) Metaspace: 53263K(53632K)->53263K(53632K) NonClass: 47092K(47296K)->47092K(47296K) Class: 6171K(6336K)->6171K(6336K)
[2022-03-13T03:10:20.827+0800][1087.767s] GC(148) Pause Young (Normal) (G1 Preventive Collection) 505M->503M(512M) 1.331ms
[2022-03-13T03:10:20.827+0800][1087.767s] GC(148) User=0.00s Sys=0.00s Real=0.00s
[2022-03-13T03:10:20.849+0800][1087.788s] GC(149) Pause Young (Normal) (G1 Preventive Collection)
[2022-03-13T03:10:20.849+0800][1087.788s] GC(149) Using 8 workers of 8 for evacuation
[2022-03-13T03:10:20.850+0800][1087.789s] GC(149)   Pre Evacuate Collection Set: 0.1ms
[2022-03-13T03:10:20.850+0800][1087.789s] GC(149)   Merge Heap Roots: 0.0ms
[2022-03-13T03:10:20.850+0800][1087.789s] GC(149)   Evacuate Collection Set: 0.4ms
[2022-03-13T03:10:20.850+0800][1087.789s] GC(149)   Post Evacuate Collection Set: 0.3ms
[2022-03-13T03:10:20.850+0800][1087.789s] GC(149)   Other: 0.1ms
[2022-03-13T03:10:20.850+0800][1087.789s] GC(149) Eden regions: 2->0(24)
[2022-03-13T03:10:20.850+0800][1087.789s] GC(149) Survivor regions: 1->1(2)
[2022-03-13T03:10:20.850+0800][1087.789s] GC(149) Old regions: 469->469
[2022-03-13T03:10:20.850+0800][1087.789s] GC(149) Archive regions: 0->0
[2022-03-13T03:10:20.850+0800][1087.789s] GC(149) Humongous regions: 38->38
[2022-03-13T03:10:20.850+0800][1087.789s] GC(149) Metaspace: 53263K(53632K)->53263K(53632K) NonClass: 47092K(47296K)->47092K(47296K) Class: 6171K(6336K)->6171K(6336K)
[2022-03-13T03:10:20.850+0800][1087.789s] GC(149) Pause Young (Normal) (G1 Preventive Collection) 505M->503M(512M) 1.005ms
[2022-03-13T03:10:20.850+0800][1087.789s] GC(149) User=0.00s Sys=0.00s Real=0.00s
[2022-03-13T03:10:20.877+0800][1087.817s] GC(150) Pause Young (Normal) (G1 Preventive Collection)
[2022-03-13T03:10:20.877+0800][1087.817s] GC(150) Using 8 workers of 8 for evacuation
[2022-03-13T03:10:20.878+0800][1087.818s] GC(150)   Pre Evacuate Collection Set: 0.1ms
[2022-03-13T03:10:20.878+0800][1087.818s] GC(150)   Merge Heap Roots: 0.0ms
[2022-03-13T03:10:20.878+0800][1087.818s] GC(150)   Evacuate Collection Set: 0.3ms
[2022-03-13T03:10:20.878+0800][1087.818s] GC(150)   Post Evacuate Collection Set: 0.2ms
[2022-03-13T03:10:20.878+0800][1087.818s] GC(150)   Other: 0.2ms
[2022-03-13T03:10:20.878+0800][1087.818s] GC(150) Eden regions: 2->0(24)
[2022-03-13T03:10:20.878+0800][1087.818s] GC(150) Survivor regions: 1->1(2)
[2022-03-13T03:10:20.878+0800][1087.818s] GC(150) Old regions: 469->469
[2022-03-13T03:10:20.878+0800][1087.818s] GC(150) Archive regions: 0->0
[2022-03-13T03:10:20.878+0800][1087.818s] GC(150) Humongous regions: 38->38
[2022-03-13T03:10:20.878+0800][1087.818s] GC(150) Metaspace: 53263K(53632K)->53263K(53632K) NonClass: 47092K(47296K)->47092K(47296K) Class: 6171K(6336K)->6171K(6336K)
[2022-03-13T03:10:20.878+0800][1087.818s] GC(150) Pause Young (Normal) (G1 Preventive Collection) 505M->503M(512M) 1.091ms
[2022-03-13T03:10:20.878+0800][1087.818s] GC(150) User=0.00s Sys=0.00s Real=0.00s
[2022-03-13T03:10:20.906+0800][1087.846s] GC(151) Pause Young (Normal) (G1 Preventive Collection)
[2022-03-13T03:10:20.906+0800][1087.846s] GC(151) Using 8 workers of 8 for evacuation
[2022-03-13T03:10:20.906+0800][1087.846s] GC(151)   Pre Evacuate Collection Set: 0.1ms
[2022-03-13T03:10:20.906+0800][1087.846s] GC(151)   Merge Heap Roots: 0.0ms
[2022-03-13T03:10:20.906+0800][1087.846s] GC(151)   Evacuate Collection Set: 0.3ms
[2022-03-13T03:10:20.906+0800][1087.846s] GC(151)   Post Evacuate Collection Set: 0.2ms
[2022-03-13T03:10:20.906+0800][1087.846s] GC(151)   Other: 0.1ms
[2022-03-13T03:10:20.906+0800][1087.846s] GC(151) Eden regions: 2->0(24)
[2022-03-13T03:10:20.906+0800][1087.846s] GC(151) Survivor regions: 1->1(2)
[2022-03-13T03:10:20.906+0800][1087.846s] GC(151) Old regions: 469->469
[2022-03-13T03:10:20.906+0800][1087.846s] GC(151) Archive regions: 0->0
[2022-03-13T03:10:20.906+0800][1087.846s] GC(151) Humongous regions: 38->38
[2022-03-13T03:10:20.906+0800][1087.846s] GC(151) Metaspace: 53263K(53632K)->53263K(53632K) NonClass: 47092K(47296K)->47092K(47296K) Class: 6171K(6336K)->6171K(6336K)
[2022-03-13T03:10:20.906+0800][1087.847s] GC(151) Pause Young (Normal) (G1 Preventive Collection) 505M->503M(512M) 0.805ms
[2022-03-13T03:10:20.906+0800][1087.847s] GC(151) User=0.00s Sys=0.00s Real=0.00s
[2022-03-13T03:10:20.932+0800][1087.872s] GC(152) Pause Young (Normal) (G1 Preventive Collection)
[2022-03-13T03:10:20.932+0800][1087.872s] GC(152) Using 8 workers of 8 for evacuation
[2022-03-13T03:10:20.933+0800][1087.873s] GC(152)   Pre Evacuate Collection Set: 0.1ms
[2022-03-13T03:10:20.933+0800][1087.873s] GC(152)   Merge Heap Roots: 0.1ms
[2022-03-13T03:10:20.933+0800][1087.873s] GC(152)   Evacuate Collection Set: 0.4ms
[2022-03-13T03:10:20.933+0800][1087.873s] GC(152)   Post Evacuate Collection Set: 0.3ms
[2022-03-13T03:10:20.933+0800][1087.873s] GC(152)   Other: 0.2ms
[2022-03-13T03:10:20.933+0800][1087.873s] GC(152) Eden regions: 2->0(24)
[2022-03-13T03:10:20.933+0800][1087.873s] GC(152) Survivor regions: 1->1(2)
[2022-03-13T03:10:20.933+0800][1087.873s] GC(152) Old regions: 469->469
[2022-03-13T03:10:20.933+0800][1087.873s] GC(152) Archive regions: 0->0
[2022-03-13T03:10:20.933+0800][1087.873s] GC(152) Humongous regions: 38->38
[2022-03-13T03:10:20.933+0800][1087.873s] GC(152) Metaspace: 53263K(53632K)->53263K(53632K) NonClass: 47092K(47296K)->47092K(47296K) Class: 6171K(6336K)->6171K(6336K)
[2022-03-13T03:10:20.933+0800][1087.873s] GC(152) Pause Young (Normal) (G1 Preventive Collection) 505M->503M(512M) 1.275ms
[2022-03-13T03:10:20.933+0800][1087.873s] GC(152) User=0.00s Sys=0.00s Real=0.00s
[2022-03-13T03:10:20.961+0800][1087.901s] GC(153) Pause Young (Normal) (G1 Preventive Collection)
[2022-03-13T03:10:20.961+0800][1087.901s] GC(153) Using 8 workers of 8 for evacuation
[2022-03-13T03:10:20.963+0800][1087.903s] GC(153)   Pre Evacuate Collection Set: 0.2ms
[2022-03-13T03:10:20.963+0800][1087.903s] GC(153)   Merge Heap Roots: 0.1ms
[2022-03-13T03:10:20.963+0800][1087.903s] GC(153)   Evacuate Collection Set: 0.6ms
[2022-03-13T03:10:20.963+0800][1087.903s] GC(153)   Post Evacuate Collection Set: 0.5ms
[2022-03-13T03:10:20.963+0800][1087.903s] GC(153)   Other: 0.2ms
[2022-03-13T03:10:20.963+0800][1087.903s] GC(153) Eden regions: 2->0(24)
[2022-03-13T03:10:20.963+0800][1087.903s] GC(153) Survivor regions: 1->1(2)
[2022-03-13T03:10:20.963+0800][1087.903s] GC(153) Old regions: 469->469
[2022-03-13T03:10:20.963+0800][1087.903s] GC(153) Archive regions: 0->0
[2022-03-13T03:10:20.963+0800][1087.903s] GC(153) Humongous regions: 38->38
[2022-03-13T03:10:20.963+0800][1087.903s] GC(153) Metaspace: 53263K(53632K)->53263K(53632K) NonClass: 47092K(47296K)->47092K(47296K) Class: 6171K(6336K)->6171K(6336K)
[2022-03-13T03:10:20.963+0800][1087.903s] GC(153) Pause Young (Normal) (G1 Preventive Collection) 505M->503M(512M) 1.766ms
[2022-03-13T03:10:20.963+0800][1087.903s] GC(153) User=0.00s Sys=0.00s Real=0.00s
[2022-03-13T03:10:20.995+0800][1087.935s] GC(154) Pause Young (Normal) (G1 Preventive Collection)
[2022-03-13T03:10:20.995+0800][1087.935s] GC(154) Using 8 workers of 8 for evacuation
[2022-03-13T03:10:20.996+0800][1087.936s] GC(154)   Pre Evacuate Collection Set: 0.1ms
[2022-03-13T03:10:20.996+0800][1087.936s] GC(154)   Merge Heap Roots: 0.1ms
[2022-03-13T03:10:20.996+0800][1087.936s] GC(154)   Evacuate Collection Set: 0.3ms
[2022-03-13T03:10:20.996+0800][1087.936s] GC(154)   Post Evacuate Collection Set: 0.3ms
[2022-03-13T03:10:20.996+0800][1087.936s] GC(154)   Other: 0.1ms
[2022-03-13T03:10:20.996+0800][1087.936s] GC(154) Eden regions: 2->0(24)
[2022-03-13T03:10:20.996+0800][1087.936s] GC(154) Survivor regions: 1->1(2)
[2022-03-13T03:10:20.996+0800][1087.936s] GC(154) Old regions: 469->469
[2022-03-13T03:10:20.996+0800][1087.936s] GC(154) Archive regions: 0->0
[2022-03-13T03:10:20.996+0800][1087.936s] GC(154) Humongous regions: 38->38
[2022-03-13T03:10:20.996+0800][1087.936s] GC(154) Metaspace: 53263K(53632K)->53263K(53632K) NonClass: 47092K(47296K)->47092K(47296K) Class: 6171K(6336K)->6171K(6336K)
[2022-03-13T03:10:20.996+0800][1087.936s] GC(154) Pause Young (Normal) (G1 Preventive Collection) 505M->503M(512M) 1.089ms
[2022-03-13T03:10:20.996+0800][1087.936s] GC(154) User=0.00s Sys=0.00s Real=0.00s
[2022-03-13T03:10:21.017+0800][1087.957s] GC(155) Pause Young (Normal) (G1 Preventive Collection)
[2022-03-13T03:10:21.017+0800][1087.957s] GC(155) Using 8 workers of 8 for evacuation
[2022-03-13T03:10:21.019+0800][1087.958s] GC(155)   Pre Evacuate Collection Set: 0.1ms
[2022-03-13T03:10:21.019+0800][1087.958s] GC(155)   Merge Heap Roots: 0.0ms
[2022-03-13T03:10:21.019+0800][1087.958s] GC(155)   Evacuate Collection Set: 0.5ms
[2022-03-13T03:10:21.019+0800][1087.958s] GC(155)   Post Evacuate Collection Set: 0.4ms
[2022-03-13T03:10:21.019+0800][1087.958s] GC(155)   Other: 0.2ms
[2022-03-13T03:10:21.019+0800][1087.958s] GC(155) Eden regions: 2->0(24)
[2022-03-13T03:10:21.019+0800][1087.958s] GC(155) Survivor regions: 1->1(2)
[2022-03-13T03:10:21.019+0800][1087.958s] GC(155) Old regions: 469->469
[2022-03-13T03:10:21.019+0800][1087.958s] GC(155) Archive regions: 0->0
[2022-03-13T03:10:21.019+0800][1087.958s] GC(155) Humongous regions: 38->38
[2022-03-13T03:10:21.019+0800][1087.958s] GC(155) Metaspace: 53263K(53632K)->53263K(53632K) NonClass: 47092K(47296K)->47092K(47296K) Class: 6171K(6336K)->6171K(6336K)
[2022-03-13T03:10:21.019+0800][1087.958s] GC(155) Pause Young (Normal) (G1 Preventive Collection) 505M->503M(512M) 1.438ms
[2022-03-13T03:10:21.019+0800][1087.958s] GC(155) User=0.00s Sys=0.00s Real=0.00s
[2022-03-13T03:10:21.044+0800][1087.985s] GC(156) Pause Young (Normal) (G1 Preventive Collection)
[2022-03-13T03:10:21.044+0800][1087.985s] GC(156) Using 8 workers of 8 for evacuation
[2022-03-13T03:10:21.045+0800][1087.985s] GC(156)   Pre Evacuate Collection Set: 0.1ms
[2022-03-13T03:10:21.045+0800][1087.985s] GC(156)   Merge Heap Roots: 0.1ms
[2022-03-13T03:10:21.045+0800][1087.986s] GC(156)   Evacuate Collection Set: 0.3ms
[2022-03-13T03:10:21.045+0800][1087.986s] GC(156)   Post Evacuate Collection Set: 0.2ms
[2022-03-13T03:10:21.045+0800][1087.986s] GC(156)   Other: 0.1ms
[2022-03-13T03:10:21.045+0800][1087.986s] GC(156) Eden regions: 2->0(24)
[2022-03-13T03:10:21.045+0800][1087.986s] GC(156) Survivor regions: 1->1(2)
[2022-03-13T03:10:21.045+0800][1087.986s] GC(156) Old regions: 469->469
[2022-03-13T03:10:21.045+0800][1087.986s] GC(156) Archive regions: 0->0
[2022-03-13T03:10:21.045+0800][1087.986s] GC(156) Humongous regions: 38->38
[2022-03-13T03:10:21.045+0800][1087.986s] GC(156) Metaspace: 53263K(53632K)->53263K(53632K) NonClass: 47092K(47296K)->47092K(47296K) Class: 6171K(6336K)->6171K(6336K)
[2022-03-13T03:10:21.046+0800][1087.986s] GC(156) Pause Young (Normal) (G1 Preventive Collection) 505M->503M(512M) 1.086ms
[2022-03-13T03:10:21.047+0800][1087.986s] GC(156) User=0.00s Sys=0.00s Real=0.00s
[2022-03-13T03:10:21.070+0800][1088.009s] GC(157) Pause Young (Normal) (G1 Preventive Collection)
[2022-03-13T03:10:21.070+0800][1088.009s] GC(157) Using 8 workers of 8 for evacuation
[2022-03-13T03:10:21.070+0800][1088.010s] GC(157)   Pre Evacuate Collection Set: 0.1ms
[2022-03-13T03:10:21.070+0800][1088.010s] GC(157)   Merge Heap Roots: 0.0ms
[2022-03-13T03:10:21.070+0800][1088.010s] GC(157)   Evacuate Collection Set: 0.4ms
[2022-03-13T03:10:21.070+0800][1088.010s] GC(157)   Post Evacuate Collection Set: 0.2ms
[2022-03-13T03:10:21.070+0800][1088.010s] GC(157)   Other: 0.2ms
[2022-03-13T03:10:21.070+0800][1088.010s] GC(157) Eden regions: 2->0(24)
[2022-03-13T03:10:21.070+0800][1088.010s] GC(157) Survivor regions: 1->1(2)
[2022-03-13T03:10:21.070+0800][1088.010s] GC(157) Old regions: 469->469
[2022-03-13T03:10:21.071+0800][1088.010s] GC(157) Archive regions: 0->0
[2022-03-13T03:10:21.071+0800][1088.010s] GC(157) Humongous regions: 38->38
[2022-03-13T03:10:21.071+0800][1088.010s] GC(157) Metaspace: 53263K(53632K)->53263K(53632K) NonClass: 47092K(47296K)->47092K(47296K) Class: 6171K(6336K)->6171K(6336K)
[2022-03-13T03:10:21.071+0800][1088.010s] GC(157) Pause Young (Normal) (G1 Preventive Collection) 505M->503M(512M) 1.251ms
[2022-03-13T03:10:21.071+0800][1088.010s] GC(157) User=0.00s Sys=0.00s Real=0.00s
[2022-03-13T03:10:21.099+0800][1088.039s] GC(158) Pause Young (Normal) (G1 Preventive Collection)
[2022-03-13T03:10:21.099+0800][1088.039s] GC(158) Using 8 workers of 8 for evacuation
[2022-03-13T03:10:21.100+0800][1088.040s] GC(158)   Pre Evacuate Collection Set: 0.1ms
[2022-03-13T03:10:21.100+0800][1088.040s] GC(158)   Merge Heap Roots: 0.1ms
[2022-03-13T03:10:21.100+0800][1088.040s] GC(158)   Evacuate Collection Set: 0.5ms
[2022-03-13T03:10:21.100+0800][1088.040s] GC(158)   Post Evacuate Collection Set: 0.4ms
[2022-03-13T03:10:21.100+0800][1088.040s] GC(158)   Other: 0.2ms
[2022-03-13T03:10:21.100+0800][1088.040s] GC(158) Eden regions: 2->0(24)
[2022-03-13T03:10:21.101+0800][1088.040s] GC(158) Survivor regions: 1->1(2)
[2022-03-13T03:10:21.101+0800][1088.040s] GC(158) Old regions: 469->469
[2022-03-13T03:10:21.101+0800][1088.040s] GC(158) Archive regions: 0->0
[2022-03-13T03:10:21.101+0800][1088.040s] GC(158) Humongous regions: 38->38
[2022-03-13T03:10:21.101+0800][1088.040s] GC(158) Metaspace: 53263K(53632K)->53263K(53632K) NonClass: 47092K(47296K)->47092K(47296K) Class: 6171K(6336K)->6171K(6336K)
[2022-03-13T03:10:21.101+0800][1088.040s] GC(158) Pause Young (Normal) (G1 Preventive Collection) 505M->503M(512M) 1.528ms
[2022-03-13T03:10:21.101+0800][1088.040s] GC(158) User=0.00s Sys=0.00s Real=0.00s
[2022-03-13T03:10:21.134+0800][1088.073s] GC(159) Pause Young (Normal) (G1 Preventive Collection)
[2022-03-13T03:10:21.134+0800][1088.073s] GC(159) Using 8 workers of 8 for evacuation
[2022-03-13T03:10:21.135+0800][1088.074s] GC(159)   Pre Evacuate Collection Set: 0.1ms
[2022-03-13T03:10:21.135+0800][1088.074s] GC(159)   Merge Heap Roots: 0.1ms
[2022-03-13T03:10:21.135+0800][1088.074s] GC(159)   Evacuate Collection Set: 0.5ms
[2022-03-13T03:10:21.135+0800][1088.074s] GC(159)   Post Evacuate Collection Set: 0.3ms
[2022-03-13T03:10:21.135+0800][1088.074s] GC(159)   Other: 0.2ms
[2022-03-13T03:10:21.135+0800][1088.074s] GC(159) Eden regions: 2->0(24)
[2022-03-13T03:10:21.135+0800][1088.074s] GC(159) Survivor regions: 1->1(2)
[2022-03-13T03:10:21.135+0800][1088.074s] GC(159) Old regions: 469->469
[2022-03-13T03:10:21.135+0800][1088.074s] GC(159) Archive regions: 0->0
[2022-03-13T03:10:21.135+0800][1088.074s] GC(159) Humongous regions: 38->38
[2022-03-13T03:10:21.135+0800][1088.074s] GC(159) Metaspace: 53263K(53632K)->53263K(53632K) NonClass: 47092K(47296K)->47092K(47296K) Class: 6171K(6336K)->6171K(6336K)
[2022-03-13T03:10:21.135+0800][1088.074s] GC(159) Pause Young (Normal) (G1 Preventive Collection) 505M->503M(512M) 1.309ms
[2022-03-13T03:10:21.135+0800][1088.074s] GC(159) User=0.00s Sys=0.00s Real=0.00s
[2022-03-13T03:10:21.167+0800][1088.107s] GC(160) Pause Young (Normal) (G1 Preventive Collection)
[2022-03-13T03:10:21.167+0800][1088.107s] GC(160) Using 8 workers of 8 for evacuation
[2022-03-13T03:10:21.169+0800][1088.108s] GC(160)   Pre Evacuate Collection Set: 0.1ms
[2022-03-13T03:10:21.169+0800][1088.108s] GC(160)   Merge Heap Roots: 0.1ms
[2022-03-13T03:10:21.169+0800][1088.108s] GC(160)   Evacuate Collection Set: 0.4ms
[2022-03-13T03:10:21.169+0800][1088.108s] GC(160)   Post Evacuate Collection Set: 0.3ms
[2022-03-13T03:10:21.169+0800][1088.108s] GC(160)   Other: 0.2ms
[2022-03-13T03:10:21.169+0800][1088.108s] GC(160) Eden regions: 2->0(24)
[2022-03-13T03:10:21.169+0800][1088.108s] GC(160) Survivor regions: 1->1(2)
[2022-03-13T03:10:21.169+0800][1088.108s] GC(160) Old regions: 469->469
[2022-03-13T03:10:21.169+0800][1088.108s] GC(160) Archive regions: 0->0
[2022-03-13T03:10:21.169+0800][1088.108s] GC(160) Humongous regions: 38->38
[2022-03-13T03:10:21.169+0800][1088.108s] GC(160) Metaspace: 53263K(53632K)->53263K(53632K) NonClass: 47092K(47296K)->47092K(47296K) Class: 6171K(6336K)->6171K(6336K)
[2022-03-13T03:10:21.169+0800][1088.108s] GC(160) Pause Young (Normal) (G1 Preventive Collection) 505M->503M(512M) 1.414ms
[2022-03-13T03:10:21.169+0800][1088.108s] GC(160) User=0.02s Sys=0.00s Real=0.00s
[2022-03-13T03:10:21.204+0800][1088.144s] GC(161) Pause Young (Normal) (G1 Preventive Collection)
[2022-03-13T03:10:21.204+0800][1088.144s] GC(161) Using 8 workers of 8 for evacuation
[2022-03-13T03:10:21.205+0800][1088.145s] GC(161)   Pre Evacuate Collection Set: 0.2ms
[2022-03-13T03:10:21.205+0800][1088.145s] GC(161)   Merge Heap Roots: 0.1ms
[2022-03-13T03:10:21.205+0800][1088.145s] GC(161)   Evacuate Collection Set: 0.3ms
[2022-03-13T03:10:21.205+0800][1088.145s] GC(161)   Post Evacuate Collection Set: 0.2ms
[2022-03-13T03:10:21.205+0800][1088.145s] GC(161)   Other: 0.3ms
[2022-03-13T03:10:21.205+0800][1088.145s] GC(161) Eden regions: 2->0(24)
[2022-03-13T03:10:21.205+0800][1088.145s] GC(161) Survivor regions: 1->1(2)
[2022-03-13T03:10:21.205+0800][1088.145s] GC(161) Old regions: 469->469
[2022-03-13T03:10:21.205+0800][1088.145s] GC(161) Archive regions: 0->0
[2022-03-13T03:10:21.205+0800][1088.145s] GC(161) Humongous regions: 38->38
[2022-03-13T03:10:21.205+0800][1088.145s] GC(161) Metaspace: 53263K(53632K)->53263K(53632K) NonClass: 47092K(47296K)->47092K(47296K) Class: 6171K(6336K)->6171K(6336K)
[2022-03-13T03:10:21.205+0800][1088.145s] GC(161) Pause Young (Normal) (G1 Preventive Collection) 505M->503M(512M) 1.067ms
[2022-03-13T03:10:21.205+0800][1088.145s] GC(161) User=0.00s Sys=0.00s Real=0.00s
[2022-03-13T03:10:21.214+0800][1088.155s] GC(136) Concurrent Mark From Roots 713.452ms
[2022-03-13T03:10:21.215+0800][1088.155s] GC(136) Concurrent Preclean
[2022-03-13T03:10:21.215+0800][1088.155s] GC(136) Concurrent Preclean 0.219ms
[2022-03-13T03:10:21.215+0800][1088.155s] GC(136) Pause Remark
[2022-03-13T03:10:21.219+0800][1088.158s] GC(136) Pause Remark 504M->496M(512M) 3.189ms
[2022-03-13T03:10:21.219+0800][1088.158s] GC(136) User=0.02s Sys=0.02s Real=0.00s
[2022-03-13T03:10:21.219+0800][1088.158s] GC(136) Concurrent Mark 717.168ms
[2022-03-13T03:10:21.219+0800][1088.158s] GC(136) Concurrent Rebuild Remembered Sets
[2022-03-13T03:10:21.304+0800][1088.244s] GC(162) Pause Young (Normal) (G1 Preventive Collection)
[2022-03-13T03:10:21.304+0800][1088.244s] GC(162) Using 8 workers of 8 for evacuation
[2022-03-13T03:10:21.305+0800][1088.245s] GC(162)   Pre Evacuate Collection Set: 0.1ms
[2022-03-13T03:10:21.305+0800][1088.245s] GC(162)   Merge Heap Roots: 0.0ms
[2022-03-13T03:10:21.305+0800][1088.245s] GC(162)   Evacuate Collection Set: 0.4ms
[2022-03-13T03:10:21.305+0800][1088.245s] GC(162)   Post Evacuate Collection Set: 0.2ms
[2022-03-13T03:10:21.305+0800][1088.245s] GC(162)   Other: 0.2ms
[2022-03-13T03:10:21.305+0800][1088.245s] GC(162) Eden regions: 8->0(24)
[2022-03-13T03:10:21.305+0800][1088.245s] GC(162) Survivor regions: 1->1(4)
[2022-03-13T03:10:21.305+0800][1088.245s] GC(162) Old regions: 469->469
[2022-03-13T03:10:21.305+0800][1088.245s] GC(162) Archive regions: 0->0
[2022-03-13T03:10:21.305+0800][1088.245s] GC(162) Humongous regions: 30->30
[2022-03-13T03:10:21.305+0800][1088.245s] GC(162) Metaspace: 53264K(53632K)->53264K(53632K) NonClass: 47092K(47296K)->47092K(47296K) Class: 6171K(6336K)->6171K(6336K)
[2022-03-13T03:10:21.305+0800][1088.245s] GC(162) Pause Young (Normal) (G1 Preventive Collection) 503M->495M(512M) 0.921ms
[2022-03-13T03:10:21.305+0800][1088.245s] GC(162) User=0.00s Sys=0.00s Real=0.00s
[2022-03-13T03:10:21.378+0800][1088.317s] GC(163) Pause Young (Normal) (G1 Preventive Collection)
[2022-03-13T03:10:21.378+0800][1088.317s] GC(163) Using 8 workers of 8 for evacuation
[2022-03-13T03:10:21.378+0800][1088.318s] GC(163)   Pre Evacuate Collection Set: 0.1ms
[2022-03-13T03:10:21.378+0800][1088.318s] GC(163)   Merge Heap Roots: 0.1ms
[2022-03-13T03:10:21.378+0800][1088.318s] GC(163)   Evacuate Collection Set: 0.3ms
[2022-03-13T03:10:21.378+0800][1088.318s] GC(163)   Post Evacuate Collection Set: 0.3ms
[2022-03-13T03:10:21.378+0800][1088.318s] GC(163)   Other: 0.1ms
[2022-03-13T03:10:21.378+0800][1088.318s] GC(163) Eden regions: 8->0(24)
[2022-03-13T03:10:21.378+0800][1088.318s] GC(163) Survivor regions: 1->1(4)
[2022-03-13T03:10:21.378+0800][1088.318s] GC(163) Old regions: 469->469
[2022-03-13T03:10:21.378+0800][1088.318s] GC(163) Archive regions: 0->0
[2022-03-13T03:10:21.378+0800][1088.318s] GC(163) Humongous regions: 30->30
[2022-03-13T03:10:21.378+0800][1088.318s] GC(163) Metaspace: 53264K(53632K)->53264K(53632K) NonClass: 47092K(47296K)->47092K(47296K) Class: 6171K(6336K)->6171K(6336K)
[2022-03-13T03:10:21.378+0800][1088.318s] GC(163) Pause Young (Normal) (G1 Preventive Collection) 503M->495M(512M) 0.942ms
[2022-03-13T03:10:21.378+0800][1088.318s] GC(163) User=0.00s Sys=0.00s Real=0.00s
[2022-03-13T03:10:21.455+0800][1088.394s] GC(164) Pause Young (Normal) (G1 Preventive Collection)
[2022-03-13T03:10:21.455+0800][1088.394s] GC(164) Using 8 workers of 8 for evacuation
[2022-03-13T03:10:21.456+0800][1088.395s] GC(164)   Pre Evacuate Collection Set: 0.1ms
[2022-03-13T03:10:21.456+0800][1088.395s] GC(164)   Merge Heap Roots: 0.0ms
[2022-03-13T03:10:21.456+0800][1088.395s] GC(164)   Evacuate Collection Set: 0.3ms
[2022-03-13T03:10:21.456+0800][1088.395s] GC(164)   Post Evacuate Collection Set: 0.3ms
[2022-03-13T03:10:21.456+0800][1088.395s] GC(164)   Other: 0.1ms
[2022-03-13T03:10:21.456+0800][1088.395s] GC(164) Eden regions: 8->0(24)
[2022-03-13T03:10:21.456+0800][1088.395s] GC(164) Survivor regions: 1->1(4)
[2022-03-13T03:10:21.456+0800][1088.395s] GC(164) Old regions: 469->469
[2022-03-13T03:10:21.456+0800][1088.395s] GC(164) Archive regions: 0->0
[2022-03-13T03:10:21.456+0800][1088.395s] GC(164) Humongous regions: 30->30
[2022-03-13T03:10:21.456+0800][1088.395s] GC(164) Metaspace: 53264K(53632K)->53264K(53632K) NonClass: 47092K(47296K)->47092K(47296K) Class: 6171K(6336K)->6171K(6336K)
[2022-03-13T03:10:21.456+0800][1088.395s] GC(164) Pause Young (Normal) (G1 Preventive Collection) 503M->495M(512M) 1.007ms
[2022-03-13T03:10:21.456+0800][1088.395s] GC(164) User=0.00s Sys=0.00s Real=0.00s
[2022-03-13T03:10:21.501+0800][1088.440s] GC(136) Concurrent Rebuild Remembered Sets 281.705ms
[2022-03-13T03:10:21.501+0800][1088.440s] GC(136) Pause Cleanup
[2022-03-13T03:10:21.501+0800][1088.440s] GC(136) Pause Cleanup 499M->499M(512M) 0.199ms
[2022-03-13T03:10:21.501+0800][1088.440s] GC(136) User=0.00s Sys=0.00s Real=0.00s
[2022-03-13T03:10:21.501+0800][1088.440s] GC(136) Concurrent Cleanup for Next Mark
[2022-03-13T03:10:21.502+0800][1088.441s] GC(136) Concurrent Cleanup for Next Mark 0.364ms
[2022-03-13T03:10:21.502+0800][1088.441s] GC(136) Concurrent Mark Cycle 1000.868ms
[2022-03-13T03:10:21.584+0800][1088.523s] GC(165) Pause Young (Normal) (G1 Preventive Collection)
[2022-03-13T03:10:21.584+0800][1088.524s] GC(165) Using 8 workers of 8 for evacuation
[2022-03-13T03:10:21.585+0800][1088.525s] GC(165)   Pre Evacuate Collection Set: 0.2ms
[2022-03-13T03:10:21.585+0800][1088.525s] GC(165)   Merge Heap Roots: 0.1ms
[2022-03-13T03:10:21.585+0800][1088.525s] GC(165)   Evacuate Collection Set: 0.4ms
[2022-03-13T03:10:21.585+0800][1088.525s] GC(165)   Post Evacuate Collection Set: 0.4ms
[2022-03-13T03:10:21.585+0800][1088.525s] GC(165)   Other: 0.2ms
[2022-03-13T03:10:21.585+0800][1088.525s] GC(165) Eden regions: 9->0(24)
[2022-03-13T03:10:21.585+0800][1088.525s] GC(165) Survivor regions: 1->1(3)
[2022-03-13T03:10:21.585+0800][1088.525s] GC(165) Old regions: 469->469
[2022-03-13T03:10:21.585+0800][1088.525s] GC(165) Archive regions: 0->0
[2022-03-13T03:10:21.585+0800][1088.525s] GC(165) Humongous regions: 30->30
[2022-03-13T03:10:21.585+0800][1088.525s] GC(165) Metaspace: 53266K(53632K)->53266K(53632K) NonClass: 47095K(47296K)->47095K(47296K) Class: 6171K(6336K)->6171K(6336K)
[2022-03-13T03:10:21.585+0800][1088.525s] GC(165) Pause Young (Normal) (G1 Preventive Collection) 504M->495M(512M) 1.403ms
[2022-03-13T03:10:21.585+0800][1088.525s] GC(165) User=0.00s Sys=0.00s Real=0.00s
[2022-03-13T03:10:21.682+0800][1088.622s] GC(166) Pause Young (Concurrent Start) (G1 Preventive Collection)
[2022-03-13T03:10:21.683+0800][1088.622s] GC(166) Using 8 workers of 8 for evacuation
[2022-03-13T03:10:21.685+0800][1088.624s] GC(166)   Pre Evacuate Collection Set: 0.2ms
[2022-03-13T03:10:21.685+0800][1088.624s] GC(166)   Merge Heap Roots: 0.1ms
[2022-03-13T03:10:21.685+0800][1088.624s] GC(166)   Evacuate Collection Set: 0.9ms
[2022-03-13T03:10:21.685+0800][1088.624s] GC(166)   Post Evacuate Collection Set: 0.6ms
[2022-03-13T03:10:21.685+0800][1088.624s] GC(166)   Other: 0.3ms
[2022-03-13T03:10:21.685+0800][1088.624s] GC(166) Eden regions: 9->0(24)
[2022-03-13T03:10:21.685+0800][1088.624s] GC(166) Survivor regions: 1->1(3)
[2022-03-13T03:10:21.685+0800][1088.624s] GC(166) Old regions: 469->469
[2022-03-13T03:10:21.685+0800][1088.624s] GC(166) Archive regions: 0->0
[2022-03-13T03:10:21.685+0800][1088.625s] GC(166) Humongous regions: 30->30
[2022-03-13T03:10:21.685+0800][1088.625s] GC(166) Metaspace: 53266K(53632K)->53266K(53632K) NonClass: 47095K(47296K)->47095K(47296K) Class: 6171K(6336K)->6171K(6336K)
[2022-03-13T03:10:21.685+0800][1088.625s] GC(166) Pause Young (Concurrent Start) (G1 Preventive Collection) 504M->495M(512M) 2.168ms
[2022-03-13T03:10:21.685+0800][1088.625s] GC(166) User=0.03s Sys=0.00s Real=0.00s
[2022-03-13T03:10:21.685+0800][1088.625s] GC(167) Concurrent Mark Cycle
[2022-03-13T03:10:21.685+0800][1088.625s] GC(167) Concurrent Clear Claimed Marks
[2022-03-13T03:10:21.685+0800][1088.625s] GC(167) Concurrent Clear Claimed Marks 0.025ms
[2022-03-13T03:10:21.685+0800][1088.625s] GC(167) Concurrent Scan Root Regions
[2022-03-13T03:10:21.686+0800][1088.625s] GC(167) Concurrent Scan Root Regions 0.508ms
[2022-03-13T03:10:21.686+0800][1088.625s] GC(167) Concurrent Mark
[2022-03-13T03:10:21.686+0800][1088.625s] GC(167) Concurrent Mark From Roots
[2022-03-13T03:10:21.686+0800][1088.625s] GC(167) Using 2 workers of 2 for marking
[2022-03-13T03:10:21.757+0800][1088.697s] GC(168) Pause Young (Normal) (G1 Preventive Collection)
[2022-03-13T03:10:21.757+0800][1088.697s] GC(168) Using 8 workers of 8 for evacuation
[2022-03-13T03:10:21.758+0800][1088.698s] GC(168)   Pre Evacuate Collection Set: 0.1ms
[2022-03-13T03:10:21.758+0800][1088.698s] GC(168)   Merge Heap Roots: 0.0ms
[2022-03-13T03:10:21.758+0800][1088.698s] GC(168)   Evacuate Collection Set: 0.3ms
[2022-03-13T03:10:21.758+0800][1088.698s] GC(168)   Post Evacuate Collection Set: 0.2ms
[2022-03-13T03:10:21.758+0800][1088.698s] GC(168)   Other: 0.2ms
[2022-03-13T03:10:21.758+0800][1088.698s] GC(168) Eden regions: 9->0(24)
[2022-03-13T03:10:21.758+0800][1088.698s] GC(168) Survivor regions: 1->1(3)
[2022-03-13T03:10:21.758+0800][1088.698s] GC(168) Old regions: 469->469
[2022-03-13T03:10:21.758+0800][1088.698s] GC(168) Archive regions: 0->0
[2022-03-13T03:10:21.758+0800][1088.698s] GC(168) Humongous regions: 30->30
[2022-03-13T03:10:21.758+0800][1088.698s] GC(168) Metaspace: 53266K(53632K)->53266K(53632K) NonClass: 47095K(47296K)->47095K(47296K) Class: 6171K(6336K)->6171K(6336K)
[2022-03-13T03:10:21.758+0800][1088.698s] GC(168) Pause Young (Normal) (G1 Preventive Collection) 504M->495M(512M) 0.956ms
[2022-03-13T03:10:21.758+0800][1088.698s] GC(168) User=0.00s Sys=0.00s Real=0.00s
[2022-03-13T03:10:21.850+0800][1088.790s] GC(169) Pause Young (Normal) (G1 Preventive Collection)
[2022-03-13T03:10:21.850+0800][1088.790s] GC(169) Using 8 workers of 8 for evacuation
[2022-03-13T03:10:21.851+0800][1088.790s] GC(169)   Pre Evacuate Collection Set: 0.1ms
[2022-03-13T03:10:21.851+0800][1088.790s] GC(169)   Merge Heap Roots: 0.1ms
[2022-03-13T03:10:21.851+0800][1088.790s] GC(169)   Evacuate Collection Set: 0.3ms
[2022-03-13T03:10:21.851+0800][1088.790s] GC(169)   Post Evacuate Collection Set: 0.4ms
[2022-03-13T03:10:21.851+0800][1088.790s] GC(169)   Other: 0.1ms
[2022-03-13T03:10:21.851+0800][1088.790s] GC(169) Eden regions: 9->0(24)
[2022-03-13T03:10:21.851+0800][1088.791s] GC(169) Survivor regions: 1->1(3)
[2022-03-13T03:10:21.851+0800][1088.791s] GC(169) Old regions: 469->469
[2022-03-13T03:10:21.851+0800][1088.791s] GC(169) Archive regions: 0->0
[2022-03-13T03:10:21.851+0800][1088.791s] GC(169) Humongous regions: 30->30
[2022-03-13T03:10:21.851+0800][1088.791s] GC(169) Metaspace: 53266K(53632K)->53266K(53632K) NonClass: 47095K(47296K)->47095K(47296K) Class: 6171K(6336K)->6171K(6336K)
[2022-03-13T03:10:21.851+0800][1088.791s] GC(169) Pause Young (Normal) (G1 Preventive Collection) 504M->495M(512M) 1.024ms
[2022-03-13T03:10:21.851+0800][1088.791s] GC(169) User=0.00s Sys=0.00s Real=0.00s
[2022-03-13T03:10:21.977+0800][1088.916s] GC(170) Pause Young (Normal) (G1 Preventive Collection)
[2022-03-13T03:10:21.977+0800][1088.916s] GC(170) Using 8 workers of 8 for evacuation
[2022-03-13T03:10:21.978+0800][1088.918s] GC(170)   Pre Evacuate Collection Set: 0.1ms
[2022-03-13T03:10:21.978+0800][1088.918s] GC(170)   Merge Heap Roots: 0.1ms
[2022-03-13T03:10:21.978+0800][1088.918s] GC(170)   Evacuate Collection Set: 0.5ms
[2022-03-13T03:10:21.978+0800][1088.918s] GC(170)   Post Evacuate Collection Set: 0.5ms
[2022-03-13T03:10:21.978+0800][1088.918s] GC(170)   Other: 0.2ms
[2022-03-13T03:10:21.978+0800][1088.918s] GC(170) Eden regions: 10->0(24)
[2022-03-13T03:10:21.978+0800][1088.918s] GC(170) Survivor regions: 1->1(2)
[2022-03-13T03:10:21.978+0800][1088.918s] GC(170) Old regions: 469->469
[2022-03-13T03:10:21.978+0800][1088.918s] GC(170) Archive regions: 0->0
[2022-03-13T03:10:21.978+0800][1088.918s] GC(170) Humongous regions: 30->30
[2022-03-13T03:10:21.978+0800][1088.918s] GC(170) Metaspace: 53266K(53632K)->53266K(53632K) NonClass: 47095K(47296K)->47095K(47296K) Class: 6171K(6336K)->6171K(6336K)
[2022-03-13T03:10:21.978+0800][1088.918s] GC(170) Pause Young (Normal) (G1 Preventive Collection) 505M->495M(512M) 1.709ms
[2022-03-13T03:10:21.978+0800][1088.918s] GC(170) User=0.00s Sys=0.00s Real=0.00s
[2022-03-13T03:10:22.125+0800][1089.064s] GC(171) Pause Young (Normal) (G1 Preventive Collection)
[2022-03-13T03:10:22.125+0800][1089.064s] GC(171) Using 8 workers of 8 for evacuation
[2022-03-13T03:10:22.126+0800][1089.065s] GC(171)   Pre Evacuate Collection Set: 0.1ms
[2022-03-13T03:10:22.126+0800][1089.065s] GC(171)   Merge Heap Roots: 0.1ms
[2022-03-13T03:10:22.126+0800][1089.065s] GC(171)   Evacuate Collection Set: 0.3ms
[2022-03-13T03:10:22.126+0800][1089.065s] GC(171)   Post Evacuate Collection Set: 0.4ms
[2022-03-13T03:10:22.126+0800][1089.065s] GC(171)   Other: 0.1ms
[2022-03-13T03:10:22.126+0800][1089.065s] GC(171) Eden regions: 10->0(24)
[2022-03-13T03:10:22.126+0800][1089.065s] GC(171) Survivor regions: 1->1(2)
[2022-03-13T03:10:22.126+0800][1089.065s] GC(171) Old regions: 469->469
[2022-03-13T03:10:22.126+0800][1089.065s] GC(171) Archive regions: 0->0
[2022-03-13T03:10:22.126+0800][1089.065s] GC(171) Humongous regions: 30->30
[2022-03-13T03:10:22.126+0800][1089.065s] GC(171) Metaspace: 53266K(53632K)->53266K(53632K) NonClass: 47095K(47296K)->47095K(47296K) Class: 6171K(6336K)->6171K(6336K)
[2022-03-13T03:10:22.126+0800][1089.065s] GC(171) Pause Young (Normal) (G1 Preventive Collection) 505M->495M(512M) 1.289ms
[2022-03-13T03:10:22.126+0800][1089.065s] GC(171) User=0.00s Sys=0.00s Real=0.00s
[2022-03-13T03:10:22.273+0800][1089.213s] GC(172) Pause Young (Normal) (G1 Preventive Collection)
[2022-03-13T03:10:22.273+0800][1089.213s] GC(172) Using 8 workers of 8 for evacuation
[2022-03-13T03:10:22.273+0800][1089.214s] GC(172)   Pre Evacuate Collection Set: 0.1ms
[2022-03-13T03:10:22.274+0800][1089.214s] GC(172)   Merge Heap Roots: 0.1ms
[2022-03-13T03:10:22.274+0800][1089.214s] GC(172)   Evacuate Collection Set: 0.3ms
[2022-03-13T03:10:22.274+0800][1089.214s] GC(172)   Post Evacuate Collection Set: 0.4ms
[2022-03-13T03:10:22.274+0800][1089.214s] GC(172)   Other: 0.1ms
[2022-03-13T03:10:22.274+0800][1089.214s] GC(172) Eden regions: 10->0(24)
[2022-03-13T03:10:22.274+0800][1089.214s] GC(172) Survivor regions: 1->1(2)
[2022-03-13T03:10:22.274+0800][1089.214s] GC(172) Old regions: 469->469
[2022-03-13T03:10:22.274+0800][1089.214s] GC(172) Archive regions: 0->0
[2022-03-13T03:10:22.274+0800][1089.214s] GC(172) Humongous regions: 30->30
[2022-03-13T03:10:22.274+0800][1089.214s] GC(172) Metaspace: 53266K(53632K)->53266K(53632K) NonClass: 47095K(47296K)->47095K(47296K) Class: 6171K(6336K)->6171K(6336K)
[2022-03-13T03:10:22.274+0800][1089.214s] GC(172) Pause Young (Normal) (G1 Preventive Collection) 505M->495M(512M) 1.116ms
[2022-03-13T03:10:22.274+0800][1089.214s] GC(172) User=0.00s Sys=0.00s Real=0.00s
[2022-03-13T03:10:22.290+0800][1089.230s] GC(167) Concurrent Mark From Roots 604.775ms
[2022-03-13T03:10:22.290+0800][1089.230s] GC(167) Concurrent Preclean
[2022-03-13T03:10:22.291+0800][1089.230s] GC(167) Concurrent Preclean 0.361ms
[2022-03-13T03:10:22.291+0800][1089.231s] GC(167) Pause Remark
[2022-03-13T03:10:22.295+0800][1089.235s] GC(167) Pause Remark 497M->497M(512M) 4.193ms
[2022-03-13T03:10:22.295+0800][1089.235s] GC(167) User=0.08s Sys=0.00s Real=0.00s
[2022-03-13T03:10:22.295+0800][1089.235s] GC(167) Concurrent Mark 609.827ms
[2022-03-13T03:10:22.295+0800][1089.235s] GC(167) Concurrent Rebuild Remembered Sets
[2022-03-13T03:10:22.416+0800][1089.356s] GC(173) Pause Young (Normal) (G1 Preventive Collection)
[2022-03-13T03:10:22.417+0800][1089.356s] GC(173) Using 8 workers of 8 for evacuation
[2022-03-13T03:10:22.418+0800][1089.358s] GC(173)   Pre Evacuate Collection Set: 0.1ms
[2022-03-13T03:10:22.418+0800][1089.358s] GC(173)   Merge Heap Roots: 0.1ms
[2022-03-13T03:10:22.418+0800][1089.358s] GC(173)   Evacuate Collection Set: 0.5ms
[2022-03-13T03:10:22.418+0800][1089.358s] GC(173)   Post Evacuate Collection Set: 0.4ms
[2022-03-13T03:10:22.418+0800][1089.358s] GC(173)   Other: 0.2ms
[2022-03-13T03:10:22.418+0800][1089.358s] GC(173) Eden regions: 10->0(24)
[2022-03-13T03:10:22.418+0800][1089.358s] GC(173) Survivor regions: 1->1(2)
[2022-03-13T03:10:22.418+0800][1089.358s] GC(173) Old regions: 469->469
[2022-03-13T03:10:22.418+0800][1089.358s] GC(173) Archive regions: 0->0
[2022-03-13T03:10:22.418+0800][1089.358s] GC(173) Humongous regions: 30->30
[2022-03-13T03:10:22.418+0800][1089.358s] GC(173) Metaspace: 53266K(53632K)->53266K(53632K) NonClass: 47095K(47296K)->47095K(47296K) Class: 6171K(6336K)->6171K(6336K)
[2022-03-13T03:10:22.418+0800][1089.358s] GC(173) Pause Young (Normal) (G1 Preventive Collection) 505M->495M(512M) 1.582ms
[2022-03-13T03:10:22.418+0800][1089.358s] GC(173) User=0.00s Sys=0.00s Real=0.00s
[2022-03-13T03:10:22.567+0800][1089.506s] GC(174) Pause Young (Normal) (G1 Preventive Collection)
[2022-03-13T03:10:22.567+0800][1089.507s] GC(174) Using 8 workers of 8 for evacuation
[2022-03-13T03:10:22.568+0800][1089.508s] GC(174)   Pre Evacuate Collection Set: 0.1ms
[2022-03-13T03:10:22.568+0800][1089.508s] GC(174)   Merge Heap Roots: 0.0ms
[2022-03-13T03:10:22.568+0800][1089.508s] GC(174)   Evacuate Collection Set: 0.6ms
[2022-03-13T03:10:22.568+0800][1089.508s] GC(174)   Post Evacuate Collection Set: 0.3ms
[2022-03-13T03:10:22.568+0800][1089.508s] GC(174)   Other: 0.2ms
[2022-03-13T03:10:22.568+0800][1089.508s] GC(174) Eden regions: 10->0(24)
[2022-03-13T03:10:22.569+0800][1089.508s] GC(174) Survivor regions: 1->1(2)
[2022-03-13T03:10:22.569+0800][1089.508s] GC(174) Old regions: 469->469
[2022-03-13T03:10:22.569+0800][1089.508s] GC(174) Archive regions: 0->0
[2022-03-13T03:10:22.569+0800][1089.508s] GC(174) Humongous regions: 30->30
[2022-03-13T03:10:22.569+0800][1089.508s] GC(174) Metaspace: 53266K(53632K)->53266K(53632K) NonClass: 47095K(47296K)->47095K(47296K) Class: 6171K(6336K)->6171K(6336K)
[2022-03-13T03:10:22.569+0800][1089.508s] GC(174) Pause Young (Normal) (G1 Preventive Collection) 505M->495M(512M) 1.654ms
[2022-03-13T03:10:22.569+0800][1089.508s] GC(174) User=0.00s Sys=0.00s Real=0.00s
[2022-03-13T03:10:22.686+0800][1089.625s] GC(167) Concurrent Rebuild Remembered Sets 390.361ms
[2022-03-13T03:10:22.686+0800][1089.626s] GC(167) Pause Cleanup
[2022-03-13T03:10:22.686+0800][1089.626s] GC(167) Pause Cleanup 504M->504M(512M) 0.188ms
[2022-03-13T03:10:22.686+0800][1089.626s] GC(167) User=0.00s Sys=0.00s Real=0.00s
[2022-03-13T03:10:22.686+0800][1089.626s] GC(167) Concurrent Cleanup for Next Mark
[2022-03-13T03:10:22.687+0800][1089.626s] GC(167) Concurrent Cleanup for Next Mark 0.289ms
[2022-03-13T03:10:22.687+0800][1089.626s] GC(167) Concurrent Mark Cycle 1001.697ms
[2022-03-13T03:10:22.704+0800][1089.644s] GC(175) Pause Young (Prepare Mixed) (G1 Preventive Collection)
[2022-03-13T03:10:22.704+0800][1089.644s] GC(175) Using 8 workers of 8 for evacuation
[2022-03-13T03:10:22.706+0800][1089.645s] GC(175)   Pre Evacuate Collection Set: 0.1ms
[2022-03-13T03:10:22.706+0800][1089.645s] GC(175)   Merge Heap Roots: 0.0ms
[2022-03-13T03:10:22.706+0800][1089.645s] GC(175)   Evacuate Collection Set: 0.4ms
[2022-03-13T03:10:22.706+0800][1089.645s] GC(175)   Post Evacuate Collection Set: 0.3ms
[2022-03-13T03:10:22.706+0800][1089.645s] GC(175)   Other: 0.1ms
[2022-03-13T03:10:22.706+0800][1089.645s] GC(175) Eden regions: 10->0(24)
[2022-03-13T03:10:22.706+0800][1089.645s] GC(175) Survivor regions: 1->1(2)
[2022-03-13T03:10:22.706+0800][1089.645s] GC(175) Old regions: 469->469
[2022-03-13T03:10:22.706+0800][1089.645s] GC(175) Archive regions: 0->0
[2022-03-13T03:10:22.706+0800][1089.645s] GC(175) Humongous regions: 30->30
[2022-03-13T03:10:22.706+0800][1089.645s] GC(175) Metaspace: 53267K(53632K)->53267K(53632K) NonClass: 47095K(47296K)->47095K(47296K) Class: 6172K(6336K)->6172K(6336K)
[2022-03-13T03:10:22.706+0800][1089.645s] GC(175) Pause Young (Prepare Mixed) (G1 Preventive Collection) 505M->495M(512M) 1.060ms
[2022-03-13T03:10:22.706+0800][1089.645s] GC(175) User=0.00s Sys=0.00s Real=0.00s
[2022-03-13T03:10:22.770+0800][1089.709s] GC(176) Pause Young (Mixed) (G1 Preventive Collection)
[2022-03-13T03:10:22.770+0800][1089.709s] GC(176) Using 8 workers of 8 for evacuation
[2022-03-13T03:10:22.771+0800][1089.710s] GC(176)   Pre Evacuate Collection Set: 0.1ms
[2022-03-13T03:10:22.771+0800][1089.710s] GC(176)   Merge Heap Roots: 0.0ms
[2022-03-13T03:10:22.771+0800][1089.710s] GC(176)   Evacuate Collection Set: 0.5ms
[2022-03-13T03:10:22.771+0800][1089.710s] GC(176)   Post Evacuate Collection Set: 0.4ms
[2022-03-13T03:10:22.771+0800][1089.710s] GC(176)   Other: 0.2ms
[2022-03-13T03:10:22.771+0800][1089.710s] GC(176) Eden regions: 10->0(24)
[2022-03-13T03:10:22.771+0800][1089.710s] GC(176) Survivor regions: 1->1(2)
[2022-03-13T03:10:22.771+0800][1089.710s] GC(176) Old regions: 469->468
[2022-03-13T03:10:22.771+0800][1089.710s] GC(176) Archive regions: 0->0
[2022-03-13T03:10:22.771+0800][1089.710s] GC(176) Humongous regions: 30->30
[2022-03-13T03:10:22.771+0800][1089.710s] GC(176) Metaspace: 53267K(53632K)->53267K(53632K) NonClass: 47095K(47296K)->47095K(47296K) Class: 6172K(6336K)->6172K(6336K)
[2022-03-13T03:10:22.771+0800][1089.710s] GC(176) Pause Young (Mixed) (G1 Preventive Collection) 505M->495M(512M) 1.340ms
[2022-03-13T03:10:22.771+0800][1089.710s] GC(176) User=0.00s Sys=0.00s Real=0.00s
[2022-03-13T03:10:22.887+0800][1089.826s] GC(177) Pause Young (Concurrent Start) (G1 Preventive Collection)
[2022-03-13T03:10:22.887+0800][1089.826s] GC(177) Using 8 workers of 8 for evacuation
[2022-03-13T03:10:22.888+0800][1089.828s] GC(177)   Pre Evacuate Collection Set: 0.2ms
[2022-03-13T03:10:22.888+0800][1089.828s] GC(177)   Merge Heap Roots: 0.0ms
[2022-03-13T03:10:22.888+0800][1089.828s] GC(177)   Evacuate Collection Set: 0.6ms
[2022-03-13T03:10:22.888+0800][1089.828s] GC(177)   Post Evacuate Collection Set: 0.3ms
[2022-03-13T03:10:22.888+0800][1089.828s] GC(177)   Other: 0.2ms
[2022-03-13T03:10:22.888+0800][1089.828s] GC(177) Eden regions: 11->0(24)
[2022-03-13T03:10:22.888+0800][1089.828s] GC(177) Survivor regions: 1->1(2)
[2022-03-13T03:10:22.888+0800][1089.828s] GC(177) Old regions: 468->468
[2022-03-13T03:10:22.888+0800][1089.828s] GC(177) Archive regions: 0->0
[2022-03-13T03:10:22.888+0800][1089.828s] GC(177) Humongous regions: 30->30
[2022-03-13T03:10:22.888+0800][1089.828s] GC(177) Metaspace: 53267K(53632K)->53267K(53632K) NonClass: 47095K(47296K)->47095K(47296K) Class: 6172K(6336K)->6172K(6336K)
[2022-03-13T03:10:22.888+0800][1089.828s] GC(177) Pause Young (Concurrent Start) (G1 Preventive Collection) 506M->495M(512M) 1.376ms
[2022-03-13T03:10:22.888+0800][1089.828s] GC(177) User=0.02s Sys=0.00s Real=0.00s
[2022-03-13T03:10:22.888+0800][1089.828s] GC(178) Concurrent Mark Cycle
[2022-03-13T03:10:22.888+0800][1089.828s] GC(178) Concurrent Clear Claimed Marks
[2022-03-13T03:10:22.888+0800][1089.828s] GC(178) Concurrent Clear Claimed Marks 0.019ms
[2022-03-13T03:10:22.888+0800][1089.828s] GC(178) Concurrent Scan Root Regions
[2022-03-13T03:10:22.889+0800][1089.828s] GC(178) Concurrent Scan Root Regions 0.516ms
[2022-03-13T03:10:22.889+0800][1089.828s] GC(178) Concurrent Mark
[2022-03-13T03:10:22.889+0800][1089.828s] GC(178) Concurrent Mark From Roots
[2022-03-13T03:10:22.889+0800][1089.828s] GC(178) Using 2 workers of 2 for marking
[2022-03-13T03:10:23.373+0800][1090.313s] GC(178) Concurrent Mark From Roots 484.112ms
[2022-03-13T03:10:23.373+0800][1090.313s] GC(178) Concurrent Preclean
[2022-03-13T03:10:23.373+0800][1090.313s] GC(178) Concurrent Preclean 0.210ms
[2022-03-13T03:10:23.374+0800][1090.313s] GC(178) Pause Remark
[2022-03-13T03:10:23.376+0800][1090.316s] GC(178) Pause Remark 496M->496M(512M) 3.030ms
[2022-03-13T03:10:23.376+0800][1090.316s] GC(178) User=0.00s Sys=0.00s Real=0.00s
[2022-03-13T03:10:23.377+0800][1090.316s] GC(178) Concurrent Mark 487.792ms
[2022-03-13T03:10:23.377+0800][1090.316s] GC(178) Concurrent Rebuild Remembered Sets
[2022-03-13T03:10:23.680+0800][1090.620s] GC(178) Concurrent Rebuild Remembered Sets 303.351ms
[2022-03-13T03:10:23.680+0800][1090.620s] GC(178) Pause Cleanup
[2022-03-13T03:10:23.680+0800][1090.620s] GC(178) Pause Cleanup 496M->496M(512M) 0.166ms
[2022-03-13T03:10:23.680+0800][1090.620s] GC(178) User=0.00s Sys=0.00s Real=0.00s
[2022-03-13T03:10:23.680+0800][1090.620s] GC(178) Concurrent Cleanup for Next Mark
[2022-03-13T03:10:23.680+0800][1090.620s] GC(178) Concurrent Cleanup for Next Mark 0.180ms
[2022-03-13T03:10:23.680+0800][1090.620s] GC(178) Concurrent Mark Cycle 792.391ms
[2022-03-13T03:11:19.382+0800][1146.322s] GC(179) Pause Young (Prepare Mixed) (G1 Humongous Allocation)
[2022-03-13T03:11:19.382+0800][1146.322s] GC(179) Using 8 workers of 8 for evacuation
[2022-03-13T03:11:19.384+0800][1146.323s] GC(179)   Pre Evacuate Collection Set: 0.1ms
[2022-03-13T03:11:19.384+0800][1146.323s] GC(179)   Merge Heap Roots: 0.1ms
[2022-03-13T03:11:19.384+0800][1146.324s] GC(179)   Evacuate Collection Set: 0.5ms
[2022-03-13T03:11:19.384+0800][1146.324s] GC(179)   Post Evacuate Collection Set: 0.5ms
[2022-03-13T03:11:19.384+0800][1146.324s] GC(179)   Other: 0.2ms
[2022-03-13T03:11:19.384+0800][1146.324s] GC(179) Eden regions: 2->0(24)
[2022-03-13T03:11:19.384+0800][1146.324s] GC(179) Survivor regions: 1->1(4)
[2022-03-13T03:11:19.384+0800][1146.324s] GC(179) Old regions: 468->468
[2022-03-13T03:11:19.384+0800][1146.324s] GC(179) Archive regions: 0->0
[2022-03-13T03:11:19.384+0800][1146.324s] GC(179) Humongous regions: 30->30
[2022-03-13T03:11:19.384+0800][1146.324s] GC(179) Metaspace: 53272K(53632K)->53272K(53632K) NonClass: 47100K(47296K)->47100K(47296K) Class: 6172K(6336K)->6172K(6336K)
[2022-03-13T03:11:19.384+0800][1146.324s] GC(179) Pause Young (Prepare Mixed) (G1 Humongous Allocation) 497M->495M(512M) 1.928ms
[2022-03-13T03:11:19.385+0800][1146.324s] GC(179) User=0.00s Sys=0.00s Real=0.00s
[2022-03-13T03:11:19.385+0800][1146.324s] Attempting full compaction
[2022-03-13T03:11:19.385+0800][1146.324s] GC(180) Using 8 workers of 8 for full compaction
[2022-03-13T03:11:19.385+0800][1146.324s] GC(180) Pause Full (G1 Compaction Pause)
[2022-03-13T03:11:19.385+0800][1146.324s] GC(180) Phase 1: Mark live objects
[2022-03-13T03:11:19.678+0800][1146.618s] GC(180) Phase 1: Mark live objects 293.675ms
[2022-03-13T03:11:19.678+0800][1146.618s] GC(180) Phase 2: Prepare for compaction
[2022-03-13T03:11:19.680+0800][1146.619s] GC(180) Phase 2: Prepare for compaction 1.102ms
[2022-03-13T03:11:19.680+0800][1146.619s] GC(180) Phase 3: Adjust pointers
[2022-03-13T03:11:19.729+0800][1146.668s] GC(180) Phase 3: Adjust pointers 49.286ms
[2022-03-13T03:11:19.729+0800][1146.668s] GC(180) Phase 4: Compact heap
[2022-03-13T03:11:19.730+0800][1146.669s] GC(180) Phase 4: Compact heap 0.750ms
[2022-03-13T03:11:19.736+0800][1146.675s] GC(180) Eden regions: 0->0(25)
[2022-03-13T03:11:19.736+0800][1146.676s] GC(180) Survivor regions: 1->0(4)
[2022-03-13T03:11:19.736+0800][1146.676s] GC(180) Old regions: 468->469
[2022-03-13T03:11:19.736+0800][1146.676s] GC(180) Archive regions: 0->0
[2022-03-13T03:11:19.736+0800][1146.676s] GC(180) Humongous regions: 30->30
[2022-03-13T03:11:19.736+0800][1146.676s] GC(180) Metaspace: 53272K(53632K)->53272K(53632K) NonClass: 47100K(47296K)->47100K(47296K) Class: 6172K(6336K)->6172K(6336K)
[2022-03-13T03:11:19.736+0800][1146.676s] GC(180) Pause Full (G1 Compaction Pause) 495M->494M(512M) 351.526ms
[2022-03-13T03:11:19.737+0800][1146.676s] GC(180) User=2.20s Sys=0.03s Real=0.35s
[2022-03-13T03:11:19.737+0800][1146.676s] Attempting maximum full compaction clearing soft references
[2022-03-13T03:11:19.737+0800][1146.677s] GC(181) Using 8 workers of 8 for full compaction
[2022-03-13T03:11:19.737+0800][1146.677s] GC(181) Pause Full (G1 Compaction Pause)
[2022-03-13T03:11:19.737+0800][1146.677s] GC(181) Phase 1: Mark live objects
[2022-03-13T03:11:19.962+0800][1146.901s] GC(181) Phase 1: Mark live objects 224.471ms
[2022-03-13T03:11:19.962+0800][1146.902s] GC(181) Phase 2: Prepare for compaction
[2022-03-13T03:11:20.012+0800][1146.952s] GC(181) Phase 2: Prepare for compaction 50.051ms
[2022-03-13T03:11:20.012+0800][1146.952s] GC(181) Phase 3: Adjust pointers
[2022-03-13T03:11:20.085+0800][1147.025s] GC(181) Phase 3: Adjust pointers 73.262ms
[2022-03-13T03:11:20.085+0800][1147.025s] GC(181) Phase 4: Compact heap
[2022-03-13T03:11:20.149+0800][1147.089s] GC(181) Phase 4: Compact heap 63.996ms
[2022-03-13T03:11:20.160+0800][1147.099s] GC(181) Eden regions: 0->0(25)
[2022-03-13T03:11:20.160+0800][1147.099s] GC(181) Survivor regions: 0->0(4)
[2022-03-13T03:11:20.160+0800][1147.099s] GC(181) Old regions: 469->467
[2022-03-13T03:11:20.160+0800][1147.099s] GC(181) Archive regions: 0->0
[2022-03-13T03:11:20.160+0800][1147.099s] GC(181) Humongous regions: 30->30
[2022-03-13T03:11:20.160+0800][1147.099s] GC(181) Metaspace: 53272K(53632K)->53272K(53632K) NonClass: 47100K(47296K)->47100K(47296K) Class: 6172K(6336K)->6172K(6336K)
[2022-03-13T03:11:20.160+0800][1147.099s] GC(181) Pause Full (G1 Compaction Pause) 494M->493M(512M) 422.584ms
[2022-03-13T03:11:20.162+0800][1147.101s] GC(181) User=2.78s Sys=0.02s Real=0.42s
[2022-03-13T03:18:25.585+0800][1572.527s] GC(182) Pause Young (Concurrent Start) (G1 Humongous Allocation)
[2022-03-13T03:18:25.585+0800][1572.527s] GC(182) Using 8 workers of 8 for evacuation
[2022-03-13T03:18:25.589+0800][1572.528s] GC(182)   Pre Evacuate Collection Set: 0.1ms
[2022-03-13T03:18:25.589+0800][1572.528s] GC(182)   Merge Heap Roots: 0.1ms
[2022-03-13T03:18:25.589+0800][1572.528s] GC(182)   Evacuate Collection Set: 0.6ms
[2022-03-13T03:18:25.589+0800][1572.528s] GC(182)   Post Evacuate Collection Set: 0.4ms
[2022-03-13T03:18:25.589+0800][1572.528s] GC(182)   Other: 0.2ms
[2022-03-13T03:18:25.589+0800][1572.528s] GC(182) Eden regions: 7->0(24)
[2022-03-13T03:18:25.589+0800][1572.528s] GC(182) Survivor regions: 0->1(4)
[2022-03-13T03:18:25.589+0800][1572.528s] GC(182) Old regions: 467->467
[2022-03-13T03:18:25.589+0800][1572.528s] GC(182) Archive regions: 0->0
[2022-03-13T03:18:25.589+0800][1572.528s] GC(182) Humongous regions: 30->30
[2022-03-13T03:18:25.589+0800][1572.528s] GC(182) Metaspace: 53421K(53696K)->53421K(53696K) NonClass: 47226K(47360K)->47226K(47360K) Class: 6194K(6336K)->6194K(6336K)
[2022-03-13T03:18:25.589+0800][1572.528s] GC(182) Pause Young (Concurrent Start) (G1 Humongous Allocation) 500M->494M(512M) 1.680ms
[2022-03-13T03:18:25.589+0800][1572.529s] GC(182) User=0.00s Sys=0.00s Real=0.00s
[2022-03-13T03:18:25.589+0800][1572.529s] GC(183) Concurrent Mark Cycle
[2022-03-13T03:18:25.589+0800][1572.529s] GC(183) Concurrent Clear Claimed Marks
[2022-03-13T03:18:25.589+0800][1572.529s] GC(183) Concurrent Clear Claimed Marks 0.030ms
[2022-03-13T03:18:25.589+0800][1572.529s] GC(183) Concurrent Scan Root Regions
[2022-03-13T03:18:25.590+0800][1572.530s] GC(183) Concurrent Scan Root Regions 1.138ms
[2022-03-13T03:18:25.590+0800][1572.530s] GC(183) Concurrent Mark
[2022-03-13T03:18:25.590+0800][1572.530s] GC(183) Concurrent Mark From Roots
[2022-03-13T03:18:25.590+0800][1572.530s] GC(184) Pause Young (Normal) (G1 Humongous Allocation)
[2022-03-13T03:18:25.590+0800][1572.530s] GC(183) Using 2 workers of 2 for marking
[2022-03-13T03:18:25.590+0800][1572.530s] GC(184) Using 8 workers of 8 for evacuation
[2022-03-13T03:18:25.590+0800][1572.531s] GC(184)   Pre Evacuate Collection Set: 1.3ms
[2022-03-13T03:18:25.590+0800][1572.531s] GC(184)   Merge Heap Roots: 0.1ms
[2022-03-13T03:18:25.590+0800][1572.531s] GC(184)   Evacuate Collection Set: 0.3ms
[2022-03-13T03:18:25.590+0800][1572.531s] GC(184)   Post Evacuate Collection Set: 0.6ms
[2022-03-13T03:18:25.590+0800][1572.531s] GC(184)   Other: 0.2ms
[2022-03-13T03:18:25.590+0800][1572.531s] GC(184) Eden regions: 1->0(24)
[2022-03-13T03:18:25.590+0800][1572.531s] GC(184) Survivor regions: 1->1(4)
[2022-03-13T03:18:25.590+0800][1572.531s] GC(184) Old regions: 467->467
[2022-03-13T03:18:25.590+0800][1572.531s] GC(184) Archive regions: 0->0
[2022-03-13T03:18:25.590+0800][1572.531s] GC(184) Humongous regions: 30->30
[2022-03-13T03:18:25.590+0800][1572.531s] GC(184) Metaspace: 53421K(53696K)->53421K(53696K) NonClass: 47226K(47360K)->47226K(47360K) Class: 6194K(6336K)->6194K(6336K)
[2022-03-13T03:18:25.590+0800][1572.531s] GC(184) Pause Young (Normal) (G1 Humongous Allocation) 494M->493M(512M) 1.471ms
[2022-03-13T03:18:25.590+0800][1572.531s] GC(184) User=0.00s Sys=0.00s Real=0.00s
[2022-03-13T03:18:25.590+0800][1572.531s] Attempting full compaction
[2022-03-13T03:18:25.590+0800][1572.531s] GC(185) Using 8 workers of 8 for full compaction
[2022-03-13T03:18:25.590+0800][1572.532s] GC(185) Pause Full (G1 Compaction Pause)
[2022-03-13T03:18:25.590+0800][1572.532s] GC(185) Phase 1: Mark live objects
[2022-03-13T03:18:25.822+0800][1572.761s] GC(185) Phase 1: Mark live objects 228.972ms
[2022-03-13T03:18:25.822+0800][1572.761s] GC(185) Phase 2: Prepare for compaction
[2022-03-13T03:18:25.823+0800][1572.762s] GC(185) Phase 2: Prepare for compaction 1.159ms
[2022-03-13T03:18:25.823+0800][1572.762s] GC(185) Phase 3: Adjust pointers
[2022-03-13T03:18:25.875+0800][1572.815s] GC(185) Phase 3: Adjust pointers 52.694ms
[2022-03-13T03:18:25.875+0800][1572.815s] GC(185) Phase 4: Compact heap
[2022-03-13T03:18:25.876+0800][1572.816s] GC(185) Phase 4: Compact heap 0.846ms
[2022-03-13T03:18:25.883+0800][1572.823s] GC(185) Eden regions: 0->0(25)
[2022-03-13T03:18:25.883+0800][1572.823s] GC(185) Survivor regions: 1->0(4)
[2022-03-13T03:18:25.883+0800][1572.824s] GC(185) Old regions: 467->467
[2022-03-13T03:18:25.883+0800][1572.824s] GC(185) Archive regions: 0->0
[2022-03-13T03:18:25.883+0800][1572.824s] GC(185) Humongous regions: 30->30
[2022-03-13T03:18:25.883+0800][1572.824s] GC(185) Metaspace: 53421K(53696K)->53421K(53696K) NonClass: 47226K(47360K)->47226K(47360K) Class: 6194K(6336K)->6194K(6336K)
[2022-03-13T03:18:25.883+0800][1572.824s] GC(185) Pause Full (G1 Compaction Pause) 493M->493M(512M) 292.058ms
[2022-03-13T03:18:25.883+0800][1572.824s] GC(185) User=1.55s Sys=0.00s Real=0.29s
[2022-03-13T03:18:25.883+0800][1572.824s] Attempting maximum full compaction clearing soft references
[2022-03-13T03:18:25.883+0800][1572.824s] GC(186) Using 8 workers of 8 for full compaction
[2022-03-13T03:18:25.883+0800][1572.824s] GC(186) Pause Full (G1 Compaction Pause)
[2022-03-13T03:18:25.883+0800][1572.824s] GC(186) Phase 1: Mark live objects
[2022-03-13T03:18:26.172+0800][1573.111s] GC(186) Phase 1: Mark live objects 286.543ms
[2022-03-13T03:18:26.172+0800][1573.111s] GC(186) Phase 2: Prepare for compaction
[2022-03-13T03:18:26.227+0800][1573.167s] GC(186) Phase 2: Prepare for compaction 55.364ms
[2022-03-13T03:18:26.227+0800][1573.167s] GC(186) Phase 3: Adjust pointers
[2022-03-13T03:18:26.307+0800][1573.246s] GC(186) Phase 3: Adjust pointers 79.434ms
[2022-03-13T03:18:26.307+0800][1573.246s] GC(186) Phase 4: Compact heap
[2022-03-13T03:18:26.357+0800][1573.298s] GC(186) Phase 4: Compact heap 51.438ms
[2022-03-13T03:18:26.360+0800][1573.304s] GC(186) Eden regions: 0->0(25)
[2022-03-13T03:18:26.360+0800][1573.304s] GC(186) Survivor regions: 0->0(4)
[2022-03-13T03:18:26.360+0800][1573.304s] GC(186) Old regions: 467->466
[2022-03-13T03:18:26.360+0800][1573.304s] GC(186) Archive regions: 0->0
[2022-03-13T03:18:26.360+0800][1573.304s] GC(186) Humongous regions: 30->30
[2022-03-13T03:18:26.360+0800][1573.304s] GC(186) Metaspace: 53421K(53696K)->53421K(53696K) NonClass: 47226K(47360K)->47226K(47360K) Class: 6194K(6336K)->6194K(6336K)
[2022-03-13T03:18:26.360+0800][1573.304s] GC(186) Pause Full (G1 Compaction Pause) 493M->493M(512M) 479.569ms
[2022-03-13T03:18:26.360+0800][1573.304s] GC(186) User=3.05s Sys=0.02s Real=0.48s
[2022-03-13T03:18:26.360+0800][1573.305s] GC(183) Concurrent Mark From Roots 774.624ms
[2022-03-13T03:18:26.360+0800][1573.305s] GC(183) Concurrent Mark Abort
[2022-03-13T03:18:26.360+0800][1573.305s] GC(183) Concurrent Mark Cycle 775.997ms
[2022-03-13T03:26:20.310+0800][2047.249s] GC(187) Pause Young (Normal) (G1 Preventive Collection)
[2022-03-13T03:26:20.310+0800][2047.249s] GC(187) Using 8 workers of 8 for evacuation
[2022-03-13T03:26:20.311+0800][2047.250s] GC(187)   Pre Evacuate Collection Set: 0.1ms
[2022-03-13T03:26:20.311+0800][2047.250s] GC(187)   Merge Heap Roots: 0.1ms
[2022-03-13T03:26:20.311+0800][2047.250s] GC(187)   Evacuate Collection Set: 0.5ms
[2022-03-13T03:26:20.311+0800][2047.250s] GC(187)   Post Evacuate Collection Set: 0.5ms
[2022-03-13T03:26:20.311+0800][2047.250s] GC(187)   Other: 0.2ms
[2022-03-13T03:26:20.311+0800][2047.250s] GC(187) Eden regions: 14->0(24)
[2022-03-13T03:26:20.311+0800][2047.250s] GC(187) Survivor regions: 0->1(2)
[2022-03-13T03:26:20.311+0800][2047.250s] GC(187) Old regions: 466->466
[2022-03-13T03:26:20.311+0800][2047.250s] GC(187) Archive regions: 0->0
[2022-03-13T03:26:20.311+0800][2047.250s] GC(187) Humongous regions: 30->30
[2022-03-13T03:26:20.311+0800][2047.250s] GC(187) Metaspace: 53450K(53824K)->53450K(53824K) NonClass: 47255K(47488K)->47255K(47488K) Class: 6194K(6336K)->6194K(6336K)
[2022-03-13T03:26:20.311+0800][2047.250s] GC(187) Pause Young (Normal) (G1 Preventive Collection) 507M->494M(512M) 1.435ms
[2022-03-13T03:26:20.311+0800][2047.250s] GC(187) User=0.00s Sys=0.00s Real=0.00s
[2022-03-13T03:27:57.827+0800][2144.766s] GC(188) Pause Young (Concurrent Start) (G1 Humongous Allocation)
[2022-03-13T03:27:57.827+0800][2144.766s] GC(188) Using 8 workers of 8 for evacuation
[2022-03-13T03:27:57.828+0800][2144.768s] GC(188)   Pre Evacuate Collection Set: 0.1ms
[2022-03-13T03:27:57.828+0800][2144.768s] GC(188)   Merge Heap Roots: 0.0ms
[2022-03-13T03:27:57.828+0800][2144.768s] GC(188)   Evacuate Collection Set: 0.7ms
[2022-03-13T03:27:57.828+0800][2144.768s] GC(188)   Post Evacuate Collection Set: 0.4ms
[2022-03-13T03:27:57.828+0800][2144.768s] GC(188)   Other: 0.2ms
[2022-03-13T03:27:57.828+0800][2144.768s] GC(188) Eden regions: 2->0(24)
[2022-03-13T03:27:57.828+0800][2144.768s] GC(188) Survivor regions: 1->1(4)
[2022-03-13T03:27:57.828+0800][2144.768s] GC(188) Old regions: 466->466
[2022-03-13T03:27:57.828+0800][2144.768s] GC(188) Archive regions: 0->0
[2022-03-13T03:27:57.828+0800][2144.768s] GC(188) Humongous regions: 30->30
[2022-03-13T03:27:57.828+0800][2144.768s] GC(188) Metaspace: 53459K(53824K)->53459K(53824K) NonClass: 47264K(47488K)->47264K(47488K) Class: 6194K(6336K)->6194K(6336K)
[2022-03-13T03:27:57.828+0800][2144.768s] GC(188) Pause Young (Concurrent Start) (G1 Humongous Allocation) 496M->494M(512M) 1.554ms
[2022-03-13T03:27:57.828+0800][2144.768s] GC(188) User=0.00s Sys=0.00s Real=0.00s
[2022-03-13T03:27:57.828+0800][2144.768s] GC(189) Concurrent Mark Cycle
[2022-03-13T03:27:57.828+0800][2144.768s] GC(189) Concurrent Clear Claimed Marks
[2022-03-13T03:27:57.828+0800][2144.768s] GC(189) Concurrent Clear Claimed Marks 0.029ms
[2022-03-13T03:27:57.828+0800][2144.768s] GC(189) Concurrent Scan Root Regions
[2022-03-13T03:27:57.829+0800][2144.769s] GC(189) Concurrent Scan Root Regions 1.202ms
[2022-03-13T03:27:57.829+0800][2144.769s] GC(189) Concurrent Mark
[2022-03-13T03:27:57.829+0800][2144.769s] GC(189) Concurrent Mark From Roots
[2022-03-13T03:27:57.829+0800][2144.769s] GC(189) Using 2 workers of 2 for marking
[2022-03-13T03:27:57.829+0800][2144.769s] GC(190) Pause Young (Normal) (G1 Preventive Collection)
[2022-03-13T03:27:57.829+0800][2144.769s] GC(190) Using 8 workers of 8 for evacuation
[2022-03-13T03:27:57.831+0800][2144.770s] GC(190)   Pre Evacuate Collection Set: 1.2ms
[2022-03-13T03:27:57.831+0800][2144.770s] GC(190)   Merge Heap Roots: 0.0ms
[2022-03-13T03:27:57.831+0800][2144.770s] GC(190)   Evacuate Collection Set: 0.5ms
[2022-03-13T03:27:57.831+0800][2144.770s] GC(190)   Post Evacuate Collection Set: 0.4ms
[2022-03-13T03:27:57.831+0800][2144.770s] GC(190)   Other: 0.1ms
[2022-03-13T03:27:57.831+0800][2144.770s] GC(190) Eden regions: 0->0(24)
[2022-03-13T03:27:57.831+0800][2144.770s] GC(190) Survivor regions: 1->1(4)
[2022-03-13T03:27:57.831+0800][2144.770s] GC(190) Old regions: 466->466
[2022-03-13T03:27:57.831+0800][2144.770s] GC(190) Archive regions: 0->0
[2022-03-13T03:27:57.831+0800][2144.770s] GC(190) Humongous regions: 30->30
[2022-03-13T03:27:57.831+0800][2144.770s] GC(190) Metaspace: 53459K(53824K)->53459K(53824K) NonClass: 47264K(47488K)->47264K(47488K) Class: 6194K(6336K)->6194K(6336K)
[2022-03-13T03:27:57.831+0800][2144.770s] GC(190) Pause Young (Normal) (G1 Preventive Collection) 494M->494M(512M) 1.234ms
[2022-03-13T03:27:57.831+0800][2144.771s] GC(190) User=0.00s Sys=0.00s Real=0.00s
[2022-03-13T03:27:57.831+0800][2144.771s] Attempting full compaction
[2022-03-13T03:27:57.831+0800][2144.771s] GC(191) Using 8 workers of 8 for full compaction
[2022-03-13T03:27:57.831+0800][2144.771s] GC(191) Pause Full (G1 Compaction Pause)
[2022-03-13T03:27:57.831+0800][2144.771s] GC(191) Phase 1: Mark live objects
[2022-03-13T03:27:58.035+0800][2144.974s] GC(191) Phase 1: Mark live objects 202.935ms
[2022-03-13T03:27:58.035+0800][2144.974s] GC(191) Phase 2: Prepare for compaction
[2022-03-13T03:27:58.036+0800][2144.975s] GC(191) Phase 2: Prepare for compaction 0.954ms
[2022-03-13T03:27:58.036+0800][2144.975s] GC(191) Phase 3: Adjust pointers
[2022-03-13T03:27:58.086+0800][2145.026s] GC(191) Phase 3: Adjust pointers 50.188ms
[2022-03-13T03:27:58.086+0800][2145.026s] GC(191) Phase 4: Compact heap
[2022-03-13T03:27:58.087+0800][2145.026s] GC(191) Phase 4: Compact heap 0.663ms
[2022-03-13T03:27:58.095+0800][2145.034s] GC(191) Eden regions: 0->0(25)
[2022-03-13T03:27:58.095+0800][2145.034s] GC(191) Survivor regions: 1->0(4)
[2022-03-13T03:27:58.095+0800][2145.034s] GC(191) Old regions: 466->467
[2022-03-13T03:27:58.095+0800][2145.034s] GC(191) Archive regions: 0->0
[2022-03-13T03:27:58.095+0800][2145.034s] GC(191) Humongous regions: 30->30
[2022-03-13T03:27:58.095+0800][2145.035s] GC(191) Metaspace: 53459K(53824K)->53459K(53824K) NonClass: 47264K(47488K)->47264K(47488K) Class: 6194K(6336K)->6194K(6336K)
[2022-03-13T03:27:58.095+0800][2145.035s] GC(191) Pause Full (G1 Compaction Pause) 494M->493M(512M) 263.519ms
[2022-03-13T03:27:58.095+0800][2145.035s] GC(191) User=1.86s Sys=0.00s Real=0.26s
[2022-03-13T03:27:58.095+0800][2145.035s] Attempting maximum full compaction clearing soft references
[2022-03-13T03:27:58.095+0800][2145.035s] GC(192) Using 8 workers of 8 for full compaction
[2022-03-13T03:27:58.096+0800][2145.036s] GC(192) Pause Full (G1 Compaction Pause)
[2022-03-13T03:27:58.096+0800][2145.036s] GC(192) Phase 1: Mark live objects
[2022-03-13T03:27:58.332+0800][2145.271s] GC(192) Phase 1: Mark live objects 235.410ms
[2022-03-13T03:27:58.332+0800][2145.271s] GC(192) Phase 2: Prepare for compaction
[2022-03-13T03:27:58.376+0800][2145.316s] GC(192) Phase 2: Prepare for compaction 44.323ms
[2022-03-13T03:27:58.376+0800][2145.316s] GC(192) Phase 3: Adjust pointers
[2022-03-13T03:27:58.446+0800][2145.386s] GC(192) Phase 3: Adjust pointers 70.455ms
[2022-03-13T03:27:58.446+0800][2145.386s] GC(192) Phase 4: Compact heap
[2022-03-13T03:27:58.492+0800][2145.432s] GC(192) Phase 4: Compact heap 45.469ms
[2022-03-13T03:27:58.500+0800][2145.440s] GC(192) Eden regions: 0->0(25)
[2022-03-13T03:27:58.500+0800][2145.440s] GC(192) Survivor regions: 0->0(4)
[2022-03-13T03:27:58.500+0800][2145.440s] GC(192) Old regions: 467->466
[2022-03-13T03:27:58.500+0800][2145.440s] GC(192) Archive regions: 0->0
[2022-03-13T03:27:58.500+0800][2145.440s] GC(192) Humongous regions: 30->30
[2022-03-13T03:27:58.500+0800][2145.440s] GC(192) Metaspace: 53459K(53824K)->53459K(53824K) NonClass: 47264K(47488K)->47264K(47488K) Class: 6194K(6336K)->6194K(6336K)
[2022-03-13T03:27:58.500+0800][2145.440s] GC(192) Pause Full (G1 Compaction Pause) 493M->493M(512M) 404.214ms
[2022-03-13T03:27:58.501+0800][2145.440s] GC(192) User=2.95s Sys=0.00s Real=0.41s
[2022-03-13T03:27:58.501+0800][2145.440s] GC(189) Concurrent Mark From Roots 671.168ms
[2022-03-13T03:27:58.501+0800][2145.440s] GC(189) Concurrent Mark Abort
[2022-03-13T03:27:58.501+0800][2145.440s] GC(189) Concurrent Mark Cycle 672.586ms
[2022-03-13T03:27:58.516+0800][2145.456s] GC(193) Pause Young (Concurrent Start) (G1 Humongous Allocation)
[2022-03-13T03:27:58.516+0800][2145.456s] GC(193) Using 8 workers of 8 for evacuation
[2022-03-13T03:27:58.518+0800][2145.458s] GC(193) To-space exhausted
[2022-03-13T03:27:58.518+0800][2145.458s] GC(193)   Pre Evacuate Collection Set: 0.1ms
[2022-03-13T03:27:58.518+0800][2145.458s] GC(193)   Merge Heap Roots: 0.0ms
[2022-03-13T03:27:58.518+0800][2145.458s] GC(193)   Evacuate Collection Set: 0.5ms
[2022-03-13T03:27:58.518+0800][2145.458s] GC(193)   Post Evacuate Collection Set: 1.0ms
[2022-03-13T03:27:58.518+0800][2145.458s] GC(193)   Other: 0.3ms
[2022-03-13T03:27:58.518+0800][2145.458s] GC(193) Eden regions: 1->0(25)
[2022-03-13T03:27:58.518+0800][2145.458s] GC(193) Survivor regions: 0->0(0)
[2022-03-13T03:27:58.518+0800][2145.458s] GC(193) Old regions: 466->467
[2022-03-13T03:27:58.519+0800][2145.458s] GC(193) Archive regions: 0->0
[2022-03-13T03:27:58.519+0800][2145.458s] GC(193) Humongous regions: 45->45
[2022-03-13T03:27:58.519+0800][2145.458s] GC(193) Metaspace: 53460K(53824K)->53460K(53824K) NonClass: 47265K(47488K)->47265K(47488K) Class: 6194K(6336K)->6194K(6336K)
[2022-03-13T03:27:58.519+0800][2145.458s] GC(193) Pause Young (Concurrent Start) (G1 Humongous Allocation) 509M->509M(512M) 2.252ms
[2022-03-13T03:27:58.519+0800][2145.458s] GC(193) User=0.00s Sys=0.00s Real=0.00s
[2022-03-13T03:27:58.519+0800][2145.458s] Attempting full compaction clearing soft references
[2022-03-13T03:27:58.519+0800][2145.458s] GC(194) Concurrent Mark Cycle
[2022-03-13T03:27:58.519+0800][2145.458s] GC(195) Using 8 workers of 8 for full compaction
[2022-03-13T03:27:58.519+0800][2145.458s] GC(194) Concurrent Clear Claimed Marks
[2022-03-13T03:27:58.519+0800][2145.458s] GC(194) Concurrent Clear Claimed Marks 0.046ms
[2022-03-13T03:27:58.519+0800][2145.458s] GC(194) Concurrent Scan Root Regions
[2022-03-13T03:27:58.519+0800][2145.458s] GC(194) Concurrent Scan Root Regions 0.013ms
[2022-03-13T03:27:58.519+0800][2145.458s] GC(194) Concurrent Mark
[2022-03-13T03:27:58.519+0800][2145.458s] GC(194) Concurrent Mark From Roots
[2022-03-13T03:27:58.519+0800][2145.458s] GC(194) Using 2 workers of 2 for marking
[2022-03-13T03:27:58.519+0800][2145.458s] GC(195) Pause Full (G1 Compaction Pause)
[2022-03-13T03:27:58.519+0800][2145.459s] GC(195) Phase 1: Mark live objects
[2022-03-13T03:27:58.778+0800][2145.717s] GC(195) Phase 1: Mark live objects 258.304ms
[2022-03-13T03:27:58.778+0800][2145.717s] GC(195) Phase 2: Prepare for compaction
[2022-03-13T03:27:58.781+0800][2145.720s] GC(195) Phase 2: Prepare for compaction 3.136ms
[2022-03-13T03:27:58.781+0800][2145.720s] GC(195) Phase 3: Adjust pointers
[2022-03-13T03:27:58.838+0800][2145.778s] GC(195) Phase 3: Adjust pointers 57.308ms
[2022-03-13T03:27:58.838+0800][2145.778s] GC(195) Phase 4: Compact heap
[2022-03-13T03:27:58.840+0800][2145.780s] GC(195) Phase 4: Compact heap 2.100ms
[2022-03-13T03:27:58.847+0800][2145.787s] GC(195) Eden regions: 0->0(25)
[2022-03-13T03:27:58.847+0800][2145.787s] GC(195) Survivor regions: 0->0(0)
[2022-03-13T03:27:58.847+0800][2145.787s] GC(195) Old regions: 467->465
[2022-03-13T03:27:58.847+0800][2145.787s] GC(195) Archive regions: 0->0
[2022-03-13T03:27:58.847+0800][2145.787s] GC(195) Humongous regions: 45->45
[2022-03-13T03:27:58.847+0800][2145.787s] GC(195) Metaspace: 53460K(53824K)->53460K(53824K) NonClass: 47265K(47488K)->47265K(47488K) Class: 6194K(6336K)->6194K(6336K)
[2022-03-13T03:27:58.847+0800][2145.787s] GC(195) Pause Full (G1 Compaction Pause) 509M->508M(512M) 328.286ms
[2022-03-13T03:27:58.848+0800][2145.787s] GC(195) User=2.23s Sys=0.00s Real=0.33s
[2022-03-13T03:27:58.848+0800][2145.787s] GC(194) Concurrent Mark From Roots 329.062ms
[2022-03-13T03:27:58.848+0800][2145.787s] GC(196) Pause Young (Normal) (G1 Humongous Allocation)
[2022-03-13T03:27:58.848+0800][2145.787s] GC(196) Using 8 workers of 8 for evacuation
[2022-03-13T03:27:58.848+0800][2145.788s] GC(196)   Pre Evacuate Collection Set: 0.1ms
[2022-03-13T03:27:58.848+0800][2145.788s] GC(196)   Merge Heap Roots: 0.0ms
[2022-03-13T03:27:58.848+0800][2145.788s] GC(196)   Evacuate Collection Set: 0.2ms
[2022-03-13T03:27:58.848+0800][2145.788s] GC(196)   Post Evacuate Collection Set: 0.2ms
[2022-03-13T03:27:58.848+0800][2145.788s] GC(196)   Other: 0.1ms
[2022-03-13T03:27:58.848+0800][2145.788s] GC(196) Eden regions: 1->0(24)
[2022-03-13T03:27:58.848+0800][2145.788s] GC(196) Survivor regions: 0->1(1)
[2022-03-13T03:27:58.848+0800][2145.788s] GC(196) Old regions: 465->465
[2022-03-13T03:27:58.848+0800][2145.788s] GC(196) Archive regions: 0->0
[2022-03-13T03:27:58.848+0800][2145.788s] GC(196) Humongous regions: 45->45
[2022-03-13T03:27:58.848+0800][2145.788s] GC(196) Metaspace: 53460K(53824K)->53460K(53824K) NonClass: 47265K(47488K)->47265K(47488K) Class: 6194K(6336K)->6194K(6336K)
[2022-03-13T03:27:58.848+0800][2145.788s] GC(196) Pause Young (Normal) (G1 Humongous Allocation) 509M->508M(512M) 0.762ms
[2022-03-13T03:27:58.848+0800][2145.788s] GC(196) User=0.00s Sys=0.00s Real=0.00s
[2022-03-13T03:27:58.848+0800][2145.788s] Attempting full compaction
[2022-03-13T03:27:58.848+0800][2145.788s] GC(197) Using 8 workers of 8 for full compaction
[2022-03-13T03:27:58.848+0800][2145.788s] GC(197) Pause Full (G1 Compaction Pause)
[2022-03-13T03:27:58.848+0800][2145.788s] GC(197) Phase 1: Mark live objects
[2022-03-13T03:27:59.083+0800][2146.023s] GC(197) Phase 1: Mark live objects 234.096ms
[2022-03-13T03:27:59.083+0800][2146.023s] GC(197) Phase 2: Prepare for compaction
[2022-03-13T03:27:59.084+0800][2146.023s] GC(197) Phase 2: Prepare for compaction 0.657ms
[2022-03-13T03:27:59.084+0800][2146.023s] GC(197) Phase 3: Adjust pointers
[2022-03-13T03:27:59.143+0800][2146.082s] GC(197) Phase 3: Adjust pointers 58.977ms
[2022-03-13T03:27:59.143+0800][2146.082s] GC(197) Phase 4: Compact heap
[2022-03-13T03:27:59.143+0800][2146.083s] GC(197) Phase 4: Compact heap 0.293ms
[2022-03-13T03:27:59.149+0800][2146.089s] GC(197) Eden regions: 0->0(25)
[2022-03-13T03:27:59.149+0800][2146.089s] GC(197) Survivor regions: 1->0(1)
[2022-03-13T03:27:59.149+0800][2146.089s] GC(197) Old regions: 465->465
[2022-03-13T03:27:59.149+0800][2146.089s] GC(197) Archive regions: 0->0
[2022-03-13T03:27:59.149+0800][2146.089s] GC(197) Humongous regions: 45->45
[2022-03-13T03:27:59.149+0800][2146.089s] GC(197) Metaspace: 53460K(53824K)->53460K(53824K) NonClass: 47265K(47488K)->47265K(47488K) Class: 6194K(6336K)->6194K(6336K)
[2022-03-13T03:27:59.149+0800][2146.090s] GC(197) Pause Full (G1 Compaction Pause) 508M->508M(512M) 301.109ms
[2022-03-13T03:27:59.150+0800][2146.090s] GC(197) User=2.16s Sys=0.00s Real=0.30s
[2022-03-13T03:27:59.150+0800][2146.090s] Attempting maximum full compaction clearing soft references
[2022-03-13T03:27:59.150+0800][2146.090s] GC(198) Using 8 workers of 8 for full compaction
[2022-03-13T03:27:59.150+0800][2146.090s] GC(198) Pause Full (G1 Compaction Pause)
[2022-03-13T03:27:59.150+0800][2146.090s] GC(198) Phase 1: Mark live objects
[2022-03-13T03:27:59.388+0800][2146.328s] GC(198) Phase 1: Mark live objects 237.467ms
[2022-03-13T03:27:59.388+0800][2146.328s] GC(198) Phase 2: Prepare for compaction
[2022-03-13T03:27:59.437+0800][2146.376s] GC(198) Phase 2: Prepare for compaction 48.794ms
[2022-03-13T03:27:59.437+0800][2146.376s] GC(198) Phase 3: Adjust pointers
[2022-03-13T03:27:59.510+0800][2146.450s] GC(198) Phase 3: Adjust pointers 73.237ms
[2022-03-13T03:27:59.510+0800][2146.450s] GC(198) Phase 4: Compact heap
[2022-03-13T03:27:59.557+0800][2146.498s] GC(198) Phase 4: Compact heap 47.707ms
[2022-03-13T03:27:59.566+0800][2146.506s] GC(198) Eden regions: 0->0(25)
[2022-03-13T03:27:59.567+0800][2146.506s] GC(198) Survivor regions: 0->0(1)
[2022-03-13T03:27:59.567+0800][2146.506s] GC(198) Old regions: 465->465
[2022-03-13T03:27:59.567+0800][2146.506s] GC(198) Archive regions: 0->0
[2022-03-13T03:27:59.567+0800][2146.506s] GC(198) Humongous regions: 45->45
[2022-03-13T03:27:59.567+0800][2146.506s] GC(198) Metaspace: 53460K(53824K)->53460K(53824K) NonClass: 47265K(47488K)->47265K(47488K) Class: 6194K(6336K)->6194K(6336K)
[2022-03-13T03:27:59.567+0800][2146.506s] GC(198) Pause Full (G1 Compaction Pause) 508M->508M(512M) 415.945ms
[2022-03-13T03:27:59.567+0800][2146.506s] GC(198) User=2.84s Sys=0.02s Real=0.42s
[2022-03-13T03:27:59.567+0800][2146.507s] GC(194) Concurrent Mark Abort
[2022-03-13T03:27:59.567+0800][2146.507s] GC(194) Concurrent Mark Cycle 1048.472ms
[2022-03-13T03:27:59.579+0800][2146.519s] GC(199) Pause Young (Normal) (G1 Preventive Collection)
[2022-03-13T03:27:59.579+0800][2146.519s] GC(199) Using 8 workers of 8 for evacuation
[2022-03-13T03:27:59.580+0800][2146.520s] GC(199)   Pre Evacuate Collection Set: 0.1ms
[2022-03-13T03:27:59.580+0800][2146.520s] GC(199)   Merge Heap Roots: 0.0ms
[2022-03-13T03:27:59.580+0800][2146.520s] GC(199)   Evacuate Collection Set: 0.3ms
[2022-03-13T03:27:59.580+0800][2146.520s] GC(199)   Post Evacuate Collection Set: 0.3ms
[2022-03-13T03:27:59.580+0800][2146.520s] GC(199)   Other: 0.2ms
[2022-03-13T03:27:59.580+0800][2146.520s] GC(199) Eden regions: 1->0(24)
[2022-03-13T03:27:59.580+0800][2146.520s] GC(199) Survivor regions: 0->1(1)
[2022-03-13T03:27:59.580+0800][2146.520s] GC(199) Old regions: 465->465
[2022-03-13T03:27:59.580+0800][2146.520s] GC(199) Archive regions: 0->0
[2022-03-13T03:27:59.580+0800][2146.520s] GC(199) Humongous regions: 45->45
[2022-03-13T03:27:59.580+0800][2146.520s] GC(199) Metaspace: 53464K(53824K)->53464K(53824K) NonClass: 47269K(47488K)->47269K(47488K) Class: 6194K(6336K)->6194K(6336K)
[2022-03-13T03:27:59.580+0800][2146.520s] GC(199) Pause Young (Normal) (G1 Preventive Collection) 509M->509M(512M) 1.222ms
[2022-03-13T03:27:59.580+0800][2146.520s] GC(199) User=0.00s Sys=0.00s Real=0.00s
[2022-03-13T03:27:59.596+0800][2146.535s] GC(200) Pause Young (Concurrent Start) (G1 Evacuation Pause)
[2022-03-13T03:27:59.596+0800][2146.535s] GC(200) Using 8 workers of 8 for evacuation
[2022-03-13T03:27:59.598+0800][2146.537s] GC(200) To-space exhausted
[2022-03-13T03:27:59.598+0800][2146.537s] GC(200)   Pre Evacuate Collection Set: 0.1ms
[2022-03-13T03:27:59.598+0800][2146.537s] GC(200)   Merge Heap Roots: 0.0ms
[2022-03-13T03:27:59.598+0800][2146.537s] GC(200)   Evacuate Collection Set: 0.7ms
[2022-03-13T03:27:59.598+0800][2146.537s] GC(200)   Post Evacuate Collection Set: 1.1ms
[2022-03-13T03:27:59.598+0800][2146.538s] GC(200)   Other: 0.3ms
[2022-03-13T03:27:59.598+0800][2146.538s] GC(200) Eden regions: 1->0(25)
[2022-03-13T03:27:59.598+0800][2146.538s] GC(200) Survivor regions: 1->0(0)
[2022-03-13T03:27:59.598+0800][2146.538s] GC(200) Old regions: 465->467
[2022-03-13T03:27:59.598+0800][2146.538s] GC(200) Archive regions: 0->0
[2022-03-13T03:27:59.598+0800][2146.538s] GC(200) Humongous regions: 45->45
[2022-03-13T03:27:59.598+0800][2146.538s] GC(200) Metaspace: 53464K(53824K)->53464K(53824K) NonClass: 47269K(47488K)->47269K(47488K) Class: 6194K(6336K)->6194K(6336K)
[2022-03-13T03:27:59.598+0800][2146.538s] GC(200) Pause Young (Concurrent Start) (G1 Evacuation Pause) 510M->510M(512M) 2.300ms
[2022-03-13T03:27:59.598+0800][2146.538s] GC(200) User=0.00s Sys=0.00s Real=0.00s
[2022-03-13T03:27:59.598+0800][2146.538s] Attempting full compaction
[2022-03-13T03:27:59.598+0800][2146.538s] GC(201) Concurrent Mark Cycle
[2022-03-13T03:27:59.598+0800][2146.538s] GC(202) Using 8 workers of 8 for full compaction
[2022-03-13T03:27:59.598+0800][2146.538s] GC(201) Concurrent Clear Claimed Marks
[2022-03-13T03:27:59.598+0800][2146.538s] GC(201) Concurrent Clear Claimed Marks 0.050ms
[2022-03-13T03:27:59.599+0800][2146.538s] GC(201) Concurrent Scan Root Regions
[2022-03-13T03:27:59.599+0800][2146.538s] GC(201) Concurrent Scan Root Regions 0.017ms
[2022-03-13T03:27:59.599+0800][2146.538s] GC(201) Concurrent Mark
[2022-03-13T03:27:59.599+0800][2146.538s] GC(201) Concurrent Mark From Roots
[2022-03-13T03:27:59.599+0800][2146.538s] GC(201) Using 2 workers of 2 for marking
[2022-03-13T03:27:59.599+0800][2146.538s] GC(202) Pause Full (G1 Compaction Pause)
[2022-03-13T03:27:59.599+0800][2146.538s] GC(202) Phase 1: Mark live objects
[2022-03-13T03:27:59.850+0800][2146.790s] GC(202) Phase 1: Mark live objects 251.737ms
[2022-03-13T03:27:59.850+0800][2146.790s] GC(202) Phase 2: Prepare for compaction
[2022-03-13T03:27:59.851+0800][2146.791s] GC(202) Phase 2: Prepare for compaction 1.147ms
[2022-03-13T03:27:59.851+0800][2146.791s] GC(202) Phase 3: Adjust pointers
[2022-03-13T03:27:59.914+0800][2146.854s] GC(202) Phase 3: Adjust pointers 62.314ms
[2022-03-13T03:27:59.914+0800][2146.854s] GC(202) Phase 4: Compact heap
[2022-03-13T03:27:59.914+0800][2146.854s] GC(202) Phase 4: Compact heap 0.556ms
[2022-03-13T03:27:59.922+0800][2146.862s] GC(202) Eden regions: 0->0(25)
[2022-03-13T03:27:59.922+0800][2146.862s] GC(202) Survivor regions: 0->0(0)
[2022-03-13T03:27:59.922+0800][2146.862s] GC(202) Old regions: 467->467
[2022-03-13T03:27:59.922+0800][2146.862s] GC(202) Archive regions: 0->0
[2022-03-13T03:27:59.922+0800][2146.862s] GC(202) Humongous regions: 45->30
[2022-03-13T03:27:59.922+0800][2146.862s] GC(202) Metaspace: 53464K(53824K)->53464K(53824K) NonClass: 47269K(47488K)->47269K(47488K) Class: 6194K(6336K)->6194K(6336K)
[2022-03-13T03:27:59.922+0800][2146.862s] GC(202) Pause Full (G1 Compaction Pause) 510M->493M(512M) 324.148ms
[2022-03-13T03:27:59.923+0800][2146.863s] GC(202) User=2.25s Sys=0.00s Real=0.33s
[2022-03-13T03:27:59.923+0800][2146.863s] GC(201) Concurrent Mark From Roots 324.766ms
[2022-03-13T03:27:59.923+0800][2146.863s] GC(201) Concurrent Mark Abort
[2022-03-13T03:27:59.923+0800][2146.863s] GC(201) Concurrent Mark Cycle 325.038ms
[2022-03-13T03:28:18.495+0800][2165.439s] GC(203) Pause Young (Concurrent Start) (G1 Humongous Allocation)
[2022-03-13T03:28:18.495+0800][2165.439s] GC(203) Using 8 workers of 8 for evacuation
[2022-03-13T03:28:18.495+0800][2165.440s] GC(203)   Pre Evacuate Collection Set: 0.1ms
[2022-03-13T03:28:18.495+0800][2165.440s] GC(203)   Merge Heap Roots: 0.0ms
[2022-03-13T03:28:18.495+0800][2165.440s] GC(203)   Evacuate Collection Set: 0.4ms
[2022-03-13T03:28:18.495+0800][2165.440s] GC(203)   Post Evacuate Collection Set: 0.3ms
[2022-03-13T03:28:18.495+0800][2165.440s] GC(203)   Other: 0.1ms
[2022-03-13T03:28:18.495+0800][2165.440s] GC(203) Eden regions: 6->0(24)
[2022-03-13T03:28:18.495+0800][2165.440s] GC(203) Survivor regions: 0->1(4)
[2022-03-13T03:28:18.495+0800][2165.440s] GC(203) Old regions: 467->467
[2022-03-13T03:28:18.495+0800][2165.440s] GC(203) Archive regions: 0->0
[2022-03-13T03:28:18.495+0800][2165.440s] GC(203) Humongous regions: 30->30
[2022-03-13T03:28:18.495+0800][2165.440s] GC(203) Metaspace: 53469K(53824K)->53469K(53824K) NonClass: 47274K(47488K)->47274K(47488K) Class: 6194K(6336K)->6194K(6336K)
[2022-03-13T03:28:18.495+0800][2165.440s] GC(203) Pause Young (Concurrent Start) (G1 Humongous Allocation) 499M->494M(512M) 1.142ms
[2022-03-13T03:28:18.501+0800][2165.440s] GC(203) User=0.02s Sys=0.00s Real=0.01s
[2022-03-13T03:28:18.501+0800][2165.440s] GC(204) Concurrent Mark Cycle
[2022-03-13T03:28:18.501+0800][2165.440s] GC(204) Concurrent Clear Claimed Marks
[2022-03-13T03:28:18.501+0800][2165.440s] GC(204) Concurrent Clear Claimed Marks 0.022ms
[2022-03-13T03:28:18.501+0800][2165.440s] GC(204) Concurrent Scan Root Regions
[2022-03-13T03:28:18.501+0800][2165.441s] GC(204) Concurrent Scan Root Regions 0.569ms
[2022-03-13T03:28:18.501+0800][2165.441s] GC(204) Concurrent Mark
[2022-03-13T03:28:18.501+0800][2165.441s] GC(205) Pause Young (Normal) (G1 Humongous Allocation)
[2022-03-13T03:28:18.501+0800][2165.441s] GC(204) Concurrent Mark From Roots
[2022-03-13T03:28:18.501+0800][2165.441s] GC(205) Using 8 workers of 8 for evacuation
[2022-03-13T03:28:18.501+0800][2165.441s] GC(204) Using 2 workers of 2 for marking
[2022-03-13T03:28:18.501+0800][2165.441s] GC(205)   Pre Evacuate Collection Set: 0.7ms
[2022-03-13T03:28:18.501+0800][2165.441s] GC(205)   Merge Heap Roots: 0.0ms
[2022-03-13T03:28:18.501+0800][2165.441s] GC(205)   Evacuate Collection Set: 0.2ms
[2022-03-13T03:28:18.501+0800][2165.441s] GC(205)   Post Evacuate Collection Set: 0.2ms
[2022-03-13T03:28:18.501+0800][2165.441s] GC(205)   Other: 0.2ms
[2022-03-13T03:28:18.501+0800][2165.441s] GC(205) Eden regions: 0->0(24)
[2022-03-13T03:28:18.501+0800][2165.441s] GC(205) Survivor regions: 1->1(4)
[2022-03-13T03:28:18.501+0800][2165.441s] GC(205) Old regions: 467->467
[2022-03-13T03:28:18.501+0800][2165.441s] GC(205) Archive regions: 0->0
[2022-03-13T03:28:18.501+0800][2165.441s] GC(205) Humongous regions: 30->30
[2022-03-13T03:28:18.501+0800][2165.441s] GC(205) Metaspace: 53469K(53824K)->53469K(53824K) NonClass: 47274K(47488K)->47274K(47488K) Class: 6194K(6336K)->6194K(6336K)
[2022-03-13T03:28:18.501+0800][2165.441s] GC(205) Pause Young (Normal) (G1 Humongous Allocation) 494M->494M(512M) 0.765ms
[2022-03-13T03:28:18.501+0800][2165.441s] GC(205) User=0.00s Sys=0.00s Real=0.00s
[2022-03-13T03:28:18.501+0800][2165.441s] Attempting full compaction
[2022-03-13T03:28:18.501+0800][2165.441s] GC(206) Using 8 workers of 8 for full compaction
[2022-03-13T03:28:18.501+0800][2165.442s] GC(206) Pause Full (G1 Compaction Pause)
[2022-03-13T03:28:18.501+0800][2165.442s] GC(206) Phase 1: Mark live objects
[2022-03-13T03:28:18.695+0800][2165.635s] GC(206) Phase 1: Mark live objects 192.992ms
[2022-03-13T03:28:18.695+0800][2165.635s] GC(206) Phase 2: Prepare for compaction
[2022-03-13T03:28:18.697+0800][2165.636s] GC(206) Phase 2: Prepare for compaction 1.004ms
[2022-03-13T03:28:18.697+0800][2165.636s] GC(206) Phase 3: Adjust pointers
[2022-03-13T03:28:18.744+0800][2165.683s] GC(206) Phase 3: Adjust pointers 47.420ms
[2022-03-13T03:28:18.744+0800][2165.683s] GC(206) Phase 4: Compact heap
[2022-03-13T03:28:18.744+0800][2165.684s] GC(206) Phase 4: Compact heap 0.544ms
[2022-03-13T03:28:18.746+0800][2165.691s] GC(206) Eden regions: 0->0(25)
[2022-03-13T03:28:18.746+0800][2165.691s] GC(206) Survivor regions: 1->0(4)
[2022-03-13T03:28:18.746+0800][2165.691s] GC(206) Old regions: 467->468
[2022-03-13T03:28:18.746+0800][2165.691s] GC(206) Archive regions: 0->0
[2022-03-13T03:28:18.746+0800][2165.691s] GC(206) Humongous regions: 30->30
[2022-03-13T03:28:18.746+0800][2165.691s] GC(206) Metaspace: 53469K(53824K)->53469K(53824K) NonClass: 47274K(47488K)->47274K(47488K) Class: 6194K(6336K)->6194K(6336K)
[2022-03-13T03:28:18.746+0800][2165.691s] GC(206) Pause Full (G1 Compaction Pause) 494M->493M(512M) 249.214ms
[2022-03-13T03:28:18.746+0800][2165.691s] GC(206) User=1.61s Sys=0.00s Real=0.25s
[2022-03-13T03:28:18.746+0800][2165.691s] Attempting maximum full compaction clearing soft references
[2022-03-13T03:28:18.746+0800][2165.691s] GC(207) Using 8 workers of 8 for full compaction
[2022-03-13T03:28:18.746+0800][2165.691s] GC(207) Pause Full (G1 Compaction Pause)
[2022-03-13T03:28:18.746+0800][2165.691s] GC(207) Phase 1: Mark live objects
[2022-03-13T03:28:18.967+0800][2165.906s] GC(207) Phase 1: Mark live objects 214.806ms
[2022-03-13T03:28:18.967+0800][2165.906s] GC(207) Phase 2: Prepare for compaction
[2022-03-13T03:28:19.016+0800][2165.955s] GC(207) Phase 2: Prepare for compaction 48.859ms
[2022-03-13T03:28:19.016+0800][2165.955s] GC(207) Phase 3: Adjust pointers
[2022-03-13T03:28:19.081+0800][2166.021s] GC(207) Phase 3: Adjust pointers 65.831ms
[2022-03-13T03:28:19.081+0800][2166.021s] GC(207) Phase 4: Compact heap
[2022-03-13T03:28:19.127+0800][2166.067s] GC(207) Phase 4: Compact heap 46.037ms
[2022-03-13T03:28:19.127+0800][2166.073s] GC(207) Eden regions: 0->0(25)
[2022-03-13T03:28:19.127+0800][2166.073s] GC(207) Survivor regions: 0->0(4)
[2022-03-13T03:28:19.127+0800][2166.073s] GC(207) Old regions: 468->465
[2022-03-13T03:28:19.127+0800][2166.073s] GC(207) Archive regions: 0->0
[2022-03-13T03:28:19.127+0800][2166.073s] GC(207) Humongous regions: 30->30
[2022-03-13T03:28:19.127+0800][2166.073s] GC(207) Metaspace: 53469K(53824K)->53469K(53824K) NonClass: 47274K(47488K)->47274K(47488K) Class: 6194K(6336K)->6194K(6336K)
[2022-03-13T03:28:19.127+0800][2166.073s] GC(207) Pause Full (G1 Compaction Pause) 493M->493M(512M) 381.994ms
[2022-03-13T03:28:19.127+0800][2166.074s] GC(207) User=2.48s Sys=0.03s Real=0.38s
[2022-03-13T03:28:19.127+0800][2166.074s] GC(204) Concurrent Mark From Roots 633.086ms
[2022-03-13T03:28:19.127+0800][2166.074s] GC(204) Concurrent Mark Abort
[2022-03-13T03:28:19.127+0800][2166.074s] GC(204) Concurrent Mark Cycle 633.837ms
[2022-03-13T03:28:19.148+0800][2166.088s] GC(208) Pause Young (Concurrent Start) (G1 Humongous Allocation)
[2022-03-13T03:28:19.148+0800][2166.088s] GC(208) Using 8 workers of 8 for evacuation
[2022-03-13T03:28:19.148+0800][2166.089s] GC(208)   Pre Evacuate Collection Set: 0.1ms
[2022-03-13T03:28:19.148+0800][2166.089s] GC(208)   Merge Heap Roots: 0.0ms
[2022-03-13T03:28:19.148+0800][2166.089s] GC(208)   Evacuate Collection Set: 0.7ms
[2022-03-13T03:28:19.148+0800][2166.089s] GC(208)   Post Evacuate Collection Set: 0.3ms
[2022-03-13T03:28:19.148+0800][2166.089s] GC(208)   Other: 0.3ms
[2022-03-13T03:28:19.148+0800][2166.089s] GC(208) Eden regions: 1->0(24)
[2022-03-13T03:28:19.148+0800][2166.089s] GC(208) Survivor regions: 0->1(1)
[2022-03-13T03:28:19.148+0800][2166.089s] GC(208) Old regions: 465->465
[2022-03-13T03:28:19.148+0800][2166.089s] GC(208) Archive regions: 0->0
[2022-03-13T03:28:19.148+0800][2166.089s] GC(208) Humongous regions: 45->45
[2022-03-13T03:28:19.148+0800][2166.089s] GC(208) Metaspace: 53469K(53824K)->53469K(53824K) NonClass: 47274K(47488K)->47274K(47488K) Class: 6194K(6336K)->6194K(6336K)
[2022-03-13T03:28:19.148+0800][2166.089s] GC(208) Pause Young (Concurrent Start) (G1 Humongous Allocation) 508M->508M(512M) 1.615ms
[2022-03-13T03:28:19.150+0800][2166.089s] GC(208) User=0.00s Sys=0.00s Real=0.00s
[2022-03-13T03:28:19.150+0800][2166.089s] GC(209) Concurrent Mark Cycle
[2022-03-13T03:28:19.150+0800][2166.089s] GC(209) Concurrent Clear Claimed Marks
[2022-03-13T03:28:19.150+0800][2166.089s] GC(209) Concurrent Clear Claimed Marks 0.025ms
[2022-03-13T03:28:19.150+0800][2166.089s] GC(209) Concurrent Scan Root Regions
[2022-03-13T03:28:19.150+0800][2166.089s] GC(209) Concurrent Scan Root Regions 0.135ms
[2022-03-13T03:28:19.150+0800][2166.089s] GC(210) Pause Young (Normal) (G1 Humongous Allocation)
[2022-03-13T03:28:19.150+0800][2166.089s] GC(209) Concurrent Mark
[2022-03-13T03:28:19.150+0800][2166.090s] GC(210) Using 8 workers of 8 for evacuation
[2022-03-13T03:28:19.150+0800][2166.090s] GC(209) Concurrent Mark From Roots
[2022-03-13T03:28:19.150+0800][2166.090s] GC(209) Using 2 workers of 2 for marking
[2022-03-13T03:28:19.150+0800][2166.090s] GC(210)   Pre Evacuate Collection Set: 0.1ms
[2022-03-13T03:28:19.150+0800][2166.090s] GC(210)   Merge Heap Roots: 0.0ms
[2022-03-13T03:28:19.150+0800][2166.090s] GC(210)   Evacuate Collection Set: 0.2ms
[2022-03-13T03:28:19.150+0800][2166.090s] GC(210)   Post Evacuate Collection Set: 0.3ms
[2022-03-13T03:28:19.150+0800][2166.090s] GC(210)   Other: 0.1ms
[2022-03-13T03:28:19.150+0800][2166.090s] GC(210) Eden regions: 0->0(24)
[2022-03-13T03:28:19.150+0800][2166.090s] GC(210) Survivor regions: 1->1(1)
[2022-03-13T03:28:19.150+0800][2166.090s] GC(210) Old regions: 465->465
[2022-03-13T03:28:19.150+0800][2166.090s] GC(210) Archive regions: 0->0
[2022-03-13T03:28:19.150+0800][2166.090s] GC(210) Humongous regions: 45->45
[2022-03-13T03:28:19.150+0800][2166.090s] GC(210) Metaspace: 53469K(53824K)->53469K(53824K) NonClass: 47274K(47488K)->47274K(47488K) Class: 6194K(6336K)->6194K(6336K)
[2022-03-13T03:28:19.150+0800][2166.090s] GC(210) Pause Young (Normal) (G1 Humongous Allocation) 508M->508M(512M) 0.871ms
[2022-03-13T03:28:19.150+0800][2166.090s] GC(210) User=0.00s Sys=0.00s Real=0.00s
[2022-03-13T03:28:19.150+0800][2166.090s] Attempting full compaction
[2022-03-13T03:28:19.150+0800][2166.090s] GC(211) Using 8 workers of 8 for full compaction
[2022-03-13T03:28:19.150+0800][2166.091s] GC(211) Pause Full (G1 Compaction Pause)
[2022-03-13T03:28:19.151+0800][2166.091s] GC(211) Phase 1: Mark live objects
[2022-03-13T03:28:19.406+0800][2166.345s] GC(211) Phase 1: Mark live objects 254.338ms
[2022-03-13T03:28:19.406+0800][2166.345s] GC(211) Phase 2: Prepare for compaction
[2022-03-13T03:28:19.408+0800][2166.347s] GC(211) Phase 2: Prepare for compaction 2.086ms
[2022-03-13T03:28:19.408+0800][2166.347s] GC(211) Phase 3: Adjust pointers
[2022-03-13T03:28:19.468+0800][2166.407s] GC(211) Phase 3: Adjust pointers 59.869ms
[2022-03-13T03:28:19.468+0800][2166.407s] GC(211) Phase 4: Compact heap
[2022-03-13T03:28:19.469+0800][2166.409s] GC(211) Phase 4: Compact heap 1.267ms
[2022-03-13T03:28:19.477+0800][2166.416s] GC(211) Eden regions: 0->0(25)
[2022-03-13T03:28:19.477+0800][2166.417s] GC(211) Survivor regions: 1->0(1)
[2022-03-13T03:28:19.477+0800][2166.417s] GC(211) Old regions: 465->465
[2022-03-13T03:28:19.477+0800][2166.417s] GC(211) Archive regions: 0->0
[2022-03-13T03:28:19.477+0800][2166.417s] GC(211) Humongous regions: 45->45
[2022-03-13T03:28:19.477+0800][2166.417s] GC(211) Metaspace: 53469K(53824K)->53469K(53824K) NonClass: 47274K(47488K)->47274K(47488K) Class: 6194K(6336K)->6194K(6336K)
[2022-03-13T03:28:19.477+0800][2166.417s] GC(211) Pause Full (G1 Compaction Pause) 508M->508M(512M) 326.130ms
[2022-03-13T03:28:19.478+0800][2166.417s] GC(211) User=1.83s Sys=0.05s Real=0.33s
[2022-03-13T03:28:19.478+0800][2166.417s] Attempting maximum full compaction clearing soft references
[2022-03-13T03:28:19.478+0800][2166.418s] GC(212) Using 8 workers of 8 for full compaction
[2022-03-13T03:28:19.478+0800][2166.418s] GC(212) Pause Full (G1 Compaction Pause)
[2022-03-13T03:28:19.478+0800][2166.418s] GC(212) Phase 1: Mark live objects
[2022-03-13T03:28:19.772+0800][2166.712s] GC(212) Phase 1: Mark live objects 294.010ms
[2022-03-13T03:28:19.772+0800][2166.712s] GC(212) Phase 2: Prepare for compaction
[2022-03-13T03:28:19.822+0800][2166.761s] GC(212) Phase 2: Prepare for compaction 49.585ms
[2022-03-13T03:28:19.822+0800][2166.762s] GC(212) Phase 3: Adjust pointers
[2022-03-13T03:28:19.900+0800][2166.839s] GC(212) Phase 3: Adjust pointers 77.393ms
[2022-03-13T03:28:19.900+0800][2166.839s] GC(212) Phase 4: Compact heap
[2022-03-13T03:28:19.943+0800][2166.882s] GC(212) Phase 4: Compact heap 43.268ms
[2022-03-13T03:28:19.944+0800][2166.888s] GC(212) Eden regions: 0->0(25)
[2022-03-13T03:28:19.944+0800][2166.888s] GC(212) Survivor regions: 0->0(1)
[2022-03-13T03:28:19.944+0800][2166.888s] GC(212) Old regions: 465->465
[2022-03-13T03:28:19.944+0800][2166.888s] GC(212) Archive regions: 0->0
[2022-03-13T03:28:19.944+0800][2166.888s] GC(212) Humongous regions: 45->45
[2022-03-13T03:28:19.944+0800][2166.888s] GC(212) Metaspace: 53469K(53824K)->53469K(53824K) NonClass: 47274K(47488K)->47274K(47488K) Class: 6194K(6336K)->6194K(6336K)
[2022-03-13T03:28:19.944+0800][2166.888s] GC(212) Pause Full (G1 Compaction Pause) 508M->508M(512M) 470.550ms
[2022-03-13T03:28:19.944+0800][2166.889s] GC(212) User=2.41s Sys=0.05s Real=0.47s
[2022-03-13T03:28:19.944+0800][2166.889s] GC(209) Concurrent Mark From Roots 799.424ms
[2022-03-13T03:28:19.944+0800][2166.889s] GC(209) Concurrent Mark Abort
[2022-03-13T03:28:19.944+0800][2166.889s] GC(209) Concurrent Mark Cycle 799.803ms
[2022-03-13T03:28:22.179+0800][2169.119s] GC(213) Pause Young (Normal) (G1 Preventive Collection)
[2022-03-13T03:28:22.179+0800][2169.119s] GC(213) Using 8 workers of 8 for evacuation
[2022-03-13T03:28:22.180+0800][2169.120s] GC(213)   Pre Evacuate Collection Set: 0.2ms
[2022-03-13T03:28:22.180+0800][2169.120s] GC(213)   Merge Heap Roots: 0.1ms
[2022-03-13T03:28:22.180+0800][2169.120s] GC(213)   Evacuate Collection Set: 0.1ms
[2022-03-13T03:28:22.180+0800][2169.120s] GC(213)   Post Evacuate Collection Set: 0.4ms
[2022-03-13T03:28:22.180+0800][2169.120s] GC(213)   Other: 0.1ms
[2022-03-13T03:28:22.180+0800][2169.120s] GC(213) Eden regions: 1->0(24)
[2022-03-13T03:28:22.180+0800][2169.120s] GC(213) Survivor regions: 0->1(1)
[2022-03-13T03:28:22.180+0800][2169.120s] GC(213) Old regions: 465->465
[2022-03-13T03:28:22.180+0800][2169.120s] GC(213) Archive regions: 0->0
[2022-03-13T03:28:22.180+0800][2169.120s] GC(213) Humongous regions: 45->45
[2022-03-13T03:28:22.180+0800][2169.120s] GC(213) Metaspace: 53480K(53824K)->53480K(53824K) NonClass: 47285K(47488K)->47285K(47488K) Class: 6194K(6336K)->6194K(6336K)
[2022-03-13T03:28:22.180+0800][2169.120s] GC(213) Pause Young (Normal) (G1 Preventive Collection) 509M->508M(512M) 1.156ms
[2022-03-13T03:28:22.180+0800][2169.120s] GC(213) User=0.00s Sys=0.00s Real=0.00s
[2022-03-13T03:28:22.180+0800][2169.122s] GC(214) Pause Young (Concurrent Start) (G1 Humongous Allocation)
[2022-03-13T03:28:22.180+0800][2169.122s] GC(214) Using 8 workers of 8 for evacuation
[2022-03-13T03:28:22.180+0800][2169.123s] GC(214) To-space exhausted
[2022-03-13T03:28:22.180+0800][2169.123s] GC(214)   Pre Evacuate Collection Set: 0.1ms
[2022-03-13T03:28:22.180+0800][2169.123s] GC(214)   Merge Heap Roots: 0.1ms
[2022-03-13T03:28:22.180+0800][2169.123s] GC(214)   Evacuate Collection Set: 0.4ms
[2022-03-13T03:28:22.180+0800][2169.123s] GC(214)   Post Evacuate Collection Set: 0.5ms
[2022-03-13T03:28:22.180+0800][2169.123s] GC(214)   Other: 0.3ms
[2022-03-13T03:28:22.180+0800][2169.124s] GC(214) Eden regions: 1->0(25)
[2022-03-13T03:28:22.180+0800][2169.124s] GC(214) Survivor regions: 1->0(0)
[2022-03-13T03:28:22.180+0800][2169.124s] GC(214) Old regions: 465->467
[2022-03-13T03:28:22.180+0800][2169.124s] GC(214) Archive regions: 0->0
[2022-03-13T03:28:22.180+0800][2169.124s] GC(214) Humongous regions: 45->45
[2022-03-13T03:28:22.180+0800][2169.124s] GC(214) Metaspace: 53481K(53824K)->53481K(53824K) NonClass: 47286K(47488K)->47286K(47488K) Class: 6194K(6336K)->6194K(6336K)
[2022-03-13T03:28:22.180+0800][2169.124s] GC(214) Pause Young (Concurrent Start) (G1 Humongous Allocation) 509M->509M(512M) 1.443ms
[2022-03-13T03:28:22.180+0800][2169.124s] GC(214) User=0.00s Sys=0.00s Real=0.00s
[2022-03-13T03:28:22.180+0800][2169.124s] Attempting full compaction clearing soft references
[2022-03-13T03:28:22.180+0800][2169.124s] GC(215) Using 8 workers of 8 for full compaction
[2022-03-13T03:28:22.180+0800][2169.124s] GC(216) Concurrent Mark Cycle
[2022-03-13T03:28:22.180+0800][2169.124s] GC(216) Concurrent Clear Claimed Marks
[2022-03-13T03:28:22.180+0800][2169.124s] GC(216) Concurrent Clear Claimed Marks 0.014ms
[2022-03-13T03:28:22.180+0800][2169.124s] GC(216) Concurrent Scan Root Regions
[2022-03-13T03:28:22.180+0800][2169.124s] GC(216) Concurrent Scan Root Regions 0.008ms
[2022-03-13T03:28:22.180+0800][2169.124s] GC(216) Concurrent Mark
[2022-03-13T03:28:22.180+0800][2169.124s] GC(216) Concurrent Mark From Roots
[2022-03-13T03:28:22.180+0800][2169.124s] GC(216) Using 2 workers of 2 for marking
[2022-03-13T03:28:22.180+0800][2169.125s] GC(215) Pause Full (G1 Compaction Pause)
[2022-03-13T03:28:22.180+0800][2169.125s] GC(215) Phase 1: Mark live objects
[2022-03-13T03:28:22.367+0800][2169.307s] GC(215) Phase 1: Mark live objects 182.100ms
[2022-03-13T03:28:22.367+0800][2169.307s] GC(215) Phase 2: Prepare for compaction
[2022-03-13T03:28:22.368+0800][2169.307s] GC(215) Phase 2: Prepare for compaction 0.532ms
[2022-03-13T03:28:22.368+0800][2169.307s] GC(215) Phase 3: Adjust pointers
[2022-03-13T03:28:22.421+0800][2169.360s] GC(215) Phase 3: Adjust pointers 52.628ms
[2022-03-13T03:28:22.421+0800][2169.360s] GC(215) Phase 4: Compact heap
[2022-03-13T03:28:22.421+0800][2169.360s] GC(215) Phase 4: Compact heap 0.115ms
[2022-03-13T03:28:22.442+0800][2169.381s] GC(215) Eden regions: 0->0(25)
[2022-03-13T03:28:22.442+0800][2169.381s] GC(215) Survivor regions: 0->0(0)
[2022-03-13T03:28:22.442+0800][2169.381s] GC(215) Old regions: 467->467
[2022-03-13T03:28:22.442+0800][2169.382s] GC(215) Archive regions: 0->0
[2022-03-13T03:28:22.442+0800][2169.382s] GC(215) Humongous regions: 45->30
[2022-03-13T03:28:22.442+0800][2169.382s] GC(215) Metaspace: 53481K(53824K)->53481K(53824K) NonClass: 47286K(47488K)->47286K(47488K) Class: 6194K(6336K)->6194K(6336K)
[2022-03-13T03:28:22.442+0800][2169.382s] GC(215) Pause Full (G1 Compaction Pause) 509M->493M(512M) 257.003ms
[2022-03-13T03:28:22.442+0800][2169.382s] GC(215) User=1.45s Sys=0.02s Real=0.26s
[2022-03-13T03:28:22.443+0800][2169.382s] GC(216) Concurrent Mark From Roots 258.380ms
[2022-03-13T03:28:22.443+0800][2169.382s] GC(216) Concurrent Mark Abort
[2022-03-13T03:28:22.443+0800][2169.382s] GC(216) Concurrent Mark Cycle 258.563ms
[2022-03-13T03:28:22.443+0800][2169.382s] GC(217) Pause Young (Normal) (G1 Humongous Allocation)
[2022-03-13T03:28:22.443+0800][2169.382s] GC(217) Using 8 workers of 8 for evacuation
[2022-03-13T03:28:22.443+0800][2169.383s] GC(217)   Pre Evacuate Collection Set: 0.1ms
[2022-03-13T03:28:22.443+0800][2169.383s] GC(217)   Merge Heap Roots: 0.0ms
[2022-03-13T03:28:22.443+0800][2169.383s] GC(217)   Evacuate Collection Set: 0.2ms
[2022-03-13T03:28:22.444+0800][2169.383s] GC(217)   Post Evacuate Collection Set: 0.3ms
[2022-03-13T03:28:22.444+0800][2169.383s] GC(217)   Other: 0.1ms
[2022-03-13T03:28:22.444+0800][2169.383s] GC(217) Eden regions: 0->0(25)
[2022-03-13T03:28:22.444+0800][2169.383s] GC(217) Survivor regions: 0->0(4)
[2022-03-13T03:28:22.444+0800][2169.383s] GC(217) Old regions: 467->467
[2022-03-13T03:28:22.444+0800][2169.383s] GC(217) Archive regions: 0->0
[2022-03-13T03:28:22.444+0800][2169.383s] GC(217) Humongous regions: 30->30
[2022-03-13T03:28:22.444+0800][2169.383s] GC(217) Metaspace: 53481K(53824K)->53481K(53824K) NonClass: 47286K(47488K)->47286K(47488K) Class: 6194K(6336K)->6194K(6336K)
[2022-03-13T03:28:22.444+0800][2169.383s] GC(217) Pause Young (Normal) (G1 Humongous Allocation) 493M->493M(512M) 0.983ms
[2022-03-13T03:28:22.444+0800][2169.383s] GC(217) User=0.00s Sys=0.00s Real=0.00s
[2022-03-13T03:28:22.444+0800][2169.383s] Attempting full compaction
[2022-03-13T03:28:22.444+0800][2169.383s] GC(218) Using 8 workers of 8 for full compaction
[2022-03-13T03:28:22.444+0800][2169.384s] GC(218) Pause Full (G1 Compaction Pause)
[2022-03-13T03:28:22.444+0800][2169.384s] GC(218) Phase 1: Mark live objects
[2022-03-13T03:28:22.750+0800][2169.690s] GC(218) Phase 1: Mark live objects 305.984ms
[2022-03-13T03:28:22.750+0800][2169.690s] GC(218) Phase 2: Prepare for compaction
[2022-03-13T03:28:22.751+0800][2169.690s] GC(218) Phase 2: Prepare for compaction 0.802ms
[2022-03-13T03:28:22.751+0800][2169.691s] GC(218) Phase 3: Adjust pointers
[2022-03-13T03:28:22.821+0800][2169.761s] GC(218) Phase 3: Adjust pointers 70.025ms
[2022-03-13T03:28:22.821+0800][2169.761s] GC(218) Phase 4: Compact heap
[2022-03-13T03:28:22.821+0800][2169.761s] GC(218) Phase 4: Compact heap 0.106ms
[2022-03-13T03:28:22.829+0800][2169.769s] GC(218) Eden regions: 0->0(25)
[2022-03-13T03:28:22.829+0800][2169.769s] GC(218) Survivor regions: 0->0(4)
[2022-03-13T03:28:22.829+0800][2169.769s] GC(218) Old regions: 467->467
[2022-03-13T03:28:22.829+0800][2169.769s] GC(218) Archive regions: 0->0
[2022-03-13T03:28:22.829+0800][2169.769s] GC(218) Humongous regions: 30->30
[2022-03-13T03:28:22.829+0800][2169.769s] GC(218) Metaspace: 53481K(53824K)->53481K(53824K) NonClass: 47286K(47488K)->47286K(47488K) Class: 6194K(6336K)->6194K(6336K)
[2022-03-13T03:28:22.829+0800][2169.769s] GC(218) Pause Full (G1 Compaction Pause) 493M->493M(512M) 385.890ms
[2022-03-13T03:28:22.830+0800][2169.770s] GC(218) User=2.41s Sys=0.02s Real=0.39s
[2022-03-13T03:28:22.831+0800][2169.771s] GC(219) Pause Young (Concurrent Start) (G1 Evacuation Pause)
[2022-03-13T03:28:22.831+0800][2169.771s] GC(219) Using 8 workers of 8 for evacuation
[2022-03-13T03:28:22.833+0800][2169.772s] GC(219)   Pre Evacuate Collection Set: 0.1ms
[2022-03-13T03:28:22.833+0800][2169.772s] GC(219)   Merge Heap Roots: 0.0ms
[2022-03-13T03:28:22.833+0800][2169.772s] GC(219)   Evacuate Collection Set: 0.5ms
[2022-03-13T03:28:22.833+0800][2169.772s] GC(219)   Post Evacuate Collection Set: 0.3ms
[2022-03-13T03:28:22.833+0800][2169.773s] GC(219)   Other: 0.2ms
[2022-03-13T03:28:22.833+0800][2169.773s] GC(219) Eden regions: 0->0(25)
[2022-03-13T03:28:22.833+0800][2169.773s] GC(219) Survivor regions: 0->0(0)
[2022-03-13T03:28:22.833+0800][2169.773s] GC(219) Old regions: 467->467
[2022-03-13T03:28:22.833+0800][2169.773s] GC(219) Archive regions: 0->0
[2022-03-13T03:28:22.833+0800][2169.773s] GC(219) Humongous regions: 45->45
[2022-03-13T03:28:22.833+0800][2169.773s] GC(219) Metaspace: 53481K(53824K)->53481K(53824K) NonClass: 47286K(47488K)->47286K(47488K) Class: 6194K(6336K)->6194K(6336K)
[2022-03-13T03:28:22.833+0800][2169.773s] GC(219) Pause Young (Concurrent Start) (G1 Evacuation Pause) 508M->508M(512M) 1.495ms
[2022-03-13T03:28:22.833+0800][2169.773s] GC(219) User=0.00s Sys=0.00s Real=0.00s
[2022-03-13T03:28:22.833+0800][2169.773s] Attempting full compaction
[2022-03-13T03:28:22.833+0800][2169.773s] GC(220) Concurrent Mark Cycle
[2022-03-13T03:28:22.833+0800][2169.773s] GC(221) Using 8 workers of 8 for full compaction
[2022-03-13T03:28:22.833+0800][2169.773s] GC(220) Concurrent Clear Claimed Marks
[2022-03-13T03:28:22.833+0800][2169.773s] GC(220) Concurrent Clear Claimed Marks 0.078ms
[2022-03-13T03:28:22.833+0800][2169.773s] GC(220) Concurrent Scan Root Regions
[2022-03-13T03:28:22.833+0800][2169.773s] GC(220) Concurrent Scan Root Regions 0.022ms
[2022-03-13T03:28:22.833+0800][2169.773s] GC(220) Concurrent Mark
[2022-03-13T03:28:22.833+0800][2169.773s] GC(220) Concurrent Mark From Roots
[2022-03-13T03:28:22.833+0800][2169.773s] GC(220) Using 2 workers of 2 for marking
[2022-03-13T03:28:22.834+0800][2169.773s] GC(221) Pause Full (G1 Compaction Pause)
[2022-03-13T03:28:22.834+0800][2169.774s] GC(221) Phase 1: Mark live objects
[2022-03-13T03:28:23.113+0800][2170.053s] GC(221) Phase 1: Mark live objects 279.110ms
[2022-03-13T03:28:23.113+0800][2170.053s] GC(221) Phase 2: Prepare for compaction
[2022-03-13T03:28:23.114+0800][2170.054s] GC(221) Phase 2: Prepare for compaction 0.750ms
[2022-03-13T03:28:23.114+0800][2170.054s] GC(221) Phase 3: Adjust pointers
[2022-03-13T03:28:23.182+0800][2170.122s] GC(221) Phase 3: Adjust pointers 68.256ms
[2022-03-13T03:28:23.182+0800][2170.122s] GC(221) Phase 4: Compact heap
[2022-03-13T03:28:23.183+0800][2170.122s] GC(221) Phase 4: Compact heap 0.164ms
[2022-03-13T03:28:23.192+0800][2170.133s] GC(221) Eden regions: 0->0(25)
[2022-03-13T03:28:23.192+0800][2170.133s] GC(221) Survivor regions: 0->0(0)
[2022-03-13T03:28:23.192+0800][2170.133s] GC(221) Old regions: 467->465
[2022-03-13T03:28:23.192+0800][2170.133s] GC(221) Archive regions: 0->0
[2022-03-13T03:28:23.192+0800][2170.133s] GC(221) Humongous regions: 45->45
[2022-03-13T03:28:23.192+0800][2170.133s] GC(221) Metaspace: 53481K(53824K)->53481K(53824K) NonClass: 47286K(47488K)->47286K(47488K) Class: 6194K(6336K)->6194K(6336K)
[2022-03-13T03:28:23.192+0800][2170.133s] GC(221) Pause Full (G1 Compaction Pause) 508M->508M(512M) 359.468ms
[2022-03-13T03:28:23.193+0800][2170.133s] GC(221) User=2.44s Sys=0.00s Real=0.36s
[2022-03-13T03:28:23.193+0800][2170.133s] GC(220) Concurrent Mark From Roots 360.190ms
[2022-03-13T03:28:23.193+0800][2170.133s] GC(220) Concurrent Mark Abort
[2022-03-13T03:28:23.193+0800][2170.133s] GC(220) Concurrent Mark Cycle 360.484ms
[2022-03-13T03:28:23.210+0800][2170.150s] GC(222) Pause Young (Concurrent Start) (G1 Humongous Allocation)
[2022-03-13T03:28:23.210+0800][2170.150s] GC(222) Using 8 workers of 8 for evacuation
[2022-03-13T03:28:23.212+0800][2170.151s] GC(222)   Pre Evacuate Collection Set: 0.1ms
[2022-03-13T03:28:23.212+0800][2170.151s] GC(222)   Merge Heap Roots: 0.0ms
[2022-03-13T03:28:23.212+0800][2170.151s] GC(222)   Evacuate Collection Set: 0.5ms
[2022-03-13T03:28:23.212+0800][2170.151s] GC(222)   Post Evacuate Collection Set: 0.2ms
[2022-03-13T03:28:23.212+0800][2170.151s] GC(222)   Other: 0.3ms
[2022-03-13T03:28:23.212+0800][2170.151s] GC(222) Eden regions: 1->0(24)
[2022-03-13T03:28:23.212+0800][2170.151s] GC(222) Survivor regions: 0->1(1)
[2022-03-13T03:28:23.212+0800][2170.151s] GC(222) Old regions: 465->465
[2022-03-13T03:28:23.212+0800][2170.151s] GC(222) Archive regions: 0->0
[2022-03-13T03:28:23.212+0800][2170.151s] GC(222) Humongous regions: 45->45
[2022-03-13T03:28:23.212+0800][2170.151s] GC(222) Metaspace: 53481K(53824K)->53481K(53824K) NonClass: 47286K(47488K)->47286K(47488K) Class: 6194K(6336K)->6194K(6336K)
[2022-03-13T03:28:23.212+0800][2170.151s] GC(222) Pause Young (Concurrent Start) (G1 Humongous Allocation) 508M->508M(512M) 1.211ms
[2022-03-13T03:28:23.212+0800][2170.151s] GC(222) User=0.00s Sys=0.00s Real=0.00s
[2022-03-13T03:28:23.212+0800][2170.152s] GC(223) Concurrent Mark Cycle
[2022-03-13T03:28:23.212+0800][2170.152s] GC(223) Concurrent Clear Claimed Marks
[2022-03-13T03:28:23.212+0800][2170.152s] GC(223) Concurrent Clear Claimed Marks 0.024ms
[2022-03-13T03:28:23.212+0800][2170.152s] GC(223) Concurrent Scan Root Regions
[2022-03-13T03:28:23.212+0800][2170.152s] GC(223) Concurrent Scan Root Regions 0.092ms
[2022-03-13T03:28:23.212+0800][2170.152s] GC(224) Pause Young (Normal) (G1 Humongous Allocation)
[2022-03-13T03:28:23.212+0800][2170.152s] GC(223) Concurrent Mark
[2022-03-13T03:28:23.212+0800][2170.152s] GC(224) Using 8 workers of 8 for evacuation
[2022-03-13T03:28:23.212+0800][2170.152s] GC(223) Concurrent Mark From Roots
[2022-03-13T03:28:23.212+0800][2170.152s] GC(223) Using 2 workers of 2 for marking
[2022-03-13T03:28:23.213+0800][2170.152s] GC(224)   Pre Evacuate Collection Set: 0.2ms
[2022-03-13T03:28:23.213+0800][2170.152s] GC(224)   Merge Heap Roots: 0.0ms
[2022-03-13T03:28:23.213+0800][2170.152s] GC(224)   Evacuate Collection Set: 0.1ms
[2022-03-13T03:28:23.213+0800][2170.152s] GC(224)   Post Evacuate Collection Set: 0.2ms
[2022-03-13T03:28:23.213+0800][2170.152s] GC(224)   Other: 0.1ms
[2022-03-13T03:28:23.213+0800][2170.152s] GC(224) Eden regions: 0->0(24)
[2022-03-13T03:28:23.213+0800][2170.152s] GC(224) Survivor regions: 1->1(1)
[2022-03-13T03:28:23.213+0800][2170.152s] GC(224) Old regions: 465->465
[2022-03-13T03:28:23.213+0800][2170.152s] GC(224) Archive regions: 0->0
[2022-03-13T03:28:23.213+0800][2170.152s] GC(224) Humongous regions: 45->45
[2022-03-13T03:28:23.213+0800][2170.152s] GC(224) Metaspace: 53481K(53824K)->53481K(53824K) NonClass: 47286K(47488K)->47286K(47488K) Class: 6194K(6336K)->6194K(6336K)
[2022-03-13T03:28:23.213+0800][2170.152s] GC(224) Pause Young (Normal) (G1 Humongous Allocation) 508M->508M(512M) 0.693ms
[2022-03-13T03:28:23.213+0800][2170.152s] GC(224) User=0.00s Sys=0.00s Real=0.00s
[2022-03-13T03:28:23.213+0800][2170.152s] Attempting full compaction
[2022-03-13T03:28:23.213+0800][2170.152s] GC(225) Using 8 workers of 8 for full compaction
[2022-03-13T03:28:23.213+0800][2170.153s] GC(225) Pause Full (G1 Compaction Pause)
[2022-03-13T03:28:23.213+0800][2170.153s] GC(225) Phase 1: Mark live objects
[2022-03-13T03:28:23.546+0800][2170.485s] GC(225) Phase 1: Mark live objects 332.278ms
[2022-03-13T03:28:23.546+0800][2170.485s] GC(225) Phase 2: Prepare for compaction
[2022-03-13T03:28:23.546+0800][2170.486s] GC(225) Phase 2: Prepare for compaction 0.841ms
[2022-03-13T03:28:23.546+0800][2170.486s] GC(225) Phase 3: Adjust pointers
[2022-03-13T03:28:23.651+0800][2170.591s] GC(225) Phase 3: Adjust pointers 104.586ms
[2022-03-13T03:28:23.651+0800][2170.591s] GC(225) Phase 4: Compact heap
[2022-03-13T03:28:23.652+0800][2170.591s] GC(225) Phase 4: Compact heap 0.481ms
[2022-03-13T03:28:23.661+0800][2170.600s] GC(225) Eden regions: 0->0(25)
[2022-03-13T03:28:23.661+0800][2170.600s] GC(225) Survivor regions: 1->0(1)
[2022-03-13T03:28:23.661+0800][2170.600s] GC(225) Old regions: 465->465
[2022-03-13T03:28:23.661+0800][2170.600s] GC(225) Archive regions: 0->0
[2022-03-13T03:28:23.661+0800][2170.600s] GC(225) Humongous regions: 45->45
[2022-03-13T03:28:23.661+0800][2170.600s] GC(225) Metaspace: 53481K(53824K)->53481K(53824K) NonClass: 47286K(47488K)->47286K(47488K) Class: 6194K(6336K)->6194K(6336K)
[2022-03-13T03:28:23.661+0800][2170.601s] GC(225) Pause Full (G1 Compaction Pause) 508M->508M(512M) 447.921ms
[2022-03-13T03:28:23.662+0800][2170.602s] GC(225) User=2.47s Sys=0.02s Real=0.45s
[2022-03-13T03:28:23.663+0800][2170.602s] Attempting maximum full compaction clearing soft references
[2022-03-13T03:28:23.663+0800][2170.602s] GC(226) Using 8 workers of 8 for full compaction
[2022-03-13T03:28:23.663+0800][2170.602s] GC(226) Pause Full (G1 Compaction Pause)
[2022-03-13T03:28:23.663+0800][2170.602s] GC(226) Phase 1: Mark live objects
[2022-03-13T03:28:23.973+0800][2170.913s] GC(226) Phase 1: Mark live objects 310.670ms
[2022-03-13T03:28:23.973+0800][2170.913s] GC(226) Phase 2: Prepare for compaction
[2022-03-13T03:28:24.047+0800][2170.986s] GC(226) Phase 2: Prepare for compaction 73.428ms
[2022-03-13T03:28:24.047+0800][2170.986s] GC(226) Phase 3: Adjust pointers
[2022-03-13T03:28:24.141+0800][2171.081s] GC(226) Phase 3: Adjust pointers 94.234ms
[2022-03-13T03:28:24.141+0800][2171.081s] GC(226) Phase 4: Compact heap
[2022-03-13T03:28:24.239+0800][2171.178s] GC(226) Phase 4: Compact heap 97.313ms
[2022-03-13T03:28:24.249+0800][2171.188s] GC(226) Eden regions: 0->0(25)
[2022-03-13T03:28:24.249+0800][2171.188s] GC(226) Survivor regions: 0->0(1)
[2022-03-13T03:28:24.249+0800][2171.188s] GC(226) Old regions: 465->465
[2022-03-13T03:28:24.249+0800][2171.188s] GC(226) Archive regions: 0->0
[2022-03-13T03:28:24.249+0800][2171.188s] GC(226) Humongous regions: 45->45
[2022-03-13T03:28:24.249+0800][2171.188s] GC(226) Metaspace: 53481K(53824K)->53481K(53824K) NonClass: 47286K(47488K)->47286K(47488K) Class: 6194K(6336K)->6194K(6336K)
[2022-03-13T03:28:24.249+0800][2171.188s] GC(226) Pause Full (G1 Compaction Pause) 508M->508M(512M) 586.344ms
[2022-03-13T03:28:24.250+0800][2171.189s] GC(226) User=3.12s Sys=0.03s Real=0.59s
[2022-03-13T03:28:24.250+0800][2171.189s] GC(223) Concurrent Mark From Roots 1037.368ms
[2022-03-13T03:28:24.250+0800][2171.189s] GC(223) Concurrent Mark Abort
[2022-03-13T03:28:24.250+0800][2171.189s] GC(223) Concurrent Mark Cycle 1037.671ms
[2022-03-13T03:28:53.918+0800][2200.862s] GC(227) Pause Young (Normal) (G1 Preventive Collection)
[2022-03-13T03:28:53.918+0800][2200.862s] GC(227) Using 8 workers of 8 for evacuation
[2022-03-13T03:28:53.923+0800][2200.863s] GC(227)   Pre Evacuate Collection Set: 0.0ms
[2022-03-13T03:28:53.923+0800][2200.863s] GC(227)   Merge Heap Roots: 0.0ms
[2022-03-13T03:28:53.923+0800][2200.863s] GC(227)   Evacuate Collection Set: 0.2ms
[2022-03-13T03:28:53.923+0800][2200.863s] GC(227)   Post Evacuate Collection Set: 0.3ms
[2022-03-13T03:28:53.923+0800][2200.863s] GC(227)   Other: 0.1ms
[2022-03-13T03:28:53.923+0800][2200.863s] GC(227) Eden regions: 1->0(24)
[2022-03-13T03:28:53.923+0800][2200.863s] GC(227) Survivor regions: 0->1(1)
[2022-03-13T03:28:53.923+0800][2200.863s] GC(227) Old regions: 465->465
[2022-03-13T03:28:53.923+0800][2200.863s] GC(227) Archive regions: 0->0
[2022-03-13T03:28:53.923+0800][2200.863s] GC(227) Humongous regions: 45->45
[2022-03-13T03:28:53.923+0800][2200.863s] GC(227) Metaspace: 53482K(53824K)->53482K(53824K) NonClass: 47288K(47488K)->47288K(47488K) Class: 6194K(6336K)->6194K(6336K)
[2022-03-13T03:28:53.923+0800][2200.863s] GC(227) Pause Young (Normal) (G1 Preventive Collection) 509M->508M(512M) 0.913ms
[2022-03-13T03:28:53.923+0800][2200.863s] GC(227) User=0.02s Sys=0.00s Real=0.01s
[2022-03-13T03:28:53.927+0800][2200.868s] GC(228) Pause Young (Concurrent Start) (G1 Evacuation Pause)
[2022-03-13T03:28:53.927+0800][2200.868s] GC(228) Using 8 workers of 8 for evacuation
[2022-03-13T03:28:53.927+0800][2200.870s] GC(228) To-space exhausted
[2022-03-13T03:28:53.927+0800][2200.870s] GC(228)   Pre Evacuate Collection Set: 0.1ms
[2022-03-13T03:28:53.927+0800][2200.870s] GC(228)   Merge Heap Roots: 0.1ms
[2022-03-13T03:28:53.927+0800][2200.870s] GC(228)   Evacuate Collection Set: 0.6ms
[2022-03-13T03:28:53.927+0800][2200.870s] GC(228)   Post Evacuate Collection Set: 0.4ms
[2022-03-13T03:28:53.927+0800][2200.870s] GC(228)   Other: 0.2ms
[2022-03-13T03:28:53.927+0800][2200.870s] GC(228) Eden regions: 1->0(25)
[2022-03-13T03:28:53.927+0800][2200.870s] GC(228) Survivor regions: 1->0(0)
[2022-03-13T03:28:53.927+0800][2200.870s] GC(228) Old regions: 465->467
[2022-03-13T03:28:53.927+0800][2200.870s] GC(228) Archive regions: 0->0
[2022-03-13T03:28:53.927+0800][2200.870s] GC(228) Humongous regions: 45->45
[2022-03-13T03:28:53.927+0800][2200.870s] GC(228) Metaspace: 53494K(53824K)->53494K(53824K) NonClass: 47300K(47488K)->47300K(47488K) Class: 6194K(6336K)->6194K(6336K)
[2022-03-13T03:28:53.927+0800][2200.870s] GC(228) Pause Young (Concurrent Start) (G1 Evacuation Pause) 509M->509M(512M) 1.583ms
[2022-03-13T03:28:53.927+0800][2200.870s] GC(228) User=0.00s Sys=0.00s Real=0.00s
[2022-03-13T03:28:53.927+0800][2200.870s] Attempting full compaction
[2022-03-13T03:28:53.927+0800][2200.870s] GC(229) Concurrent Mark Cycle
[2022-03-13T03:28:53.927+0800][2200.870s] GC(230) Using 8 workers of 8 for full compaction
[2022-03-13T03:28:53.927+0800][2200.870s] GC(229) Concurrent Clear Claimed Marks
[2022-03-13T03:28:53.927+0800][2200.870s] GC(229) Concurrent Clear Claimed Marks 0.055ms
[2022-03-13T03:28:53.927+0800][2200.870s] GC(229) Concurrent Scan Root Regions
[2022-03-13T03:28:53.927+0800][2200.870s] GC(229) Concurrent Scan Root Regions 0.011ms
[2022-03-13T03:28:53.927+0800][2200.870s] GC(229) Concurrent Mark
[2022-03-13T03:28:53.927+0800][2200.870s] GC(229) Concurrent Mark From Roots
[2022-03-13T03:28:53.927+0800][2200.870s] GC(229) Using 2 workers of 2 for marking
[2022-03-13T03:28:53.927+0800][2200.870s] GC(230) Pause Full (G1 Compaction Pause)
[2022-03-13T03:28:53.927+0800][2200.870s] GC(230) Phase 1: Mark live objects
[2022-03-13T03:28:54.136+0800][2201.075s] GC(230) Phase 1: Mark live objects 204.778ms
[2022-03-13T03:28:54.136+0800][2201.075s] GC(230) Phase 2: Prepare for compaction
[2022-03-13T03:28:54.136+0800][2201.076s] GC(230) Phase 2: Prepare for compaction 0.626ms
[2022-03-13T03:28:54.136+0800][2201.076s] GC(230) Phase 3: Adjust pointers
[2022-03-13T03:28:54.192+0800][2201.132s] GC(230) Phase 3: Adjust pointers 55.783ms
[2022-03-13T03:28:54.192+0800][2201.132s] GC(230) Phase 4: Compact heap
[2022-03-13T03:28:54.192+0800][2201.132s] GC(230) Phase 4: Compact heap 0.114ms
[2022-03-13T03:28:54.200+0800][2201.140s] GC(230) Eden regions: 0->0(25)
[2022-03-13T03:28:54.200+0800][2201.140s] GC(230) Survivor regions: 0->0(0)
[2022-03-13T03:28:54.200+0800][2201.140s] GC(230) Old regions: 467->467
[2022-03-13T03:28:54.200+0800][2201.140s] GC(230) Archive regions: 0->0
[2022-03-13T03:28:54.200+0800][2201.140s] GC(230) Humongous regions: 45->30
[2022-03-13T03:28:54.200+0800][2201.140s] GC(230) Metaspace: 53494K(53824K)->53494K(53824K) NonClass: 47300K(47488K)->47300K(47488K) Class: 6194K(6336K)->6194K(6336K)
[2022-03-13T03:28:54.200+0800][2201.140s] GC(230) Pause Full (G1 Compaction Pause) 509M->494M(512M) 269.506ms
[2022-03-13T03:28:54.200+0800][2201.140s] GC(230) User=1.72s Sys=0.03s Real=0.27s
[2022-03-13T03:28:54.200+0800][2201.140s] GC(229) Concurrent Mark From Roots 270.182ms
[2022-03-13T03:28:54.200+0800][2201.140s] GC(229) Concurrent Mark Abort
[2022-03-13T03:28:54.201+0800][2201.140s] GC(229) Concurrent Mark Cycle 270.409ms
[2022-03-13T03:28:54.507+0800][2201.453s] GC(231) Pause Young (Concurrent Start) (G1 Humongous Allocation)
[2022-03-13T03:28:54.507+0800][2201.453s] GC(231) Using 8 workers of 8 for evacuation
[2022-03-13T03:28:54.515+0800][2201.455s] GC(231)   Pre Evacuate Collection Set: 0.1ms
[2022-03-13T03:28:54.515+0800][2201.455s] GC(231)   Merge Heap Roots: 0.1ms
[2022-03-13T03:28:54.515+0800][2201.455s] GC(231)   Evacuate Collection Set: 0.6ms
[2022-03-13T03:28:54.515+0800][2201.455s] GC(231)   Post Evacuate Collection Set: 0.3ms
[2022-03-13T03:28:54.515+0800][2201.455s] GC(231)   Other: 0.2ms
[2022-03-13T03:28:54.515+0800][2201.455s] GC(231) Eden regions: 4->0(24)
[2022-03-13T03:28:54.515+0800][2201.455s] GC(231) Survivor regions: 0->1(4)
[2022-03-13T03:28:54.515+0800][2201.455s] GC(231) Old regions: 467->467
[2022-03-13T03:28:54.515+0800][2201.455s] GC(231) Archive regions: 0->0
[2022-03-13T03:28:54.515+0800][2201.455s] GC(231) Humongous regions: 30->30
[2022-03-13T03:28:54.515+0800][2201.455s] GC(231) Metaspace: 53497K(53824K)->53497K(53824K) NonClass: 47302K(47488K)->47302K(47488K) Class: 6194K(6336K)->6194K(6336K)
[2022-03-13T03:28:54.515+0800][2201.455s] GC(231) Pause Young (Concurrent Start) (G1 Humongous Allocation) 497M->494M(512M) 1.415ms
[2022-03-13T03:28:54.515+0800][2201.455s] GC(231) User=0.11s Sys=0.00s Real=0.01s
[2022-03-13T03:28:54.515+0800][2201.455s] GC(232) Concurrent Mark Cycle
[2022-03-13T03:28:54.515+0800][2201.455s] GC(232) Concurrent Clear Claimed Marks
[2022-03-13T03:28:54.515+0800][2201.455s] GC(232) Concurrent Clear Claimed Marks 0.027ms
[2022-03-13T03:28:54.515+0800][2201.455s] GC(232) Concurrent Scan Root Regions
[2022-03-13T03:28:54.515+0800][2201.456s] GC(232) Concurrent Scan Root Regions 0.922ms
[2022-03-13T03:28:54.515+0800][2201.456s] GC(233) Pause Young (Normal) (G1 Humongous Allocation)
[2022-03-13T03:28:54.515+0800][2201.456s] GC(232) Concurrent Mark
[2022-03-13T03:28:54.515+0800][2201.456s] GC(233) Using 8 workers of 8 for evacuation
[2022-03-13T03:28:54.515+0800][2201.456s] GC(232) Concurrent Mark From Roots
[2022-03-13T03:28:54.515+0800][2201.456s] GC(232) Using 2 workers of 2 for marking
[2022-03-13T03:28:54.515+0800][2201.457s] GC(233)   Pre Evacuate Collection Set: 1.0ms
[2022-03-13T03:28:54.515+0800][2201.457s] GC(233)   Merge Heap Roots: 0.0ms
[2022-03-13T03:28:54.515+0800][2201.457s] GC(233)   Evacuate Collection Set: 0.2ms
[2022-03-13T03:28:54.515+0800][2201.457s] GC(233)   Post Evacuate Collection Set: 0.4ms
[2022-03-13T03:28:54.515+0800][2201.457s] GC(233)   Other: 0.1ms
[2022-03-13T03:28:54.515+0800][2201.457s] GC(233) Eden regions: 1->0(24)
[2022-03-13T03:28:54.515+0800][2201.457s] GC(233) Survivor regions: 1->1(4)
[2022-03-13T03:28:54.515+0800][2201.457s] GC(233) Old regions: 467->467
[2022-03-13T03:28:54.515+0800][2201.457s] GC(233) Archive regions: 0->0
[2022-03-13T03:28:54.515+0800][2201.457s] GC(233) Humongous regions: 30->30
[2022-03-13T03:28:54.515+0800][2201.457s] GC(233) Metaspace: 53497K(53824K)->53497K(53824K) NonClass: 47302K(47488K)->47302K(47488K) Class: 6194K(6336K)->6194K(6336K)
[2022-03-13T03:28:54.515+0800][2201.457s] GC(233) Pause Young (Normal) (G1 Humongous Allocation) 494M->494M(512M) 0.982ms
[2022-03-13T03:28:54.515+0800][2201.457s] GC(233) User=0.00s Sys=0.00s Real=0.00s
[2022-03-13T03:28:54.515+0800][2201.457s] Attempting full compaction
[2022-03-13T03:28:54.515+0800][2201.457s] GC(234) Using 8 workers of 8 for full compaction
[2022-03-13T03:28:54.515+0800][2201.457s] GC(234) Pause Full (G1 Compaction Pause)
[2022-03-13T03:28:54.515+0800][2201.457s] GC(234) Phase 1: Mark live objects
[2022-03-13T03:28:54.734+0800][2201.674s] GC(234) Phase 1: Mark live objects 216.200ms
[2022-03-13T03:28:54.734+0800][2201.674s] GC(234) Phase 2: Prepare for compaction
[2022-03-13T03:28:54.735+0800][2201.675s] GC(234) Phase 2: Prepare for compaction 1.165ms
[2022-03-13T03:28:54.735+0800][2201.675s] GC(234) Phase 3: Adjust pointers
[2022-03-13T03:28:54.792+0800][2201.731s] GC(234) Phase 3: Adjust pointers 56.473ms
[2022-03-13T03:28:54.792+0800][2201.731s] GC(234) Phase 4: Compact heap
[2022-03-13T03:28:54.792+0800][2201.732s] GC(234) Phase 4: Compact heap 0.590ms
[2022-03-13T03:28:54.794+0800][2201.740s] GC(234) Eden regions: 0->0(25)
[2022-03-13T03:28:54.794+0800][2201.740s] GC(234) Survivor regions: 1->0(4)
[2022-03-13T03:28:54.794+0800][2201.740s] GC(234) Old regions: 467->468
[2022-03-13T03:28:54.794+0800][2201.740s] GC(234) Archive regions: 0->0
[2022-03-13T03:28:54.794+0800][2201.740s] GC(234) Humongous regions: 30->30
[2022-03-13T03:28:54.794+0800][2201.740s] GC(234) Metaspace: 53497K(53824K)->53497K(53824K) NonClass: 47302K(47488K)->47302K(47488K) Class: 6194K(6336K)->6194K(6336K)
[2022-03-13T03:28:54.794+0800][2201.740s] GC(234) Pause Full (G1 Compaction Pause) 494M->494M(512M) 283.109ms
[2022-03-13T03:28:54.794+0800][2201.741s] GC(234) User=1.58s Sys=0.02s Real=0.28s
[2022-03-13T03:28:54.794+0800][2201.741s] Attempting maximum full compaction clearing soft references
[2022-03-13T03:28:54.794+0800][2201.741s] GC(235) Using 8 workers of 8 for full compaction
[2022-03-13T03:28:54.794+0800][2201.741s] GC(235) Pause Full (G1 Compaction Pause)
[2022-03-13T03:28:54.794+0800][2201.741s] GC(235) Phase 1: Mark live objects
[2022-03-13T03:28:55.030+0800][2201.969s] GC(235) Phase 1: Mark live objects 228.123ms
[2022-03-13T03:28:55.030+0800][2201.969s] GC(235) Phase 2: Prepare for compaction
[2022-03-13T03:28:55.077+0800][2202.016s] GC(235) Phase 2: Prepare for compaction 47.072ms
[2022-03-13T03:28:55.077+0800][2202.017s] GC(235) Phase 3: Adjust pointers
[2022-03-13T03:28:55.146+0800][2202.085s] GC(235) Phase 3: Adjust pointers 68.585ms
[2022-03-13T03:28:55.146+0800][2202.085s] GC(235) Phase 4: Compact heap
[2022-03-13T03:28:55.190+0800][2202.130s] GC(235) Phase 4: Compact heap 44.488ms
[2022-03-13T03:28:55.194+0800][2202.136s] GC(235) Eden regions: 0->0(25)
[2022-03-13T03:28:55.194+0800][2202.137s] GC(235) Survivor regions: 0->0(4)
[2022-03-13T03:28:55.194+0800][2202.137s] GC(235) Old regions: 468->465
[2022-03-13T03:28:55.194+0800][2202.137s] GC(235) Archive regions: 0->0
[2022-03-13T03:28:55.194+0800][2202.137s] GC(235) Humongous regions: 30->30
[2022-03-13T03:28:55.194+0800][2202.137s] GC(235) Metaspace: 53497K(53824K)->53497K(53824K) NonClass: 47302K(47488K)->47302K(47488K) Class: 6194K(6336K)->6194K(6336K)
[2022-03-13T03:28:55.194+0800][2202.137s] GC(235) Pause Full (G1 Compaction Pause) 494M->493M(512M) 395.522ms
[2022-03-13T03:28:55.194+0800][2202.137s] GC(235) User=2.06s Sys=0.00s Real=0.40s
[2022-03-13T03:28:55.194+0800][2202.137s] GC(232) Concurrent Mark From Roots 681.010ms
[2022-03-13T03:28:55.194+0800][2202.137s] GC(232) Concurrent Mark Abort
[2022-03-13T03:28:55.194+0800][2202.137s] GC(232) Concurrent Mark Cycle 682.139ms
[2022-03-13T03:28:55.212+0800][2202.154s] GC(236) Pause Young (Concurrent Start) (G1 Humongous Allocation)
[2022-03-13T03:28:55.212+0800][2202.154s] GC(236) Using 8 workers of 8 for evacuation
[2022-03-13T03:28:55.216+0800][2202.155s] GC(236)   Pre Evacuate Collection Set: 0.1ms
[2022-03-13T03:28:55.216+0800][2202.155s] GC(236)   Merge Heap Roots: 0.0ms
[2022-03-13T03:28:55.216+0800][2202.155s] GC(236)   Evacuate Collection Set: 0.6ms
[2022-03-13T03:28:55.216+0800][2202.155s] GC(236)   Post Evacuate Collection Set: 0.3ms
[2022-03-13T03:28:55.216+0800][2202.155s] GC(236)   Other: 0.2ms
[2022-03-13T03:28:55.216+0800][2202.156s] GC(236) Eden regions: 1->0(24)
[2022-03-13T03:28:55.216+0800][2202.156s] GC(236) Survivor regions: 0->1(1)
[2022-03-13T03:28:55.216+0800][2202.156s] GC(236) Old regions: 465->465
[2022-03-13T03:28:55.216+0800][2202.156s] GC(236) Archive regions: 0->0
[2022-03-13T03:28:55.216+0800][2202.156s] GC(236) Humongous regions: 45->45
[2022-03-13T03:28:55.216+0800][2202.156s] GC(236) Metaspace: 53497K(53824K)->53497K(53824K) NonClass: 47302K(47488K)->47302K(47488K) Class: 6194K(6336K)->6194K(6336K)
[2022-03-13T03:28:55.216+0800][2202.156s] GC(236) Pause Young (Concurrent Start) (G1 Humongous Allocation) 508M->508M(512M) 1.537ms
[2022-03-13T03:28:55.216+0800][2202.156s] GC(236) User=0.08s Sys=0.00s Real=0.00s
[2022-03-13T03:28:55.216+0800][2202.156s] GC(237) Concurrent Mark Cycle
[2022-03-13T03:28:55.216+0800][2202.156s] GC(237) Concurrent Clear Claimed Marks
[2022-03-13T03:28:55.216+0800][2202.156s] GC(237) Concurrent Clear Claimed Marks 0.038ms
[2022-03-13T03:28:55.216+0800][2202.156s] GC(237) Concurrent Scan Root Regions
[2022-03-13T03:28:55.216+0800][2202.156s] GC(237) Concurrent Scan Root Regions 0.110ms
[2022-03-13T03:28:55.216+0800][2202.156s] GC(238) Pause Young (Normal) (G1 Preventive Collection)
[2022-03-13T03:28:55.216+0800][2202.156s] GC(237) Concurrent Mark
[2022-03-13T03:28:55.216+0800][2202.156s] GC(238) Using 8 workers of 8 for evacuation
[2022-03-13T03:28:55.216+0800][2202.156s] GC(237) Concurrent Mark From Roots
[2022-03-13T03:28:55.216+0800][2202.156s] GC(237) Using 2 workers of 2 for marking
[2022-03-13T03:28:55.217+0800][2202.157s] GC(238)   Pre Evacuate Collection Set: 0.2ms
[2022-03-13T03:28:55.217+0800][2202.157s] GC(238)   Merge Heap Roots: 0.0ms
[2022-03-13T03:28:55.217+0800][2202.157s] GC(238)   Evacuate Collection Set: 0.1ms
[2022-03-13T03:28:55.217+0800][2202.157s] GC(238)   Post Evacuate Collection Set: 0.3ms
[2022-03-13T03:28:55.217+0800][2202.157s] GC(238)   Other: 0.1ms
[2022-03-13T03:28:55.217+0800][2202.157s] GC(238) Eden regions: 0->0(24)
[2022-03-13T03:28:55.217+0800][2202.157s] GC(238) Survivor regions: 1->1(1)
[2022-03-13T03:28:55.217+0800][2202.157s] GC(238) Old regions: 465->465
[2022-03-13T03:28:55.217+0800][2202.157s] GC(238) Archive regions: 0->0
[2022-03-13T03:28:55.217+0800][2202.157s] GC(238) Humongous regions: 45->45
[2022-03-13T03:28:55.217+0800][2202.157s] GC(238) Metaspace: 53497K(53824K)->53497K(53824K) NonClass: 47302K(47488K)->47302K(47488K) Class: 6194K(6336K)->6194K(6336K)
[2022-03-13T03:28:55.217+0800][2202.157s] GC(238) Pause Young (Normal) (G1 Preventive Collection) 508M->508M(512M) 0.863ms
[2022-03-13T03:28:55.217+0800][2202.157s] GC(238) User=0.00s Sys=0.00s Real=0.00s
[2022-03-13T03:28:55.217+0800][2202.157s] GC(239) Pause Young (Normal) (G1 Humongous Allocation)
[2022-03-13T03:28:55.217+0800][2202.157s] GC(239) Using 8 workers of 8 for evacuation
[2022-03-13T03:28:55.218+0800][2202.157s] GC(239) To-space exhausted
[2022-03-13T03:28:55.218+0800][2202.158s] GC(239)   Pre Evacuate Collection Set: 0.0ms
[2022-03-13T03:28:55.218+0800][2202.158s] GC(239)   Merge Heap Roots: 0.0ms
[2022-03-13T03:28:55.218+0800][2202.158s] GC(239)   Evacuate Collection Set: 0.1ms
[2022-03-13T03:28:55.218+0800][2202.158s] GC(239)   Post Evacuate Collection Set: 0.2ms
[2022-03-13T03:28:55.218+0800][2202.158s] GC(239)   Other: 0.1ms
[2022-03-13T03:28:55.218+0800][2202.158s] GC(239) Eden regions: 1->0(25)
[2022-03-13T03:28:55.218+0800][2202.158s] GC(239) Survivor regions: 1->0(0)
[2022-03-13T03:28:55.218+0800][2202.158s] GC(239) Old regions: 465->467
[2022-03-13T03:28:55.218+0800][2202.158s] GC(239) Archive regions: 0->0
[2022-03-13T03:28:55.218+0800][2202.158s] GC(239) Humongous regions: 45->45
[2022-03-13T03:28:55.218+0800][2202.158s] GC(239) Metaspace: 53497K(53824K)->53497K(53824K) NonClass: 47302K(47488K)->47302K(47488K) Class: 6194K(6336K)->6194K(6336K)
[2022-03-13T03:28:55.218+0800][2202.158s] GC(239) Pause Young (Normal) (G1 Humongous Allocation) 508M->508M(512M) 0.784ms
[2022-03-13T03:28:55.218+0800][2202.158s] GC(239) User=0.00s Sys=0.00s Real=0.00s
[2022-03-13T03:28:55.218+0800][2202.158s] Attempting full compaction
[2022-03-13T03:28:55.218+0800][2202.158s] GC(240) Using 8 workers of 8 for full compaction
[2022-03-13T03:28:55.218+0800][2202.158s] GC(240) Pause Full (G1 Compaction Pause)
[2022-03-13T03:28:55.218+0800][2202.158s] GC(240) Phase 1: Mark live objects
[2022-03-13T03:28:55.461+0800][2202.401s] GC(240) Phase 1: Mark live objects 242.746ms
[2022-03-13T03:28:55.462+0800][2202.401s] GC(240) Phase 2: Prepare for compaction
[2022-03-13T03:28:55.464+0800][2202.404s] GC(240) Phase 2: Prepare for compaction 2.679ms
[2022-03-13T03:28:55.465+0800][2202.404s] GC(240) Phase 3: Adjust pointers
[2022-03-13T03:28:55.522+0800][2202.461s] GC(240) Phase 3: Adjust pointers 56.997ms
[2022-03-13T03:28:55.522+0800][2202.461s] GC(240) Phase 4: Compact heap
[2022-03-13T03:28:55.524+0800][2202.463s] GC(240) Phase 4: Compact heap 2.026ms
[2022-03-13T03:28:55.526+0800][2202.470s] GC(240) Eden regions: 0->0(25)
[2022-03-13T03:28:55.526+0800][2202.470s] GC(240) Survivor regions: 0->0(0)
[2022-03-13T03:28:55.526+0800][2202.470s] GC(240) Old regions: 467->465
[2022-03-13T03:28:55.526+0800][2202.470s] GC(240) Archive regions: 0->0
[2022-03-13T03:28:55.526+0800][2202.470s] GC(240) Humongous regions: 45->45
[2022-03-13T03:28:55.526+0800][2202.470s] GC(240) Metaspace: 53497K(53824K)->53497K(53824K) NonClass: 47302K(47488K)->47302K(47488K) Class: 6194K(6336K)->6194K(6336K)
[2022-03-13T03:28:55.526+0800][2202.470s] GC(240) Pause Full (G1 Compaction Pause) 508M->508M(512M) 311.681ms
[2022-03-13T03:28:55.526+0800][2202.471s] GC(240) User=1.88s Sys=0.00s Real=0.31s
[2022-03-13T03:28:55.526+0800][2202.471s] Attempting maximum full compaction clearing soft references
[2022-03-13T03:28:55.526+0800][2202.471s] GC(241) Using 8 workers of 8 for full compaction
[2022-03-13T03:28:55.526+0800][2202.471s] GC(241) Pause Full (G1 Compaction Pause)
[2022-03-13T03:28:55.526+0800][2202.471s] GC(241) Phase 1: Mark live objects
[2022-03-13T03:28:55.827+0800][2202.767s] GC(241) Phase 1: Mark live objects 296.287ms
[2022-03-13T03:28:55.828+0800][2202.767s] GC(241) Phase 2: Prepare for compaction
[2022-03-13T03:28:55.884+0800][2202.824s] GC(241) Phase 2: Prepare for compaction 56.561ms
[2022-03-13T03:28:55.884+0800][2202.824s] GC(241) Phase 3: Adjust pointers
[2022-03-13T03:28:55.963+0800][2202.906s] GC(241) Phase 3: Adjust pointers 81.969ms
[2022-03-13T03:28:55.963+0800][2202.906s] GC(241) Phase 4: Compact heap
[2022-03-13T03:28:56.018+0800][2202.957s] GC(241) Phase 4: Compact heap 51.244ms
[2022-03-13T03:28:56.024+0800][2202.966s] GC(241) Eden regions: 0->0(25)
[2022-03-13T03:28:56.024+0800][2202.966s] GC(241) Survivor regions: 0->0(0)
[2022-03-13T03:28:56.024+0800][2202.966s] GC(241) Old regions: 465->465
[2022-03-13T03:28:56.024+0800][2202.966s] GC(241) Archive regions: 0->0
[2022-03-13T03:28:56.024+0800][2202.966s] GC(241) Humongous regions: 45->45
[2022-03-13T03:28:56.024+0800][2202.966s] GC(241) Metaspace: 53497K(53824K)->53497K(53824K) NonClass: 47302K(47488K)->47302K(47488K) Class: 6194K(6336K)->6194K(6336K)
[2022-03-13T03:28:56.024+0800][2202.966s] GC(241) Pause Full (G1 Compaction Pause) 508M->508M(512M) 495.583ms
[2022-03-13T03:28:56.024+0800][2202.967s] GC(241) User=2.47s Sys=0.03s Real=0.50s
[2022-03-13T03:28:56.024+0800][2202.967s] GC(237) Concurrent Mark From Roots 811.008ms
[2022-03-13T03:28:56.024+0800][2202.967s] GC(237) Concurrent Mark Abort
[2022-03-13T03:28:56.024+0800][2202.967s] GC(237) Concurrent Mark Cycle 811.390ms
[2022-03-13T03:29:08.220+0800][2215.159s] GC(242) Pause Young (Normal) (G1 Preventive Collection)
[2022-03-13T03:29:08.220+0800][2215.159s] GC(242) Using 8 workers of 8 for evacuation
[2022-03-13T03:29:08.220+0800][2215.160s] GC(242)   Pre Evacuate Collection Set: 0.0ms
[2022-03-13T03:29:08.220+0800][2215.160s] GC(242)   Merge Heap Roots: 0.0ms
[2022-03-13T03:29:08.220+0800][2215.160s] GC(242)   Evacuate Collection Set: 0.2ms
[2022-03-13T03:29:08.220+0800][2215.160s] GC(242)   Post Evacuate Collection Set: 0.2ms
[2022-03-13T03:29:08.220+0800][2215.160s] GC(242)   Other: 0.1ms
[2022-03-13T03:29:08.220+0800][2215.160s] GC(242) Eden regions: 1->0(24)
[2022-03-13T03:29:08.220+0800][2215.160s] GC(242) Survivor regions: 0->1(1)
[2022-03-13T03:29:08.220+0800][2215.160s] GC(242) Old regions: 465->465
[2022-03-13T03:29:08.220+0800][2215.160s] GC(242) Archive regions: 0->0
[2022-03-13T03:29:08.220+0800][2215.160s] GC(242) Humongous regions: 45->45
[2022-03-13T03:29:08.220+0800][2215.160s] GC(242) Metaspace: 53503K(53824K)->53503K(53824K) NonClass: 47308K(47488K)->47308K(47488K) Class: 6194K(6336K)->6194K(6336K)
[2022-03-13T03:29:08.220+0800][2215.160s] GC(242) Pause Young (Normal) (G1 Preventive Collection) 509M->508M(512M) 0.648ms
[2022-03-13T03:29:08.220+0800][2215.160s] GC(242) User=0.00s Sys=0.00s Real=0.00s
[2022-03-13T03:29:08.222+0800][2215.161s] GC(243) Pause Young (Concurrent Start) (G1 Humongous Allocation)
[2022-03-13T03:29:08.222+0800][2215.161s] GC(243) Using 8 workers of 8 for evacuation
[2022-03-13T03:29:08.223+0800][2215.162s] GC(243) To-space exhausted
[2022-03-13T03:29:08.223+0800][2215.163s] GC(243)   Pre Evacuate Collection Set: 0.1ms
[2022-03-13T03:29:08.223+0800][2215.163s] GC(243)   Merge Heap Roots: 0.0ms
[2022-03-13T03:29:08.223+0800][2215.163s] GC(243)   Evacuate Collection Set: 0.5ms
[2022-03-13T03:29:08.223+0800][2215.163s] GC(243)   Post Evacuate Collection Set: 0.4ms
[2022-03-13T03:29:08.223+0800][2215.163s] GC(243)   Other: 0.2ms
[2022-03-13T03:29:08.223+0800][2215.163s] GC(243) Eden regions: 1->0(25)
[2022-03-13T03:29:08.223+0800][2215.163s] GC(243) Survivor regions: 1->0(0)
[2022-03-13T03:29:08.223+0800][2215.163s] GC(243) Old regions: 465->467
[2022-03-13T03:29:08.223+0800][2215.163s] GC(243) Archive regions: 0->0
[2022-03-13T03:29:08.223+0800][2215.163s] GC(243) Humongous regions: 45->45
[2022-03-13T03:29:08.223+0800][2215.163s] GC(243) Metaspace: 53503K(53824K)->53503K(53824K) NonClass: 47308K(47488K)->47308K(47488K) Class: 6194K(6336K)->6194K(6336K)
[2022-03-13T03:29:08.223+0800][2215.163s] GC(243) Pause Young (Concurrent Start) (G1 Humongous Allocation) 509M->509M(512M) 1.492ms
[2022-03-13T03:29:08.223+0800][2215.163s] GC(243) User=0.00s Sys=0.00s Real=0.00s
[2022-03-13T03:29:08.223+0800][2215.163s] Attempting full compaction clearing soft references
[2022-03-13T03:29:08.224+0800][2215.163s] GC(244) Using 8 workers of 8 for full compaction
[2022-03-13T03:29:08.224+0800][2215.163s] GC(245) Concurrent Mark Cycle
[2022-03-13T03:29:08.224+0800][2215.163s] GC(245) Concurrent Clear Claimed Marks
[2022-03-13T03:29:08.224+0800][2215.163s] GC(245) Concurrent Clear Claimed Marks 0.032ms
[2022-03-13T03:29:08.224+0800][2215.163s] GC(245) Concurrent Scan Root Regions
[2022-03-13T03:29:08.224+0800][2215.163s] GC(245) Concurrent Scan Root Regions 0.026ms
[2022-03-13T03:29:08.224+0800][2215.163s] GC(245) Concurrent Mark
[2022-03-13T03:29:08.224+0800][2215.163s] GC(245) Concurrent Mark From Roots
[2022-03-13T03:29:08.224+0800][2215.163s] GC(245) Using 2 workers of 2 for marking
[2022-03-13T03:29:08.224+0800][2215.163s] GC(244) Pause Full (G1 Compaction Pause)
[2022-03-13T03:29:08.224+0800][2215.163s] GC(244) Phase 1: Mark live objects
[2022-03-13T03:29:08.421+0800][2215.360s] GC(244) Phase 1: Mark live objects 196.662ms
[2022-03-13T03:29:08.421+0800][2215.360s] GC(244) Phase 2: Prepare for compaction
[2022-03-13T03:29:08.421+0800][2215.361s] GC(244) Phase 2: Prepare for compaction 0.475ms
[2022-03-13T03:29:08.421+0800][2215.361s] GC(244) Phase 3: Adjust pointers
[2022-03-13T03:29:08.470+0800][2215.409s] GC(244) Phase 3: Adjust pointers 48.752ms
[2022-03-13T03:29:08.470+0800][2215.409s] GC(244) Phase 4: Compact heap
[2022-03-13T03:29:08.470+0800][2215.410s] GC(244) Phase 4: Compact heap 0.077ms
[2022-03-13T03:29:08.476+0800][2215.416s] GC(244) Eden regions: 0->0(25)
[2022-03-13T03:29:08.476+0800][2215.416s] GC(244) Survivor regions: 0->0(0)
[2022-03-13T03:29:08.476+0800][2215.416s] GC(244) Old regions: 467->467
[2022-03-13T03:29:08.476+0800][2215.416s] GC(244) Archive regions: 0->0
[2022-03-13T03:29:08.476+0800][2215.416s] GC(244) Humongous regions: 45->30
[2022-03-13T03:29:08.476+0800][2215.416s] GC(244) Metaspace: 53503K(53824K)->53503K(53824K) NonClass: 47308K(47488K)->47308K(47488K) Class: 6194K(6336K)->6194K(6336K)
[2022-03-13T03:29:08.476+0800][2215.416s] GC(244) Pause Full (G1 Compaction Pause) 509M->493M(512M) 253.150ms
[2022-03-13T03:29:08.477+0800][2215.417s] GC(244) User=1.61s Sys=0.02s Real=0.25s
[2022-03-13T03:29:08.478+0800][2215.418s] GC(245) Concurrent Mark From Roots 254.572ms
[2022-03-13T03:29:08.478+0800][2215.418s] GC(246) Pause Young (Normal) (G1 Humongous Allocation)
[2022-03-13T03:29:08.478+0800][2215.418s] GC(246) Using 8 workers of 8 for evacuation
[2022-03-13T03:29:08.479+0800][2215.419s] GC(246)   Pre Evacuate Collection Set: 0.1ms
[2022-03-13T03:29:08.479+0800][2215.419s] GC(246)   Merge Heap Roots: 0.1ms
[2022-03-13T03:29:08.479+0800][2215.419s] GC(246)   Evacuate Collection Set: 0.2ms
[2022-03-13T03:29:08.479+0800][2215.419s] GC(246)   Post Evacuate Collection Set: 0.3ms
[2022-03-13T03:29:08.479+0800][2215.419s] GC(246)   Other: 0.1ms
[2022-03-13T03:29:08.479+0800][2215.419s] GC(246) Eden regions: 0->0(25)
[2022-03-13T03:29:08.479+0800][2215.419s] GC(246) Survivor regions: 0->0(4)
[2022-03-13T03:29:08.479+0800][2215.419s] GC(246) Old regions: 467->467
[2022-03-13T03:29:08.479+0800][2215.419s] GC(246) Archive regions: 0->0
[2022-03-13T03:29:08.479+0800][2215.419s] GC(246) Humongous regions: 30->30
[2022-03-13T03:29:08.479+0800][2215.419s] GC(246) Metaspace: 53503K(53824K)->53503K(53824K) NonClass: 47308K(47488K)->47308K(47488K) Class: 6194K(6336K)->6194K(6336K)
[2022-03-13T03:29:08.479+0800][2215.419s] GC(246) Pause Young (Normal) (G1 Humongous Allocation) 493M->493M(512M) 1.123ms
[2022-03-13T03:29:08.479+0800][2215.419s] GC(246) User=0.00s Sys=0.00s Real=0.00s
[2022-03-13T03:29:08.479+0800][2215.419s] Attempting full compaction
[2022-03-13T03:29:08.479+0800][2215.419s] GC(247) Using 8 workers of 8 for full compaction
[2022-03-13T03:29:08.479+0800][2215.419s] GC(247) Pause Full (G1 Compaction Pause)
[2022-03-13T03:29:08.479+0800][2215.419s] GC(247) Phase 1: Mark live objects
[2022-03-13T03:29:08.767+0800][2215.706s] GC(247) Phase 1: Mark live objects 287.079ms
[2022-03-13T03:29:08.767+0800][2215.706s] GC(247) Phase 2: Prepare for compaction
[2022-03-13T03:29:08.768+0800][2215.707s] GC(247) Phase 2: Prepare for compaction 0.554ms
[2022-03-13T03:29:08.768+0800][2215.707s] GC(247) Phase 3: Adjust pointers
[2022-03-13T03:29:08.824+0800][2215.764s] GC(247) Phase 3: Adjust pointers 56.665ms
[2022-03-13T03:29:08.824+0800][2215.764s] GC(247) Phase 4: Compact heap
[2022-03-13T03:29:08.824+0800][2215.764s] GC(247) Phase 4: Compact heap 0.098ms
[2022-03-13T03:29:08.832+0800][2215.772s] GC(247) Eden regions: 0->0(25)
[2022-03-13T03:29:08.832+0800][2215.772s] GC(247) Survivor regions: 0->0(4)
[2022-03-13T03:29:08.832+0800][2215.772s] GC(247) Old regions: 467->467
[2022-03-13T03:29:08.832+0800][2215.772s] GC(247) Archive regions: 0->0
[2022-03-13T03:29:08.833+0800][2215.772s] GC(247) Humongous regions: 30->30
[2022-03-13T03:29:08.833+0800][2215.772s] GC(247) Metaspace: 53503K(53824K)->53503K(53824K) NonClass: 47308K(47488K)->47308K(47488K) Class: 6194K(6336K)->6194K(6336K)
[2022-03-13T03:29:08.833+0800][2215.772s] GC(247) Pause Full (G1 Compaction Pause) 493M->493M(512M) 353.190ms
[2022-03-13T03:29:08.834+0800][2215.773s] GC(247) User=2.33s Sys=0.00s Real=0.36s
[2022-03-13T03:29:08.834+0800][2215.773s] Attempting maximum full compaction clearing soft references
[2022-03-13T03:29:08.834+0800][2215.773s] GC(248) Using 8 workers of 8 for full compaction
[2022-03-13T03:29:08.834+0800][2215.773s] GC(248) Pause Full (G1 Compaction Pause)
[2022-03-13T03:29:08.834+0800][2215.773s] GC(248) Phase 1: Mark live objects
[2022-03-13T03:29:09.099+0800][2216.038s] GC(248) Phase 1: Mark live objects 265.061ms
[2022-03-13T03:29:09.099+0800][2216.038s] GC(248) Phase 2: Prepare for compaction
[2022-03-13T03:29:09.163+0800][2216.103s] GC(248) Phase 2: Prepare for compaction 64.220ms
[2022-03-13T03:29:09.163+0800][2216.103s] GC(248) Phase 3: Adjust pointers
[2022-03-13T03:29:09.241+0800][2216.181s] GC(248) Phase 3: Adjust pointers 77.769ms
[2022-03-13T03:29:09.241+0800][2216.181s] GC(248) Phase 4: Compact heap
[2022-03-13T03:29:09.320+0800][2216.260s] GC(248) Phase 4: Compact heap 79.366ms
[2022-03-13T03:29:09.343+0800][2216.282s] GC(248) Eden regions: 0->0(25)
[2022-03-13T03:29:09.343+0800][2216.282s] GC(248) Survivor regions: 0->0(4)
[2022-03-13T03:29:09.343+0800][2216.282s] GC(248) Old regions: 467->465
[2022-03-13T03:29:09.343+0800][2216.282s] GC(248) Archive regions: 0->0
[2022-03-13T03:29:09.343+0800][2216.282s] GC(248) Humongous regions: 30->30
[2022-03-13T03:29:09.343+0800][2216.282s] GC(248) Metaspace: 53503K(53824K)->53503K(53824K) NonClass: 47308K(47488K)->47308K(47488K) Class: 6194K(6336K)->6194K(6336K)
[2022-03-13T03:29:09.343+0800][2216.282s] GC(248) Pause Full (G1 Compaction Pause) 493M->493M(512M) 509.187ms
[2022-03-13T03:29:09.344+0800][2216.283s] GC(248) User=3.22s Sys=0.02s Real=0.51s
[2022-03-13T03:29:09.344+0800][2216.284s] GC(245) Concurrent Mark Abort
[2022-03-13T03:29:09.344+0800][2216.284s] GC(245) Concurrent Mark Cycle 1120.672ms
[2022-03-13T03:29:09.360+0800][2216.300s] GC(249) Pause Young (Concurrent Start) (G1 Humongous Allocation)
[2022-03-13T03:29:09.360+0800][2216.300s] GC(249) Using 8 workers of 8 for evacuation
[2022-03-13T03:29:09.362+0800][2216.301s] GC(249)   Pre Evacuate Collection Set: 0.1ms
[2022-03-13T03:29:09.362+0800][2216.301s] GC(249)   Merge Heap Roots: 0.0ms
[2022-03-13T03:29:09.362+0800][2216.301s] GC(249)   Evacuate Collection Set: 0.6ms
[2022-03-13T03:29:09.362+0800][2216.301s] GC(249)   Post Evacuate Collection Set: 0.3ms
[2022-03-13T03:29:09.362+0800][2216.301s] GC(249)   Other: 0.2ms
[2022-03-13T03:29:09.362+0800][2216.301s] GC(249) Eden regions: 1->0(24)
[2022-03-13T03:29:09.362+0800][2216.301s] GC(249) Survivor regions: 0->1(1)
[2022-03-13T03:29:09.362+0800][2216.301s] GC(249) Old regions: 465->465
[2022-03-13T03:29:09.362+0800][2216.301s] GC(249) Archive regions: 0->0
[2022-03-13T03:29:09.362+0800][2216.301s] GC(249) Humongous regions: 45->45
[2022-03-13T03:29:09.362+0800][2216.301s] GC(249) Metaspace: 53503K(53824K)->53503K(53824K) NonClass: 47308K(47488K)->47308K(47488K) Class: 6194K(6336K)->6194K(6336K)
[2022-03-13T03:29:09.362+0800][2216.301s] GC(249) Pause Young (Concurrent Start) (G1 Humongous Allocation) 508M->508M(512M) 1.398ms
[2022-03-13T03:29:09.362+0800][2216.301s] GC(249) User=0.00s Sys=0.00s Real=0.00s
[2022-03-13T03:29:09.362+0800][2216.301s] GC(250) Concurrent Mark Cycle
[2022-03-13T03:29:09.362+0800][2216.301s] GC(250) Concurrent Clear Claimed Marks
[2022-03-13T03:29:09.362+0800][2216.301s] GC(250) Concurrent Clear Claimed Marks 0.036ms
[2022-03-13T03:29:09.362+0800][2216.301s] GC(250) Concurrent Scan Root Regions
[2022-03-13T03:29:09.362+0800][2216.301s] GC(250) Concurrent Scan Root Regions 0.134ms
[2022-03-13T03:29:09.362+0800][2216.301s] GC(251) Pause Young (Normal) (G1 Humongous Allocation)
[2022-03-13T03:29:09.362+0800][2216.301s] GC(250) Concurrent Mark
[2022-03-13T03:29:09.362+0800][2216.301s] GC(251) Using 8 workers of 8 for evacuation
[2022-03-13T03:29:09.362+0800][2216.302s] GC(250) Concurrent Mark From Roots
[2022-03-13T03:29:09.362+0800][2216.302s] GC(250) Using 2 workers of 2 for marking
[2022-03-13T03:29:09.363+0800][2216.302s] GC(251)   Pre Evacuate Collection Set: 0.2ms
[2022-03-13T03:29:09.363+0800][2216.302s] GC(251)   Merge Heap Roots: 0.0ms
[2022-03-13T03:29:09.363+0800][2216.302s] GC(251)   Evacuate Collection Set: 0.2ms
[2022-03-13T03:29:09.363+0800][2216.302s] GC(251)   Post Evacuate Collection Set: 0.3ms
[2022-03-13T03:29:09.363+0800][2216.302s] GC(251)   Other: 0.2ms
[2022-03-13T03:29:09.363+0800][2216.302s] GC(251) Eden regions: 0->0(24)
[2022-03-13T03:29:09.363+0800][2216.302s] GC(251) Survivor regions: 1->1(1)
[2022-03-13T03:29:09.363+0800][2216.302s] GC(251) Old regions: 465->465
[2022-03-13T03:29:09.363+0800][2216.302s] GC(251) Archive regions: 0->0
[2022-03-13T03:29:09.363+0800][2216.302s] GC(251) Humongous regions: 45->45
[2022-03-13T03:29:09.363+0800][2216.302s] GC(251) Metaspace: 53503K(53824K)->53503K(53824K) NonClass: 47308K(47488K)->47308K(47488K) Class: 6194K(6336K)->6194K(6336K)
[2022-03-13T03:29:09.363+0800][2216.302s] GC(251) Pause Young (Normal) (G1 Humongous Allocation) 508M->508M(512M) 1.047ms
[2022-03-13T03:29:09.363+0800][2216.303s] GC(251) User=0.00s Sys=0.00s Real=0.00s
[2022-03-13T03:29:09.363+0800][2216.303s] Attempting full compaction
[2022-03-13T03:29:09.363+0800][2216.303s] GC(252) Using 8 workers of 8 for full compaction
[2022-03-13T03:29:09.363+0800][2216.303s] GC(252) Pause Full (G1 Compaction Pause)
[2022-03-13T03:29:09.364+0800][2216.303s] GC(252) Phase 1: Mark live objects
[2022-03-13T03:29:09.664+0800][2216.603s] GC(252) Phase 1: Mark live objects 300.172ms
[2022-03-13T03:29:09.664+0800][2216.603s] GC(252) Phase 2: Prepare for compaction
[2022-03-13T03:29:09.665+0800][2216.604s] GC(252) Phase 2: Prepare for compaction 0.970ms
[2022-03-13T03:29:09.665+0800][2216.604s] GC(252) Phase 3: Adjust pointers
[2022-03-13T03:29:09.737+0800][2216.676s] GC(252) Phase 3: Adjust pointers 71.556ms
[2022-03-13T03:29:09.737+0800][2216.676s] GC(252) Phase 4: Compact heap
[2022-03-13T03:29:09.737+0800][2216.676s] GC(252) Phase 4: Compact heap 0.136ms
[2022-03-13T03:29:09.744+0800][2216.684s] GC(252) Eden regions: 0->0(25)
[2022-03-13T03:29:09.744+0800][2216.684s] GC(252) Survivor regions: 1->0(1)
[2022-03-13T03:29:09.744+0800][2216.684s] GC(252) Old regions: 465->465
[2022-03-13T03:29:09.744+0800][2216.684s] GC(252) Archive regions: 0->0
[2022-03-13T03:29:09.744+0800][2216.684s] GC(252) Humongous regions: 45->45
[2022-03-13T03:29:09.744+0800][2216.684s] GC(252) Metaspace: 53503K(53824K)->53503K(53824K) NonClass: 47308K(47488K)->47308K(47488K) Class: 6194K(6336K)->6194K(6336K)
[2022-03-13T03:29:09.744+0800][2216.684s] GC(252) Pause Full (G1 Compaction Pause) 508M->508M(512M) 381.272ms
[2022-03-13T03:29:09.746+0800][2216.686s] GC(252) User=2.83s Sys=0.00s Real=0.38s
[2022-03-13T03:29:09.746+0800][2216.686s] Attempting maximum full compaction clearing soft references
[2022-03-13T03:29:09.746+0800][2216.686s] GC(253) Using 8 workers of 8 for full compaction
[2022-03-13T03:29:09.746+0800][2216.686s] GC(253) Pause Full (G1 Compaction Pause)
[2022-03-13T03:29:09.747+0800][2216.686s] GC(253) Phase 1: Mark live objects
[2022-03-13T03:29:10.079+0800][2217.019s] GC(253) Phase 1: Mark live objects 332.189ms
[2022-03-13T03:29:10.079+0800][2217.019s] GC(253) Phase 2: Prepare for compaction
[2022-03-13T03:29:10.134+0800][2217.074s] GC(253) Phase 2: Prepare for compaction 54.826ms
[2022-03-13T03:29:10.134+0800][2217.074s] GC(253) Phase 3: Adjust pointers
[2022-03-13T03:29:10.215+0800][2217.155s] GC(253) Phase 3: Adjust pointers 81.490ms
[2022-03-13T03:29:10.215+0800][2217.155s] GC(253) Phase 4: Compact heap
[2022-03-13T03:29:10.259+0800][2217.198s] GC(253) Phase 4: Compact heap 43.153ms
[2022-03-13T03:29:10.269+0800][2217.209s] GC(253) Eden regions: 0->0(25)
[2022-03-13T03:29:10.269+0800][2217.209s] GC(253) Survivor regions: 0->0(1)
[2022-03-13T03:29:10.269+0800][2217.209s] GC(253) Old regions: 465->465
[2022-03-13T03:29:10.269+0800][2217.209s] GC(253) Archive regions: 0->0
[2022-03-13T03:29:10.269+0800][2217.209s] GC(253) Humongous regions: 45->45
[2022-03-13T03:29:10.269+0800][2217.209s] GC(253) Metaspace: 53503K(53824K)->53503K(53824K) NonClass: 47308K(47488K)->47308K(47488K) Class: 6194K(6336K)->6194K(6336K)
[2022-03-13T03:29:10.269+0800][2217.209s] GC(253) Pause Full (G1 Compaction Pause) 508M->508M(512M) 522.586ms
[2022-03-13T03:29:10.270+0800][2217.210s] GC(253) User=3.14s Sys=0.00s Real=0.52s
[2022-03-13T03:29:10.270+0800][2217.210s] GC(250) Concurrent Mark From Roots 908.334ms
[2022-03-13T03:29:10.270+0800][2217.210s] GC(250) Concurrent Mark Abort
[2022-03-13T03:29:10.270+0800][2217.210s] GC(250) Concurrent Mark Cycle 908.757ms
[2022-03-13T03:29:20.322+0800][2227.262s] GC(254) Pause Young (Normal) (G1 Preventive Collection)
[2022-03-13T03:29:20.323+0800][2227.262s] GC(254) Using 8 workers of 8 for evacuation
[2022-03-13T03:29:20.325+0800][2227.264s] GC(254)   Pre Evacuate Collection Set: 0.1ms
[2022-03-13T03:29:20.325+0800][2227.264s] GC(254)   Merge Heap Roots: 0.1ms
[2022-03-13T03:29:20.325+0800][2227.264s] GC(254)   Evacuate Collection Set: 1.3ms
[2022-03-13T03:29:20.325+0800][2227.264s] GC(254)   Post Evacuate Collection Set: 0.5ms
[2022-03-13T03:29:20.325+0800][2227.264s] GC(254)   Other: 0.2ms
[2022-03-13T03:29:20.325+0800][2227.264s] GC(254) Eden regions: 1->0(24)
[2022-03-13T03:29:20.325+0800][2227.264s] GC(254) Survivor regions: 0->1(1)
[2022-03-13T03:29:20.325+0800][2227.264s] GC(254) Old regions: 465->465
[2022-03-13T03:29:20.325+0800][2227.264s] GC(254) Archive regions: 0->0
[2022-03-13T03:29:20.325+0800][2227.264s] GC(254) Humongous regions: 45->45
[2022-03-13T03:29:20.325+0800][2227.264s] GC(254) Metaspace: 53510K(53824K)->53510K(53824K) NonClass: 47315K(47488K)->47315K(47488K) Class: 6194K(6336K)->6194K(6336K)
[2022-03-13T03:29:20.325+0800][2227.264s] GC(254) Pause Young (Normal) (G1 Preventive Collection) 509M->508M(512M) 2.386ms
[2022-03-13T03:29:20.325+0800][2227.264s] GC(254) User=0.00s Sys=0.00s Real=0.00s
[2022-03-13T03:30:12.340+0800][2279.280s] GC(255) Pause Young (Concurrent Start) (G1 Evacuation Pause)
[2022-03-13T03:30:12.340+0800][2279.280s] GC(255) Using 8 workers of 8 for evacuation
[2022-03-13T03:30:12.341+0800][2279.281s] GC(255) To-space exhausted
[2022-03-13T03:30:12.341+0800][2279.281s] GC(255)   Pre Evacuate Collection Set: 0.1ms
[2022-03-13T03:30:12.341+0800][2279.281s] GC(255)   Merge Heap Roots: 0.1ms
[2022-03-13T03:30:12.341+0800][2279.281s] GC(255)   Evacuate Collection Set: 0.4ms
[2022-03-13T03:30:12.341+0800][2279.281s] GC(255)   Post Evacuate Collection Set: 0.4ms
[2022-03-13T03:30:12.341+0800][2279.281s] GC(255)   Other: 0.2ms
[2022-03-13T03:30:12.341+0800][2279.281s] GC(255) Eden regions: 1->0(25)
[2022-03-13T03:30:12.341+0800][2279.281s] GC(255) Survivor regions: 1->0(0)
[2022-03-13T03:30:12.341+0800][2279.281s] GC(255) Old regions: 465->467
[2022-03-13T03:30:12.341+0800][2279.281s] GC(255) Archive regions: 0->0
[2022-03-13T03:30:12.341+0800][2279.281s] GC(255) Humongous regions: 45->45
[2022-03-13T03:30:12.341+0800][2279.281s] GC(255) Metaspace: 53510K(53824K)->53510K(53824K) NonClass: 47315K(47488K)->47315K(47488K) Class: 6194K(6336K)->6194K(6336K)
[2022-03-13T03:30:12.341+0800][2279.281s] GC(255) Pause Young (Concurrent Start) (G1 Evacuation Pause) 509M->509M(512M) 1.133ms
[2022-03-13T03:30:12.341+0800][2279.281s] GC(255) User=0.00s Sys=0.00s Real=0.00s
[2022-03-13T03:30:12.341+0800][2279.281s] Attempting full compaction
[2022-03-13T03:30:12.341+0800][2279.281s] GC(256) Concurrent Mark Cycle
[2022-03-13T03:30:12.341+0800][2279.281s] GC(257) Using 8 workers of 8 for full compaction
[2022-03-13T03:30:12.341+0800][2279.281s] GC(256) Concurrent Clear Claimed Marks
[2022-03-13T03:30:12.341+0800][2279.281s] GC(256) Concurrent Clear Claimed Marks 0.029ms
[2022-03-13T03:30:12.341+0800][2279.281s] GC(256) Concurrent Scan Root Regions
[2022-03-13T03:30:12.341+0800][2279.281s] GC(256) Concurrent Scan Root Regions 0.009ms
[2022-03-13T03:30:12.341+0800][2279.281s] GC(256) Concurrent Mark
[2022-03-13T03:30:12.341+0800][2279.281s] GC(256) Concurrent Mark From Roots
[2022-03-13T03:30:12.341+0800][2279.281s] GC(256) Using 2 workers of 2 for marking
[2022-03-13T03:30:12.341+0800][2279.281s] GC(257) Pause Full (G1 Compaction Pause)
[2022-03-13T03:30:12.341+0800][2279.281s] GC(257) Phase 1: Mark live objects
[2022-03-13T03:30:12.530+0800][2279.470s] GC(257) Phase 1: Mark live objects 188.841ms
[2022-03-13T03:30:12.530+0800][2279.470s] GC(257) Phase 2: Prepare for compaction
[2022-03-13T03:30:12.531+0800][2279.471s] GC(257) Phase 2: Prepare for compaction 0.548ms
[2022-03-13T03:30:12.531+0800][2279.471s] GC(257) Phase 3: Adjust pointers
[2022-03-13T03:30:12.599+0800][2279.539s] GC(257) Phase 3: Adjust pointers 68.043ms
[2022-03-13T03:30:12.599+0800][2279.539s] GC(257) Phase 4: Compact heap
[2022-03-13T03:30:12.599+0800][2279.539s] GC(257) Phase 4: Compact heap 0.083ms
[2022-03-13T03:30:12.607+0800][2279.547s] GC(257) Eden regions: 0->0(25)
[2022-03-13T03:30:12.607+0800][2279.547s] GC(257) Survivor regions: 0->0(0)
[2022-03-13T03:30:12.607+0800][2279.547s] GC(257) Old regions: 467->467
[2022-03-13T03:30:12.607+0800][2279.547s] GC(257) Archive regions: 0->0
[2022-03-13T03:30:12.607+0800][2279.547s] GC(257) Humongous regions: 45->30
[2022-03-13T03:30:12.607+0800][2279.547s] GC(257) Metaspace: 53510K(53824K)->53510K(53824K) NonClass: 47315K(47488K)->47315K(47488K) Class: 6194K(6336K)->6194K(6336K)
[2022-03-13T03:30:12.607+0800][2279.547s] GC(257) Pause Full (G1 Compaction Pause) 509M->493M(512M) 265.883ms
[2022-03-13T03:30:12.607+0800][2279.547s] GC(257) User=1.44s Sys=0.00s Real=0.27s
[2022-03-13T03:30:12.607+0800][2279.547s] GC(256) Concurrent Mark From Roots 266.477ms
[2022-03-13T03:30:12.607+0800][2279.547s] GC(256) Concurrent Mark Abort
[2022-03-13T03:30:12.607+0800][2279.547s] GC(256) Concurrent Mark Cycle 266.651ms
[2022-03-13T03:30:12.608+0800][2279.548s] GC(258) Pause Young (Concurrent Start) (G1 Humongous Allocation)
[2022-03-13T03:30:12.608+0800][2279.549s] GC(258) Using 8 workers of 8 for evacuation
[2022-03-13T03:30:12.611+0800][2279.550s] GC(258)   Pre Evacuate Collection Set: 0.2ms
[2022-03-13T03:30:12.611+0800][2279.550s] GC(258)   Merge Heap Roots: 0.1ms
[2022-03-13T03:30:12.611+0800][2279.550s] GC(258)   Evacuate Collection Set: 0.7ms
[2022-03-13T03:30:12.611+0800][2279.550s] GC(258)   Post Evacuate Collection Set: 0.5ms
[2022-03-13T03:30:12.611+0800][2279.550s] GC(258)   Other: 0.2ms
[2022-03-13T03:30:12.611+0800][2279.550s] GC(258) Eden regions: 1->0(24)
[2022-03-13T03:30:12.611+0800][2279.550s] GC(258) Survivor regions: 0->1(4)
[2022-03-13T03:30:12.611+0800][2279.550s] GC(258) Old regions: 467->467
[2022-03-13T03:30:12.611+0800][2279.550s] GC(258) Archive regions: 0->0
[2022-03-13T03:30:12.611+0800][2279.550s] GC(258) Humongous regions: 30->30
[2022-03-13T03:30:12.611+0800][2279.550s] GC(258) Metaspace: 53510K(53824K)->53510K(53824K) NonClass: 47315K(47488K)->47315K(47488K) Class: 6194K(6336K)->6194K(6336K)
[2022-03-13T03:30:12.611+0800][2279.550s] GC(258) Pause Young (Concurrent Start) (G1 Humongous Allocation) 494M->493M(512M) 1.810ms
[2022-03-13T03:30:12.611+0800][2279.550s] GC(258) User=0.00s Sys=0.00s Real=0.00s
[2022-03-13T03:30:12.611+0800][2279.550s] GC(259) Concurrent Mark Cycle
[2022-03-13T03:30:12.611+0800][2279.550s] GC(259) Concurrent Clear Claimed Marks
[2022-03-13T03:30:12.611+0800][2279.550s] GC(259) Concurrent Clear Claimed Marks 0.019ms
[2022-03-13T03:30:12.611+0800][2279.550s] GC(259) Concurrent Scan Root Regions
[2022-03-13T03:30:12.612+0800][2279.551s] GC(259) Concurrent Scan Root Regions 0.638ms
[2022-03-13T03:30:12.612+0800][2279.551s] GC(260) Pause Young (Normal) (G1 Humongous Allocation)
[2022-03-13T03:30:12.612+0800][2279.551s] GC(259) Concurrent Mark
[2022-03-13T03:30:12.612+0800][2279.551s] GC(260) Using 8 workers of 8 for evacuation
[2022-03-13T03:30:12.612+0800][2279.551s] GC(259) Concurrent Mark From Roots
[2022-03-13T03:30:12.612+0800][2279.551s] GC(259) Using 2 workers of 2 for marking
[2022-03-13T03:30:12.613+0800][2279.552s] GC(260)   Pre Evacuate Collection Set: 0.8ms
[2022-03-13T03:30:12.613+0800][2279.552s] GC(260)   Merge Heap Roots: 0.0ms
[2022-03-13T03:30:12.613+0800][2279.552s] GC(260)   Evacuate Collection Set: 0.1ms
[2022-03-13T03:30:12.613+0800][2279.552s] GC(260)   Post Evacuate Collection Set: 0.4ms
[2022-03-13T03:30:12.613+0800][2279.552s] GC(260)   Other: 0.2ms
[2022-03-13T03:30:12.613+0800][2279.552s] GC(260) Eden regions: 0->0(24)
[2022-03-13T03:30:12.613+0800][2279.552s] GC(260) Survivor regions: 1->1(4)
[2022-03-13T03:30:12.613+0800][2279.552s] GC(260) Old regions: 467->467
[2022-03-13T03:30:12.613+0800][2279.552s] GC(260) Archive regions: 0->0
[2022-03-13T03:30:12.613+0800][2279.552s] GC(260) Humongous regions: 30->30
[2022-03-13T03:30:12.613+0800][2279.552s] GC(260) Metaspace: 53510K(53824K)->53510K(53824K) NonClass: 47315K(47488K)->47315K(47488K) Class: 6194K(6336K)->6194K(6336K)
[2022-03-13T03:30:12.613+0800][2279.552s] GC(260) Pause Young (Normal) (G1 Humongous Allocation) 493M->493M(512M) 1.071ms
[2022-03-13T03:30:12.613+0800][2279.552s] GC(260) User=0.00s Sys=0.00s Real=0.00s
[2022-03-13T03:30:12.613+0800][2279.552s] Attempting full compaction
[2022-03-13T03:30:12.613+0800][2279.552s] GC(261) Using 8 workers of 8 for full compaction
[2022-03-13T03:30:12.613+0800][2279.552s] GC(261) Pause Full (G1 Compaction Pause)
[2022-03-13T03:30:12.613+0800][2279.553s] GC(261) Phase 1: Mark live objects
[2022-03-13T03:30:12.851+0800][2279.791s] GC(261) Phase 1: Mark live objects 238.592ms
[2022-03-13T03:30:12.851+0800][2279.791s] GC(261) Phase 2: Prepare for compaction
[2022-03-13T03:30:12.853+0800][2279.792s] GC(261) Phase 2: Prepare for compaction 1.031ms
[2022-03-13T03:30:12.853+0800][2279.792s] GC(261) Phase 3: Adjust pointers
[2022-03-13T03:30:12.915+0800][2279.854s] GC(261) Phase 3: Adjust pointers 61.888ms
[2022-03-13T03:30:12.915+0800][2279.854s] GC(261) Phase 4: Compact heap
[2022-03-13T03:30:12.915+0800][2279.854s] GC(261) Phase 4: Compact heap 0.097ms
[2022-03-13T03:30:12.921+0800][2279.861s] GC(261) Eden regions: 0->0(25)
[2022-03-13T03:30:12.921+0800][2279.862s] GC(261) Survivor regions: 1->0(4)
[2022-03-13T03:30:12.921+0800][2279.862s] GC(261) Old regions: 467->468
[2022-03-13T03:30:12.921+0800][2279.862s] GC(261) Archive regions: 0->0
[2022-03-13T03:30:12.921+0800][2279.862s] GC(261) Humongous regions: 30->30
[2022-03-13T03:30:12.921+0800][2279.862s] GC(261) Metaspace: 53510K(53824K)->53510K(53824K) NonClass: 47315K(47488K)->47315K(47488K) Class: 6194K(6336K)->6194K(6336K)
[2022-03-13T03:30:12.921+0800][2279.862s] GC(261) Pause Full (G1 Compaction Pause) 493M->493M(512M) 309.193ms
[2022-03-13T03:30:12.922+0800][2279.862s] GC(261) User=1.92s Sys=0.00s Real=0.31s
[2022-03-13T03:30:12.922+0800][2279.862s] Attempting maximum full compaction clearing soft references
[2022-03-13T03:30:12.922+0800][2279.862s] GC(262) Using 8 workers of 8 for full compaction
[2022-03-13T03:30:12.922+0800][2279.862s] GC(262) Pause Full (G1 Compaction Pause)
[2022-03-13T03:30:12.922+0800][2279.862s] GC(262) Phase 1: Mark live objects
[2022-03-13T03:30:13.199+0800][2280.139s] GC(262) Phase 1: Mark live objects 276.548ms
[2022-03-13T03:30:13.199+0800][2280.139s] GC(262) Phase 2: Prepare for compaction
[2022-03-13T03:30:13.254+0800][2280.194s] GC(262) Phase 2: Prepare for compaction 54.879ms
[2022-03-13T03:30:13.254+0800][2280.194s] GC(262) Phase 3: Adjust pointers
[2022-03-13T03:30:13.328+0800][2280.268s] GC(262) Phase 3: Adjust pointers 73.808ms
[2022-03-13T03:30:13.328+0800][2280.268s] GC(262) Phase 4: Compact heap
[2022-03-13T03:30:13.369+0800][2280.309s] GC(262) Phase 4: Compact heap 40.848ms
[2022-03-13T03:30:13.377+0800][2280.317s] GC(262) Eden regions: 0->0(25)
[2022-03-13T03:30:13.377+0800][2280.317s] GC(262) Survivor regions: 0->0(4)
[2022-03-13T03:30:13.377+0800][2280.317s] GC(262) Old regions: 468->465
[2022-03-13T03:30:13.377+0800][2280.317s] GC(262) Archive regions: 0->0
[2022-03-13T03:30:13.377+0800][2280.317s] GC(262) Humongous regions: 30->30
[2022-03-13T03:30:13.377+0800][2280.317s] GC(262) Metaspace: 53510K(53824K)->53510K(53824K) NonClass: 47315K(47488K)->47315K(47488K) Class: 6194K(6336K)->6194K(6336K)
[2022-03-13T03:30:13.378+0800][2280.318s] GC(262) Pause Full (G1 Compaction Pause) 493M->493M(512M) 455.323ms
[2022-03-13T03:30:13.379+0800][2280.319s] GC(262) User=3.08s Sys=0.00s Real=0.46s
[2022-03-13T03:30:13.379+0800][2280.319s] GC(259) Concurrent Mark From Roots 767.480ms
[2022-03-13T03:30:13.379+0800][2280.319s] GC(259) Concurrent Mark Abort
[2022-03-13T03:30:13.379+0800][2280.319s] GC(259) Concurrent Mark Cycle 768.420ms
[2022-03-13T03:30:13.393+0800][2280.333s] GC(263) Pause Young (Concurrent Start) (G1 Humongous Allocation)
[2022-03-13T03:30:13.393+0800][2280.333s] GC(263) Using 8 workers of 8 for evacuation
[2022-03-13T03:30:13.395+0800][2280.334s] GC(263)   Pre Evacuate Collection Set: 0.1ms
[2022-03-13T03:30:13.395+0800][2280.334s] GC(263)   Merge Heap Roots: 0.0ms
[2022-03-13T03:30:13.395+0800][2280.334s] GC(263)   Evacuate Collection Set: 0.5ms
[2022-03-13T03:30:13.395+0800][2280.334s] GC(263)   Post Evacuate Collection Set: 0.3ms
[2022-03-13T03:30:13.395+0800][2280.334s] GC(263)   Other: 0.2ms
[2022-03-13T03:30:13.395+0800][2280.334s] GC(263) Eden regions: 1->0(24)
[2022-03-13T03:30:13.395+0800][2280.334s] GC(263) Survivor regions: 0->1(1)
[2022-03-13T03:30:13.395+0800][2280.334s] GC(263) Old regions: 465->465
[2022-03-13T03:30:13.395+0800][2280.334s] GC(263) Archive regions: 0->0
[2022-03-13T03:30:13.395+0800][2280.334s] GC(263) Humongous regions: 45->45
[2022-03-13T03:30:13.395+0800][2280.334s] GC(263) Metaspace: 53510K(53824K)->53510K(53824K) NonClass: 47315K(47488K)->47315K(47488K) Class: 6194K(6336K)->6194K(6336K)
[2022-03-13T03:30:13.395+0800][2280.334s] GC(263) Pause Young (Concurrent Start) (G1 Humongous Allocation) 508M->508M(512M) 1.250ms
[2022-03-13T03:30:13.395+0800][2280.334s] GC(263) User=0.00s Sys=0.00s Real=0.00s
[2022-03-13T03:30:13.395+0800][2280.334s] GC(264) Concurrent Mark Cycle
[2022-03-13T03:30:13.395+0800][2280.334s] GC(264) Concurrent Clear Claimed Marks
[2022-03-13T03:30:13.395+0800][2280.334s] GC(264) Concurrent Clear Claimed Marks 0.034ms
[2022-03-13T03:30:13.395+0800][2280.334s] GC(264) Concurrent Scan Root Regions
[2022-03-13T03:30:13.395+0800][2280.335s] GC(264) Concurrent Scan Root Regions 0.105ms
[2022-03-13T03:30:13.395+0800][2280.335s] GC(264) Concurrent Mark
[2022-03-13T03:30:13.395+0800][2280.335s] GC(265) Pause Young (Normal) (G1 Humongous Allocation)
[2022-03-13T03:30:13.395+0800][2280.335s] GC(264) Concurrent Mark From Roots
[2022-03-13T03:30:13.395+0800][2280.335s] GC(265) Using 8 workers of 8 for evacuation
[2022-03-13T03:30:13.395+0800][2280.335s] GC(264) Using 2 workers of 2 for marking
[2022-03-13T03:30:13.396+0800][2280.335s] GC(265)   Pre Evacuate Collection Set: 0.2ms
[2022-03-13T03:30:13.396+0800][2280.335s] GC(265)   Merge Heap Roots: 0.0ms
[2022-03-13T03:30:13.396+0800][2280.335s] GC(265)   Evacuate Collection Set: 0.1ms
[2022-03-13T03:30:13.396+0800][2280.335s] GC(265)   Post Evacuate Collection Set: 0.3ms
[2022-03-13T03:30:13.396+0800][2280.335s] GC(265)   Other: 0.1ms
[2022-03-13T03:30:13.396+0800][2280.335s] GC(265) Eden regions: 0->0(24)
[2022-03-13T03:30:13.396+0800][2280.335s] GC(265) Survivor regions: 1->1(1)
[2022-03-13T03:30:13.396+0800][2280.335s] GC(265) Old regions: 465->465
[2022-03-13T03:30:13.396+0800][2280.335s] GC(265) Archive regions: 0->0
[2022-03-13T03:30:13.396+0800][2280.335s] GC(265) Humongous regions: 45->45
[2022-03-13T03:30:13.396+0800][2280.335s] GC(265) Metaspace: 53510K(53824K)->53510K(53824K) NonClass: 47315K(47488K)->47315K(47488K) Class: 6194K(6336K)->6194K(6336K)
[2022-03-13T03:30:13.396+0800][2280.335s] GC(265) Pause Young (Normal) (G1 Humongous Allocation) 508M->508M(512M) 0.805ms
[2022-03-13T03:30:13.396+0800][2280.335s] GC(265) User=0.00s Sys=0.00s Real=0.00s
[2022-03-13T03:30:13.396+0800][2280.335s] Attempting full compaction
[2022-03-13T03:30:13.396+0800][2280.335s] GC(266) Using 8 workers of 8 for full compaction
[2022-03-13T03:30:13.396+0800][2280.336s] GC(266) Pause Full (G1 Compaction Pause)
[2022-03-13T03:30:13.396+0800][2280.336s] GC(266) Phase 1: Mark live objects
[2022-03-13T03:30:13.677+0800][2280.617s] GC(266) Phase 1: Mark live objects 280.954ms
[2022-03-13T03:30:13.677+0800][2280.617s] GC(266) Phase 2: Prepare for compaction
[2022-03-13T03:30:13.678+0800][2280.618s] GC(266) Phase 2: Prepare for compaction 0.786ms
[2022-03-13T03:30:13.678+0800][2280.618s] GC(266) Phase 3: Adjust pointers
[2022-03-13T03:30:13.745+0800][2280.684s] GC(266) Phase 3: Adjust pointers 66.716ms
[2022-03-13T03:30:13.745+0800][2280.685s] GC(266) Phase 4: Compact heap
[2022-03-13T03:30:13.745+0800][2280.685s] GC(266) Phase 4: Compact heap 0.148ms
[2022-03-13T03:30:13.754+0800][2280.694s] GC(266) Eden regions: 0->0(25)
[2022-03-13T03:30:13.754+0800][2280.694s] GC(266) Survivor regions: 1->0(1)
[2022-03-13T03:30:13.754+0800][2280.694s] GC(266) Old regions: 465->465
[2022-03-13T03:30:13.754+0800][2280.694s] GC(266) Archive regions: 0->0
[2022-03-13T03:30:13.754+0800][2280.694s] GC(266) Humongous regions: 45->45
[2022-03-13T03:30:13.754+0800][2280.694s] GC(266) Metaspace: 53510K(53824K)->53510K(53824K) NonClass: 47315K(47488K)->47315K(47488K) Class: 6194K(6336K)->6194K(6336K)
[2022-03-13T03:30:13.754+0800][2280.694s] GC(266) Pause Full (G1 Compaction Pause) 508M->508M(512M) 358.325ms
[2022-03-13T03:30:13.755+0800][2280.695s] GC(266) User=2.38s Sys=0.00s Real=0.36s
[2022-03-13T03:30:13.755+0800][2280.695s] Attempting maximum full compaction clearing soft references
[2022-03-13T03:30:13.755+0800][2280.695s] GC(267) Using 8 workers of 8 for full compaction
[2022-03-13T03:30:13.755+0800][2280.695s] GC(267) Pause Full (G1 Compaction Pause)
[2022-03-13T03:30:13.755+0800][2280.695s] GC(267) Phase 1: Mark live objects
[2022-03-13T03:30:14.040+0800][2280.980s] GC(267) Phase 1: Mark live objects 284.782ms
[2022-03-13T03:30:14.040+0800][2280.980s] GC(267) Phase 2: Prepare for compaction
[2022-03-13T03:30:14.099+0800][2281.039s] GC(267) Phase 2: Prepare for compaction 58.785ms
[2022-03-13T03:30:14.099+0800][2281.039s] GC(267) Phase 3: Adjust pointers
[2022-03-13T03:30:14.182+0800][2281.121s] GC(267) Phase 3: Adjust pointers 82.390ms
[2022-03-13T03:30:14.182+0800][2281.121s] GC(267) Phase 4: Compact heap
[2022-03-13T03:30:14.224+0800][2281.164s] GC(267) Phase 4: Compact heap 42.345ms
[2022-03-13T03:30:14.230+0800][2281.170s] GC(267) Eden regions: 0->0(25)
[2022-03-13T03:30:14.230+0800][2281.170s] GC(267) Survivor regions: 0->0(1)
[2022-03-13T03:30:14.230+0800][2281.170s] GC(267) Old regions: 465->465
[2022-03-13T03:30:14.230+0800][2281.170s] GC(267) Archive regions: 0->0
[2022-03-13T03:30:14.230+0800][2281.170s] GC(267) Humongous regions: 45->45
[2022-03-13T03:30:14.230+0800][2281.170s] GC(267) Metaspace: 53510K(53824K)->53510K(53824K) NonClass: 47315K(47488K)->47315K(47488K) Class: 6194K(6336K)->6194K(6336K)
[2022-03-13T03:30:14.230+0800][2281.170s] GC(267) Pause Full (G1 Compaction Pause) 508M->508M(512M) 475.145ms
[2022-03-13T03:30:14.231+0800][2281.171s] GC(267) User=3.11s Sys=0.03s Real=0.48s
[2022-03-13T03:30:14.231+0800][2281.171s] GC(264) Concurrent Mark From Roots 836.167ms
[2022-03-13T03:30:14.231+0800][2281.171s] GC(264) Concurrent Mark Abort
[2022-03-13T03:30:14.231+0800][2281.171s] GC(264) Concurrent Mark Cycle 836.451ms
[2022-03-13T03:30:20.372+0800][2287.312s] GC(268) Pause Young (Normal) (G1 Preventive Collection)
[2022-03-13T03:30:20.372+0800][2287.313s] GC(268) Using 8 workers of 8 for evacuation
[2022-03-13T03:30:20.374+0800][2287.314s] GC(268)   Pre Evacuate Collection Set: 0.1ms
[2022-03-13T03:30:20.374+0800][2287.314s] GC(268)   Merge Heap Roots: 0.0ms
[2022-03-13T03:30:20.374+0800][2287.314s] GC(268)   Evacuate Collection Set: 0.4ms
[2022-03-13T03:30:20.374+0800][2287.314s] GC(268)   Post Evacuate Collection Set: 0.6ms
[2022-03-13T03:30:20.374+0800][2287.314s] GC(268)   Other: 0.2ms
[2022-03-13T03:30:20.374+0800][2287.314s] GC(268) Eden regions: 1->0(24)
[2022-03-13T03:30:20.374+0800][2287.314s] GC(268) Survivor regions: 0->1(1)
[2022-03-13T03:30:20.374+0800][2287.314s] GC(268) Old regions: 465->465
[2022-03-13T03:30:20.374+0800][2287.314s] GC(268) Archive regions: 0->0
[2022-03-13T03:30:20.374+0800][2287.314s] GC(268) Humongous regions: 45->45
[2022-03-13T03:30:20.374+0800][2287.314s] GC(268) Metaspace: 53514K(53824K)->53514K(53824K) NonClass: 47319K(47488K)->47319K(47488K) Class: 6194K(6336K)->6194K(6336K)
[2022-03-13T03:30:20.374+0800][2287.314s] GC(268) Pause Young (Normal) (G1 Preventive Collection) 509M->508M(512M) 1.309ms
[2022-03-13T03:30:20.374+0800][2287.314s] GC(268) User=0.00s Sys=0.00s Real=0.00s
[2022-03-13T03:32:01.365+0800][2388.305s] GC(269) Pause Young (Concurrent Start) (G1 Evacuation Pause)
[2022-03-13T03:32:01.365+0800][2388.305s] GC(269) Using 8 workers of 8 for evacuation
[2022-03-13T03:32:01.367+0800][2388.307s] GC(269) To-space exhausted
[2022-03-13T03:32:01.367+0800][2388.307s] GC(269)   Pre Evacuate Collection Set: 0.1ms
[2022-03-13T03:32:01.367+0800][2388.307s] GC(269)   Merge Heap Roots: 0.1ms
[2022-03-13T03:32:01.367+0800][2388.307s] GC(269)   Evacuate Collection Set: 0.8ms
[2022-03-13T03:32:01.367+0800][2388.307s] GC(269)   Post Evacuate Collection Set: 0.8ms
[2022-03-13T03:32:01.367+0800][2388.307s] GC(269)   Other: 0.2ms
[2022-03-13T03:32:01.367+0800][2388.307s] GC(269) Eden regions: 1->0(25)
[2022-03-13T03:32:01.367+0800][2388.307s] GC(269) Survivor regions: 1->0(0)
[2022-03-13T03:32:01.367+0800][2388.307s] GC(269) Old regions: 465->467
[2022-03-13T03:32:01.367+0800][2388.307s] GC(269) Archive regions: 0->0
[2022-03-13T03:32:01.367+0800][2388.307s] GC(269) Humongous regions: 45->45
[2022-03-13T03:32:01.367+0800][2388.307s] GC(269) Metaspace: 53514K(53824K)->53514K(53824K) NonClass: 47319K(47488K)->47319K(47488K) Class: 6194K(6336K)->6194K(6336K)
[2022-03-13T03:32:01.367+0800][2388.307s] GC(269) Pause Young (Concurrent Start) (G1 Evacuation Pause) 509M->509M(512M) 2.123ms
[2022-03-13T03:32:01.367+0800][2388.307s] GC(269) User=0.00s Sys=0.00s Real=0.00s
[2022-03-13T03:32:01.367+0800][2388.307s] Attempting full compaction
[2022-03-13T03:32:01.367+0800][2388.307s] GC(270) Using 8 workers of 8 for full compaction
[2022-03-13T03:32:01.367+0800][2388.307s] GC(271) Concurrent Mark Cycle
[2022-03-13T03:32:01.367+0800][2388.307s] GC(271) Concurrent Clear Claimed Marks
[2022-03-13T03:32:01.367+0800][2388.307s] GC(271) Concurrent Clear Claimed Marks 0.026ms
[2022-03-13T03:32:01.367+0800][2388.307s] GC(270) Pause Full (G1 Compaction Pause)
[2022-03-13T03:32:01.367+0800][2388.307s] GC(271) Concurrent Scan Root Regions
[2022-03-13T03:32:01.367+0800][2388.307s] GC(271) Concurrent Scan Root Regions 0.069ms
[2022-03-13T03:32:01.367+0800][2388.307s] GC(271) Concurrent Mark
[2022-03-13T03:32:01.368+0800][2388.307s] GC(271) Concurrent Mark From Roots
[2022-03-13T03:32:01.368+0800][2388.307s] GC(271) Using 2 workers of 2 for marking
[2022-03-13T03:32:01.368+0800][2388.307s] GC(270) Phase 1: Mark live objects
[2022-03-13T03:32:01.565+0800][2388.505s] GC(270) Phase 1: Mark live objects 197.693ms
[2022-03-13T03:32:01.565+0800][2388.505s] GC(270) Phase 2: Prepare for compaction
[2022-03-13T03:32:01.567+0800][2388.506s] GC(270) Phase 2: Prepare for compaction 0.584ms
[2022-03-13T03:32:01.567+0800][2388.506s] GC(270) Phase 3: Adjust pointers
[2022-03-13T03:32:01.619+0800][2388.559s] GC(270) Phase 3: Adjust pointers 52.663ms
[2022-03-13T03:32:01.619+0800][2388.559s] GC(270) Phase 4: Compact heap
[2022-03-13T03:32:01.619+0800][2388.559s] GC(270) Phase 4: Compact heap 0.094ms
[2022-03-13T03:32:01.627+0800][2388.567s] GC(270) Eden regions: 0->0(25)
[2022-03-13T03:32:01.627+0800][2388.567s] GC(270) Survivor regions: 0->0(0)
[2022-03-13T03:32:01.627+0800][2388.567s] GC(270) Old regions: 467->467
[2022-03-13T03:32:01.627+0800][2388.567s] GC(270) Archive regions: 0->0
[2022-03-13T03:32:01.627+0800][2388.567s] GC(270) Humongous regions: 45->30
[2022-03-13T03:32:01.627+0800][2388.567s] GC(270) Metaspace: 53514K(53824K)->53514K(53824K) NonClass: 47319K(47488K)->47319K(47488K) Class: 6194K(6336K)->6194K(6336K)
[2022-03-13T03:32:01.627+0800][2388.567s] GC(270) Pause Full (G1 Compaction Pause) 509M->493M(512M) 259.848ms
[2022-03-13T03:32:01.628+0800][2388.568s] GC(270) User=1.84s Sys=0.00s Real=0.26s
[2022-03-13T03:32:01.628+0800][2388.568s] GC(271) Concurrent Mark From Roots 260.937ms
[2022-03-13T03:32:01.629+0800][2388.568s] GC(271) Concurrent Mark Abort
[2022-03-13T03:32:01.629+0800][2388.568s] GC(271) Concurrent Mark Cycle 261.236ms
[2022-03-13T03:32:01.822+0800][2388.761s] GC(272) Pause Young (Normal) (G1 Preventive Collection)
[2022-03-13T03:32:01.822+0800][2388.761s] GC(272) Using 8 workers of 8 for evacuation
[2022-03-13T03:32:01.823+0800][2388.762s] GC(272)   Pre Evacuate Collection Set: 0.1ms
[2022-03-13T03:32:01.823+0800][2388.762s] GC(272)   Merge Heap Roots: 0.0ms
[2022-03-13T03:32:01.823+0800][2388.762s] GC(272)   Evacuate Collection Set: 0.3ms
[2022-03-13T03:32:01.823+0800][2388.762s] GC(272)   Post Evacuate Collection Set: 0.5ms
[2022-03-13T03:32:01.823+0800][2388.762s] GC(272)   Other: 0.2ms
[2022-03-13T03:32:01.823+0800][2388.762s] GC(272) Eden regions: 14->0(24)
[2022-03-13T03:32:01.823+0800][2388.762s] GC(272) Survivor regions: 0->1(1)
[2022-03-13T03:32:01.823+0800][2388.762s] GC(272) Old regions: 467->467
[2022-03-13T03:32:01.823+0800][2388.762s] GC(272) Archive regions: 0->0
[2022-03-13T03:32:01.823+0800][2388.762s] GC(272) Humongous regions: 30->30
[2022-03-13T03:32:01.823+0800][2388.762s] GC(272) Metaspace: 53536K(53888K)->53536K(53888K) NonClass: 47342K(47552K)->47342K(47552K) Class: 6194K(6336K)->6194K(6336K)
[2022-03-13T03:32:01.823+0800][2388.763s] GC(272) Pause Young (Normal) (G1 Preventive Collection) 507M->494M(512M) 1.470ms
[2022-03-13T03:32:01.823+0800][2388.763s] GC(272) User=0.00s Sys=0.00s Real=0.00s
[2022-03-13T03:32:02.006+0800][2388.945s] GC(273) Pause Young (Concurrent Start) (G1 Preventive Collection)
[2022-03-13T03:32:02.006+0800][2388.945s] GC(273) Using 8 workers of 8 for evacuation
[2022-03-13T03:32:02.007+0800][2388.947s] GC(273)   Pre Evacuate Collection Set: 0.1ms
[2022-03-13T03:32:02.007+0800][2388.947s] GC(273)   Merge Heap Roots: 0.1ms
[2022-03-13T03:32:02.007+0800][2388.947s] GC(273)   Evacuate Collection Set: 0.7ms
[2022-03-13T03:32:02.007+0800][2388.947s] GC(273)   Post Evacuate Collection Set: 0.5ms
[2022-03-13T03:32:02.007+0800][2388.947s] GC(273)   Other: 0.2ms
[2022-03-13T03:32:02.007+0800][2388.947s] GC(273) Eden regions: 13->0(24)
[2022-03-13T03:32:02.007+0800][2388.947s] GC(273) Survivor regions: 1->1(1)
[2022-03-13T03:32:02.007+0800][2388.947s] GC(273) Old regions: 467->467
[2022-03-13T03:32:02.007+0800][2388.947s] GC(273) Archive regions: 0->0
[2022-03-13T03:32:02.007+0800][2388.947s] GC(273) Humongous regions: 30->30
[2022-03-13T03:32:02.007+0800][2388.947s] GC(273) Metaspace: 53536K(53888K)->53536K(53888K) NonClass: 47342K(47552K)->47342K(47552K) Class: 6194K(6336K)->6194K(6336K)
[2022-03-13T03:32:02.007+0800][2388.947s] GC(273) Pause Young (Concurrent Start) (G1 Preventive Collection) 507M->494M(512M) 1.685ms
[2022-03-13T03:32:02.007+0800][2388.947s] GC(273) User=0.00s Sys=0.00s Real=0.00s
[2022-03-13T03:32:02.007+0800][2388.947s] GC(274) Concurrent Mark Cycle
[2022-03-13T03:32:02.007+0800][2388.947s] GC(274) Concurrent Clear Claimed Marks
[2022-03-13T03:32:02.007+0800][2388.947s] GC(274) Concurrent Clear Claimed Marks 0.013ms
[2022-03-13T03:32:02.007+0800][2388.947s] GC(274) Concurrent Scan Root Regions
[2022-03-13T03:32:02.008+0800][2388.948s] GC(274) Concurrent Scan Root Regions 0.843ms
[2022-03-13T03:32:02.008+0800][2388.948s] GC(274) Concurrent Mark
[2022-03-13T03:32:02.008+0800][2388.948s] GC(274) Concurrent Mark From Roots
[2022-03-13T03:32:02.008+0800][2388.948s] GC(274) Using 2 workers of 2 for marking
[2022-03-13T03:32:02.200+0800][2389.139s] GC(275) Pause Young (Normal) (G1 Preventive Collection)
[2022-03-13T03:32:02.200+0800][2389.139s] GC(275) Using 8 workers of 8 for evacuation
[2022-03-13T03:32:02.201+0800][2389.140s] GC(275)   Pre Evacuate Collection Set: 0.0ms
[2022-03-13T03:32:02.201+0800][2389.140s] GC(275)   Merge Heap Roots: 0.0ms
[2022-03-13T03:32:02.201+0800][2389.140s] GC(275)   Evacuate Collection Set: 0.3ms
[2022-03-13T03:32:02.201+0800][2389.140s] GC(275)   Post Evacuate Collection Set: 0.3ms
[2022-03-13T03:32:02.201+0800][2389.140s] GC(275)   Other: 0.1ms
[2022-03-13T03:32:02.201+0800][2389.140s] GC(275) Eden regions: 13->0(24)
[2022-03-13T03:32:02.201+0800][2389.140s] GC(275) Survivor regions: 1->1(1)
[2022-03-13T03:32:02.201+0800][2389.140s] GC(275) Old regions: 467->467
[2022-03-13T03:32:02.201+0800][2389.140s] GC(275) Archive regions: 0->0
[2022-03-13T03:32:02.201+0800][2389.140s] GC(275) Humongous regions: 30->30
[2022-03-13T03:32:02.201+0800][2389.140s] GC(275) Metaspace: 53536K(53888K)->53536K(53888K) NonClass: 47342K(47552K)->47342K(47552K) Class: 6194K(6336K)->6194K(6336K)
[2022-03-13T03:32:02.201+0800][2389.140s] GC(275) Pause Young (Normal) (G1 Preventive Collection) 507M->494M(512M) 0.950ms
[2022-03-13T03:32:02.201+0800][2389.140s] GC(275) User=0.00s Sys=0.00s Real=0.00s
[2022-03-13T03:32:02.385+0800][2389.325s] GC(276) Pause Young (Normal) (G1 Preventive Collection)
[2022-03-13T03:32:02.385+0800][2389.325s] GC(276) Using 8 workers of 8 for evacuation
[2022-03-13T03:32:02.386+0800][2389.326s] GC(276)   Pre Evacuate Collection Set: 0.2ms
[2022-03-13T03:32:02.386+0800][2389.326s] GC(276)   Merge Heap Roots: 0.1ms
[2022-03-13T03:32:02.386+0800][2389.326s] GC(276)   Evacuate Collection Set: 0.4ms
[2022-03-13T03:32:02.386+0800][2389.326s] GC(276)   Post Evacuate Collection Set: 0.3ms
[2022-03-13T03:32:02.386+0800][2389.326s] GC(276)   Other: 0.3ms
[2022-03-13T03:32:02.386+0800][2389.326s] GC(276) Eden regions: 13->0(24)
[2022-03-13T03:32:02.386+0800][2389.326s] GC(276) Survivor regions: 1->1(1)
[2022-03-13T03:32:02.386+0800][2389.326s] GC(276) Old regions: 467->467
[2022-03-13T03:32:02.386+0800][2389.326s] GC(276) Archive regions: 0->0
[2022-03-13T03:32:02.386+0800][2389.326s] GC(276) Humongous regions: 30->30
[2022-03-13T03:32:02.386+0800][2389.326s] GC(276) Metaspace: 53536K(53888K)->53536K(53888K) NonClass: 47342K(47552K)->47342K(47552K) Class: 6194K(6336K)->6194K(6336K)
[2022-03-13T03:32:02.386+0800][2389.326s] GC(276) Pause Young (Normal) (G1 Preventive Collection) 507M->494M(512M) 1.301ms
[2022-03-13T03:32:02.386+0800][2389.326s] GC(276) User=0.00s Sys=0.00s Real=0.00s
[2022-03-13T03:32:02.619+0800][2389.559s] GC(277) Pause Young (Normal) (G1 Preventive Collection)
[2022-03-13T03:32:02.619+0800][2389.559s] GC(277) Using 8 workers of 8 for evacuation
[2022-03-13T03:32:02.619+0800][2389.559s] GC(277)   Pre Evacuate Collection Set: 0.1ms
[2022-03-13T03:32:02.619+0800][2389.559s] GC(277)   Merge Heap Roots: 0.0ms
[2022-03-13T03:32:02.619+0800][2389.559s] GC(277)   Evacuate Collection Set: 0.3ms
[2022-03-13T03:32:02.619+0800][2389.559s] GC(277)   Post Evacuate Collection Set: 0.2ms
[2022-03-13T03:32:02.619+0800][2389.559s] GC(277)   Other: 0.1ms
[2022-03-13T03:32:02.619+0800][2389.559s] GC(277) Eden regions: 13->0(24)
[2022-03-13T03:32:02.619+0800][2389.559s] GC(277) Survivor regions: 1->1(1)
[2022-03-13T03:32:02.619+0800][2389.559s] GC(277) Old regions: 467->467
[2022-03-13T03:32:02.619+0800][2389.559s] GC(277) Archive regions: 0->0
[2022-03-13T03:32:02.619+0800][2389.559s] GC(277) Humongous regions: 30->30
[2022-03-13T03:32:02.619+0800][2389.559s] GC(277) Metaspace: 53536K(53888K)->53536K(53888K) NonClass: 47342K(47552K)->47342K(47552K) Class: 6194K(6336K)->6194K(6336K)
[2022-03-13T03:32:02.619+0800][2389.559s] GC(277) Pause Young (Normal) (G1 Preventive Collection) 507M->494M(512M) 0.899ms
[2022-03-13T03:32:02.619+0800][2389.560s] GC(277) User=0.00s Sys=0.00s Real=0.00s
[2022-03-13T03:32:02.815+0800][2389.754s] GC(278) Pause Young (Normal) (G1 Preventive Collection)
[2022-03-13T03:32:02.815+0800][2389.754s] GC(278) Using 8 workers of 8 for evacuation
[2022-03-13T03:32:02.816+0800][2389.755s] GC(278)   Pre Evacuate Collection Set: 0.1ms
[2022-03-13T03:32:02.816+0800][2389.755s] GC(278)   Merge Heap Roots: 0.0ms
[2022-03-13T03:32:02.816+0800][2389.755s] GC(278)   Evacuate Collection Set: 0.4ms
[2022-03-13T03:32:02.816+0800][2389.755s] GC(278)   Post Evacuate Collection Set: 0.4ms
[2022-03-13T03:32:02.816+0800][2389.755s] GC(278)   Other: 0.2ms
[2022-03-13T03:32:02.816+0800][2389.755s] GC(278) Eden regions: 13->0(24)
[2022-03-13T03:32:02.816+0800][2389.755s] GC(278) Survivor regions: 1->1(1)
[2022-03-13T03:32:02.816+0800][2389.755s] GC(278) Old regions: 467->467
[2022-03-13T03:32:02.816+0800][2389.755s] GC(278) Archive regions: 0->0
[2022-03-13T03:32:02.816+0800][2389.755s] GC(278) Humongous regions: 30->30
[2022-03-13T03:32:02.816+0800][2389.755s] GC(278) Metaspace: 53536K(53888K)->53536K(53888K) NonClass: 47342K(47552K)->47342K(47552K) Class: 6194K(6336K)->6194K(6336K)
[2022-03-13T03:32:02.816+0800][2389.755s] GC(278) Pause Young (Normal) (G1 Preventive Collection) 507M->494M(512M) 1.205ms
[2022-03-13T03:32:02.816+0800][2389.755s] GC(278) User=0.00s Sys=0.00s Real=0.00s
[2022-03-13T03:32:02.857+0800][2389.796s] GC(274) Concurrent Mark From Roots 848.331ms
[2022-03-13T03:32:02.857+0800][2389.796s] GC(274) Concurrent Preclean
[2022-03-13T03:32:02.857+0800][2389.797s] GC(274) Concurrent Preclean 0.438ms
[2022-03-13T03:32:02.858+0800][2389.797s] GC(274) Pause Remark
[2022-03-13T03:32:02.861+0800][2389.800s] GC(274) Pause Remark 497M->497M(512M) 3.127ms
[2022-03-13T03:32:02.861+0800][2389.800s] GC(274) User=0.00s Sys=0.00s Real=0.00s
[2022-03-13T03:32:02.861+0800][2389.800s] GC(274) Concurrent Mark 852.472ms
[2022-03-13T03:32:02.861+0800][2389.800s] GC(274) Concurrent Rebuild Remembered Sets
[2022-03-13T03:32:03.023+0800][2389.963s] GC(279) Pause Young (Normal) (G1 Preventive Collection)
[2022-03-13T03:32:03.023+0800][2389.963s] GC(279) Using 8 workers of 8 for evacuation
[2022-03-13T03:32:03.024+0800][2389.964s] GC(279)   Pre Evacuate Collection Set: 0.2ms
[2022-03-13T03:32:03.024+0800][2389.964s] GC(279)   Merge Heap Roots: 0.1ms
[2022-03-13T03:32:03.024+0800][2389.964s] GC(279)   Evacuate Collection Set: 0.5ms
[2022-03-13T03:32:03.024+0800][2389.964s] GC(279)   Post Evacuate Collection Set: 0.4ms
[2022-03-13T03:32:03.024+0800][2389.964s] GC(279)   Other: 0.3ms
[2022-03-13T03:32:03.024+0800][2389.964s] GC(279) Eden regions: 13->0(24)
[2022-03-13T03:32:03.024+0800][2389.964s] GC(279) Survivor regions: 1->1(1)
[2022-03-13T03:32:03.024+0800][2389.964s] GC(279) Old regions: 467->467
[2022-03-13T03:32:03.025+0800][2389.964s] GC(279) Archive regions: 0->0
[2022-03-13T03:32:03.025+0800][2389.964s] GC(279) Humongous regions: 30->30
[2022-03-13T03:32:03.025+0800][2389.964s] GC(279) Metaspace: 53536K(53888K)->53536K(53888K) NonClass: 47342K(47552K)->47342K(47552K) Class: 6194K(6336K)->6194K(6336K)
[2022-03-13T03:32:03.025+0800][2389.964s] GC(279) Pause Young (Normal) (G1 Preventive Collection) 507M->494M(512M) 1.488ms
[2022-03-13T03:32:03.025+0800][2389.964s] GC(279) User=0.00s Sys=0.00s Real=0.00s
[2022-03-13T03:32:03.224+0800][2390.165s] GC(280) Pause Young (Normal) (G1 Preventive Collection)
[2022-03-13T03:32:03.224+0800][2390.165s] GC(280) Using 8 workers of 8 for evacuation
[2022-03-13T03:32:03.226+0800][2390.166s] GC(280)   Pre Evacuate Collection Set: 0.1ms
[2022-03-13T03:32:03.226+0800][2390.166s] GC(280)   Merge Heap Roots: 0.0ms
[2022-03-13T03:32:03.226+0800][2390.166s] GC(280)   Evacuate Collection Set: 0.3ms
[2022-03-13T03:32:03.226+0800][2390.166s] GC(280)   Post Evacuate Collection Set: 0.3ms
[2022-03-13T03:32:03.226+0800][2390.166s] GC(280)   Other: 0.3ms
[2022-03-13T03:32:03.226+0800][2390.166s] GC(280) Eden regions: 13->0(24)
[2022-03-13T03:32:03.226+0800][2390.166s] GC(280) Survivor regions: 1->1(1)
[2022-03-13T03:32:03.226+0800][2390.166s] GC(280) Old regions: 467->467
[2022-03-13T03:32:03.226+0800][2390.166s] GC(280) Archive regions: 0->0
[2022-03-13T03:32:03.226+0800][2390.166s] GC(280) Humongous regions: 30->30
[2022-03-13T03:32:03.226+0800][2390.166s] GC(280) Metaspace: 53536K(53888K)->53536K(53888K) NonClass: 47342K(47552K)->47342K(47552K) Class: 6194K(6336K)->6194K(6336K)
[2022-03-13T03:32:03.226+0800][2390.166s] GC(280) Pause Young (Normal) (G1 Preventive Collection) 507M->494M(512M) 1.388ms
[2022-03-13T03:32:03.226+0800][2390.166s] GC(280) User=0.00s Sys=0.00s Real=0.00s
[2022-03-13T03:32:03.240+0800][2390.180s] GC(274) Concurrent Rebuild Remembered Sets 379.833ms
[2022-03-13T03:32:03.241+0800][2390.180s] GC(274) Pause Cleanup
[2022-03-13T03:32:03.241+0800][2390.181s] GC(274) Pause Cleanup 495M->495M(512M) 0.192ms
[2022-03-13T03:32:03.241+0800][2390.181s] GC(274) User=0.00s Sys=0.00s Real=0.00s
[2022-03-13T03:32:03.241+0800][2390.181s] GC(274) Concurrent Cleanup for Next Mark
[2022-03-13T03:32:03.241+0800][2390.181s] GC(274) Concurrent Cleanup for Next Mark 0.393ms
[2022-03-13T03:32:03.241+0800][2390.181s] GC(274) Concurrent Mark Cycle 1234.394ms
[2022-03-13T03:32:03.429+0800][2390.369s] GC(281) Pause Young (Normal) (G1 Preventive Collection)
[2022-03-13T03:32:03.429+0800][2390.369s] GC(281) Using 8 workers of 8 for evacuation
[2022-03-13T03:32:03.431+0800][2390.370s] GC(281)   Pre Evacuate Collection Set: 0.2ms
[2022-03-13T03:32:03.431+0800][2390.370s] GC(281)   Merge Heap Roots: 0.0ms
[2022-03-13T03:32:03.431+0800][2390.370s] GC(281)   Evacuate Collection Set: 0.5ms
[2022-03-13T03:32:03.431+0800][2390.370s] GC(281)   Post Evacuate Collection Set: 0.4ms
[2022-03-13T03:32:03.431+0800][2390.370s] GC(281)   Other: 0.3ms
[2022-03-13T03:32:03.431+0800][2390.370s] GC(281) Eden regions: 13->0(24)
[2022-03-13T03:32:03.431+0800][2390.370s] GC(281) Survivor regions: 1->1(1)
[2022-03-13T03:32:03.431+0800][2390.370s] GC(281) Old regions: 467->467
[2022-03-13T03:32:03.431+0800][2390.371s] GC(281) Archive regions: 0->0
[2022-03-13T03:32:03.431+0800][2390.371s] GC(281) Humongous regions: 30->30
[2022-03-13T03:32:03.431+0800][2390.371s] GC(281) Metaspace: 53536K(53888K)->53536K(53888K) NonClass: 47342K(47552K)->47342K(47552K) Class: 6194K(6336K)->6194K(6336K)
[2022-03-13T03:32:03.431+0800][2390.371s] GC(281) Pause Young (Normal) (G1 Preventive Collection) 507M->494M(512M) 1.626ms
[2022-03-13T03:32:03.431+0800][2390.371s] GC(281) User=0.00s Sys=0.00s Real=0.00s
[2022-03-13T03:32:03.591+0800][2390.531s] GC(282) Pause Young (Concurrent Start) (G1 Preventive Collection)
[2022-03-13T03:32:03.591+0800][2390.531s] GC(282) Using 8 workers of 8 for evacuation
[2022-03-13T03:32:03.593+0800][2390.532s] GC(282)   Pre Evacuate Collection Set: 0.1ms
[2022-03-13T03:32:03.593+0800][2390.532s] GC(282)   Merge Heap Roots: 0.1ms
[2022-03-13T03:32:03.593+0800][2390.532s] GC(282)   Evacuate Collection Set: 0.5ms
[2022-03-13T03:32:03.593+0800][2390.532s] GC(282)   Post Evacuate Collection Set: 0.4ms
[2022-03-13T03:32:03.593+0800][2390.532s] GC(282)   Other: 0.2ms
[2022-03-13T03:32:03.593+0800][2390.532s] GC(282) Eden regions: 13->0(24)
[2022-03-13T03:32:03.593+0800][2390.532s] GC(282) Survivor regions: 1->1(1)
[2022-03-13T03:32:03.593+0800][2390.533s] GC(282) Old regions: 467->467
[2022-03-13T03:32:03.593+0800][2390.533s] GC(282) Archive regions: 0->0
[2022-03-13T03:32:03.593+0800][2390.533s] GC(282) Humongous regions: 30->30
[2022-03-13T03:32:03.593+0800][2390.533s] GC(282) Metaspace: 53536K(53888K)->53536K(53888K) NonClass: 47342K(47552K)->47342K(47552K) Class: 6194K(6336K)->6194K(6336K)
[2022-03-13T03:32:03.593+0800][2390.533s] GC(282) Pause Young (Concurrent Start) (G1 Preventive Collection) 507M->494M(512M) 1.449ms
[2022-03-13T03:32:03.593+0800][2390.533s] GC(282) User=0.00s Sys=0.00s Real=0.00s
[2022-03-13T03:32:03.593+0800][2390.533s] GC(283) Concurrent Mark Cycle
[2022-03-13T03:32:03.593+0800][2390.533s] GC(283) Concurrent Clear Claimed Marks
[2022-03-13T03:32:03.593+0800][2390.533s] GC(283) Concurrent Clear Claimed Marks 0.023ms
[2022-03-13T03:32:03.593+0800][2390.533s] GC(283) Concurrent Scan Root Regions
[2022-03-13T03:32:03.594+0800][2390.533s] GC(283) Concurrent Scan Root Regions 0.719ms
[2022-03-13T03:32:03.594+0800][2390.533s] GC(283) Concurrent Mark
[2022-03-13T03:32:03.594+0800][2390.533s] GC(283) Concurrent Mark From Roots
[2022-03-13T03:32:03.594+0800][2390.533s] GC(283) Using 2 workers of 2 for marking
[2022-03-13T03:32:03.800+0800][2390.740s] GC(284) Pause Young (Normal) (G1 Preventive Collection)
[2022-03-13T03:32:03.800+0800][2390.740s] GC(284) Using 8 workers of 8 for evacuation
[2022-03-13T03:32:03.802+0800][2390.741s] GC(284)   Pre Evacuate Collection Set: 0.1ms
[2022-03-13T03:32:03.802+0800][2390.741s] GC(284)   Merge Heap Roots: 0.1ms
[2022-03-13T03:32:03.802+0800][2390.741s] GC(284)   Evacuate Collection Set: 0.3ms
[2022-03-13T03:32:03.802+0800][2390.741s] GC(284)   Post Evacuate Collection Set: 0.3ms
[2022-03-13T03:32:03.802+0800][2390.741s] GC(284)   Other: 0.6ms
[2022-03-13T03:32:03.802+0800][2390.741s] GC(284) Eden regions: 13->0(24)
[2022-03-13T03:32:03.802+0800][2390.741s] GC(284) Survivor regions: 1->1(1)
[2022-03-13T03:32:03.802+0800][2390.741s] GC(284) Old regions: 467->467
[2022-03-13T03:32:03.802+0800][2390.741s] GC(284) Archive regions: 0->0
[2022-03-13T03:32:03.802+0800][2390.741s] GC(284) Humongous regions: 30->30
[2022-03-13T03:32:03.802+0800][2390.741s] GC(284) Metaspace: 53536K(53888K)->53536K(53888K) NonClass: 47342K(47552K)->47342K(47552K) Class: 6194K(6336K)->6194K(6336K)
[2022-03-13T03:32:03.802+0800][2390.741s] GC(284) Pause Young (Normal) (G1 Preventive Collection) 507M->494M(512M) 1.539ms
[2022-03-13T03:32:03.802+0800][2390.741s] GC(284) User=0.00s Sys=0.00s Real=0.00s
[2022-03-13T03:32:03.997+0800][2390.936s] GC(285) Pause Young (Normal) (G1 Preventive Collection)
[2022-03-13T03:32:03.997+0800][2390.937s] GC(285) Using 8 workers of 8 for evacuation
[2022-03-13T03:32:03.998+0800][2390.938s] GC(285)   Pre Evacuate Collection Set: 0.1ms
[2022-03-13T03:32:03.998+0800][2390.938s] GC(285)   Merge Heap Roots: 0.0ms
[2022-03-13T03:32:03.998+0800][2390.938s] GC(285)   Evacuate Collection Set: 0.6ms
[2022-03-13T03:32:03.998+0800][2390.938s] GC(285)   Post Evacuate Collection Set: 0.3ms
[2022-03-13T03:32:03.998+0800][2390.938s] GC(285)   Other: 0.1ms
[2022-03-13T03:32:03.998+0800][2390.938s] GC(285) Eden regions: 13->0(24)
[2022-03-13T03:32:03.998+0800][2390.938s] GC(285) Survivor regions: 1->1(1)
[2022-03-13T03:32:03.998+0800][2390.938s] GC(285) Old regions: 467->467
[2022-03-13T03:32:03.998+0800][2390.938s] GC(285) Archive regions: 0->0
[2022-03-13T03:32:03.998+0800][2390.938s] GC(285) Humongous regions: 30->30
[2022-03-13T03:32:03.998+0800][2390.938s] GC(285) Metaspace: 53536K(53888K)->53536K(53888K) NonClass: 47342K(47552K)->47342K(47552K) Class: 6194K(6336K)->6194K(6336K)
[2022-03-13T03:32:03.998+0800][2390.938s] GC(285) Pause Young (Normal) (G1 Preventive Collection) 507M->494M(512M) 1.268ms
[2022-03-13T03:32:03.998+0800][2390.938s] GC(285) User=0.00s Sys=0.00s Real=0.00s
[2022-03-13T03:32:04.182+0800][2391.122s] GC(286) Pause Young (Normal) (G1 Preventive Collection)
[2022-03-13T03:32:04.182+0800][2391.122s] GC(286) Using 8 workers of 8 for evacuation
[2022-03-13T03:32:04.183+0800][2391.123s] GC(286)   Pre Evacuate Collection Set: 0.1ms
[2022-03-13T03:32:04.183+0800][2391.123s] GC(286)   Merge Heap Roots: 0.0ms
[2022-03-13T03:32:04.183+0800][2391.123s] GC(286)   Evacuate Collection Set: 0.3ms
[2022-03-13T03:32:04.183+0800][2391.123s] GC(286)   Post Evacuate Collection Set: 0.3ms
[2022-03-13T03:32:04.184+0800][2391.123s] GC(286)   Other: 0.1ms
[2022-03-13T03:32:04.184+0800][2391.123s] GC(286) Eden regions: 13->0(24)
[2022-03-13T03:32:04.184+0800][2391.123s] GC(286) Survivor regions: 1->1(1)
[2022-03-13T03:32:04.184+0800][2391.123s] GC(286) Old regions: 467->467
[2022-03-13T03:32:04.184+0800][2391.123s] GC(286) Archive regions: 0->0
[2022-03-13T03:32:04.184+0800][2391.123s] GC(286) Humongous regions: 30->30
[2022-03-13T03:32:04.184+0800][2391.123s] GC(286) Metaspace: 53536K(53888K)->53536K(53888K) NonClass: 47342K(47552K)->47342K(47552K) Class: 6194K(6336K)->6194K(6336K)
[2022-03-13T03:32:04.184+0800][2391.123s] GC(286) Pause Young (Normal) (G1 Preventive Collection) 507M->494M(512M) 0.981ms
[2022-03-13T03:32:04.184+0800][2391.123s] GC(286) User=0.00s Sys=0.00s Real=0.00s
[2022-03-13T03:32:04.374+0800][2391.313s] GC(283) Concurrent Mark From Roots 779.928ms
[2022-03-13T03:32:04.374+0800][2391.313s] GC(283) Concurrent Preclean
[2022-03-13T03:32:04.374+0800][2391.314s] GC(283) Concurrent Preclean 0.210ms
[2022-03-13T03:32:04.374+0800][2391.314s] GC(283) Pause Remark
[2022-03-13T03:32:04.377+0800][2391.316s] GC(283) Pause Remark 506M->506M(512M) 2.642ms
[2022-03-13T03:32:04.377+0800][2391.317s] GC(283) User=0.00s Sys=0.00s Real=0.00s
[2022-03-13T03:32:04.377+0800][2391.317s] GC(283) Concurrent Mark 783.158ms
[2022-03-13T03:32:04.377+0800][2391.317s] GC(283) Concurrent Rebuild Remembered Sets
[2022-03-13T03:32:04.393+0800][2391.333s] GC(287) Pause Young (Normal) (G1 Preventive Collection)
[2022-03-13T03:32:04.393+0800][2391.333s] GC(287) Using 8 workers of 8 for evacuation
[2022-03-13T03:32:04.394+0800][2391.333s] GC(287)   Pre Evacuate Collection Set: 0.1ms
[2022-03-13T03:32:04.394+0800][2391.333s] GC(287)   Merge Heap Roots: 0.0ms
[2022-03-13T03:32:04.394+0800][2391.333s] GC(287)   Evacuate Collection Set: 0.3ms
[2022-03-13T03:32:04.394+0800][2391.333s] GC(287)   Post Evacuate Collection Set: 0.2ms
[2022-03-13T03:32:04.394+0800][2391.333s] GC(287)   Other: 0.1ms
[2022-03-13T03:32:04.394+0800][2391.333s] GC(287) Eden regions: 13->0(24)
[2022-03-13T03:32:04.394+0800][2391.334s] GC(287) Survivor regions: 1->1(1)
[2022-03-13T03:32:04.394+0800][2391.334s] GC(287) Old regions: 467->467
[2022-03-13T03:32:04.394+0800][2391.334s] GC(287) Archive regions: 0->0
[2022-03-13T03:32:04.394+0800][2391.334s] GC(287) Humongous regions: 30->30
[2022-03-13T03:32:04.394+0800][2391.334s] GC(287) Metaspace: 53536K(53888K)->53536K(53888K) NonClass: 47342K(47552K)->47342K(47552K) Class: 6194K(6336K)->6194K(6336K)
[2022-03-13T03:32:04.394+0800][2391.334s] GC(287) Pause Young (Normal) (G1 Preventive Collection) 507M->494M(512M) 0.979ms
[2022-03-13T03:32:04.394+0800][2391.334s] GC(287) User=0.00s Sys=0.00s Real=0.00s
[2022-03-13T03:32:04.737+0800][2391.677s] GC(283) Concurrent Rebuild Remembered Sets 360.110ms
[2022-03-13T03:32:04.737+0800][2391.677s] GC(283) Pause Cleanup
[2022-03-13T03:32:04.737+0800][2391.677s] GC(283) Pause Cleanup 506M->506M(512M) 0.170ms
[2022-03-13T03:32:04.737+0800][2391.677s] GC(283) User=0.00s Sys=0.00s Real=0.00s
[2022-03-13T03:32:04.737+0800][2391.677s] GC(283) Concurrent Cleanup for Next Mark
[2022-03-13T03:32:04.738+0800][2391.678s] GC(283) Concurrent Cleanup for Next Mark 0.398ms
[2022-03-13T03:32:04.738+0800][2391.678s] GC(283) Concurrent Mark Cycle 1145.122ms
[2022-03-13T03:32:05.000+0800][2391.940s] GC(288) Pause Young (Normal) (G1 Preventive Collection)
[2022-03-13T03:32:05.000+0800][2391.940s] GC(288) Using 8 workers of 8 for evacuation
[2022-03-13T03:32:05.002+0800][2391.942s] GC(288) To-space exhausted
[2022-03-13T03:32:05.002+0800][2391.942s] GC(288)   Pre Evacuate Collection Set: 0.1ms
[2022-03-13T03:32:05.002+0800][2391.942s] GC(288)   Merge Heap Roots: 0.1ms
[2022-03-13T03:32:05.002+0800][2391.942s] GC(288)   Evacuate Collection Set: 0.9ms
[2022-03-13T03:32:05.002+0800][2391.943s] GC(288)   Post Evacuate Collection Set: 1.3ms
[2022-03-13T03:32:05.002+0800][2391.943s] GC(288)   Other: 0.2ms
[2022-03-13T03:32:05.002+0800][2391.943s] GC(288) Eden regions: 13->0(24)
[2022-03-13T03:32:05.002+0800][2391.943s] GC(288) Survivor regions: 1->1(1)
[2022-03-13T03:32:05.002+0800][2391.943s] GC(288) Old regions: 467->468
[2022-03-13T03:32:05.002+0800][2391.943s] GC(288) Archive regions: 0->0
[2022-03-13T03:32:05.002+0800][2391.943s] GC(288) Humongous regions: 30->30
[2022-03-13T03:32:05.002+0800][2391.943s] GC(288) Metaspace: 53537K(53888K)->53537K(53888K) NonClass: 47343K(47552K)->47343K(47552K) Class: 6194K(6336K)->6194K(6336K)
[2022-03-13T03:32:05.002+0800][2391.943s] GC(288) Pause Young (Normal) (G1 Preventive Collection) 507M->495M(512M) 2.838ms
[2022-03-13T03:32:05.003+0800][2391.943s] GC(288) User=0.00s Sys=0.00s Real=0.00s
[2022-03-13T03:32:05.156+0800][2392.096s] GC(289) Pause Young (Concurrent Start) (G1 Preventive Collection)
[2022-03-13T03:32:05.156+0800][2392.096s] GC(289) Using 8 workers of 8 for evacuation
[2022-03-13T03:32:05.158+0800][2392.098s] GC(289) To-space exhausted
[2022-03-13T03:32:05.158+0800][2392.098s] GC(289)   Pre Evacuate Collection Set: 0.1ms
[2022-03-13T03:32:05.158+0800][2392.098s] GC(289)   Merge Heap Roots: 0.1ms
[2022-03-13T03:32:05.158+0800][2392.098s] GC(289)   Evacuate Collection Set: 0.6ms
[2022-03-13T03:32:05.158+0800][2392.098s] GC(289)   Post Evacuate Collection Set: 0.8ms
[2022-03-13T03:32:05.158+0800][2392.098s] GC(289)   Other: 0.3ms
[2022-03-13T03:32:05.158+0800][2392.098s] GC(289) Eden regions: 12->0(24)
[2022-03-13T03:32:05.158+0800][2392.098s] GC(289) Survivor regions: 1->1(1)
[2022-03-13T03:32:05.158+0800][2392.098s] GC(289) Old regions: 468->469
[2022-03-13T03:32:05.158+0800][2392.098s] GC(289) Archive regions: 0->0
[2022-03-13T03:32:05.158+0800][2392.098s] GC(289) Humongous regions: 30->30
[2022-03-13T03:32:05.158+0800][2392.098s] GC(289) Metaspace: 53538K(53888K)->53538K(53888K) NonClass: 47343K(47552K)->47343K(47552K) Class: 6194K(6336K)->6194K(6336K)
[2022-03-13T03:32:05.158+0800][2392.098s] GC(289) Pause Young (Concurrent Start) (G1 Preventive Collection) 507M->496M(512M) 2.094ms
[2022-03-13T03:32:05.158+0800][2392.098s] GC(289) User=0.00s Sys=0.00s Real=0.00s
[2022-03-13T03:32:05.158+0800][2392.098s] GC(290) Concurrent Mark Cycle
[2022-03-13T03:32:05.158+0800][2392.098s] GC(290) Concurrent Clear Claimed Marks
[2022-03-13T03:32:05.158+0800][2392.098s] GC(290) Concurrent Clear Claimed Marks 0.027ms
[2022-03-13T03:32:05.158+0800][2392.098s] GC(290) Concurrent Scan Root Regions
[2022-03-13T03:32:05.160+0800][2392.100s] GC(290) Concurrent Scan Root Regions 1.554ms
[2022-03-13T03:32:05.160+0800][2392.100s] GC(290) Concurrent Mark
[2022-03-13T03:32:05.160+0800][2392.100s] GC(290) Concurrent Mark From Roots
[2022-03-13T03:32:05.160+0800][2392.100s] GC(290) Using 2 workers of 2 for marking
[2022-03-13T03:32:05.370+0800][2392.310s] GC(291) Pause Young (Normal) (G1 Preventive Collection)
[2022-03-13T03:32:05.370+0800][2392.310s] GC(291) Using 8 workers of 8 for evacuation
[2022-03-13T03:32:05.371+0800][2392.310s] GC(291)   Pre Evacuate Collection Set: 0.1ms
[2022-03-13T03:32:05.371+0800][2392.310s] GC(291)   Merge Heap Roots: 0.0ms
[2022-03-13T03:32:05.371+0800][2392.311s] GC(291)   Evacuate Collection Set: 0.4ms
[2022-03-13T03:32:05.371+0800][2392.311s] GC(291)   Post Evacuate Collection Set: 0.3ms
[2022-03-13T03:32:05.371+0800][2392.311s] GC(291)   Other: 0.1ms
[2022-03-13T03:32:05.371+0800][2392.311s] GC(291) Eden regions: 11->0(24)
[2022-03-13T03:32:05.371+0800][2392.311s] GC(291) Survivor regions: 1->1(1)
[2022-03-13T03:32:05.371+0800][2392.311s] GC(291) Old regions: 469->469
[2022-03-13T03:32:05.371+0800][2392.311s] GC(291) Archive regions: 0->0
[2022-03-13T03:32:05.371+0800][2392.311s] GC(291) Humongous regions: 30->30
[2022-03-13T03:32:05.371+0800][2392.311s] GC(291) Metaspace: 53538K(53888K)->53538K(53888K) NonClass: 47343K(47552K)->47343K(47552K) Class: 6194K(6336K)->6194K(6336K)
[2022-03-13T03:32:05.371+0800][2392.311s] GC(291) Pause Young (Normal) (G1 Preventive Collection) 507M->496M(512M) 1.082ms
[2022-03-13T03:32:05.371+0800][2392.311s] GC(291) User=0.00s Sys=0.00s Real=0.00s
[2022-03-13T03:32:05.543+0800][2392.483s] GC(292) Pause Young (Normal) (G1 Preventive Collection)
[2022-03-13T03:32:05.543+0800][2392.483s] GC(292) Using 8 workers of 8 for evacuation
[2022-03-13T03:32:05.545+0800][2392.485s] GC(292) To-space exhausted
[2022-03-13T03:32:05.545+0800][2392.485s] GC(292)   Pre Evacuate Collection Set: 0.1ms
[2022-03-13T03:32:05.545+0800][2392.485s] GC(292)   Merge Heap Roots: 0.1ms
[2022-03-13T03:32:05.545+0800][2392.485s] GC(292)   Evacuate Collection Set: 0.4ms
[2022-03-13T03:32:05.545+0800][2392.485s] GC(292)   Post Evacuate Collection Set: 0.5ms
[2022-03-13T03:32:05.545+0800][2392.485s] GC(292)   Other: 0.2ms
[2022-03-13T03:32:05.545+0800][2392.485s] GC(292) Eden regions: 11->0(24)
[2022-03-13T03:32:05.545+0800][2392.485s] GC(292) Survivor regions: 1->1(1)
[2022-03-13T03:32:05.545+0800][2392.485s] GC(292) Old regions: 469->470
[2022-03-13T03:32:05.546+0800][2392.485s] GC(292) Archive regions: 0->0
[2022-03-13T03:32:05.546+0800][2392.485s] GC(292) Humongous regions: 30->30
[2022-03-13T03:32:05.546+0800][2392.485s] GC(292) Metaspace: 53538K(53888K)->53538K(53888K) NonClass: 47343K(47552K)->47343K(47552K) Class: 6194K(6336K)->6194K(6336K)
[2022-03-13T03:32:05.546+0800][2392.485s] GC(292) Pause Young (Normal) (G1 Preventive Collection) 507M->496M(512M) 1.987ms
[2022-03-13T03:32:05.546+0800][2392.485s] GC(292) User=0.11s Sys=0.00s Real=0.00s
[2022-03-13T03:32:05.849+0800][2392.789s] GC(293) Pause Young (Normal) (G1 Preventive Collection)
[2022-03-13T03:32:05.849+0800][2392.789s] GC(293) Using 8 workers of 8 for evacuation
[2022-03-13T03:32:05.850+0800][2392.790s] GC(293)   Pre Evacuate Collection Set: 0.1ms
[2022-03-13T03:32:05.851+0800][2392.790s] GC(293)   Merge Heap Roots: 0.0ms
[2022-03-13T03:32:05.851+0800][2392.790s] GC(293)   Evacuate Collection Set: 0.5ms
[2022-03-13T03:32:05.851+0800][2392.790s] GC(293)   Post Evacuate Collection Set: 0.4ms
[2022-03-13T03:32:05.851+0800][2392.790s] GC(293)   Other: 0.2ms
[2022-03-13T03:32:05.851+0800][2392.790s] GC(293) Eden regions: 10->0(24)
[2022-03-13T03:32:05.851+0800][2392.790s] GC(293) Survivor regions: 1->1(1)
[2022-03-13T03:32:05.851+0800][2392.790s] GC(293) Old regions: 470->470
[2022-03-13T03:32:05.851+0800][2392.790s] GC(293) Archive regions: 0->0
[2022-03-13T03:32:05.851+0800][2392.790s] GC(293) Humongous regions: 30->30
[2022-03-13T03:32:05.851+0800][2392.790s] GC(293) Metaspace: 53538K(53888K)->53538K(53888K) NonClass: 47343K(47552K)->47343K(47552K) Class: 6194K(6336K)->6194K(6336K)
[2022-03-13T03:32:05.851+0800][2392.791s] GC(293) Pause Young (Normal) (G1 Preventive Collection) 506M->496M(512M) 1.642ms
[2022-03-13T03:32:05.851+0800][2392.791s] GC(293) User=0.00s Sys=0.00s Real=0.00s
[2022-03-13T03:32:06.034+0800][2392.974s] GC(290) Concurrent Mark From Roots 873.960ms
[2022-03-13T03:32:06.034+0800][2392.974s] GC(290) Concurrent Preclean
[2022-03-13T03:32:06.035+0800][2392.974s] GC(290) Concurrent Preclean 0.249ms
[2022-03-13T03:32:06.035+0800][2392.974s] GC(290) Pause Remark
[2022-03-13T03:32:06.040+0800][2392.979s] GC(290) Pause Remark 502M->501M(512M) 5.143ms
[2022-03-13T03:32:06.040+0800][2392.979s] GC(290) User=0.00s Sys=0.00s Real=0.00s
[2022-03-13T03:32:06.040+0800][2392.979s] GC(290) Concurrent Mark 879.666ms
[2022-03-13T03:32:06.040+0800][2392.979s] GC(290) Concurrent Rebuild Remembered Sets
[2022-03-13T03:32:06.354+0800][2393.294s] GC(294) Pause Young (Normal) (G1 Preventive Collection)
[2022-03-13T03:32:06.354+0800][2393.294s] GC(294) Using 8 workers of 8 for evacuation
[2022-03-13T03:32:06.355+0800][2393.295s] GC(294)   Pre Evacuate Collection Set: 0.1ms
[2022-03-13T03:32:06.355+0800][2393.295s] GC(294)   Merge Heap Roots: 0.1ms
[2022-03-13T03:32:06.355+0800][2393.295s] GC(294)   Evacuate Collection Set: 0.5ms
[2022-03-13T03:32:06.356+0800][2393.295s] GC(294)   Post Evacuate Collection Set: 0.4ms
[2022-03-13T03:32:06.356+0800][2393.295s] GC(294)   Other: 0.3ms
[2022-03-13T03:32:06.356+0800][2393.295s] GC(294) Eden regions: 11->0(24)
[2022-03-13T03:32:06.356+0800][2393.295s] GC(294) Survivor regions: 1->1(1)
[2022-03-13T03:32:06.356+0800][2393.295s] GC(294) Old regions: 469->469
[2022-03-13T03:32:06.356+0800][2393.295s] GC(294) Archive regions: 0->0
[2022-03-13T03:32:06.356+0800][2393.295s] GC(294) Humongous regions: 30->30
[2022-03-13T03:32:06.356+0800][2393.295s] GC(294) Metaspace: 53538K(53888K)->53538K(53888K) NonClass: 47343K(47552K)->47343K(47552K) Class: 6194K(6336K)->6194K(6336K)
[2022-03-13T03:32:06.356+0800][2393.295s] GC(294) Pause Young (Normal) (G1 Preventive Collection) 506M->495M(512M) 1.622ms
[2022-03-13T03:32:06.356+0800][2393.295s] GC(294) User=0.00s Sys=0.00s Real=0.00s
[2022-03-13T03:32:06.509+0800][2393.448s] GC(290) Concurrent Rebuild Remembered Sets 468.930ms
[2022-03-13T03:32:06.509+0800][2393.449s] GC(290) Pause Cleanup
[2022-03-13T03:32:06.509+0800][2393.449s] GC(290) Pause Cleanup 502M->502M(512M) 0.272ms
[2022-03-13T03:32:06.509+0800][2393.449s] GC(290) User=0.00s Sys=0.00s Real=0.00s
[2022-03-13T03:32:06.510+0800][2393.449s] GC(290) Concurrent Cleanup for Next Mark
[2022-03-13T03:32:06.510+0800][2393.449s] GC(290) Concurrent Cleanup for Next Mark 0.414ms
[2022-03-13T03:32:06.510+0800][2393.449s] GC(290) Concurrent Mark Cycle 1351.479ms
[2022-03-13T03:32:06.601+0800][2393.541s] GC(295) Pause Young (Normal) (G1 Preventive Collection)
[2022-03-13T03:32:06.601+0800][2393.541s] GC(295) Using 8 workers of 8 for evacuation
[2022-03-13T03:32:06.602+0800][2393.542s] GC(295)   Pre Evacuate Collection Set: 0.1ms
[2022-03-13T03:32:06.602+0800][2393.542s] GC(295)   Merge Heap Roots: 0.1ms
[2022-03-13T03:32:06.602+0800][2393.542s] GC(295)   Evacuate Collection Set: 0.4ms
[2022-03-13T03:32:06.602+0800][2393.542s] GC(295)   Post Evacuate Collection Set: 0.4ms
[2022-03-13T03:32:06.602+0800][2393.542s] GC(295)   Other: 0.2ms
[2022-03-13T03:32:06.602+0800][2393.542s] GC(295) Eden regions: 11->0(24)
[2022-03-13T03:32:06.602+0800][2393.542s] GC(295) Survivor regions: 1->1(1)
[2022-03-13T03:32:06.602+0800][2393.542s] GC(295) Old regions: 469->469
[2022-03-13T03:32:06.602+0800][2393.542s] GC(295) Archive regions: 0->0
[2022-03-13T03:32:06.602+0800][2393.542s] GC(295) Humongous regions: 30->30
[2022-03-13T03:32:06.602+0800][2393.542s] GC(295) Metaspace: 53538K(53888K)->53538K(53888K) NonClass: 47343K(47552K)->47343K(47552K) Class: 6194K(6336K)->6194K(6336K)
[2022-03-13T03:32:06.602+0800][2393.542s] GC(295) Pause Young (Normal) (G1 Preventive Collection) 506M->495M(512M) 1.554ms
[2022-03-13T03:32:06.602+0800][2393.543s] GC(295) User=0.00s Sys=0.00s Real=0.00s
[2022-03-13T03:32:06.831+0800][2393.771s] GC(296) Pause Young (Concurrent Start) (G1 Preventive Collection)
[2022-03-13T03:32:06.831+0800][2393.771s] GC(296) Using 8 workers of 8 for evacuation
[2022-03-13T03:32:06.833+0800][2393.772s] GC(296)   Pre Evacuate Collection Set: 0.1ms
[2022-03-13T03:32:06.833+0800][2393.772s] GC(296)   Merge Heap Roots: 0.0ms
[2022-03-13T03:32:06.833+0800][2393.772s] GC(296)   Evacuate Collection Set: 0.7ms
[2022-03-13T03:32:06.833+0800][2393.772s] GC(296)   Post Evacuate Collection Set: 0.4ms
[2022-03-13T03:32:06.833+0800][2393.772s] GC(296)   Other: 0.2ms
[2022-03-13T03:32:06.833+0800][2393.772s] GC(296) Eden regions: 11->0(24)
[2022-03-13T03:32:06.833+0800][2393.772s] GC(296) Survivor regions: 1->1(1)
[2022-03-13T03:32:06.833+0800][2393.772s] GC(296) Old regions: 469->469
[2022-03-13T03:32:06.833+0800][2393.772s] GC(296) Archive regions: 0->0
[2022-03-13T03:32:06.833+0800][2393.772s] GC(296) Humongous regions: 30->30
[2022-03-13T03:32:06.833+0800][2393.772s] GC(296) Metaspace: 53538K(53888K)->53538K(53888K) NonClass: 47343K(47552K)->47343K(47552K) Class: 6194K(6336K)->6194K(6336K)
[2022-03-13T03:32:06.833+0800][2393.772s] GC(296) Pause Young (Concurrent Start) (G1 Preventive Collection) 506M->495M(512M) 1.535ms
[2022-03-13T03:32:06.833+0800][2393.772s] GC(296) User=0.00s Sys=0.00s Real=0.00s
[2022-03-13T03:32:06.833+0800][2393.772s] GC(297) Concurrent Mark Cycle
[2022-03-13T03:32:06.833+0800][2393.773s] GC(297) Concurrent Clear Claimed Marks
[2022-03-13T03:32:06.833+0800][2393.773s] GC(297) Concurrent Clear Claimed Marks 0.041ms
[2022-03-13T03:32:06.833+0800][2393.773s] GC(297) Concurrent Scan Root Regions
[2022-03-13T03:32:06.834+0800][2393.774s] GC(297) Concurrent Scan Root Regions 1.050ms
[2022-03-13T03:32:06.834+0800][2393.774s] GC(297) Concurrent Mark
[2022-03-13T03:32:06.834+0800][2393.774s] GC(297) Concurrent Mark From Roots
[2022-03-13T03:32:06.834+0800][2393.774s] GC(297) Using 2 workers of 2 for marking
[2022-03-13T03:32:07.137+0800][2394.077s] GC(298) Pause Young (Normal) (G1 Preventive Collection)
[2022-03-13T03:32:07.137+0800][2394.077s] GC(298) Using 8 workers of 8 for evacuation
[2022-03-13T03:32:07.138+0800][2394.078s] GC(298)   Pre Evacuate Collection Set: 0.1ms
[2022-03-13T03:32:07.138+0800][2394.078s] GC(298)   Merge Heap Roots: 0.0ms
[2022-03-13T03:32:07.138+0800][2394.078s] GC(298)   Evacuate Collection Set: 0.5ms
[2022-03-13T03:32:07.138+0800][2394.078s] GC(298)   Post Evacuate Collection Set: 0.4ms
[2022-03-13T03:32:07.139+0800][2394.078s] GC(298)   Other: 0.2ms
[2022-03-13T03:32:07.139+0800][2394.078s] GC(298) Eden regions: 11->0(24)
[2022-03-13T03:32:07.139+0800][2394.078s] GC(298) Survivor regions: 1->1(1)
[2022-03-13T03:32:07.139+0800][2394.078s] GC(298) Old regions: 469->469
[2022-03-13T03:32:07.139+0800][2394.078s] GC(298) Archive regions: 0->0
[2022-03-13T03:32:07.139+0800][2394.078s] GC(298) Humongous regions: 30->30
[2022-03-13T03:32:07.139+0800][2394.078s] GC(298) Metaspace: 53538K(53888K)->53538K(53888K) NonClass: 47343K(47552K)->47343K(47552K) Class: 6194K(6336K)->6194K(6336K)
[2022-03-13T03:32:07.139+0800][2394.078s] GC(298) Pause Young (Normal) (G1 Preventive Collection) 506M->495M(512M) 1.556ms
[2022-03-13T03:32:07.139+0800][2394.078s] GC(298) User=0.00s Sys=0.00s Real=0.00s
[2022-03-13T03:32:07.393+0800][2394.333s] GC(299) Pause Young (Normal) (G1 Preventive Collection)
[2022-03-13T03:32:07.393+0800][2394.333s] GC(299) Using 8 workers of 8 for evacuation
[2022-03-13T03:32:07.394+0800][2394.334s] GC(299)   Pre Evacuate Collection Set: 0.1ms
[2022-03-13T03:32:07.395+0800][2394.334s] GC(299)   Merge Heap Roots: 0.1ms
[2022-03-13T03:32:07.395+0800][2394.334s] GC(299)   Evacuate Collection Set: 0.5ms
[2022-03-13T03:32:07.395+0800][2394.334s] GC(299)   Post Evacuate Collection Set: 0.4ms
[2022-03-13T03:32:07.395+0800][2394.334s] GC(299)   Other: 0.2ms
[2022-03-13T03:32:07.395+0800][2394.334s] GC(299) Eden regions: 11->0(24)
[2022-03-13T03:32:07.395+0800][2394.334s] GC(299) Survivor regions: 1->1(1)
[2022-03-13T03:32:07.395+0800][2394.334s] GC(299) Old regions: 469->469
[2022-03-13T03:32:07.395+0800][2394.334s] GC(299) Archive regions: 0->0
[2022-03-13T03:32:07.395+0800][2394.334s] GC(299) Humongous regions: 30->30
[2022-03-13T03:32:07.395+0800][2394.334s] GC(299) Metaspace: 53538K(53888K)->53538K(53888K) NonClass: 47343K(47552K)->47343K(47552K) Class: 6194K(6336K)->6194K(6336K)
[2022-03-13T03:32:07.395+0800][2394.334s] GC(299) Pause Young (Normal) (G1 Preventive Collection) 506M->495M(512M) 1.455ms
[2022-03-13T03:32:07.395+0800][2394.334s] GC(299) User=0.00s Sys=0.00s Real=0.00s
[2022-03-13T03:32:07.665+0800][2394.604s] GC(300) Pause Young (Normal) (G1 Preventive Collection)
[2022-03-13T03:32:07.665+0800][2394.604s] GC(300) Using 8 workers of 8 for evacuation
[2022-03-13T03:32:07.666+0800][2394.605s] GC(300) To-space exhausted
[2022-03-13T03:32:07.666+0800][2394.605s] GC(300)   Pre Evacuate Collection Set: 0.1ms
[2022-03-13T03:32:07.666+0800][2394.606s] GC(300)   Merge Heap Roots: 0.0ms
[2022-03-13T03:32:07.666+0800][2394.606s] GC(300)   Evacuate Collection Set: 0.6ms
[2022-03-13T03:32:07.666+0800][2394.606s] GC(300)   Post Evacuate Collection Set: 0.5ms
[2022-03-13T03:32:07.666+0800][2394.606s] GC(300)   Other: 0.2ms
[2022-03-13T03:32:07.666+0800][2394.606s] GC(300) Eden regions: 11->0(24)
[2022-03-13T03:32:07.666+0800][2394.606s] GC(300) Survivor regions: 1->1(1)
[2022-03-13T03:32:07.666+0800][2394.606s] GC(300) Old regions: 469->470
[2022-03-13T03:32:07.666+0800][2394.606s] GC(300) Archive regions: 0->0
[2022-03-13T03:32:07.666+0800][2394.606s] GC(300) Humongous regions: 30->30
[2022-03-13T03:32:07.666+0800][2394.606s] GC(300) Metaspace: 53538K(53888K)->53538K(53888K) NonClass: 47343K(47552K)->47343K(47552K) Class: 6194K(6336K)->6194K(6336K)
[2022-03-13T03:32:07.666+0800][2394.606s] GC(300) Pause Young (Normal) (G1 Preventive Collection) 506M->496M(512M) 1.628ms
[2022-03-13T03:32:07.666+0800][2394.606s] GC(300) User=0.00s Sys=0.00s Real=0.00s
[2022-03-13T03:32:07.854+0800][2394.794s] GC(297) Concurrent Mark From Roots 1019.934ms
[2022-03-13T03:32:07.854+0800][2394.794s] GC(297) Concurrent Preclean
[2022-03-13T03:32:07.854+0800][2394.794s] GC(297) Concurrent Preclean 0.332ms
[2022-03-13T03:32:07.854+0800][2394.794s] GC(297) Pause Remark
[2022-03-13T03:32:07.859+0800][2394.799s] GC(297) Pause Remark 504M->504M(512M) 4.572ms
[2022-03-13T03:32:07.859+0800][2394.799s] GC(297) User=0.11s Sys=0.00s Real=0.00s
[2022-03-13T03:32:07.859+0800][2394.799s] GC(297) Concurrent Mark 1025.303ms
[2022-03-13T03:32:07.859+0800][2394.799s] GC(297) Concurrent Rebuild Remembered Sets
[2022-03-13T03:32:07.898+0800][2394.838s] GC(301) Pause Young (Normal) (G1 Preventive Collection)
[2022-03-13T03:32:07.898+0800][2394.838s] GC(301) Using 8 workers of 8 for evacuation
[2022-03-13T03:32:07.899+0800][2394.838s] GC(301)   Pre Evacuate Collection Set: 0.1ms
[2022-03-13T03:32:07.899+0800][2394.838s] GC(301)   Merge Heap Roots: 0.0ms
[2022-03-13T03:32:07.899+0800][2394.839s] GC(301)   Evacuate Collection Set: 0.4ms
[2022-03-13T03:32:07.899+0800][2394.839s] GC(301)   Post Evacuate Collection Set: 0.3ms
[2022-03-13T03:32:07.899+0800][2394.839s] GC(301)   Other: 0.2ms
[2022-03-13T03:32:07.899+0800][2394.839s] GC(301) Eden regions: 10->0(24)
[2022-03-13T03:32:07.899+0800][2394.839s] GC(301) Survivor regions: 1->1(1)
[2022-03-13T03:32:07.899+0800][2394.839s] GC(301) Old regions: 470->470
[2022-03-13T03:32:07.899+0800][2394.839s] GC(301) Archive regions: 0->0
[2022-03-13T03:32:07.899+0800][2394.839s] GC(301) Humongous regions: 30->30
[2022-03-13T03:32:07.899+0800][2394.839s] GC(301) Metaspace: 53538K(53888K)->53538K(53888K) NonClass: 47343K(47552K)->47343K(47552K) Class: 6194K(6336K)->6194K(6336K)
[2022-03-13T03:32:07.899+0800][2394.839s] GC(301) Pause Young (Normal) (G1 Preventive Collection) 506M->496M(512M) 1.230ms
[2022-03-13T03:32:07.899+0800][2394.839s] GC(301) User=0.00s Sys=0.00s Real=0.00s
[2022-03-13T03:32:08.174+0800][2395.114s] GC(302) Pause Young (Normal) (G1 Preventive Collection)
[2022-03-13T03:32:08.174+0800][2395.114s] GC(302) Using 8 workers of 8 for evacuation
[2022-03-13T03:32:08.175+0800][2395.115s] GC(302)   Pre Evacuate Collection Set: 0.1ms
[2022-03-13T03:32:08.175+0800][2395.115s] GC(302)   Merge Heap Roots: 0.0ms
[2022-03-13T03:32:08.175+0800][2395.115s] GC(302)   Evacuate Collection Set: 0.4ms
[2022-03-13T03:32:08.175+0800][2395.115s] GC(302)   Post Evacuate Collection Set: 0.4ms
[2022-03-13T03:32:08.175+0800][2395.115s] GC(302)   Other: 0.2ms
[2022-03-13T03:32:08.175+0800][2395.115s] GC(302) Eden regions: 10->0(24)
[2022-03-13T03:32:08.175+0800][2395.115s] GC(302) Survivor regions: 1->1(1)
[2022-03-13T03:32:08.176+0800][2395.115s] GC(302) Old regions: 470->470
[2022-03-13T03:32:08.176+0800][2395.115s] GC(302) Archive regions: 0->0
[2022-03-13T03:32:08.176+0800][2395.115s] GC(302) Humongous regions: 30->30
[2022-03-13T03:32:08.176+0800][2395.115s] GC(302) Metaspace: 53538K(53888K)->53538K(53888K) NonClass: 47343K(47552K)->47343K(47552K) Class: 6194K(6336K)->6194K(6336K)
[2022-03-13T03:32:08.176+0800][2395.115s] GC(302) Pause Young (Normal) (G1 Preventive Collection) 506M->496M(512M) 1.555ms
[2022-03-13T03:32:08.176+0800][2395.115s] GC(302) User=0.00s Sys=0.00s Real=0.00s
[2022-03-13T03:32:08.308+0800][2395.248s] GC(297) Concurrent Rebuild Remembered Sets 448.442ms
[2022-03-13T03:32:08.308+0800][2395.248s] GC(297) Pause Cleanup
[2022-03-13T03:32:08.308+0800][2395.248s] GC(297) Pause Cleanup 500M->500M(512M) 0.271ms
[2022-03-13T03:32:08.308+0800][2395.248s] GC(297) User=0.00s Sys=0.00s Real=0.00s
[2022-03-13T03:32:08.309+0800][2395.248s] GC(297) Concurrent Cleanup for Next Mark
[2022-03-13T03:32:08.309+0800][2395.249s] GC(297) Concurrent Cleanup for Next Mark 0.515ms
[2022-03-13T03:32:08.309+0800][2395.249s] GC(297) Concurrent Mark Cycle 1476.355ms
[2022-03-13T03:32:08.435+0800][2395.375s] GC(303) Pause Young (Normal) (G1 Preventive Collection)
[2022-03-13T03:32:08.435+0800][2395.375s] GC(303) Using 8 workers of 8 for evacuation
[2022-03-13T03:32:08.436+0800][2395.376s] GC(303)   Pre Evacuate Collection Set: 0.1ms
[2022-03-13T03:32:08.436+0800][2395.376s] GC(303)   Merge Heap Roots: 0.1ms
[2022-03-13T03:32:08.436+0800][2395.376s] GC(303)   Evacuate Collection Set: 0.4ms
[2022-03-13T03:32:08.436+0800][2395.376s] GC(303)   Post Evacuate Collection Set: 0.4ms
[2022-03-13T03:32:08.436+0800][2395.376s] GC(303)   Other: 0.2ms
[2022-03-13T03:32:08.436+0800][2395.376s] GC(303) Eden regions: 10->0(24)
[2022-03-13T03:32:08.436+0800][2395.376s] GC(303) Survivor regions: 1->1(1)
[2022-03-13T03:32:08.436+0800][2395.376s] GC(303) Old regions: 470->470
[2022-03-13T03:32:08.436+0800][2395.376s] GC(303) Archive regions: 0->0
[2022-03-13T03:32:08.436+0800][2395.376s] GC(303) Humongous regions: 30->30
[2022-03-13T03:32:08.436+0800][2395.376s] GC(303) Metaspace: 53538K(53888K)->53538K(53888K) NonClass: 47343K(47552K)->47343K(47552K) Class: 6194K(6336K)->6194K(6336K)
[2022-03-13T03:32:08.436+0800][2395.376s] GC(303) Pause Young (Normal) (G1 Preventive Collection) 506M->496M(512M) 1.546ms
[2022-03-13T03:32:08.436+0800][2395.376s] GC(303) User=0.00s Sys=0.00s Real=0.00s
[2022-03-13T03:32:08.619+0800][2395.559s] GC(304) Pause Young (Concurrent Start) (G1 Preventive Collection)
[2022-03-13T03:32:08.619+0800][2395.559s] GC(304) Using 8 workers of 8 for evacuation
[2022-03-13T03:32:08.622+0800][2395.561s] GC(304)   Pre Evacuate Collection Set: 0.1ms
[2022-03-13T03:32:08.622+0800][2395.561s] GC(304)   Merge Heap Roots: 0.1ms
[2022-03-13T03:32:08.622+0800][2395.561s] GC(304)   Evacuate Collection Set: 1.0ms
[2022-03-13T03:32:08.622+0800][2395.561s] GC(304)   Post Evacuate Collection Set: 0.4ms
[2022-03-13T03:32:08.622+0800][2395.561s] GC(304)   Other: 0.3ms
[2022-03-13T03:32:08.622+0800][2395.561s] GC(304) Eden regions: 10->0(24)
[2022-03-13T03:32:08.622+0800][2395.561s] GC(304) Survivor regions: 1->1(1)
[2022-03-13T03:32:08.622+0800][2395.561s] GC(304) Old regions: 470->470
[2022-03-13T03:32:08.622+0800][2395.561s] GC(304) Archive regions: 0->0
[2022-03-13T03:32:08.622+0800][2395.561s] GC(304) Humongous regions: 30->30
[2022-03-13T03:32:08.622+0800][2395.561s] GC(304) Metaspace: 53538K(53888K)->53538K(53888K) NonClass: 47343K(47552K)->47343K(47552K) Class: 6194K(6336K)->6194K(6336K)
[2022-03-13T03:32:08.622+0800][2395.562s] GC(304) Pause Young (Concurrent Start) (G1 Preventive Collection) 506M->496M(512M) 2.212ms
[2022-03-13T03:32:08.622+0800][2395.562s] GC(304) User=0.08s Sys=0.00s Real=0.00s
[2022-03-13T03:32:08.622+0800][2395.562s] GC(305) Concurrent Mark Cycle
[2022-03-13T03:32:08.622+0800][2395.562s] GC(305) Concurrent Clear Claimed Marks
[2022-03-13T03:32:08.622+0800][2395.562s] GC(305) Concurrent Clear Claimed Marks 0.042ms
[2022-03-13T03:32:08.622+0800][2395.562s] GC(305) Concurrent Scan Root Regions
[2022-03-13T03:32:08.623+0800][2395.563s] GC(305) Concurrent Scan Root Regions 0.939ms
[2022-03-13T03:32:08.623+0800][2395.563s] GC(305) Concurrent Mark
[2022-03-13T03:32:08.623+0800][2395.563s] GC(305) Concurrent Mark From Roots
[2022-03-13T03:32:08.623+0800][2395.563s] GC(305) Using 2 workers of 2 for marking
[2022-03-13T03:32:08.791+0800][2395.731s] GC(306) Pause Young (Normal) (G1 Preventive Collection)
[2022-03-13T03:32:08.791+0800][2395.731s] GC(306) Using 8 workers of 8 for evacuation
[2022-03-13T03:32:08.792+0800][2395.732s] GC(306) To-space exhausted
[2022-03-13T03:32:08.792+0800][2395.732s] GC(306)   Pre Evacuate Collection Set: 0.0ms
[2022-03-13T03:32:08.792+0800][2395.732s] GC(306)   Merge Heap Roots: 0.0ms
[2022-03-13T03:32:08.792+0800][2395.732s] GC(306)   Evacuate Collection Set: 0.3ms
[2022-03-13T03:32:08.792+0800][2395.732s] GC(306)   Post Evacuate Collection Set: 0.4ms
[2022-03-13T03:32:08.792+0800][2395.732s] GC(306)   Other: 0.2ms
[2022-03-13T03:32:08.792+0800][2395.732s] GC(306) Eden regions: 10->0(24)
[2022-03-13T03:32:08.792+0800][2395.732s] GC(306) Survivor regions: 1->1(1)
[2022-03-13T03:32:08.792+0800][2395.732s] GC(306) Old regions: 470->471
[2022-03-13T03:32:08.792+0800][2395.732s] GC(306) Archive regions: 0->0
[2022-03-13T03:32:08.792+0800][2395.732s] GC(306) Humongous regions: 30->30
[2022-03-13T03:32:08.792+0800][2395.732s] GC(306) Metaspace: 53538K(53888K)->53538K(53888K) NonClass: 47343K(47552K)->47343K(47552K) Class: 6194K(6336K)->6194K(6336K)
[2022-03-13T03:32:08.793+0800][2395.732s] GC(306) Pause Young (Normal) (G1 Preventive Collection) 506M->496M(512M) 1.314ms
[2022-03-13T03:32:08.793+0800][2395.732s] GC(306) User=0.00s Sys=0.00s Real=0.00s
[2022-03-13T03:32:08.962+0800][2395.901s] GC(307) Pause Young (Normal) (G1 Preventive Collection)
[2022-03-13T03:32:08.962+0800][2395.901s] GC(307) Using 8 workers of 8 for evacuation
[2022-03-13T03:32:08.963+0800][2395.903s] GC(307) To-space exhausted
[2022-03-13T03:32:08.963+0800][2395.903s] GC(307)   Pre Evacuate Collection Set: 0.1ms
[2022-03-13T03:32:08.963+0800][2395.903s] GC(307)   Merge Heap Roots: 0.1ms
[2022-03-13T03:32:08.963+0800][2395.903s] GC(307)   Evacuate Collection Set: 0.4ms
[2022-03-13T03:32:08.963+0800][2395.903s] GC(307)   Post Evacuate Collection Set: 0.5ms
[2022-03-13T03:32:08.963+0800][2395.903s] GC(307)   Other: 0.3ms
[2022-03-13T03:32:08.963+0800][2395.903s] GC(307) Eden regions: 9->0(24)
[2022-03-13T03:32:08.963+0800][2395.903s] GC(307) Survivor regions: 1->1(1)
[2022-03-13T03:32:08.963+0800][2395.903s] GC(307) Old regions: 471->472
[2022-03-13T03:32:08.963+0800][2395.903s] GC(307) Archive regions: 0->0
[2022-03-13T03:32:08.963+0800][2395.903s] GC(307) Humongous regions: 30->30
[2022-03-13T03:32:08.963+0800][2395.903s] GC(307) Metaspace: 53538K(53888K)->53538K(53888K) NonClass: 47343K(47552K)->47343K(47552K) Class: 6194K(6336K)->6194K(6336K)
[2022-03-13T03:32:08.963+0800][2395.903s] GC(307) Pause Young (Normal) (G1 Preventive Collection) 505M->496M(512M) 1.573ms
[2022-03-13T03:32:08.963+0800][2395.903s] GC(307) User=0.00s Sys=0.00s Real=0.00s
[2022-03-13T03:32:09.093+0800][2396.033s] GC(308) Pause Young (Normal) (G1 Preventive Collection)
[2022-03-13T03:32:09.093+0800][2396.034s] GC(308) Using 8 workers of 8 for evacuation
[2022-03-13T03:32:09.095+0800][2396.035s] GC(308) To-space exhausted
[2022-03-13T03:32:09.095+0800][2396.035s] GC(308)   Pre Evacuate Collection Set: 0.1ms
[2022-03-13T03:32:09.095+0800][2396.035s] GC(308)   Merge Heap Roots: 0.0ms
[2022-03-13T03:32:09.095+0800][2396.035s] GC(308)   Evacuate Collection Set: 0.3ms
[2022-03-13T03:32:09.095+0800][2396.035s] GC(308)   Post Evacuate Collection Set: 0.5ms
[2022-03-13T03:32:09.095+0800][2396.035s] GC(308)   Other: 0.4ms
[2022-03-13T03:32:09.095+0800][2396.035s] GC(308) Eden regions: 8->0(24)
[2022-03-13T03:32:09.096+0800][2396.035s] GC(308) Survivor regions: 1->1(1)
[2022-03-13T03:32:09.096+0800][2396.035s] GC(308) Old regions: 472->473
[2022-03-13T03:32:09.096+0800][2396.035s] GC(308) Archive regions: 0->0
[2022-03-13T03:32:09.096+0800][2396.035s] GC(308) Humongous regions: 30->30
[2022-03-13T03:32:09.096+0800][2396.035s] GC(308) Metaspace: 53538K(53888K)->53538K(53888K) NonClass: 47343K(47552K)->47343K(47552K) Class: 6194K(6336K)->6194K(6336K)
[2022-03-13T03:32:09.096+0800][2396.035s] GC(308) Pause Young (Normal) (G1 Preventive Collection) 504M->497M(512M) 1.680ms
[2022-03-13T03:32:09.096+0800][2396.035s] GC(308) User=0.00s Sys=0.00s Real=0.00s
[2022-03-13T03:32:09.237+0800][2396.177s] GC(309) Pause Young (Normal) (G1 Preventive Collection)
[2022-03-13T03:32:09.238+0800][2396.177s] GC(309) Using 8 workers of 8 for evacuation
[2022-03-13T03:32:09.238+0800][2396.178s] GC(309) To-space exhausted
[2022-03-13T03:32:09.238+0800][2396.178s] GC(309)   Pre Evacuate Collection Set: 0.0ms
[2022-03-13T03:32:09.238+0800][2396.178s] GC(309)   Merge Heap Roots: 0.0ms
[2022-03-13T03:32:09.238+0800][2396.178s] GC(309)   Evacuate Collection Set: 0.2ms
[2022-03-13T03:32:09.238+0800][2396.178s] GC(309)   Post Evacuate Collection Set: 0.3ms
[2022-03-13T03:32:09.238+0800][2396.178s] GC(309)   Other: 0.2ms
[2022-03-13T03:32:09.238+0800][2396.178s] GC(309) Eden regions: 7->0(24)
[2022-03-13T03:32:09.238+0800][2396.178s] GC(309) Survivor regions: 1->1(1)
[2022-03-13T03:32:09.238+0800][2396.178s] GC(309) Old regions: 473->474
[2022-03-13T03:32:09.238+0800][2396.178s] GC(309) Archive regions: 0->0
[2022-03-13T03:32:09.238+0800][2396.178s] GC(309) Humongous regions: 30->30
[2022-03-13T03:32:09.238+0800][2396.178s] GC(309) Metaspace: 53538K(53888K)->53538K(53888K) NonClass: 47343K(47552K)->47343K(47552K) Class: 6194K(6336K)->6194K(6336K)
[2022-03-13T03:32:09.238+0800][2396.178s] GC(309) Pause Young (Normal) (G1 Preventive Collection) 504M->497M(512M) 0.897ms
[2022-03-13T03:32:09.238+0800][2396.178s] GC(309) User=0.00s Sys=0.00s Real=0.00s
[2022-03-13T03:32:09.340+0800][2396.280s] GC(310) Pause Young (Normal) (G1 Preventive Collection)
[2022-03-13T03:32:09.340+0800][2396.280s] GC(310) Using 8 workers of 8 for evacuation
[2022-03-13T03:32:09.342+0800][2396.281s] GC(310)   Pre Evacuate Collection Set: 0.1ms
[2022-03-13T03:32:09.342+0800][2396.281s] GC(310)   Merge Heap Roots: 0.1ms
[2022-03-13T03:32:09.342+0800][2396.281s] GC(310)   Evacuate Collection Set: 0.3ms
[2022-03-13T03:32:09.342+0800][2396.281s] GC(310)   Post Evacuate Collection Set: 0.3ms
[2022-03-13T03:32:09.342+0800][2396.281s] GC(310)   Other: 0.2ms
[2022-03-13T03:32:09.342+0800][2396.281s] GC(310) Eden regions: 6->0(24)
[2022-03-13T03:32:09.342+0800][2396.281s] GC(310) Survivor regions: 1->1(1)
[2022-03-13T03:32:09.342+0800][2396.281s] GC(310) Old regions: 474->474
[2022-03-13T03:32:09.342+0800][2396.281s] GC(310) Archive regions: 0->0
[2022-03-13T03:32:09.342+0800][2396.281s] GC(310) Humongous regions: 30->30
[2022-03-13T03:32:09.342+0800][2396.281s] GC(310) Metaspace: 53538K(53888K)->53538K(53888K) NonClass: 47343K(47552K)->47343K(47552K) Class: 6194K(6336K)->6194K(6336K)
[2022-03-13T03:32:09.342+0800][2396.282s] GC(310) Pause Young (Normal) (G1 Preventive Collection) 503M->497M(512M) 1.122ms
[2022-03-13T03:32:09.342+0800][2396.282s] GC(310) User=0.00s Sys=0.02s Real=0.00s
[2022-03-13T03:32:09.487+0800][2396.428s] GC(305) Concurrent Mark From Roots 864.875ms
[2022-03-13T03:32:09.488+0800][2396.428s] GC(305) Concurrent Preclean
[2022-03-13T03:32:09.488+0800][2396.428s] GC(305) Concurrent Preclean 0.275ms
[2022-03-13T03:32:09.488+0800][2396.428s] GC(305) Pause Remark
[2022-03-13T03:32:09.492+0800][2396.432s] GC(305) Pause Remark 501M->501M(512M) 3.189ms
[2022-03-13T03:32:09.492+0800][2396.432s] GC(305) User=0.00s Sys=0.00s Real=0.00s
[2022-03-13T03:32:09.492+0800][2396.432s] GC(305) Concurrent Mark 868.809ms
[2022-03-13T03:32:09.492+0800][2396.432s] GC(305) Concurrent Rebuild Remembered Sets
[2022-03-13T03:32:09.901+0800][2396.841s] GC(305) Concurrent Rebuild Remembered Sets 408.994ms
[2022-03-13T03:32:09.901+0800][2396.841s] GC(305) Pause Cleanup
[2022-03-13T03:32:09.902+0800][2396.841s] GC(305) Pause Cleanup 501M->501M(512M) 0.286ms
[2022-03-13T03:32:09.902+0800][2396.841s] GC(305) User=0.00s Sys=0.00s Real=0.00s
[2022-03-13T03:32:09.902+0800][2396.841s] GC(305) Concurrent Cleanup for Next Mark
[2022-03-13T03:32:09.902+0800][2396.842s] GC(305) Concurrent Cleanup for Next Mark 0.364ms
[2022-03-13T03:32:09.902+0800][2396.842s] GC(305) Concurrent Mark Cycle 1280.205ms
[2022-03-13T03:34:04.066+0800][2511.006s] GC(311) Pause Young (Prepare Mixed) (G1 Preventive Collection)
[2022-03-13T03:34:04.066+0800][2511.006s] GC(311) Using 8 workers of 8 for evacuation
[2022-03-13T03:34:04.067+0800][2511.007s] GC(311) To-space exhausted
[2022-03-13T03:34:04.067+0800][2511.007s] GC(311)   Pre Evacuate Collection Set: 0.1ms
[2022-03-13T03:34:04.067+0800][2511.007s] GC(311)   Merge Heap Roots: 0.0ms
[2022-03-13T03:34:04.067+0800][2511.007s] GC(311)   Evacuate Collection Set: 0.3ms
[2022-03-13T03:34:04.067+0800][2511.007s] GC(311)   Post Evacuate Collection Set: 0.6ms
[2022-03-13T03:34:04.067+0800][2511.007s] GC(311)   Other: 0.2ms
[2022-03-13T03:34:04.067+0800][2511.007s] GC(311) Eden regions: 6->0(24)
[2022-03-13T03:34:04.067+0800][2511.007s] GC(311) Survivor regions: 1->1(1)
[2022-03-13T03:34:04.067+0800][2511.007s] GC(311) Old regions: 474->475
[2022-03-13T03:34:04.067+0800][2511.007s] GC(311) Archive regions: 0->0
[2022-03-13T03:34:04.067+0800][2511.007s] GC(311) Humongous regions: 30->30
[2022-03-13T03:34:04.067+0800][2511.007s] GC(311) Metaspace: 53545K(53888K)->53545K(53888K) NonClass: 47351K(47552K)->47351K(47552K) Class: 6194K(6336K)->6194K(6336K)
[2022-03-13T03:34:04.067+0800][2511.007s] GC(311) Pause Young (Prepare Mixed) (G1 Preventive Collection) 503M->497M(512M) 1.383ms
[2022-03-13T03:34:04.067+0800][2511.007s] GC(311) User=0.00s Sys=0.00s Real=0.00s
[2022-03-13T03:35:39.209+0800][2606.149s] GC(312) Pause Young (Mixed) (G1 Preventive Collection)
[2022-03-13T03:35:39.209+0800][2606.149s] GC(312) Using 8 workers of 8 for evacuation
[2022-03-13T03:35:39.210+0800][2606.150s] GC(312)   Pre Evacuate Collection Set: 0.1ms
[2022-03-13T03:35:39.210+0800][2606.150s] GC(312)   Merge Heap Roots: 0.1ms
[2022-03-13T03:35:39.210+0800][2606.150s] GC(312)   Evacuate Collection Set: 0.4ms
[2022-03-13T03:35:39.210+0800][2606.150s] GC(312)   Post Evacuate Collection Set: 0.7ms
[2022-03-13T03:35:39.210+0800][2606.150s] GC(312)   Other: 0.2ms
[2022-03-13T03:35:39.210+0800][2606.150s] GC(312) Eden regions: 4->0(24)
[2022-03-13T03:35:39.210+0800][2606.150s] GC(312) Survivor regions: 1->1(2)
[2022-03-13T03:35:39.210+0800][2606.150s] GC(312) Old regions: 475->475
[2022-03-13T03:35:39.210+0800][2606.150s] GC(312) Archive regions: 0->0
[2022-03-13T03:35:39.210+0800][2606.150s] GC(312) Humongous regions: 30->30
[2022-03-13T03:35:39.210+0800][2606.150s] GC(312) Metaspace: 53563K(53888K)->53563K(53888K) NonClass: 47368K(47552K)->47368K(47552K) Class: 6194K(6336K)->6194K(6336K)
[2022-03-13T03:35:39.210+0800][2606.151s] GC(312) Pause Young (Mixed) (G1 Preventive Collection) 501M->497M(512M) 1.800ms
[2022-03-13T03:35:39.210+0800][2606.151s] GC(312) User=0.00s Sys=0.00s Real=0.00s
[2022-03-13T03:35:54.414+0800][2621.353s] GC(313) Pause Young (Concurrent Start) (G1 Preventive Collection)
[2022-03-13T03:35:54.414+0800][2621.353s] GC(313) Using 8 workers of 8 for evacuation
[2022-03-13T03:35:54.416+0800][2621.355s] GC(313)   Pre Evacuate Collection Set: 0.1ms
[2022-03-13T03:35:54.416+0800][2621.355s] GC(313)   Merge Heap Roots: 0.0ms
[2022-03-13T03:35:54.416+0800][2621.355s] GC(313)   Evacuate Collection Set: 1.0ms
[2022-03-13T03:35:54.416+0800][2621.355s] GC(313)   Post Evacuate Collection Set: 0.4ms
[2022-03-13T03:35:54.416+0800][2621.355s] GC(313)   Other: 0.2ms
[2022-03-13T03:35:54.416+0800][2621.355s] GC(313) Eden regions: 5->0(24)
[2022-03-13T03:35:54.416+0800][2621.355s] GC(313) Survivor regions: 1->1(1)
[2022-03-13T03:35:54.416+0800][2621.355s] GC(313) Old regions: 475->475
[2022-03-13T03:35:54.416+0800][2621.355s] GC(313) Archive regions: 0->0
[2022-03-13T03:35:54.416+0800][2621.355s] GC(313) Humongous regions: 30->30
[2022-03-13T03:35:54.416+0800][2621.355s] GC(313) Metaspace: 53602K(53888K)->53602K(53888K) NonClass: 47403K(47552K)->47403K(47552K) Class: 6199K(6336K)->6199K(6336K)
[2022-03-13T03:35:54.416+0800][2621.355s] GC(313) Pause Young (Concurrent Start) (G1 Preventive Collection) 502M->497M(512M) 1.997ms
[2022-03-13T03:35:54.416+0800][2621.355s] GC(313) User=0.00s Sys=0.00s Real=0.00s
[2022-03-13T03:35:54.416+0800][2621.355s] GC(314) Concurrent Mark Cycle
[2022-03-13T03:35:54.416+0800][2621.355s] GC(314) Concurrent Clear Claimed Marks
[2022-03-13T03:35:54.416+0800][2621.355s] GC(314) Concurrent Clear Claimed Marks 0.016ms
[2022-03-13T03:35:54.416+0800][2621.355s] GC(314) Concurrent Scan Root Regions
[2022-03-13T03:35:54.416+0800][2621.356s] GC(314) Concurrent Scan Root Regions 0.708ms
[2022-03-13T03:35:54.416+0800][2621.356s] GC(314) Concurrent Mark
[2022-03-13T03:35:54.416+0800][2621.356s] GC(314) Concurrent Mark From Roots
[2022-03-13T03:35:54.416+0800][2621.356s] GC(314) Using 2 workers of 2 for marking
[2022-03-13T03:35:54.518+0800][2621.458s] GC(315) Pause Young (Normal) (G1 Preventive Collection)
[2022-03-13T03:35:54.518+0800][2621.458s] GC(315) Using 8 workers of 8 for evacuation
[2022-03-13T03:35:54.520+0800][2621.459s] GC(315)   Pre Evacuate Collection Set: 0.1ms
[2022-03-13T03:35:54.520+0800][2621.459s] GC(315)   Merge Heap Roots: 0.0ms
[2022-03-13T03:35:54.520+0800][2621.459s] GC(315)   Evacuate Collection Set: 0.6ms
[2022-03-13T03:35:54.520+0800][2621.459s] GC(315)   Post Evacuate Collection Set: 0.4ms
[2022-03-13T03:35:54.520+0800][2621.459s] GC(315)   Other: 0.2ms
[2022-03-13T03:35:54.520+0800][2621.459s] GC(315) Eden regions: 5->0(24)
[2022-03-13T03:35:54.520+0800][2621.459s] GC(315) Survivor regions: 1->1(1)
[2022-03-13T03:35:54.520+0800][2621.459s] GC(315) Old regions: 475->475
[2022-03-13T03:35:54.520+0800][2621.459s] GC(315) Archive regions: 0->0
[2022-03-13T03:35:54.520+0800][2621.459s] GC(315) Humongous regions: 30->30
[2022-03-13T03:35:54.520+0800][2621.459s] GC(315) Metaspace: 53819K(54080K)->53819K(54080K) NonClass: 47588K(47744K)->47588K(47744K) Class: 6230K(6336K)->6230K(6336K)
[2022-03-13T03:35:54.520+0800][2621.459s] GC(315) Pause Young (Normal) (G1 Preventive Collection) 502M->497M(512M) 1.347ms
[2022-03-13T03:35:54.520+0800][2621.459s] GC(315) User=0.00s Sys=0.00s Real=0.00s
[2022-03-13T03:35:54.589+0800][2621.528s] GC(316) Pause Young (Normal) (G1 Preventive Collection)
[2022-03-13T03:35:54.589+0800][2621.528s] GC(316) Using 8 workers of 8 for evacuation
[2022-03-13T03:35:54.590+0800][2621.529s] GC(316)   Pre Evacuate Collection Set: 0.1ms
[2022-03-13T03:35:54.590+0800][2621.529s] GC(316)   Merge Heap Roots: 0.1ms
[2022-03-13T03:35:54.590+0800][2621.529s] GC(316)   Evacuate Collection Set: 0.4ms
[2022-03-13T03:35:54.590+0800][2621.529s] GC(316)   Post Evacuate Collection Set: 0.2ms
[2022-03-13T03:35:54.590+0800][2621.529s] GC(316)   Other: 0.2ms
[2022-03-13T03:35:54.590+0800][2621.529s] GC(316) Eden regions: 5->0(24)
[2022-03-13T03:35:54.590+0800][2621.529s] GC(316) Survivor regions: 1->1(1)
[2022-03-13T03:35:54.590+0800][2621.529s] GC(316) Old regions: 475->475
[2022-03-13T03:35:54.590+0800][2621.529s] GC(316) Archive regions: 0->0
[2022-03-13T03:35:54.590+0800][2621.529s] GC(316) Humongous regions: 30->30
[2022-03-13T03:35:54.590+0800][2621.529s] GC(316) Metaspace: 53819K(54080K)->53819K(54080K) NonClass: 47588K(47744K)->47588K(47744K) Class: 6230K(6336K)->6230K(6336K)
[2022-03-13T03:35:54.590+0800][2621.529s] GC(316) Pause Young (Normal) (G1 Preventive Collection) 502M->497M(512M) 1.135ms
[2022-03-13T03:35:54.590+0800][2621.529s] GC(316) User=0.00s Sys=0.00s Real=0.00s
[2022-03-13T03:35:54.652+0800][2621.593s] GC(317) Pause Young (Normal) (G1 Preventive Collection)
[2022-03-13T03:35:54.652+0800][2621.593s] GC(317) Using 8 workers of 8 for evacuation
[2022-03-13T03:35:54.654+0800][2621.594s] GC(317)   Pre Evacuate Collection Set: 0.1ms
[2022-03-13T03:35:54.654+0800][2621.594s] GC(317)   Merge Heap Roots: 0.0ms
[2022-03-13T03:35:54.654+0800][2621.594s] GC(317)   Evacuate Collection Set: 0.4ms
[2022-03-13T03:35:54.654+0800][2621.594s] GC(317)   Post Evacuate Collection Set: 0.4ms
[2022-03-13T03:35:54.654+0800][2621.594s] GC(317)   Other: 0.2ms
[2022-03-13T03:35:54.654+0800][2621.594s] GC(317) Eden regions: 5->0(24)
[2022-03-13T03:35:54.654+0800][2621.594s] GC(317) Survivor regions: 1->1(1)
[2022-03-13T03:35:54.654+0800][2621.594s] GC(317) Old regions: 475->475
[2022-03-13T03:35:54.654+0800][2621.594s] GC(317) Archive regions: 0->0
[2022-03-13T03:35:54.654+0800][2621.594s] GC(317) Humongous regions: 30->30
[2022-03-13T03:35:54.654+0800][2621.594s] GC(317) Metaspace: 53819K(54080K)->53819K(54080K) NonClass: 47588K(47744K)->47588K(47744K) Class: 6230K(6336K)->6230K(6336K)
[2022-03-13T03:35:54.654+0800][2621.594s] GC(317) Pause Young (Normal) (G1 Preventive Collection) 502M->497M(512M) 1.197ms
[2022-03-13T03:35:54.654+0800][2621.594s] GC(317) User=0.09s Sys=0.00s Real=0.00s
[2022-03-13T03:35:54.707+0800][2621.647s] GC(318) Pause Young (Normal) (G1 Preventive Collection)
[2022-03-13T03:35:54.707+0800][2621.647s] GC(318) Using 8 workers of 8 for evacuation
[2022-03-13T03:35:54.708+0800][2621.648s] GC(318)   Pre Evacuate Collection Set: 0.1ms
[2022-03-13T03:35:54.708+0800][2621.648s] GC(318)   Merge Heap Roots: 0.0ms
[2022-03-13T03:35:54.708+0800][2621.648s] GC(318)   Evacuate Collection Set: 0.4ms
[2022-03-13T03:35:54.708+0800][2621.648s] GC(318)   Post Evacuate Collection Set: 0.3ms
[2022-03-13T03:35:54.708+0800][2621.648s] GC(318)   Other: 0.2ms
[2022-03-13T03:35:54.708+0800][2621.648s] GC(318) Eden regions: 5->0(24)
[2022-03-13T03:35:54.708+0800][2621.648s] GC(318) Survivor regions: 1->1(1)
[2022-03-13T03:35:54.708+0800][2621.648s] GC(318) Old regions: 475->475
[2022-03-13T03:35:54.708+0800][2621.648s] GC(318) Archive regions: 0->0
[2022-03-13T03:35:54.708+0800][2621.648s] GC(318) Humongous regions: 30->30
[2022-03-13T03:35:54.708+0800][2621.648s] GC(318) Metaspace: 53819K(54080K)->53819K(54080K) NonClass: 47588K(47744K)->47588K(47744K) Class: 6230K(6336K)->6230K(6336K)
[2022-03-13T03:35:54.708+0800][2621.648s] GC(318) Pause Young (Normal) (G1 Preventive Collection) 502M->497M(512M) 1.231ms
[2022-03-13T03:35:54.708+0800][2621.648s] GC(318) User=0.00s Sys=0.00s Real=0.00s
[2022-03-13T03:35:54.767+0800][2621.707s] GC(319) Pause Young (Normal) (G1 Preventive Collection)
[2022-03-13T03:35:54.767+0800][2621.707s] GC(319) Using 8 workers of 8 for evacuation
[2022-03-13T03:35:54.768+0800][2621.708s] GC(319)   Pre Evacuate Collection Set: 0.1ms
[2022-03-13T03:35:54.768+0800][2621.708s] GC(319)   Merge Heap Roots: 0.0ms
[2022-03-13T03:35:54.768+0800][2621.708s] GC(319)   Evacuate Collection Set: 0.4ms
[2022-03-13T03:35:54.768+0800][2621.708s] GC(319)   Post Evacuate Collection Set: 0.2ms
[2022-03-13T03:35:54.768+0800][2621.708s] GC(319)   Other: 0.2ms
[2022-03-13T03:35:54.768+0800][2621.708s] GC(319) Eden regions: 5->0(24)
[2022-03-13T03:35:54.768+0800][2621.708s] GC(319) Survivor regions: 1->1(1)
[2022-03-13T03:35:54.768+0800][2621.708s] GC(319) Old regions: 475->475
[2022-03-13T03:35:54.768+0800][2621.708s] GC(319) Archive regions: 0->0
[2022-03-13T03:35:54.768+0800][2621.708s] GC(319) Humongous regions: 30->30
[2022-03-13T03:35:54.768+0800][2621.708s] GC(319) Metaspace: 53819K(54080K)->53819K(54080K) NonClass: 47588K(47744K)->47588K(47744K) Class: 6230K(6336K)->6230K(6336K)
[2022-03-13T03:35:54.768+0800][2621.708s] GC(319) Pause Young (Normal) (G1 Preventive Collection) 502M->497M(512M) 1.058ms
[2022-03-13T03:35:54.768+0800][2621.708s] GC(319) User=0.00s Sys=0.00s Real=0.00s
[2022-03-13T03:35:55.167+0800][2622.106s] GC(314) Concurrent Mark From Roots 749.948ms
[2022-03-13T03:35:55.167+0800][2622.106s] GC(314) Concurrent Preclean
[2022-03-13T03:35:55.167+0800][2622.106s] GC(314) Concurrent Preclean 0.183ms
[2022-03-13T03:35:55.167+0800][2622.107s] GC(314) Pause Remark
[2022-03-13T03:35:55.171+0800][2622.110s] GC(314) Pause Remark 499M->498M(512M) 3.812ms
[2022-03-13T03:35:55.171+0800][2622.110s] GC(314) User=0.08s Sys=0.00s Real=0.00s
[2022-03-13T03:35:55.171+0800][2622.110s] GC(314) Concurrent Mark 754.186ms
[2022-03-13T03:35:55.171+0800][2622.110s] GC(314) Concurrent Rebuild Remembered Sets
[2022-03-13T03:35:55.608+0800][2622.547s] GC(314) Concurrent Rebuild Remembered Sets 436.515ms
[2022-03-13T03:35:55.608+0800][2622.547s] GC(314) Pause Cleanup
[2022-03-13T03:35:55.608+0800][2622.547s] GC(314) Pause Cleanup 498M->498M(512M) 0.235ms
[2022-03-13T03:35:55.608+0800][2622.548s] GC(314) User=0.00s Sys=0.00s Real=0.00s
[2022-03-13T03:35:55.608+0800][2622.548s] GC(314) Concurrent Cleanup for Next Mark
[2022-03-13T03:35:55.608+0800][2622.548s] GC(314) Concurrent Cleanup for Next Mark 0.372ms
[2022-03-13T03:35:55.608+0800][2622.548s] GC(314) Concurrent Mark Cycle 1192.557ms
[2022-03-13T03:36:11.235+0800][2638.175s] GC(320) Pause Young (Prepare Mixed) (G1 Preventive Collection)
[2022-03-13T03:36:11.235+0800][2638.175s] GC(320) Using 8 workers of 8 for evacuation
[2022-03-13T03:36:11.237+0800][2638.176s] GC(320)   Pre Evacuate Collection Set: 0.1ms
[2022-03-13T03:36:11.237+0800][2638.176s] GC(320)   Merge Heap Roots: 0.0ms
[2022-03-13T03:36:11.237+0800][2638.176s] GC(320)   Evacuate Collection Set: 0.4ms
[2022-03-13T03:36:11.237+0800][2638.177s] GC(320)   Post Evacuate Collection Set: 0.5ms
[2022-03-13T03:36:11.237+0800][2638.177s] GC(320)   Other: 0.1ms
[2022-03-13T03:36:11.237+0800][2638.177s] GC(320) Eden regions: 6->0(24)
[2022-03-13T03:36:11.237+0800][2638.177s] GC(320) Survivor regions: 1->1(1)
[2022-03-13T03:36:11.237+0800][2638.177s] GC(320) Old regions: 474->474
[2022-03-13T03:36:11.237+0800][2638.177s] GC(320) Archive regions: 0->0
[2022-03-13T03:36:11.237+0800][2638.177s] GC(320) Humongous regions: 30->30
[2022-03-13T03:36:11.237+0800][2638.177s] GC(320) Metaspace: 53838K(54144K)->53838K(54144K) NonClass: 47607K(47808K)->47607K(47808K) Class: 6230K(6336K)->6230K(6336K)
[2022-03-13T03:36:11.237+0800][2638.177s] GC(320) Pause Young (Prepare Mixed) (G1 Preventive Collection) 503M->497M(512M) 1.315ms
[2022-03-13T03:36:11.237+0800][2638.177s] GC(320) User=0.00s Sys=0.00s Real=0.00s
[2022-03-13T03:36:11.292+0800][2638.232s] GC(321) Pause Young (Mixed) (G1 Preventive Collection)
[2022-03-13T03:36:11.292+0800][2638.232s] GC(321) Using 8 workers of 8 for evacuation
[2022-03-13T03:36:11.293+0800][2638.233s] GC(321)   Pre Evacuate Collection Set: 0.1ms
[2022-03-13T03:36:11.293+0800][2638.233s] GC(321)   Merge Heap Roots: 0.1ms
[2022-03-13T03:36:11.293+0800][2638.233s] GC(321)   Evacuate Collection Set: 0.3ms
[2022-03-13T03:36:11.293+0800][2638.233s] GC(321)   Post Evacuate Collection Set: 0.5ms
[2022-03-13T03:36:11.293+0800][2638.233s] GC(321)   Other: 0.2ms
[2022-03-13T03:36:11.293+0800][2638.233s] GC(321) Eden regions: 5->0(24)
[2022-03-13T03:36:11.293+0800][2638.233s] GC(321) Survivor regions: 1->1(2)
[2022-03-13T03:36:11.293+0800][2638.233s] GC(321) Old regions: 474->473
[2022-03-13T03:36:11.293+0800][2638.233s] GC(321) Archive regions: 0->0
[2022-03-13T03:36:11.293+0800][2638.233s] GC(321) Humongous regions: 30->30
[2022-03-13T03:36:11.293+0800][2638.233s] GC(321) Metaspace: 53838K(54144K)->53838K(54144K) NonClass: 47607K(47808K)->47607K(47808K) Class: 6230K(6336K)->6230K(6336K)
[2022-03-13T03:36:11.293+0800][2638.233s] GC(321) Pause Young (Mixed) (G1 Preventive Collection) 502M->496M(512M) 1.352ms
[2022-03-13T03:36:11.293+0800][2638.233s] GC(321) User=0.02s Sys=0.02s Real=0.00s
[2022-03-13T03:36:11.367+0800][2638.307s] GC(322) Pause Young (Concurrent Start) (G1 Preventive Collection)
[2022-03-13T03:36:11.367+0800][2638.307s] GC(322) Using 8 workers of 8 for evacuation
[2022-03-13T03:36:11.368+0800][2638.308s] GC(322)   Pre Evacuate Collection Set: 0.1ms
[2022-03-13T03:36:11.368+0800][2638.308s] GC(322)   Merge Heap Roots: 0.0ms
[2022-03-13T03:36:11.368+0800][2638.308s] GC(322)   Evacuate Collection Set: 0.5ms
[2022-03-13T03:36:11.368+0800][2638.308s] GC(322)   Post Evacuate Collection Set: 0.2ms
[2022-03-13T03:36:11.368+0800][2638.308s] GC(322)   Other: 0.1ms
[2022-03-13T03:36:11.368+0800][2638.308s] GC(322) Eden regions: 7->0(24)
[2022-03-13T03:36:11.368+0800][2638.308s] GC(322) Survivor regions: 1->1(1)
[2022-03-13T03:36:11.368+0800][2638.308s] GC(322) Old regions: 473->473
[2022-03-13T03:36:11.368+0800][2638.308s] GC(322) Archive regions: 0->0
[2022-03-13T03:36:11.368+0800][2638.308s] GC(322) Humongous regions: 30->30
[2022-03-13T03:36:11.368+0800][2638.308s] GC(322) Metaspace: 53838K(54144K)->53838K(54144K) NonClass: 47607K(47808K)->47607K(47808K) Class: 6230K(6336K)->6230K(6336K)
[2022-03-13T03:36:11.368+0800][2638.308s] GC(322) Pause Young (Concurrent Start) (G1 Preventive Collection) 503M->496M(512M) 1.084ms
[2022-03-13T03:36:11.368+0800][2638.308s] GC(322) User=0.00s Sys=0.00s Real=0.00s
[2022-03-13T03:36:11.368+0800][2638.308s] GC(323) Concurrent Mark Cycle
[2022-03-13T03:36:11.368+0800][2638.308s] GC(323) Concurrent Clear Claimed Marks
[2022-03-13T03:36:11.368+0800][2638.308s] GC(323) Concurrent Clear Claimed Marks 0.026ms
[2022-03-13T03:36:11.368+0800][2638.308s] GC(323) Concurrent Scan Root Regions
[2022-03-13T03:36:11.368+0800][2638.308s] GC(323) Concurrent Scan Root Regions 0.572ms
[2022-03-13T03:36:11.368+0800][2638.308s] GC(323) Concurrent Mark
[2022-03-13T03:36:11.368+0800][2638.308s] GC(323) Concurrent Mark From Roots
[2022-03-13T03:36:11.368+0800][2638.308s] GC(323) Using 2 workers of 2 for marking
[2022-03-13T03:36:11.470+0800][2638.409s] GC(324) Pause Young (Normal) (G1 Preventive Collection)
[2022-03-13T03:36:11.470+0800][2638.410s] GC(324) Using 8 workers of 8 for evacuation
[2022-03-13T03:36:11.471+0800][2638.411s] GC(324)   Pre Evacuate Collection Set: 0.1ms
[2022-03-13T03:36:11.471+0800][2638.411s] GC(324)   Merge Heap Roots: 0.0ms
[2022-03-13T03:36:11.471+0800][2638.411s] GC(324)   Evacuate Collection Set: 0.5ms
[2022-03-13T03:36:11.471+0800][2638.411s] GC(324)   Post Evacuate Collection Set: 0.4ms
[2022-03-13T03:36:11.471+0800][2638.411s] GC(324)   Other: 0.2ms
[2022-03-13T03:36:11.471+0800][2638.411s] GC(324) Eden regions: 7->0(24)
[2022-03-13T03:36:11.471+0800][2638.411s] GC(324) Survivor regions: 1->1(1)
[2022-03-13T03:36:11.471+0800][2638.411s] GC(324) Old regions: 473->473
[2022-03-13T03:36:11.471+0800][2638.411s] GC(324) Archive regions: 0->0
[2022-03-13T03:36:11.471+0800][2638.411s] GC(324) Humongous regions: 30->30
[2022-03-13T03:36:11.471+0800][2638.411s] GC(324) Metaspace: 53838K(54144K)->53838K(54144K) NonClass: 47607K(47808K)->47607K(47808K) Class: 6230K(6336K)->6230K(6336K)
[2022-03-13T03:36:11.471+0800][2638.411s] GC(324) Pause Young (Normal) (G1 Preventive Collection) 503M->497M(512M) 1.425ms
[2022-03-13T03:36:11.471+0800][2638.411s] GC(324) User=0.00s Sys=0.00s Real=0.00s
[2022-03-13T03:36:11.567+0800][2638.507s] GC(325) Pause Young (Normal) (G1 Preventive Collection)
[2022-03-13T03:36:11.567+0800][2638.507s] GC(325) Using 8 workers of 8 for evacuation
[2022-03-13T03:36:11.569+0800][2638.508s] GC(325)   Pre Evacuate Collection Set: 0.1ms
[2022-03-13T03:36:11.569+0800][2638.508s] GC(325)   Merge Heap Roots: 0.0ms
[2022-03-13T03:36:11.569+0800][2638.508s] GC(325)   Evacuate Collection Set: 0.4ms
[2022-03-13T03:36:11.569+0800][2638.508s] GC(325)   Post Evacuate Collection Set: 0.3ms
[2022-03-13T03:36:11.569+0800][2638.508s] GC(325)   Other: 0.1ms
[2022-03-13T03:36:11.569+0800][2638.508s] GC(325) Eden regions: 7->0(24)
[2022-03-13T03:36:11.569+0800][2638.508s] GC(325) Survivor regions: 1->1(1)
[2022-03-13T03:36:11.569+0800][2638.508s] GC(325) Old regions: 473->473
[2022-03-13T03:36:11.569+0800][2638.508s] GC(325) Archive regions: 0->0
[2022-03-13T03:36:11.569+0800][2638.508s] GC(325) Humongous regions: 30->30
[2022-03-13T03:36:11.569+0800][2638.508s] GC(325) Metaspace: 53838K(54144K)->53838K(54144K) NonClass: 47607K(47808K)->47607K(47808K) Class: 6230K(6336K)->6230K(6336K)
[2022-03-13T03:36:11.569+0800][2638.508s] GC(325) Pause Young (Normal) (G1 Preventive Collection) 504M->496M(512M) 1.070ms
[2022-03-13T03:36:11.569+0800][2638.508s] GC(325) User=0.00s Sys=0.00s Real=0.00s
[2022-03-13T03:36:11.658+0800][2638.598s] GC(326) Pause Young (Normal) (G1 Preventive Collection)
[2022-03-13T03:36:11.658+0800][2638.598s] GC(326) Using 8 workers of 8 for evacuation
[2022-03-13T03:36:11.659+0800][2638.599s] GC(326)   Pre Evacuate Collection Set: 0.1ms
[2022-03-13T03:36:11.659+0800][2638.599s] GC(326)   Merge Heap Roots: 0.0ms
[2022-03-13T03:36:11.659+0800][2638.599s] GC(326)   Evacuate Collection Set: 0.3ms
[2022-03-13T03:36:11.659+0800][2638.599s] GC(326)   Post Evacuate Collection Set: 0.3ms
[2022-03-13T03:36:11.659+0800][2638.599s] GC(326)   Other: 0.2ms
[2022-03-13T03:36:11.659+0800][2638.599s] GC(326) Eden regions: 7->0(24)
[2022-03-13T03:36:11.659+0800][2638.599s] GC(326) Survivor regions: 1->1(1)
[2022-03-13T03:36:11.659+0800][2638.599s] GC(326) Old regions: 473->473
[2022-03-13T03:36:11.659+0800][2638.599s] GC(326) Archive regions: 0->0
[2022-03-13T03:36:11.659+0800][2638.599s] GC(326) Humongous regions: 30->30
[2022-03-13T03:36:11.659+0800][2638.599s] GC(326) Metaspace: 53838K(54144K)->53838K(54144K) NonClass: 47607K(47808K)->47607K(47808K) Class: 6230K(6336K)->6230K(6336K)
[2022-03-13T03:36:11.659+0800][2638.599s] GC(326) Pause Young (Normal) (G1 Preventive Collection) 503M->496M(512M) 0.904ms
[2022-03-13T03:36:11.659+0800][2638.599s] GC(326) User=0.00s Sys=0.00s Real=0.00s
[2022-03-13T03:36:11.757+0800][2638.696s] GC(327) Pause Young (Normal) (G1 Preventive Collection)
[2022-03-13T03:36:11.757+0800][2638.697s] GC(327) Using 8 workers of 8 for evacuation
[2022-03-13T03:36:11.758+0800][2638.697s] GC(327)   Pre Evacuate Collection Set: 0.1ms
[2022-03-13T03:36:11.758+0800][2638.697s] GC(327)   Merge Heap Roots: 0.0ms
[2022-03-13T03:36:11.758+0800][2638.698s] GC(327)   Evacuate Collection Set: 0.4ms
[2022-03-13T03:36:11.758+0800][2638.698s] GC(327)   Post Evacuate Collection Set: 0.3ms
[2022-03-13T03:36:11.758+0800][2638.698s] GC(327)   Other: 0.2ms
[2022-03-13T03:36:11.758+0800][2638.698s] GC(327) Eden regions: 7->0(24)
[2022-03-13T03:36:11.758+0800][2638.698s] GC(327) Survivor regions: 1->1(1)
[2022-03-13T03:36:11.758+0800][2638.698s] GC(327) Old regions: 473->473
[2022-03-13T03:36:11.758+0800][2638.698s] GC(327) Archive regions: 0->0
[2022-03-13T03:36:11.758+0800][2638.698s] GC(327) Humongous regions: 30->30
[2022-03-13T03:36:11.758+0800][2638.698s] GC(327) Metaspace: 53838K(54144K)->53838K(54144K) NonClass: 47607K(47808K)->47607K(47808K) Class: 6230K(6336K)->6230K(6336K)
[2022-03-13T03:36:11.758+0800][2638.698s] GC(327) Pause Young (Normal) (G1 Preventive Collection) 503M->496M(512M) 1.266ms
[2022-03-13T03:36:11.758+0800][2638.698s] GC(327) User=0.00s Sys=0.00s Real=0.00s
[2022-03-13T03:36:11.867+0800][2638.807s] GC(328) Pause Young (Normal) (G1 Preventive Collection)
[2022-03-13T03:36:11.867+0800][2638.807s] GC(328) Using 8 workers of 8 for evacuation
[2022-03-13T03:36:11.868+0800][2638.808s] GC(328)   Pre Evacuate Collection Set: 0.1ms
[2022-03-13T03:36:11.868+0800][2638.808s] GC(328)   Merge Heap Roots: 0.0ms
[2022-03-13T03:36:11.868+0800][2638.808s] GC(328)   Evacuate Collection Set: 0.4ms
[2022-03-13T03:36:11.868+0800][2638.808s] GC(328)   Post Evacuate Collection Set: 0.3ms
[2022-03-13T03:36:11.868+0800][2638.808s] GC(328)   Other: 0.1ms
[2022-03-13T03:36:11.868+0800][2638.808s] GC(328) Eden regions: 7->0(24)
[2022-03-13T03:36:11.868+0800][2638.808s] GC(328) Survivor regions: 1->1(1)
[2022-03-13T03:36:11.868+0800][2638.808s] GC(328) Old regions: 473->473
[2022-03-13T03:36:11.868+0800][2638.808s] GC(328) Archive regions: 0->0
[2022-03-13T03:36:11.868+0800][2638.808s] GC(328) Humongous regions: 30->30
[2022-03-13T03:36:11.868+0800][2638.808s] GC(328) Metaspace: 53838K(54144K)->53838K(54144K) NonClass: 47607K(47808K)->47607K(47808K) Class: 6230K(6336K)->6230K(6336K)
[2022-03-13T03:36:11.868+0800][2638.808s] GC(328) Pause Young (Normal) (G1 Preventive Collection) 503M->497M(512M) 1.060ms
[2022-03-13T03:36:11.868+0800][2638.808s] GC(328) User=0.00s Sys=0.00s Real=0.00s
[2022-03-13T03:36:11.972+0800][2638.912s] GC(329) Pause Young (Normal) (G1 Preventive Collection)
[2022-03-13T03:36:11.972+0800][2638.912s] GC(329) Using 8 workers of 8 for evacuation
[2022-03-13T03:36:11.973+0800][2638.913s] GC(329)   Pre Evacuate Collection Set: 0.1ms
[2022-03-13T03:36:11.973+0800][2638.913s] GC(329)   Merge Heap Roots: 0.1ms
[2022-03-13T03:36:11.973+0800][2638.913s] GC(329)   Evacuate Collection Set: 0.4ms
[2022-03-13T03:36:11.973+0800][2638.913s] GC(329)   Post Evacuate Collection Set: 0.3ms
[2022-03-13T03:36:11.973+0800][2638.913s] GC(329)   Other: 0.2ms
[2022-03-13T03:36:11.973+0800][2638.913s] GC(329) Eden regions: 7->0(24)
[2022-03-13T03:36:11.973+0800][2638.913s] GC(329) Survivor regions: 1->1(1)
[2022-03-13T03:36:11.973+0800][2638.913s] GC(329) Old regions: 473->473
[2022-03-13T03:36:11.973+0800][2638.913s] GC(329) Archive regions: 0->0
[2022-03-13T03:36:11.973+0800][2638.913s] GC(329) Humongous regions: 30->30
[2022-03-13T03:36:11.973+0800][2638.913s] GC(329) Metaspace: 53838K(54144K)->53838K(54144K) NonClass: 47607K(47808K)->47607K(47808K) Class: 6230K(6336K)->6230K(6336K)
[2022-03-13T03:36:11.973+0800][2638.913s] GC(329) Pause Young (Normal) (G1 Preventive Collection) 504M->497M(512M) 1.370ms
[2022-03-13T03:36:11.973+0800][2638.913s] GC(329) User=0.00s Sys=0.00s Real=0.00s
[2022-03-13T03:36:12.101+0800][2639.040s] GC(330) Pause Young (Normal) (G1 Preventive Collection)
[2022-03-13T03:36:12.101+0800][2639.040s] GC(330) Using 8 workers of 8 for evacuation
[2022-03-13T03:36:12.102+0800][2639.041s] GC(330)   Pre Evacuate Collection Set: 0.1ms
[2022-03-13T03:36:12.102+0800][2639.041s] GC(330)   Merge Heap Roots: 0.0ms
[2022-03-13T03:36:12.102+0800][2639.041s] GC(330)   Evacuate Collection Set: 0.5ms
[2022-03-13T03:36:12.102+0800][2639.041s] GC(330)   Post Evacuate Collection Set: 0.3ms
[2022-03-13T03:36:12.102+0800][2639.041s] GC(330)   Other: 0.2ms
[2022-03-13T03:36:12.102+0800][2639.041s] GC(330) Eden regions: 7->0(24)
[2022-03-13T03:36:12.102+0800][2639.041s] GC(330) Survivor regions: 1->1(1)
[2022-03-13T03:36:12.102+0800][2639.041s] GC(330) Old regions: 473->473
[2022-03-13T03:36:12.102+0800][2639.041s] GC(330) Archive regions: 0->0
[2022-03-13T03:36:12.102+0800][2639.041s] GC(330) Humongous regions: 30->30
[2022-03-13T03:36:12.102+0800][2639.041s] GC(330) Metaspace: 53838K(54144K)->53838K(54144K) NonClass: 47607K(47808K)->47607K(47808K) Class: 6230K(6336K)->6230K(6336K)
[2022-03-13T03:36:12.102+0800][2639.041s] GC(330) Pause Young (Normal) (G1 Preventive Collection) 504M->497M(512M) 1.117ms
[2022-03-13T03:36:12.102+0800][2639.041s] GC(330) User=0.00s Sys=0.00s Real=0.00s
[2022-03-13T03:36:12.140+0800][2639.079s] GC(323) Concurrent Mark From Roots 770.637ms
[2022-03-13T03:36:12.140+0800][2639.079s] GC(323) Concurrent Preclean
[2022-03-13T03:36:12.140+0800][2639.079s] GC(323) Concurrent Preclean 0.221ms
[2022-03-13T03:36:12.140+0800][2639.080s] GC(323) Pause Remark
[2022-03-13T03:36:12.144+0800][2639.084s] GC(323) Pause Remark 499M->499M(512M) 4.171ms
[2022-03-13T03:36:12.144+0800][2639.084s] GC(323) User=0.00s Sys=0.00s Real=0.00s
[2022-03-13T03:36:12.145+0800][2639.084s] GC(323) Concurrent Mark 775.401ms
[2022-03-13T03:36:12.145+0800][2639.084s] GC(323) Concurrent Rebuild Remembered Sets
[2022-03-13T03:36:12.212+0800][2639.152s] GC(331) Pause Young (Normal) (G1 Preventive Collection)
[2022-03-13T03:36:12.212+0800][2639.152s] GC(331) Using 8 workers of 8 for evacuation
[2022-03-13T03:36:12.213+0800][2639.153s] GC(331)   Pre Evacuate Collection Set: 0.1ms
[2022-03-13T03:36:12.213+0800][2639.153s] GC(331)   Merge Heap Roots: 0.1ms
[2022-03-13T03:36:12.213+0800][2639.153s] GC(331)   Evacuate Collection Set: 0.5ms
[2022-03-13T03:36:12.213+0800][2639.153s] GC(331)   Post Evacuate Collection Set: 0.3ms
[2022-03-13T03:36:12.213+0800][2639.153s] GC(331)   Other: 0.1ms
[2022-03-13T03:36:12.214+0800][2639.153s] GC(331) Eden regions: 7->0(24)
[2022-03-13T03:36:12.214+0800][2639.153s] GC(331) Survivor regions: 1->1(1)
[2022-03-13T03:36:12.214+0800][2639.153s] GC(331) Old regions: 473->473
[2022-03-13T03:36:12.214+0800][2639.153s] GC(331) Archive regions: 0->0
[2022-03-13T03:36:12.214+0800][2639.153s] GC(331) Humongous regions: 30->30
[2022-03-13T03:36:12.214+0800][2639.153s] GC(331) Metaspace: 53838K(54144K)->53838K(54144K) NonClass: 47607K(47808K)->47607K(47808K) Class: 6230K(6336K)->6230K(6336K)
[2022-03-13T03:36:12.214+0800][2639.153s] GC(331) Pause Young (Normal) (G1 Preventive Collection) 504M->497M(512M) 1.324ms
[2022-03-13T03:36:12.214+0800][2639.153s] GC(331) User=0.00s Sys=0.00s Real=0.00s
[2022-03-13T03:36:12.324+0800][2639.265s] GC(332) Pause Young (Normal) (G1 Preventive Collection)
[2022-03-13T03:36:12.325+0800][2639.265s] GC(332) Using 8 workers of 8 for evacuation
[2022-03-13T03:36:12.326+0800][2639.266s] GC(332)   Pre Evacuate Collection Set: 0.1ms
[2022-03-13T03:36:12.326+0800][2639.266s] GC(332)   Merge Heap Roots: 0.0ms
[2022-03-13T03:36:12.326+0800][2639.266s] GC(332)   Evacuate Collection Set: 0.5ms
[2022-03-13T03:36:12.326+0800][2639.266s] GC(332)   Post Evacuate Collection Set: 0.2ms
[2022-03-13T03:36:12.326+0800][2639.266s] GC(332)   Other: 0.3ms
[2022-03-13T03:36:12.326+0800][2639.266s] GC(332) Eden regions: 7->0(24)
[2022-03-13T03:36:12.326+0800][2639.266s] GC(332) Survivor regions: 1->1(1)
[2022-03-13T03:36:12.326+0800][2639.266s] GC(332) Old regions: 473->473
[2022-03-13T03:36:12.326+0800][2639.266s] GC(332) Archive regions: 0->0
[2022-03-13T03:36:12.326+0800][2639.266s] GC(332) Humongous regions: 30->30
[2022-03-13T03:36:12.326+0800][2639.266s] GC(332) Metaspace: 53838K(54144K)->53838K(54144K) NonClass: 47607K(47808K)->47607K(47808K) Class: 6230K(6336K)->6230K(6336K)
[2022-03-13T03:36:12.327+0800][2639.266s] GC(332) Pause Young (Normal) (G1 Preventive Collection) 504M->497M(512M) 1.245ms
[2022-03-13T03:36:12.327+0800][2639.266s] GC(332) User=0.02s Sys=0.00s Real=0.00s
[2022-03-13T03:36:12.421+0800][2639.361s] GC(333) Pause Young (Normal) (G1 Preventive Collection)
[2022-03-13T03:36:12.421+0800][2639.361s] GC(333) Using 8 workers of 8 for evacuation
[2022-03-13T03:36:12.423+0800][2639.362s] GC(333)   Pre Evacuate Collection Set: 0.1ms
[2022-03-13T03:36:12.423+0800][2639.362s] GC(333)   Merge Heap Roots: 0.0ms
[2022-03-13T03:36:12.423+0800][2639.362s] GC(333)   Evacuate Collection Set: 0.3ms
[2022-03-13T03:36:12.423+0800][2639.362s] GC(333)   Post Evacuate Collection Set: 0.2ms
[2022-03-13T03:36:12.423+0800][2639.362s] GC(333)   Other: 0.3ms
[2022-03-13T03:36:12.423+0800][2639.362s] GC(333) Eden regions: 7->0(24)
[2022-03-13T03:36:12.423+0800][2639.362s] GC(333) Survivor regions: 1->1(1)
[2022-03-13T03:36:12.423+0800][2639.362s] GC(333) Old regions: 473->473
[2022-03-13T03:36:12.423+0800][2639.362s] GC(333) Archive regions: 0->0
[2022-03-13T03:36:12.423+0800][2639.362s] GC(333) Humongous regions: 30->30
[2022-03-13T03:36:12.423+0800][2639.362s] GC(333) Metaspace: 53838K(54144K)->53838K(54144K) NonClass: 47607K(47808K)->47607K(47808K) Class: 6230K(6336K)->6230K(6336K)
[2022-03-13T03:36:12.423+0800][2639.362s] GC(333) Pause Young (Normal) (G1 Preventive Collection) 504M->497M(512M) 1.090ms
[2022-03-13T03:36:12.423+0800][2639.362s] GC(333) User=0.00s Sys=0.00s Real=0.00s
[2022-03-13T03:36:12.521+0800][2639.460s] GC(334) Pause Young (Normal) (G1 Preventive Collection)
[2022-03-13T03:36:12.521+0800][2639.460s] GC(334) Using 8 workers of 8 for evacuation
[2022-03-13T03:36:12.521+0800][2639.461s] GC(334)   Pre Evacuate Collection Set: 0.1ms
[2022-03-13T03:36:12.521+0800][2639.461s] GC(334)   Merge Heap Roots: 0.0ms
[2022-03-13T03:36:12.521+0800][2639.461s] GC(334)   Evacuate Collection Set: 0.3ms
[2022-03-13T03:36:12.521+0800][2639.461s] GC(334)   Post Evacuate Collection Set: 0.2ms
[2022-03-13T03:36:12.521+0800][2639.461s] GC(334)   Other: 0.1ms
[2022-03-13T03:36:12.521+0800][2639.461s] GC(334) Eden regions: 7->0(24)
[2022-03-13T03:36:12.521+0800][2639.461s] GC(334) Survivor regions: 1->1(1)
[2022-03-13T03:36:12.521+0800][2639.461s] GC(334) Old regions: 473->473
[2022-03-13T03:36:12.521+0800][2639.461s] GC(334) Archive regions: 0->0
[2022-03-13T03:36:12.521+0800][2639.461s] GC(334) Humongous regions: 30->30
[2022-03-13T03:36:12.521+0800][2639.461s] GC(334) Metaspace: 53838K(54144K)->53838K(54144K) NonClass: 47607K(47808K)->47607K(47808K) Class: 6230K(6336K)->6230K(6336K)
[2022-03-13T03:36:12.521+0800][2639.461s] GC(334) Pause Young (Normal) (G1 Preventive Collection) 504M->497M(512M) 0.934ms
[2022-03-13T03:36:12.521+0800][2639.461s] GC(334) User=0.00s Sys=0.00s Real=0.00s
[2022-03-13T03:36:12.550+0800][2639.489s] GC(323) Concurrent Rebuild Remembered Sets 405.382ms
[2022-03-13T03:36:12.550+0800][2639.489s] GC(323) Pause Cleanup
[2022-03-13T03:36:12.550+0800][2639.490s] GC(323) Pause Cleanup 498M->498M(512M) 0.181ms
[2022-03-13T03:36:12.550+0800][2639.490s] GC(323) User=0.00s Sys=0.00s Real=0.00s
[2022-03-13T03:36:12.550+0800][2639.490s] GC(323) Concurrent Cleanup for Next Mark
[2022-03-13T03:36:12.550+0800][2639.490s] GC(323) Concurrent Cleanup for Next Mark 0.434ms
[2022-03-13T03:36:12.550+0800][2639.490s] GC(323) Concurrent Mark Cycle 1182.448ms
[2022-03-13T03:36:12.619+0800][2639.559s] GC(335) Pause Young (Prepare Mixed) (G1 Preventive Collection)
[2022-03-13T03:36:12.619+0800][2639.559s] GC(335) Using 8 workers of 8 for evacuation
[2022-03-13T03:36:12.621+0800][2639.561s] GC(335)   Pre Evacuate Collection Set: 0.1ms
[2022-03-13T03:36:12.621+0800][2639.561s] GC(335)   Merge Heap Roots: 0.1ms
[2022-03-13T03:36:12.621+0800][2639.561s] GC(335)   Evacuate Collection Set: 0.6ms
[2022-03-13T03:36:12.621+0800][2639.561s] GC(335)   Post Evacuate Collection Set: 0.5ms
[2022-03-13T03:36:12.621+0800][2639.561s] GC(335)   Other: 0.3ms
[2022-03-13T03:36:12.621+0800][2639.561s] GC(335) Eden regions: 7->0(24)
[2022-03-13T03:36:12.621+0800][2639.561s] GC(335) Survivor regions: 1->1(1)
[2022-03-13T03:36:12.621+0800][2639.561s] GC(335) Old regions: 473->473
[2022-03-13T03:36:12.621+0800][2639.561s] GC(335) Archive regions: 0->0
[2022-03-13T03:36:12.621+0800][2639.561s] GC(335) Humongous regions: 30->30
[2022-03-13T03:36:12.621+0800][2639.561s] GC(335) Metaspace: 53838K(54144K)->53838K(54144K) NonClass: 47607K(47808K)->47607K(47808K) Class: 6230K(6336K)->6230K(6336K)
[2022-03-13T03:36:12.622+0800][2639.561s] GC(335) Pause Young (Prepare Mixed) (G1 Preventive Collection) 504M->497M(512M) 1.975ms
[2022-03-13T03:36:12.622+0800][2639.561s] GC(335) User=0.02s Sys=0.00s Real=0.00s
[2022-03-13T03:36:12.714+0800][2639.654s] GC(336) Pause Young (Mixed) (G1 Preventive Collection)
[2022-03-13T03:36:12.714+0800][2639.654s] GC(336) Using 8 workers of 8 for evacuation
[2022-03-13T03:36:12.716+0800][2639.655s] GC(336)   Pre Evacuate Collection Set: 0.1ms
[2022-03-13T03:36:12.716+0800][2639.655s] GC(336)   Merge Heap Roots: 0.2ms
[2022-03-13T03:36:12.716+0800][2639.655s] GC(336)   Evacuate Collection Set: 0.5ms
[2022-03-13T03:36:12.716+0800][2639.655s] GC(336)   Post Evacuate Collection Set: 0.3ms
[2022-03-13T03:36:12.716+0800][2639.655s] GC(336)   Other: 0.2ms
[2022-03-13T03:36:12.716+0800][2639.655s] GC(336) Eden regions: 6->0(24)
[2022-03-13T03:36:12.716+0800][2639.655s] GC(336) Survivor regions: 1->1(2)
[2022-03-13T03:36:12.716+0800][2639.655s] GC(336) Old regions: 473->472
[2022-03-13T03:36:12.716+0800][2639.655s] GC(336) Archive regions: 0->0
[2022-03-13T03:36:12.716+0800][2639.655s] GC(336) Humongous regions: 30->30
[2022-03-13T03:36:12.716+0800][2639.655s] GC(336) Metaspace: 53838K(54144K)->53838K(54144K) NonClass: 47607K(47808K)->47607K(47808K) Class: 6230K(6336K)->6230K(6336K)
[2022-03-13T03:36:12.716+0800][2639.655s] GC(336) Pause Young (Mixed) (G1 Preventive Collection) 503M->496M(512M) 1.423ms
[2022-03-13T03:36:12.716+0800][2639.655s] GC(336) User=0.09s Sys=0.00s Real=0.00s
[2022-03-13T03:36:12.819+0800][2639.758s] GC(337) Pause Young (Concurrent Start) (G1 Preventive Collection)
[2022-03-13T03:36:12.819+0800][2639.758s] GC(337) Using 8 workers of 8 for evacuation
[2022-03-13T03:36:12.820+0800][2639.760s] GC(337)   Pre Evacuate Collection Set: 0.1ms
[2022-03-13T03:36:12.820+0800][2639.760s] GC(337)   Merge Heap Roots: 0.0ms
[2022-03-13T03:36:12.820+0800][2639.760s] GC(337)   Evacuate Collection Set: 0.6ms
[2022-03-13T03:36:12.820+0800][2639.760s] GC(337)   Post Evacuate Collection Set: 0.4ms
[2022-03-13T03:36:12.820+0800][2639.760s] GC(337)   Other: 0.2ms
[2022-03-13T03:36:12.820+0800][2639.760s] GC(337) Eden regions: 8->0(24)
[2022-03-13T03:36:12.820+0800][2639.760s] GC(337) Survivor regions: 1->1(1)
[2022-03-13T03:36:12.820+0800][2639.760s] GC(337) Old regions: 472->472
[2022-03-13T03:36:12.820+0800][2639.760s] GC(337) Archive regions: 0->0
[2022-03-13T03:36:12.820+0800][2639.760s] GC(337) Humongous regions: 30->30
[2022-03-13T03:36:12.820+0800][2639.760s] GC(337) Metaspace: 53838K(54144K)->53838K(54144K) NonClass: 47607K(47808K)->47607K(47808K) Class: 6230K(6336K)->6230K(6336K)
[2022-03-13T03:36:12.820+0800][2639.760s] GC(337) Pause Young (Concurrent Start) (G1 Preventive Collection) 504M->496M(512M) 1.517ms
[2022-03-13T03:36:12.820+0800][2639.760s] GC(337) User=0.00s Sys=0.00s Real=0.00s
[2022-03-13T03:36:12.820+0800][2639.760s] GC(338) Concurrent Mark Cycle
[2022-03-13T03:36:12.820+0800][2639.760s] GC(338) Concurrent Clear Claimed Marks
[2022-03-13T03:36:12.820+0800][2639.760s] GC(338) Concurrent Clear Claimed Marks 0.040ms
[2022-03-13T03:36:12.820+0800][2639.760s] GC(338) Concurrent Scan Root Regions
[2022-03-13T03:36:12.821+0800][2639.761s] GC(338) Concurrent Scan Root Regions 0.831ms
[2022-03-13T03:36:12.821+0800][2639.761s] GC(338) Concurrent Mark
[2022-03-13T03:36:12.821+0800][2639.761s] GC(338) Concurrent Mark From Roots
[2022-03-13T03:36:12.821+0800][2639.761s] GC(338) Using 2 workers of 2 for marking
[2022-03-13T03:36:12.934+0800][2639.873s] GC(339) Pause Young (Normal) (G1 Preventive Collection)
[2022-03-13T03:36:12.934+0800][2639.873s] GC(339) Using 8 workers of 8 for evacuation
[2022-03-13T03:36:12.935+0800][2639.874s] GC(339)   Pre Evacuate Collection Set: 0.1ms
[2022-03-13T03:36:12.935+0800][2639.874s] GC(339)   Merge Heap Roots: 0.0ms
[2022-03-13T03:36:12.935+0800][2639.874s] GC(339)   Evacuate Collection Set: 0.4ms
[2022-03-13T03:36:12.935+0800][2639.874s] GC(339)   Post Evacuate Collection Set: 0.2ms
[2022-03-13T03:36:12.935+0800][2639.874s] GC(339)   Other: 0.1ms
[2022-03-13T03:36:12.935+0800][2639.874s] GC(339) Eden regions: 8->0(24)
[2022-03-13T03:36:12.935+0800][2639.874s] GC(339) Survivor regions: 1->1(1)
[2022-03-13T03:36:12.935+0800][2639.874s] GC(339) Old regions: 472->472
[2022-03-13T03:36:12.935+0800][2639.874s] GC(339) Archive regions: 0->0
[2022-03-13T03:36:12.935+0800][2639.874s] GC(339) Humongous regions: 30->30
[2022-03-13T03:36:12.935+0800][2639.874s] GC(339) Metaspace: 53838K(54144K)->53838K(54144K) NonClass: 47607K(47808K)->47607K(47808K) Class: 6230K(6336K)->6230K(6336K)
[2022-03-13T03:36:12.935+0800][2639.874s] GC(339) Pause Young (Normal) (G1 Preventive Collection) 504M->496M(512M) 1.059ms
[2022-03-13T03:36:12.935+0800][2639.874s] GC(339) User=0.08s Sys=0.00s Real=0.00s
[2022-03-13T03:36:13.074+0800][2640.014s] GC(340) Pause Young (Normal) (G1 Preventive Collection)
[2022-03-13T03:36:13.074+0800][2640.014s] GC(340) Using 8 workers of 8 for evacuation
[2022-03-13T03:36:13.075+0800][2640.015s] GC(340)   Pre Evacuate Collection Set: 0.1ms
[2022-03-13T03:36:13.075+0800][2640.015s] GC(340)   Merge Heap Roots: 0.1ms
[2022-03-13T03:36:13.075+0800][2640.015s] GC(340)   Evacuate Collection Set: 0.4ms
[2022-03-13T03:36:13.075+0800][2640.015s] GC(340)   Post Evacuate Collection Set: 0.3ms
[2022-03-13T03:36:13.075+0800][2640.015s] GC(340)   Other: 0.2ms
[2022-03-13T03:36:13.075+0800][2640.015s] GC(340) Eden regions: 8->0(24)
[2022-03-13T03:36:13.075+0800][2640.015s] GC(340) Survivor regions: 1->1(1)
[2022-03-13T03:36:13.075+0800][2640.015s] GC(340) Old regions: 472->472
[2022-03-13T03:36:13.075+0800][2640.015s] GC(340) Archive regions: 0->0
[2022-03-13T03:36:13.075+0800][2640.015s] GC(340) Humongous regions: 30->30
[2022-03-13T03:36:13.075+0800][2640.015s] GC(340) Metaspace: 53838K(54144K)->53838K(54144K) NonClass: 47607K(47808K)->47607K(47808K) Class: 6230K(6336K)->6230K(6336K)
[2022-03-13T03:36:13.075+0800][2640.015s] GC(340) Pause Young (Normal) (G1 Preventive Collection) 504M->496M(512M) 1.336ms
[2022-03-13T03:36:13.075+0800][2640.015s] GC(340) User=0.11s Sys=0.00s Real=0.00s
[2022-03-13T03:36:13.202+0800][2640.142s] GC(341) Pause Young (Normal) (G1 Preventive Collection)
[2022-03-13T03:36:13.203+0800][2640.142s] GC(341) Using 8 workers of 8 for evacuation
[2022-03-13T03:36:13.204+0800][2640.143s] GC(341)   Pre Evacuate Collection Set: 0.1ms
[2022-03-13T03:36:13.204+0800][2640.143s] GC(341)   Merge Heap Roots: 0.0ms
[2022-03-13T03:36:13.204+0800][2640.143s] GC(341)   Evacuate Collection Set: 0.3ms
[2022-03-13T03:36:13.204+0800][2640.143s] GC(341)   Post Evacuate Collection Set: 0.2ms
[2022-03-13T03:36:13.204+0800][2640.143s] GC(341)   Other: 0.2ms
[2022-03-13T03:36:13.204+0800][2640.143s] GC(341) Eden regions: 8->0(24)
[2022-03-13T03:36:13.204+0800][2640.143s] GC(341) Survivor regions: 1->1(1)
[2022-03-13T03:36:13.204+0800][2640.143s] GC(341) Old regions: 472->472
[2022-03-13T03:36:13.204+0800][2640.143s] GC(341) Archive regions: 0->0
[2022-03-13T03:36:13.204+0800][2640.143s] GC(341) Humongous regions: 30->30
[2022-03-13T03:36:13.204+0800][2640.143s] GC(341) Metaspace: 53838K(54144K)->53838K(54144K) NonClass: 47607K(47808K)->47607K(47808K) Class: 6230K(6336K)->6230K(6336K)
[2022-03-13T03:36:13.204+0800][2640.143s] GC(341) Pause Young (Normal) (G1 Preventive Collection) 504M->496M(512M) 0.860ms
[2022-03-13T03:36:13.204+0800][2640.143s] GC(341) User=0.00s Sys=0.00s Real=0.00s
[2022-03-13T03:36:13.329+0800][2640.269s] GC(342) Pause Young (Normal) (G1 Preventive Collection)
[2022-03-13T03:36:13.329+0800][2640.269s] GC(342) Using 8 workers of 8 for evacuation
[2022-03-13T03:36:13.330+0800][2640.270s] GC(342)   Pre Evacuate Collection Set: 0.0ms
[2022-03-13T03:36:13.330+0800][2640.270s] GC(342)   Merge Heap Roots: 0.0ms
[2022-03-13T03:36:13.330+0800][2640.270s] GC(342)   Evacuate Collection Set: 0.2ms
[2022-03-13T03:36:13.330+0800][2640.270s] GC(342)   Post Evacuate Collection Set: 0.2ms
[2022-03-13T03:36:13.330+0800][2640.270s] GC(342)   Other: 0.1ms
[2022-03-13T03:36:13.330+0800][2640.270s] GC(342) Eden regions: 8->0(24)
[2022-03-13T03:36:13.330+0800][2640.270s] GC(342) Survivor regions: 1->1(1)
[2022-03-13T03:36:13.330+0800][2640.270s] GC(342) Old regions: 472->472
[2022-03-13T03:36:13.330+0800][2640.270s] GC(342) Archive regions: 0->0
[2022-03-13T03:36:13.330+0800][2640.270s] GC(342) Humongous regions: 30->30
[2022-03-13T03:36:13.330+0800][2640.270s] GC(342) Metaspace: 53838K(54144K)->53838K(54144K) NonClass: 47607K(47808K)->47607K(47808K) Class: 6230K(6336K)->6230K(6336K)
[2022-03-13T03:36:13.330+0800][2640.270s] GC(342) Pause Young (Normal) (G1 Preventive Collection) 504M->496M(512M) 0.889ms
[2022-03-13T03:36:13.330+0800][2640.270s] GC(342) User=0.00s Sys=0.00s Real=0.00s
[2022-03-13T03:36:13.456+0800][2640.396s] GC(343) Pause Young (Normal) (G1 Preventive Collection)
[2022-03-13T03:36:13.456+0800][2640.396s] GC(343) Using 8 workers of 8 for evacuation
[2022-03-13T03:36:13.457+0800][2640.397s] GC(343)   Pre Evacuate Collection Set: 0.1ms
[2022-03-13T03:36:13.457+0800][2640.397s] GC(343)   Merge Heap Roots: 0.0ms
[2022-03-13T03:36:13.457+0800][2640.397s] GC(343)   Evacuate Collection Set: 0.3ms
[2022-03-13T03:36:13.457+0800][2640.397s] GC(343)   Post Evacuate Collection Set: 0.3ms
[2022-03-13T03:36:13.458+0800][2640.397s] GC(343)   Other: 0.3ms
[2022-03-13T03:36:13.458+0800][2640.397s] GC(343) Eden regions: 8->0(24)
[2022-03-13T03:36:13.458+0800][2640.397s] GC(343) Survivor regions: 1->1(1)
[2022-03-13T03:36:13.458+0800][2640.397s] GC(343) Old regions: 472->472
[2022-03-13T03:36:13.458+0800][2640.397s] GC(343) Archive regions: 0->0
[2022-03-13T03:36:13.458+0800][2640.397s] GC(343) Humongous regions: 30->30
[2022-03-13T03:36:13.458+0800][2640.397s] GC(343) Metaspace: 53838K(54144K)->53838K(54144K) NonClass: 47607K(47808K)->47607K(47808K) Class: 6230K(6336K)->6230K(6336K)
[2022-03-13T03:36:13.458+0800][2640.397s] GC(343) Pause Young (Normal) (G1 Preventive Collection) 504M->496M(512M) 1.323ms
[2022-03-13T03:36:13.458+0800][2640.397s] GC(343) User=0.00s Sys=0.00s Real=0.00s
[2022-03-13T03:36:13.577+0800][2640.516s] GC(344) Pause Young (Normal) (G1 Preventive Collection)
[2022-03-13T03:36:13.577+0800][2640.516s] GC(344) Using 8 workers of 8 for evacuation
[2022-03-13T03:36:13.577+0800][2640.517s] GC(344)   Pre Evacuate Collection Set: 0.1ms
[2022-03-13T03:36:13.577+0800][2640.517s] GC(344)   Merge Heap Roots: 0.1ms
[2022-03-13T03:36:13.577+0800][2640.517s] GC(344)   Evacuate Collection Set: 0.3ms
[2022-03-13T03:36:13.577+0800][2640.517s] GC(344)   Post Evacuate Collection Set: 0.3ms
[2022-03-13T03:36:13.577+0800][2640.517s] GC(344)   Other: 0.2ms
[2022-03-13T03:36:13.577+0800][2640.517s] GC(344) Eden regions: 8->0(24)
[2022-03-13T03:36:13.577+0800][2640.517s] GC(344) Survivor regions: 1->1(1)
[2022-03-13T03:36:13.577+0800][2640.517s] GC(344) Old regions: 472->472
[2022-03-13T03:36:13.577+0800][2640.517s] GC(344) Archive regions: 0->0
[2022-03-13T03:36:13.577+0800][2640.517s] GC(344) Humongous regions: 30->30
[2022-03-13T03:36:13.577+0800][2640.517s] GC(344) Metaspace: 53838K(54144K)->53838K(54144K) NonClass: 47607K(47808K)->47607K(47808K) Class: 6230K(6336K)->6230K(6336K)
[2022-03-13T03:36:13.578+0800][2640.517s] GC(344) Pause Young (Normal) (G1 Preventive Collection) 504M->496M(512M) 1.061ms
[2022-03-13T03:36:13.578+0800][2640.517s] GC(344) User=0.00s Sys=0.00s Real=0.00s
[2022-03-13T03:36:13.587+0800][2640.526s] GC(338) Concurrent Mark From Roots 765.017ms
[2022-03-13T03:36:13.587+0800][2640.526s] GC(338) Concurrent Preclean
[2022-03-13T03:36:13.587+0800][2640.526s] GC(338) Concurrent Preclean 0.139ms
[2022-03-13T03:36:13.587+0800][2640.526s] GC(338) Pause Remark
[2022-03-13T03:36:13.590+0800][2640.529s] GC(338) Pause Remark 497M->497M(512M) 3.125ms
[2022-03-13T03:36:13.590+0800][2640.530s] GC(338) User=0.00s Sys=0.00s Real=0.00s
[2022-03-13T03:36:13.590+0800][2640.530s] GC(338) Concurrent Mark 768.557ms
[2022-03-13T03:36:13.590+0800][2640.530s] GC(338) Concurrent Rebuild Remembered Sets
[2022-03-13T03:36:13.709+0800][2640.649s] GC(345) Pause Young (Normal) (G1 Preventive Collection)
[2022-03-13T03:36:13.709+0800][2640.649s] GC(345) Using 8 workers of 8 for evacuation
[2022-03-13T03:36:13.710+0800][2640.649s] GC(345)   Pre Evacuate Collection Set: 0.1ms
[2022-03-13T03:36:13.710+0800][2640.650s] GC(345)   Merge Heap Roots: 0.0ms
[2022-03-13T03:36:13.710+0800][2640.650s] GC(345)   Evacuate Collection Set: 0.3ms
[2022-03-13T03:36:13.710+0800][2640.650s] GC(345)   Post Evacuate Collection Set: 0.2ms
[2022-03-13T03:36:13.710+0800][2640.650s] GC(345)   Other: 0.3ms
[2022-03-13T03:36:13.710+0800][2640.650s] GC(345) Eden regions: 8->0(24)
[2022-03-13T03:36:13.710+0800][2640.650s] GC(345) Survivor regions: 1->1(1)
[2022-03-13T03:36:13.710+0800][2640.650s] GC(345) Old regions: 472->472
[2022-03-13T03:36:13.710+0800][2640.650s] GC(345) Archive regions: 0->0
[2022-03-13T03:36:13.710+0800][2640.650s] GC(345) Humongous regions: 30->30
[2022-03-13T03:36:13.710+0800][2640.650s] GC(345) Metaspace: 53838K(54144K)->53838K(54144K) NonClass: 47607K(47808K)->47607K(47808K) Class: 6230K(6336K)->6230K(6336K)
[2022-03-13T03:36:13.710+0800][2640.650s] GC(345) Pause Young (Normal) (G1 Preventive Collection) 504M->496M(512M) 1.242ms
[2022-03-13T03:36:13.710+0800][2640.650s] GC(345) User=0.00s Sys=0.00s Real=0.00s
[2022-03-13T03:36:13.834+0800][2640.773s] GC(346) Pause Young (Normal) (G1 Preventive Collection)
[2022-03-13T03:36:13.834+0800][2640.773s] GC(346) Using 8 workers of 8 for evacuation
[2022-03-13T03:36:13.834+0800][2640.774s] GC(346)   Pre Evacuate Collection Set: 0.0ms
[2022-03-13T03:36:13.834+0800][2640.774s] GC(346)   Merge Heap Roots: 0.0ms
[2022-03-13T03:36:13.834+0800][2640.774s] GC(346)   Evacuate Collection Set: 0.3ms
[2022-03-13T03:36:13.834+0800][2640.774s] GC(346)   Post Evacuate Collection Set: 0.2ms
[2022-03-13T03:36:13.834+0800][2640.774s] GC(346)   Other: 0.1ms
[2022-03-13T03:36:13.834+0800][2640.774s] GC(346) Eden regions: 8->0(24)
[2022-03-13T03:36:13.834+0800][2640.774s] GC(346) Survivor regions: 1->1(1)
[2022-03-13T03:36:13.834+0800][2640.774s] GC(346) Old regions: 472->472
[2022-03-13T03:36:13.834+0800][2640.774s] GC(346) Archive regions: 0->0
[2022-03-13T03:36:13.834+0800][2640.774s] GC(346) Humongous regions: 30->30
[2022-03-13T03:36:13.834+0800][2640.774s] GC(346) Metaspace: 53838K(54144K)->53838K(54144K) NonClass: 47607K(47808K)->47607K(47808K) Class: 6230K(6336K)->6230K(6336K)
[2022-03-13T03:36:13.834+0800][2640.774s] GC(346) Pause Young (Normal) (G1 Preventive Collection) 504M->496M(512M) 0.806ms
[2022-03-13T03:36:13.834+0800][2640.774s] GC(346) User=0.00s Sys=0.00s Real=0.00s
[2022-03-13T03:36:13.951+0800][2640.891s] GC(347) Pause Young (Normal) (G1 Preventive Collection)
[2022-03-13T03:36:13.951+0800][2640.891s] GC(347) Using 8 workers of 8 for evacuation
[2022-03-13T03:36:13.953+0800][2640.892s] GC(347)   Pre Evacuate Collection Set: 0.1ms
[2022-03-13T03:36:13.953+0800][2640.892s] GC(347)   Merge Heap Roots: 0.0ms
[2022-03-13T03:36:13.953+0800][2640.892s] GC(347)   Evacuate Collection Set: 0.4ms
[2022-03-13T03:36:13.953+0800][2640.892s] GC(347)   Post Evacuate Collection Set: 0.3ms
[2022-03-13T03:36:13.953+0800][2640.892s] GC(347)   Other: 0.2ms
[2022-03-13T03:36:13.953+0800][2640.892s] GC(347) Eden regions: 8->0(24)
[2022-03-13T03:36:13.953+0800][2640.892s] GC(347) Survivor regions: 1->1(1)
[2022-03-13T03:36:13.953+0800][2640.892s] GC(347) Old regions: 472->472
[2022-03-13T03:36:13.953+0800][2640.892s] GC(347) Archive regions: 0->0
[2022-03-13T03:36:13.953+0800][2640.892s] GC(347) Humongous regions: 30->30
[2022-03-13T03:36:13.953+0800][2640.893s] GC(347) Metaspace: 53838K(54144K)->53838K(54144K) NonClass: 47607K(47808K)->47607K(47808K) Class: 6230K(6336K)->6230K(6336K)
[2022-03-13T03:36:13.953+0800][2640.893s] GC(347) Pause Young (Normal) (G1 Preventive Collection) 504M->496M(512M) 1.196ms
[2022-03-13T03:36:13.953+0800][2640.893s] GC(347) User=0.00s Sys=0.00s Real=0.00s
[2022-03-13T03:36:13.954+0800][2640.895s] GC(338) Concurrent Rebuild Remembered Sets 364.926ms
[2022-03-13T03:36:13.955+0800][2640.895s] GC(338) Pause Cleanup
[2022-03-13T03:36:13.955+0800][2640.895s] GC(338) Pause Cleanup 496M->496M(512M) 0.143ms
[2022-03-13T03:36:13.955+0800][2640.895s] GC(338) User=0.00s Sys=0.00s Real=0.00s
[2022-03-13T03:36:13.955+0800][2640.895s] GC(338) Concurrent Cleanup for Next Mark
[2022-03-13T03:36:13.955+0800][2640.895s] GC(338) Concurrent Cleanup for Next Mark 0.329ms
[2022-03-13T03:36:13.955+0800][2640.895s] GC(338) Concurrent Mark Cycle 1135.342ms
[2022-03-13T03:36:14.075+0800][2641.015s] GC(348) Pause Young (Normal) (G1 Preventive Collection)
[2022-03-13T03:36:14.075+0800][2641.015s] GC(348) Using 8 workers of 8 for evacuation
[2022-03-13T03:36:14.076+0800][2641.015s] GC(348)   Pre Evacuate Collection Set: 0.1ms
[2022-03-13T03:36:14.076+0800][2641.016s] GC(348)   Merge Heap Roots: 0.1ms
[2022-03-13T03:36:14.076+0800][2641.016s] GC(348)   Evacuate Collection Set: 0.3ms
[2022-03-13T03:36:14.076+0800][2641.016s] GC(348)   Post Evacuate Collection Set: 0.3ms
[2022-03-13T03:36:14.076+0800][2641.016s] GC(348)   Other: 0.2ms
[2022-03-13T03:36:14.076+0800][2641.016s] GC(348) Eden regions: 8->0(24)
[2022-03-13T03:36:14.076+0800][2641.016s] GC(348) Survivor regions: 1->1(1)
[2022-03-13T03:36:14.076+0800][2641.016s] GC(348) Old regions: 472->472
[2022-03-13T03:36:14.076+0800][2641.016s] GC(348) Archive regions: 0->0
[2022-03-13T03:36:14.076+0800][2641.016s] GC(348) Humongous regions: 30->30
[2022-03-13T03:36:14.076+0800][2641.016s] GC(348) Metaspace: 53839K(54144K)->53839K(54144K) NonClass: 47608K(47808K)->47608K(47808K) Class: 6230K(6336K)->6230K(6336K)
[2022-03-13T03:36:14.076+0800][2641.016s] GC(348) Pause Young (Normal) (G1 Preventive Collection) 504M->496M(512M) 1.063ms
[2022-03-13T03:36:14.076+0800][2641.016s] GC(348) User=0.08s Sys=0.00s Real=0.00s
[2022-03-13T03:36:45.496+0800][2672.436s] GC(349) Pause Young (Concurrent Start) (G1 Preventive Collection)
[2022-03-13T03:36:45.496+0800][2672.436s] GC(349) Using 8 workers of 8 for evacuation
[2022-03-13T03:36:45.498+0800][2672.437s] GC(349)   Pre Evacuate Collection Set: 0.1ms
[2022-03-13T03:36:45.498+0800][2672.437s] GC(349)   Merge Heap Roots: 0.1ms
[2022-03-13T03:36:45.498+0800][2672.438s] GC(349)   Evacuate Collection Set: 0.8ms
[2022-03-13T03:36:45.498+0800][2672.438s] GC(349)   Post Evacuate Collection Set: 0.3ms
[2022-03-13T03:36:45.498+0800][2672.438s] GC(349)   Other: 0.3ms
[2022-03-13T03:36:45.498+0800][2672.438s] GC(349) Eden regions: 8->0(24)
[2022-03-13T03:36:45.498+0800][2672.438s] GC(349) Survivor regions: 1->1(1)
[2022-03-13T03:36:45.498+0800][2672.438s] GC(349) Old regions: 472->472
[2022-03-13T03:36:45.498+0800][2672.438s] GC(349) Archive regions: 0->0
[2022-03-13T03:36:45.498+0800][2672.438s] GC(349) Humongous regions: 30->30
[2022-03-13T03:36:45.498+0800][2672.438s] GC(349) Metaspace: 53843K(54144K)->53843K(54144K) NonClass: 47612K(47808K)->47612K(47808K) Class: 6230K(6336K)->6230K(6336K)
[2022-03-13T03:36:45.498+0800][2672.438s] GC(349) Pause Young (Concurrent Start) (G1 Preventive Collection) 504M->496M(512M) 1.813ms
[2022-03-13T03:36:45.498+0800][2672.438s] GC(349) User=0.02s Sys=0.00s Real=0.00s
[2022-03-13T03:36:45.498+0800][2672.438s] GC(350) Concurrent Mark Cycle
[2022-03-13T03:36:45.498+0800][2672.438s] GC(350) Concurrent Clear Claimed Marks
[2022-03-13T03:36:45.498+0800][2672.438s] GC(350) Concurrent Clear Claimed Marks 0.059ms
[2022-03-13T03:36:45.498+0800][2672.438s] GC(350) Concurrent Scan Root Regions
[2022-03-13T03:36:45.500+0800][2672.439s] GC(350) Concurrent Scan Root Regions 1.177ms
[2022-03-13T03:36:45.500+0800][2672.439s] GC(350) Concurrent Mark
[2022-03-13T03:36:45.500+0800][2672.439s] GC(350) Concurrent Mark From Roots
[2022-03-13T03:36:45.500+0800][2672.439s] GC(350) Using 2 workers of 2 for marking
[2022-03-13T03:36:46.350+0800][2673.291s] GC(350) Concurrent Mark From Roots 851.580ms
[2022-03-13T03:36:46.350+0800][2673.291s] GC(350) Concurrent Preclean
[2022-03-13T03:36:46.352+0800][2673.291s] GC(350) Concurrent Preclean 0.252ms
[2022-03-13T03:36:46.352+0800][2673.291s] GC(350) Pause Remark
[2022-03-13T03:36:46.355+0800][2673.294s] GC(350) Pause Remark 502M->502M(512M) 3.251ms
[2022-03-13T03:36:46.355+0800][2673.295s] GC(350) User=0.00s Sys=0.00s Real=0.00s
[2022-03-13T03:36:46.355+0800][2673.295s] GC(350) Concurrent Mark 855.562ms
[2022-03-13T03:36:46.355+0800][2673.295s] GC(350) Concurrent Rebuild Remembered Sets
[2022-03-13T03:36:46.748+0800][2673.689s] GC(350) Concurrent Rebuild Remembered Sets 393.792ms
[2022-03-13T03:36:46.749+0800][2673.689s] GC(350) Pause Cleanup
[2022-03-13T03:36:46.749+0800][2673.689s] GC(350) Pause Cleanup 502M->502M(512M) 0.154ms
[2022-03-13T03:36:46.749+0800][2673.689s] GC(350) User=0.00s Sys=0.00s Real=0.00s
[2022-03-13T03:36:46.749+0800][2673.689s] GC(350) Concurrent Cleanup for Next Mark
[2022-03-13T03:36:46.749+0800][2673.690s] GC(350) Concurrent Cleanup for Next Mark 0.534ms
[2022-03-13T03:36:46.749+0800][2673.690s] GC(350) Concurrent Mark Cycle 1251.840ms
[2022-03-13T03:37:18.993+0800][2705.933s] GC(351) Pause Young (Normal) (G1 Preventive Collection)
[2022-03-13T03:37:18.993+0800][2705.933s] GC(351) Using 8 workers of 8 for evacuation
[2022-03-13T03:37:18.994+0800][2705.933s] GC(351)   Pre Evacuate Collection Set: 0.1ms
[2022-03-13T03:37:18.994+0800][2705.933s] GC(351)   Merge Heap Roots: 0.1ms
[2022-03-13T03:37:18.994+0800][2705.933s] GC(351)   Evacuate Collection Set: 0.4ms
[2022-03-13T03:37:18.994+0800][2705.933s] GC(351)   Post Evacuate Collection Set: 0.3ms
[2022-03-13T03:37:18.994+0800][2705.934s] GC(351)   Other: 0.2ms
[2022-03-13T03:37:18.994+0800][2705.934s] GC(351) Eden regions: 8->0(24)
[2022-03-13T03:37:18.994+0800][2705.934s] GC(351) Survivor regions: 1->1(1)
[2022-03-13T03:37:18.994+0800][2705.934s] GC(351) Old regions: 472->472
[2022-03-13T03:37:18.994+0800][2705.934s] GC(351) Archive regions: 0->0
[2022-03-13T03:37:18.994+0800][2705.934s] GC(351) Humongous regions: 30->30
[2022-03-13T03:37:18.994+0800][2705.934s] GC(351) Metaspace: 53846K(54144K)->53846K(54144K) NonClass: 47615K(47808K)->47615K(47808K) Class: 6230K(6336K)->6230K(6336K)
[2022-03-13T03:37:18.994+0800][2705.934s] GC(351) Pause Young (Normal) (G1 Preventive Collection) 504M->496M(512M) 1.096ms
[2022-03-13T03:37:18.994+0800][2705.934s] GC(351) User=0.00s Sys=0.00s Real=0.00s
[2022-03-13T03:37:19.049+0800][2705.989s] GC(352) Pause Young (Concurrent Start) (G1 Preventive Collection)
[2022-03-13T03:37:19.050+0800][2705.989s] GC(352) Using 8 workers of 8 for evacuation
[2022-03-13T03:37:19.051+0800][2705.991s] GC(352)   Pre Evacuate Collection Set: 0.2ms
[2022-03-13T03:37:19.051+0800][2705.991s] GC(352)   Merge Heap Roots: 0.1ms
[2022-03-13T03:37:19.051+0800][2705.991s] GC(352)   Evacuate Collection Set: 0.6ms
[2022-03-13T03:37:19.051+0800][2705.991s] GC(352)   Post Evacuate Collection Set: 0.5ms
[2022-03-13T03:37:19.051+0800][2705.991s] GC(352)   Other: 0.1ms
[2022-03-13T03:37:19.051+0800][2705.991s] GC(352) Eden regions: 8->0(24)
[2022-03-13T03:37:19.051+0800][2705.991s] GC(352) Survivor regions: 1->1(1)
[2022-03-13T03:37:19.051+0800][2705.991s] GC(352) Old regions: 472->472
[2022-03-13T03:37:19.051+0800][2705.991s] GC(352) Archive regions: 0->0
[2022-03-13T03:37:19.051+0800][2705.991s] GC(352) Humongous regions: 30->30
[2022-03-13T03:37:19.051+0800][2705.991s] GC(352) Metaspace: 53846K(54144K)->53846K(54144K) NonClass: 47615K(47808K)->47615K(47808K) Class: 6230K(6336K)->6230K(6336K)
[2022-03-13T03:37:19.051+0800][2705.991s] GC(352) Pause Young (Concurrent Start) (G1 Preventive Collection) 504M->496M(512M) 1.548ms
[2022-03-13T03:37:19.051+0800][2705.991s] GC(352) User=0.00s Sys=0.00s Real=0.00s
[2022-03-13T03:37:19.051+0800][2705.991s] GC(353) Concurrent Mark Cycle
[2022-03-13T03:37:19.051+0800][2705.991s] GC(353) Concurrent Clear Claimed Marks
[2022-03-13T03:37:19.051+0800][2705.991s] GC(353) Concurrent Clear Claimed Marks 0.018ms
[2022-03-13T03:37:19.051+0800][2705.991s] GC(353) Concurrent Scan Root Regions
[2022-03-13T03:37:19.052+0800][2705.992s] GC(353) Concurrent Scan Root Regions 0.689ms
[2022-03-13T03:37:19.052+0800][2705.992s] GC(353) Concurrent Mark
[2022-03-13T03:37:19.052+0800][2705.992s] GC(353) Concurrent Mark From Roots
[2022-03-13T03:37:19.053+0800][2705.992s] GC(353) Using 2 workers of 2 for marking
[2022-03-13T03:37:19.126+0800][2706.066s] GC(354) Pause Young (Normal) (G1 Preventive Collection)
[2022-03-13T03:37:19.126+0800][2706.066s] GC(354) Using 8 workers of 8 for evacuation
[2022-03-13T03:37:19.128+0800][2706.067s] GC(354)   Pre Evacuate Collection Set: 0.1ms
[2022-03-13T03:37:19.128+0800][2706.067s] GC(354)   Merge Heap Roots: 0.1ms
[2022-03-13T03:37:19.128+0800][2706.067s] GC(354)   Evacuate Collection Set: 0.3ms
[2022-03-13T03:37:19.128+0800][2706.067s] GC(354)   Post Evacuate Collection Set: 0.5ms
[2022-03-13T03:37:19.128+0800][2706.067s] GC(354)   Other: 0.1ms
[2022-03-13T03:37:19.128+0800][2706.067s] GC(354) Eden regions: 8->0(24)
[2022-03-13T03:37:19.128+0800][2706.067s] GC(354) Survivor regions: 1->1(1)
[2022-03-13T03:37:19.128+0800][2706.067s] GC(354) Old regions: 472->472
[2022-03-13T03:37:19.128+0800][2706.067s] GC(354) Archive regions: 0->0
[2022-03-13T03:37:19.128+0800][2706.067s] GC(354) Humongous regions: 30->30
[2022-03-13T03:37:19.128+0800][2706.067s] GC(354) Metaspace: 53846K(54144K)->53846K(54144K) NonClass: 47615K(47808K)->47615K(47808K) Class: 6230K(6336K)->6230K(6336K)
[2022-03-13T03:37:19.128+0800][2706.067s] GC(354) Pause Young (Normal) (G1 Preventive Collection) 504M->496M(512M) 1.319ms
[2022-03-13T03:37:19.128+0800][2706.067s] GC(354) User=0.00s Sys=0.00s Real=0.00s
[2022-03-13T03:37:19.210+0800][2706.149s] GC(355) Pause Young (Normal) (G1 Preventive Collection)
[2022-03-13T03:37:19.210+0800][2706.149s] GC(355) Using 8 workers of 8 for evacuation
[2022-03-13T03:37:19.210+0800][2706.150s] GC(355)   Pre Evacuate Collection Set: 0.1ms
[2022-03-13T03:37:19.210+0800][2706.150s] GC(355)   Merge Heap Roots: 0.0ms
[2022-03-13T03:37:19.210+0800][2706.150s] GC(355)   Evacuate Collection Set: 0.3ms
[2022-03-13T03:37:19.210+0800][2706.150s] GC(355)   Post Evacuate Collection Set: 0.2ms
[2022-03-13T03:37:19.210+0800][2706.150s] GC(355)   Other: 0.1ms
[2022-03-13T03:37:19.210+0800][2706.150s] GC(355) Eden regions: 8->0(24)
[2022-03-13T03:37:19.210+0800][2706.150s] GC(355) Survivor regions: 1->1(1)
[2022-03-13T03:37:19.210+0800][2706.150s] GC(355) Old regions: 472->472
[2022-03-13T03:37:19.210+0800][2706.150s] GC(355) Archive regions: 0->0
[2022-03-13T03:37:19.210+0800][2706.150s] GC(355) Humongous regions: 30->30
[2022-03-13T03:37:19.210+0800][2706.150s] GC(355) Metaspace: 53846K(54144K)->53846K(54144K) NonClass: 47615K(47808K)->47615K(47808K) Class: 6230K(6336K)->6230K(6336K)
[2022-03-13T03:37:19.210+0800][2706.150s] GC(355) Pause Young (Normal) (G1 Preventive Collection) 504M->496M(512M) 0.884ms
[2022-03-13T03:37:19.210+0800][2706.150s] GC(355) User=0.00s Sys=0.00s Real=0.00s
[2022-03-13T03:37:19.555+0800][2706.495s] GC(353) Concurrent Mark From Roots 503.407ms
[2022-03-13T03:37:19.556+0800][2706.495s] GC(353) Concurrent Preclean
[2022-03-13T03:37:19.556+0800][2706.495s] GC(353) Concurrent Preclean 0.164ms
[2022-03-13T03:37:19.556+0800][2706.496s] GC(353) Pause Remark
[2022-03-13T03:37:19.558+0800][2706.498s] GC(353) Pause Remark 500M->500M(512M) 2.500ms
[2022-03-13T03:37:19.558+0800][2706.498s] GC(353) User=0.00s Sys=0.00s Real=0.00s
[2022-03-13T03:37:19.558+0800][2706.498s] GC(353) Concurrent Mark 506.349ms
[2022-03-13T03:37:19.558+0800][2706.498s] GC(353) Concurrent Rebuild Remembered Sets
[2022-03-13T03:37:19.844+0800][2706.784s] GC(353) Concurrent Rebuild Remembered Sets 285.540ms
[2022-03-13T03:37:19.845+0800][2706.784s] GC(353) Pause Cleanup
[2022-03-13T03:37:19.845+0800][2706.784s] GC(353) Pause Cleanup 500M->500M(512M) 0.206ms
[2022-03-13T03:37:19.845+0800][2706.784s] GC(353) User=0.00s Sys=0.00s Real=0.00s
[2022-03-13T03:37:19.845+0800][2706.784s] GC(353) Concurrent Cleanup for Next Mark
[2022-03-13T03:37:19.845+0800][2706.785s] GC(353) Concurrent Cleanup for Next Mark 0.820ms
[2022-03-13T03:37:19.845+0800][2706.785s] GC(353) Concurrent Mark Cycle 793.988ms
[2022-03-13T03:37:31.558+0800][2718.498s] GC(356) Pause Young (Normal) (G1 Preventive Collection)
[2022-03-13T03:37:31.558+0800][2718.498s] GC(356) Using 8 workers of 8 for evacuation
[2022-03-13T03:37:31.559+0800][2718.499s] GC(356)   Pre Evacuate Collection Set: 0.1ms
[2022-03-13T03:37:31.559+0800][2718.499s] GC(356)   Merge Heap Roots: 0.1ms
[2022-03-13T03:37:31.559+0800][2718.499s] GC(356)   Evacuate Collection Set: 0.3ms
[2022-03-13T03:37:31.559+0800][2718.499s] GC(356)   Post Evacuate Collection Set: 0.4ms
[2022-03-13T03:37:31.559+0800][2718.499s] GC(356)   Other: 0.1ms
[2022-03-13T03:37:31.559+0800][2718.499s] GC(356) Eden regions: 8->0(24)
[2022-03-13T03:37:31.559+0800][2718.499s] GC(356) Survivor regions: 1->1(1)
[2022-03-13T03:37:31.559+0800][2718.499s] GC(356) Old regions: 472->472
[2022-03-13T03:37:31.559+0800][2718.499s] GC(356) Archive regions: 0->0
[2022-03-13T03:37:31.559+0800][2718.499s] GC(356) Humongous regions: 30->30
[2022-03-13T03:37:31.559+0800][2718.499s] GC(356) Metaspace: 53856K(54144K)->53856K(54144K) NonClass: 47625K(47808K)->47625K(47808K) Class: 6231K(6336K)->6231K(6336K)
[2022-03-13T03:37:31.559+0800][2718.499s] GC(356) Pause Young (Normal) (G1 Preventive Collection) 504M->496M(512M) 1.139ms
[2022-03-13T03:37:31.559+0800][2718.499s] GC(356) User=0.09s Sys=0.00s Real=0.00s
[2022-03-13T03:37:31.618+0800][2718.558s] GC(357) Pause Young (Concurrent Start) (G1 Preventive Collection)
[2022-03-13T03:37:31.618+0800][2718.558s] GC(357) Using 8 workers of 8 for evacuation
[2022-03-13T03:37:31.620+0800][2718.559s] GC(357)   Pre Evacuate Collection Set: 0.2ms
[2022-03-13T03:37:31.620+0800][2718.559s] GC(357)   Merge Heap Roots: 0.0ms
[2022-03-13T03:37:31.620+0800][2718.559s] GC(357)   Evacuate Collection Set: 0.6ms
[2022-03-13T03:37:31.620+0800][2718.559s] GC(357)   Post Evacuate Collection Set: 0.4ms
[2022-03-13T03:37:31.620+0800][2718.559s] GC(357)   Other: 0.2ms
[2022-03-13T03:37:31.620+0800][2718.559s] GC(357) Eden regions: 8->0(24)
[2022-03-13T03:37:31.620+0800][2718.559s] GC(357) Survivor regions: 1->1(1)
[2022-03-13T03:37:31.620+0800][2718.559s] GC(357) Old regions: 472->472
[2022-03-13T03:37:31.620+0800][2718.559s] GC(357) Archive regions: 0->0
[2022-03-13T03:37:31.620+0800][2718.559s] GC(357) Humongous regions: 30->30
[2022-03-13T03:37:31.620+0800][2718.559s] GC(357) Metaspace: 53856K(54144K)->53856K(54144K) NonClass: 47625K(47808K)->47625K(47808K) Class: 6231K(6336K)->6231K(6336K)
[2022-03-13T03:37:31.620+0800][2718.559s] GC(357) Pause Young (Concurrent Start) (G1 Preventive Collection) 504M->496M(512M) 1.518ms
[2022-03-13T03:37:31.620+0800][2718.559s] GC(357) User=0.00s Sys=0.00s Real=0.00s
[2022-03-13T03:37:31.620+0800][2718.559s] GC(358) Concurrent Mark Cycle
[2022-03-13T03:37:31.620+0800][2718.559s] GC(358) Concurrent Clear Claimed Marks
[2022-03-13T03:37:31.620+0800][2718.559s] GC(358) Concurrent Clear Claimed Marks 0.021ms
[2022-03-13T03:37:31.620+0800][2718.559s] GC(358) Concurrent Scan Root Regions
[2022-03-13T03:37:31.620+0800][2718.560s] GC(358) Concurrent Scan Root Regions 0.809ms
[2022-03-13T03:37:31.620+0800][2718.560s] GC(358) Concurrent Mark
[2022-03-13T03:37:31.620+0800][2718.560s] GC(358) Concurrent Mark From Roots
[2022-03-13T03:37:31.620+0800][2718.560s] GC(358) Using 2 workers of 2 for marking
[2022-03-13T03:37:31.689+0800][2718.629s] GC(359) Pause Young (Normal) (G1 Preventive Collection)
[2022-03-13T03:37:31.689+0800][2718.629s] GC(359) Using 8 workers of 8 for evacuation
[2022-03-13T03:37:31.691+0800][2718.630s] GC(359)   Pre Evacuate Collection Set: 0.2ms
[2022-03-13T03:37:31.691+0800][2718.630s] GC(359)   Merge Heap Roots: 0.1ms
[2022-03-13T03:37:31.691+0800][2718.630s] GC(359)   Evacuate Collection Set: 0.3ms
[2022-03-13T03:37:31.691+0800][2718.630s] GC(359)   Post Evacuate Collection Set: 0.5ms
[2022-03-13T03:37:31.691+0800][2718.630s] GC(359)   Other: 0.1ms
[2022-03-13T03:37:31.691+0800][2718.630s] GC(359) Eden regions: 8->0(24)
[2022-03-13T03:37:31.691+0800][2718.630s] GC(359) Survivor regions: 1->1(1)
[2022-03-13T03:37:31.691+0800][2718.630s] GC(359) Old regions: 472->472
[2022-03-13T03:37:31.691+0800][2718.630s] GC(359) Archive regions: 0->0
[2022-03-13T03:37:31.691+0800][2718.630s] GC(359) Humongous regions: 30->30
[2022-03-13T03:37:31.691+0800][2718.630s] GC(359) Metaspace: 53856K(54144K)->53856K(54144K) NonClass: 47625K(47808K)->47625K(47808K) Class: 6231K(6336K)->6231K(6336K)
[2022-03-13T03:37:31.691+0800][2718.630s] GC(359) Pause Young (Normal) (G1 Preventive Collection) 504M->496M(512M) 1.281ms
[2022-03-13T03:37:31.691+0800][2718.630s] GC(359) User=0.00s Sys=0.00s Real=0.00s
[2022-03-13T03:37:31.763+0800][2718.703s] GC(360) Pause Young (Normal) (G1 Preventive Collection)
[2022-03-13T03:37:31.763+0800][2718.703s] GC(360) Using 8 workers of 8 for evacuation
[2022-03-13T03:37:31.764+0800][2718.704s] GC(360)   Pre Evacuate Collection Set: 0.1ms
[2022-03-13T03:37:31.764+0800][2718.704s] GC(360)   Merge Heap Roots: 0.1ms
[2022-03-13T03:37:31.764+0800][2718.704s] GC(360)   Evacuate Collection Set: 0.3ms
[2022-03-13T03:37:31.764+0800][2718.704s] GC(360)   Post Evacuate Collection Set: 0.2ms
[2022-03-13T03:37:31.764+0800][2718.704s] GC(360)   Other: 0.1ms
[2022-03-13T03:37:31.764+0800][2718.704s] GC(360) Eden regions: 8->0(24)
[2022-03-13T03:37:31.764+0800][2718.704s] GC(360) Survivor regions: 1->1(1)
[2022-03-13T03:37:31.764+0800][2718.704s] GC(360) Old regions: 472->472
[2022-03-13T03:37:31.764+0800][2718.704s] GC(360) Archive regions: 0->0
[2022-03-13T03:37:31.764+0800][2718.704s] GC(360) Humongous regions: 30->30
[2022-03-13T03:37:31.764+0800][2718.704s] GC(360) Metaspace: 53856K(54144K)->53856K(54144K) NonClass: 47625K(47808K)->47625K(47808K) Class: 6231K(6336K)->6231K(6336K)
[2022-03-13T03:37:31.764+0800][2718.704s] GC(360) Pause Young (Normal) (G1 Preventive Collection) 504M->496M(512M) 0.935ms
[2022-03-13T03:37:31.764+0800][2718.704s] GC(360) User=0.00s Sys=0.00s Real=0.00s
[2022-03-13T03:37:31.835+0800][2718.775s] GC(361) Pause Young (Normal) (G1 Preventive Collection)
[2022-03-13T03:37:31.835+0800][2718.775s] GC(361) Using 8 workers of 8 for evacuation
[2022-03-13T03:37:31.836+0800][2718.776s] GC(361)   Pre Evacuate Collection Set: 0.0ms
[2022-03-13T03:37:31.836+0800][2718.776s] GC(361)   Merge Heap Roots: 0.0ms
[2022-03-13T03:37:31.836+0800][2718.776s] GC(361)   Evacuate Collection Set: 0.3ms
[2022-03-13T03:37:31.836+0800][2718.776s] GC(361)   Post Evacuate Collection Set: 0.2ms
[2022-03-13T03:37:31.836+0800][2718.776s] GC(361)   Other: 0.1ms
[2022-03-13T03:37:31.836+0800][2718.776s] GC(361) Eden regions: 8->0(24)
[2022-03-13T03:37:31.836+0800][2718.776s] GC(361) Survivor regions: 1->1(1)
[2022-03-13T03:37:31.836+0800][2718.776s] GC(361) Old regions: 472->472
[2022-03-13T03:37:31.836+0800][2718.776s] GC(361) Archive regions: 0->0
[2022-03-13T03:37:31.836+0800][2718.776s] GC(361) Humongous regions: 30->30
[2022-03-13T03:37:31.836+0800][2718.776s] GC(361) Metaspace: 53856K(54144K)->53856K(54144K) NonClass: 47625K(47808K)->47625K(47808K) Class: 6231K(6336K)->6231K(6336K)
[2022-03-13T03:37:31.836+0800][2718.776s] GC(361) Pause Young (Normal) (G1 Preventive Collection) 504M->496M(512M) 0.815ms
[2022-03-13T03:37:31.836+0800][2718.776s] GC(361) User=0.00s Sys=0.00s Real=0.00s
[2022-03-13T03:37:31.910+0800][2718.849s] GC(362) Pause Young (Normal) (G1 Preventive Collection)
[2022-03-13T03:37:31.910+0800][2718.849s] GC(362) Using 8 workers of 8 for evacuation
[2022-03-13T03:37:31.911+0800][2718.850s] GC(362)   Pre Evacuate Collection Set: 0.1ms
[2022-03-13T03:37:31.911+0800][2718.850s] GC(362)   Merge Heap Roots: 0.0ms
[2022-03-13T03:37:31.911+0800][2718.850s] GC(362)   Evacuate Collection Set: 0.5ms
[2022-03-13T03:37:31.911+0800][2718.850s] GC(362)   Post Evacuate Collection Set: 0.3ms
[2022-03-13T03:37:31.911+0800][2718.850s] GC(362)   Other: 0.1ms
[2022-03-13T03:37:31.911+0800][2718.850s] GC(362) Eden regions: 8->0(24)
[2022-03-13T03:37:31.911+0800][2718.850s] GC(362) Survivor regions: 1->1(1)
[2022-03-13T03:37:31.911+0800][2718.850s] GC(362) Old regions: 472->472
[2022-03-13T03:37:31.911+0800][2718.850s] GC(362) Archive regions: 0->0
[2022-03-13T03:37:31.911+0800][2718.850s] GC(362) Humongous regions: 30->30
[2022-03-13T03:37:31.911+0800][2718.850s] GC(362) Metaspace: 53856K(54144K)->53856K(54144K) NonClass: 47625K(47808K)->47625K(47808K) Class: 6231K(6336K)->6231K(6336K)
[2022-03-13T03:37:31.911+0800][2718.851s] GC(362) Pause Young (Normal) (G1 Preventive Collection) 504M->496M(512M) 1.312ms
[2022-03-13T03:37:31.911+0800][2718.851s] GC(362) User=0.00s Sys=0.00s Real=0.00s
[2022-03-13T03:37:31.992+0800][2718.931s] GC(363) Pause Young (Normal) (G1 Preventive Collection)
[2022-03-13T03:37:31.992+0800][2718.931s] GC(363) Using 8 workers of 8 for evacuation
[2022-03-13T03:37:31.993+0800][2718.932s] GC(363)   Pre Evacuate Collection Set: 0.1ms
[2022-03-13T03:37:31.993+0800][2718.932s] GC(363)   Merge Heap Roots: 0.0ms
[2022-03-13T03:37:31.993+0800][2718.932s] GC(363)   Evacuate Collection Set: 0.3ms
[2022-03-13T03:37:31.993+0800][2718.932s] GC(363)   Post Evacuate Collection Set: 0.2ms
[2022-03-13T03:37:31.993+0800][2718.932s] GC(363)   Other: 0.1ms
[2022-03-13T03:37:31.993+0800][2718.932s] GC(363) Eden regions: 8->0(24)
[2022-03-13T03:37:31.993+0800][2718.932s] GC(363) Survivor regions: 1->1(1)
[2022-03-13T03:37:31.993+0800][2718.932s] GC(363) Old regions: 472->472
[2022-03-13T03:37:31.993+0800][2718.932s] GC(363) Archive regions: 0->0
[2022-03-13T03:37:31.993+0800][2718.932s] GC(363) Humongous regions: 30->30
[2022-03-13T03:37:31.993+0800][2718.932s] GC(363) Metaspace: 53856K(54144K)->53856K(54144K) NonClass: 47625K(47808K)->47625K(47808K) Class: 6231K(6336K)->6231K(6336K)
[2022-03-13T03:37:31.993+0800][2718.932s] GC(363) Pause Young (Normal) (G1 Preventive Collection) 504M->496M(512M) 0.833ms
[2022-03-13T03:37:31.993+0800][2718.932s] GC(363) User=0.00s Sys=0.00s Real=0.00s
[2022-03-13T03:37:32.069+0800][2719.009s] GC(364) Pause Young (Normal) (G1 Preventive Collection)
[2022-03-13T03:37:32.069+0800][2719.009s] GC(364) Using 8 workers of 8 for evacuation
[2022-03-13T03:37:32.069+0800][2719.009s] GC(364)   Pre Evacuate Collection Set: 0.0ms
[2022-03-13T03:37:32.069+0800][2719.009s] GC(364)   Merge Heap Roots: 0.0ms
[2022-03-13T03:37:32.069+0800][2719.009s] GC(364)   Evacuate Collection Set: 0.3ms
[2022-03-13T03:37:32.069+0800][2719.009s] GC(364)   Post Evacuate Collection Set: 0.2ms
[2022-03-13T03:37:32.069+0800][2719.009s] GC(364)   Other: 0.1ms
[2022-03-13T03:37:32.069+0800][2719.009s] GC(364) Eden regions: 8->0(24)
[2022-03-13T03:37:32.069+0800][2719.009s] GC(364) Survivor regions: 1->1(1)
[2022-03-13T03:37:32.069+0800][2719.009s] GC(364) Old regions: 472->472
[2022-03-13T03:37:32.069+0800][2719.009s] GC(364) Archive regions: 0->0
[2022-03-13T03:37:32.069+0800][2719.009s] GC(364) Humongous regions: 30->30
[2022-03-13T03:37:32.069+0800][2719.009s] GC(364) Metaspace: 53856K(54144K)->53856K(54144K) NonClass: 47625K(47808K)->47625K(47808K) Class: 6231K(6336K)->6231K(6336K)
[2022-03-13T03:37:32.069+0800][2719.009s] GC(364) Pause Young (Normal) (G1 Preventive Collection) 504M->496M(512M) 0.865ms
[2022-03-13T03:37:32.069+0800][2719.009s] GC(364) User=0.00s Sys=0.00s Real=0.00s
[2022-03-13T03:37:32.091+0800][2719.031s] GC(358) Concurrent Mark From Roots 471.008ms
[2022-03-13T03:37:32.091+0800][2719.031s] GC(358) Concurrent Preclean
[2022-03-13T03:37:32.091+0800][2719.031s] GC(358) Concurrent Preclean 0.148ms
[2022-03-13T03:37:32.091+0800][2719.032s] GC(358) Pause Remark
[2022-03-13T03:37:32.096+0800][2719.036s] GC(358) Pause Remark 498M->498M(512M) 3.912ms
[2022-03-13T03:37:32.096+0800][2719.036s] GC(358) User=0.00s Sys=0.00s Real=0.00s
[2022-03-13T03:37:32.096+0800][2719.036s] GC(358) Concurrent Mark 475.582ms
[2022-03-13T03:37:32.096+0800][2719.036s] GC(358) Concurrent Rebuild Remembered Sets
[2022-03-13T03:37:32.164+0800][2719.104s] GC(365) Pause Young (Normal) (G1 Preventive Collection)
[2022-03-13T03:37:32.164+0800][2719.104s] GC(365) Using 8 workers of 8 for evacuation
[2022-03-13T03:37:32.166+0800][2719.105s] GC(365)   Pre Evacuate Collection Set: 0.1ms
[2022-03-13T03:37:32.166+0800][2719.105s] GC(365)   Merge Heap Roots: 0.0ms
[2022-03-13T03:37:32.166+0800][2719.105s] GC(365)   Evacuate Collection Set: 0.3ms
[2022-03-13T03:37:32.166+0800][2719.105s] GC(365)   Post Evacuate Collection Set: 0.2ms
[2022-03-13T03:37:32.166+0800][2719.105s] GC(365)   Other: 0.2ms
[2022-03-13T03:37:32.166+0800][2719.105s] GC(365) Eden regions: 8->0(24)
[2022-03-13T03:37:32.166+0800][2719.105s] GC(365) Survivor regions: 1->1(1)
[2022-03-13T03:37:32.166+0800][2719.105s] GC(365) Old regions: 472->472
[2022-03-13T03:37:32.166+0800][2719.105s] GC(365) Archive regions: 0->0
[2022-03-13T03:37:32.166+0800][2719.105s] GC(365) Humongous regions: 30->30
[2022-03-13T03:37:32.166+0800][2719.105s] GC(365) Metaspace: 53856K(54144K)->53856K(54144K) NonClass: 47625K(47808K)->47625K(47808K) Class: 6231K(6336K)->6231K(6336K)
[2022-03-13T03:37:32.166+0800][2719.105s] GC(365) Pause Young (Normal) (G1 Preventive Collection) 504M->496M(512M) 0.970ms
[2022-03-13T03:37:32.166+0800][2719.105s] GC(365) User=0.00s Sys=0.00s Real=0.00s
[2022-03-13T03:37:32.255+0800][2719.194s] GC(366) Pause Young (Normal) (G1 Preventive Collection)
[2022-03-13T03:37:32.255+0800][2719.195s] GC(366) Using 8 workers of 8 for evacuation
[2022-03-13T03:37:32.256+0800][2719.195s] GC(366)   Pre Evacuate Collection Set: 0.0ms
[2022-03-13T03:37:32.256+0800][2719.195s] GC(366)   Merge Heap Roots: 0.0ms
[2022-03-13T03:37:32.256+0800][2719.195s] GC(366)   Evacuate Collection Set: 0.3ms
[2022-03-13T03:37:32.256+0800][2719.195s] GC(366)   Post Evacuate Collection Set: 0.2ms
[2022-03-13T03:37:32.256+0800][2719.195s] GC(366)   Other: 0.2ms
[2022-03-13T03:37:32.256+0800][2719.195s] GC(366) Eden regions: 8->0(24)
[2022-03-13T03:37:32.256+0800][2719.195s] GC(366) Survivor regions: 1->1(1)
[2022-03-13T03:37:32.256+0800][2719.195s] GC(366) Old regions: 472->472
[2022-03-13T03:37:32.256+0800][2719.195s] GC(366) Archive regions: 0->0
[2022-03-13T03:37:32.256+0800][2719.195s] GC(366) Humongous regions: 30->30
[2022-03-13T03:37:32.256+0800][2719.195s] GC(366) Metaspace: 53856K(54144K)->53856K(54144K) NonClass: 47625K(47808K)->47625K(47808K) Class: 6231K(6336K)->6231K(6336K)
[2022-03-13T03:37:32.256+0800][2719.195s] GC(366) Pause Young (Normal) (G1 Preventive Collection) 504M->496M(512M) 0.926ms
[2022-03-13T03:37:32.256+0800][2719.195s] GC(366) User=0.00s Sys=0.00s Real=0.00s
[2022-03-13T03:37:32.352+0800][2719.292s] GC(367) Pause Young (Normal) (G1 Preventive Collection)
[2022-03-13T03:37:32.352+0800][2719.292s] GC(367) Using 8 workers of 8 for evacuation
[2022-03-13T03:37:32.353+0800][2719.292s] GC(367)   Pre Evacuate Collection Set: 0.0ms
[2022-03-13T03:37:32.353+0800][2719.292s] GC(367)   Merge Heap Roots: 0.0ms
[2022-03-13T03:37:32.353+0800][2719.292s] GC(367)   Evacuate Collection Set: 0.3ms
[2022-03-13T03:37:32.353+0800][2719.292s] GC(367)   Post Evacuate Collection Set: 0.2ms
[2022-03-13T03:37:32.353+0800][2719.292s] GC(367)   Other: 0.1ms
[2022-03-13T03:37:32.353+0800][2719.292s] GC(367) Eden regions: 8->0(24)
[2022-03-13T03:37:32.353+0800][2719.292s] GC(367) Survivor regions: 1->1(1)
[2022-03-13T03:37:32.353+0800][2719.292s] GC(367) Old regions: 472->472
[2022-03-13T03:37:32.353+0800][2719.292s] GC(367) Archive regions: 0->0
[2022-03-13T03:37:32.353+0800][2719.292s] GC(367) Humongous regions: 30->30
[2022-03-13T03:37:32.353+0800][2719.292s] GC(367) Metaspace: 53856K(54144K)->53856K(54144K) NonClass: 47625K(47808K)->47625K(47808K) Class: 6231K(6336K)->6231K(6336K)
[2022-03-13T03:37:32.353+0800][2719.292s] GC(367) Pause Young (Normal) (G1 Preventive Collection) 504M->496M(512M) 0.860ms
[2022-03-13T03:37:32.353+0800][2719.292s] GC(367) User=0.00s Sys=0.00s Real=0.00s
[2022-03-13T03:37:32.358+0800][2719.298s] GC(358) Concurrent Rebuild Remembered Sets 261.865ms
[2022-03-13T03:37:32.358+0800][2719.298s] GC(358) Pause Cleanup
[2022-03-13T03:37:32.358+0800][2719.298s] GC(358) Pause Cleanup 497M->497M(512M) 0.100ms
[2022-03-13T03:37:32.358+0800][2719.298s] GC(358) User=0.00s Sys=0.00s Real=0.00s
[2022-03-13T03:37:32.358+0800][2719.298s] GC(358) Concurrent Cleanup for Next Mark
[2022-03-13T03:37:32.359+0800][2719.298s] GC(358) Concurrent Cleanup for Next Mark 0.295ms
[2022-03-13T03:37:32.359+0800][2719.298s] GC(358) Concurrent Mark Cycle 739.034ms
[2022-03-13T03:37:32.430+0800][2719.371s] GC(368) Pause Young (Normal) (G1 Preventive Collection)
[2022-03-13T03:37:32.430+0800][2719.371s] GC(368) Using 8 workers of 8 for evacuation
[2022-03-13T03:37:32.432+0800][2719.371s] GC(368)   Pre Evacuate Collection Set: 0.1ms
[2022-03-13T03:37:32.432+0800][2719.371s] GC(368)   Merge Heap Roots: 0.0ms
[2022-03-13T03:37:32.432+0800][2719.371s] GC(368)   Evacuate Collection Set: 0.3ms
[2022-03-13T03:37:32.432+0800][2719.371s] GC(368)   Post Evacuate Collection Set: 0.3ms
[2022-03-13T03:37:32.432+0800][2719.371s] GC(368)   Other: 0.1ms
[2022-03-13T03:37:32.432+0800][2719.371s] GC(368) Eden regions: 8->0(24)
[2022-03-13T03:37:32.432+0800][2719.371s] GC(368) Survivor regions: 1->1(1)
[2022-03-13T03:37:32.432+0800][2719.371s] GC(368) Old regions: 472->472
[2022-03-13T03:37:32.432+0800][2719.371s] GC(368) Archive regions: 0->0
[2022-03-13T03:37:32.432+0800][2719.371s] GC(368) Humongous regions: 30->30
[2022-03-13T03:37:32.432+0800][2719.372s] GC(368) Metaspace: 53856K(54144K)->53856K(54144K) NonClass: 47625K(47808K)->47625K(47808K) Class: 6231K(6336K)->6231K(6336K)
[2022-03-13T03:37:32.432+0800][2719.372s] GC(368) Pause Young (Normal) (G1 Preventive Collection) 504M->496M(512M) 0.985ms
[2022-03-13T03:37:32.432+0800][2719.372s] GC(368) User=0.00s Sys=0.00s Real=0.00s
[2022-03-13T03:37:32.504+0800][2719.443s] GC(369) Pause Young (Concurrent Start) (G1 Preventive Collection)
[2022-03-13T03:37:32.504+0800][2719.443s] GC(369) Using 8 workers of 8 for evacuation
[2022-03-13T03:37:32.505+0800][2719.444s] GC(369)   Pre Evacuate Collection Set: 0.1ms
[2022-03-13T03:37:32.505+0800][2719.444s] GC(369)   Merge Heap Roots: 0.1ms
[2022-03-13T03:37:32.505+0800][2719.444s] GC(369)   Evacuate Collection Set: 0.5ms
[2022-03-13T03:37:32.505+0800][2719.444s] GC(369)   Post Evacuate Collection Set: 0.3ms
[2022-03-13T03:37:32.505+0800][2719.444s] GC(369)   Other: 0.2ms
[2022-03-13T03:37:32.505+0800][2719.444s] GC(369) Eden regions: 8->0(24)
[2022-03-13T03:37:32.505+0800][2719.444s] GC(369) Survivor regions: 1->1(1)
[2022-03-13T03:37:32.505+0800][2719.444s] GC(369) Old regions: 472->472
[2022-03-13T03:37:32.505+0800][2719.444s] GC(369) Archive regions: 0->0
[2022-03-13T03:37:32.505+0800][2719.444s] GC(369) Humongous regions: 30->30
[2022-03-13T03:37:32.505+0800][2719.444s] GC(369) Metaspace: 53856K(54144K)->53856K(54144K) NonClass: 47625K(47808K)->47625K(47808K) Class: 6231K(6336K)->6231K(6336K)
[2022-03-13T03:37:32.505+0800][2719.444s] GC(369) Pause Young (Concurrent Start) (G1 Preventive Collection) 504M->496M(512M) 1.330ms
[2022-03-13T03:37:32.505+0800][2719.444s] GC(369) User=0.00s Sys=0.00s Real=0.00s
[2022-03-13T03:37:32.505+0800][2719.444s] GC(370) Concurrent Mark Cycle
[2022-03-13T03:37:32.505+0800][2719.444s] GC(370) Concurrent Clear Claimed Marks
[2022-03-13T03:37:32.505+0800][2719.445s] GC(370) Concurrent Clear Claimed Marks 0.020ms
[2022-03-13T03:37:32.505+0800][2719.445s] GC(370) Concurrent Scan Root Regions
[2022-03-13T03:37:32.505+0800][2719.445s] GC(370) Concurrent Scan Root Regions 0.730ms
[2022-03-13T03:37:32.505+0800][2719.445s] GC(370) Concurrent Mark
[2022-03-13T03:37:32.505+0800][2719.445s] GC(370) Concurrent Mark From Roots
[2022-03-13T03:37:32.505+0800][2719.445s] GC(370) Using 2 workers of 2 for marking
[2022-03-13T03:37:32.591+0800][2719.531s] GC(371) Pause Young (Normal) (G1 Preventive Collection)
[2022-03-13T03:37:32.591+0800][2719.531s] GC(371) Using 8 workers of 8 for evacuation
[2022-03-13T03:37:32.592+0800][2719.532s] GC(371)   Pre Evacuate Collection Set: 0.1ms
[2022-03-13T03:37:32.592+0800][2719.532s] GC(371)   Merge Heap Roots: 0.0ms
[2022-03-13T03:37:32.592+0800][2719.532s] GC(371)   Evacuate Collection Set: 0.4ms
[2022-03-13T03:37:32.592+0800][2719.532s] GC(371)   Post Evacuate Collection Set: 0.3ms
[2022-03-13T03:37:32.592+0800][2719.532s] GC(371)   Other: 0.1ms
[2022-03-13T03:37:32.592+0800][2719.532s] GC(371) Eden regions: 8->0(24)
[2022-03-13T03:37:32.592+0800][2719.532s] GC(371) Survivor regions: 1->1(1)
[2022-03-13T03:37:32.592+0800][2719.532s] GC(371) Old regions: 472->472
[2022-03-13T03:37:32.592+0800][2719.532s] GC(371) Archive regions: 0->0
[2022-03-13T03:37:32.592+0800][2719.532s] GC(371) Humongous regions: 30->30
[2022-03-13T03:37:32.592+0800][2719.532s] GC(371) Metaspace: 53856K(54144K)->53856K(54144K) NonClass: 47625K(47808K)->47625K(47808K) Class: 6231K(6336K)->6231K(6336K)
[2022-03-13T03:37:32.592+0800][2719.532s] GC(371) Pause Young (Normal) (G1 Preventive Collection) 504M->496M(512M) 1.073ms
[2022-03-13T03:37:32.592+0800][2719.532s] GC(371) User=0.00s Sys=0.00s Real=0.00s
[2022-03-13T03:37:32.681+0800][2719.621s] GC(372) Pause Young (Normal) (G1 Preventive Collection)
[2022-03-13T03:37:32.681+0800][2719.621s] GC(372) Using 8 workers of 8 for evacuation
[2022-03-13T03:37:32.682+0800][2719.622s] GC(372)   Pre Evacuate Collection Set: 0.1ms
[2022-03-13T03:37:32.682+0800][2719.622s] GC(372)   Merge Heap Roots: 0.0ms
[2022-03-13T03:37:32.682+0800][2719.622s] GC(372)   Evacuate Collection Set: 0.4ms
[2022-03-13T03:37:32.682+0800][2719.622s] GC(372)   Post Evacuate Collection Set: 0.4ms
[2022-03-13T03:37:32.682+0800][2719.622s] GC(372)   Other: 0.1ms
[2022-03-13T03:37:32.682+0800][2719.622s] GC(372) Eden regions: 8->0(24)
[2022-03-13T03:37:32.682+0800][2719.622s] GC(372) Survivor regions: 1->1(1)
[2022-03-13T03:37:32.682+0800][2719.622s] GC(372) Old regions: 472->472
[2022-03-13T03:37:32.682+0800][2719.622s] GC(372) Archive regions: 0->0
[2022-03-13T03:37:32.682+0800][2719.622s] GC(372) Humongous regions: 30->30
[2022-03-13T03:37:32.682+0800][2719.622s] GC(372) Metaspace: 53856K(54144K)->53856K(54144K) NonClass: 47625K(47808K)->47625K(47808K) Class: 6231K(6336K)->6231K(6336K)
[2022-03-13T03:37:32.682+0800][2719.622s] GC(372) Pause Young (Normal) (G1 Preventive Collection) 504M->496M(512M) 1.125ms
[2022-03-13T03:37:32.682+0800][2719.622s] GC(372) User=0.00s Sys=0.00s Real=0.00s
[2022-03-13T03:37:32.771+0800][2719.710s] GC(373) Pause Young (Normal) (G1 Preventive Collection)
[2022-03-13T03:37:32.771+0800][2719.710s] GC(373) Using 8 workers of 8 for evacuation
[2022-03-13T03:37:32.772+0800][2719.711s] GC(373)   Pre Evacuate Collection Set: 0.1ms
[2022-03-13T03:37:32.772+0800][2719.711s] GC(373)   Merge Heap Roots: 0.0ms
[2022-03-13T03:37:32.772+0800][2719.711s] GC(373)   Evacuate Collection Set: 0.3ms
[2022-03-13T03:37:32.772+0800][2719.711s] GC(373)   Post Evacuate Collection Set: 0.3ms
[2022-03-13T03:37:32.772+0800][2719.711s] GC(373)   Other: 0.1ms
[2022-03-13T03:37:32.772+0800][2719.711s] GC(373) Eden regions: 8->0(24)
[2022-03-13T03:37:32.772+0800][2719.711s] GC(373) Survivor regions: 1->1(1)
[2022-03-13T03:37:32.772+0800][2719.711s] GC(373) Old regions: 472->472
[2022-03-13T03:37:32.772+0800][2719.711s] GC(373) Archive regions: 0->0
[2022-03-13T03:37:32.772+0800][2719.711s] GC(373) Humongous regions: 30->30
[2022-03-13T03:37:32.772+0800][2719.711s] GC(373) Metaspace: 53856K(54144K)->53856K(54144K) NonClass: 47625K(47808K)->47625K(47808K) Class: 6231K(6336K)->6231K(6336K)
[2022-03-13T03:37:32.772+0800][2719.711s] GC(373) Pause Young (Normal) (G1 Preventive Collection) 504M->496M(512M) 1.071ms
[2022-03-13T03:37:32.772+0800][2719.711s] GC(373) User=0.00s Sys=0.00s Real=0.00s
[2022-03-13T03:37:32.864+0800][2719.804s] GC(374) Pause Young (Normal) (G1 Preventive Collection)
[2022-03-13T03:37:32.865+0800][2719.805s] GC(374) Using 8 workers of 8 for evacuation
[2022-03-13T03:37:32.865+0800][2719.805s] GC(374)   Pre Evacuate Collection Set: 0.1ms
[2022-03-13T03:37:32.865+0800][2719.805s] GC(374)   Merge Heap Roots: 0.0ms
[2022-03-13T03:37:32.865+0800][2719.805s] GC(374)   Evacuate Collection Set: 0.3ms
[2022-03-13T03:37:32.865+0800][2719.805s] GC(374)   Post Evacuate Collection Set: 0.2ms
[2022-03-13T03:37:32.865+0800][2719.805s] GC(374)   Other: 0.2ms
[2022-03-13T03:37:32.865+0800][2719.805s] GC(374) Eden regions: 8->0(24)
[2022-03-13T03:37:32.865+0800][2719.805s] GC(374) Survivor regions: 1->1(1)
[2022-03-13T03:37:32.865+0800][2719.805s] GC(374) Old regions: 472->472
[2022-03-13T03:37:32.865+0800][2719.805s] GC(374) Archive regions: 0->0
[2022-03-13T03:37:32.865+0800][2719.805s] GC(374) Humongous regions: 30->30
[2022-03-13T03:37:32.865+0800][2719.805s] GC(374) Metaspace: 53856K(54144K)->53856K(54144K) NonClass: 47625K(47808K)->47625K(47808K) Class: 6231K(6336K)->6231K(6336K)
[2022-03-13T03:37:32.865+0800][2719.805s] GC(374) Pause Young (Normal) (G1 Preventive Collection) 504M->496M(512M) 0.924ms
[2022-03-13T03:37:32.865+0800][2719.805s] GC(374) User=0.00s Sys=0.00s Real=0.00s
[2022-03-13T03:37:32.959+0800][2719.898s] GC(375) Pause Young (Normal) (G1 Preventive Collection)
[2022-03-13T03:37:32.959+0800][2719.898s] GC(375) Using 8 workers of 8 for evacuation
[2022-03-13T03:37:32.959+0800][2719.899s] GC(375)   Pre Evacuate Collection Set: 0.1ms
[2022-03-13T03:37:32.959+0800][2719.899s] GC(375)   Merge Heap Roots: 0.0ms
[2022-03-13T03:37:32.959+0800][2719.899s] GC(375)   Evacuate Collection Set: 0.3ms
[2022-03-13T03:37:32.959+0800][2719.899s] GC(375)   Post Evacuate Collection Set: 0.3ms
[2022-03-13T03:37:32.959+0800][2719.899s] GC(375)   Other: 0.1ms
[2022-03-13T03:37:32.959+0800][2719.899s] GC(375) Eden regions: 8->0(24)
[2022-03-13T03:37:32.959+0800][2719.899s] GC(375) Survivor regions: 1->1(1)
[2022-03-13T03:37:32.959+0800][2719.899s] GC(375) Old regions: 472->472
[2022-03-13T03:37:32.959+0800][2719.899s] GC(375) Archive regions: 0->0
[2022-03-13T03:37:32.959+0800][2719.899s] GC(375) Humongous regions: 30->30
[2022-03-13T03:37:32.959+0800][2719.899s] GC(375) Metaspace: 53856K(54144K)->53856K(54144K) NonClass: 47625K(47808K)->47625K(47808K) Class: 6231K(6336K)->6231K(6336K)
[2022-03-13T03:37:32.959+0800][2719.899s] GC(375) Pause Young (Normal) (G1 Preventive Collection) 504M->496M(512M) 0.924ms
[2022-03-13T03:37:32.959+0800][2719.899s] GC(375) User=0.00s Sys=0.00s Real=0.00s
[2022-03-13T03:37:33.058+0800][2719.998s] GC(370) Concurrent Mark From Roots 552.351ms
[2022-03-13T03:37:33.058+0800][2719.998s] GC(370) Concurrent Preclean
[2022-03-13T03:37:33.058+0800][2719.998s] GC(370) Concurrent Preclean 0.193ms
[2022-03-13T03:37:33.058+0800][2719.998s] GC(370) Pause Remark
[2022-03-13T03:37:33.064+0800][2720.003s] GC(370) Pause Remark 504M->504M(512M) 5.063ms
[2022-03-13T03:37:33.064+0800][2720.003s] GC(370) User=0.12s Sys=0.00s Real=0.01s
[2022-03-13T03:37:33.064+0800][2720.003s] GC(370) Concurrent Mark 557.949ms
[2022-03-13T03:37:33.064+0800][2720.003s] GC(370) Concurrent Rebuild Remembered Sets
[2022-03-13T03:37:33.073+0800][2720.012s] GC(376) Pause Young (Normal) (G1 Preventive Collection)
[2022-03-13T03:37:33.073+0800][2720.012s] GC(376) Using 8 workers of 8 for evacuation
[2022-03-13T03:37:33.073+0800][2720.013s] GC(376)   Pre Evacuate Collection Set: 0.1ms
[2022-03-13T03:37:33.073+0800][2720.013s] GC(376)   Merge Heap Roots: 0.0ms
[2022-03-13T03:37:33.073+0800][2720.013s] GC(376)   Evacuate Collection Set: 0.3ms
[2022-03-13T03:37:33.073+0800][2720.013s] GC(376)   Post Evacuate Collection Set: 0.3ms
[2022-03-13T03:37:33.073+0800][2720.013s] GC(376)   Other: 0.2ms
[2022-03-13T03:37:33.073+0800][2720.013s] GC(376) Eden regions: 8->0(24)
[2022-03-13T03:37:33.073+0800][2720.013s] GC(376) Survivor regions: 1->1(1)
[2022-03-13T03:37:33.073+0800][2720.013s] GC(376) Old regions: 472->472
[2022-03-13T03:37:33.073+0800][2720.013s] GC(376) Archive regions: 0->0
[2022-03-13T03:37:33.073+0800][2720.013s] GC(376) Humongous regions: 30->30
[2022-03-13T03:37:33.073+0800][2720.013s] GC(376) Metaspace: 53856K(54144K)->53856K(54144K) NonClass: 47625K(47808K)->47625K(47808K) Class: 6231K(6336K)->6231K(6336K)
[2022-03-13T03:37:33.073+0800][2720.013s] GC(376) Pause Young (Normal) (G1 Preventive Collection) 504M->496M(512M) 1.022ms
[2022-03-13T03:37:33.073+0800][2720.013s] GC(376) User=0.00s Sys=0.00s Real=0.00s
[2022-03-13T03:37:33.173+0800][2720.113s] GC(377) Pause Young (Normal) (G1 Preventive Collection)
[2022-03-13T03:37:33.173+0800][2720.113s] GC(377) Using 8 workers of 8 for evacuation
[2022-03-13T03:37:33.174+0800][2720.114s] GC(377)   Pre Evacuate Collection Set: 0.1ms
[2022-03-13T03:37:33.174+0800][2720.114s] GC(377)   Merge Heap Roots: 0.0ms
[2022-03-13T03:37:33.174+0800][2720.114s] GC(377)   Evacuate Collection Set: 0.3ms
[2022-03-13T03:37:33.174+0800][2720.114s] GC(377)   Post Evacuate Collection Set: 0.2ms
[2022-03-13T03:37:33.174+0800][2720.114s] GC(377)   Other: 0.2ms
[2022-03-13T03:37:33.174+0800][2720.114s] GC(377) Eden regions: 8->0(24)
[2022-03-13T03:37:33.174+0800][2720.114s] GC(377) Survivor regions: 1->1(1)
[2022-03-13T03:37:33.174+0800][2720.114s] GC(377) Old regions: 472->472
[2022-03-13T03:37:33.174+0800][2720.114s] GC(377) Archive regions: 0->0
[2022-03-13T03:37:33.174+0800][2720.114s] GC(377) Humongous regions: 30->30
[2022-03-13T03:37:33.174+0800][2720.114s] GC(377) Metaspace: 53856K(54144K)->53856K(54144K) NonClass: 47625K(47808K)->47625K(47808K) Class: 6231K(6336K)->6231K(6336K)
[2022-03-13T03:37:33.174+0800][2720.114s] GC(377) Pause Young (Normal) (G1 Preventive Collection) 504M->496M(512M) 0.939ms
[2022-03-13T03:37:33.174+0800][2720.114s] GC(377) User=0.00s Sys=0.00s Real=0.00s
[2022-03-13T03:37:33.280+0800][2720.220s] GC(378) Pause Young (Normal) (G1 Preventive Collection)
[2022-03-13T03:37:33.280+0800][2720.220s] GC(378) Using 8 workers of 8 for evacuation
[2022-03-13T03:37:33.281+0800][2720.221s] GC(378)   Pre Evacuate Collection Set: 0.1ms
[2022-03-13T03:37:33.281+0800][2720.221s] GC(378)   Merge Heap Roots: 0.0ms
[2022-03-13T03:37:33.281+0800][2720.221s] GC(378)   Evacuate Collection Set: 0.3ms
[2022-03-13T03:37:33.281+0800][2720.221s] GC(378)   Post Evacuate Collection Set: 0.2ms
[2022-03-13T03:37:33.281+0800][2720.221s] GC(378)   Other: 0.1ms
[2022-03-13T03:37:33.281+0800][2720.221s] GC(378) Eden regions: 8->0(24)
[2022-03-13T03:37:33.281+0800][2720.221s] GC(378) Survivor regions: 1->1(1)
[2022-03-13T03:37:33.281+0800][2720.221s] GC(378) Old regions: 472->472
[2022-03-13T03:37:33.281+0800][2720.221s] GC(378) Archive regions: 0->0
[2022-03-13T03:37:33.281+0800][2720.221s] GC(378) Humongous regions: 30->30
[2022-03-13T03:37:33.281+0800][2720.221s] GC(378) Metaspace: 53856K(54144K)->53856K(54144K) NonClass: 47625K(47808K)->47625K(47808K) Class: 6231K(6336K)->6231K(6336K)
[2022-03-13T03:37:33.281+0800][2720.221s] GC(378) Pause Young (Normal) (G1 Preventive Collection) 504M->496M(512M) 0.944ms
[2022-03-13T03:37:33.281+0800][2720.221s] GC(378) User=0.00s Sys=0.00s Real=0.00s
[2022-03-13T03:37:33.355+0800][2720.294s] GC(370) Concurrent Rebuild Remembered Sets 291.053ms
[2022-03-13T03:37:33.355+0800][2720.295s] GC(370) Pause Cleanup
[2022-03-13T03:37:33.355+0800][2720.295s] GC(370) Pause Cleanup 503M->503M(512M) 0.168ms
[2022-03-13T03:37:33.355+0800][2720.295s] GC(370) User=0.00s Sys=0.00s Real=0.00s
[2022-03-13T03:37:33.355+0800][2720.295s] GC(370) Concurrent Cleanup for Next Mark
[2022-03-13T03:37:33.355+0800][2720.295s] GC(370) Concurrent Cleanup for Next Mark 0.329ms
[2022-03-13T03:37:33.355+0800][2720.295s] GC(370) Concurrent Mark Cycle 850.754ms
[2022-03-13T03:37:33.366+0800][2720.306s] GC(379) Pause Young (Normal) (G1 Preventive Collection)
[2022-03-13T03:37:33.366+0800][2720.306s] GC(379) Using 8 workers of 8 for evacuation
[2022-03-13T03:37:33.368+0800][2720.307s] GC(379)   Pre Evacuate Collection Set: 0.1ms
[2022-03-13T03:37:33.368+0800][2720.307s] GC(379)   Merge Heap Roots: 0.0ms
[2022-03-13T03:37:33.368+0800][2720.307s] GC(379)   Evacuate Collection Set: 0.4ms
[2022-03-13T03:37:33.368+0800][2720.307s] GC(379)   Post Evacuate Collection Set: 0.2ms
[2022-03-13T03:37:33.368+0800][2720.307s] GC(379)   Other: 0.2ms
[2022-03-13T03:37:33.368+0800][2720.307s] GC(379) Eden regions: 8->0(24)
[2022-03-13T03:37:33.368+0800][2720.307s] GC(379) Survivor regions: 1->1(1)
[2022-03-13T03:37:33.368+0800][2720.307s] GC(379) Old regions: 472->472
[2022-03-13T03:37:33.368+0800][2720.307s] GC(379) Archive regions: 0->0
[2022-03-13T03:37:33.368+0800][2720.307s] GC(379) Humongous regions: 30->30
[2022-03-13T03:37:33.368+0800][2720.307s] GC(379) Metaspace: 53856K(54144K)->53856K(54144K) NonClass: 47625K(47808K)->47625K(47808K) Class: 6231K(6336K)->6231K(6336K)
[2022-03-13T03:37:33.368+0800][2720.307s] GC(379) Pause Young (Normal) (G1 Preventive Collection) 504M->496M(512M) 1.030ms
[2022-03-13T03:37:33.368+0800][2720.307s] GC(379) User=0.00s Sys=0.00s Real=0.00s
[2022-03-13T03:37:33.440+0800][2720.380s] GC(380) Pause Young (Concurrent Start) (G1 Preventive Collection)
[2022-03-13T03:37:33.440+0800][2720.380s] GC(380) Using 8 workers of 8 for evacuation
[2022-03-13T03:37:33.442+0800][2720.381s] GC(380)   Pre Evacuate Collection Set: 0.1ms
[2022-03-13T03:37:33.442+0800][2720.381s] GC(380)   Merge Heap Roots: 0.0ms
[2022-03-13T03:37:33.442+0800][2720.381s] GC(380)   Evacuate Collection Set: 0.6ms
[2022-03-13T03:37:33.442+0800][2720.382s] GC(380)   Post Evacuate Collection Set: 0.2ms
[2022-03-13T03:37:33.442+0800][2720.382s] GC(380)   Other: 0.2ms
[2022-03-13T03:37:33.442+0800][2720.382s] GC(380) Eden regions: 8->0(24)
[2022-03-13T03:37:33.442+0800][2720.382s] GC(380) Survivor regions: 1->1(1)
[2022-03-13T03:37:33.442+0800][2720.382s] GC(380) Old regions: 472->472
[2022-03-13T03:37:33.442+0800][2720.382s] GC(380) Archive regions: 0->0
[2022-03-13T03:37:33.442+0800][2720.382s] GC(380) Humongous regions: 30->30
[2022-03-13T03:37:33.442+0800][2720.382s] GC(380) Metaspace: 53856K(54144K)->53856K(54144K) NonClass: 47625K(47808K)->47625K(47808K) Class: 6231K(6336K)->6231K(6336K)
[2022-03-13T03:37:33.442+0800][2720.382s] GC(380) Pause Young (Concurrent Start) (G1 Preventive Collection) 504M->496M(512M) 1.250ms
[2022-03-13T03:37:33.442+0800][2720.382s] GC(380) User=0.00s Sys=0.00s Real=0.00s
[2022-03-13T03:37:33.442+0800][2720.382s] GC(381) Concurrent Mark Cycle
[2022-03-13T03:37:33.442+0800][2720.382s] GC(381) Concurrent Clear Claimed Marks
[2022-03-13T03:37:33.442+0800][2720.382s] GC(381) Concurrent Clear Claimed Marks 0.016ms
[2022-03-13T03:37:33.442+0800][2720.382s] GC(381) Concurrent Scan Root Regions
[2022-03-13T03:37:33.443+0800][2720.382s] GC(381) Concurrent Scan Root Regions 0.561ms
[2022-03-13T03:37:33.443+0800][2720.382s] GC(381) Concurrent Mark
[2022-03-13T03:37:33.443+0800][2720.382s] GC(381) Concurrent Mark From Roots
[2022-03-13T03:37:33.443+0800][2720.382s] GC(381) Using 2 workers of 2 for marking
[2022-03-13T03:37:33.533+0800][2720.473s] GC(382) Pause Young (Normal) (G1 Preventive Collection)
[2022-03-13T03:37:33.533+0800][2720.473s] GC(382) Using 8 workers of 8 for evacuation
[2022-03-13T03:37:33.534+0800][2720.474s] GC(382)   Pre Evacuate Collection Set: 0.0ms
[2022-03-13T03:37:33.534+0800][2720.474s] GC(382)   Merge Heap Roots: 0.0ms
[2022-03-13T03:37:33.534+0800][2720.474s] GC(382)   Evacuate Collection Set: 0.4ms
[2022-03-13T03:37:33.534+0800][2720.474s] GC(382)   Post Evacuate Collection Set: 0.2ms
[2022-03-13T03:37:33.534+0800][2720.474s] GC(382)   Other: 0.1ms
[2022-03-13T03:37:33.534+0800][2720.474s] GC(382) Eden regions: 8->0(24)
[2022-03-13T03:37:33.534+0800][2720.474s] GC(382) Survivor regions: 1->1(1)
[2022-03-13T03:37:33.534+0800][2720.474s] GC(382) Old regions: 472->472
[2022-03-13T03:37:33.534+0800][2720.474s] GC(382) Archive regions: 0->0
[2022-03-13T03:37:33.534+0800][2720.474s] GC(382) Humongous regions: 30->30
[2022-03-13T03:37:33.534+0800][2720.474s] GC(382) Metaspace: 53856K(54144K)->53856K(54144K) NonClass: 47625K(47808K)->47625K(47808K) Class: 6231K(6336K)->6231K(6336K)
[2022-03-13T03:37:33.534+0800][2720.474s] GC(382) Pause Young (Normal) (G1 Preventive Collection) 504M->496M(512M) 1.033ms
[2022-03-13T03:37:33.534+0800][2720.474s] GC(382) User=0.00s Sys=0.00s Real=0.00s
[2022-03-13T03:37:33.977+0800][2720.917s] GC(381) Concurrent Mark From Roots 534.469ms
[2022-03-13T03:37:33.977+0800][2720.917s] GC(381) Concurrent Preclean
[2022-03-13T03:37:33.977+0800][2720.917s] GC(381) Concurrent Preclean 0.240ms
[2022-03-13T03:37:33.978+0800][2720.917s] GC(381) Pause Remark
[2022-03-13T03:37:33.982+0800][2720.922s] GC(381) Pause Remark 503M->503M(512M) 4.331ms
[2022-03-13T03:37:33.982+0800][2720.922s] GC(381) User=0.09s Sys=0.02s Real=0.00s
[2022-03-13T03:37:33.982+0800][2720.922s] GC(381) Concurrent Mark 539.382ms
[2022-03-13T03:37:33.982+0800][2720.922s] GC(381) Concurrent Rebuild Remembered Sets
[2022-03-13T03:37:34.242+0800][2721.181s] GC(381) Concurrent Rebuild Remembered Sets 259.458ms
[2022-03-13T03:37:34.242+0800][2721.181s] GC(381) Pause Cleanup
[2022-03-13T03:37:34.242+0800][2721.182s] GC(381) Pause Cleanup 503M->503M(512M) 0.171ms
[2022-03-13T03:37:34.242+0800][2721.182s] GC(381) User=0.00s Sys=0.00s Real=0.00s
[2022-03-13T03:37:34.242+0800][2721.182s] GC(381) Concurrent Cleanup for Next Mark
[2022-03-13T03:37:34.242+0800][2721.182s] GC(381) Concurrent Cleanup for Next Mark 0.314ms
[2022-03-13T03:37:34.242+0800][2721.182s] GC(381) Concurrent Mark Cycle 800.269ms
[2022-03-13T03:37:59.866+0800][2746.806s] GC(383) Pause Young (Concurrent Start) (G1 Humongous Allocation)
[2022-03-13T03:37:59.866+0800][2746.806s] GC(383) Using 8 workers of 8 for evacuation
[2022-03-13T03:37:59.867+0800][2746.807s] GC(383)   Pre Evacuate Collection Set: 0.1ms
[2022-03-13T03:37:59.867+0800][2746.807s] GC(383)   Merge Heap Roots: 0.0ms
[2022-03-13T03:37:59.867+0800][2746.807s] GC(383)   Evacuate Collection Set: 0.6ms
[2022-03-13T03:37:59.867+0800][2746.807s] GC(383)   Post Evacuate Collection Set: 0.3ms
[2022-03-13T03:37:59.867+0800][2746.807s] GC(383)   Other: 0.2ms
[2022-03-13T03:37:59.867+0800][2746.807s] GC(383) Eden regions: 8->0(24)
[2022-03-13T03:37:59.867+0800][2746.807s] GC(383) Survivor regions: 1->1(1)
[2022-03-13T03:37:59.867+0800][2746.807s] GC(383) Old regions: 472->472
[2022-03-13T03:37:59.867+0800][2746.807s] GC(383) Archive regions: 0->0
[2022-03-13T03:37:59.867+0800][2746.807s] GC(383) Humongous regions: 30->30
[2022-03-13T03:37:59.867+0800][2746.807s] GC(383) Metaspace: 53859K(54144K)->53859K(54144K) NonClass: 47628K(47808K)->47628K(47808K) Class: 6231K(6336K)->6231K(6336K)
[2022-03-13T03:37:59.867+0800][2746.807s] GC(383) Pause Young (Concurrent Start) (G1 Humongous Allocation) 504M->496M(512M) 1.390ms
[2022-03-13T03:37:59.867+0800][2746.807s] GC(383) User=0.00s Sys=0.00s Real=0.00s
[2022-03-13T03:37:59.867+0800][2746.807s] GC(384) Concurrent Mark Cycle
[2022-03-13T03:37:59.868+0800][2746.808s] GC(384) Concurrent Clear Claimed Marks
[2022-03-13T03:37:59.868+0800][2746.808s] GC(384) Concurrent Clear Claimed Marks 0.034ms
[2022-03-13T03:37:59.868+0800][2746.808s] GC(384) Concurrent Scan Root Regions
[2022-03-13T03:37:59.868+0800][2746.808s] GC(384) Concurrent Scan Root Regions 0.726ms
[2022-03-13T03:37:59.868+0800][2746.808s] GC(384) Concurrent Mark
[2022-03-13T03:37:59.868+0800][2746.808s] GC(385) Pause Young (Normal) (G1 Humongous Allocation)
[2022-03-13T03:37:59.868+0800][2746.808s] GC(384) Concurrent Mark From Roots
[2022-03-13T03:37:59.868+0800][2746.808s] GC(385) Using 8 workers of 8 for evacuation
[2022-03-13T03:37:59.868+0800][2746.808s] GC(384) Using 2 workers of 2 for marking
[2022-03-13T03:37:59.870+0800][2746.809s] GC(385)   Pre Evacuate Collection Set: 0.8ms
[2022-03-13T03:37:59.870+0800][2746.809s] GC(385)   Merge Heap Roots: 0.1ms
[2022-03-13T03:37:59.870+0800][2746.809s] GC(385)   Evacuate Collection Set: 0.2ms
[2022-03-13T03:37:59.870+0800][2746.809s] GC(385)   Post Evacuate Collection Set: 0.2ms
[2022-03-13T03:37:59.870+0800][2746.809s] GC(385)   Other: 0.2ms
[2022-03-13T03:37:59.870+0800][2746.809s] GC(385) Eden regions: 0->0(24)
[2022-03-13T03:37:59.870+0800][2746.809s] GC(385) Survivor regions: 1->1(4)
[2022-03-13T03:37:59.870+0800][2746.809s] GC(385) Old regions: 472->472
[2022-03-13T03:37:59.870+0800][2746.809s] GC(385) Archive regions: 0->0
[2022-03-13T03:37:59.870+0800][2746.809s] GC(385) Humongous regions: 30->30
[2022-03-13T03:37:59.870+0800][2746.809s] GC(385) Metaspace: 53859K(54144K)->53859K(54144K) NonClass: 47628K(47808K)->47628K(47808K) Class: 6231K(6336K)->6231K(6336K)
[2022-03-13T03:37:59.870+0800][2746.809s] GC(385) Pause Young (Normal) (G1 Humongous Allocation) 496M->496M(512M) 1.103ms
[2022-03-13T03:37:59.870+0800][2746.809s] GC(385) User=0.00s Sys=0.00s Real=0.00s
[2022-03-13T03:37:59.870+0800][2746.809s] Attempting full compaction
[2022-03-13T03:37:59.870+0800][2746.810s] GC(386) Using 8 workers of 8 for full compaction
[2022-03-13T03:37:59.870+0800][2746.810s] GC(386) Pause Full (G1 Compaction Pause)
[2022-03-13T03:37:59.870+0800][2746.810s] GC(386) Phase 1: Mark live objects
[2022-03-13T03:38:00.124+0800][2747.064s] GC(386) Phase 1: Mark live objects 254.114ms
[2022-03-13T03:38:00.124+0800][2747.064s] GC(386) Phase 2: Prepare for compaction
[2022-03-13T03:38:00.127+0800][2747.066s] GC(386) Phase 2: Prepare for compaction 2.039ms
[2022-03-13T03:38:00.127+0800][2747.066s] GC(386) Phase 3: Adjust pointers
[2022-03-13T03:38:00.189+0800][2747.129s] GC(386) Phase 3: Adjust pointers 62.629ms
[2022-03-13T03:38:00.189+0800][2747.129s] GC(386) Phase 4: Compact heap
[2022-03-13T03:38:00.190+0800][2747.130s] GC(386) Phase 4: Compact heap 0.716ms
[2022-03-13T03:38:00.198+0800][2747.138s] GC(386) Eden regions: 0->0(25)
[2022-03-13T03:38:00.198+0800][2747.138s] GC(386) Survivor regions: 1->0(4)
[2022-03-13T03:38:00.198+0800][2747.138s] GC(386) Old regions: 472->469
[2022-03-13T03:38:00.199+0800][2747.138s] GC(386) Archive regions: 0->0
[2022-03-13T03:38:00.199+0800][2747.138s] GC(386) Humongous regions: 30->30
[2022-03-13T03:38:00.199+0800][2747.138s] GC(386) Metaspace: 53859K(54144K)->53859K(54144K) NonClass: 47628K(47808K)->47628K(47808K) Class: 6231K(6336K)->6231K(6336K)
[2022-03-13T03:38:00.199+0800][2747.138s] GC(386) Pause Full (G1 Compaction Pause) 496M->494M(512M) 328.217ms
[2022-03-13T03:38:00.199+0800][2747.139s] GC(386) User=1.89s Sys=0.02s Real=0.33s
[2022-03-13T03:38:00.199+0800][2747.139s] Attempting maximum full compaction clearing soft references
[2022-03-13T03:38:00.199+0800][2747.139s] GC(387) Using 8 workers of 8 for full compaction
[2022-03-13T03:38:00.199+0800][2747.139s] GC(387) Pause Full (G1 Compaction Pause)
[2022-03-13T03:38:00.199+0800][2747.139s] GC(387) Phase 1: Mark live objects
[2022-03-13T03:38:00.440+0800][2747.380s] GC(387) Phase 1: Mark live objects 240.996ms
[2022-03-13T03:38:00.441+0800][2747.380s] GC(387) Phase 2: Prepare for compaction
[2022-03-13T03:38:00.490+0800][2747.429s] GC(387) Phase 2: Prepare for compaction 49.166ms
[2022-03-13T03:38:00.490+0800][2747.429s] GC(387) Phase 3: Adjust pointers
[2022-03-13T03:38:00.561+0800][2747.500s] GC(387) Phase 3: Adjust pointers 70.616ms
[2022-03-13T03:38:00.561+0800][2747.500s] GC(387) Phase 4: Compact heap
[2022-03-13T03:38:00.604+0800][2747.544s] GC(387) Phase 4: Compact heap 43.878ms
[2022-03-13T03:38:00.613+0800][2747.553s] GC(387) Eden regions: 0->0(25)
[2022-03-13T03:38:00.613+0800][2747.553s] GC(387) Survivor regions: 0->0(4)
[2022-03-13T03:38:00.613+0800][2747.553s] GC(387) Old regions: 469->466
[2022-03-13T03:38:00.613+0800][2747.553s] GC(387) Archive regions: 0->0
[2022-03-13T03:38:00.614+0800][2747.553s] GC(387) Humongous regions: 30->30
[2022-03-13T03:38:00.614+0800][2747.554s] GC(387) Metaspace: 53859K(54144K)->53859K(54144K) NonClass: 47628K(47808K)->47628K(47808K) Class: 6231K(6336K)->6231K(6336K)
[2022-03-13T03:38:00.614+0800][2747.554s] GC(387) Pause Full (G1 Compaction Pause) 494M->493M(512M) 414.603ms
[2022-03-13T03:38:00.614+0800][2747.554s] GC(387) User=2.58s Sys=0.02s Real=0.42s
[2022-03-13T03:38:00.614+0800][2747.554s] GC(384) Concurrent Mark From Roots 746.093ms
[2022-03-13T03:38:00.615+0800][2747.555s] GC(384) Concurrent Mark Abort
[2022-03-13T03:38:00.615+0800][2747.555s] GC(384) Concurrent Mark Cycle 747.190ms
[2022-03-13T03:38:20.353+0800][2767.293s] GC(388) Pause Young (Concurrent Start) (G1 Humongous Allocation)
[2022-03-13T03:38:20.353+0800][2767.293s] GC(388) Using 8 workers of 8 for evacuation
[2022-03-13T03:38:20.355+0800][2767.294s] GC(388)   Pre Evacuate Collection Set: 0.1ms
[2022-03-13T03:38:20.355+0800][2767.294s] GC(388)   Merge Heap Roots: 0.0ms
[2022-03-13T03:38:20.355+0800][2767.294s] GC(388)   Evacuate Collection Set: 0.7ms
[2022-03-13T03:38:20.355+0800][2767.294s] GC(388)   Post Evacuate Collection Set: 0.3ms
[2022-03-13T03:38:20.355+0800][2767.294s] GC(388)   Other: 0.2ms
[2022-03-13T03:38:20.355+0800][2767.294s] GC(388) Eden regions: 1->0(24)
[2022-03-13T03:38:20.355+0800][2767.294s] GC(388) Survivor regions: 0->1(4)
[2022-03-13T03:38:20.355+0800][2767.295s] GC(388) Old regions: 466->466
[2022-03-13T03:38:20.355+0800][2767.295s] GC(388) Archive regions: 0->0
[2022-03-13T03:38:20.355+0800][2767.295s] GC(388) Humongous regions: 30->30
[2022-03-13T03:38:20.355+0800][2767.295s] GC(388) Metaspace: 53862K(54144K)->53862K(54144K) NonClass: 47631K(47808K)->47631K(47808K) Class: 6231K(6336K)->6231K(6336K)
[2022-03-13T03:38:20.355+0800][2767.295s] GC(388) Pause Young (Concurrent Start) (G1 Humongous Allocation) 494M->494M(512M) 1.430ms
[2022-03-13T03:38:20.355+0800][2767.295s] GC(388) User=0.00s Sys=0.00s Real=0.00s
[2022-03-13T03:38:20.355+0800][2767.295s] GC(389) Concurrent Mark Cycle
[2022-03-13T03:38:20.355+0800][2767.295s] GC(389) Concurrent Clear Claimed Marks
[2022-03-13T03:38:20.355+0800][2767.295s] GC(389) Concurrent Clear Claimed Marks 0.025ms
[2022-03-13T03:38:20.355+0800][2767.295s] GC(389) Concurrent Scan Root Regions
[2022-03-13T03:38:20.356+0800][2767.295s] GC(389) Concurrent Scan Root Regions 0.717ms
[2022-03-13T03:38:20.356+0800][2767.295s] GC(390) Pause Young (Normal) (G1 Preventive Collection)
[2022-03-13T03:38:20.356+0800][2767.295s] GC(389) Concurrent Mark
[2022-03-13T03:38:20.356+0800][2767.295s] GC(390) Using 8 workers of 8 for evacuation
[2022-03-13T03:38:20.356+0800][2767.296s] GC(389) Concurrent Mark From Roots
[2022-03-13T03:38:20.356+0800][2767.296s] GC(389) Using 2 workers of 2 for marking
[2022-03-13T03:38:20.357+0800][2767.296s] GC(390)   Pre Evacuate Collection Set: 0.8ms
[2022-03-13T03:38:20.357+0800][2767.296s] GC(390)   Merge Heap Roots: 0.0ms
[2022-03-13T03:38:20.357+0800][2767.296s] GC(390)   Evacuate Collection Set: 0.2ms
[2022-03-13T03:38:20.357+0800][2767.296s] GC(390)   Post Evacuate Collection Set: 0.3ms
[2022-03-13T03:38:20.357+0800][2767.296s] GC(390)   Other: 0.2ms
[2022-03-13T03:38:20.357+0800][2767.296s] GC(390) Eden regions: 0->0(24)
[2022-03-13T03:38:20.357+0800][2767.296s] GC(390) Survivor regions: 1->1(4)
[2022-03-13T03:38:20.357+0800][2767.296s] GC(390) Old regions: 466->466
[2022-03-13T03:38:20.357+0800][2767.296s] GC(390) Archive regions: 0->0
[2022-03-13T03:38:20.357+0800][2767.296s] GC(390) Humongous regions: 30->30
[2022-03-13T03:38:20.357+0800][2767.296s] GC(390) Metaspace: 53862K(54144K)->53862K(54144K) NonClass: 47631K(47808K)->47631K(47808K) Class: 6231K(6336K)->6231K(6336K)
[2022-03-13T03:38:20.357+0800][2767.296s] GC(390) Pause Young (Normal) (G1 Preventive Collection) 494M->494M(512M) 0.940ms
[2022-03-13T03:38:20.357+0800][2767.296s] GC(390) User=0.00s Sys=0.02s Real=0.00s
[2022-03-13T03:38:20.357+0800][2767.296s] Attempting full compaction
[2022-03-13T03:38:20.357+0800][2767.296s] GC(391) Using 8 workers of 8 for full compaction
[2022-03-13T03:38:20.358+0800][2767.297s] GC(391) Pause Full (G1 Compaction Pause)
[2022-03-13T03:38:20.358+0800][2767.298s] GC(391) Phase 1: Mark live objects
[2022-03-13T03:38:20.596+0800][2767.535s] GC(391) Phase 1: Mark live objects 237.473ms
[2022-03-13T03:38:20.596+0800][2767.535s] GC(391) Phase 2: Prepare for compaction
[2022-03-13T03:38:20.597+0800][2767.536s] GC(391) Phase 2: Prepare for compaction 1.068ms
[2022-03-13T03:38:20.597+0800][2767.536s] GC(391) Phase 3: Adjust pointers
[2022-03-13T03:38:20.656+0800][2767.596s] GC(391) Phase 3: Adjust pointers 59.344ms
[2022-03-13T03:38:20.656+0800][2767.596s] GC(391) Phase 4: Compact heap
[2022-03-13T03:38:20.657+0800][2767.596s] GC(391) Phase 4: Compact heap 0.455ms
[2022-03-13T03:38:20.664+0800][2767.604s] GC(391) Eden regions: 0->0(25)
[2022-03-13T03:38:20.664+0800][2767.604s] GC(391) Survivor regions: 1->0(4)
[2022-03-13T03:38:20.665+0800][2767.604s] GC(391) Old regions: 466->467
[2022-03-13T03:38:20.665+0800][2767.604s] GC(391) Archive regions: 0->0
[2022-03-13T03:38:20.665+0800][2767.604s] GC(391) Humongous regions: 30->30
[2022-03-13T03:38:20.665+0800][2767.604s] GC(391) Metaspace: 53862K(54144K)->53862K(54144K) NonClass: 47631K(47808K)->47631K(47808K) Class: 6231K(6336K)->6231K(6336K)
[2022-03-13T03:38:20.665+0800][2767.604s] GC(391) Pause Full (G1 Compaction Pause) 494M->494M(512M) 307.112ms
[2022-03-13T03:38:20.665+0800][2767.605s] GC(391) User=2.17s Sys=0.00s Real=0.31s
[2022-03-13T03:38:20.665+0800][2767.605s] Attempting maximum full compaction clearing soft references
[2022-03-13T03:38:20.665+0800][2767.605s] GC(392) Using 8 workers of 8 for full compaction
[2022-03-13T03:38:20.666+0800][2767.605s] GC(392) Pause Full (G1 Compaction Pause)
[2022-03-13T03:38:20.666+0800][2767.605s] GC(392) Phase 1: Mark live objects
[2022-03-13T03:38:20.946+0800][2767.886s] GC(392) Phase 1: Mark live objects 280.574ms
[2022-03-13T03:38:20.946+0800][2767.886s] GC(392) Phase 2: Prepare for compaction
[2022-03-13T03:38:21.006+0800][2767.946s] GC(392) Phase 2: Prepare for compaction 59.853ms
[2022-03-13T03:38:21.006+0800][2767.946s] GC(392) Phase 3: Adjust pointers
[2022-03-13T03:38:21.096+0800][2768.036s] GC(392) Phase 3: Adjust pointers 90.061ms
[2022-03-13T03:38:21.096+0800][2768.036s] GC(392) Phase 4: Compact heap
[2022-03-13T03:38:21.149+0800][2768.089s] GC(392) Phase 4: Compact heap 53.252ms
[2022-03-13T03:38:21.158+0800][2768.098s] GC(392) Eden regions: 0->0(25)
[2022-03-13T03:38:21.158+0800][2768.098s] GC(392) Survivor regions: 0->0(4)
[2022-03-13T03:38:21.159+0800][2768.098s] GC(392) Old regions: 467->466
[2022-03-13T03:38:21.159+0800][2768.098s] GC(392) Archive regions: 0->0
[2022-03-13T03:38:21.159+0800][2768.098s] GC(392) Humongous regions: 30->30
[2022-03-13T03:38:21.159+0800][2768.098s] GC(392) Metaspace: 53862K(54144K)->53862K(54144K) NonClass: 47631K(47808K)->47631K(47808K) Class: 6231K(6336K)->6231K(6336K)
[2022-03-13T03:38:21.159+0800][2768.098s] GC(392) Pause Full (G1 Compaction Pause) 494M->494M(512M) 492.737ms
[2022-03-13T03:38:21.159+0800][2768.099s] GC(392) User=3.23s Sys=0.02s Real=0.49s
[2022-03-13T03:38:21.159+0800][2768.099s] GC(389) Concurrent Mark From Roots 803.277ms
[2022-03-13T03:38:21.159+0800][2768.099s] GC(389) Concurrent Mark Abort
[2022-03-13T03:38:21.159+0800][2768.099s] GC(389) Concurrent Mark Cycle 804.247ms
[2022-03-13T03:38:21.176+0800][2768.116s] GC(393) Pause Young (Concurrent Start) (G1 Humongous Allocation)
[2022-03-13T03:38:21.176+0800][2768.116s] GC(393) Using 8 workers of 8 for evacuation
[2022-03-13T03:38:21.177+0800][2768.117s] GC(393) To-space exhausted
[2022-03-13T03:38:21.177+0800][2768.117s] GC(393)   Pre Evacuate Collection Set: 0.1ms
[2022-03-13T03:38:21.177+0800][2768.117s] GC(393)   Merge Heap Roots: 0.0ms
[2022-03-13T03:38:21.177+0800][2768.117s] GC(393)   Evacuate Collection Set: 0.6ms
[2022-03-13T03:38:21.178+0800][2768.117s] GC(393)   Post Evacuate Collection Set: 0.5ms
[2022-03-13T03:38:21.178+0800][2768.117s] GC(393)   Other: 0.3ms
[2022-03-13T03:38:21.178+0800][2768.117s] GC(393) Eden regions: 1->0(25)
[2022-03-13T03:38:21.178+0800][2768.117s] GC(393) Survivor regions: 0->0(0)
[2022-03-13T03:38:21.178+0800][2768.117s] GC(393) Old regions: 466->467
[2022-03-13T03:38:21.178+0800][2768.117s] GC(393) Archive regions: 0->0
[2022-03-13T03:38:21.178+0800][2768.117s] GC(393) Humongous regions: 45->45
[2022-03-13T03:38:21.178+0800][2768.117s] GC(393) Metaspace: 53862K(54144K)->53862K(54144K) NonClass: 47631K(47808K)->47631K(47808K) Class: 6231K(6336K)->6231K(6336K)
[2022-03-13T03:38:21.178+0800][2768.117s] GC(393) Pause Young (Concurrent Start) (G1 Humongous Allocation) 509M->509M(512M) 1.748ms
[2022-03-13T03:38:21.178+0800][2768.117s] GC(393) User=0.00s Sys=0.00s Real=0.00s
[2022-03-13T03:38:21.178+0800][2768.118s] Attempting full compaction clearing soft references
[2022-03-13T03:38:21.178+0800][2768.118s] GC(394) Concurrent Mark Cycle
[2022-03-13T03:38:21.178+0800][2768.118s] GC(395) Using 8 workers of 8 for full compaction
[2022-03-13T03:38:21.178+0800][2768.118s] GC(394) Concurrent Clear Claimed Marks
[2022-03-13T03:38:21.178+0800][2768.118s] GC(394) Concurrent Clear Claimed Marks 0.070ms
[2022-03-13T03:38:21.178+0800][2768.118s] GC(394) Concurrent Scan Root Regions
[2022-03-13T03:38:21.178+0800][2768.118s] GC(394) Concurrent Scan Root Regions 0.019ms
[2022-03-13T03:38:21.178+0800][2768.118s] GC(394) Concurrent Mark
[2022-03-13T03:38:21.178+0800][2768.118s] GC(394) Concurrent Mark From Roots
[2022-03-13T03:38:21.178+0800][2768.118s] GC(394) Using 2 workers of 2 for marking
[2022-03-13T03:38:21.178+0800][2768.118s] GC(395) Pause Full (G1 Compaction Pause)
[2022-03-13T03:38:21.179+0800][2768.118s] GC(395) Phase 1: Mark live objects
[2022-03-13T03:38:21.514+0800][2768.454s] GC(395) Phase 1: Mark live objects 336.163ms
[2022-03-13T03:38:21.515+0800][2768.454s] GC(395) Phase 2: Prepare for compaction
[2022-03-13T03:38:21.517+0800][2768.456s] GC(395) Phase 2: Prepare for compaction 2.073ms
[2022-03-13T03:38:21.517+0800][2768.456s] GC(395) Phase 3: Adjust pointers
[2022-03-13T03:38:21.584+0800][2768.524s] GC(395) Phase 3: Adjust pointers 67.060ms
[2022-03-13T03:38:21.584+0800][2768.524s] GC(395) Phase 4: Compact heap
[2022-03-13T03:38:21.586+0800][2768.525s] GC(395) Phase 4: Compact heap 1.413ms
[2022-03-13T03:38:21.599+0800][2768.539s] GC(395) Eden regions: 0->0(25)
[2022-03-13T03:38:21.599+0800][2768.539s] GC(395) Survivor regions: 0->0(0)
[2022-03-13T03:38:21.599+0800][2768.540s] GC(395) Old regions: 467->465
[2022-03-13T03:38:21.600+0800][2768.540s] GC(395) Archive regions: 0->0
[2022-03-13T03:38:21.600+0800][2768.540s] GC(395) Humongous regions: 45->45
[2022-03-13T03:38:21.600+0800][2768.540s] GC(395) Metaspace: 53862K(54144K)->53862K(54144K) NonClass: 47631K(47808K)->47631K(47808K) Class: 6231K(6336K)->6231K(6336K)
[2022-03-13T03:38:21.600+0800][2768.540s] GC(395) Pause Full (G1 Compaction Pause) 509M->509M(512M) 421.989ms
[2022-03-13T03:38:21.601+0800][2768.541s] GC(395) User=2.56s Sys=0.03s Real=0.42s
[2022-03-13T03:38:21.601+0800][2768.541s] GC(394) Concurrent Mark From Roots 422.909ms
[2022-03-13T03:38:21.601+0800][2768.541s] GC(394) Concurrent Mark Abort
[2022-03-13T03:38:21.601+0800][2768.541s] GC(394) Concurrent Mark Cycle 423.182ms
[2022-03-13T03:38:21.601+0800][2768.541s] GC(396) Pause Young (Normal) (G1 Humongous Allocation)
[2022-03-13T03:38:21.601+0800][2768.541s] GC(396) Using 8 workers of 8 for evacuation
[2022-03-13T03:38:21.602+0800][2768.541s] GC(396)   Pre Evacuate Collection Set: 0.1ms
[2022-03-13T03:38:21.602+0800][2768.541s] GC(396)   Merge Heap Roots: 0.0ms
[2022-03-13T03:38:21.602+0800][2768.541s] GC(396)   Evacuate Collection Set: 0.2ms
[2022-03-13T03:38:21.602+0800][2768.542s] GC(396)   Post Evacuate Collection Set: 0.3ms
[2022-03-13T03:38:21.602+0800][2768.542s] GC(396)   Other: 0.1ms
[2022-03-13T03:38:21.602+0800][2768.542s] GC(396) Eden regions: 1->0(24)
[2022-03-13T03:38:21.602+0800][2768.542s] GC(396) Survivor regions: 0->1(1)
[2022-03-13T03:38:21.602+0800][2768.542s] GC(396) Old regions: 465->465
[2022-03-13T03:38:21.602+0800][2768.542s] GC(396) Archive regions: 0->0
[2022-03-13T03:38:21.602+0800][2768.542s] GC(396) Humongous regions: 45->45
[2022-03-13T03:38:21.602+0800][2768.542s] GC(396) Metaspace: 53862K(54144K)->53862K(54144K) NonClass: 47631K(47808K)->47631K(47808K) Class: 6231K(6336K)->6231K(6336K)
[2022-03-13T03:38:21.602+0800][2768.542s] GC(396) Pause Young (Normal) (G1 Humongous Allocation) 509M->509M(512M) 0.935ms
[2022-03-13T03:38:21.602+0800][2768.542s] GC(396) User=0.00s Sys=0.00s Real=0.00s
[2022-03-13T03:38:21.602+0800][2768.542s] Attempting full compaction
[2022-03-13T03:38:21.602+0800][2768.542s] GC(397) Using 8 workers of 8 for full compaction
[2022-03-13T03:38:21.602+0800][2768.542s] GC(397) Pause Full (G1 Compaction Pause)
[2022-03-13T03:38:21.602+0800][2768.542s] GC(397) Phase 1: Mark live objects
[2022-03-13T03:38:21.887+0800][2768.826s] GC(397) Phase 1: Mark live objects 284.311ms
[2022-03-13T03:38:21.887+0800][2768.826s] GC(397) Phase 2: Prepare for compaction
[2022-03-13T03:38:21.888+0800][2768.827s] GC(397) Phase 2: Prepare for compaction 0.765ms
[2022-03-13T03:38:21.888+0800][2768.827s] GC(397) Phase 3: Adjust pointers
[2022-03-13T03:38:21.959+0800][2768.899s] GC(397) Phase 3: Adjust pointers 71.562ms
[2022-03-13T03:38:21.960+0800][2768.899s] GC(397) Phase 4: Compact heap
[2022-03-13T03:38:21.960+0800][2768.899s] GC(397) Phase 4: Compact heap 0.207ms
[2022-03-13T03:38:21.968+0800][2768.908s] GC(397) Eden regions: 0->0(25)
[2022-03-13T03:38:21.969+0800][2768.908s] GC(397) Survivor regions: 1->0(1)
[2022-03-13T03:38:21.969+0800][2768.908s] GC(397) Old regions: 465->465
[2022-03-13T03:38:21.969+0800][2768.908s] GC(397) Archive regions: 0->0
[2022-03-13T03:38:21.969+0800][2768.908s] GC(397) Humongous regions: 45->45
[2022-03-13T03:38:21.969+0800][2768.908s] GC(397) Metaspace: 53862K(54144K)->53862K(54144K) NonClass: 47631K(47808K)->47631K(47808K) Class: 6231K(6336K)->6231K(6336K)
[2022-03-13T03:38:21.969+0800][2768.908s] GC(397) Pause Full (G1 Compaction Pause) 509M->509M(512M) 366.200ms
[2022-03-13T03:38:21.970+0800][2768.909s] GC(397) User=2.66s Sys=0.02s Real=0.37s
[2022-03-13T03:38:21.970+0800][2768.909s] Attempting maximum full compaction clearing soft references
[2022-03-13T03:38:21.970+0800][2768.909s] GC(398) Using 8 workers of 8 for full compaction
[2022-03-13T03:38:21.971+0800][2768.910s] GC(398) Pause Full (G1 Compaction Pause)
[2022-03-13T03:38:21.971+0800][2768.910s] GC(398) Phase 1: Mark live objects
[2022-03-13T03:38:22.438+0800][2769.377s] GC(398) Phase 1: Mark live objects 467.320ms
[2022-03-13T03:38:22.438+0800][2769.377s] GC(398) Phase 2: Prepare for compaction
[2022-03-13T03:38:22.515+0800][2769.454s] GC(398) Phase 2: Prepare for compaction 76.641ms
[2022-03-13T03:38:22.515+0800][2769.454s] GC(398) Phase 3: Adjust pointers
[2022-03-13T03:38:22.631+0800][2769.571s] GC(398) Phase 3: Adjust pointers 116.411ms
[2022-03-13T03:38:22.631+0800][2769.571s] GC(398) Phase 4: Compact heap
[2022-03-13T03:38:22.711+0800][2769.651s] GC(398) Phase 4: Compact heap 80.042ms
[2022-03-13T03:38:22.721+0800][2769.660s] GC(398) Eden regions: 0->0(25)
[2022-03-13T03:38:22.721+0800][2769.660s] GC(398) Survivor regions: 0->0(1)
[2022-03-13T03:38:22.721+0800][2769.660s] GC(398) Old regions: 465->465
[2022-03-13T03:38:22.721+0800][2769.660s] GC(398) Archive regions: 0->0
[2022-03-13T03:38:22.721+0800][2769.660s] GC(398) Humongous regions: 45->45
[2022-03-13T03:38:22.721+0800][2769.660s] GC(398) Metaspace: 53862K(54144K)->53862K(54144K) NonClass: 47631K(47808K)->47631K(47808K) Class: 6231K(6336K)->6231K(6336K)
[2022-03-13T03:38:22.721+0800][2769.660s] GC(398) Pause Full (G1 Compaction Pause) 509M->509M(512M) 750.293ms
[2022-03-13T03:38:22.722+0800][2769.661s] GC(398) User=3.78s Sys=0.00s Real=0.75s
[2022-03-13T03:38:39.262+0800][2786.201s] GC(399) Pause Young (Concurrent Start) (G1 Preventive Collection)
[2022-03-13T03:38:39.262+0800][2786.201s] GC(399) Using 8 workers of 8 for evacuation
[2022-03-13T03:38:39.263+0800][2786.203s] GC(399)   Pre Evacuate Collection Set: 0.2ms
[2022-03-13T03:38:39.263+0800][2786.203s] GC(399)   Merge Heap Roots: 0.1ms
[2022-03-13T03:38:39.263+0800][2786.203s] GC(399)   Evacuate Collection Set: 0.3ms
[2022-03-13T03:38:39.263+0800][2786.203s] GC(399)   Post Evacuate Collection Set: 0.7ms
[2022-03-13T03:38:39.263+0800][2786.203s] GC(399)   Other: 0.1ms
[2022-03-13T03:38:39.263+0800][2786.203s] GC(399) Eden regions: 1->0(24)
[2022-03-13T03:38:39.263+0800][2786.203s] GC(399) Survivor regions: 0->1(1)
[2022-03-13T03:38:39.263+0800][2786.203s] GC(399) Old regions: 465->465
[2022-03-13T03:38:39.263+0800][2786.203s] GC(399) Archive regions: 0->0
[2022-03-13T03:38:39.263+0800][2786.203s] GC(399) Humongous regions: 45->45
[2022-03-13T03:38:39.263+0800][2786.203s] GC(399) Metaspace: 53869K(54144K)->53869K(54144K) NonClass: 47638K(47808K)->47638K(47808K) Class: 6231K(6336K)->6231K(6336K)
[2022-03-13T03:38:39.263+0800][2786.203s] GC(399) Pause Young (Concurrent Start) (G1 Preventive Collection) 510M->509M(512M) 1.549ms
[2022-03-13T03:38:39.263+0800][2786.203s] GC(399) User=0.02s Sys=0.00s Real=0.00s
[2022-03-13T03:38:39.263+0800][2786.203s] GC(400) Concurrent Mark Cycle
[2022-03-13T03:38:39.263+0800][2786.203s] GC(400) Concurrent Clear Claimed Marks
[2022-03-13T03:38:39.263+0800][2786.203s] GC(400) Concurrent Clear Claimed Marks 0.013ms
[2022-03-13T03:38:39.263+0800][2786.203s] GC(400) Concurrent Scan Root Regions
[2022-03-13T03:38:39.263+0800][2786.203s] GC(400) Concurrent Scan Root Regions 0.243ms
[2022-03-13T03:38:39.263+0800][2786.203s] GC(400) Concurrent Mark
[2022-03-13T03:38:39.263+0800][2786.203s] GC(400) Concurrent Mark From Roots
[2022-03-13T03:38:39.263+0800][2786.203s] GC(400) Using 2 workers of 2 for marking
[2022-03-13T03:38:39.670+0800][2786.610s] GC(400) Concurrent Mark From Roots 406.650ms
[2022-03-13T03:38:39.671+0800][2786.610s] GC(400) Concurrent Preclean
[2022-03-13T03:38:39.671+0800][2786.610s] GC(400) Concurrent Preclean 0.154ms
[2022-03-13T03:38:39.671+0800][2786.610s] GC(400) Pause Remark
[2022-03-13T03:38:39.674+0800][2786.613s] GC(400) Pause Remark 509M->494M(512M) 2.998ms
[2022-03-13T03:38:39.674+0800][2786.613s] GC(400) User=0.00s Sys=0.00s Real=0.00s
[2022-03-13T03:38:39.674+0800][2786.614s] GC(400) Concurrent Mark 410.203ms
[2022-03-13T03:38:39.674+0800][2786.614s] GC(400) Concurrent Rebuild Remembered Sets
[2022-03-13T03:38:39.883+0800][2786.823s] GC(400) Concurrent Rebuild Remembered Sets 209.009ms
[2022-03-13T03:38:39.883+0800][2786.823s] GC(400) Pause Cleanup
[2022-03-13T03:38:39.883+0800][2786.823s] GC(400) Pause Cleanup 494M->494M(512M) 0.121ms
[2022-03-13T03:38:39.883+0800][2786.823s] GC(400) User=0.00s Sys=0.00s Real=0.00s
[2022-03-13T03:38:39.883+0800][2786.823s] GC(400) Concurrent Cleanup for Next Mark
[2022-03-13T03:38:39.884+0800][2786.823s] GC(400) Concurrent Cleanup for Next Mark 0.307ms
[2022-03-13T03:38:39.884+0800][2786.823s] GC(400) Concurrent Mark Cycle 620.312ms
[2022-03-13T03:38:46.659+0800][2793.599s] GC(401) Pause Young (Prepare Mixed) (G1 Preventive Collection)
[2022-03-13T03:38:46.659+0800][2793.599s] GC(401) Using 8 workers of 8 for evacuation
[2022-03-13T03:38:46.661+0800][2793.600s] GC(401)   Pre Evacuate Collection Set: 0.1ms
[2022-03-13T03:38:46.661+0800][2793.600s] GC(401)   Merge Heap Roots: 0.1ms
[2022-03-13T03:38:46.661+0800][2793.600s] GC(401)   Evacuate Collection Set: 0.2ms
[2022-03-13T03:38:46.661+0800][2793.600s] GC(401)   Post Evacuate Collection Set: 0.6ms
[2022-03-13T03:38:46.661+0800][2793.600s] GC(401)   Other: 0.1ms
[2022-03-13T03:38:46.661+0800][2793.600s] GC(401) Eden regions: 1->0(24)
[2022-03-13T03:38:46.661+0800][2793.600s] GC(401) Survivor regions: 1->1(4)
[2022-03-13T03:38:46.661+0800][2793.600s] GC(401) Old regions: 465->465
[2022-03-13T03:38:46.661+0800][2793.600s] GC(401) Archive regions: 0->0
[2022-03-13T03:38:46.661+0800][2793.600s] GC(401) Humongous regions: 30->30
[2022-03-13T03:38:46.661+0800][2793.600s] GC(401) Metaspace: 53869K(54144K)->53869K(54144K) NonClass: 47638K(47808K)->47638K(47808K) Class: 6231K(6336K)->6231K(6336K)
[2022-03-13T03:38:46.661+0800][2793.600s] GC(401) Pause Young (Prepare Mixed) (G1 Preventive Collection) 494M->494M(512M) 1.257ms
[2022-03-13T03:38:46.661+0800][2793.600s] GC(401) User=0.00s Sys=0.00s Real=0.00s
[2022-03-13T03:38:46.667+0800][2793.607s] GC(402) Pause Young (Mixed) (G1 Humongous Allocation)
[2022-03-13T03:38:46.668+0800][2793.607s] GC(402) Using 8 workers of 8 for evacuation
[2022-03-13T03:38:46.668+0800][2793.608s] GC(402) To-space exhausted
[2022-03-13T03:38:46.668+0800][2793.608s] GC(402)   Pre Evacuate Collection Set: 0.2ms
[2022-03-13T03:38:46.668+0800][2793.608s] GC(402)   Merge Heap Roots: 0.1ms
[2022-03-13T03:38:46.668+0800][2793.608s] GC(402)   Evacuate Collection Set: 0.3ms
[2022-03-13T03:38:46.668+0800][2793.608s] GC(402)   Post Evacuate Collection Set: 0.5ms
[2022-03-13T03:38:46.668+0800][2793.608s] GC(402)   Other: 0.2ms
[2022-03-13T03:38:46.668+0800][2793.608s] GC(402) Eden regions: 0->0(24)
[2022-03-13T03:38:46.668+0800][2793.608s] GC(402) Survivor regions: 1->1(1)
[2022-03-13T03:38:46.668+0800][2793.608s] GC(402) Old regions: 465->465
[2022-03-13T03:38:46.668+0800][2793.608s] GC(402) Archive regions: 0->0
[2022-03-13T03:38:46.668+0800][2793.608s] GC(402) Humongous regions: 45->45
[2022-03-13T03:38:46.668+0800][2793.608s] GC(402) Metaspace: 53869K(54144K)->53869K(54144K) NonClass: 47638K(47808K)->47638K(47808K) Class: 6231K(6336K)->6231K(6336K)
[2022-03-13T03:38:46.668+0800][2793.608s] GC(402) Pause Young (Mixed) (G1 Humongous Allocation) 509M->509M(512M) 1.265ms
[2022-03-13T03:38:46.668+0800][2793.608s] GC(402) User=0.00s Sys=0.00s Real=0.00s
[2022-03-13T03:38:46.668+0800][2793.608s] Attempting full compaction
[2022-03-13T03:38:46.668+0800][2793.608s] GC(403) Using 8 workers of 8 for full compaction
[2022-03-13T03:38:46.668+0800][2793.608s] GC(403) Pause Full (G1 Compaction Pause)
[2022-03-13T03:38:46.668+0800][2793.608s] GC(403) Phase 1: Mark live objects
[2022-03-13T03:38:46.842+0800][2793.782s] GC(403) Phase 1: Mark live objects 173.102ms
[2022-03-13T03:38:46.842+0800][2793.782s] GC(403) Phase 2: Prepare for compaction
[2022-03-13T03:38:46.843+0800][2793.782s] GC(403) Phase 2: Prepare for compaction 0.715ms
[2022-03-13T03:38:46.843+0800][2793.782s] GC(403) Phase 3: Adjust pointers
[2022-03-13T03:38:46.893+0800][2793.832s] GC(403) Phase 3: Adjust pointers 49.720ms
[2022-03-13T03:38:46.893+0800][2793.832s] GC(403) Phase 4: Compact heap
[2022-03-13T03:38:46.893+0800][2793.832s] GC(403) Phase 4: Compact heap 0.148ms
[2022-03-13T03:38:46.898+0800][2793.838s] GC(403) Eden regions: 0->0(25)
[2022-03-13T03:38:46.898+0800][2793.838s] GC(403) Survivor regions: 1->0(1)
[2022-03-13T03:38:46.898+0800][2793.838s] GC(403) Old regions: 465->465
[2022-03-13T03:38:46.898+0800][2793.838s] GC(403) Archive regions: 0->0
[2022-03-13T03:38:46.898+0800][2793.838s] GC(403) Humongous regions: 45->45
[2022-03-13T03:38:46.898+0800][2793.838s] GC(403) Metaspace: 53869K(54144K)->53869K(54144K) NonClass: 47638K(47808K)->47638K(47808K) Class: 6231K(6336K)->6231K(6336K)
[2022-03-13T03:38:46.898+0800][2793.838s] GC(403) Pause Full (G1 Compaction Pause) 509M->509M(512M) 229.234ms
[2022-03-13T03:38:46.899+0800][2793.838s] GC(403) User=1.55s Sys=0.00s Real=0.23s
[2022-03-13T03:38:46.899+0800][2793.838s] Attempting maximum full compaction clearing soft references
[2022-03-13T03:38:46.899+0800][2793.838s] GC(404) Using 8 workers of 8 for full compaction
[2022-03-13T03:38:46.899+0800][2793.838s] GC(404) Pause Full (G1 Compaction Pause)
[2022-03-13T03:38:46.899+0800][2793.838s] GC(404) Phase 1: Mark live objects
[2022-03-13T03:38:47.156+0800][2794.096s] GC(404) Phase 1: Mark live objects 257.335ms
[2022-03-13T03:38:47.157+0800][2794.096s] GC(404) Phase 2: Prepare for compaction
[2022-03-13T03:38:47.209+0800][2794.149s] GC(404) Phase 2: Prepare for compaction 52.652ms
[2022-03-13T03:38:47.209+0800][2794.149s] GC(404) Phase 3: Adjust pointers
[2022-03-13T03:38:47.282+0800][2794.221s] GC(404) Phase 3: Adjust pointers 72.863ms
[2022-03-13T03:38:47.282+0800][2794.221s] GC(404) Phase 4: Compact heap
[2022-03-13T03:38:47.327+0800][2794.267s] GC(404) Phase 4: Compact heap 45.962ms
[2022-03-13T03:38:47.333+0800][2794.273s] GC(404) Eden regions: 0->0(25)
[2022-03-13T03:38:47.333+0800][2794.273s] GC(404) Survivor regions: 0->0(1)
[2022-03-13T03:38:47.333+0800][2794.273s] GC(404) Old regions: 465->465
[2022-03-13T03:38:47.333+0800][2794.273s] GC(404) Archive regions: 0->0
[2022-03-13T03:38:47.333+0800][2794.273s] GC(404) Humongous regions: 45->45
[2022-03-13T03:38:47.333+0800][2794.273s] GC(404) Metaspace: 53869K(54144K)->53869K(54144K) NonClass: 47638K(47808K)->47638K(47808K) Class: 6231K(6336K)->6231K(6336K)
[2022-03-13T03:38:47.333+0800][2794.273s] GC(404) Pause Full (G1 Compaction Pause) 509M->509M(512M) 434.880ms
[2022-03-13T03:38:47.334+0800][2794.274s] GC(404) User=2.66s Sys=0.00s Real=0.44s
[2022-03-13T03:39:05.209+0800][2812.148s] GC(405) Pause Young (Concurrent Start) (G1 Preventive Collection)
[2022-03-13T03:39:05.209+0800][2812.148s] GC(405) Using 8 workers of 8 for evacuation
[2022-03-13T03:39:05.210+0800][2812.149s] GC(405)   Pre Evacuate Collection Set: 0.1ms
[2022-03-13T03:39:05.210+0800][2812.149s] GC(405)   Merge Heap Roots: 0.0ms
[2022-03-13T03:39:05.210+0800][2812.149s] GC(405)   Evacuate Collection Set: 0.5ms
[2022-03-13T03:39:05.210+0800][2812.149s] GC(405)   Post Evacuate Collection Set: 0.2ms
[2022-03-13T03:39:05.210+0800][2812.149s] GC(405)   Other: 0.2ms
[2022-03-13T03:39:05.210+0800][2812.149s] GC(405) Eden regions: 1->0(24)
[2022-03-13T03:39:05.210+0800][2812.149s] GC(405) Survivor regions: 0->1(1)
[2022-03-13T03:39:05.210+0800][2812.149s] GC(405) Old regions: 465->465
[2022-03-13T03:39:05.210+0800][2812.149s] GC(405) Archive regions: 0->0
[2022-03-13T03:39:05.210+0800][2812.149s] GC(405) Humongous regions: 45->45
[2022-03-13T03:39:05.210+0800][2812.149s] GC(405) Metaspace: 53873K(54144K)->53873K(54144K) NonClass: 47640K(47808K)->47640K(47808K) Class: 6232K(6336K)->6232K(6336K)
[2022-03-13T03:39:05.210+0800][2812.149s] GC(405) Pause Young (Concurrent Start) (G1 Preventive Collection) 510M->509M(512M) 1.186ms
[2022-03-13T03:39:05.210+0800][2812.149s] GC(405) User=0.00s Sys=0.00s Real=0.00s
[2022-03-13T03:39:05.210+0800][2812.149s] GC(406) Concurrent Mark Cycle
[2022-03-13T03:39:05.210+0800][2812.150s] GC(406) Concurrent Clear Claimed Marks
[2022-03-13T03:39:05.210+0800][2812.150s] GC(406) Concurrent Clear Claimed Marks 0.019ms
[2022-03-13T03:39:05.210+0800][2812.150s] GC(406) Concurrent Scan Root Regions
[2022-03-13T03:39:05.210+0800][2812.150s] GC(406) Concurrent Scan Root Regions 0.192ms
[2022-03-13T03:39:05.210+0800][2812.150s] GC(406) Concurrent Mark
[2022-03-13T03:39:05.210+0800][2812.150s] GC(406) Concurrent Mark From Roots
[2022-03-13T03:39:05.210+0800][2812.150s] GC(406) Using 2 workers of 2 for marking
[2022-03-13T03:39:06.049+0800][2812.989s] GC(406) Concurrent Mark From Roots 839.575ms
[2022-03-13T03:39:06.050+0800][2812.989s] GC(406) Concurrent Preclean
[2022-03-13T03:39:06.050+0800][2812.990s] GC(406) Concurrent Preclean 0.245ms
[2022-03-13T03:39:06.050+0800][2812.990s] GC(406) Pause Remark
[2022-03-13T03:39:06.053+0800][2812.993s] GC(406) Pause Remark 509M->494M(512M) 2.738ms
[2022-03-13T03:39:06.053+0800][2812.993s] GC(406) User=0.00s Sys=0.00s Real=0.00s
[2022-03-13T03:39:06.053+0800][2812.993s] GC(406) Concurrent Mark 842.919ms
[2022-03-13T03:39:06.053+0800][2812.993s] GC(406) Concurrent Rebuild Remembered Sets
[2022-03-13T03:39:06.424+0800][2813.364s] GC(406) Concurrent Rebuild Remembered Sets 370.991ms
[2022-03-13T03:39:06.424+0800][2813.364s] GC(406) Pause Cleanup
[2022-03-13T03:39:06.424+0800][2813.364s] GC(406) Pause Cleanup 494M->494M(512M) 0.107ms
[2022-03-13T03:39:06.424+0800][2813.364s] GC(406) User=0.00s Sys=0.00s Real=0.00s
[2022-03-13T03:39:06.424+0800][2813.364s] GC(406) Concurrent Cleanup for Next Mark
[2022-03-13T03:39:06.425+0800][2813.364s] GC(406) Concurrent Cleanup for Next Mark 0.254ms
[2022-03-13T03:39:06.425+0800][2813.364s] GC(406) Concurrent Mark Cycle 1214.768ms
[2022-03-13T03:39:20.159+0800][2827.100s] GC(407) Pause Young (Prepare Mixed) (G1 Preventive Collection)
[2022-03-13T03:39:20.159+0800][2827.100s] GC(407) Using 8 workers of 8 for evacuation
[2022-03-13T03:39:20.161+0800][2827.101s] GC(407)   Pre Evacuate Collection Set: 0.1ms
[2022-03-13T03:39:20.161+0800][2827.101s] GC(407)   Merge Heap Roots: 0.1ms
[2022-03-13T03:39:20.161+0800][2827.101s] GC(407)   Evacuate Collection Set: 0.3ms
[2022-03-13T03:39:20.161+0800][2827.101s] GC(407)   Post Evacuate Collection Set: 0.4ms
[2022-03-13T03:39:20.161+0800][2827.101s] GC(407)   Other: 0.1ms
[2022-03-13T03:39:20.161+0800][2827.101s] GC(407) Eden regions: 1->0(24)
[2022-03-13T03:39:20.161+0800][2827.101s] GC(407) Survivor regions: 1->1(4)
[2022-03-13T03:39:20.161+0800][2827.101s] GC(407) Old regions: 465->465
[2022-03-13T03:39:20.161+0800][2827.101s] GC(407) Archive regions: 0->0
[2022-03-13T03:39:20.161+0800][2827.101s] GC(407) Humongous regions: 30->30
[2022-03-13T03:39:20.161+0800][2827.101s] GC(407) Metaspace: 53879K(54144K)->53879K(54144K) NonClass: 47647K(47808K)->47647K(47808K) Class: 6232K(6336K)->6232K(6336K)
[2022-03-13T03:39:20.161+0800][2827.101s] GC(407) Pause Young (Prepare Mixed) (G1 Preventive Collection) 494M->494M(512M) 1.122ms
[2022-03-13T03:39:20.161+0800][2827.101s] GC(407) User=0.00s Sys=0.00s Real=0.00s
[2022-03-13T03:39:20.161+0800][2827.101s] Attempting full compaction
[2022-03-13T03:39:20.161+0800][2827.101s] GC(408) Using 8 workers of 8 for full compaction
[2022-03-13T03:39:20.161+0800][2827.101s] GC(408) Pause Full (G1 Compaction Pause)
[2022-03-13T03:39:20.161+0800][2827.101s] GC(408) Phase 1: Mark live objects
[2022-03-13T03:39:20.333+0800][2827.273s] GC(408) Phase 1: Mark live objects 171.370ms
[2022-03-13T03:39:20.333+0800][2827.273s] GC(408) Phase 2: Prepare for compaction
[2022-03-13T03:39:20.334+0800][2827.273s] GC(408) Phase 2: Prepare for compaction 0.575ms
[2022-03-13T03:39:20.334+0800][2827.273s] GC(408) Phase 3: Adjust pointers
[2022-03-13T03:39:20.385+0800][2827.324s] GC(408) Phase 3: Adjust pointers 51.131ms
[2022-03-13T03:39:20.385+0800][2827.324s] GC(408) Phase 4: Compact heap
[2022-03-13T03:39:20.385+0800][2827.325s] GC(408) Phase 4: Compact heap 0.119ms
[2022-03-13T03:39:20.392+0800][2827.333s] GC(408) Eden regions: 0->0(25)
[2022-03-13T03:39:20.392+0800][2827.333s] GC(408) Survivor regions: 1->0(4)
[2022-03-13T03:39:20.392+0800][2827.333s] GC(408) Old regions: 465->466
[2022-03-13T03:39:20.392+0800][2827.333s] GC(408) Archive regions: 0->0
[2022-03-13T03:39:20.392+0800][2827.333s] GC(408) Humongous regions: 30->30
[2022-03-13T03:39:20.392+0800][2827.333s] GC(408) Metaspace: 53879K(54144K)->53879K(54144K) NonClass: 47647K(47808K)->47647K(47808K) Class: 6232K(6336K)->6232K(6336K)
[2022-03-13T03:39:20.392+0800][2827.333s] GC(408) Pause Full (G1 Compaction Pause) 494M->494M(512M) 231.886ms
[2022-03-13T03:39:20.392+0800][2827.333s] GC(408) User=1.34s Sys=0.02s Real=0.23s
[2022-03-13T03:39:20.404+0800][2827.343s] GC(409) Pause Young (Concurrent Start) (G1 Humongous Allocation)
[2022-03-13T03:39:20.404+0800][2827.343s] GC(409) Using 8 workers of 8 for evacuation
[2022-03-13T03:39:20.406+0800][2827.345s] GC(409) To-space exhausted
[2022-03-13T03:39:20.406+0800][2827.345s] GC(409)   Pre Evacuate Collection Set: 0.2ms
[2022-03-13T03:39:20.406+0800][2827.345s] GC(409)   Merge Heap Roots: 0.0ms
[2022-03-13T03:39:20.406+0800][2827.345s] GC(409)   Evacuate Collection Set: 1.0ms
[2022-03-13T03:39:20.406+0800][2827.345s] GC(409)   Post Evacuate Collection Set: 0.3ms
[2022-03-13T03:39:20.406+0800][2827.345s] GC(409)   Other: 0.4ms
[2022-03-13T03:39:20.406+0800][2827.345s] GC(409) Eden regions: 1->0(25)
[2022-03-13T03:39:20.406+0800][2827.345s] GC(409) Survivor regions: 0->0(0)
[2022-03-13T03:39:20.406+0800][2827.345s] GC(409) Old regions: 466->467
[2022-03-13T03:39:20.406+0800][2827.345s] GC(409) Archive regions: 0->0
[2022-03-13T03:39:20.406+0800][2827.345s] GC(409) Humongous regions: 45->45
[2022-03-13T03:39:20.406+0800][2827.345s] GC(409) Metaspace: 53883K(54144K)->53883K(54144K) NonClass: 47651K(47808K)->47651K(47808K) Class: 6232K(6336K)->6232K(6336K)
[2022-03-13T03:39:20.406+0800][2827.345s] GC(409) Pause Young (Concurrent Start) (G1 Humongous Allocation) 509M->509M(512M) 2.088ms
[2022-03-13T03:39:20.406+0800][2827.346s] GC(409) User=0.00s Sys=0.00s Real=0.00s
[2022-03-13T03:39:20.406+0800][2827.346s] Attempting full compaction clearing soft references
[2022-03-13T03:39:20.406+0800][2827.346s] GC(410) Concurrent Mark Cycle
[2022-03-13T03:39:20.406+0800][2827.346s] GC(411) Using 8 workers of 8 for full compaction
[2022-03-13T03:39:20.406+0800][2827.346s] GC(410) Concurrent Clear Claimed Marks
[2022-03-13T03:39:20.406+0800][2827.346s] GC(410) Concurrent Clear Claimed Marks 0.058ms
[2022-03-13T03:39:20.406+0800][2827.346s] GC(410) Concurrent Scan Root Regions
[2022-03-13T03:39:20.406+0800][2827.346s] GC(410) Concurrent Scan Root Regions 0.017ms
[2022-03-13T03:39:20.406+0800][2827.346s] GC(410) Concurrent Mark
[2022-03-13T03:39:20.406+0800][2827.346s] GC(410) Concurrent Mark From Roots
[2022-03-13T03:39:20.406+0800][2827.346s] GC(410) Using 2 workers of 2 for marking
[2022-03-13T03:39:20.406+0800][2827.346s] GC(411) Pause Full (G1 Compaction Pause)
[2022-03-13T03:39:20.406+0800][2827.346s] GC(411) Phase 1: Mark live objects
[2022-03-13T03:39:20.648+0800][2827.587s] GC(411) Phase 1: Mark live objects 241.501ms
[2022-03-13T03:39:20.648+0800][2827.588s] GC(411) Phase 2: Prepare for compaction
[2022-03-13T03:39:20.648+0800][2827.588s] GC(411) Phase 2: Prepare for compaction 0.661ms
[2022-03-13T03:39:20.648+0800][2827.588s] GC(411) Phase 3: Adjust pointers
[2022-03-13T03:39:20.708+0800][2827.647s] GC(411) Phase 3: Adjust pointers 58.793ms
[2022-03-13T03:39:20.708+0800][2827.647s] GC(411) Phase 4: Compact heap
[2022-03-13T03:39:20.708+0800][2827.647s] GC(411) Phase 4: Compact heap 0.169ms
[2022-03-13T03:39:20.723+0800][2827.662s] GC(411) Eden regions: 0->0(25)
[2022-03-13T03:39:20.723+0800][2827.662s] GC(411) Survivor regions: 0->0(0)
[2022-03-13T03:39:20.723+0800][2827.662s] GC(411) Old regions: 467->465
[2022-03-13T03:39:20.723+0800][2827.662s] GC(411) Archive regions: 0->0
[2022-03-13T03:39:20.723+0800][2827.662s] GC(411) Humongous regions: 45->45
[2022-03-13T03:39:20.723+0800][2827.662s] GC(411) Metaspace: 53883K(54144K)->53883K(54144K) NonClass: 47651K(47808K)->47651K(47808K) Class: 6232K(6336K)->6232K(6336K)
[2022-03-13T03:39:20.723+0800][2827.662s] GC(411) Pause Full (G1 Compaction Pause) 509M->509M(512M) 316.490ms
[2022-03-13T03:39:20.723+0800][2827.663s] GC(411) User=1.59s Sys=0.02s Real=0.32s
[2022-03-13T03:39:20.723+0800][2827.663s] GC(410) Concurrent Mark From Roots 317.490ms
[2022-03-13T03:39:20.723+0800][2827.663s] GC(410) Concurrent Mark Abort
[2022-03-13T03:39:20.723+0800][2827.663s] GC(410) Concurrent Mark Cycle 317.710ms
[2022-03-13T03:39:20.724+0800][2827.663s] GC(412) Pause Young (Normal) (G1 Humongous Allocation)
[2022-03-13T03:39:20.724+0800][2827.663s] GC(412) Using 8 workers of 8 for evacuation
[2022-03-13T03:39:20.724+0800][2827.664s] GC(412)   Pre Evacuate Collection Set: 0.1ms
[2022-03-13T03:39:20.724+0800][2827.664s] GC(412)   Merge Heap Roots: 0.0ms
[2022-03-13T03:39:20.724+0800][2827.664s] GC(412)   Evacuate Collection Set: 0.2ms
[2022-03-13T03:39:20.724+0800][2827.664s] GC(412)   Post Evacuate Collection Set: 0.3ms
[2022-03-13T03:39:20.724+0800][2827.664s] GC(412)   Other: 0.2ms
[2022-03-13T03:39:20.724+0800][2827.664s] GC(412) Eden regions: 1->0(24)
[2022-03-13T03:39:20.724+0800][2827.664s] GC(412) Survivor regions: 0->1(1)
[2022-03-13T03:39:20.724+0800][2827.664s] GC(412) Old regions: 465->465
[2022-03-13T03:39:20.724+0800][2827.664s] GC(412) Archive regions: 0->0
[2022-03-13T03:39:20.724+0800][2827.664s] GC(412) Humongous regions: 45->45
[2022-03-13T03:39:20.724+0800][2827.664s] GC(412) Metaspace: 53883K(54144K)->53883K(54144K) NonClass: 47651K(47808K)->47651K(47808K) Class: 6232K(6336K)->6232K(6336K)
[2022-03-13T03:39:20.724+0800][2827.664s] GC(412) Pause Young (Normal) (G1 Humongous Allocation) 509M->509M(512M) 0.947ms
[2022-03-13T03:39:20.725+0800][2827.664s] GC(412) User=0.00s Sys=0.00s Real=0.00s
[2022-03-13T03:39:20.725+0800][2827.664s] Attempting full compaction
[2022-03-13T03:39:20.725+0800][2827.664s] GC(413) Using 8 workers of 8 for full compaction
[2022-03-13T03:39:20.725+0800][2827.665s] GC(413) Pause Full (G1 Compaction Pause)
[2022-03-13T03:39:20.725+0800][2827.665s] GC(413) Phase 1: Mark live objects
[2022-03-13T03:39:21.008+0800][2827.948s] GC(413) Phase 1: Mark live objects 282.956ms
[2022-03-13T03:39:21.008+0800][2827.948s] GC(413) Phase 2: Prepare for compaction
[2022-03-13T03:39:21.009+0800][2827.948s] GC(413) Phase 2: Prepare for compaction 0.651ms
[2022-03-13T03:39:21.009+0800][2827.948s] GC(413) Phase 3: Adjust pointers
[2022-03-13T03:39:21.075+0800][2828.015s] GC(413) Phase 3: Adjust pointers 66.294ms
[2022-03-13T03:39:21.075+0800][2828.015s] GC(413) Phase 4: Compact heap
[2022-03-13T03:39:21.075+0800][2828.015s] GC(413) Phase 4: Compact heap 0.165ms
[2022-03-13T03:39:21.084+0800][2828.023s] GC(413) Eden regions: 0->0(25)
[2022-03-13T03:39:21.084+0800][2828.023s] GC(413) Survivor regions: 1->0(1)
[2022-03-13T03:39:21.084+0800][2828.023s] GC(413) Old regions: 465->466
[2022-03-13T03:39:21.084+0800][2828.023s] GC(413) Archive regions: 0->0
[2022-03-13T03:39:21.084+0800][2828.023s] GC(413) Humongous regions: 45->45
[2022-03-13T03:39:21.084+0800][2828.023s] GC(413) Metaspace: 53883K(54144K)->53883K(54144K) NonClass: 47651K(47808K)->47651K(47808K) Class: 6232K(6336K)->6232K(6336K)
[2022-03-13T03:39:21.084+0800][2828.023s] GC(413) Pause Full (G1 Compaction Pause) 509M->509M(512M) 358.479ms
[2022-03-13T03:39:21.084+0800][2828.024s] GC(413) User=2.34s Sys=0.02s Real=0.36s
[2022-03-13T03:39:21.084+0800][2828.024s] Attempting maximum full compaction clearing soft references
[2022-03-13T03:39:21.084+0800][2828.024s] GC(414) Using 8 workers of 8 for full compaction
[2022-03-13T03:39:21.084+0800][2828.024s] GC(414) Pause Full (G1 Compaction Pause)
[2022-03-13T03:39:21.084+0800][2828.024s] GC(414) Phase 1: Mark live objects
[2022-03-13T03:39:21.381+0800][2828.320s] GC(414) Phase 1: Mark live objects 296.163ms
[2022-03-13T03:39:21.381+0800][2828.320s] GC(414) Phase 2: Prepare for compaction
[2022-03-13T03:39:21.436+0800][2828.375s] GC(414) Phase 2: Prepare for compaction 55.121ms
[2022-03-13T03:39:21.436+0800][2828.375s] GC(414) Phase 3: Adjust pointers
[2022-03-13T03:39:21.511+0800][2828.451s] GC(414) Phase 3: Adjust pointers 75.335ms
[2022-03-13T03:39:21.511+0800][2828.451s] GC(414) Phase 4: Compact heap
[2022-03-13T03:39:21.551+0800][2828.491s] GC(414) Phase 4: Compact heap 39.844ms
[2022-03-13T03:39:21.562+0800][2828.502s] GC(414) Eden regions: 0->0(25)
[2022-03-13T03:39:21.562+0800][2828.502s] GC(414) Survivor regions: 0->0(1)
[2022-03-13T03:39:21.562+0800][2828.502s] GC(414) Old regions: 466->465
[2022-03-13T03:39:21.562+0800][2828.502s] GC(414) Archive regions: 0->0
[2022-03-13T03:39:21.562+0800][2828.502s] GC(414) Humongous regions: 45->45
[2022-03-13T03:39:21.562+0800][2828.502s] GC(414) Metaspace: 53883K(54144K)->53883K(54144K) NonClass: 47651K(47808K)->47651K(47808K) Class: 6232K(6336K)->6232K(6336K)
[2022-03-13T03:39:21.562+0800][2828.502s] GC(414) Pause Full (G1 Compaction Pause) 509M->509M(512M) 478.358ms
[2022-03-13T03:39:21.563+0800][2828.503s] GC(414) User=3.36s Sys=0.00s Real=0.48s
[2022-03-13T03:39:22.767+0800][2829.707s] GC(415) Pause Young (Concurrent Start) (G1 Preventive Collection)
[2022-03-13T03:39:22.767+0800][2829.707s] GC(415) Using 8 workers of 8 for evacuation
[2022-03-13T03:39:22.768+0800][2829.708s] GC(415)   Pre Evacuate Collection Set: 0.1ms
[2022-03-13T03:39:22.768+0800][2829.708s] GC(415)   Merge Heap Roots: 0.1ms
[2022-03-13T03:39:22.768+0800][2829.708s] GC(415)   Evacuate Collection Set: 0.4ms
[2022-03-13T03:39:22.768+0800][2829.708s] GC(415)   Post Evacuate Collection Set: 0.3ms
[2022-03-13T03:39:22.768+0800][2829.708s] GC(415)   Other: 0.1ms
[2022-03-13T03:39:22.768+0800][2829.708s] GC(415) Eden regions: 1->0(24)
[2022-03-13T03:39:22.768+0800][2829.708s] GC(415) Survivor regions: 0->1(1)
[2022-03-13T03:39:22.768+0800][2829.708s] GC(415) Old regions: 465->465
[2022-03-13T03:39:22.768+0800][2829.708s] GC(415) Archive regions: 0->0
[2022-03-13T03:39:22.768+0800][2829.708s] GC(415) Humongous regions: 45->45
[2022-03-13T03:39:22.768+0800][2829.708s] GC(415) Metaspace: 53887K(54144K)->53887K(54144K) NonClass: 47655K(47808K)->47655K(47808K) Class: 6232K(6336K)->6232K(6336K)
[2022-03-13T03:39:22.768+0800][2829.708s] GC(415) Pause Young (Concurrent Start) (G1 Preventive Collection) 510M->509M(512M) 1.130ms
[2022-03-13T03:39:22.768+0800][2829.708s] GC(415) User=0.00s Sys=0.00s Real=0.00s
[2022-03-13T03:39:22.768+0800][2829.708s] GC(416) Concurrent Mark Cycle
[2022-03-13T03:39:22.768+0800][2829.708s] GC(416) Concurrent Clear Claimed Marks
[2022-03-13T03:39:22.768+0800][2829.708s] GC(416) Concurrent Clear Claimed Marks 0.023ms
[2022-03-13T03:39:22.768+0800][2829.708s] GC(416) Concurrent Scan Root Regions
[2022-03-13T03:39:22.768+0800][2829.708s] GC(416) Concurrent Scan Root Regions 0.647ms
[2022-03-13T03:39:22.768+0800][2829.708s] GC(416) Concurrent Mark
[2022-03-13T03:39:22.768+0800][2829.708s] GC(416) Concurrent Mark From Roots
[2022-03-13T03:39:22.768+0800][2829.708s] GC(416) Using 2 workers of 2 for marking
[2022-03-13T03:39:23.568+0800][2830.508s] GC(416) Concurrent Mark From Roots 799.484ms
[2022-03-13T03:39:23.568+0800][2830.508s] GC(416) Concurrent Preclean
[2022-03-13T03:39:23.568+0800][2830.508s] GC(416) Concurrent Preclean 0.262ms
[2022-03-13T03:39:23.569+0800][2830.508s] GC(416) Pause Remark
[2022-03-13T03:39:23.573+0800][2830.512s] GC(416) Pause Remark 509M->494M(512M) 3.901ms
[2022-03-13T03:39:23.573+0800][2830.512s] GC(416) User=0.00s Sys=0.00s Real=0.00s
[2022-03-13T03:39:23.573+0800][2830.512s] GC(416) Concurrent Mark 803.980ms
[2022-03-13T03:39:23.573+0800][2830.512s] GC(416) Concurrent Rebuild Remembered Sets
[2022-03-13T03:39:23.939+0800][2830.879s] GC(416) Concurrent Rebuild Remembered Sets 366.105ms
[2022-03-13T03:39:23.939+0800][2830.879s] GC(416) Pause Cleanup
[2022-03-13T03:39:23.939+0800][2830.879s] GC(416) Pause Cleanup 494M->494M(512M) 0.118ms
[2022-03-13T03:39:23.939+0800][2830.879s] GC(416) User=0.00s Sys=0.00s Real=0.00s
[2022-03-13T03:39:23.939+0800][2830.879s] GC(416) Concurrent Cleanup for Next Mark
[2022-03-13T03:39:23.940+0800][2830.879s] GC(416) Concurrent Cleanup for Next Mark 0.510ms
[2022-03-13T03:39:23.940+0800][2830.879s] GC(416) Concurrent Mark Cycle 1171.807ms
[2022-03-13T03:40:07.333+0800][2874.273s] GC(417) Pause Young (Prepare Mixed) (G1 Preventive Collection)
[2022-03-13T03:40:07.334+0800][2874.273s] GC(417) Using 8 workers of 8 for evacuation
[2022-03-13T03:40:07.334+0800][2874.274s] GC(417)   Pre Evacuate Collection Set: 0.1ms
[2022-03-13T03:40:07.334+0800][2874.274s] GC(417)   Merge Heap Roots: 0.0ms
[2022-03-13T03:40:07.334+0800][2874.274s] GC(417)   Evacuate Collection Set: 0.3ms
[2022-03-13T03:40:07.334+0800][2874.274s] GC(417)   Post Evacuate Collection Set: 0.3ms
[2022-03-13T03:40:07.334+0800][2874.274s] GC(417)   Other: 0.1ms
[2022-03-13T03:40:07.334+0800][2874.274s] GC(417) Eden regions: 15->0(24)
[2022-03-13T03:40:07.334+0800][2874.274s] GC(417) Survivor regions: 1->1(1)
[2022-03-13T03:40:07.334+0800][2874.274s] GC(417) Old regions: 465->465
[2022-03-13T03:40:07.334+0800][2874.274s] GC(417) Archive regions: 0->0
[2022-03-13T03:40:07.334+0800][2874.274s] GC(417) Humongous regions: 30->30
[2022-03-13T03:40:07.334+0800][2874.274s] GC(417) Metaspace: 53889K(54144K)->53889K(54144K) NonClass: 47657K(47808K)->47657K(47808K) Class: 6232K(6336K)->6232K(6336K)
[2022-03-13T03:40:07.334+0800][2874.274s] GC(417) Pause Young (Prepare Mixed) (G1 Preventive Collection) 509M->494M(512M) 1.001ms
[2022-03-13T03:40:07.334+0800][2874.274s] GC(417) User=0.00s Sys=0.00s Real=0.00s
[2022-03-13T03:40:07.420+0800][2874.359s] GC(418) Pause Young (Mixed) (G1 Preventive Collection)
[2022-03-13T03:40:07.420+0800][2874.359s] GC(418) Using 8 workers of 8 for evacuation
[2022-03-13T03:40:07.421+0800][2874.360s] GC(418)   Pre Evacuate Collection Set: 0.1ms
[2022-03-13T03:40:07.421+0800][2874.360s] GC(418)   Merge Heap Roots: 0.0ms
[2022-03-13T03:40:07.421+0800][2874.360s] GC(418)   Evacuate Collection Set: 0.4ms
[2022-03-13T03:40:07.421+0800][2874.360s] GC(418)   Post Evacuate Collection Set: 0.3ms
[2022-03-13T03:40:07.421+0800][2874.360s] GC(418)   Other: 0.2ms
[2022-03-13T03:40:07.421+0800][2874.360s] GC(418) Eden regions: 14->0(24)
[2022-03-13T03:40:07.421+0800][2874.360s] GC(418) Survivor regions: 1->1(2)
[2022-03-13T03:40:07.421+0800][2874.360s] GC(418) Old regions: 465->465
[2022-03-13T03:40:07.421+0800][2874.360s] GC(418) Archive regions: 0->0
[2022-03-13T03:40:07.421+0800][2874.360s] GC(418) Humongous regions: 30->30
[2022-03-13T03:40:07.421+0800][2874.360s] GC(418) Metaspace: 53889K(54144K)->53889K(54144K) NonClass: 47657K(47808K)->47657K(47808K) Class: 6232K(6336K)->6232K(6336K)
[2022-03-13T03:40:07.421+0800][2874.360s] GC(418) Pause Young (Mixed) (G1 Preventive Collection) 508M->494M(512M) 1.049ms
[2022-03-13T03:40:07.421+0800][2874.361s] GC(418) User=0.00s Sys=0.00s Real=0.00s
[2022-03-13T03:40:07.515+0800][2874.454s] GC(419) Pause Young (Concurrent Start) (G1 Preventive Collection)
[2022-03-13T03:40:07.515+0800][2874.454s] GC(419) Using 8 workers of 8 for evacuation
[2022-03-13T03:40:07.516+0800][2874.455s] GC(419)   Pre Evacuate Collection Set: 0.1ms
[2022-03-13T03:40:07.516+0800][2874.455s] GC(419)   Merge Heap Roots: 0.1ms
[2022-03-13T03:40:07.516+0800][2874.455s] GC(419)   Evacuate Collection Set: 0.4ms
[2022-03-13T03:40:07.516+0800][2874.455s] GC(419)   Post Evacuate Collection Set: 0.4ms
[2022-03-13T03:40:07.516+0800][2874.455s] GC(419)   Other: 0.1ms
[2022-03-13T03:40:07.516+0800][2874.455s] GC(419) Eden regions: 15->0(24)
[2022-03-13T03:40:07.516+0800][2874.455s] GC(419) Survivor regions: 1->1(1)
[2022-03-13T03:40:07.516+0800][2874.455s] GC(419) Old regions: 465->465
[2022-03-13T03:40:07.516+0800][2874.455s] GC(419) Archive regions: 0->0
[2022-03-13T03:40:07.516+0800][2874.455s] GC(419) Humongous regions: 30->30
[2022-03-13T03:40:07.516+0800][2874.455s] GC(419) Metaspace: 53889K(54144K)->53889K(54144K) NonClass: 47657K(47808K)->47657K(47808K) Class: 6232K(6336K)->6232K(6336K)
[2022-03-13T03:40:07.516+0800][2874.455s] GC(419) Pause Young (Concurrent Start) (G1 Preventive Collection) 509M->494M(512M) 1.255ms
[2022-03-13T03:40:07.516+0800][2874.455s] GC(419) User=0.00s Sys=0.00s Real=0.00s
[2022-03-13T03:40:07.516+0800][2874.455s] GC(420) Concurrent Mark Cycle
[2022-03-13T03:40:07.516+0800][2874.455s] GC(420) Concurrent Clear Claimed Marks
[2022-03-13T03:40:07.516+0800][2874.455s] GC(420) Concurrent Clear Claimed Marks 0.022ms
[2022-03-13T03:40:07.516+0800][2874.455s] GC(420) Concurrent Scan Root Regions
[2022-03-13T03:40:07.516+0800][2874.456s] GC(420) Concurrent Scan Root Regions 0.886ms
[2022-03-13T03:40:07.516+0800][2874.456s] GC(420) Concurrent Mark
[2022-03-13T03:40:07.517+0800][2874.456s] GC(420) Concurrent Mark From Roots
[2022-03-13T03:40:07.517+0800][2874.456s] GC(420) Using 2 workers of 2 for marking
[2022-03-13T03:40:07.645+0800][2874.584s] GC(421) Pause Young (Normal) (G1 Preventive Collection)
[2022-03-13T03:40:07.645+0800][2874.584s] GC(421) Using 8 workers of 8 for evacuation
[2022-03-13T03:40:07.646+0800][2874.585s] GC(421)   Pre Evacuate Collection Set: 0.0ms
[2022-03-13T03:40:07.646+0800][2874.585s] GC(421)   Merge Heap Roots: 0.1ms
[2022-03-13T03:40:07.646+0800][2874.585s] GC(421)   Evacuate Collection Set: 0.3ms
[2022-03-13T03:40:07.646+0800][2874.585s] GC(421)   Post Evacuate Collection Set: 0.2ms
[2022-03-13T03:40:07.646+0800][2874.585s] GC(421)   Other: 0.1ms
[2022-03-13T03:40:07.646+0800][2874.585s] GC(421) Eden regions: 15->0(24)
[2022-03-13T03:40:07.646+0800][2874.585s] GC(421) Survivor regions: 1->1(1)
[2022-03-13T03:40:07.646+0800][2874.585s] GC(421) Old regions: 465->465
[2022-03-13T03:40:07.646+0800][2874.585s] GC(421) Archive regions: 0->0
[2022-03-13T03:40:07.646+0800][2874.585s] GC(421) Humongous regions: 30->30
[2022-03-13T03:40:07.646+0800][2874.585s] GC(421) Metaspace: 53889K(54144K)->53889K(54144K) NonClass: 47657K(47808K)->47657K(47808K) Class: 6232K(6336K)->6232K(6336K)
[2022-03-13T03:40:07.646+0800][2874.585s] GC(421) Pause Young (Normal) (G1 Preventive Collection) 509M->494M(512M) 0.954ms
[2022-03-13T03:40:07.646+0800][2874.585s] GC(421) User=0.00s Sys=0.00s Real=0.00s
[2022-03-13T03:40:07.781+0800][2874.721s] GC(422) Pause Young (Normal) (G1 Preventive Collection)
[2022-03-13T03:40:07.781+0800][2874.721s] GC(422) Using 8 workers of 8 for evacuation
[2022-03-13T03:40:07.782+0800][2874.722s] GC(422)   Pre Evacuate Collection Set: 0.1ms
[2022-03-13T03:40:07.782+0800][2874.722s] GC(422)   Merge Heap Roots: 0.0ms
[2022-03-13T03:40:07.782+0800][2874.722s] GC(422)   Evacuate Collection Set: 0.3ms
[2022-03-13T03:40:07.782+0800][2874.722s] GC(422)   Post Evacuate Collection Set: 0.2ms
[2022-03-13T03:40:07.782+0800][2874.722s] GC(422)   Other: 0.1ms
[2022-03-13T03:40:07.782+0800][2874.722s] GC(422) Eden regions: 15->0(24)
[2022-03-13T03:40:07.782+0800][2874.722s] GC(422) Survivor regions: 1->1(1)
[2022-03-13T03:40:07.782+0800][2874.722s] GC(422) Old regions: 465->465
[2022-03-13T03:40:07.782+0800][2874.722s] GC(422) Archive regions: 0->0
[2022-03-13T03:40:07.782+0800][2874.722s] GC(422) Humongous regions: 30->30
[2022-03-13T03:40:07.782+0800][2874.722s] GC(422) Metaspace: 53889K(54144K)->53889K(54144K) NonClass: 47657K(47808K)->47657K(47808K) Class: 6232K(6336K)->6232K(6336K)
[2022-03-13T03:40:07.782+0800][2874.722s] GC(422) Pause Young (Normal) (G1 Preventive Collection) 509M->494M(512M) 0.795ms
[2022-03-13T03:40:07.782+0800][2874.722s] GC(422) User=0.00s Sys=0.00s Real=0.00s
[2022-03-13T03:40:07.928+0800][2874.867s] GC(423) Pause Young (Normal) (G1 Preventive Collection)
[2022-03-13T03:40:07.928+0800][2874.867s] GC(423) Using 8 workers of 8 for evacuation
[2022-03-13T03:40:07.928+0800][2874.868s] GC(423)   Pre Evacuate Collection Set: 0.0ms
[2022-03-13T03:40:07.928+0800][2874.868s] GC(423)   Merge Heap Roots: 0.0ms
[2022-03-13T03:40:07.928+0800][2874.868s] GC(423)   Evacuate Collection Set: 0.3ms
[2022-03-13T03:40:07.928+0800][2874.868s] GC(423)   Post Evacuate Collection Set: 0.2ms
[2022-03-13T03:40:07.928+0800][2874.868s] GC(423)   Other: 0.1ms
[2022-03-13T03:40:07.928+0800][2874.868s] GC(423) Eden regions: 15->0(24)
[2022-03-13T03:40:07.928+0800][2874.868s] GC(423) Survivor regions: 1->1(1)
[2022-03-13T03:40:07.929+0800][2874.868s] GC(423) Old regions: 465->465
[2022-03-13T03:40:07.929+0800][2874.868s] GC(423) Archive regions: 0->0
[2022-03-13T03:40:07.929+0800][2874.868s] GC(423) Humongous regions: 30->30
[2022-03-13T03:40:07.929+0800][2874.868s] GC(423) Metaspace: 53889K(54144K)->53889K(54144K) NonClass: 47657K(47808K)->47657K(47808K) Class: 6232K(6336K)->6232K(6336K)
[2022-03-13T03:40:07.929+0800][2874.868s] GC(423) Pause Young (Normal) (G1 Preventive Collection) 509M->494M(512M) 0.822ms
[2022-03-13T03:40:07.929+0800][2874.868s] GC(423) User=0.00s Sys=0.00s Real=0.00s
[2022-03-13T03:40:08.005+0800][2874.945s] GC(420) Concurrent Mark From Roots 488.497ms
[2022-03-13T03:40:08.005+0800][2874.945s] GC(420) Concurrent Preclean
[2022-03-13T03:40:08.005+0800][2874.945s] GC(420) Concurrent Preclean 0.219ms
[2022-03-13T03:40:08.006+0800][2874.945s] GC(420) Pause Remark
[2022-03-13T03:40:08.008+0800][2874.948s] GC(420) Pause Remark 502M->502M(512M) 2.648ms
[2022-03-13T03:40:08.009+0800][2874.948s] GC(420) User=0.00s Sys=0.00s Real=0.00s
[2022-03-13T03:40:08.009+0800][2874.948s] GC(420) Concurrent Mark 491.759ms
[2022-03-13T03:40:08.009+0800][2874.948s] GC(420) Concurrent Rebuild Remembered Sets
[2022-03-13T03:40:08.080+0800][2875.020s] GC(424) Pause Young (Normal) (G1 Preventive Collection)
[2022-03-13T03:40:08.080+0800][2875.020s] GC(424) Using 8 workers of 8 for evacuation
[2022-03-13T03:40:08.081+0800][2875.020s] GC(424)   Pre Evacuate Collection Set: 0.1ms
[2022-03-13T03:40:08.081+0800][2875.020s] GC(424)   Merge Heap Roots: 0.1ms
[2022-03-13T03:40:08.081+0800][2875.020s] GC(424)   Evacuate Collection Set: 0.3ms
[2022-03-13T03:40:08.081+0800][2875.021s] GC(424)   Post Evacuate Collection Set: 0.3ms
[2022-03-13T03:40:08.081+0800][2875.021s] GC(424)   Other: 0.1ms
[2022-03-13T03:40:08.081+0800][2875.021s] GC(424) Eden regions: 15->0(24)
[2022-03-13T03:40:08.081+0800][2875.021s] GC(424) Survivor regions: 1->1(1)
[2022-03-13T03:40:08.081+0800][2875.021s] GC(424) Old regions: 465->465
[2022-03-13T03:40:08.081+0800][2875.021s] GC(424) Archive regions: 0->0
[2022-03-13T03:40:08.081+0800][2875.021s] GC(424) Humongous regions: 30->30
[2022-03-13T03:40:08.081+0800][2875.021s] GC(424) Metaspace: 53889K(54144K)->53889K(54144K) NonClass: 47657K(47808K)->47657K(47808K) Class: 6232K(6336K)->6232K(6336K)
[2022-03-13T03:40:08.081+0800][2875.021s] GC(424) Pause Young (Normal) (G1 Preventive Collection) 509M->494M(512M) 1.052ms
[2022-03-13T03:40:08.081+0800][2875.021s] GC(424) User=0.00s Sys=0.00s Real=0.00s
[2022-03-13T03:40:08.247+0800][2875.187s] GC(425) Pause Young (Normal) (G1 Preventive Collection)
[2022-03-13T03:40:08.247+0800][2875.187s] GC(425) Using 8 workers of 8 for evacuation
[2022-03-13T03:40:08.248+0800][2875.188s] GC(425)   Pre Evacuate Collection Set: 0.1ms
[2022-03-13T03:40:08.248+0800][2875.188s] GC(425)   Merge Heap Roots: 0.0ms
[2022-03-13T03:40:08.248+0800][2875.188s] GC(425)   Evacuate Collection Set: 0.3ms
[2022-03-13T03:40:08.248+0800][2875.188s] GC(425)   Post Evacuate Collection Set: 0.3ms
[2022-03-13T03:40:08.248+0800][2875.188s] GC(425)   Other: 0.1ms
[2022-03-13T03:40:08.248+0800][2875.188s] GC(425) Eden regions: 15->0(24)
[2022-03-13T03:40:08.248+0800][2875.188s] GC(425) Survivor regions: 1->1(1)
[2022-03-13T03:40:08.248+0800][2875.188s] GC(425) Old regions: 465->465
[2022-03-13T03:40:08.248+0800][2875.188s] GC(425) Archive regions: 0->0
[2022-03-13T03:40:08.248+0800][2875.188s] GC(425) Humongous regions: 30->30
[2022-03-13T03:40:08.248+0800][2875.188s] GC(425) Metaspace: 53889K(54144K)->53889K(54144K) NonClass: 47657K(47808K)->47657K(47808K) Class: 6232K(6336K)->6232K(6336K)
[2022-03-13T03:40:08.248+0800][2875.188s] GC(425) Pause Young (Normal) (G1 Preventive Collection) 509M->494M(512M) 0.943ms
[2022-03-13T03:40:08.248+0800][2875.188s] GC(425) User=0.00s Sys=0.00s Real=0.00s
[2022-03-13T03:40:08.284+0800][2875.224s] GC(420) Concurrent Rebuild Remembered Sets 275.753ms
[2022-03-13T03:40:08.285+0800][2875.224s] GC(420) Pause Cleanup
[2022-03-13T03:40:08.285+0800][2875.224s] GC(420) Pause Cleanup 497M->497M(512M) 0.188ms
[2022-03-13T03:40:08.285+0800][2875.224s] GC(420) User=0.00s Sys=0.00s Real=0.00s
[2022-03-13T03:40:08.285+0800][2875.224s] GC(420) Concurrent Cleanup for Next Mark
[2022-03-13T03:40:08.285+0800][2875.225s] GC(420) Concurrent Cleanup for Next Mark 0.286ms
[2022-03-13T03:40:08.285+0800][2875.225s] GC(420) Concurrent Mark Cycle 769.269ms
[2022-03-13T03:40:08.400+0800][2875.340s] GC(426) Pause Young (Prepare Mixed) (G1 Preventive Collection)
[2022-03-13T03:40:08.400+0800][2875.340s] GC(426) Using 8 workers of 8 for evacuation
[2022-03-13T03:40:08.401+0800][2875.341s] GC(426)   Pre Evacuate Collection Set: 0.1ms
[2022-03-13T03:40:08.401+0800][2875.341s] GC(426)   Merge Heap Roots: 0.0ms
[2022-03-13T03:40:08.401+0800][2875.341s] GC(426)   Evacuate Collection Set: 0.3ms
[2022-03-13T03:40:08.401+0800][2875.341s] GC(426)   Post Evacuate Collection Set: 0.3ms
[2022-03-13T03:40:08.401+0800][2875.341s] GC(426)   Other: 0.1ms
[2022-03-13T03:40:08.401+0800][2875.341s] GC(426) Eden regions: 15->0(24)
[2022-03-13T03:40:08.401+0800][2875.341s] GC(426) Survivor regions: 1->1(1)
[2022-03-13T03:40:08.401+0800][2875.341s] GC(426) Old regions: 465->465
[2022-03-13T03:40:08.401+0800][2875.341s] GC(426) Archive regions: 0->0
[2022-03-13T03:40:08.401+0800][2875.341s] GC(426) Humongous regions: 30->30
[2022-03-13T03:40:08.401+0800][2875.341s] GC(426) Metaspace: 53889K(54144K)->53889K(54144K) NonClass: 47657K(47808K)->47657K(47808K) Class: 6232K(6336K)->6232K(6336K)
[2022-03-13T03:40:08.401+0800][2875.341s] GC(426) Pause Young (Prepare Mixed) (G1 Preventive Collection) 509M->494M(512M) 1.027ms
[2022-03-13T03:40:08.401+0800][2875.341s] GC(426) User=0.00s Sys=0.00s Real=0.00s
[2022-03-13T03:40:08.528+0800][2875.468s] GC(427) Pause Young (Mixed) (G1 Preventive Collection)
[2022-03-13T03:40:08.528+0800][2875.468s] GC(427) Using 8 workers of 8 for evacuation
[2022-03-13T03:40:08.530+0800][2875.469s] GC(427)   Pre Evacuate Collection Set: 0.1ms
[2022-03-13T03:40:08.530+0800][2875.469s] GC(427)   Merge Heap Roots: 0.1ms
[2022-03-13T03:40:08.530+0800][2875.469s] GC(427)   Evacuate Collection Set: 1.0ms
[2022-03-13T03:40:08.530+0800][2875.469s] GC(427)   Post Evacuate Collection Set: 0.3ms
[2022-03-13T03:40:08.530+0800][2875.469s] GC(427)   Other: 0.2ms
[2022-03-13T03:40:08.530+0800][2875.469s] GC(427) Eden regions: 14->0(24)
[2022-03-13T03:40:08.530+0800][2875.470s] GC(427) Survivor regions: 1->1(2)
[2022-03-13T03:40:08.530+0800][2875.470s] GC(427) Old regions: 465->464
[2022-03-13T03:40:08.530+0800][2875.470s] GC(427) Archive regions: 0->0
[2022-03-13T03:40:08.530+0800][2875.470s] GC(427) Humongous regions: 30->30
[2022-03-13T03:40:08.530+0800][2875.470s] GC(427) Metaspace: 53889K(54144K)->53889K(54144K) NonClass: 47657K(47808K)->47657K(47808K) Class: 6232K(6336K)->6232K(6336K)
[2022-03-13T03:40:08.530+0800][2875.470s] GC(427) Pause Young (Mixed) (G1 Preventive Collection) 508M->494M(512M) 1.837ms
[2022-03-13T03:40:08.530+0800][2875.470s] GC(427) User=0.00s Sys=0.00s Real=0.00s
[2022-03-13T03:40:08.663+0800][2875.603s] GC(428) Pause Young (Concurrent Start) (G1 Preventive Collection)
[2022-03-13T03:40:08.663+0800][2875.603s] GC(428) Using 8 workers of 8 for evacuation
[2022-03-13T03:40:08.665+0800][2875.605s] GC(428)   Pre Evacuate Collection Set: 0.1ms
[2022-03-13T03:40:08.665+0800][2875.605s] GC(428)   Merge Heap Roots: 0.1ms
[2022-03-13T03:40:08.665+0800][2875.605s] GC(428)   Evacuate Collection Set: 0.5ms
[2022-03-13T03:40:08.665+0800][2875.605s] GC(428)   Post Evacuate Collection Set: 0.5ms
[2022-03-13T03:40:08.665+0800][2875.605s] GC(428)   Other: 0.1ms
[2022-03-13T03:40:08.665+0800][2875.605s] GC(428) Eden regions: 16->0(24)
[2022-03-13T03:40:08.665+0800][2875.605s] GC(428) Survivor regions: 1->1(1)
[2022-03-13T03:40:08.665+0800][2875.605s] GC(428) Old regions: 464->464
[2022-03-13T03:40:08.665+0800][2875.605s] GC(428) Archive regions: 0->0
[2022-03-13T03:40:08.665+0800][2875.605s] GC(428) Humongous regions: 30->30
[2022-03-13T03:40:08.665+0800][2875.605s] GC(428) Metaspace: 53889K(54144K)->53889K(54144K) NonClass: 47657K(47808K)->47657K(47808K) Class: 6232K(6336K)->6232K(6336K)
[2022-03-13T03:40:08.665+0800][2875.605s] GC(428) Pause Young (Concurrent Start) (G1 Preventive Collection) 510M->494M(512M) 1.496ms
[2022-03-13T03:40:08.665+0800][2875.605s] GC(428) User=0.00s Sys=0.00s Real=0.00s
[2022-03-13T03:40:08.665+0800][2875.605s] GC(429) Concurrent Mark Cycle
[2022-03-13T03:40:08.665+0800][2875.605s] GC(429) Concurrent Clear Claimed Marks
[2022-03-13T03:40:08.665+0800][2875.605s] GC(429) Concurrent Clear Claimed Marks 0.017ms
[2022-03-13T03:40:08.665+0800][2875.605s] GC(429) Concurrent Scan Root Regions
[2022-03-13T03:40:08.666+0800][2875.606s] GC(429) Concurrent Scan Root Regions 0.723ms
[2022-03-13T03:40:08.666+0800][2875.606s] GC(429) Concurrent Mark
[2022-03-13T03:40:08.666+0800][2875.606s] GC(429) Concurrent Mark From Roots
[2022-03-13T03:40:08.666+0800][2875.606s] GC(429) Using 2 workers of 2 for marking
[2022-03-13T03:40:09.045+0800][2875.985s] GC(430) Pause Young (Normal) (G1 Preventive Collection)
[2022-03-13T03:40:09.045+0800][2875.985s] GC(430) Using 8 workers of 8 for evacuation
[2022-03-13T03:40:09.047+0800][2875.986s] GC(430)   Pre Evacuate Collection Set: 0.1ms
[2022-03-13T03:40:09.047+0800][2875.986s] GC(430)   Merge Heap Roots: 0.1ms
[2022-03-13T03:40:09.047+0800][2875.986s] GC(430)   Evacuate Collection Set: 0.5ms
[2022-03-13T03:40:09.047+0800][2875.986s] GC(430)   Post Evacuate Collection Set: 0.3ms
[2022-03-13T03:40:09.047+0800][2875.987s] GC(430)   Other: 0.1ms
[2022-03-13T03:40:09.047+0800][2875.987s] GC(430) Eden regions: 16->0(24)
[2022-03-13T03:40:09.047+0800][2875.987s] GC(430) Survivor regions: 1->1(1)
[2022-03-13T03:40:09.047+0800][2875.987s] GC(430) Old regions: 464->464
[2022-03-13T03:40:09.047+0800][2875.987s] GC(430) Archive regions: 0->0
[2022-03-13T03:40:09.047+0800][2875.987s] GC(430) Humongous regions: 30->30
[2022-03-13T03:40:09.047+0800][2875.987s] GC(430) Metaspace: 53889K(54144K)->53889K(54144K) NonClass: 47657K(47808K)->47657K(47808K) Class: 6232K(6336K)->6232K(6336K)
[2022-03-13T03:40:09.047+0800][2875.987s] GC(430) Pause Young (Normal) (G1 Preventive Collection) 510M->494M(512M) 1.392ms
[2022-03-13T03:40:09.047+0800][2875.987s] GC(430) User=0.00s Sys=0.00s Real=0.00s
[2022-03-13T03:40:09.419+0800][2876.359s] GC(429) Concurrent Mark From Roots 752.780ms
[2022-03-13T03:40:09.419+0800][2876.359s] GC(429) Concurrent Preclean
[2022-03-13T03:40:09.419+0800][2876.359s] GC(429) Concurrent Preclean 0.235ms
[2022-03-13T03:40:09.420+0800][2876.359s] GC(429) Pause Remark
[2022-03-13T03:40:09.424+0800][2876.364s] GC(429) Pause Remark 509M->509M(512M) 4.723ms
[2022-03-13T03:40:09.424+0800][2876.364s] GC(429) User=0.00s Sys=0.00s Real=0.00s
[2022-03-13T03:40:09.424+0800][2876.364s] GC(429) Concurrent Mark 758.053ms
[2022-03-13T03:40:09.424+0800][2876.364s] GC(429) Concurrent Rebuild Remembered Sets
[2022-03-13T03:40:09.824+0800][2876.763s] GC(429) Concurrent Rebuild Remembered Sets 399.119ms
[2022-03-13T03:40:09.824+0800][2876.763s] GC(429) Pause Cleanup
[2022-03-13T03:40:09.824+0800][2876.763s] GC(429) Pause Cleanup 509M->509M(512M) 0.231ms
[2022-03-13T03:40:09.824+0800][2876.763s] GC(429) User=0.00s Sys=0.00s Real=0.00s
[2022-03-13T03:40:09.824+0800][2876.763s] GC(429) Concurrent Cleanup for Next Mark
[2022-03-13T03:40:09.824+0800][2876.764s] GC(429) Concurrent Cleanup for Next Mark 0.462ms
[2022-03-13T03:40:09.824+0800][2876.764s] GC(429) Concurrent Mark Cycle 1159.042ms
[2022-03-13T03:40:19.335+0800][2886.274s] GC(431) Pause Young (Normal) (G1 Preventive Collection)
[2022-03-13T03:40:19.335+0800][2886.274s] GC(431) Using 8 workers of 8 for evacuation
[2022-03-13T03:40:19.335+0800][2886.275s] GC(431)   Pre Evacuate Collection Set: 0.1ms
[2022-03-13T03:40:19.335+0800][2886.275s] GC(431)   Merge Heap Roots: 0.0ms
[2022-03-13T03:40:19.335+0800][2886.275s] GC(431)   Evacuate Collection Set: 0.4ms
[2022-03-13T03:40:19.335+0800][2886.275s] GC(431)   Post Evacuate Collection Set: 0.2ms
[2022-03-13T03:40:19.335+0800][2886.275s] GC(431)   Other: 0.1ms
[2022-03-13T03:40:19.335+0800][2886.275s] GC(431) Eden regions: 16->0(24)
[2022-03-13T03:40:19.335+0800][2886.275s] GC(431) Survivor regions: 1->1(1)
[2022-03-13T03:40:19.335+0800][2886.275s] GC(431) Old regions: 464->464
[2022-03-13T03:40:19.335+0800][2886.275s] GC(431) Archive regions: 0->0
[2022-03-13T03:40:19.335+0800][2886.275s] GC(431) Humongous regions: 30->30
[2022-03-13T03:40:19.335+0800][2886.275s] GC(431) Metaspace: 53892K(54144K)->53892K(54144K) NonClass: 47660K(47808K)->47660K(47808K) Class: 6232K(6336K)->6232K(6336K)
[2022-03-13T03:40:19.335+0800][2886.275s] GC(431) Pause Young (Normal) (G1 Preventive Collection) 510M->494M(512M) 0.940ms
[2022-03-13T03:40:19.335+0800][2886.275s] GC(431) User=0.00s Sys=0.00s Real=0.00s
[2022-03-13T03:40:35.168+0800][2902.108s] GC(432) Pause Young (Concurrent Start) (G1 Preventive Collection)
[2022-03-13T03:40:35.168+0800][2902.108s] GC(432) Using 8 workers of 8 for evacuation
[2022-03-13T03:40:35.169+0800][2902.109s] GC(432)   Pre Evacuate Collection Set: 0.1ms
[2022-03-13T03:40:35.169+0800][2902.109s] GC(432)   Merge Heap Roots: 0.1ms
[2022-03-13T03:40:35.169+0800][2902.109s] GC(432)   Evacuate Collection Set: 0.5ms
[2022-03-13T03:40:35.169+0800][2902.109s] GC(432)   Post Evacuate Collection Set: 0.3ms
[2022-03-13T03:40:35.169+0800][2902.109s] GC(432)   Other: 0.2ms
[2022-03-13T03:40:35.169+0800][2902.109s] GC(432) Eden regions: 16->0(24)
[2022-03-13T03:40:35.169+0800][2902.109s] GC(432) Survivor regions: 1->1(1)
[2022-03-13T03:40:35.169+0800][2902.109s] GC(432) Old regions: 464->464
[2022-03-13T03:40:35.169+0800][2902.109s] GC(432) Archive regions: 0->0
[2022-03-13T03:40:35.169+0800][2902.109s] GC(432) Humongous regions: 30->30
[2022-03-13T03:40:35.169+0800][2902.109s] GC(432) Metaspace: 53892K(54144K)->53892K(54144K) NonClass: 47660K(47808K)->47660K(47808K) Class: 6232K(6336K)->6232K(6336K)
[2022-03-13T03:40:35.169+0800][2902.109s] GC(432) Pause Young (Concurrent Start) (G1 Preventive Collection) 510M->494M(512M) 1.184ms
[2022-03-13T03:40:35.169+0800][2902.109s] GC(432) User=0.08s Sys=0.00s Real=0.00s
[2022-03-13T03:40:35.169+0800][2902.109s] GC(433) Concurrent Mark Cycle
[2022-03-13T03:40:35.170+0800][2902.109s] GC(433) Concurrent Clear Claimed Marks
[2022-03-13T03:40:35.170+0800][2902.109s] GC(433) Concurrent Clear Claimed Marks 0.016ms
[2022-03-13T03:40:35.170+0800][2902.109s] GC(433) Concurrent Scan Root Regions
[2022-03-13T03:40:35.170+0800][2902.110s] GC(433) Concurrent Scan Root Regions 0.575ms
[2022-03-13T03:40:35.170+0800][2902.110s] GC(433) Concurrent Mark
[2022-03-13T03:40:35.170+0800][2902.110s] GC(433) Concurrent Mark From Roots
[2022-03-13T03:40:35.170+0800][2902.110s] GC(433) Using 2 workers of 2 for marking
[2022-03-13T03:40:35.905+0800][2902.845s] GC(433) Concurrent Mark From Roots 735.172ms
[2022-03-13T03:40:35.905+0800][2902.845s] GC(433) Concurrent Preclean
[2022-03-13T03:40:35.905+0800][2902.845s] GC(433) Concurrent Preclean 0.154ms
[2022-03-13T03:40:35.905+0800][2902.845s] GC(433) Pause Remark
[2022-03-13T03:40:35.909+0800][2902.848s] GC(433) Pause Remark 494M->494M(512M) 3.055ms
[2022-03-13T03:40:35.909+0800][2902.848s] GC(433) User=0.00s Sys=0.00s Real=0.00s
[2022-03-13T03:40:35.909+0800][2902.848s] GC(433) Concurrent Mark 738.627ms
[2022-03-13T03:40:35.909+0800][2902.848s] GC(433) Concurrent Rebuild Remembered Sets
[2022-03-13T03:40:36.332+0800][2903.272s] GC(433) Concurrent Rebuild Remembered Sets 423.461ms
[2022-03-13T03:40:36.333+0800][2903.272s] GC(433) Pause Cleanup
[2022-03-13T03:40:36.333+0800][2903.272s] GC(433) Pause Cleanup 494M->494M(512M) 0.132ms
[2022-03-13T03:40:36.333+0800][2903.272s] GC(433) User=0.00s Sys=0.00s Real=0.00s
[2022-03-13T03:40:36.333+0800][2903.272s] GC(433) Concurrent Cleanup for Next Mark
[2022-03-13T03:40:36.333+0800][2903.273s] GC(433) Concurrent Cleanup for Next Mark 0.492ms
[2022-03-13T03:40:36.333+0800][2903.273s] GC(433) Concurrent Mark Cycle 1163.665ms
[2022-03-13T03:41:07.370+0800][2934.310s] GC(434) Pause Young (Normal) (G1 Preventive Collection)
[2022-03-13T03:41:07.371+0800][2934.310s] GC(434) Using 8 workers of 8 for evacuation
[2022-03-13T03:41:07.371+0800][2934.311s] GC(434)   Pre Evacuate Collection Set: 0.1ms
[2022-03-13T03:41:07.371+0800][2934.311s] GC(434)   Merge Heap Roots: 0.0ms
[2022-03-13T03:41:07.371+0800][2934.311s] GC(434)   Evacuate Collection Set: 0.4ms
[2022-03-13T03:41:07.371+0800][2934.311s] GC(434)   Post Evacuate Collection Set: 0.3ms
[2022-03-13T03:41:07.371+0800][2934.311s] GC(434)   Other: 0.1ms
[2022-03-13T03:41:07.371+0800][2934.311s] GC(434) Eden regions: 16->0(24)
[2022-03-13T03:41:07.371+0800][2934.311s] GC(434) Survivor regions: 1->1(1)
[2022-03-13T03:41:07.371+0800][2934.311s] GC(434) Old regions: 464->464
[2022-03-13T03:41:07.371+0800][2934.311s] GC(434) Archive regions: 0->0
[2022-03-13T03:41:07.371+0800][2934.311s] GC(434) Humongous regions: 30->30
[2022-03-13T03:41:07.371+0800][2934.311s] GC(434) Metaspace: 53902K(54144K)->53902K(54144K) NonClass: 47670K(47808K)->47670K(47808K) Class: 6232K(6336K)->6232K(6336K)
[2022-03-13T03:41:07.371+0800][2934.311s] GC(434) Pause Young (Normal) (G1 Preventive Collection) 510M->494M(512M) 1.085ms
[2022-03-13T03:41:07.371+0800][2934.311s] GC(434) User=0.00s Sys=0.00s Real=0.00s
[2022-03-13T03:41:07.544+0800][2934.484s] GC(435) Pause Young (Concurrent Start) (G1 Preventive Collection)
[2022-03-13T03:41:07.544+0800][2934.484s] GC(435) Using 8 workers of 8 for evacuation
[2022-03-13T03:41:07.545+0800][2934.485s] GC(435)   Pre Evacuate Collection Set: 0.1ms
[2022-03-13T03:41:07.545+0800][2934.485s] GC(435)   Merge Heap Roots: 0.0ms
[2022-03-13T03:41:07.545+0800][2934.485s] GC(435)   Evacuate Collection Set: 0.6ms
[2022-03-13T03:41:07.545+0800][2934.485s] GC(435)   Post Evacuate Collection Set: 0.3ms
[2022-03-13T03:41:07.545+0800][2934.485s] GC(435)   Other: 0.3ms
[2022-03-13T03:41:07.545+0800][2934.485s] GC(435) Eden regions: 16->0(24)
[2022-03-13T03:41:07.545+0800][2934.485s] GC(435) Survivor regions: 1->1(1)
[2022-03-13T03:41:07.545+0800][2934.485s] GC(435) Old regions: 464->464
[2022-03-13T03:41:07.545+0800][2934.485s] GC(435) Archive regions: 0->0
[2022-03-13T03:41:07.545+0800][2934.485s] GC(435) Humongous regions: 30->30
[2022-03-13T03:41:07.545+0800][2934.485s] GC(435) Metaspace: 53902K(54144K)->53902K(54144K) NonClass: 47670K(47808K)->47670K(47808K) Class: 6232K(6336K)->6232K(6336K)
[2022-03-13T03:41:07.545+0800][2934.485s] GC(435) Pause Young (Concurrent Start) (G1 Preventive Collection) 510M->494M(512M) 1.425ms
[2022-03-13T03:41:07.545+0800][2934.485s] GC(435) User=0.00s Sys=0.00s Real=0.00s
[2022-03-13T03:41:07.545+0800][2934.485s] GC(436) Concurrent Mark Cycle
[2022-03-13T03:41:07.545+0800][2934.485s] GC(436) Concurrent Clear Claimed Marks
[2022-03-13T03:41:07.545+0800][2934.485s] GC(436) Concurrent Clear Claimed Marks 0.022ms
[2022-03-13T03:41:07.545+0800][2934.485s] GC(436) Concurrent Scan Root Regions
[2022-03-13T03:41:07.545+0800][2934.486s] GC(436) Concurrent Scan Root Regions 0.495ms
[2022-03-13T03:41:07.545+0800][2934.486s] GC(436) Concurrent Mark
[2022-03-13T03:41:07.545+0800][2934.486s] GC(436) Concurrent Mark From Roots
[2022-03-13T03:41:07.545+0800][2934.486s] GC(436) Using 2 workers of 2 for marking
[2022-03-13T03:41:07.770+0800][2934.710s] GC(437) Pause Young (Normal) (G1 Preventive Collection)
[2022-03-13T03:41:07.770+0800][2934.710s] GC(437) Using 8 workers of 8 for evacuation
[2022-03-13T03:41:07.771+0800][2934.710s] GC(437)   Pre Evacuate Collection Set: 0.1ms
[2022-03-13T03:41:07.771+0800][2934.710s] GC(437)   Merge Heap Roots: 0.0ms
[2022-03-13T03:41:07.771+0800][2934.710s] GC(437)   Evacuate Collection Set: 0.4ms
[2022-03-13T03:41:07.771+0800][2934.710s] GC(437)   Post Evacuate Collection Set: 0.2ms
[2022-03-13T03:41:07.771+0800][2934.710s] GC(437)   Other: 0.1ms
[2022-03-13T03:41:07.771+0800][2934.711s] GC(437) Eden regions: 16->0(24)
[2022-03-13T03:41:07.771+0800][2934.711s] GC(437) Survivor regions: 1->1(1)
[2022-03-13T03:41:07.771+0800][2934.711s] GC(437) Old regions: 464->464
[2022-03-13T03:41:07.771+0800][2934.711s] GC(437) Archive regions: 0->0
[2022-03-13T03:41:07.771+0800][2934.711s] GC(437) Humongous regions: 30->30
[2022-03-13T03:41:07.771+0800][2934.711s] GC(437) Metaspace: 53902K(54144K)->53902K(54144K) NonClass: 47670K(47808K)->47670K(47808K) Class: 6232K(6336K)->6232K(6336K)
[2022-03-13T03:41:07.771+0800][2934.711s] GC(437) Pause Young (Normal) (G1 Preventive Collection) 510M->494M(512M) 0.922ms
[2022-03-13T03:41:07.771+0800][2934.711s] GC(437) User=0.00s Sys=0.00s Real=0.00s
[2022-03-13T03:41:08.015+0800][2934.954s] GC(438) Pause Young (Normal) (G1 Preventive Collection)
[2022-03-13T03:41:08.015+0800][2934.954s] GC(438) Using 8 workers of 8 for evacuation
[2022-03-13T03:41:08.015+0800][2934.955s] GC(438)   Pre Evacuate Collection Set: 0.1ms
[2022-03-13T03:41:08.015+0800][2934.955s] GC(438)   Merge Heap Roots: 0.0ms
[2022-03-13T03:41:08.015+0800][2934.955s] GC(438)   Evacuate Collection Set: 0.4ms
[2022-03-13T03:41:08.015+0800][2934.955s] GC(438)   Post Evacuate Collection Set: 0.2ms
[2022-03-13T03:41:08.015+0800][2934.955s] GC(438)   Other: 0.1ms
[2022-03-13T03:41:08.015+0800][2934.955s] GC(438) Eden regions: 16->0(24)
[2022-03-13T03:41:08.015+0800][2934.955s] GC(438) Survivor regions: 1->1(1)
[2022-03-13T03:41:08.015+0800][2934.955s] GC(438) Old regions: 464->464
[2022-03-13T03:41:08.015+0800][2934.955s] GC(438) Archive regions: 0->0
[2022-03-13T03:41:08.015+0800][2934.955s] GC(438) Humongous regions: 30->30
[2022-03-13T03:41:08.015+0800][2934.955s] GC(438) Metaspace: 53902K(54144K)->53902K(54144K) NonClass: 47670K(47808K)->47670K(47808K) Class: 6232K(6336K)->6232K(6336K)
[2022-03-13T03:41:08.016+0800][2934.955s] GC(438) Pause Young (Normal) (G1 Preventive Collection) 510M->494M(512M) 1.081ms
[2022-03-13T03:41:08.016+0800][2934.955s] GC(438) User=0.00s Sys=0.00s Real=0.00s
[2022-03-13T03:41:08.288+0800][2935.228s] GC(439) Pause Young (Normal) (G1 Preventive Collection)
[2022-03-13T03:41:08.288+0800][2935.228s] GC(439) Using 8 workers of 8 for evacuation
[2022-03-13T03:41:08.290+0800][2935.229s] GC(439)   Pre Evacuate Collection Set: 0.1ms
[2022-03-13T03:41:08.290+0800][2935.229s] GC(439)   Merge Heap Roots: 0.0ms
[2022-03-13T03:41:08.290+0800][2935.229s] GC(439)   Evacuate Collection Set: 0.4ms
[2022-03-13T03:41:08.290+0800][2935.230s] GC(439)   Post Evacuate Collection Set: 0.3ms
[2022-03-13T03:41:08.290+0800][2935.230s] GC(439)   Other: 0.2ms
[2022-03-13T03:41:08.290+0800][2935.230s] GC(439) Eden regions: 16->0(24)
[2022-03-13T03:41:08.290+0800][2935.230s] GC(439) Survivor regions: 1->1(1)
[2022-03-13T03:41:08.290+0800][2935.230s] GC(439) Old regions: 464->464
[2022-03-13T03:41:08.290+0800][2935.230s] GC(439) Archive regions: 0->0
[2022-03-13T03:41:08.290+0800][2935.230s] GC(439) Humongous regions: 30->30
[2022-03-13T03:41:08.290+0800][2935.230s] GC(439) Metaspace: 53902K(54144K)->53902K(54144K) NonClass: 47670K(47808K)->47670K(47808K) Class: 6232K(6336K)->6232K(6336K)
[2022-03-13T03:41:08.290+0800][2935.230s] GC(439) Pause Young (Normal) (G1 Preventive Collection) 510M->494M(512M) 1.486ms
[2022-03-13T03:41:08.290+0800][2935.230s] GC(439) User=0.00s Sys=0.00s Real=0.00s
[2022-03-13T03:41:08.365+0800][2935.305s] GC(436) Concurrent Mark From Roots 819.282ms
[2022-03-13T03:41:08.365+0800][2935.305s] GC(436) Concurrent Preclean
[2022-03-13T03:41:08.365+0800][2935.305s] GC(436) Concurrent Preclean 0.217ms
[2022-03-13T03:41:08.366+0800][2935.306s] GC(436) Pause Remark
[2022-03-13T03:41:08.370+0800][2935.309s] GC(436) Pause Remark 498M->498M(512M) 3.252ms
[2022-03-13T03:41:08.370+0800][2935.309s] GC(436) User=0.00s Sys=0.00s Real=0.00s
[2022-03-13T03:41:08.370+0800][2935.309s] GC(436) Concurrent Mark 823.111ms
[2022-03-13T03:41:08.370+0800][2935.309s] GC(436) Concurrent Rebuild Remembered Sets
[2022-03-13T03:41:08.551+0800][2935.490s] GC(440) Pause Young (Normal) (G1 Preventive Collection)
[2022-03-13T03:41:08.551+0800][2935.490s] GC(440) Using 8 workers of 8 for evacuation
[2022-03-13T03:41:08.552+0800][2935.491s] GC(440)   Pre Evacuate Collection Set: 0.1ms
[2022-03-13T03:41:08.552+0800][2935.491s] GC(440)   Merge Heap Roots: 0.0ms
[2022-03-13T03:41:08.552+0800][2935.491s] GC(440)   Evacuate Collection Set: 0.3ms
[2022-03-13T03:41:08.552+0800][2935.491s] GC(440)   Post Evacuate Collection Set: 0.3ms
[2022-03-13T03:41:08.552+0800][2935.491s] GC(440)   Other: 0.2ms
[2022-03-13T03:41:08.552+0800][2935.491s] GC(440) Eden regions: 16->0(24)
[2022-03-13T03:41:08.552+0800][2935.491s] GC(440) Survivor regions: 1->1(1)
[2022-03-13T03:41:08.552+0800][2935.491s] GC(440) Old regions: 464->464
[2022-03-13T03:41:08.552+0800][2935.491s] GC(440) Archive regions: 0->0
[2022-03-13T03:41:08.552+0800][2935.491s] GC(440) Humongous regions: 30->30
[2022-03-13T03:41:08.552+0800][2935.491s] GC(440) Metaspace: 53902K(54144K)->53902K(54144K) NonClass: 47670K(47808K)->47670K(47808K) Class: 6232K(6336K)->6232K(6336K)
[2022-03-13T03:41:08.552+0800][2935.491s] GC(440) Pause Young (Normal) (G1 Preventive Collection) 510M->494M(512M) 1.197ms
[2022-03-13T03:41:08.552+0800][2935.491s] GC(440) User=0.00s Sys=0.00s Real=0.00s
[2022-03-13T03:41:08.818+0800][2935.758s] GC(441) Pause Young (Normal) (G1 Preventive Collection)
[2022-03-13T03:41:08.818+0800][2935.758s] GC(441) Using 8 workers of 8 for evacuation
[2022-03-13T03:41:08.819+0800][2935.759s] GC(441)   Pre Evacuate Collection Set: 0.1ms
[2022-03-13T03:41:08.819+0800][2935.759s] GC(441)   Merge Heap Roots: 0.0ms
[2022-03-13T03:41:08.819+0800][2935.759s] GC(441)   Evacuate Collection Set: 0.4ms
[2022-03-13T03:41:08.819+0800][2935.759s] GC(441)   Post Evacuate Collection Set: 0.3ms
[2022-03-13T03:41:08.819+0800][2935.759s] GC(441)   Other: 0.2ms
[2022-03-13T03:41:08.819+0800][2935.759s] GC(441) Eden regions: 16->0(24)
[2022-03-13T03:41:08.819+0800][2935.759s] GC(441) Survivor regions: 1->1(1)
[2022-03-13T03:41:08.820+0800][2935.759s] GC(441) Old regions: 464->464
[2022-03-13T03:41:08.820+0800][2935.759s] GC(441) Archive regions: 0->0
[2022-03-13T03:41:08.820+0800][2935.759s] GC(441) Humongous regions: 30->30
[2022-03-13T03:41:08.820+0800][2935.759s] GC(441) Metaspace: 53902K(54144K)->53902K(54144K) NonClass: 47670K(47808K)->47670K(47808K) Class: 6232K(6336K)->6232K(6336K)
[2022-03-13T03:41:08.820+0800][2935.759s] GC(441) Pause Young (Normal) (G1 Preventive Collection) 510M->494M(512M) 1.407ms
[2022-03-13T03:41:08.820+0800][2935.759s] GC(441) User=0.00s Sys=0.00s Real=0.00s
[2022-03-13T03:41:08.821+0800][2935.761s] GC(436) Concurrent Rebuild Remembered Sets 451.972ms
[2022-03-13T03:41:08.821+0800][2935.761s] GC(436) Pause Cleanup
[2022-03-13T03:41:08.822+0800][2935.761s] GC(436) Pause Cleanup 494M->494M(512M) 0.170ms
[2022-03-13T03:41:08.822+0800][2935.761s] GC(436) User=0.00s Sys=0.00s Real=0.00s
[2022-03-13T03:41:08.822+0800][2935.761s] GC(436) Concurrent Cleanup for Next Mark
[2022-03-13T03:41:08.822+0800][2935.762s] GC(436) Concurrent Cleanup for Next Mark 0.317ms
[2022-03-13T03:41:08.822+0800][2935.762s] GC(436) Concurrent Mark Cycle 1276.401ms
[2022-03-13T03:41:09.045+0800][2935.985s] GC(442) Pause Young (Normal) (G1 Preventive Collection)
[2022-03-13T03:41:09.045+0800][2935.985s] GC(442) Using 8 workers of 8 for evacuation
[2022-03-13T03:41:09.046+0800][2935.986s] GC(442)   Pre Evacuate Collection Set: 0.1ms
[2022-03-13T03:41:09.046+0800][2935.986s] GC(442)   Merge Heap Roots: 0.1ms
[2022-03-13T03:41:09.046+0800][2935.986s] GC(442)   Evacuate Collection Set: 0.4ms
[2022-03-13T03:41:09.047+0800][2935.986s] GC(442)   Post Evacuate Collection Set: 0.4ms
[2022-03-13T03:41:09.047+0800][2935.986s] GC(442)   Other: 0.2ms
[2022-03-13T03:41:09.047+0800][2935.986s] GC(442) Eden regions: 16->0(24)
[2022-03-13T03:41:09.047+0800][2935.986s] GC(442) Survivor regions: 1->1(1)
[2022-03-13T03:41:09.047+0800][2935.986s] GC(442) Old regions: 464->464
[2022-03-13T03:41:09.047+0800][2935.986s] GC(442) Archive regions: 0->0
[2022-03-13T03:41:09.047+0800][2935.986s] GC(442) Humongous regions: 30->30
[2022-03-13T03:41:09.047+0800][2935.986s] GC(442) Metaspace: 53902K(54144K)->53902K(54144K) NonClass: 47670K(47808K)->47670K(47808K) Class: 6232K(6336K)->6232K(6336K)
[2022-03-13T03:41:09.047+0800][2935.986s] GC(442) Pause Young (Normal) (G1 Preventive Collection) 510M->494M(512M) 1.371ms
[2022-03-13T03:41:09.047+0800][2935.986s] GC(442) User=0.00s Sys=0.00s Real=0.00s
[2022-03-13T03:41:09.279+0800][2936.218s] GC(443) Pause Young (Concurrent Start) (G1 Preventive Collection)
[2022-03-13T03:41:09.279+0800][2936.218s] GC(443) Using 8 workers of 8 for evacuation
[2022-03-13T03:41:09.280+0800][2936.219s] GC(443)   Pre Evacuate Collection Set: 0.1ms
[2022-03-13T03:41:09.280+0800][2936.219s] GC(443)   Merge Heap Roots: 0.1ms
[2022-03-13T03:41:09.280+0800][2936.219s] GC(443)   Evacuate Collection Set: 0.6ms
[2022-03-13T03:41:09.280+0800][2936.219s] GC(443)   Post Evacuate Collection Set: 0.3ms
[2022-03-13T03:41:09.280+0800][2936.219s] GC(443)   Other: 0.3ms
[2022-03-13T03:41:09.280+0800][2936.219s] GC(443) Eden regions: 16->0(24)
[2022-03-13T03:41:09.280+0800][2936.219s] GC(443) Survivor regions: 1->1(1)
[2022-03-13T03:41:09.280+0800][2936.219s] GC(443) Old regions: 464->464
[2022-03-13T03:41:09.280+0800][2936.219s] GC(443) Archive regions: 0->0
[2022-03-13T03:41:09.280+0800][2936.219s] GC(443) Humongous regions: 30->30
[2022-03-13T03:41:09.280+0800][2936.219s] GC(443) Metaspace: 53902K(54144K)->53902K(54144K) NonClass: 47670K(47808K)->47670K(47808K) Class: 6232K(6336K)->6232K(6336K)
[2022-03-13T03:41:09.280+0800][2936.219s] GC(443) Pause Young (Concurrent Start) (G1 Preventive Collection) 510M->494M(512M) 1.446ms
[2022-03-13T03:41:09.280+0800][2936.220s] GC(443) User=0.00s Sys=0.00s Real=0.00s
[2022-03-13T03:41:09.280+0800][2936.220s] GC(444) Concurrent Mark Cycle
[2022-03-13T03:41:09.280+0800][2936.220s] GC(444) Concurrent Clear Claimed Marks
[2022-03-13T03:41:09.280+0800][2936.220s] GC(444) Concurrent Clear Claimed Marks 0.021ms
[2022-03-13T03:41:09.280+0800][2936.220s] GC(444) Concurrent Scan Root Regions
[2022-03-13T03:41:09.281+0800][2936.221s] GC(444) Concurrent Scan Root Regions 1.176ms
[2022-03-13T03:41:09.281+0800][2936.221s] GC(444) Concurrent Mark
[2022-03-13T03:41:09.281+0800][2936.221s] GC(444) Concurrent Mark From Roots
[2022-03-13T03:41:09.281+0800][2936.221s] GC(444) Using 2 workers of 2 for marking
[2022-03-13T03:41:09.542+0800][2936.482s] GC(445) Pause Young (Normal) (G1 Preventive Collection)
[2022-03-13T03:41:09.543+0800][2936.482s] GC(445) Using 8 workers of 8 for evacuation
[2022-03-13T03:41:09.543+0800][2936.483s] GC(445)   Pre Evacuate Collection Set: 0.1ms
[2022-03-13T03:41:09.543+0800][2936.483s] GC(445)   Merge Heap Roots: 0.1ms
[2022-03-13T03:41:09.543+0800][2936.483s] GC(445)   Evacuate Collection Set: 0.4ms
[2022-03-13T03:41:09.543+0800][2936.483s] GC(445)   Post Evacuate Collection Set: 0.3ms
[2022-03-13T03:41:09.543+0800][2936.483s] GC(445)   Other: 0.2ms
[2022-03-13T03:41:09.543+0800][2936.483s] GC(445) Eden regions: 16->0(24)
[2022-03-13T03:41:09.543+0800][2936.483s] GC(445) Survivor regions: 1->1(1)
[2022-03-13T03:41:09.543+0800][2936.483s] GC(445) Old regions: 464->464
[2022-03-13T03:41:09.543+0800][2936.483s] GC(445) Archive regions: 0->0
[2022-03-13T03:41:09.543+0800][2936.483s] GC(445) Humongous regions: 30->30
[2022-03-13T03:41:09.543+0800][2936.483s] GC(445) Metaspace: 53902K(54144K)->53902K(54144K) NonClass: 47670K(47808K)->47670K(47808K) Class: 6232K(6336K)->6232K(6336K)
[2022-03-13T03:41:09.543+0800][2936.483s] GC(445) Pause Young (Normal) (G1 Preventive Collection) 510M->494M(512M) 1.411ms
[2022-03-13T03:41:09.543+0800][2936.483s] GC(445) User=0.08s Sys=0.00s Real=0.00s
[2022-03-13T03:41:09.790+0800][2936.729s] GC(446) Pause Young (Normal) (G1 Preventive Collection)
[2022-03-13T03:41:09.790+0800][2936.729s] GC(446) Using 8 workers of 8 for evacuation
[2022-03-13T03:41:09.791+0800][2936.730s] GC(446)   Pre Evacuate Collection Set: 0.1ms
[2022-03-13T03:41:09.791+0800][2936.730s] GC(446)   Merge Heap Roots: 0.0ms
[2022-03-13T03:41:09.791+0800][2936.730s] GC(446)   Evacuate Collection Set: 0.3ms
[2022-03-13T03:41:09.791+0800][2936.730s] GC(446)   Post Evacuate Collection Set: 0.2ms
[2022-03-13T03:41:09.791+0800][2936.730s] GC(446)   Other: 0.1ms
[2022-03-13T03:41:09.791+0800][2936.730s] GC(446) Eden regions: 16->0(24)
[2022-03-13T03:41:09.791+0800][2936.730s] GC(446) Survivor regions: 1->1(1)
[2022-03-13T03:41:09.791+0800][2936.730s] GC(446) Old regions: 464->464
[2022-03-13T03:41:09.791+0800][2936.730s] GC(446) Archive regions: 0->0
[2022-03-13T03:41:09.791+0800][2936.730s] GC(446) Humongous regions: 30->30
[2022-03-13T03:41:09.791+0800][2936.730s] GC(446) Metaspace: 53902K(54144K)->53902K(54144K) NonClass: 47670K(47808K)->47670K(47808K) Class: 6232K(6336K)->6232K(6336K)
[2022-03-13T03:41:09.791+0800][2936.730s] GC(446) Pause Young (Normal) (G1 Preventive Collection) 510M->494M(512M) 1.072ms
[2022-03-13T03:41:09.791+0800][2936.730s] GC(446) User=0.00s Sys=0.00s Real=0.00s
[2022-03-13T03:41:10.044+0800][2936.983s] GC(447) Pause Young (Normal) (G1 Preventive Collection)
[2022-03-13T03:41:10.044+0800][2936.983s] GC(447) Using 8 workers of 8 for evacuation
[2022-03-13T03:41:10.045+0800][2936.984s] GC(447)   Pre Evacuate Collection Set: 0.1ms
[2022-03-13T03:41:10.045+0800][2936.984s] GC(447)   Merge Heap Roots: 0.1ms
[2022-03-13T03:41:10.045+0800][2936.984s] GC(447)   Evacuate Collection Set: 0.4ms
[2022-03-13T03:41:10.045+0800][2936.984s] GC(447)   Post Evacuate Collection Set: 0.3ms
[2022-03-13T03:41:10.045+0800][2936.984s] GC(447)   Other: 0.1ms
[2022-03-13T03:41:10.045+0800][2936.984s] GC(447) Eden regions: 16->0(24)
[2022-03-13T03:41:10.045+0800][2936.984s] GC(447) Survivor regions: 1->1(1)
[2022-03-13T03:41:10.045+0800][2936.984s] GC(447) Old regions: 464->464
[2022-03-13T03:41:10.045+0800][2936.984s] GC(447) Archive regions: 0->0
[2022-03-13T03:41:10.045+0800][2936.984s] GC(447) Humongous regions: 30->30
[2022-03-13T03:41:10.045+0800][2936.984s] GC(447) Metaspace: 53902K(54144K)->53902K(54144K) NonClass: 47670K(47808K)->47670K(47808K) Class: 6232K(6336K)->6232K(6336K)
[2022-03-13T03:41:10.045+0800][2936.984s] GC(447) Pause Young (Normal) (G1 Preventive Collection) 510M->494M(512M) 1.085ms
[2022-03-13T03:41:10.045+0800][2936.984s] GC(447) User=0.00s Sys=0.00s Real=0.00s
[2022-03-13T03:41:10.081+0800][2937.020s] GC(444) Concurrent Mark From Roots 799.167ms
[2022-03-13T03:41:10.081+0800][2937.020s] GC(444) Concurrent Preclean
[2022-03-13T03:41:10.081+0800][2937.020s] GC(444) Concurrent Preclean 0.164ms
[2022-03-13T03:41:10.081+0800][2937.020s] GC(444) Pause Remark
[2022-03-13T03:41:10.085+0800][2937.024s] GC(444) Pause Remark 496M->496M(512M) 3.812ms
[2022-03-13T03:41:10.085+0800][2937.024s] GC(444) User=0.00s Sys=0.00s Real=0.00s
[2022-03-13T03:41:10.085+0800][2937.024s] GC(444) Concurrent Mark 803.569ms
[2022-03-13T03:41:10.085+0800][2937.024s] GC(444) Concurrent Rebuild Remembered Sets
[2022-03-13T03:41:10.495+0800][2937.434s] GC(444) Concurrent Rebuild Remembered Sets 409.487ms
[2022-03-13T03:41:10.495+0800][2937.434s] GC(444) Pause Cleanup
[2022-03-13T03:41:10.495+0800][2937.434s] GC(444) Pause Cleanup 502M->502M(512M) 0.232ms
[2022-03-13T03:41:10.495+0800][2937.435s] GC(444) User=0.00s Sys=0.00s Real=0.00s
[2022-03-13T03:41:10.495+0800][2937.435s] GC(444) Concurrent Cleanup for Next Mark
[2022-03-13T03:41:10.495+0800][2937.435s] GC(444) Concurrent Cleanup for Next Mark 0.561ms
[2022-03-13T03:41:10.495+0800][2937.435s] GC(444) Concurrent Mark Cycle 1215.658ms
[2022-03-13T03:46:23.190+0800][3250.134s] GC(448) Pause Young (Normal) (G1 Preventive Collection)
[2022-03-13T03:46:23.190+0800][3250.134s] GC(448) Using 8 workers of 8 for evacuation
[2022-03-13T03:46:23.196+0800][3250.135s] GC(448)   Pre Evacuate Collection Set: 0.1ms
[2022-03-13T03:46:23.196+0800][3250.135s] GC(448)   Merge Heap Roots: 0.1ms
[2022-03-13T03:46:23.196+0800][3250.135s] GC(448)   Evacuate Collection Set: 0.4ms
[2022-03-13T03:46:23.196+0800][3250.135s] GC(448)   Post Evacuate Collection Set: 0.2ms
[2022-03-13T03:46:23.196+0800][3250.135s] GC(448)   Other: 0.1ms
[2022-03-13T03:46:23.196+0800][3250.135s] GC(448) Eden regions: 16->0(24)
[2022-03-13T03:46:23.196+0800][3250.135s] GC(448) Survivor regions: 1->1(1)
[2022-03-13T03:46:23.196+0800][3250.135s] GC(448) Old regions: 464->464
[2022-03-13T03:46:23.196+0800][3250.135s] GC(448) Archive regions: 0->0
[2022-03-13T03:46:23.196+0800][3250.136s] GC(448) Humongous regions: 30->30
[2022-03-13T03:46:23.196+0800][3250.136s] GC(448) Metaspace: 53914K(54144K)->53914K(54144K) NonClass: 47682K(47808K)->47682K(47808K) Class: 6232K(6336K)->6232K(6336K)
[2022-03-13T03:46:23.196+0800][3250.136s] GC(448) Pause Young (Normal) (G1 Preventive Collection) 510M->494M(512M) 1.093ms
[2022-03-13T03:46:23.196+0800][3250.136s] GC(448) User=0.00s Sys=0.00s Real=0.01s
[2022-03-13T03:48:09.091+0800][3356.031s] GC(449) Pause Young (Concurrent Start) (G1 Humongous Allocation)
[2022-03-13T03:48:09.091+0800][3356.031s] GC(449) Using 8 workers of 8 for evacuation
[2022-03-13T03:48:09.092+0800][3356.032s] GC(449)   Pre Evacuate Collection Set: 0.1ms
[2022-03-13T03:48:09.092+0800][3356.032s] GC(449)   Merge Heap Roots: 0.0ms
[2022-03-13T03:48:09.092+0800][3356.032s] GC(449)   Evacuate Collection Set: 0.6ms
[2022-03-13T03:48:09.092+0800][3356.032s] GC(449)   Post Evacuate Collection Set: 0.2ms
[2022-03-13T03:48:09.092+0800][3356.032s] GC(449)   Other: 0.2ms
[2022-03-13T03:48:09.092+0800][3356.032s] GC(449) Eden regions: 2->0(24)
[2022-03-13T03:48:09.092+0800][3356.032s] GC(449) Survivor regions: 1->1(4)
[2022-03-13T03:48:09.092+0800][3356.032s] GC(449) Old regions: 464->464
[2022-03-13T03:48:09.092+0800][3356.032s] GC(449) Archive regions: 0->0
[2022-03-13T03:48:09.092+0800][3356.032s] GC(449) Humongous regions: 30->30
[2022-03-13T03:48:09.092+0800][3356.032s] GC(449) Metaspace: 53923K(54144K)->53923K(54144K) NonClass: 47690K(47808K)->47690K(47808K) Class: 6232K(6336K)->6232K(6336K)
[2022-03-13T03:48:09.092+0800][3356.032s] GC(449) Pause Young (Concurrent Start) (G1 Humongous Allocation) 495M->494M(512M) 1.180ms
[2022-03-13T03:48:09.092+0800][3356.032s] GC(449) User=0.00s Sys=0.00s Real=0.00s
[2022-03-13T03:48:09.092+0800][3356.032s] GC(450) Concurrent Mark Cycle
[2022-03-13T03:48:09.092+0800][3356.032s] GC(450) Concurrent Clear Claimed Marks
[2022-03-13T03:48:09.092+0800][3356.032s] GC(450) Concurrent Clear Claimed Marks 0.023ms
[2022-03-13T03:48:09.092+0800][3356.032s] GC(450) Concurrent Scan Root Regions
[2022-03-13T03:48:09.093+0800][3356.033s] GC(450) Concurrent Scan Root Regions 0.801ms
[2022-03-13T03:48:09.093+0800][3356.033s] GC(451) Pause Young (Normal) (G1 Humongous Allocation)
[2022-03-13T03:48:09.093+0800][3356.033s] GC(450) Concurrent Mark
[2022-03-13T03:48:09.093+0800][3356.033s] GC(451) Using 8 workers of 8 for evacuation
[2022-03-13T03:48:09.093+0800][3356.033s] GC(450) Concurrent Mark From Roots
[2022-03-13T03:48:09.093+0800][3356.033s] GC(450) Using 2 workers of 2 for marking
[2022-03-13T03:48:09.094+0800][3356.034s] GC(451)   Pre Evacuate Collection Set: 0.9ms
[2022-03-13T03:48:09.094+0800][3356.034s] GC(451)   Merge Heap Roots: 0.0ms
[2022-03-13T03:48:09.094+0800][3356.034s] GC(451)   Evacuate Collection Set: 0.3ms
[2022-03-13T03:48:09.094+0800][3356.034s] GC(451)   Post Evacuate Collection Set: 0.5ms
[2022-03-13T03:48:09.094+0800][3356.034s] GC(451)   Other: 0.2ms
[2022-03-13T03:48:09.094+0800][3356.034s] GC(451) Eden regions: 0->0(24)
[2022-03-13T03:48:09.094+0800][3356.034s] GC(451) Survivor regions: 1->1(4)
[2022-03-13T03:48:09.094+0800][3356.034s] GC(451) Old regions: 464->464
[2022-03-13T03:48:09.094+0800][3356.034s] GC(451) Archive regions: 0->0
[2022-03-13T03:48:09.094+0800][3356.034s] GC(451) Humongous regions: 30->30
[2022-03-13T03:48:09.094+0800][3356.034s] GC(451) Metaspace: 53923K(54144K)->53923K(54144K) NonClass: 47691K(47808K)->47691K(47808K) Class: 6232K(6336K)->6232K(6336K)
[2022-03-13T03:48:09.094+0800][3356.034s] GC(451) Pause Young (Normal) (G1 Humongous Allocation) 494M->494M(512M) 1.103ms
[2022-03-13T03:48:09.094+0800][3356.034s] GC(451) User=0.00s Sys=0.00s Real=0.00s
[2022-03-13T03:48:09.104+0800][3356.045s] GC(452) Pause Young (Normal) (G1 Humongous Allocation)
[2022-03-13T03:48:09.105+0800][3356.045s] GC(452) Using 8 workers of 8 for evacuation
[2022-03-13T03:48:09.106+0800][3356.046s] GC(452)   Pre Evacuate Collection Set: 0.1ms
[2022-03-13T03:48:09.106+0800][3356.046s] GC(452)   Merge Heap Roots: 0.1ms
[2022-03-13T03:48:09.106+0800][3356.046s] GC(452)   Evacuate Collection Set: 0.2ms
[2022-03-13T03:48:09.106+0800][3356.046s] GC(452)   Post Evacuate Collection Set: 0.5ms
[2022-03-13T03:48:09.106+0800][3356.046s] GC(452)   Other: 0.1ms
[2022-03-13T03:48:09.106+0800][3356.046s] GC(452) Eden regions: 1->0(24)
[2022-03-13T03:48:09.106+0800][3356.046s] GC(452) Survivor regions: 1->1(1)
[2022-03-13T03:48:09.106+0800][3356.046s] GC(452) Old regions: 464->464
[2022-03-13T03:48:09.106+0800][3356.046s] GC(452) Archive regions: 0->0
[2022-03-13T03:48:09.106+0800][3356.046s] GC(452) Humongous regions: 45->45
[2022-03-13T03:48:09.106+0800][3356.046s] GC(452) Metaspace: 53932K(54208K)->53932K(54208K) NonClass: 47700K(47872K)->47700K(47872K) Class: 6232K(6336K)->6232K(6336K)
[2022-03-13T03:48:09.106+0800][3356.046s] GC(452) Pause Young (Normal) (G1 Humongous Allocation) 509M->509M(512M) 1.156ms
[2022-03-13T03:48:09.106+0800][3356.046s] GC(452) User=0.02s Sys=0.00s Real=0.00s
[2022-03-13T03:48:09.106+0800][3356.046s] Attempting full compaction
[2022-03-13T03:48:09.106+0800][3356.046s] GC(453) Using 8 workers of 8 for full compaction
[2022-03-13T03:48:09.106+0800][3356.046s] GC(453) Pause Full (G1 Compaction Pause)
[2022-03-13T03:48:09.106+0800][3356.046s] GC(453) Phase 1: Mark live objects
[2022-03-13T03:48:09.278+0800][3356.218s] GC(453) Phase 1: Mark live objects 171.619ms
[2022-03-13T03:48:09.278+0800][3356.218s] GC(453) Phase 2: Prepare for compaction
[2022-03-13T03:48:09.279+0800][3356.219s] GC(453) Phase 2: Prepare for compaction 1.280ms
[2022-03-13T03:48:09.279+0800][3356.219s] GC(453) Phase 3: Adjust pointers
[2022-03-13T03:48:09.320+0800][3356.259s] GC(453) Phase 3: Adjust pointers 39.766ms
[2022-03-13T03:48:09.320+0800][3356.259s] GC(453) Phase 4: Compact heap
[2022-03-13T03:48:09.320+0800][3356.260s] GC(453) Phase 4: Compact heap 0.642ms
[2022-03-13T03:48:09.325+0800][3356.265s] GC(453) Eden regions: 0->0(25)
[2022-03-13T03:48:09.325+0800][3356.265s] GC(453) Survivor regions: 1->0(1)
[2022-03-13T03:48:09.325+0800][3356.265s] GC(453) Old regions: 464->465
[2022-03-13T03:48:09.325+0800][3356.265s] GC(453) Archive regions: 0->0
[2022-03-13T03:48:09.325+0800][3356.265s] GC(453) Humongous regions: 45->45
[2022-03-13T03:48:09.325+0800][3356.265s] GC(453) Metaspace: 53932K(54208K)->53932K(54208K) NonClass: 47700K(47872K)->47700K(47872K) Class: 6232K(6336K)->6232K(6336K)
[2022-03-13T03:48:09.325+0800][3356.265s] GC(453) Pause Full (G1 Compaction Pause) 509M->509M(512M) 218.836ms
[2022-03-13T03:48:09.326+0800][3356.265s] GC(453) User=1.48s Sys=0.00s Real=0.22s
[2022-03-13T03:48:09.326+0800][3356.265s] Attempting maximum full compaction clearing soft references
[2022-03-13T03:48:09.326+0800][3356.265s] GC(454) Using 8 workers of 8 for full compaction
[2022-03-13T03:48:09.326+0800][3356.266s] GC(454) Pause Full (G1 Compaction Pause)
[2022-03-13T03:48:09.326+0800][3356.266s] GC(454) Phase 1: Mark live objects
[2022-03-13T03:48:09.481+0800][3356.420s] GC(454) Phase 1: Mark live objects 154.413ms
[2022-03-13T03:48:09.481+0800][3356.420s] GC(454) Phase 2: Prepare for compaction
[2022-03-13T03:48:09.515+0800][3356.455s] GC(454) Phase 2: Prepare for compaction 34.424ms
[2022-03-13T03:48:09.515+0800][3356.455s] GC(454) Phase 3: Adjust pointers
[2022-03-13T03:48:09.565+0800][3356.504s] GC(454) Phase 3: Adjust pointers 49.642ms
[2022-03-13T03:48:09.565+0800][3356.504s] GC(454) Phase 4: Compact heap
[2022-03-13T03:48:09.596+0800][3356.537s] GC(454) Phase 4: Compact heap 32.290ms
[2022-03-13T03:48:09.600+0800][3356.541s] GC(454) Eden regions: 0->0(25)
[2022-03-13T03:48:09.600+0800][3356.541s] GC(454) Survivor regions: 0->0(1)
[2022-03-13T03:48:09.600+0800][3356.541s] GC(454) Old regions: 465->465
[2022-03-13T03:48:09.600+0800][3356.541s] GC(454) Archive regions: 0->0
[2022-03-13T03:48:09.601+0800][3356.541s] GC(454) Humongous regions: 45->45
[2022-03-13T03:48:09.601+0800][3356.541s] GC(454) Metaspace: 53932K(54208K)->53932K(54208K) NonClass: 47700K(47872K)->47700K(47872K) Class: 6232K(6336K)->6232K(6336K)
[2022-03-13T03:48:09.601+0800][3356.541s] GC(454) Pause Full (G1 Compaction Pause) 509M->509M(512M) 275.036ms
[2022-03-13T03:48:09.601+0800][3356.541s] GC(454) User=1.77s Sys=0.00s Real=0.28s
[2022-03-13T03:48:09.601+0800][3356.541s] GC(450) Concurrent Mark From Roots 508.177ms
[2022-03-13T03:48:09.601+0800][3356.541s] GC(450) Concurrent Mark Abort
[2022-03-13T03:48:09.601+0800][3356.541s] GC(450) Concurrent Mark Cycle 509.162ms
[2022-03-13T03:48:23.258+0800][3370.198s] GC(455) Pause Young (Normal) (G1 Preventive Collection)
[2022-03-13T03:48:23.258+0800][3370.198s] GC(455) Using 8 workers of 8 for evacuation
[2022-03-13T03:48:23.259+0800][3370.199s] GC(455)   Pre Evacuate Collection Set: 0.1ms
[2022-03-13T03:48:23.259+0800][3370.199s] GC(455)   Merge Heap Roots: 0.0ms
[2022-03-13T03:48:23.259+0800][3370.199s] GC(455)   Evacuate Collection Set: 0.5ms
[2022-03-13T03:48:23.259+0800][3370.199s] GC(455)   Post Evacuate Collection Set: 0.4ms
[2022-03-13T03:48:23.259+0800][3370.199s] GC(455)   Other: 0.1ms
[2022-03-13T03:48:23.259+0800][3370.199s] GC(455) Eden regions: 1->0(24)
[2022-03-13T03:48:23.259+0800][3370.199s] GC(455) Survivor regions: 0->1(1)
[2022-03-13T03:48:23.259+0800][3370.199s] GC(455) Old regions: 465->465
[2022-03-13T03:48:23.259+0800][3370.199s] GC(455) Archive regions: 0->0
[2022-03-13T03:48:23.259+0800][3370.199s] GC(455) Humongous regions: 45->45
[2022-03-13T03:48:23.259+0800][3370.199s] GC(455) Metaspace: 53936K(54208K)->53936K(54208K) NonClass: 47704K(47872K)->47704K(47872K) Class: 6232K(6336K)->6232K(6336K)
[2022-03-13T03:48:23.259+0800][3370.199s] GC(455) Pause Young (Normal) (G1 Preventive Collection) 510M->509M(512M) 1.264ms
[2022-03-13T03:48:23.259+0800][3370.199s] GC(455) User=0.00s Sys=0.00s Real=0.00s
[2022-03-13T03:49:02.296+0800][3409.235s] GC(456) Pause Young (Concurrent Start) (G1 Humongous Allocation)
[2022-03-13T03:49:02.296+0800][3409.235s] GC(456) Using 8 workers of 8 for evacuation
[2022-03-13T03:49:02.296+0800][3409.237s] GC(456) To-space exhausted
[2022-03-13T03:49:02.296+0800][3409.237s] GC(456)   Pre Evacuate Collection Set: 0.1ms
[2022-03-13T03:49:02.296+0800][3409.237s] GC(456)   Merge Heap Roots: 0.1ms
[2022-03-13T03:49:02.296+0800][3409.237s] GC(456)   Evacuate Collection Set: 0.4ms
[2022-03-13T03:49:02.296+0800][3409.237s] GC(456)   Post Evacuate Collection Set: 0.5ms
[2022-03-13T03:49:02.296+0800][3409.237s] GC(456)   Other: 0.2ms
[2022-03-13T03:49:02.296+0800][3409.237s] GC(456) Eden regions: 1->0(25)
[2022-03-13T03:49:02.296+0800][3409.237s] GC(456) Survivor regions: 1->0(0)
[2022-03-13T03:49:02.296+0800][3409.237s] GC(456) Old regions: 465->467
[2022-03-13T03:49:02.296+0800][3409.237s] GC(456) Archive regions: 0->0
[2022-03-13T03:49:02.296+0800][3409.237s] GC(456) Humongous regions: 45->45
[2022-03-13T03:49:02.296+0800][3409.237s] GC(456) Metaspace: 53936K(54208K)->53936K(54208K) NonClass: 47704K(47872K)->47704K(47872K) Class: 6232K(6336K)->6232K(6336K)
[2022-03-13T03:49:02.296+0800][3409.237s] GC(456) Pause Young (Concurrent Start) (G1 Humongous Allocation) 509M->509M(512M) 1.382ms
[2022-03-13T03:49:02.296+0800][3409.237s] GC(456) User=0.00s Sys=0.00s Real=0.00s
[2022-03-13T03:49:02.296+0800][3409.237s] Attempting full compaction clearing soft references
[2022-03-13T03:49:02.296+0800][3409.237s] GC(457) Concurrent Mark Cycle
[2022-03-13T03:49:02.296+0800][3409.237s] GC(458) Using 8 workers of 8 for full compaction
[2022-03-13T03:49:02.296+0800][3409.237s] GC(457) Concurrent Clear Claimed Marks
[2022-03-13T03:49:02.296+0800][3409.237s] GC(457) Concurrent Clear Claimed Marks 0.034ms
[2022-03-13T03:49:02.296+0800][3409.237s] GC(457) Concurrent Scan Root Regions
[2022-03-13T03:49:02.296+0800][3409.237s] GC(457) Concurrent Scan Root Regions 0.010ms
[2022-03-13T03:49:02.296+0800][3409.237s] GC(457) Concurrent Mark
[2022-03-13T03:49:02.296+0800][3409.237s] GC(457) Concurrent Mark From Roots
[2022-03-13T03:49:02.296+0800][3409.237s] GC(457) Using 2 workers of 2 for marking
[2022-03-13T03:49:02.296+0800][3409.237s] GC(458) Pause Full (G1 Compaction Pause)
[2022-03-13T03:49:02.298+0800][3409.237s] GC(458) Phase 1: Mark live objects
[2022-03-13T03:49:02.479+0800][3409.418s] GC(458) Phase 1: Mark live objects 181.282ms
[2022-03-13T03:49:02.479+0800][3409.419s] GC(458) Phase 2: Prepare for compaction
[2022-03-13T03:49:02.480+0800][3409.419s] GC(458) Phase 2: Prepare for compaction 0.655ms
[2022-03-13T03:49:02.480+0800][3409.419s] GC(458) Phase 3: Adjust pointers
[2022-03-13T03:49:02.531+0800][3409.470s] GC(458) Phase 3: Adjust pointers 50.803ms
[2022-03-13T03:49:02.531+0800][3409.470s] GC(458) Phase 4: Compact heap
[2022-03-13T03:49:02.531+0800][3409.470s] GC(458) Phase 4: Compact heap 0.138ms
[2022-03-13T03:49:02.537+0800][3409.476s] GC(458) Eden regions: 0->0(25)
[2022-03-13T03:49:02.537+0800][3409.476s] GC(458) Survivor regions: 0->0(0)
[2022-03-13T03:49:02.537+0800][3409.476s] GC(458) Old regions: 467->467
[2022-03-13T03:49:02.537+0800][3409.476s] GC(458) Archive regions: 0->0
[2022-03-13T03:49:02.537+0800][3409.477s] GC(458) Humongous regions: 45->30
[2022-03-13T03:49:02.537+0800][3409.477s] GC(458) Metaspace: 53936K(54208K)->53936K(54208K) NonClass: 47704K(47872K)->47704K(47872K) Class: 6232K(6336K)->6232K(6336K)
[2022-03-13T03:49:02.537+0800][3409.477s] GC(458) Pause Full (G1 Compaction Pause) 509M->494M(512M) 239.599ms
[2022-03-13T03:49:02.538+0800][3409.478s] GC(458) User=1.56s Sys=0.00s Real=0.24s
[2022-03-13T03:49:02.539+0800][3409.478s] GC(457) Concurrent Mark From Roots 241.544ms
[2022-03-13T03:49:02.539+0800][3409.478s] GC(457) Concurrent Mark Abort
[2022-03-13T03:49:02.539+0800][3409.479s] GC(457) Concurrent Mark Cycle 241.728ms
[2022-03-13T03:49:02.539+0800][3409.479s] GC(459) Pause Young (Normal) (G1 Humongous Allocation)
[2022-03-13T03:49:02.539+0800][3409.479s] GC(459) Using 8 workers of 8 for evacuation
[2022-03-13T03:49:02.540+0800][3409.479s] GC(459)   Pre Evacuate Collection Set: 0.1ms
[2022-03-13T03:49:02.540+0800][3409.479s] GC(459)   Merge Heap Roots: 0.0ms
[2022-03-13T03:49:02.540+0800][3409.479s] GC(459)   Evacuate Collection Set: 0.2ms
[2022-03-13T03:49:02.540+0800][3409.479s] GC(459)   Post Evacuate Collection Set: 0.4ms
[2022-03-13T03:49:02.540+0800][3409.479s] GC(459)   Other: 0.1ms
[2022-03-13T03:49:02.540+0800][3409.479s] GC(459) Eden regions: 0->0(25)
[2022-03-13T03:49:02.540+0800][3409.479s] GC(459) Survivor regions: 0->0(4)
[2022-03-13T03:49:02.540+0800][3409.479s] GC(459) Old regions: 467->467
[2022-03-13T03:49:02.540+0800][3409.479s] GC(459) Archive regions: 0->0
[2022-03-13T03:49:02.540+0800][3409.479s] GC(459) Humongous regions: 30->30
[2022-03-13T03:49:02.540+0800][3409.480s] GC(459) Metaspace: 53936K(54208K)->53936K(54208K) NonClass: 47704K(47872K)->47704K(47872K) Class: 6232K(6336K)->6232K(6336K)
[2022-03-13T03:49:02.540+0800][3409.480s] GC(459) Pause Young (Normal) (G1 Humongous Allocation) 494M->494M(512M) 0.937ms
[2022-03-13T03:49:02.540+0800][3409.480s] GC(459) User=0.00s Sys=0.00s Real=0.00s
[2022-03-13T03:49:02.540+0800][3409.480s] Attempting full compaction
[2022-03-13T03:49:02.540+0800][3409.480s] GC(460) Using 8 workers of 8 for full compaction
[2022-03-13T03:49:02.540+0800][3409.480s] GC(460) Pause Full (G1 Compaction Pause)
[2022-03-13T03:49:02.540+0800][3409.480s] GC(460) Phase 1: Mark live objects
[2022-03-13T03:49:02.710+0800][3409.650s] GC(460) Phase 1: Mark live objects 170.049ms
[2022-03-13T03:49:02.710+0800][3409.650s] GC(460) Phase 2: Prepare for compaction
[2022-03-13T03:49:02.711+0800][3409.650s] GC(460) Phase 2: Prepare for compaction 0.466ms
[2022-03-13T03:49:02.711+0800][3409.650s] GC(460) Phase 3: Adjust pointers
[2022-03-13T03:49:02.752+0800][3409.691s] GC(460) Phase 3: Adjust pointers 40.490ms
[2022-03-13T03:49:02.752+0800][3409.691s] GC(460) Phase 4: Compact heap
[2022-03-13T03:49:02.752+0800][3409.691s] GC(460) Phase 4: Compact heap 0.077ms
[2022-03-13T03:49:02.757+0800][3409.697s] GC(460) Eden regions: 0->0(25)
[2022-03-13T03:49:02.757+0800][3409.697s] GC(460) Survivor regions: 0->0(4)
[2022-03-13T03:49:02.757+0800][3409.697s] GC(460) Old regions: 467->467
[2022-03-13T03:49:02.757+0800][3409.697s] GC(460) Archive regions: 0->0
[2022-03-13T03:49:02.757+0800][3409.697s] GC(460) Humongous regions: 30->30
[2022-03-13T03:49:02.758+0800][3409.697s] GC(460) Metaspace: 53936K(54208K)->53936K(54208K) NonClass: 47704K(47872K)->47704K(47872K) Class: 6232K(6336K)->6232K(6336K)
[2022-03-13T03:49:02.758+0800][3409.697s] GC(460) Pause Full (G1 Compaction Pause) 494M->494M(512M) 217.437ms
[2022-03-13T03:49:02.758+0800][3409.698s] GC(460) User=1.52s Sys=0.00s Real=0.22s
[2022-03-13T03:49:02.758+0800][3409.698s] Attempting maximum full compaction clearing soft references
[2022-03-13T03:49:02.758+0800][3409.698s] GC(461) Using 8 workers of 8 for full compaction
[2022-03-13T03:49:02.758+0800][3409.698s] GC(461) Pause Full (G1 Compaction Pause)
[2022-03-13T03:49:02.758+0800][3409.698s] GC(461) Phase 1: Mark live objects
[2022-03-13T03:49:02.923+0800][3409.863s] GC(461) Phase 1: Mark live objects 164.878ms
[2022-03-13T03:49:02.923+0800][3409.863s] GC(461) Phase 2: Prepare for compaction
[2022-03-13T03:49:02.960+0800][3409.899s] GC(461) Phase 2: Prepare for compaction 36.493ms
[2022-03-13T03:49:02.960+0800][3409.899s] GC(461) Phase 3: Adjust pointers
[2022-03-13T03:49:03.014+0800][3409.953s] GC(461) Phase 3: Adjust pointers 53.528ms
[2022-03-13T03:49:03.014+0800][3409.953s] GC(461) Phase 4: Compact heap
[2022-03-13T03:49:03.046+0800][3409.986s] GC(461) Phase 4: Compact heap 33.167ms
[2022-03-13T03:49:03.052+0800][3409.992s] GC(461) Eden regions: 0->0(25)
[2022-03-13T03:49:03.052+0800][3409.992s] GC(461) Survivor regions: 0->0(4)
[2022-03-13T03:49:03.052+0800][3409.992s] GC(461) Old regions: 467->466
[2022-03-13T03:49:03.052+0800][3409.992s] GC(461) Archive regions: 0->0
[2022-03-13T03:49:03.052+0800][3409.992s] GC(461) Humongous regions: 30->30
[2022-03-13T03:49:03.052+0800][3409.992s] GC(461) Metaspace: 53936K(54208K)->53936K(54208K) NonClass: 47704K(47872K)->47704K(47872K) Class: 6232K(6336K)->6232K(6336K)
[2022-03-13T03:49:03.052+0800][3409.992s] GC(461) Pause Full (G1 Compaction Pause) 494M->494M(512M) 294.058ms
[2022-03-13T03:49:03.053+0800][3409.993s] GC(461) User=2.02s Sys=0.00s Real=0.30s
[2022-03-13T03:49:03.059+0800][3409.999s] GC(462) Pause Young (Concurrent Start) (G1 Humongous Allocation)
[2022-03-13T03:49:03.059+0800][3409.999s] GC(462) Using 8 workers of 8 for evacuation
[2022-03-13T03:49:03.060+0800][3410.000s] GC(462) To-space exhausted
[2022-03-13T03:49:03.060+0800][3410.000s] GC(462)   Pre Evacuate Collection Set: 0.0ms
[2022-03-13T03:49:03.060+0800][3410.000s] GC(462)   Merge Heap Roots: 0.0ms
[2022-03-13T03:49:03.060+0800][3410.000s] GC(462)   Evacuate Collection Set: 0.3ms
[2022-03-13T03:49:03.060+0800][3410.000s] GC(462)   Post Evacuate Collection Set: 0.1ms
[2022-03-13T03:49:03.060+0800][3410.000s] GC(462)   Other: 0.1ms
[2022-03-13T03:49:03.060+0800][3410.000s] GC(462) Eden regions: 1->0(25)
[2022-03-13T03:49:03.060+0800][3410.000s] GC(462) Survivor regions: 0->0(0)
[2022-03-13T03:49:03.060+0800][3410.000s] GC(462) Old regions: 466->467
[2022-03-13T03:49:03.060+0800][3410.000s] GC(462) Archive regions: 0->0
[2022-03-13T03:49:03.060+0800][3410.000s] GC(462) Humongous regions: 45->45
[2022-03-13T03:49:03.060+0800][3410.000s] GC(462) Metaspace: 53936K(54208K)->53936K(54208K) NonClass: 47704K(47872K)->47704K(47872K) Class: 6232K(6336K)->6232K(6336K)
[2022-03-13T03:49:03.060+0800][3410.000s] GC(462) Pause Young (Concurrent Start) (G1 Humongous Allocation) 509M->509M(512M) 0.721ms
[2022-03-13T03:49:03.060+0800][3410.000s] GC(462) User=0.12s Sys=0.00s Real=0.00s
[2022-03-13T03:49:03.060+0800][3410.000s] Attempting full compaction clearing soft references
[2022-03-13T03:49:03.060+0800][3410.000s] GC(463) Concurrent Mark Cycle
[2022-03-13T03:49:03.060+0800][3410.000s] GC(464) Using 8 workers of 8 for full compaction
[2022-03-13T03:49:03.060+0800][3410.000s] GC(463) Concurrent Clear Claimed Marks
[2022-03-13T03:49:03.060+0800][3410.000s] GC(463) Concurrent Clear Claimed Marks 0.028ms
[2022-03-13T03:49:03.060+0800][3410.000s] GC(463) Concurrent Scan Root Regions
[2022-03-13T03:49:03.060+0800][3410.000s] GC(463) Concurrent Scan Root Regions 0.012ms
[2022-03-13T03:49:03.060+0800][3410.000s] GC(463) Concurrent Mark
[2022-03-13T03:49:03.060+0800][3410.000s] GC(463) Concurrent Mark From Roots
[2022-03-13T03:49:03.060+0800][3410.000s] GC(463) Using 2 workers of 2 for marking
[2022-03-13T03:49:03.060+0800][3410.000s] GC(464) Pause Full (G1 Compaction Pause)
[2022-03-13T03:49:03.060+0800][3410.000s] GC(464) Phase 1: Mark live objects
[2022-03-13T03:49:03.214+0800][3410.153s] GC(464) Phase 1: Mark live objects 153.015ms
[2022-03-13T03:49:03.214+0800][3410.153s] GC(464) Phase 2: Prepare for compaction
[2022-03-13T03:49:03.214+0800][3410.154s] GC(464) Phase 2: Prepare for compaction 0.500ms
[2022-03-13T03:49:03.214+0800][3410.154s] GC(464) Phase 3: Adjust pointers
[2022-03-13T03:49:03.255+0800][3410.195s] GC(464) Phase 3: Adjust pointers 40.861ms
[2022-03-13T03:49:03.255+0800][3410.195s] GC(464) Phase 4: Compact heap
[2022-03-13T03:49:03.256+0800][3410.195s] GC(464) Phase 4: Compact heap 0.150ms
[2022-03-13T03:49:03.261+0800][3410.200s] GC(464) Eden regions: 0->0(25)
[2022-03-13T03:49:03.261+0800][3410.200s] GC(464) Survivor regions: 0->0(0)
[2022-03-13T03:49:03.261+0800][3410.200s] GC(464) Old regions: 467->465
[2022-03-13T03:49:03.261+0800][3410.200s] GC(464) Archive regions: 0->0
[2022-03-13T03:49:03.261+0800][3410.200s] GC(464) Humongous regions: 45->45
[2022-03-13T03:49:03.261+0800][3410.200s] GC(464) Metaspace: 53936K(54208K)->53936K(54208K) NonClass: 47704K(47872K)->47704K(47872K) Class: 6232K(6336K)->6232K(6336K)
[2022-03-13T03:49:03.261+0800][3410.200s] GC(464) Pause Full (G1 Compaction Pause) 509M->509M(512M) 200.272ms
[2022-03-13T03:49:03.261+0800][3410.201s] GC(464) User=1.28s Sys=0.00s Real=0.20s
[2022-03-13T03:49:03.261+0800][3410.201s] GC(463) Concurrent Mark From Roots 200.693ms
[2022-03-13T03:49:03.261+0800][3410.201s] GC(463) Concurrent Mark Abort
[2022-03-13T03:49:03.261+0800][3410.201s] GC(463) Concurrent Mark Cycle 200.828ms
[2022-03-13T03:49:03.261+0800][3410.201s] GC(465) Pause Young (Normal) (G1 Humongous Allocation)
[2022-03-13T03:49:03.261+0800][3410.201s] GC(465) Using 8 workers of 8 for evacuation
[2022-03-13T03:49:03.261+0800][3410.201s] GC(465)   Pre Evacuate Collection Set: 0.0ms
[2022-03-13T03:49:03.261+0800][3410.201s] GC(465)   Merge Heap Roots: 0.0ms
[2022-03-13T03:49:03.261+0800][3410.201s] GC(465)   Evacuate Collection Set: 0.1ms
[2022-03-13T03:49:03.261+0800][3410.201s] GC(465)   Post Evacuate Collection Set: 0.1ms
[2022-03-13T03:49:03.261+0800][3410.201s] GC(465)   Other: 0.1ms
[2022-03-13T03:49:03.262+0800][3410.201s] GC(465) Eden regions: 1->0(24)
[2022-03-13T03:49:03.262+0800][3410.201s] GC(465) Survivor regions: 0->1(1)
[2022-03-13T03:49:03.262+0800][3410.201s] GC(465) Old regions: 465->465
[2022-03-13T03:49:03.262+0800][3410.201s] GC(465) Archive regions: 0->0
[2022-03-13T03:49:03.262+0800][3410.201s] GC(465) Humongous regions: 45->45
[2022-03-13T03:49:03.262+0800][3410.201s] GC(465) Metaspace: 53936K(54208K)->53936K(54208K) NonClass: 47704K(47872K)->47704K(47872K) Class: 6232K(6336K)->6232K(6336K)
[2022-03-13T03:49:03.262+0800][3410.201s] GC(465) Pause Young (Normal) (G1 Humongous Allocation) 509M->509M(512M) 0.504ms
[2022-03-13T03:49:03.262+0800][3410.201s] GC(465) User=0.00s Sys=0.00s Real=0.00s
[2022-03-13T03:49:03.262+0800][3410.201s] Attempting full compaction
[2022-03-13T03:49:03.262+0800][3410.201s] GC(466) Using 8 workers of 8 for full compaction
[2022-03-13T03:49:03.262+0800][3410.201s] GC(466) Pause Full (G1 Compaction Pause)
[2022-03-13T03:49:03.262+0800][3410.202s] GC(466) Phase 1: Mark live objects
[2022-03-13T03:49:03.426+0800][3410.365s] GC(466) Phase 1: Mark live objects 163.800ms
[2022-03-13T03:49:03.426+0800][3410.365s] GC(466) Phase 2: Prepare for compaction
[2022-03-13T03:49:03.426+0800][3410.366s] GC(466) Phase 2: Prepare for compaction 0.518ms
[2022-03-13T03:49:03.426+0800][3410.366s] GC(466) Phase 3: Adjust pointers
[2022-03-13T03:49:03.467+0800][3410.407s] GC(466) Phase 3: Adjust pointers 41.140ms
[2022-03-13T03:49:03.467+0800][3410.407s] GC(466) Phase 4: Compact heap
[2022-03-13T03:49:03.468+0800][3410.407s] GC(466) Phase 4: Compact heap 0.178ms
[2022-03-13T03:49:03.472+0800][3410.412s] GC(466) Eden regions: 0->0(25)
[2022-03-13T03:49:03.472+0800][3410.412s] GC(466) Survivor regions: 1->0(1)
[2022-03-13T03:49:03.472+0800][3410.412s] GC(466) Old regions: 465->465
[2022-03-13T03:49:03.472+0800][3410.412s] GC(466) Archive regions: 0->0
[2022-03-13T03:49:03.473+0800][3410.412s] GC(466) Humongous regions: 45->45
[2022-03-13T03:49:03.473+0800][3410.412s] GC(466) Metaspace: 53936K(54208K)->53936K(54208K) NonClass: 47704K(47872K)->47704K(47872K) Class: 6232K(6336K)->6232K(6336K)
[2022-03-13T03:49:03.473+0800][3410.412s] GC(466) Pause Full (G1 Compaction Pause) 509M->509M(512M) 210.468ms
[2022-03-13T03:49:03.473+0800][3410.412s] GC(466) User=1.59s Sys=0.00s Real=0.21s
[2022-03-13T03:49:03.473+0800][3410.412s] Attempting maximum full compaction clearing soft references
[2022-03-13T03:49:03.473+0800][3410.412s] GC(467) Using 8 workers of 8 for full compaction
[2022-03-13T03:49:03.473+0800][3410.413s] GC(467) Pause Full (G1 Compaction Pause)
[2022-03-13T03:49:03.473+0800][3410.413s] GC(467) Phase 1: Mark live objects
[2022-03-13T03:49:03.631+0800][3410.570s] GC(467) Phase 1: Mark live objects 157.746ms
[2022-03-13T03:49:03.631+0800][3410.570s] GC(467) Phase 2: Prepare for compaction
[2022-03-13T03:49:03.666+0800][3410.606s] GC(467) Phase 2: Prepare for compaction 35.041ms
[2022-03-13T03:49:03.666+0800][3410.606s] GC(467) Phase 3: Adjust pointers
[2022-03-13T03:49:03.718+0800][3410.658s] GC(467) Phase 3: Adjust pointers 52.363ms
[2022-03-13T03:49:03.718+0800][3410.658s] GC(467) Phase 4: Compact heap
[2022-03-13T03:49:03.748+0800][3410.688s] GC(467) Phase 4: Compact heap 29.813ms
[2022-03-13T03:49:03.753+0800][3410.693s] GC(467) Eden regions: 0->0(25)
[2022-03-13T03:49:03.754+0800][3410.693s] GC(467) Survivor regions: 0->0(1)
[2022-03-13T03:49:03.754+0800][3410.693s] GC(467) Old regions: 465->465
[2022-03-13T03:49:03.754+0800][3410.693s] GC(467) Archive regions: 0->0
[2022-03-13T03:49:03.754+0800][3410.693s] GC(467) Humongous regions: 45->45
[2022-03-13T03:49:03.754+0800][3410.693s] GC(467) Metaspace: 53936K(54208K)->53936K(54208K) NonClass: 47704K(47872K)->47704K(47872K) Class: 6232K(6336K)->6232K(6336K)
[2022-03-13T03:49:03.754+0800][3410.693s] GC(467) Pause Full (G1 Compaction Pause) 509M->509M(512M) 280.505ms
[2022-03-13T03:49:03.754+0800][3410.693s] GC(467) User=1.92s Sys=0.00s Real=0.28s
[2022-03-13T03:49:09.197+0800][3416.137s] GC(468) Pause Young (Concurrent Start) (G1 Humongous Allocation)
[2022-03-13T03:49:09.197+0800][3416.137s] GC(468) Using 8 workers of 8 for evacuation
[2022-03-13T03:49:09.199+0800][3416.138s] GC(468)   Pre Evacuate Collection Set: 0.0ms
[2022-03-13T03:49:09.199+0800][3416.138s] GC(468)   Merge Heap Roots: 0.0ms
[2022-03-13T03:49:09.199+0800][3416.138s] GC(468)   Evacuate Collection Set: 0.5ms
[2022-03-13T03:49:09.199+0800][3416.138s] GC(468)   Post Evacuate Collection Set: 0.2ms
[2022-03-13T03:49:09.199+0800][3416.138s] GC(468)   Other: 0.1ms
[2022-03-13T03:49:09.199+0800][3416.138s] GC(468) Eden regions: 1->0(24)
[2022-03-13T03:49:09.199+0800][3416.138s] GC(468) Survivor regions: 0->1(1)
[2022-03-13T03:49:09.199+0800][3416.138s] GC(468) Old regions: 465->465
[2022-03-13T03:49:09.199+0800][3416.138s] GC(468) Archive regions: 0->0
[2022-03-13T03:49:09.199+0800][3416.138s] GC(468) Humongous regions: 45->45
[2022-03-13T03:49:09.199+0800][3416.138s] GC(468) Metaspace: 53938K(54208K)->53938K(54208K) NonClass: 47706K(47872K)->47706K(47872K) Class: 6232K(6336K)->6232K(6336K)
[2022-03-13T03:49:09.199+0800][3416.138s] GC(468) Pause Young (Concurrent Start) (G1 Humongous Allocation) 509M->509M(512M) 0.911ms
[2022-03-13T03:49:09.199+0800][3416.138s] GC(468) User=0.00s Sys=0.00s Real=0.00s
[2022-03-13T03:49:09.199+0800][3416.138s] GC(469) Concurrent Mark Cycle
[2022-03-13T03:49:09.199+0800][3416.138s] GC(469) Concurrent Clear Claimed Marks
[2022-03-13T03:49:09.199+0800][3416.138s] GC(469) Concurrent Clear Claimed Marks 0.026ms
[2022-03-13T03:49:09.199+0800][3416.138s] GC(469) Concurrent Scan Root Regions
[2022-03-13T03:49:09.199+0800][3416.139s] GC(469) Concurrent Scan Root Regions 0.430ms
[2022-03-13T03:49:09.199+0800][3416.139s] GC(470) Pause Young (Normal) (G1 Humongous Allocation)
[2022-03-13T03:49:09.199+0800][3416.139s] GC(469) Concurrent Mark
[2022-03-13T03:49:09.199+0800][3416.139s] GC(470) Using 8 workers of 8 for evacuation
[2022-03-13T03:49:09.199+0800][3416.139s] GC(469) Concurrent Mark From Roots
[2022-03-13T03:49:09.199+0800][3416.139s] GC(469) Using 2 workers of 2 for marking
[2022-03-13T03:49:09.200+0800][3416.139s] GC(470)   Pre Evacuate Collection Set: 0.5ms
[2022-03-13T03:49:09.200+0800][3416.139s] GC(470)   Merge Heap Roots: 0.0ms
[2022-03-13T03:49:09.200+0800][3416.139s] GC(470)   Evacuate Collection Set: 0.1ms
[2022-03-13T03:49:09.200+0800][3416.139s] GC(470)   Post Evacuate Collection Set: 0.2ms
[2022-03-13T03:49:09.200+0800][3416.139s] GC(470)   Other: 0.1ms
[2022-03-13T03:49:09.200+0800][3416.139s] GC(470) Eden regions: 0->0(24)
[2022-03-13T03:49:09.200+0800][3416.139s] GC(470) Survivor regions: 1->1(1)
[2022-03-13T03:49:09.200+0800][3416.139s] GC(470) Old regions: 465->465
[2022-03-13T03:49:09.200+0800][3416.139s] GC(470) Archive regions: 0->0
[2022-03-13T03:49:09.200+0800][3416.139s] GC(470) Humongous regions: 45->45
[2022-03-13T03:49:09.200+0800][3416.139s] GC(470) Metaspace: 53938K(54208K)->53938K(54208K) NonClass: 47706K(47872K)->47706K(47872K) Class: 6232K(6336K)->6232K(6336K)
[2022-03-13T03:49:09.200+0800][3416.139s] GC(470) Pause Young (Normal) (G1 Humongous Allocation) 509M->509M(512M) 0.504ms
[2022-03-13T03:49:09.200+0800][3416.139s] GC(470) User=0.00s Sys=0.00s Real=0.00s
[2022-03-13T03:49:09.200+0800][3416.139s] Attempting full compaction
[2022-03-13T03:49:09.200+0800][3416.139s] GC(471) Using 8 workers of 8 for full compaction
[2022-03-13T03:49:09.200+0800][3416.139s] GC(471) Pause Full (G1 Compaction Pause)
[2022-03-13T03:49:09.200+0800][3416.139s] GC(471) Phase 1: Mark live objects
[2022-03-13T03:49:09.365+0800][3416.304s] GC(471) Phase 1: Mark live objects 164.867ms
[2022-03-13T03:49:09.365+0800][3416.304s] GC(471) Phase 2: Prepare for compaction
[2022-03-13T03:49:09.365+0800][3416.305s] GC(471) Phase 2: Prepare for compaction 0.456ms
[2022-03-13T03:49:09.365+0800][3416.305s] GC(471) Phase 3: Adjust pointers
[2022-03-13T03:49:09.410+0800][3416.350s] GC(471) Phase 3: Adjust pointers 44.747ms
[2022-03-13T03:49:09.410+0800][3416.350s] GC(471) Phase 4: Compact heap
[2022-03-13T03:49:09.410+0800][3416.350s] GC(471) Phase 4: Compact heap 0.081ms
[2022-03-13T03:49:09.417+0800][3416.357s] GC(471) Eden regions: 0->0(25)
[2022-03-13T03:49:09.417+0800][3416.357s] GC(471) Survivor regions: 1->0(1)
[2022-03-13T03:49:09.417+0800][3416.357s] GC(471) Old regions: 465->466
[2022-03-13T03:49:09.417+0800][3416.357s] GC(471) Archive regions: 0->0
[2022-03-13T03:49:09.417+0800][3416.357s] GC(471) Humongous regions: 45->30
[2022-03-13T03:49:09.417+0800][3416.357s] GC(471) Metaspace: 53938K(54208K)->53938K(54208K) NonClass: 47706K(47872K)->47706K(47872K) Class: 6232K(6336K)->6232K(6336K)
[2022-03-13T03:49:09.417+0800][3416.357s] GC(471) Pause Full (G1 Compaction Pause) 509M->494M(512M) 217.466ms
[2022-03-13T03:49:09.417+0800][3416.357s] GC(471) User=1.48s Sys=0.02s Real=0.22s
[2022-03-13T03:49:09.417+0800][3416.357s] Attempting maximum full compaction clearing soft references
[2022-03-13T03:49:09.417+0800][3416.357s] GC(472) Using 8 workers of 8 for full compaction
[2022-03-13T03:49:09.418+0800][3416.357s] GC(472) Pause Full (G1 Compaction Pause)
[2022-03-13T03:49:09.418+0800][3416.357s] GC(472) Phase 1: Mark live objects
[2022-03-13T03:49:09.597+0800][3416.537s] GC(472) Phase 1: Mark live objects 179.253ms
[2022-03-13T03:49:09.597+0800][3416.537s] GC(472) Phase 2: Prepare for compaction
[2022-03-13T03:49:09.637+0800][3416.577s] GC(472) Phase 2: Prepare for compaction 39.971ms
[2022-03-13T03:49:09.637+0800][3416.577s] GC(472) Phase 3: Adjust pointers
[2022-03-13T03:49:09.693+0800][3416.633s] GC(472) Phase 3: Adjust pointers 55.948ms
[2022-03-13T03:49:09.693+0800][3416.633s] GC(472) Phase 4: Compact heap
[2022-03-13T03:49:09.727+0800][3416.667s] GC(472) Phase 4: Compact heap 34.541ms
[2022-03-13T03:49:09.731+0800][3416.671s] GC(472) Eden regions: 0->0(25)
[2022-03-13T03:49:09.731+0800][3416.671s] GC(472) Survivor regions: 0->0(1)
[2022-03-13T03:49:09.731+0800][3416.671s] GC(472) Old regions: 466->466
[2022-03-13T03:49:09.731+0800][3416.671s] GC(472) Archive regions: 0->0
[2022-03-13T03:49:09.731+0800][3416.671s] GC(472) Humongous regions: 30->30
[2022-03-13T03:49:09.731+0800][3416.671s] GC(472) Metaspace: 53938K(54208K)->53938K(54208K) NonClass: 47706K(47872K)->47706K(47872K) Class: 6232K(6336K)->6232K(6336K)
[2022-03-13T03:49:09.731+0800][3416.671s] GC(472) Pause Full (G1 Compaction Pause) 494M->494M(512M) 313.981ms
[2022-03-13T03:49:09.732+0800][3416.672s] GC(472) User=2.19s Sys=0.00s Real=0.32s
[2022-03-13T03:49:09.732+0800][3416.672s] GC(469) Concurrent Mark From Roots 533.027ms
[2022-03-13T03:49:09.732+0800][3416.672s] GC(469) Concurrent Mark Abort
[2022-03-13T03:49:09.732+0800][3416.672s] GC(469) Concurrent Mark Cycle 533.598ms
[2022-03-13T03:49:09.738+0800][3416.678s] GC(473) Pause Young (Concurrent Start) (G1 Humongous Allocation)
[2022-03-13T03:49:09.738+0800][3416.678s] GC(473) Using 8 workers of 8 for evacuation
[2022-03-13T03:49:09.739+0800][3416.679s] GC(473) To-space exhausted
[2022-03-13T03:49:09.739+0800][3416.679s] GC(473)   Pre Evacuate Collection Set: 0.1ms
[2022-03-13T03:49:09.739+0800][3416.679s] GC(473)   Merge Heap Roots: 0.0ms
[2022-03-13T03:49:09.739+0800][3416.679s] GC(473)   Evacuate Collection Set: 0.4ms
[2022-03-13T03:49:09.739+0800][3416.679s] GC(473)   Post Evacuate Collection Set: 0.2ms
[2022-03-13T03:49:09.739+0800][3416.679s] GC(473)   Other: 0.1ms
[2022-03-13T03:49:09.739+0800][3416.679s] GC(473) Eden regions: 1->0(25)
[2022-03-13T03:49:09.739+0800][3416.679s] GC(473) Survivor regions: 0->0(0)
[2022-03-13T03:49:09.739+0800][3416.679s] GC(473) Old regions: 466->467
[2022-03-13T03:49:09.739+0800][3416.679s] GC(473) Archive regions: 0->0
[2022-03-13T03:49:09.739+0800][3416.679s] GC(473) Humongous regions: 45->45
[2022-03-13T03:49:09.739+0800][3416.679s] GC(473) Metaspace: 53938K(54208K)->53938K(54208K) NonClass: 47706K(47872K)->47706K(47872K) Class: 6232K(6336K)->6232K(6336K)
[2022-03-13T03:49:09.739+0800][3416.679s] GC(473) Pause Young (Concurrent Start) (G1 Humongous Allocation) 509M->509M(512M) 0.877ms
[2022-03-13T03:49:09.739+0800][3416.679s] GC(473) User=0.00s Sys=0.00s Real=0.00s
[2022-03-13T03:49:09.739+0800][3416.679s] Attempting full compaction clearing soft references
[2022-03-13T03:49:09.739+0800][3416.679s] GC(474) Concurrent Mark Cycle
[2022-03-13T03:49:09.739+0800][3416.679s] GC(475) Using 8 workers of 8 for full compaction
[2022-03-13T03:49:09.739+0800][3416.679s] GC(474) Concurrent Clear Claimed Marks
[2022-03-13T03:49:09.739+0800][3416.679s] GC(474) Concurrent Clear Claimed Marks 0.027ms
[2022-03-13T03:49:09.739+0800][3416.679s] GC(474) Concurrent Scan Root Regions
[2022-03-13T03:49:09.739+0800][3416.679s] GC(474) Concurrent Scan Root Regions 0.009ms
[2022-03-13T03:49:09.739+0800][3416.679s] GC(474) Concurrent Mark
[2022-03-13T03:49:09.739+0800][3416.679s] GC(474) Concurrent Mark From Roots
[2022-03-13T03:49:09.739+0800][3416.679s] GC(474) Using 2 workers of 2 for marking
[2022-03-13T03:49:09.739+0800][3416.679s] GC(475) Pause Full (G1 Compaction Pause)
[2022-03-13T03:49:09.740+0800][3416.679s] GC(475) Phase 1: Mark live objects
[2022-03-13T03:49:09.906+0800][3416.846s] GC(475) Phase 1: Mark live objects 166.543ms
[2022-03-13T03:49:09.906+0800][3416.846s] GC(475) Phase 2: Prepare for compaction
[2022-03-13T03:49:09.907+0800][3416.847s] GC(475) Phase 2: Prepare for compaction 0.822ms
[2022-03-13T03:49:09.907+0800][3416.847s] GC(475) Phase 3: Adjust pointers
[2022-03-13T03:49:09.950+0800][3416.890s] GC(475) Phase 3: Adjust pointers 42.775ms
[2022-03-13T03:49:09.950+0800][3416.890s] GC(475) Phase 4: Compact heap
[2022-03-13T03:49:09.950+0800][3416.890s] GC(475) Phase 4: Compact heap 0.356ms
[2022-03-13T03:49:09.955+0800][3416.894s] GC(475) Eden regions: 0->0(25)
[2022-03-13T03:49:09.955+0800][3416.894s] GC(475) Survivor regions: 0->0(0)
[2022-03-13T03:49:09.955+0800][3416.894s] GC(475) Old regions: 467->465
[2022-03-13T03:49:09.955+0800][3416.894s] GC(475) Archive regions: 0->0
[2022-03-13T03:49:09.955+0800][3416.894s] GC(475) Humongous regions: 45->45
[2022-03-13T03:49:09.955+0800][3416.894s] GC(475) Metaspace: 53938K(54208K)->53938K(54208K) NonClass: 47706K(47872K)->47706K(47872K) Class: 6232K(6336K)->6232K(6336K)
[2022-03-13T03:49:09.955+0800][3416.894s] GC(475) Pause Full (G1 Compaction Pause) 509M->509M(512M) 215.121ms
[2022-03-13T03:49:09.955+0800][3416.895s] GC(475) User=1.41s Sys=0.00s Real=0.22s
[2022-03-13T03:49:09.955+0800][3416.895s] GC(474) Concurrent Mark From Roots 215.489ms
[2022-03-13T03:49:09.955+0800][3416.895s] GC(476) Pause Young (Normal) (G1 Humongous Allocation)
[2022-03-13T03:49:09.955+0800][3416.895s] GC(476) Using 8 workers of 8 for evacuation
[2022-03-13T03:49:09.955+0800][3416.895s] GC(476)   Pre Evacuate Collection Set: 0.0ms
[2022-03-13T03:49:09.955+0800][3416.895s] GC(476)   Merge Heap Roots: 0.0ms
[2022-03-13T03:49:09.955+0800][3416.895s] GC(476)   Evacuate Collection Set: 0.1ms
[2022-03-13T03:49:09.955+0800][3416.895s] GC(476)   Post Evacuate Collection Set: 0.2ms
[2022-03-13T03:49:09.955+0800][3416.895s] GC(476)   Other: 0.1ms
[2022-03-13T03:49:09.955+0800][3416.895s] GC(476) Eden regions: 1->0(24)
[2022-03-13T03:49:09.955+0800][3416.895s] GC(476) Survivor regions: 0->1(1)
[2022-03-13T03:49:09.955+0800][3416.895s] GC(476) Old regions: 465->465
[2022-03-13T03:49:09.955+0800][3416.895s] GC(476) Archive regions: 0->0
[2022-03-13T03:49:09.955+0800][3416.895s] GC(476) Humongous regions: 45->45
[2022-03-13T03:49:09.955+0800][3416.895s] GC(476) Metaspace: 53938K(54208K)->53938K(54208K) NonClass: 47706K(47872K)->47706K(47872K) Class: 6232K(6336K)->6232K(6336K)
[2022-03-13T03:49:09.955+0800][3416.895s] GC(476) Pause Young (Normal) (G1 Humongous Allocation) 509M->509M(512M) 0.472ms
[2022-03-13T03:49:09.956+0800][3416.895s] GC(476) User=0.00s Sys=0.00s Real=0.00s
[2022-03-13T03:49:09.956+0800][3416.895s] Attempting full compaction
[2022-03-13T03:49:09.956+0800][3416.895s] GC(477) Using 8 workers of 8 for full compaction
[2022-03-13T03:49:09.956+0800][3416.895s] GC(477) Pause Full (G1 Compaction Pause)
[2022-03-13T03:49:09.956+0800][3416.895s] GC(477) Phase 1: Mark live objects
[2022-03-13T03:49:10.124+0800][3417.064s] GC(477) Phase 1: Mark live objects 168.398ms
[2022-03-13T03:49:10.124+0800][3417.064s] GC(477) Phase 2: Prepare for compaction
[2022-03-13T03:49:10.125+0800][3417.064s] GC(477) Phase 2: Prepare for compaction 0.452ms
[2022-03-13T03:49:10.125+0800][3417.064s] GC(477) Phase 3: Adjust pointers
[2022-03-13T03:49:10.169+0800][3417.108s] GC(477) Phase 3: Adjust pointers 44.121ms
[2022-03-13T03:49:10.169+0800][3417.108s] GC(477) Phase 4: Compact heap
[2022-03-13T03:49:10.169+0800][3417.109s] GC(477) Phase 4: Compact heap 0.128ms
[2022-03-13T03:49:10.175+0800][3417.114s] GC(477) Eden regions: 0->0(25)
[2022-03-13T03:49:10.175+0800][3417.115s] GC(477) Survivor regions: 1->0(1)
[2022-03-13T03:49:10.175+0800][3417.115s] GC(477) Old regions: 465->465
[2022-03-13T03:49:10.175+0800][3417.115s] GC(477) Archive regions: 0->0
[2022-03-13T03:49:10.175+0800][3417.115s] GC(477) Humongous regions: 45->45
[2022-03-13T03:49:10.175+0800][3417.115s] GC(477) Metaspace: 53938K(54208K)->53938K(54208K) NonClass: 47706K(47872K)->47706K(47872K) Class: 6232K(6336K)->6232K(6336K)
[2022-03-13T03:49:10.175+0800][3417.115s] GC(477) Pause Full (G1 Compaction Pause) 509M->509M(512M) 219.374ms
[2022-03-13T03:49:10.176+0800][3417.115s] GC(477) User=1.52s Sys=0.02s Real=0.22s
[2022-03-13T03:49:10.176+0800][3417.115s] Attempting maximum full compaction clearing soft references
[2022-03-13T03:49:10.176+0800][3417.115s] GC(478) Using 8 workers of 8 for full compaction
[2022-03-13T03:49:10.176+0800][3417.115s] GC(478) Pause Full (G1 Compaction Pause)
[2022-03-13T03:49:10.176+0800][3417.115s] GC(478) Phase 1: Mark live objects
[2022-03-13T03:49:10.347+0800][3417.286s] GC(478) Phase 1: Mark live objects 170.783ms
[2022-03-13T03:49:10.347+0800][3417.286s] GC(478) Phase 2: Prepare for compaction
[2022-03-13T03:49:10.384+0800][3417.324s] GC(478) Phase 2: Prepare for compaction 37.453ms
[2022-03-13T03:49:10.384+0800][3417.324s] GC(478) Phase 3: Adjust pointers
[2022-03-13T03:49:10.439+0800][3417.379s] GC(478) Phase 3: Adjust pointers 55.203ms
[2022-03-13T03:49:10.439+0800][3417.379s] GC(478) Phase 4: Compact heap
[2022-03-13T03:49:10.470+0800][3417.410s] GC(478) Phase 4: Compact heap 30.882ms
[2022-03-13T03:49:10.474+0800][3417.414s] GC(478) Eden regions: 0->0(25)
[2022-03-13T03:49:10.474+0800][3417.414s] GC(478) Survivor regions: 0->0(1)
[2022-03-13T03:49:10.474+0800][3417.414s] GC(478) Old regions: 465->465
[2022-03-13T03:49:10.474+0800][3417.414s] GC(478) Archive regions: 0->0
[2022-03-13T03:49:10.474+0800][3417.414s] GC(478) Humongous regions: 45->45
[2022-03-13T03:49:10.474+0800][3417.414s] GC(478) Metaspace: 53938K(54208K)->53938K(54208K) NonClass: 47706K(47872K)->47706K(47872K) Class: 6232K(6336K)->6232K(6336K)
[2022-03-13T03:49:10.474+0800][3417.414s] GC(478) Pause Full (G1 Compaction Pause) 509M->509M(512M) 299.068ms
[2022-03-13T03:49:10.475+0800][3417.415s] GC(478) User=2.03s Sys=0.02s Real=0.30s
[2022-03-13T03:49:10.475+0800][3417.415s] GC(474) Concurrent Mark Abort
[2022-03-13T03:49:10.475+0800][3417.415s] GC(474) Concurrent Mark Cycle 735.603ms
[2022-03-13T03:49:11.071+0800][3418.011s] GC(479) Pause Young (Normal) (G1 Preventive Collection)
[2022-03-13T03:49:11.071+0800][3418.011s] GC(479) Using 8 workers of 8 for evacuation
[2022-03-13T03:49:11.072+0800][3418.011s] GC(479)   Pre Evacuate Collection Set: 0.1ms
[2022-03-13T03:49:11.072+0800][3418.012s] GC(479)   Merge Heap Roots: 0.0ms
[2022-03-13T03:49:11.072+0800][3418.012s] GC(479)   Evacuate Collection Set: 0.2ms
[2022-03-13T03:49:11.072+0800][3418.012s] GC(479)   Post Evacuate Collection Set: 0.4ms
[2022-03-13T03:49:11.072+0800][3418.012s] GC(479)   Other: 0.2ms
[2022-03-13T03:49:11.072+0800][3418.012s] GC(479) Eden regions: 1->0(24)
[2022-03-13T03:49:11.072+0800][3418.012s] GC(479) Survivor regions: 0->1(1)
[2022-03-13T03:49:11.072+0800][3418.012s] GC(479) Old regions: 465->465
[2022-03-13T03:49:11.072+0800][3418.012s] GC(479) Archive regions: 0->0
[2022-03-13T03:49:11.072+0800][3418.012s] GC(479) Humongous regions: 45->45
[2022-03-13T03:49:11.072+0800][3418.012s] GC(479) Metaspace: 53945K(54208K)->53945K(54208K) NonClass: 47713K(47872K)->47713K(47872K) Class: 6232K(6336K)->6232K(6336K)
[2022-03-13T03:49:11.072+0800][3418.012s] GC(479) Pause Young (Normal) (G1 Preventive Collection) 510M->509M(512M) 0.899ms
[2022-03-13T03:49:11.072+0800][3418.012s] GC(479) User=0.00s Sys=0.00s Real=0.00s
[2022-03-13T03:49:11.080+0800][3418.020s] GC(480) Pause Young (Concurrent Start) (G1 Evacuation Pause)
[2022-03-13T03:49:11.080+0800][3418.020s] GC(480) Using 8 workers of 8 for evacuation
[2022-03-13T03:49:11.082+0800][3418.021s] GC(480) To-space exhausted
[2022-03-13T03:49:11.082+0800][3418.021s] GC(480)   Pre Evacuate Collection Set: 0.1ms
[2022-03-13T03:49:11.082+0800][3418.021s] GC(480)   Merge Heap Roots: 0.0ms
[2022-03-13T03:49:11.082+0800][3418.022s] GC(480)   Evacuate Collection Set: 0.6ms
[2022-03-13T03:49:11.082+0800][3418.022s] GC(480)   Post Evacuate Collection Set: 0.5ms
[2022-03-13T03:49:11.082+0800][3418.022s] GC(480)   Other: 0.3ms
[2022-03-13T03:49:11.082+0800][3418.022s] GC(480) Eden regions: 1->0(25)
[2022-03-13T03:49:11.082+0800][3418.022s] GC(480) Survivor regions: 1->0(0)
[2022-03-13T03:49:11.082+0800][3418.022s] GC(480) Old regions: 465->467
[2022-03-13T03:49:11.082+0800][3418.022s] GC(480) Archive regions: 0->0
[2022-03-13T03:49:11.082+0800][3418.022s] GC(480) Humongous regions: 45->45
[2022-03-13T03:49:11.082+0800][3418.022s] GC(480) Metaspace: 53945K(54208K)->53945K(54208K) NonClass: 47713K(47872K)->47713K(47872K) Class: 6232K(6336K)->6232K(6336K)
[2022-03-13T03:49:11.082+0800][3418.022s] GC(480) Pause Young (Concurrent Start) (G1 Evacuation Pause) 510M->510M(512M) 1.659ms
[2022-03-13T03:49:11.082+0800][3418.022s] GC(480) User=0.00s Sys=0.00s Real=0.00s
[2022-03-13T03:49:11.082+0800][3418.022s] Attempting full compaction
[2022-03-13T03:49:11.082+0800][3418.022s] GC(481) Concurrent Mark Cycle
[2022-03-13T03:49:11.082+0800][3418.022s] GC(482) Using 8 workers of 8 for full compaction
[2022-03-13T03:49:11.082+0800][3418.022s] GC(481) Concurrent Clear Claimed Marks
[2022-03-13T03:49:11.082+0800][3418.022s] GC(481) Concurrent Clear Claimed Marks 0.027ms
[2022-03-13T03:49:11.082+0800][3418.022s] GC(481) Concurrent Scan Root Regions
[2022-03-13T03:49:11.082+0800][3418.022s] GC(481) Concurrent Scan Root Regions 0.010ms
[2022-03-13T03:49:11.082+0800][3418.022s] GC(481) Concurrent Mark
[2022-03-13T03:49:11.082+0800][3418.022s] GC(481) Concurrent Mark From Roots
[2022-03-13T03:49:11.082+0800][3418.022s] GC(481) Using 2 workers of 2 for marking
[2022-03-13T03:49:11.082+0800][3418.022s] GC(482) Pause Full (G1 Compaction Pause)
[2022-03-13T03:49:11.082+0800][3418.022s] GC(482) Phase 1: Mark live objects
[2022-03-13T03:49:11.261+0800][3418.201s] GC(482) Phase 1: Mark live objects 178.795ms
[2022-03-13T03:49:11.261+0800][3418.201s] GC(482) Phase 2: Prepare for compaction
[2022-03-13T03:49:11.262+0800][3418.202s] GC(482) Phase 2: Prepare for compaction 0.965ms
[2022-03-13T03:49:11.262+0800][3418.202s] GC(482) Phase 3: Adjust pointers
[2022-03-13T03:49:11.319+0800][3418.258s] GC(482) Phase 3: Adjust pointers 56.505ms
[2022-03-13T03:49:11.319+0800][3418.258s] GC(482) Phase 4: Compact heap
[2022-03-13T03:49:11.319+0800][3418.259s] GC(482) Phase 4: Compact heap 0.354ms
[2022-03-13T03:49:11.324+0800][3418.264s] GC(482) Eden regions: 0->0(25)
[2022-03-13T03:49:11.324+0800][3418.264s] GC(482) Survivor regions: 0->0(0)
[2022-03-13T03:49:11.324+0800][3418.264s] GC(482) Old regions: 467->467
[2022-03-13T03:49:11.324+0800][3418.264s] GC(482) Archive regions: 0->0
[2022-03-13T03:49:11.324+0800][3418.264s] GC(482) Humongous regions: 45->30
[2022-03-13T03:49:11.324+0800][3418.264s] GC(482) Metaspace: 53945K(54208K)->53945K(54208K) NonClass: 47713K(47872K)->47713K(47872K) Class: 6232K(6336K)->6232K(6336K)
[2022-03-13T03:49:11.324+0800][3418.264s] GC(482) Pause Full (G1 Compaction Pause) 510M->494M(512M) 242.496ms
[2022-03-13T03:49:11.325+0800][3418.265s] GC(482) User=1.56s Sys=0.02s Real=0.24s
[2022-03-13T03:49:11.325+0800][3418.265s] GC(481) Concurrent Mark From Roots 242.859ms
[2022-03-13T03:49:11.325+0800][3418.265s] GC(481) Concurrent Mark Abort
[2022-03-13T03:49:11.325+0800][3418.265s] GC(481) Concurrent Mark Cycle 243.014ms
[2022-03-13T03:49:11.783+0800][3418.723s] GC(483) Pause Young (Concurrent Start) (G1 Humongous Allocation)
[2022-03-13T03:49:11.783+0800][3418.723s] GC(483) Using 8 workers of 8 for evacuation
[2022-03-13T03:49:11.784+0800][3418.724s] GC(483)   Pre Evacuate Collection Set: 0.1ms
[2022-03-13T03:49:11.784+0800][3418.724s] GC(483)   Merge Heap Roots: 0.1ms
[2022-03-13T03:49:11.784+0800][3418.724s] GC(483)   Evacuate Collection Set: 0.4ms
[2022-03-13T03:49:11.784+0800][3418.724s] GC(483)   Post Evacuate Collection Set: 0.3ms
[2022-03-13T03:49:11.784+0800][3418.724s] GC(483)   Other: 0.1ms
[2022-03-13T03:49:11.784+0800][3418.724s] GC(483) Eden regions: 2->0(24)
[2022-03-13T03:49:11.784+0800][3418.724s] GC(483) Survivor regions: 0->1(4)
[2022-03-13T03:49:11.784+0800][3418.724s] GC(483) Old regions: 467->467
[2022-03-13T03:49:11.784+0800][3418.724s] GC(483) Archive regions: 0->0
[2022-03-13T03:49:11.784+0800][3418.724s] GC(483) Humongous regions: 30->30
[2022-03-13T03:49:11.784+0800][3418.724s] GC(483) Metaspace: 53945K(54208K)->53945K(54208K) NonClass: 47713K(47872K)->47713K(47872K) Class: 6232K(6336K)->6232K(6336K)
[2022-03-13T03:49:11.784+0800][3418.724s] GC(483) Pause Young (Concurrent Start) (G1 Humongous Allocation) 495M->494M(512M) 1.142ms
[2022-03-13T03:49:11.784+0800][3418.724s] GC(483) User=0.00s Sys=0.00s Real=0.00s
[2022-03-13T03:49:11.784+0800][3418.724s] GC(484) Concurrent Mark Cycle
[2022-03-13T03:49:11.784+0800][3418.724s] GC(484) Concurrent Clear Claimed Marks
[2022-03-13T03:49:11.784+0800][3418.724s] GC(484) Concurrent Clear Claimed Marks 0.013ms
[2022-03-13T03:49:11.784+0800][3418.724s] GC(484) Concurrent Scan Root Regions
[2022-03-13T03:49:11.784+0800][3418.724s] GC(484) Concurrent Scan Root Regions 0.462ms
[2022-03-13T03:49:11.784+0800][3418.724s] GC(485) Pause Young (Normal) (G1 Humongous Allocation)
[2022-03-13T03:49:11.784+0800][3418.724s] GC(484) Concurrent Mark
[2022-03-13T03:49:11.784+0800][3418.724s] GC(485) Using 8 workers of 8 for evacuation
[2022-03-13T03:49:11.784+0800][3418.724s] GC(484) Concurrent Mark From Roots
[2022-03-13T03:49:11.784+0800][3418.724s] GC(484) Using 2 workers of 2 for marking
[2022-03-13T03:49:11.786+0800][3418.725s] GC(485)   Pre Evacuate Collection Set: 0.6ms
[2022-03-13T03:49:11.786+0800][3418.725s] GC(485)   Merge Heap Roots: 0.1ms
[2022-03-13T03:49:11.786+0800][3418.725s] GC(485)   Evacuate Collection Set: 0.1ms
[2022-03-13T03:49:11.786+0800][3418.725s] GC(485)   Post Evacuate Collection Set: 0.2ms
[2022-03-13T03:49:11.786+0800][3418.725s] GC(485)   Other: 0.1ms
[2022-03-13T03:49:11.786+0800][3418.725s] GC(485) Eden regions: 1->0(24)
[2022-03-13T03:49:11.786+0800][3418.725s] GC(485) Survivor regions: 1->1(4)
[2022-03-13T03:49:11.786+0800][3418.725s] GC(485) Old regions: 467->467
[2022-03-13T03:49:11.786+0800][3418.725s] GC(485) Archive regions: 0->0
[2022-03-13T03:49:11.786+0800][3418.725s] GC(485) Humongous regions: 30->30
[2022-03-13T03:49:11.786+0800][3418.725s] GC(485) Metaspace: 53945K(54208K)->53945K(54208K) NonClass: 47713K(47872K)->47713K(47872K) Class: 6232K(6336K)->6232K(6336K)
[2022-03-13T03:49:11.786+0800][3418.725s] GC(485) Pause Young (Normal) (G1 Humongous Allocation) 494M->494M(512M) 0.701ms
[2022-03-13T03:49:11.786+0800][3418.725s] GC(485) User=0.00s Sys=0.00s Real=0.00s
[2022-03-13T03:49:11.786+0800][3418.725s] Attempting full compaction
[2022-03-13T03:49:11.786+0800][3418.725s] GC(486) Using 8 workers of 8 for full compaction
[2022-03-13T03:49:11.786+0800][3418.725s] GC(486) Pause Full (G1 Compaction Pause)
[2022-03-13T03:49:11.786+0800][3418.725s] GC(486) Phase 1: Mark live objects
[2022-03-13T03:49:11.962+0800][3418.902s] GC(486) Phase 1: Mark live objects 176.241ms
[2022-03-13T03:49:11.962+0800][3418.902s] GC(486) Phase 2: Prepare for compaction
[2022-03-13T03:49:11.963+0800][3418.902s] GC(486) Phase 2: Prepare for compaction 0.714ms
[2022-03-13T03:49:11.963+0800][3418.902s] GC(486) Phase 3: Adjust pointers
[2022-03-13T03:49:12.007+0800][3418.947s] GC(486) Phase 3: Adjust pointers 44.536ms
[2022-03-13T03:49:12.007+0800][3418.947s] GC(486) Phase 4: Compact heap
[2022-03-13T03:49:12.008+0800][3418.947s] GC(486) Phase 4: Compact heap 0.316ms
[2022-03-13T03:49:12.013+0800][3418.953s] GC(486) Eden regions: 0->0(25)
[2022-03-13T03:49:12.013+0800][3418.953s] GC(486) Survivor regions: 1->0(4)
[2022-03-13T03:49:12.013+0800][3418.953s] GC(486) Old regions: 467->468
[2022-03-13T03:49:12.013+0800][3418.953s] GC(486) Archive regions: 0->0
[2022-03-13T03:49:12.013+0800][3418.953s] GC(486) Humongous regions: 30->30
[2022-03-13T03:49:12.013+0800][3418.953s] GC(486) Metaspace: 53945K(54208K)->53945K(54208K) NonClass: 47713K(47872K)->47713K(47872K) Class: 6232K(6336K)->6232K(6336K)
[2022-03-13T03:49:12.013+0800][3418.953s] GC(486) Pause Full (G1 Compaction Pause) 494M->494M(512M) 227.688ms
[2022-03-13T03:49:12.013+0800][3418.953s] GC(486) User=1.59s Sys=0.00s Real=0.23s
[2022-03-13T03:49:12.013+0800][3418.953s] Attempting maximum full compaction clearing soft references
[2022-03-13T03:49:12.013+0800][3418.954s] GC(487) Using 8 workers of 8 for full compaction
[2022-03-13T03:49:12.014+0800][3418.954s] GC(487) Pause Full (G1 Compaction Pause)
[2022-03-13T03:49:12.014+0800][3418.954s] GC(487) Phase 1: Mark live objects
[2022-03-13T03:49:12.184+0800][3419.124s] GC(487) Phase 1: Mark live objects 170.362ms
[2022-03-13T03:49:12.184+0800][3419.124s] GC(487) Phase 2: Prepare for compaction
[2022-03-13T03:49:12.226+0800][3419.166s] GC(487) Phase 2: Prepare for compaction 41.575ms
[2022-03-13T03:49:12.226+0800][3419.166s] GC(487) Phase 3: Adjust pointers
[2022-03-13T03:49:12.283+0800][3419.222s] GC(487) Phase 3: Adjust pointers 56.308ms
[2022-03-13T03:49:12.283+0800][3419.222s] GC(487) Phase 4: Compact heap
[2022-03-13T03:49:12.318+0800][3419.258s] GC(487) Phase 4: Compact heap 36.053ms
[2022-03-13T03:49:12.323+0800][3419.263s] GC(487) Eden regions: 0->0(25)
[2022-03-13T03:49:12.323+0800][3419.264s] GC(487) Survivor regions: 0->0(4)
[2022-03-13T03:49:12.323+0800][3419.264s] GC(487) Old regions: 468->466
[2022-03-13T03:49:12.323+0800][3419.264s] GC(487) Archive regions: 0->0
[2022-03-13T03:49:12.323+0800][3419.264s] GC(487) Humongous regions: 30->30
[2022-03-13T03:49:12.323+0800][3419.264s] GC(487) Metaspace: 53945K(54208K)->53945K(54208K) NonClass: 47713K(47872K)->47713K(47872K) Class: 6232K(6336K)->6232K(6336K)
[2022-03-13T03:49:12.323+0800][3419.264s] GC(487) Pause Full (G1 Compaction Pause) 494M->494M(512M) 309.867ms
[2022-03-13T03:49:12.324+0800][3419.264s] GC(487) User=2.12s Sys=0.00s Real=0.31s
[2022-03-13T03:49:12.324+0800][3419.264s] GC(484) Concurrent Mark From Roots 540.010ms
[2022-03-13T03:49:12.324+0800][3419.264s] GC(484) Concurrent Mark Abort
[2022-03-13T03:49:12.324+0800][3419.264s] GC(484) Concurrent Mark Cycle 540.629ms
[2022-03-13T03:49:58.363+0800][3465.302s] GC(488) Pause Young (Normal) (G1 Preventive Collection)
[2022-03-13T03:49:58.363+0800][3465.302s] GC(488) Using 8 workers of 8 for evacuation
[2022-03-13T03:49:58.364+0800][3465.304s] GC(488)   Pre Evacuate Collection Set: 0.1ms
[2022-03-13T03:49:58.364+0800][3465.304s] GC(488)   Merge Heap Roots: 0.1ms
[2022-03-13T03:49:58.364+0800][3465.304s] GC(488)   Evacuate Collection Set: 0.6ms
[2022-03-13T03:49:58.364+0800][3465.304s] GC(488)   Post Evacuate Collection Set: 0.4ms
[2022-03-13T03:49:58.364+0800][3465.304s] GC(488)   Other: 0.3ms
[2022-03-13T03:49:58.364+0800][3465.304s] GC(488) Eden regions: 14->0(24)
[2022-03-13T03:49:58.364+0800][3465.304s] GC(488) Survivor regions: 0->1(2)
[2022-03-13T03:49:58.364+0800][3465.304s] GC(488) Old regions: 466->466
[2022-03-13T03:49:58.364+0800][3465.304s] GC(488) Archive regions: 0->0
[2022-03-13T03:49:58.364+0800][3465.304s] GC(488) Humongous regions: 30->30
[2022-03-13T03:49:58.364+0800][3465.304s] GC(488) Metaspace: 53958K(54272K)->53958K(54272K) NonClass: 47725K(47936K)->47725K(47936K) Class: 6232K(6336K)->6232K(6336K)
[2022-03-13T03:49:58.364+0800][3465.304s] GC(488) Pause Young (Normal) (G1 Preventive Collection) 508M->494M(512M) 1.918ms
[2022-03-13T03:49:58.365+0800][3465.304s] GC(488) User=0.00s Sys=0.00s Real=0.00s
[2022-03-13T03:49:58.556+0800][3465.496s] GC(489) Pause Young (Concurrent Start) (G1 Preventive Collection)
[2022-03-13T03:49:58.556+0800][3465.496s] GC(489) Using 8 workers of 8 for evacuation
[2022-03-13T03:49:58.558+0800][3465.497s] GC(489)   Pre Evacuate Collection Set: 0.1ms
[2022-03-13T03:49:58.558+0800][3465.498s] GC(489)   Merge Heap Roots: 0.1ms
[2022-03-13T03:49:58.558+0800][3465.498s] GC(489)   Evacuate Collection Set: 0.8ms
[2022-03-13T03:49:58.558+0800][3465.498s] GC(489)   Post Evacuate Collection Set: 0.5ms
[2022-03-13T03:49:58.558+0800][3465.498s] GC(489)   Other: 0.2ms
[2022-03-13T03:49:58.558+0800][3465.498s] GC(489) Eden regions: 13->0(24)
[2022-03-13T03:49:58.558+0800][3465.498s] GC(489) Survivor regions: 1->1(2)
[2022-03-13T03:49:58.558+0800][3465.498s] GC(489) Old regions: 466->466
[2022-03-13T03:49:58.558+0800][3465.498s] GC(489) Archive regions: 0->0
[2022-03-13T03:49:58.558+0800][3465.498s] GC(489) Humongous regions: 30->30
[2022-03-13T03:49:58.558+0800][3465.498s] GC(489) Metaspace: 53958K(54272K)->53958K(54272K) NonClass: 47725K(47936K)->47725K(47936K) Class: 6232K(6336K)->6232K(6336K)
[2022-03-13T03:49:58.558+0800][3465.498s] GC(489) Pause Young (Concurrent Start) (G1 Preventive Collection) 507M->494M(512M) 1.810ms
[2022-03-13T03:49:58.558+0800][3465.498s] GC(489) User=0.00s Sys=0.00s Real=0.00s
[2022-03-13T03:49:58.558+0800][3465.498s] GC(490) Concurrent Mark Cycle
[2022-03-13T03:49:58.559+0800][3465.498s] GC(490) Concurrent Clear Claimed Marks
[2022-03-13T03:49:58.559+0800][3465.498s] GC(490) Concurrent Clear Claimed Marks 0.053ms
[2022-03-13T03:49:58.559+0800][3465.498s] GC(490) Concurrent Scan Root Regions
[2022-03-13T03:49:58.560+0800][3465.499s] GC(490) Concurrent Scan Root Regions 1.113ms
[2022-03-13T03:49:58.560+0800][3465.499s] GC(490) Concurrent Mark
[2022-03-13T03:49:58.560+0800][3465.499s] GC(490) Concurrent Mark From Roots
[2022-03-13T03:49:58.560+0800][3465.499s] GC(490) Using 2 workers of 2 for marking
[2022-03-13T03:49:58.835+0800][3465.775s] GC(491) Pause Young (Normal) (G1 Preventive Collection)
[2022-03-13T03:49:58.835+0800][3465.775s] GC(491) Using 8 workers of 8 for evacuation
[2022-03-13T03:49:58.837+0800][3465.776s] GC(491)   Pre Evacuate Collection Set: 0.1ms
[2022-03-13T03:49:58.837+0800][3465.776s] GC(491)   Merge Heap Roots: 0.1ms
[2022-03-13T03:49:58.837+0800][3465.776s] GC(491)   Evacuate Collection Set: 0.8ms
[2022-03-13T03:49:58.837+0800][3465.776s] GC(491)   Post Evacuate Collection Set: 0.3ms
[2022-03-13T03:49:58.837+0800][3465.776s] GC(491)   Other: 0.2ms
[2022-03-13T03:49:58.837+0800][3465.776s] GC(491) Eden regions: 14->0(24)
[2022-03-13T03:49:58.837+0800][3465.776s] GC(491) Survivor regions: 1->1(1)
[2022-03-13T03:49:58.837+0800][3465.776s] GC(491) Old regions: 466->466
[2022-03-13T03:49:58.837+0800][3465.776s] GC(491) Archive regions: 0->0
[2022-03-13T03:49:58.837+0800][3465.776s] GC(491) Humongous regions: 30->30
[2022-03-13T03:49:58.837+0800][3465.776s] GC(491) Metaspace: 53958K(54272K)->53958K(54272K) NonClass: 47725K(47936K)->47725K(47936K) Class: 6232K(6336K)->6232K(6336K)
[2022-03-13T03:49:58.837+0800][3465.776s] GC(491) Pause Young (Normal) (G1 Preventive Collection) 508M->494M(512M) 1.698ms
[2022-03-13T03:49:58.837+0800][3465.776s] GC(491) User=0.00s Sys=0.00s Real=0.00s
[2022-03-13T03:49:59.079+0800][3466.019s] GC(492) Pause Young (Normal) (G1 Preventive Collection)
[2022-03-13T03:49:59.079+0800][3466.019s] GC(492) Using 8 workers of 8 for evacuation
[2022-03-13T03:49:59.081+0800][3466.021s] GC(492)   Pre Evacuate Collection Set: 0.1ms
[2022-03-13T03:49:59.081+0800][3466.021s] GC(492)   Merge Heap Roots: 0.1ms
[2022-03-13T03:49:59.081+0800][3466.021s] GC(492)   Evacuate Collection Set: 0.5ms
[2022-03-13T03:49:59.081+0800][3466.021s] GC(492)   Post Evacuate Collection Set: 0.4ms
[2022-03-13T03:49:59.081+0800][3466.021s] GC(492)   Other: 0.2ms
[2022-03-13T03:49:59.081+0800][3466.021s] GC(492) Eden regions: 14->0(24)
[2022-03-13T03:49:59.081+0800][3466.021s] GC(492) Survivor regions: 1->1(1)
[2022-03-13T03:49:59.081+0800][3466.021s] GC(492) Old regions: 466->466
[2022-03-13T03:49:59.081+0800][3466.021s] GC(492) Archive regions: 0->0
[2022-03-13T03:49:59.081+0800][3466.021s] GC(492) Humongous regions: 30->30
[2022-03-13T03:49:59.081+0800][3466.021s] GC(492) Metaspace: 53958K(54272K)->53958K(54272K) NonClass: 47725K(47936K)->47725K(47936K) Class: 6232K(6336K)->6232K(6336K)
[2022-03-13T03:49:59.081+0800][3466.021s] GC(492) Pause Young (Normal) (G1 Preventive Collection) 508M->494M(512M) 1.712ms
[2022-03-13T03:49:59.081+0800][3466.021s] GC(492) User=0.00s Sys=0.00s Real=0.00s
[2022-03-13T03:49:59.352+0800][3466.291s] GC(493) Pause Young (Normal) (G1 Preventive Collection)
[2022-03-13T03:49:59.352+0800][3466.291s] GC(493) Using 8 workers of 8 for evacuation
[2022-03-13T03:49:59.353+0800][3466.292s] GC(493)   Pre Evacuate Collection Set: 0.1ms
[2022-03-13T03:49:59.353+0800][3466.292s] GC(493)   Merge Heap Roots: 0.1ms
[2022-03-13T03:49:59.353+0800][3466.292s] GC(493)   Evacuate Collection Set: 0.6ms
[2022-03-13T03:49:59.353+0800][3466.292s] GC(493)   Post Evacuate Collection Set: 0.4ms
[2022-03-13T03:49:59.353+0800][3466.292s] GC(493)   Other: 0.2ms
[2022-03-13T03:49:59.353+0800][3466.292s] GC(493) Eden regions: 14->0(24)
[2022-03-13T03:49:59.353+0800][3466.293s] GC(493) Survivor regions: 1->1(1)
[2022-03-13T03:49:59.353+0800][3466.293s] GC(493) Old regions: 466->466
[2022-03-13T03:49:59.353+0800][3466.293s] GC(493) Archive regions: 0->0
[2022-03-13T03:49:59.353+0800][3466.293s] GC(493) Humongous regions: 30->30
[2022-03-13T03:49:59.353+0800][3466.293s] GC(493) Metaspace: 53958K(54272K)->53958K(54272K) NonClass: 47725K(47936K)->47725K(47936K) Class: 6232K(6336K)->6232K(6336K)
[2022-03-13T03:49:59.353+0800][3466.293s] GC(493) Pause Young (Normal) (G1 Preventive Collection) 508M->494M(512M) 1.509ms
[2022-03-13T03:49:59.353+0800][3466.293s] GC(493) User=0.00s Sys=0.00s Real=0.00s
[2022-03-13T03:49:59.600+0800][3466.540s] GC(490) Concurrent Mark From Roots 1040.608ms
[2022-03-13T03:49:59.600+0800][3466.540s] GC(490) Concurrent Preclean
[2022-03-13T03:49:59.601+0800][3466.540s] GC(490) Concurrent Preclean 0.417ms
[2022-03-13T03:49:59.601+0800][3466.541s] GC(490) Pause Remark
[2022-03-13T03:49:59.607+0800][3466.546s] GC(490) Pause Remark 506M->506M(512M) 5.405ms
[2022-03-13T03:49:59.607+0800][3466.546s] GC(490) User=0.08s Sys=0.02s Real=0.01s
[2022-03-13T03:49:59.607+0800][3466.546s] GC(490) Concurrent Mark 1047.058ms
[2022-03-13T03:49:59.607+0800][3466.546s] GC(490) Concurrent Rebuild Remembered Sets
[2022-03-13T03:49:59.631+0800][3466.571s] GC(494) Pause Young (Normal) (G1 Preventive Collection)
[2022-03-13T03:49:59.631+0800][3466.571s] GC(494) Using 8 workers of 8 for evacuation
[2022-03-13T03:49:59.633+0800][3466.572s] GC(494)   Pre Evacuate Collection Set: 0.1ms
[2022-03-13T03:49:59.633+0800][3466.572s] GC(494)   Merge Heap Roots: 0.0ms
[2022-03-13T03:49:59.633+0800][3466.572s] GC(494)   Evacuate Collection Set: 0.4ms
[2022-03-13T03:49:59.633+0800][3466.572s] GC(494)   Post Evacuate Collection Set: 0.3ms
[2022-03-13T03:49:59.633+0800][3466.572s] GC(494)   Other: 0.2ms
[2022-03-13T03:49:59.633+0800][3466.572s] GC(494) Eden regions: 14->0(24)
[2022-03-13T03:49:59.633+0800][3466.572s] GC(494) Survivor regions: 1->1(1)
[2022-03-13T03:49:59.633+0800][3466.572s] GC(494) Old regions: 466->466
[2022-03-13T03:49:59.633+0800][3466.572s] GC(494) Archive regions: 0->0
[2022-03-13T03:49:59.633+0800][3466.572s] GC(494) Humongous regions: 30->30
[2022-03-13T03:49:59.633+0800][3466.572s] GC(494) Metaspace: 53958K(54272K)->53958K(54272K) NonClass: 47725K(47936K)->47725K(47936K) Class: 6232K(6336K)->6232K(6336K)
[2022-03-13T03:49:59.633+0800][3466.572s] GC(494) Pause Young (Normal) (G1 Preventive Collection) 508M->494M(512M) 1.198ms
[2022-03-13T03:49:59.633+0800][3466.572s] GC(494) User=0.00s Sys=0.00s Real=0.00s
[2022-03-13T03:49:59.876+0800][3466.815s] GC(495) Pause Young (Normal) (G1 Preventive Collection)
[2022-03-13T03:49:59.876+0800][3466.816s] GC(495) Using 8 workers of 8 for evacuation
[2022-03-13T03:49:59.877+0800][3466.817s] GC(495)   Pre Evacuate Collection Set: 0.1ms
[2022-03-13T03:49:59.877+0800][3466.817s] GC(495)   Merge Heap Roots: 0.0ms
[2022-03-13T03:49:59.877+0800][3466.817s] GC(495)   Evacuate Collection Set: 0.4ms
[2022-03-13T03:49:59.877+0800][3466.817s] GC(495)   Post Evacuate Collection Set: 0.3ms
[2022-03-13T03:49:59.877+0800][3466.817s] GC(495)   Other: 0.3ms
[2022-03-13T03:49:59.877+0800][3466.817s] GC(495) Eden regions: 14->0(24)
[2022-03-13T03:49:59.877+0800][3466.817s] GC(495) Survivor regions: 1->1(1)
[2022-03-13T03:49:59.877+0800][3466.817s] GC(495) Old regions: 466->466
[2022-03-13T03:49:59.877+0800][3466.817s] GC(495) Archive regions: 0->0
[2022-03-13T03:49:59.877+0800][3466.817s] GC(495) Humongous regions: 30->30
[2022-03-13T03:49:59.877+0800][3466.817s] GC(495) Metaspace: 53958K(54272K)->53958K(54272K) NonClass: 47725K(47936K)->47725K(47936K) Class: 6232K(6336K)->6232K(6336K)
[2022-03-13T03:49:59.877+0800][3466.817s] GC(495) Pause Young (Normal) (G1 Preventive Collection) 508M->494M(512M) 1.493ms
[2022-03-13T03:49:59.877+0800][3466.817s] GC(495) User=0.00s Sys=0.00s Real=0.00s
[2022-03-13T03:50:00.054+0800][3466.993s] GC(490) Concurrent Rebuild Remembered Sets 446.713ms
[2022-03-13T03:50:00.054+0800][3466.993s] GC(490) Pause Cleanup
[2022-03-13T03:50:00.054+0800][3466.993s] GC(490) Pause Cleanup 504M->504M(512M) 0.190ms
[2022-03-13T03:50:00.054+0800][3466.993s] GC(490) User=0.00s Sys=0.00s Real=0.00s
[2022-03-13T03:50:00.054+0800][3466.993s] GC(490) Concurrent Cleanup for Next Mark
[2022-03-13T03:50:00.055+0800][3466.994s] GC(490) Concurrent Cleanup for Next Mark 0.963ms
[2022-03-13T03:50:00.055+0800][3466.994s] GC(490) Concurrent Mark Cycle 1496.629ms
[2022-03-13T03:50:00.126+0800][3467.066s] GC(496) Pause Young (Normal) (G1 Preventive Collection)
[2022-03-13T03:50:00.126+0800][3467.066s] GC(496) Using 8 workers of 8 for evacuation
[2022-03-13T03:50:00.127+0800][3467.067s] GC(496)   Pre Evacuate Collection Set: 0.1ms
[2022-03-13T03:50:00.127+0800][3467.067s] GC(496)   Merge Heap Roots: 0.0ms
[2022-03-13T03:50:00.127+0800][3467.067s] GC(496)   Evacuate Collection Set: 0.4ms
[2022-03-13T03:50:00.127+0800][3467.067s] GC(496)   Post Evacuate Collection Set: 0.3ms
[2022-03-13T03:50:00.127+0800][3467.067s] GC(496)   Other: 0.2ms
[2022-03-13T03:50:00.127+0800][3467.067s] GC(496) Eden regions: 14->0(24)
[2022-03-13T03:50:00.127+0800][3467.067s] GC(496) Survivor regions: 1->1(1)
[2022-03-13T03:50:00.127+0800][3467.067s] GC(496) Old regions: 466->466
[2022-03-13T03:50:00.127+0800][3467.067s] GC(496) Archive regions: 0->0
[2022-03-13T03:50:00.127+0800][3467.067s] GC(496) Humongous regions: 30->30
[2022-03-13T03:50:00.127+0800][3467.067s] GC(496) Metaspace: 53958K(54272K)->53958K(54272K) NonClass: 47725K(47936K)->47725K(47936K) Class: 6232K(6336K)->6232K(6336K)
[2022-03-13T03:50:00.128+0800][3467.067s] GC(496) Pause Young (Normal) (G1 Preventive Collection) 508M->494M(512M) 1.143ms
[2022-03-13T03:50:00.128+0800][3467.067s] GC(496) User=0.00s Sys=0.00s Real=0.00s
[2022-03-13T03:50:00.328+0800][3467.268s] GC(497) Pause Young (Concurrent Start) (G1 Preventive Collection)
[2022-03-13T03:50:00.328+0800][3467.268s] GC(497) Using 8 workers of 8 for evacuation
[2022-03-13T03:50:00.331+0800][3467.270s] GC(497)   Pre Evacuate Collection Set: 0.1ms
[2022-03-13T03:50:00.331+0800][3467.270s] GC(497)   Merge Heap Roots: 0.1ms
[2022-03-13T03:50:00.331+0800][3467.270s] GC(497)   Evacuate Collection Set: 1.1ms
[2022-03-13T03:50:00.331+0800][3467.270s] GC(497)   Post Evacuate Collection Set: 0.5ms
[2022-03-13T03:50:00.331+0800][3467.270s] GC(497)   Other: 0.2ms
[2022-03-13T03:50:00.331+0800][3467.270s] GC(497) Eden regions: 14->0(24)
[2022-03-13T03:50:00.331+0800][3467.270s] GC(497) Survivor regions: 1->1(1)
[2022-03-13T03:50:00.331+0800][3467.270s] GC(497) Old regions: 466->466
[2022-03-13T03:50:00.331+0800][3467.270s] GC(497) Archive regions: 0->0
[2022-03-13T03:50:00.331+0800][3467.270s] GC(497) Humongous regions: 30->30
[2022-03-13T03:50:00.331+0800][3467.270s] GC(497) Metaspace: 53958K(54272K)->53958K(54272K) NonClass: 47725K(47936K)->47725K(47936K) Class: 6232K(6336K)->6232K(6336K)
[2022-03-13T03:50:00.331+0800][3467.270s] GC(497) Pause Young (Concurrent Start) (G1 Preventive Collection) 508M->494M(512M) 2.493ms
[2022-03-13T03:50:00.331+0800][3467.270s] GC(497) User=0.00s Sys=0.00s Real=0.00s
[2022-03-13T03:50:00.331+0800][3467.271s] GC(498) Concurrent Mark Cycle
[2022-03-13T03:50:00.331+0800][3467.271s] GC(498) Concurrent Clear Claimed Marks
[2022-03-13T03:50:00.331+0800][3467.271s] GC(498) Concurrent Clear Claimed Marks 0.046ms
[2022-03-13T03:50:00.331+0800][3467.271s] GC(498) Concurrent Scan Root Regions
[2022-03-13T03:50:00.333+0800][3467.273s] GC(498) Concurrent Scan Root Regions 2.413ms
[2022-03-13T03:50:00.333+0800][3467.273s] GC(498) Concurrent Mark
[2022-03-13T03:50:00.333+0800][3467.273s] GC(498) Concurrent Mark From Roots
[2022-03-13T03:50:00.333+0800][3467.273s] GC(498) Using 2 workers of 2 for marking
[2022-03-13T03:50:00.591+0800][3467.531s] GC(499) Pause Young (Normal) (G1 Preventive Collection)
[2022-03-13T03:50:00.591+0800][3467.531s] GC(499) Using 8 workers of 8 for evacuation
[2022-03-13T03:50:00.593+0800][3467.532s] GC(499)   Pre Evacuate Collection Set: 0.1ms
[2022-03-13T03:50:00.593+0800][3467.532s] GC(499)   Merge Heap Roots: 0.1ms
[2022-03-13T03:50:00.593+0800][3467.532s] GC(499)   Evacuate Collection Set: 0.6ms
[2022-03-13T03:50:00.593+0800][3467.532s] GC(499)   Post Evacuate Collection Set: 0.3ms
[2022-03-13T03:50:00.593+0800][3467.533s] GC(499)   Other: 0.2ms
[2022-03-13T03:50:00.593+0800][3467.533s] GC(499) Eden regions: 14->0(24)
[2022-03-13T03:50:00.593+0800][3467.533s] GC(499) Survivor regions: 1->1(1)
[2022-03-13T03:50:00.593+0800][3467.533s] GC(499) Old regions: 466->466
[2022-03-13T03:50:00.593+0800][3467.533s] GC(499) Archive regions: 0->0
[2022-03-13T03:50:00.593+0800][3467.533s] GC(499) Humongous regions: 30->30
[2022-03-13T03:50:00.593+0800][3467.533s] GC(499) Metaspace: 53958K(54272K)->53958K(54272K) NonClass: 47725K(47936K)->47725K(47936K) Class: 6232K(6336K)->6232K(6336K)
[2022-03-13T03:50:00.593+0800][3467.533s] GC(499) Pause Young (Normal) (G1 Preventive Collection) 508M->494M(512M) 1.470ms
[2022-03-13T03:50:00.593+0800][3467.533s] GC(499) User=0.00s Sys=0.00s Real=0.00s
[2022-03-13T03:50:00.859+0800][3467.799s] GC(500) Pause Young (Normal) (G1 Preventive Collection)
[2022-03-13T03:50:00.859+0800][3467.799s] GC(500) Using 8 workers of 8 for evacuation
[2022-03-13T03:50:00.861+0800][3467.800s] GC(500)   Pre Evacuate Collection Set: 0.1ms
[2022-03-13T03:50:00.861+0800][3467.800s] GC(500)   Merge Heap Roots: 0.1ms
[2022-03-13T03:50:00.861+0800][3467.800s] GC(500)   Evacuate Collection Set: 0.4ms
[2022-03-13T03:50:00.861+0800][3467.800s] GC(500)   Post Evacuate Collection Set: 0.3ms
[2022-03-13T03:50:00.861+0800][3467.800s] GC(500)   Other: 0.3ms
[2022-03-13T03:50:00.861+0800][3467.800s] GC(500) Eden regions: 14->0(24)
[2022-03-13T03:50:00.861+0800][3467.800s] GC(500) Survivor regions: 1->1(1)
[2022-03-13T03:50:00.861+0800][3467.800s] GC(500) Old regions: 466->466
[2022-03-13T03:50:00.861+0800][3467.800s] GC(500) Archive regions: 0->0
[2022-03-13T03:50:00.861+0800][3467.800s] GC(500) Humongous regions: 30->30
[2022-03-13T03:50:00.861+0800][3467.801s] GC(500) Metaspace: 53958K(54272K)->53958K(54272K) NonClass: 47725K(47936K)->47725K(47936K) Class: 6232K(6336K)->6232K(6336K)
[2022-03-13T03:50:00.861+0800][3467.801s] GC(500) Pause Young (Normal) (G1 Preventive Collection) 508M->494M(512M) 1.507ms
[2022-03-13T03:50:00.861+0800][3467.801s] GC(500) User=0.00s Sys=0.00s Real=0.00s
[2022-03-13T03:50:01.087+0800][3468.027s] GC(501) Pause Young (Normal) (G1 Preventive Collection)
[2022-03-13T03:50:01.087+0800][3468.027s] GC(501) Using 8 workers of 8 for evacuation
[2022-03-13T03:50:01.089+0800][3468.028s] GC(501)   Pre Evacuate Collection Set: 0.1ms
[2022-03-13T03:50:01.089+0800][3468.028s] GC(501)   Merge Heap Roots: 0.1ms
[2022-03-13T03:50:01.089+0800][3468.028s] GC(501)   Evacuate Collection Set: 0.4ms
[2022-03-13T03:50:01.089+0800][3468.028s] GC(501)   Post Evacuate Collection Set: 0.3ms
[2022-03-13T03:50:01.089+0800][3468.028s] GC(501)   Other: 0.2ms
[2022-03-13T03:50:01.089+0800][3468.028s] GC(501) Eden regions: 14->0(24)
[2022-03-13T03:50:01.089+0800][3468.028s] GC(501) Survivor regions: 1->1(1)
[2022-03-13T03:50:01.089+0800][3468.028s] GC(501) Old regions: 466->466
[2022-03-13T03:50:01.089+0800][3468.028s] GC(501) Archive regions: 0->0
[2022-03-13T03:50:01.089+0800][3468.028s] GC(501) Humongous regions: 30->30
[2022-03-13T03:50:01.089+0800][3468.028s] GC(501) Metaspace: 53958K(54272K)->53958K(54272K) NonClass: 47725K(47936K)->47725K(47936K) Class: 6232K(6336K)->6232K(6336K)
[2022-03-13T03:50:01.089+0800][3468.028s] GC(501) Pause Young (Normal) (G1 Preventive Collection) 508M->494M(512M) 1.360ms
[2022-03-13T03:50:01.089+0800][3468.028s] GC(501) User=0.00s Sys=0.00s Real=0.00s
[2022-03-13T03:50:01.265+0800][3468.204s] GC(498) Concurrent Mark From Roots 931.150ms
[2022-03-13T03:50:01.265+0800][3468.204s] GC(498) Concurrent Preclean
[2022-03-13T03:50:01.265+0800][3468.205s] GC(498) Concurrent Preclean 0.165ms
[2022-03-13T03:50:01.265+0800][3468.205s] GC(498) Pause Remark
[2022-03-13T03:50:01.271+0800][3468.210s] GC(498) Pause Remark 506M->506M(512M) 5.222ms
[2022-03-13T03:50:01.271+0800][3468.210s] GC(498) User=0.00s Sys=0.00s Real=0.01s
[2022-03-13T03:50:01.271+0800][3468.210s] GC(498) Concurrent Mark 936.913ms
[2022-03-13T03:50:01.271+0800][3468.210s] GC(498) Concurrent Rebuild Remembered Sets
[2022-03-13T03:50:01.305+0800][3468.244s] GC(502) Pause Young (Normal) (G1 Preventive Collection)
[2022-03-13T03:50:01.305+0800][3468.244s] GC(502) Using 8 workers of 8 for evacuation
[2022-03-13T03:50:01.306+0800][3468.246s] GC(502)   Pre Evacuate Collection Set: 0.2ms
[2022-03-13T03:50:01.306+0800][3468.246s] GC(502)   Merge Heap Roots: 0.1ms
[2022-03-13T03:50:01.306+0800][3468.246s] GC(502)   Evacuate Collection Set: 0.6ms
[2022-03-13T03:50:01.306+0800][3468.246s] GC(502)   Post Evacuate Collection Set: 0.5ms
[2022-03-13T03:50:01.306+0800][3468.246s] GC(502)   Other: 0.4ms
[2022-03-13T03:50:01.306+0800][3468.246s] GC(502) Eden regions: 14->0(24)
[2022-03-13T03:50:01.306+0800][3468.246s] GC(502) Survivor regions: 1->1(1)
[2022-03-13T03:50:01.307+0800][3468.246s] GC(502) Old regions: 466->466
[2022-03-13T03:50:01.307+0800][3468.246s] GC(502) Archive regions: 0->0
[2022-03-13T03:50:01.307+0800][3468.246s] GC(502) Humongous regions: 30->30
[2022-03-13T03:50:01.307+0800][3468.246s] GC(502) Metaspace: 53958K(54272K)->53958K(54272K) NonClass: 47725K(47936K)->47725K(47936K) Class: 6232K(6336K)->6232K(6336K)
[2022-03-13T03:50:01.307+0800][3468.246s] GC(502) Pause Young (Normal) (G1 Preventive Collection) 508M->494M(512M) 1.923ms
[2022-03-13T03:50:01.307+0800][3468.246s] GC(502) User=0.00s Sys=0.00s Real=0.00s
[2022-03-13T03:50:01.554+0800][3468.493s] GC(503) Pause Young (Normal) (G1 Preventive Collection)
[2022-03-13T03:50:01.554+0800][3468.493s] GC(503) Using 8 workers of 8 for evacuation
[2022-03-13T03:50:01.555+0800][3468.494s] GC(503)   Pre Evacuate Collection Set: 0.1ms
[2022-03-13T03:50:01.555+0800][3468.494s] GC(503)   Merge Heap Roots: 0.0ms
[2022-03-13T03:50:01.555+0800][3468.494s] GC(503)   Evacuate Collection Set: 0.4ms
[2022-03-13T03:50:01.555+0800][3468.494s] GC(503)   Post Evacuate Collection Set: 0.3ms
[2022-03-13T03:50:01.555+0800][3468.494s] GC(503)   Other: 0.2ms
[2022-03-13T03:50:01.555+0800][3468.494s] GC(503) Eden regions: 14->0(24)
[2022-03-13T03:50:01.555+0800][3468.494s] GC(503) Survivor regions: 1->1(1)
[2022-03-13T03:50:01.555+0800][3468.494s] GC(503) Old regions: 466->466
[2022-03-13T03:50:01.555+0800][3468.494s] GC(503) Archive regions: 0->0
[2022-03-13T03:50:01.555+0800][3468.494s] GC(503) Humongous regions: 30->30
[2022-03-13T03:50:01.555+0800][3468.494s] GC(503) Metaspace: 53958K(54272K)->53958K(54272K) NonClass: 47725K(47936K)->47725K(47936K) Class: 6232K(6336K)->6232K(6336K)
[2022-03-13T03:50:01.555+0800][3468.494s] GC(503) Pause Young (Normal) (G1 Preventive Collection) 508M->494M(512M) 1.207ms
[2022-03-13T03:50:01.555+0800][3468.494s] GC(503) User=0.00s Sys=0.00s Real=0.00s
[2022-03-13T03:50:01.715+0800][3468.654s] GC(498) Concurrent Rebuild Remembered Sets 444.384ms
[2022-03-13T03:50:01.715+0800][3468.655s] GC(498) Pause Cleanup
[2022-03-13T03:50:01.715+0800][3468.655s] GC(498) Pause Cleanup 501M->501M(512M) 0.269ms
[2022-03-13T03:50:01.715+0800][3468.655s] GC(498) User=0.00s Sys=0.00s Real=0.00s
[2022-03-13T03:50:01.715+0800][3468.655s] GC(498) Concurrent Cleanup for Next Mark
[2022-03-13T03:50:01.717+0800][3468.656s] GC(498) Concurrent Cleanup for Next Mark 1.401ms
[2022-03-13T03:50:01.717+0800][3468.656s] GC(498) Concurrent Mark Cycle 1385.919ms
[2022-03-13T03:51:50.002+0800][3576.942s] Heap
[2022-03-13T03:51:50.003+0800][3576.942s]  garbage-first heap   total 524288K, used 518586K [0x00000000e0000000, 0x0000000100000000)
[2022-03-13T03:51:50.003+0800][3576.942s]   region size 1024K, 13 young (13312K), 1 survivors (1024K)
[2022-03-13T03:51:50.003+0800][3576.942s]  Metaspace       used 54201K, committed 54592K, reserved 1097728K
[2022-03-13T03:51:50.003+0800][3576.942s]   class space    used 6262K, committed 6464K, reserved 1048576K
